L 08/08/2026 - 22:58:36: SourceMod error session started
L 08/08/2026 - 22:58:36: Info (map "c1m2_streets") (file "d:\steamlibrary\steamapps\common\left 4 dead 2\left4dead2\addons\sourcemod\logs\errors_20260808.log")
L 08/08/2026 - 22:58:36: [SM] Failed to load plugin "cannounce.smx": Get a dedicated server. This plugin does not work on Listen servers..
L 08/08/2026 - 22:58:36: [SM] Failed to load plugin "LMCL4D1CDeathHandler.smx": Plugin only supports Left 4 Dead.
L 08/08/2026 - 22:58:36: [SM] Failed to load plugin "LMCL4D1SetTransmit.smx": Plugin only supports Left 4 Dead.
L 08/08/2026 - 22:58:36: [SM] Failed to load plugin "LMC_L4D1_Menu_Choosing.smx": Plugin only supports Left 4 Dead.
L 08/08/2026 - 22:58:36: [SM] Failed to load plugin "LMC_L4D1_RandomSpawns.smx": Plugin only supports Left 4 Dead.
L 08/08/2026 - 22:58:36: [SM] Failed to load plugin "nextmap.smx": Nextmap is incompatible with this game.
L 08/08/2026 - 22:58:37: [SM] Failed to load plugin "[L4D2] Left4dhooks.smx": 
====================
This plugin replaces Left4Downtown. Delete the extension to run.
====================.
L 08/08/2026 - 22:58:37: [SM] Fatal error encountered parsing translation file "l4d_nth.phrases.txt"
L 08/08/2026 - 22:58:37: [SM] Error (line 0, column 0): Stream failed to open
L 08/08/2026 - 22:58:37: [SM] Fatal error encountered parsing translation file "chargersteering.phrases.txt"
L 08/08/2026 - 22:58:37: [SM] Error (line 0, column 0): Stream failed to open
L 08/08/2026 - 22:58:37: [l4d2_publicity.smx] [Publicity] No se encontraron mensajes en el archivo de configuración
L 08/08/2026 - 22:58:37: [l4d2_tank_core v4_7.smx] No se pudo cargar la firma Fling desde el GameData.
L 08/08/2026 - 22:58:38: [SM] Unable to load plugin "lilac_by_l4d2.smx": Native "IRC_MsgFlaggedChannels" was not found
L 08/08/2026 - 22:58:44: [l4d2_publicity.smx] [Publicity] No se encontraron mensajes en el archivo de configuración
L 08/08/2026 - 22:58:44: [SM] Exception reported: Array index out-of-bounds (index 12, limit 12)
L 08/08/2026 - 22:58:44: [SM] Blaming: l4d2_tank_props_rock_v3.smx
L 08/08/2026 - 22:58:44: [SM] Call stack trace:
L 08/08/2026 - 22:58:44: [SM]   [1] Line 142, D:\SteamLibrary\steamapps\common\Left 4 Dead 2\left4dead2\addons\sourcemod\scripting\l4d2_tank_props_rock_v3.sp::OnMapStart
L 08/08/2026 - 23:00:20: [SM] Exception reported: Array index out-of-bounds (index 15, limit 12)
L 08/08/2026 - 23:00:20: [SM] Blaming: l4d2_tank_props_rock_v3.smx
L 08/08/2026 - 23:00:20: [SM] Call stack trace:
L 08/08/2026 - 23:00:20: [SM]   [1] Line 222, D:\SteamLibrary\steamapps\common\Left 4 Dead 2\left4dead2\addons\sourcemod\scripting\l4d2_tank_props_rock_v3.sp::Throw
L 08/08/2026 - 23:00:21: [SM] Exception reported: Array index out-of-bounds (index 12, limit 12)
L 08/08/2026 - 23:00:21: [SM] Blaming: l4d2_tank_props_rock_v3.smx
L 08/08/2026 - 23:00:21: [SM] Call stack trace:
L 08/08/2026 - 23:00:21: [SM]   [1] Line 222, D:\SteamLibrary\steamapps\common\Left 4 Dead 2\left4dead2\addons\sourcemod\scripting\l4d2_tank_props_rock_v3.sp::Throw
L 08/08/2026 - 23:00:21: [SM] Exception reported: Array index out-of-bounds (index 13, limit 12)
L 08/08/2026 - 23:00:21: [SM] Blaming: l4d2_tank_props_rock_v3.smx
L 08/08/2026 - 23:00:21: [SM] Call stack trace:
L 08/08/2026 - 23:00:21: [SM]   [1] Line 222, D:\SteamLibrary\steamapps\common\Left 4 Dead 2\left4dead2\addons\sourcemod\scripting\l4d2_tank_props_rock_v3.sp::Throw
L 08/08/2026 - 23:00:21: [SM] Exception reported: Array index out-of-bounds (index 13, limit 12)
L 08/08/2026 - 23:00:21: [SM] Blaming: l4d2_tank_props_rock_v3.smx
L 08/08/2026 - 23:00:21: [SM] Call stack trace:
L 08/08/2026 - 23:00:21: [SM]   [1] Line 222, D:\SteamLibrary\steamapps\common\Left 4 Dead 2\left4dead2\addons\sourcemod\scripting\l4d2_tank_props_rock_v3.sp::Throw
L 08/08/2026 - 23:01:53: [SM] Exception reported: Array index out-of-bounds (index 15, limit 12)
L 08/08/2026 - 23:01:53: [SM] Blaming: l4d2_tank_props_rock_v3.smx
L 08/08/2026 - 23:01:53: [SM] Call stack trace:
L 08/08/2026 - 23:01:53: [SM]   [1] Line 222, D:\SteamLibrary\steamapps\common\Left 4 Dead 2\left4dead2\addons\sourcemod\scripting\l4d2_tank_props_rock_v3.sp::Throw
L 08/08/2026 - 23:04:31: [SM] Exception reported: Array index out-of-bounds (index 12, limit 12)
L 08/08/2026 - 23:04:31: [SM] Blaming: l4d2_tank_props_rock_v3.smx
L 08/08/2026 - 23:04:31: [SM] Call stack trace:
L 08/08/2026 - 23:04:31: [SM]   [1] Line 222, D:\SteamLibrary\steamapps\common\Left 4 Dead 2\left4dead2\addons\sourcemod\scripting\l4d2_tank_props_rock_v3.sp::Throw
L 08/08/2026 - 23:06:03: Error log file session closed.
L 08/08/2026 - 23:06:03: SourceMod error session started
L 08/08/2026 - 23:06:03: Info (map "c2m1_highway") (file "d:\steamlibrary\steamapps\common\left 4 dead 2\left4dead2\addons\sourcemod\logs\errors_20260808.log")
L 08/08/2026 - 23:06:03: [SM] Fatal error encountered parsing translation file "l4d_nth.phrases.txt"
L 08/08/2026 - 23:06:03: [SM] Error (line 0, column 0): Stream failed to open
L 08/08/2026 - 23:06:03: [SM] Fatal error encountered parsing translation file "chargersteering.phrases.txt"
L 08/08/2026 - 23:06:03: [SM] Error (line 0, column 0): Stream failed to open
L 08/08/2026 - 23:06:05: [l4d2_publicity.smx] [Publicity] No se encontraron mensajes en el archivo de configuración
L 08/08/2026 - 23:06:05: [SM] Exception reported: Array index out-of-bounds (index 12, limit 12)
L 08/08/2026 - 23:06:05: [SM] Blaming: l4d2_tank_props_rock_v3.smx
L 08/08/2026 - 23:06:05: [SM] Call stack trace:
L 08/08/2026 - 23:06:05: [SM]   [1] Line 142, D:\SteamLibrary\steamapps\common\Left 4 Dead 2\left4dead2\addons\sourcemod\scripting\l4d2_tank_props_rock_v3.sp::OnMapStart
L 08/08/2026 - 23:09:56: [SM] Exception reported: Array index out-of-bounds (index 13, limit 12)
L 08/08/2026 - 23:09:56: [SM] Blaming: l4d2_tank_props_rock_v3.smx
L 08/08/2026 - 23:09:56: [SM] Call stack trace:
L 08/08/2026 - 23:09:56: [SM]   [1] Line 222, D:\SteamLibrary\steamapps\common\Left 4 Dead 2\left4dead2\addons\sourcemod\scripting\l4d2_tank_props_rock_v3.sp::Throw
L 08/08/2026 - 23:11:13: [SM] Exception reported: Array index out-of-bounds (index 15, limit 12)
L 08/08/2026 - 23:11:13: [SM] Blaming: l4d2_tank_props_rock_v3.smx
L 08/08/2026 - 23:11:13: [SM] Call stack trace:
L 08/08/2026 - 23:11:13: [SM]   [1] Line 222, D:\SteamLibrary\steamapps\common\Left 4 Dead 2\left4dead2\addons\sourcemod\scripting\l4d2_tank_props_rock_v3.sp::Throw
L 08/08/2026 - 23:11:13: [SM] Exception reported: Array index out-of-bounds (index 13, limit 12)
L 08/08/2026 - 23:11:13: [SM] Blaming: l4d2_tank_props_rock_v3.smx
L 08/08/2026 - 23:11:13: [SM] Call stack trace:
L 08/08/2026 - 23:11:13: [SM]   [1] Line 222, D:\SteamLibrary\steamapps\common\Left 4 Dead 2\left4dead2\addons\sourcemod\scripting\l4d2_tank_props_rock_v3.sp::Throw
L 08/08/2026 - 23:11:32: [SM] Exception reported: Array index out-of-bounds (index 12, limit 12)
L 08/08/2026 - 23:11:32: [SM] Blaming: l4d2_tank_props_rock_v3.smx
L 08/08/2026 - 23:11:32: [SM] Call stack trace:
L 08/08/2026 - 23:11:32: [SM]   [1] Line 222, D:\SteamLibrary\steamapps\common\Left 4 Dead 2\left4dead2\addons\sourcemod\scripting\l4d2_tank_props_rock_v3.sp::Throw
L 08/08/2026 - 23:11:33: [SM] Exception reported: Array index out-of-bounds (index 13, limit 12)
L 08/08/2026 - 23:11:33: [SM] Blaming: l4d2_tank_props_rock_v3.smx
L 08/08/2026 - 23:11:33: [SM] Call stack trace:
L 08/08/2026 - 23:11:33: [SM]   [1] Line 222, D:\SteamLibrary\steamapps\common\Left 4 Dead 2\left4dead2\addons\sourcemod\scripting\l4d2_tank_props_rock_v3.sp::Throw
L 08/08/2026 - 23:11:33: [SM] Exception reported: Property "m_vecAngularVelocity" not found (entity 301/weapon_smg_silenced)
L 08/08/2026 - 23:11:33: [SM] Blaming: l4d2_tank_core v4_7.smx
L 08/08/2026 - 23:11:33: [SM] Call stack trace:
L 08/08/2026 - 23:11:33: [SM]   [0] SetEntPropVector
L 08/08/2026 - 23:11:33: [SM]   [1] Line 597, D:\SteamLibrary\steamapps\common\Left 4 Dead 2\left4dead2\addons\sourcemod\scripting\l4d2_tank_core v4_7.sp::DropItemsPhysically
L 08/08/2026 - 23:11:33: [SM]   [2] Line 516, D:\SteamLibrary\steamapps\common\Left 4 Dead 2\left4dead2\addons\sourcemod\scripting\l4d2_tank_core v4_7.sp::Event_PlayerHurt
L 08/08/2026 - 23:12:13: [SM] Exception reported: Array index out-of-bounds (index 12, limit 12)
L 08/08/2026 - 23:12:13: [SM] Blaming: l4d2_tank_props_rock_v3.smx
L 08/08/2026 - 23:12:13: [SM] Call stack trace:
L 08/08/2026 - 23:12:13: [SM]   [1] Line 222, D:\SteamLibrary\steamapps\common\Left 4 Dead 2\left4dead2\addons\sourcemod\scripting\l4d2_tank_props_rock_v3.sp::Throw
L 08/08/2026 - 23:12:13: [SM] Exception reported: Array index out-of-bounds (index 15, limit 12)
L 08/08/2026 - 23:12:13: [SM] Blaming: l4d2_tank_props_rock_v3.smx
L 08/08/2026 - 23:12:13: [SM] Call stack trace:
L 08/08/2026 - 23:12:13: [SM]   [1] Line 222, D:\SteamLibrary\steamapps\common\Left 4 Dead 2\left4dead2\addons\sourcemod\scripting\l4d2_tank_props_rock_v3.sp::Throw
L 08/08/2026 - 23:14:01: [SM] Exception reported: Language phrase "Please wait to be revived or rescued" not found (arg 6)
L 08/08/2026 - 23:14:01: [SM] Blaming: l4dmultislots.smx
L 08/08/2026 - 23:14:01: [SM] Call stack trace:
L 08/08/2026 - 23:14:01: [SM]   [0] PrintToChat
L 08/08/2026 - 23:14:01: [SM]   [1] Line 953, d:\Github\Private-Work\L4D2-插件\scripting_1.11\l4dmultislots.sp::Timer_SpecCheck
L 08/08/2026 - 23:14:23: [SM] Exception reported: Invalid timer handle 24b00568 (error 3)
L 08/08/2026 - 23:14:23: [SM] Blaming: l4d2_playerjoining_v3.smx
L 08/08/2026 - 23:14:23: [SM] Call stack trace:
L 08/08/2026 - 23:14:23: [SM]   [0] KillTimer
L 08/08/2026 - 23:14:23: [SM]   [1] Line 56, D:\SteamLibrary\steamapps\common\Left 4 Dead 2\left4dead2\addons\sourcemod\scripting\l4d2_playerjoining_v3.sp::OnClientDisconnect
L 08/08/2026 - 23:14:57: [SM] Exception reported: Invalid timer handle 24b00568 (error 3)
L 08/08/2026 - 23:14:57: [SM] Blaming: l4d2_playerjoining_v3.smx
L 08/08/2026 - 23:14:57: [SM] Call stack trace:
L 08/08/2026 - 23:14:57: [SM]   [0] KillTimer
L 08/08/2026 - 23:14:57: [SM]   [1] Line 56, D:\SteamLibrary\steamapps\common\Left 4 Dead 2\left4dead2\addons\sourcemod\scripting\l4d2_playerjoining_v3.sp::OnClientDisconnect
L 08/08/2026 - 23:14:59: Error log file session closed.
L 08/08/2026 - 23:14:59: SourceMod error session started
L 08/08/2026 - 23:14:59: Info (map "c2m2_fairgrounds") (file "d:\steamlibrary\steamapps\common\left 4 dead 2\left4dead2\addons\sourcemod\logs\errors_20260808.log")
L 08/08/2026 - 23:14:59: [SM] Fatal error encountered parsing translation file "l4d_nth.phrases.txt"
L 08/08/2026 - 23:14:59: [SM] Error (line 0, column 0): Stream failed to open
L 08/08/2026 - 23:14:59: [SM] Fatal error encountered parsing translation file "chargersteering.phrases.txt"
L 08/08/2026 - 23:14:59: [SM] Error (line 0, column 0): Stream failed to open
L 08/08/2026 - 23:15:02: [l4d2_publicity.smx] [Publicity] No se encontraron mensajes en el archivo de configuración
L 08/08/2026 - 23:15:02: [SM] Exception reported: Array index out-of-bounds (index 12, limit 12)
L 08/08/2026 - 23:15:02: [SM] Blaming: l4d2_tank_props_rock_v3.smx
L 08/08/2026 - 23:15:02: [SM] Call stack trace:
L 08/08/2026 - 23:15:02: [SM]   [1] Line 142, D:\SteamLibrary\steamapps\common\Left 4 Dead 2\left4dead2\addons\sourcemod\scripting\l4d2_tank_props_rock_v3.sp::OnMapStart
L 08/08/2026 - 23:15:18: [SM] Exception reported: Invalid timer handle 24b00568 (error 3)
L 08/08/2026 - 23:15:18: [SM] Blaming: l4d2_playerjoining_v3.smx
L 08/08/2026 - 23:15:18: [SM] Call stack trace:
L 08/08/2026 - 23:15:18: [SM]   [0] KillTimer
L 08/08/2026 - 23:15:18: [SM]   [1] Line 56, D:\SteamLibrary\steamapps\common\Left 4 Dead 2\left4dead2\addons\sourcemod\scripting\l4d2_playerjoining_v3.sp::OnClientDisconnect
L 08/08/2026 - 23:15:58: [SM] Exception reported: Property "m_vecAngularVelocity" not found (entity 329/weapon_smg_silenced)
L 08/08/2026 - 23:15:58: [SM] Blaming: l4d2_tank_core v4_7.smx
L 08/08/2026 - 23:15:58: [SM] Call stack trace:
L 08/08/2026 - 23:15:58: [SM]   [0] SetEntPropVector
L 08/08/2026 - 23:15:58: [SM]   [1] Line 597, D:\SteamLibrary\steamapps\common\Left 4 Dead 2\left4dead2\addons\sourcemod\scripting\l4d2_tank_core v4_7.sp::DropItemsPhysically
L 08/08/2026 - 23:15:58: [SM]   [2] Line 516, D:\SteamLibrary\steamapps\common\Left 4 Dead 2\left4dead2\addons\sourcemod\scripting\l4d2_tank_core v4_7.sp::Event_PlayerHurt
L 08/08/2026 - 23:16:22: [SM] Exception reported: Array index out-of-bounds (index 15, limit 12)
L 08/08/2026 - 23:16:22: [SM] Blaming: l4d2_tank_props_rock_v3.smx
L 08/08/2026 - 23:16:22: [SM] Call stack trace:
L 08/08/2026 - 23:16:22: [SM]   [1] Line 222, D:\SteamLibrary\steamapps\common\Left 4 Dead 2\left4dead2\addons\sourcemod\scripting\l4d2_tank_props_rock_v3.sp::Throw
L 08/08/2026 - 23:16:55: [SM] Exception reported: Invalid timer handle 24b00568 (error 3)
L 08/08/2026 - 23:16:55: [SM] Blaming: l4d2_playerjoining_v3.smx
L 08/08/2026 - 23:16:55: [SM] Call stack trace:
L 08/08/2026 - 23:16:55: [SM]   [0] KillTimer
L 08/08/2026 - 23:16:55: [SM]   [1] Line 56, D:\SteamLibrary\steamapps\common\Left 4 Dead 2\left4dead2\addons\sourcemod\scripting\l4d2_playerjoining_v3.sp::OnClientDisconnect
L 08/08/2026 - 23:17:19: [SM] Exception reported: Language phrase "Please wait to be revived or rescued" not found (arg 6)
L 08/08/2026 - 23:17:19: [SM] Blaming: l4dmultislots.smx
L 08/08/2026 - 23:17:19: [SM] Call stack trace:
L 08/08/2026 - 23:17:19: [SM]   [0] PrintToChat
L 08/08/2026 - 23:17:19: [SM]   [1] Line 953, d:\Github\Private-Work\L4D2-插件\scripting_1.11\l4dmultislots.sp::Timer_SpecCheck
L 08/08/2026 - 23:17:42: [SM] Exception reported: Array index out-of-bounds (index 12, limit 12)
L 08/08/2026 - 23:17:42: [SM] Blaming: l4d2_tank_props_rock_v3.smx
L 08/08/2026 - 23:17:42: [SM] Call stack trace:
L 08/08/2026 - 23:17:42: [SM]   [1] Line 222, D:\SteamLibrary\steamapps\common\Left 4 Dead 2\left4dead2\addons\sourcemod\scripting\l4d2_tank_props_rock_v3.sp::Throw
L 08/08/2026 - 23:17:44: [SM] Exception reported: Language phrase "Please wait to be revived or rescued" not found (arg 6)
L 08/08/2026 - 23:17:44: [SM] Blaming: l4dmultislots.smx
L 08/08/2026 - 23:17:44: [SM] Call stack trace:
L 08/08/2026 - 23:17:44: [SM]   [0] PrintToChat
L 08/08/2026 - 23:17:44: [SM]   [1] Line 953, d:\Github\Private-Work\L4D2-插件\scripting_1.11\l4dmultislots.sp::Timer_SpecCheck
L 08/08/2026 - 23:17:56: [SM] Exception reported: Array index out-of-bounds (index 12, limit 12)
L 08/08/2026 - 23:17:56: [SM] Blaming: l4d2_tank_props_rock_v3.smx
L 08/08/2026 - 23:17:56: [SM] Call stack trace:
L 08/08/2026 - 23:17:56: [SM]   [1] Line 222, D:\SteamLibrary\steamapps\common\Left 4 Dead 2\left4dead2\addons\sourcemod\scripting\l4d2_tank_props_rock_v3.sp::Throw
L 08/08/2026 - 23:17:56: [SM] Exception reported: Array index out-of-bounds (index 13, limit 12)
L 08/08/2026 - 23:17:56: [SM] Blaming: l4d2_tank_props_rock_v3.smx
L 08/08/2026 - 23:17:56: [SM] Call stack trace:
L 08/08/2026 - 23:17:56: [SM]   [1] Line 222, D:\SteamLibrary\steamapps\common\Left 4 Dead 2\left4dead2\addons\sourcemod\scripting\l4d2_tank_props_rock_v3.sp::Throw
L 08/08/2026 - 23:18:13: [SM] Exception reported: Invalid timer handle 24b00568 (error 1)
L 08/08/2026 - 23:18:13: [SM] Blaming: l4d2_playerjoining_v3.smx
L 08/08/2026 - 23:18:13: [SM] Call stack trace:
L 08/08/2026 - 23:18:13: [SM]   [0] KillTimer
L 08/08/2026 - 23:18:13: [SM]   [1] Line 56, D:\SteamLibrary\steamapps\common\Left 4 Dead 2\left4dead2\addons\sourcemod\scripting\l4d2_playerjoining_v3.sp::OnClientDisconnect
L 08/08/2026 - 23:18:38: [SM] Exception reported: Language phrase "Please wait to be revived or rescued" not found (arg 6)
L 08/08/2026 - 23:18:38: [SM] Blaming: l4dmultislots.smx
L 08/08/2026 - 23:18:38: [SM] Call stack trace:
L 08/08/2026 - 23:18:38: [SM]   [0] PrintToChat
L 08/08/2026 - 23:18:38: [SM]   [1] Line 953, d:\Github\Private-Work\L4D2-插件\scripting_1.11\l4dmultislots.sp::Timer_SpecCheck
L 08/08/2026 - 23:19:03: [SM] Exception reported: Language phrase "Please wait to be revived or rescued" not found (arg 6)
L 08/08/2026 - 23:19:03: [SM] Blaming: l4dmultislots.smx
L 08/08/2026 - 23:19:03: [SM] Call stack trace:
L 08/08/2026 - 23:19:03: [SM]   [0] PrintToChat
L 08/08/2026 - 23:19:03: [SM]   [1] Line 953, d:\Github\Private-Work\L4D2-插件\scripting_1.11\l4dmultislots.sp::Timer_SpecCheck
L 08/08/2026 - 23:19:07: [SM] Exception reported: Array index out-of-bounds (index 12, limit 12)
L 08/08/2026 - 23:19:07: [SM] Blaming: l4d2_tank_props_rock_v3.smx
L 08/08/2026 - 23:19:07: [SM] Call stack trace:
L 08/08/2026 - 23:19:07: [SM]   [1] Line 222, D:\SteamLibrary\steamapps\common\Left 4 Dead 2\left4dead2\addons\sourcemod\scripting\l4d2_tank_props_rock_v3.sp::Throw
L 08/08/2026 - 23:20:34: [SM] Exception reported: Language phrase "Please wait to be revived or rescued" not found (arg 6)
L 08/08/2026 - 23:20:34: [SM] Blaming: l4dmultislots.smx
L 08/08/2026 - 23:20:34: [SM] Call stack trace:
L 08/08/2026 - 23:20:34: [SM]   [0] PrintToChat
L 08/08/2026 - 23:20:34: [SM]   [1] Line 953, d:\Github\Private-Work\L4D2-插件\scripting_1.11\l4dmultislots.sp::Timer_SpecCheck
L 08/08/2026 - 23:20:59: [SM] Exception reported: Language phrase "Please wait to be revived or rescued" not found (arg 6)
L 08/08/2026 - 23:20:59: [SM] Blaming: l4dmultislots.smx
L 08/08/2026 - 23:20:59: [SM] Call stack trace:
L 08/08/2026 - 23:20:59: [SM]   [0] PrintToChat
L 08/08/2026 - 23:20:59: [SM]   [1] Line 953, d:\Github\Private-Work\L4D2-插件\scripting_1.11\l4dmultislots.sp::Timer_SpecCheck
L 08/08/2026 - 23:21:24: [SM] Exception reported: Language phrase "Please wait to be revived or rescued" not found (arg 6)
L 08/08/2026 - 23:21:24: [SM] Blaming: l4dmultislots.smx
L 08/08/2026 - 23:21:24: [SM] Call stack trace:
L 08/08/2026 - 23:21:24: [SM]   [0] PrintToChat
L 08/08/2026 - 23:21:24: [SM]   [1] Line 953, d:\Github\Private-Work\L4D2-插件\scripting_1.11\l4dmultislots.sp::Timer_SpecCheck
L 08/08/2026 - 23:21:26: [SM] Exception reported: Array index out-of-bounds (index 14, limit 12)
L 08/08/2026 - 23:21:26: [SM] Blaming: l4d2_tank_props_rock_v3.smx
L 08/08/2026 - 23:21:26: [SM] Call stack trace:
L 08/08/2026 - 23:21:26: [SM]   [1] Line 222, D:\SteamLibrary\steamapps\common\Left 4 Dead 2\left4dead2\addons\sourcemod\scripting\l4d2_tank_props_rock_v3.sp::Throw
L 08/08/2026 - 23:21:33: [SM] Exception reported: Array index out-of-bounds (index 14, limit 12)
L 08/08/2026 - 23:21:33: [SM] Blaming: l4d2_tank_props_rock_v3.smx
L 08/08/2026 - 23:21:33: [SM] Call stack trace:
L 08/08/2026 - 23:21:33: [SM]   [1] Line 222, D:\SteamLibrary\steamapps\common\Left 4 Dead 2\left4dead2\addons\sourcemod\scripting\l4d2_tank_props_rock_v3.sp::Throw
L 08/08/2026 - 23:21:33: [SM] Exception reported: Array index out-of-bounds (index 12, limit 12)
L 08/08/2026 - 23:21:33: [SM] Blaming: l4d2_tank_props_rock_v3.smx
L 08/08/2026 - 23:21:33: [SM] Call stack trace:
L 08/08/2026 - 23:21:33: [SM]   [1] Line 222, D:\SteamLibrary\steamapps\common\Left 4 Dead 2\left4dead2\addons\sourcemod\scripting\l4d2_tank_props_rock_v3.sp::Throw
L 08/08/2026 - 23:21:39: [SM] Exception reported: Invalid timer handle 24b00568 (error 3)
L 08/08/2026 - 23:21:39: [SM] Blaming: l4d2_playerjoining_v3.smx
L 08/08/2026 - 23:21:39: [SM] Call stack trace:
L 08/08/2026 - 23:21:39: [SM]   [0] KillTimer
L 08/08/2026 - 23:21:39: [SM]   [1] Line 56, D:\SteamLibrary\steamapps\common\Left 4 Dead 2\left4dead2\addons\sourcemod\scripting\l4d2_playerjoining_v3.sp::OnClientDisconnect
L 08/08/2026 - 23:21:44: [SM] Exception reported: Property "m_vecOrigin" not found (entity 449/ability_throw)
L 08/08/2026 - 23:21:44: [SM] Blaming: l4d2_tank_props_rock_v3.smx
L 08/08/2026 - 23:21:44: [SM] Call stack trace:
L 08/08/2026 - 23:21:44: [SM]   [0] GetEntPropVector
L 08/08/2026 - 23:21:44: [SM]   [1] Line 310, D:\SteamLibrary\steamapps\common\Left 4 Dead 2\left4dead2\addons\sourcemod\scripting\l4d2_tank_props_rock_v3.sp::Explosion
L 08/08/2026 - 23:21:49: [SM] Exception reported: Language phrase "Please wait to be revived or rescued" not found (arg 6)
L 08/08/2026 - 23:21:49: [SM] Blaming: l4dmultislots.smx
L 08/08/2026 - 23:21:49: [SM] Call stack trace:
L 08/08/2026 - 23:21:49: [SM]   [0] PrintToChat
L 08/08/2026 - 23:21:49: [SM]   [1] Line 953, d:\Github\Private-Work\L4D2-插件\scripting_1.11\l4dmultislots.sp::Timer_SpecCheck
L 08/08/2026 - 23:21:51: [SM] Exception reported: Invalid timer handle e6600533 (error 3)
L 08/08/2026 - 23:21:51: [SM] Blaming: l4d2_playerjoining_v3.smx
L 08/08/2026 - 23:21:51: [SM] Call stack trace:
L 08/08/2026 - 23:21:51: [SM]   [0] KillTimer
L 08/08/2026 - 23:21:51: [SM]   [1] Line 56, D:\SteamLibrary\steamapps\common\Left 4 Dead 2\left4dead2\addons\sourcemod\scripting\l4d2_playerjoining_v3.sp::OnClientDisconnect
L 08/08/2026 - 23:22:08: [SM] Exception reported: Array index out-of-bounds (index 12, limit 12)
L 08/08/2026 - 23:22:08: [SM] Blaming: l4d2_tank_props_rock_v3.smx
L 08/08/2026 - 23:22:08: [SM] Call stack trace:
L 08/08/2026 - 23:22:08: [SM]   [1] Line 222, D:\SteamLibrary\steamapps\common\Left 4 Dead 2\left4dead2\addons\sourcemod\scripting\l4d2_tank_props_rock_v3.sp::Throw
L 08/08/2026 - 23:23:10: [SM] Exception reported: Invalid timer handle e6600533 (error 1)
L 08/08/2026 - 23:23:10: [SM] Blaming: l4d2_playerjoining_v3.smx
L 08/08/2026 - 23:23:10: [SM] Call stack trace:
L 08/08/2026 - 23:23:10: [SM]   [0] KillTimer
L 08/08/2026 - 23:23:10: [SM]   [1] Line 56, D:\SteamLibrary\steamapps\common\Left 4 Dead 2\left4dead2\addons\sourcemod\scripting\l4d2_playerjoining_v3.sp::OnClientDisconnect
L 08/08/2026 - 23:24:51: [SM] Exception reported: Language phrase "Please wait to be revived or rescued" not found (arg 6)
L 08/08/2026 - 23:24:51: [SM] Blaming: l4dmultislots.smx
L 08/08/2026 - 23:24:51: [SM] Call stack trace:
L 08/08/2026 - 23:24:51: [SM]   [0] PrintToChat
L 08/08/2026 - 23:24:51: [SM]   [1] Line 953, d:\Github\Private-Work\L4D2-插件\scripting_1.11\l4dmultislots.sp::Timer_SpecCheck
L 08/08/2026 - 23:25:03: [SM] Exception reported: Array index out-of-bounds (index 12, limit 12)
L 08/08/2026 - 23:25:03: [SM] Blaming: l4d2_tank_props_rock_v3.smx
L 08/08/2026 - 23:25:03: [SM] Call stack trace:
L 08/08/2026 - 23:25:03: [SM]   [1] Line 222, D:\SteamLibrary\steamapps\common\Left 4 Dead 2\left4dead2\addons\sourcemod\scripting\l4d2_tank_props_rock_v3.sp::Throw
L 08/08/2026 - 23:25:16: [SM] Exception reported: Language phrase "Please wait to be revived or rescued" not found (arg 6)
L 08/08/2026 - 23:25:16: [SM] Blaming: l4dmultislots.smx
L 08/08/2026 - 23:25:16: [SM] Call stack trace:
L 08/08/2026 - 23:25:16: [SM]   [0] PrintToChat
L 08/08/2026 - 23:25:16: [SM]   [1] Line 953, d:\Github\Private-Work\L4D2-插件\scripting_1.11\l4dmultislots.sp::Timer_SpecCheck
L 08/08/2026 - 23:25:41: [SM] Exception reported: Language phrase "Please wait to be revived or rescued" not found (arg 6)
L 08/08/2026 - 23:25:41: [SM] Blaming: l4dmultislots.smx
L 08/08/2026 - 23:25:41: [SM] Call stack trace:
L 08/08/2026 - 23:25:41: [SM]   [0] PrintToChat
L 08/08/2026 - 23:25:41: [SM]   [1] Line 953, d:\Github\Private-Work\L4D2-插件\scripting_1.11\l4dmultislots.sp::Timer_SpecCheck
L 08/08/2026 - 23:25:57: [SM] Exception reported: Invalid timer handle e6600533 (error 3)
L 08/08/2026 - 23:25:57: [SM] Blaming: l4d2_playerjoining_v3.smx
L 08/08/2026 - 23:25:57: [SM] Call stack trace:
L 08/08/2026 - 23:25:57: [SM]   [0] KillTimer
L 08/08/2026 - 23:25:57: [SM]   [1] Line 56, D:\SteamLibrary\steamapps\common\Left 4 Dead 2\left4dead2\addons\sourcemod\scripting\l4d2_playerjoining_v3.sp::OnClientDisconnect
L 08/08/2026 - 23:26:03: [SM] Exception reported: Property "m_vecAngularVelocity" not found (entity 526/weapon_smg_silenced)
L 08/08/2026 - 23:26:03: [SM] Blaming: l4d2_tank_core v4_7.smx
L 08/08/2026 - 23:26:03: [SM] Call stack trace:
L 08/08/2026 - 23:26:03: [SM]   [0] SetEntPropVector
L 08/08/2026 - 23:26:03: [SM]   [1] Line 597, D:\SteamLibrary\steamapps\common\Left 4 Dead 2\left4dead2\addons\sourcemod\scripting\l4d2_tank_core v4_7.sp::DropItemsPhysically
L 08/08/2026 - 23:26:03: [SM]   [2] Line 516, D:\SteamLibrary\steamapps\common\Left 4 Dead 2\left4dead2\addons\sourcemod\scripting\l4d2_tank_core v4_7.sp::Event_PlayerHurt
L 08/08/2026 - 23:26:47: [SM] Exception reported: Property "m_vecAngularVelocity" not found (entity 131/weapon_smg_mp5)
L 08/08/2026 - 23:26:47: [SM] Blaming: l4d2_tank_core v4_7.smx
L 08/08/2026 - 23:26:47: [SM] Call stack trace:
L 08/08/2026 - 23:26:47: [SM]   [0] SetEntPropVector
L 08/08/2026 - 23:26:47: [SM]   [1] Line 597, D:\SteamLibrary\steamapps\common\Left 4 Dead 2\left4dead2\addons\sourcemod\scripting\l4d2_tank_core v4_7.sp::DropItemsPhysically
L 08/08/2026 - 23:26:47: [SM]   [2] Line 516, D:\SteamLibrary\steamapps\common\Left 4 Dead 2\left4dead2\addons\sourcemod\scripting\l4d2_tank_core v4_7.sp::Event_PlayerHurt
L 08/08/2026 - 23:27:07: [SM] Exception reported: Property "m_vecAngularVelocity" not found (entity 526/weapon_pumpshotgun)
L 08/08/2026 - 23:27:07: [SM] Blaming: l4d2_tank_core v4_7.smx
L 08/08/2026 - 23:27:07: [SM] Call stack trace:
L 08/08/2026 - 23:27:07: [SM]   [0] SetEntPropVector
L 08/08/2026 - 23:27:07: [SM]   [1] Line 597, D:\SteamLibrary\steamapps\common\Left 4 Dead 2\left4dead2\addons\sourcemod\scripting\l4d2_tank_core v4_7.sp::DropItemsPhysically
L 08/08/2026 - 23:27:07: [SM]   [2] Line 516, D:\SteamLibrary\steamapps\common\Left 4 Dead 2\left4dead2\addons\sourcemod\scripting\l4d2_tank_core v4_7.sp::Event_PlayerHurt
L 08/08/2026 - 23:28:12: [SM] Exception reported: Array index out-of-bounds (index 15, limit 12)
L 08/08/2026 - 23:28:12: [SM] Blaming: l4d2_tank_props_rock_v3.smx
L 08/08/2026 - 23:28:12: [SM] Call stack trace:
L 08/08/2026 - 23:28:12: [SM]   [1] Line 222, D:\SteamLibrary\steamapps\common\Left 4 Dead 2\left4dead2\addons\sourcemod\scripting\l4d2_tank_props_rock_v3.sp::Throw
L 08/08/2026 - 23:28:25: [SM] Exception reported: Invalid timer handle bde00599 (error 3)
L 08/08/2026 - 23:28:25: [SM] Blaming: l4d2_playerjoining_v3.smx
L 08/08/2026 - 23:28:25: [SM] Call stack trace:
L 08/08/2026 - 23:28:25: [SM]   [0] KillTimer
L 08/08/2026 - 23:28:25: [SM]   [1] Line 56, D:\SteamLibrary\steamapps\common\Left 4 Dead 2\left4dead2\addons\sourcemod\scripting\l4d2_playerjoining_v3.sp::OnClientDisconnect
L 08/08/2026 - 23:28:43: [SM] Exception reported: Language phrase "Please wait to be revived or rescued" not found (arg 6)
L 08/08/2026 - 23:28:43: [SM] Blaming: l4dmultislots.smx
L 08/08/2026 - 23:28:43: [SM] Call stack trace:
L 08/08/2026 - 23:28:43: [SM]   [0] PrintToChat
L 08/08/2026 - 23:28:43: [SM]   [1] Line 953, d:\Github\Private-Work\L4D2-插件\scripting_1.11\l4dmultislots.sp::Timer_SpecCheck
L 08/08/2026 - 23:29:03: [SM] Exception reported: Array index out-of-bounds (index 12, limit 12)
L 08/08/2026 - 23:29:03: [SM] Blaming: l4d2_tank_props_rock_v3.smx
L 08/08/2026 - 23:29:03: [SM] Call stack trace:
L 08/08/2026 - 23:29:03: [SM]   [1] Line 222, D:\SteamLibrary\steamapps\common\Left 4 Dead 2\left4dead2\addons\sourcemod\scripting\l4d2_tank_props_rock_v3.sp::Throw
L 08/08/2026 - 23:29:03: [SM] Exception reported: Array index out-of-bounds (index 13, limit 12)
L 08/08/2026 - 23:29:03: [SM] Blaming: l4d2_tank_props_rock_v3.smx
L 08/08/2026 - 23:29:03: [SM] Call stack trace:
L 08/08/2026 - 23:29:03: [SM]   [1] Line 222, D:\SteamLibrary\steamapps\common\Left 4 Dead 2\left4dead2\addons\sourcemod\scripting\l4d2_tank_props_rock_v3.sp::Throw
L 08/08/2026 - 23:29:08: [SM] Exception reported: Language phrase "Please wait to be revived or rescued" not found (arg 6)
L 08/08/2026 - 23:29:08: [SM] Blaming: l4dmultislots.smx
L 08/08/2026 - 23:29:08: [SM] Call stack trace:
L 08/08/2026 - 23:29:08: [SM]   [0] PrintToChat
L 08/08/2026 - 23:29:08: [SM]   [1] Line 953, d:\Github\Private-Work\L4D2-插件\scripting_1.11\l4dmultislots.sp::Timer_SpecCheck
L 08/08/2026 - 23:29:31: [SM] Exception reported: Invalid timer handle bde00599 (error 3)
L 08/08/2026 - 23:29:31: [SM] Blaming: l4d2_playerjoining_v3.smx
L 08/08/2026 - 23:29:31: [SM] Call stack trace:
L 08/08/2026 - 23:29:31: [SM]   [0] KillTimer
L 08/08/2026 - 23:29:31: [SM]   [1] Line 56, D:\SteamLibrary\steamapps\common\Left 4 Dead 2\left4dead2\addons\sourcemod\scripting\l4d2_playerjoining_v3.sp::OnClientDisconnect
L 08/08/2026 - 23:29:33: [SM] Exception reported: Language phrase "Please wait to be revived or rescued" not found (arg 6)
L 08/08/2026 - 23:29:33: [SM] Blaming: l4dmultislots.smx
L 08/08/2026 - 23:29:33: [SM] Call stack trace:
L 08/08/2026 - 23:29:33: [SM]   [0] PrintToChat
L 08/08/2026 - 23:29:33: [SM]   [1] Line 953, d:\Github\Private-Work\L4D2-插件\scripting_1.11\l4dmultislots.sp::Timer_SpecCheck
L 08/08/2026 - 23:29:58: [SM] Exception reported: Language phrase "Please wait to be revived or rescued" not found (arg 6)
L 08/08/2026 - 23:29:58: [SM] Blaming: l4dmultislots.smx
L 08/08/2026 - 23:29:58: [SM] Call stack trace:
L 08/08/2026 - 23:29:58: [SM]   [0] PrintToChat
L 08/08/2026 - 23:29:58: [SM]   [1] Line 953, d:\Github\Private-Work\L4D2-插件\scripting_1.11\l4dmultislots.sp::Timer_SpecCheck
L 08/08/2026 - 23:30:06: [SM] Exception reported: Array index out-of-bounds (index 14, limit 12)
L 08/08/2026 - 23:30:06: [SM] Blaming: l4d2_tank_props_rock_v3.smx
L 08/08/2026 - 23:30:06: [SM] Call stack trace:
L 08/08/2026 - 23:30:06: [SM]   [1] Line 222, D:\SteamLibrary\steamapps\common\Left 4 Dead 2\left4dead2\addons\sourcemod\scripting\l4d2_tank_props_rock_v3.sp::Throw
L 08/08/2026 - 23:30:10: [SM] Exception reported: Property "m_vecAngularVelocity" not found (entity 462/weapon_autoshotgun)
L 08/08/2026 - 23:30:10: [SM] Blaming: l4d2_tank_core v4_7.smx
L 08/08/2026 - 23:30:10: [SM] Call stack trace:
L 08/08/2026 - 23:30:10: [SM]   [0] SetEntPropVector
L 08/08/2026 - 23:30:10: [SM]   [1] Line 597, D:\SteamLibrary\steamapps\common\Left 4 Dead 2\left4dead2\addons\sourcemod\scripting\l4d2_tank_core v4_7.sp::DropItemsPhysically
L 08/08/2026 - 23:30:10: [SM]   [2] Line 516, D:\SteamLibrary\steamapps\common\Left 4 Dead 2\left4dead2\addons\sourcemod\scripting\l4d2_tank_core v4_7.sp::Event_PlayerHurt
L 08/08/2026 - 23:30:17: [SM] Exception reported: Property "m_vecAngularVelocity" not found (entity 129/weapon_pistol_magnum)
L 08/08/2026 - 23:30:17: [SM] Blaming: l4d2_tank_core v4_7.smx
L 08/08/2026 - 23:30:17: [SM] Call stack trace:
L 08/08/2026 - 23:30:17: [SM]   [0] SetEntPropVector
L 08/08/2026 - 23:30:17: [SM]   [1] Line 597, D:\SteamLibrary\steamapps\common\Left 4 Dead 2\left4dead2\addons\sourcemod\scripting\l4d2_tank_core v4_7.sp::DropItemsPhysically
L 08/08/2026 - 23:30:17: [SM]   [2] Line 516, D:\SteamLibrary\steamapps\common\Left 4 Dead 2\left4dead2\addons\sourcemod\scripting\l4d2_tank_core v4_7.sp::Event_PlayerHurt
L 08/08/2026 - 23:30:19: [SM] Exception reported: Property "m_vecAngularVelocity" not found (entity 231/weapon_first_aid_kit)
L 08/08/2026 - 23:30:19: [SM] Blaming: l4d2_tank_core v4_7.smx
L 08/08/2026 - 23:30:19: [SM] Call stack trace:
L 08/08/2026 - 23:30:19: [SM]   [0] SetEntPropVector
L 08/08/2026 - 23:30:19: [SM]   [1] Line 597, D:\SteamLibrary\steamapps\common\Left 4 Dead 2\left4dead2\addons\sourcemod\scripting\l4d2_tank_core v4_7.sp::DropItemsPhysically
L 08/08/2026 - 23:30:19: [SM]   [2] Line 516, D:\SteamLibrary\steamapps\common\Left 4 Dead 2\left4dead2\addons\sourcemod\scripting\l4d2_tank_core v4_7.sp::Event_PlayerHurt
L 08/08/2026 - 23:30:27: [SM] Exception reported: Invalid timer handle bde00599 (error 1)
L 08/08/2026 - 23:30:27: [SM] Blaming: l4d2_playerjoining_v3.smx
L 08/08/2026 - 23:30:27: [SM] Call stack trace:
L 08/08/2026 - 23:30:27: [SM]   [0] KillTimer
L 08/08/2026 - 23:30:27: [SM]   [1] Line 56, D:\SteamLibrary\steamapps\common\Left 4 Dead 2\left4dead2\addons\sourcemod\scripting\l4d2_playerjoining_v3.sp::OnClientDisconnect
L 08/08/2026 - 23:30:28: [SM] Exception reported: Invalid timer handle e6600533 (error 3)
L 08/08/2026 - 23:30:28: [SM] Blaming: l4d2_playerjoining_v3.smx
L 08/08/2026 - 23:30:28: [SM] Call stack trace:
L 08/08/2026 - 23:30:28: [SM]   [0] KillTimer
L 08/08/2026 - 23:30:28: [SM]   [1] Line 56, D:\SteamLibrary\steamapps\common\Left 4 Dead 2\left4dead2\addons\sourcemod\scripting\l4d2_playerjoining_v3.sp::OnClientDisconnect
L 08/08/2026 - 23:30:31: [SM] Exception reported: Using two team colors in one message is not allowed
L 08/08/2026 - 23:30:31: [SM] Blaming: smd_texture_manager_block._test.smx
L 08/08/2026 - 23:30:31: [SM] Call stack trace:
L 08/08/2026 - 23:30:31: [SM]   [0] ThrowError
L 08/08/2026 - 23:30:31: [SM]   [1] Line 422, D:\SteamLibrary\steamapps\common\Left 4 Dead 2\left4dead2\addons\sourcemod\scripting\include\multicolors\colors.inc::C_Format
L 08/08/2026 - 23:30:31: [SM]   [2] Line 85, D:\SteamLibrary\steamapps\common\Left 4 Dead 2\left4dead2\addons\sourcemod\scripting\include\multicolors\colors.inc::C_PrintToChat
L 08/08/2026 - 23:30:31: [SM]   [3] Line 181, D:\SteamLibrary\steamapps\common\Left 4 Dead 2\left4dead2\addons\sourcemod\scripting\include\multicolors\colors.inc::C_PrintToChatAll
L 08/08/2026 - 23:30:31: [SM]   [4] Line 99, D:\SteamLibrary\steamapps\common\Left 4 Dead 2\left4dead2\addons\sourcemod\scripting\include\multicolors.inc::CPrintToChatAll
L 08/08/2026 - 23:30:31: [SM]   [5] Line 383, D:\SteamLibrary\steamapps\common\Left 4 Dead 2\left4dead2\addons\sourcemod\scripting\smd_texture_manager_block._test.sp::_EnforceCliSettings_QueryReply
L 08/08/2026 - 23:31:02: [SM] Exception reported: Array index out-of-bounds (index 13, limit 12)
L 08/08/2026 - 23:31:02: [SM] Blaming: l4d2_tank_props_rock_v3.smx
L 08/08/2026 - 23:31:02: [SM] Call stack trace:
L 08/08/2026 - 23:31:02: [SM]   [1] Line 222, D:\SteamLibrary\steamapps\common\Left 4 Dead 2\left4dead2\addons\sourcemod\scripting\l4d2_tank_props_rock_v3.sp::Throw
L 08/08/2026 - 23:31:17: [SM] Exception reported: Language phrase "Please wait to be revived or rescued" not found (arg 6)
L 08/08/2026 - 23:31:17: [SM] Blaming: l4dmultislots.smx
L 08/08/2026 - 23:31:17: [SM] Call stack trace:
L 08/08/2026 - 23:31:17: [SM]   [0] PrintToChat
L 08/08/2026 - 23:31:17: [SM]   [1] Line 953, d:\Github\Private-Work\L4D2-插件\scripting_1.11\l4dmultislots.sp::Timer_SpecCheck
L 08/08/2026 - 23:31:34: [SM] Exception reported: Invalid timer handle 95100538 (error 1)
L 08/08/2026 - 23:31:34: [SM] Blaming: l4d2_playerjoining_v3.smx
L 08/08/2026 - 23:31:34: [SM] Call stack trace:
L 08/08/2026 - 23:31:34: [SM]   [0] KillTimer
L 08/08/2026 - 23:31:34: [SM]   [1] Line 56, D:\SteamLibrary\steamapps\common\Left 4 Dead 2\left4dead2\addons\sourcemod\scripting\l4d2_playerjoining_v3.sp::OnClientDisconnect
L 08/08/2026 - 23:31:42: [SM] Exception reported: Language phrase "Please wait to be revived or rescued" not found (arg 6)
L 08/08/2026 - 23:31:42: [SM] Blaming: l4dmultislots.smx
L 08/08/2026 - 23:31:42: [SM] Call stack trace:
L 08/08/2026 - 23:31:42: [SM]   [0] PrintToChat
L 08/08/2026 - 23:31:42: [SM]   [1] Line 953, d:\Github\Private-Work\L4D2-插件\scripting_1.11\l4dmultislots.sp::Timer_SpecCheck
L 08/08/2026 - 23:31:50: [SM] Exception reported: Invalid timer handle e6600533 (error 1)
L 08/08/2026 - 23:31:50: [SM] Blaming: l4d2_playerjoining_v3.smx
L 08/08/2026 - 23:31:50: [SM] Call stack trace:
L 08/08/2026 - 23:31:50: [SM]   [0] KillTimer
L 08/08/2026 - 23:31:50: [SM]   [1] Line 56, D:\SteamLibrary\steamapps\common\Left 4 Dead 2\left4dead2\addons\sourcemod\scripting\l4d2_playerjoining_v3.sp::OnClientDisconnect
L 08/08/2026 - 23:32:04: [SM] Exception reported: Array index out-of-bounds (index 13, limit 12)
L 08/08/2026 - 23:32:04: [SM] Blaming: l4d2_tank_props_rock_v3.smx
L 08/08/2026 - 23:32:04: [SM] Call stack trace:
L 08/08/2026 - 23:32:04: [SM]   [1] Line 222, D:\SteamLibrary\steamapps\common\Left 4 Dead 2\left4dead2\addons\sourcemod\scripting\l4d2_tank_props_rock_v3.sp::Throw
L 08/08/2026 - 23:32:32: [SM] Exception reported: Property "m_vecOrigin" not found (entity 288/env_wind)
L 08/08/2026 - 23:32:32: [SM] Blaming: l4d2_tank_props_rock_v3.smx
L 08/08/2026 - 23:32:32: [SM] Call stack trace:
L 08/08/2026 - 23:32:32: [SM]   [0] GetEntPropVector
L 08/08/2026 - 23:32:32: [SM]   [1] Line 310, D:\SteamLibrary\steamapps\common\Left 4 Dead 2\left4dead2\addons\sourcemod\scripting\l4d2_tank_props_rock_v3.sp::Explosion
L 08/08/2026 - 23:33:01: [SM] Exception reported: Invalid timer handle 95100538 (error 3)
L 08/08/2026 - 23:33:01: [SM] Blaming: l4d2_playerjoining_v3.smx
L 08/08/2026 - 23:33:01: [SM] Call stack trace:
L 08/08/2026 - 23:33:01: [SM]   [0] KillTimer
L 08/08/2026 - 23:33:01: [SM]   [1] Line 56, D:\SteamLibrary\steamapps\common\Left 4 Dead 2\left4dead2\addons\sourcemod\scripting\l4d2_playerjoining_v3.sp::OnClientDisconnect
L 08/08/2026 - 23:33:08: [SM] Exception reported: Invalid timer handle e6600533 (error 1)
L 08/08/2026 - 23:33:08: [SM] Blaming: l4d2_playerjoining_v3.smx
L 08/08/2026 - 23:33:08: [SM] Call stack trace:
L 08/08/2026 - 23:33:08: [SM]   [0] KillTimer
L 08/08/2026 - 23:33:08: [SM]   [1] Line 56, D:\SteamLibrary\steamapps\common\Left 4 Dead 2\left4dead2\addons\sourcemod\scripting\l4d2_playerjoining_v3.sp::OnClientDisconnect
L 08/08/2026 - 23:33:37: [SM] Exception reported: Invalid timer handle bde00599 (error 3)
L 08/08/2026 - 23:33:37: [SM] Blaming: l4d2_playerjoining_v3.smx
L 08/08/2026 - 23:33:37: [SM] Call stack trace:
L 08/08/2026 - 23:33:37: [SM]   [0] KillTimer
L 08/08/2026 - 23:33:37: [SM]   [1] Line 56, D:\SteamLibrary\steamapps\common\Left 4 Dead 2\left4dead2\addons\sourcemod\scripting\l4d2_playerjoining_v3.sp::OnClientDisconnect
L 08/08/2026 - 23:33:59: [SM] Exception reported: Language phrase "Please wait to be revived or rescued" not found (arg 6)
L 08/08/2026 - 23:33:59: [SM] Blaming: l4dmultislots.smx
L 08/08/2026 - 23:33:59: [SM] Call stack trace:
L 08/08/2026 - 23:33:59: [SM]   [0] PrintToChat
L 08/08/2026 - 23:33:59: [SM]   [1] Line 953, d:\Github\Private-Work\L4D2-插件\scripting_1.11\l4dmultislots.sp::Timer_SpecCheck
L 08/08/2026 - 23:34:24: [SM] Exception reported: Language phrase "Please wait to be revived or rescued" not found (arg 6)
L 08/08/2026 - 23:34:24: [SM] Blaming: l4dmultislots.smx
L 08/08/2026 - 23:34:24: [SM] Call stack trace:
L 08/08/2026 - 23:34:24: [SM]   [0] PrintToChat
L 08/08/2026 - 23:34:24: [SM]   [1] Line 953, d:\Github\Private-Work\L4D2-插件\scripting_1.11\l4dmultislots.sp::Timer_SpecCheck
L 08/08/2026 - 23:34:28: [SM] Exception reported: Invalid timer handle bde00599 (error 3)
L 08/08/2026 - 23:34:28: [SM] Blaming: l4d2_playerjoining_v3.smx
L 08/08/2026 - 23:34:28: [SM] Call stack trace:
L 08/08/2026 - 23:34:28: [SM]   [0] KillTimer
L 08/08/2026 - 23:34:28: [SM]   [1] Line 56, D:\SteamLibrary\steamapps\common\Left 4 Dead 2\left4dead2\addons\sourcemod\scripting\l4d2_playerjoining_v3.sp::OnClientDisconnect
L 08/08/2026 - 23:34:49: [SM] Exception reported: Language phrase "Please wait to be revived or rescued" not found (arg 6)
L 08/08/2026 - 23:34:49: [SM] Blaming: l4dmultislots.smx
L 08/08/2026 - 23:34:49: [SM] Call stack trace:
L 08/08/2026 - 23:34:49: [SM]   [0] PrintToChat
L 08/08/2026 - 23:34:49: [SM]   [1] Line 953, d:\Github\Private-Work\L4D2-插件\scripting_1.11\l4dmultislots.sp::Timer_SpecCheck
L 08/08/2026 - 23:34:58: [SM] Exception reported: Array index out-of-bounds (index 14, limit 12)
L 08/08/2026 - 23:34:58: [SM] Blaming: l4d2_tank_props_rock_v3.smx
L 08/08/2026 - 23:34:58: [SM] Call stack trace:
L 08/08/2026 - 23:34:58: [SM]   [1] Line 222, D:\SteamLibrary\steamapps\common\Left 4 Dead 2\left4dead2\addons\sourcemod\scripting\l4d2_tank_props_rock_v3.sp::Throw
L 08/08/2026 - 23:35:04: [SM] Exception reported: Invalid timer handle e6600533 (error 3)
L 08/08/2026 - 23:35:04: [SM] Blaming: l4d2_playerjoining_v3.smx
L 08/08/2026 - 23:35:04: [SM] Call stack trace:
L 08/08/2026 - 23:35:04: [SM]   [0] KillTimer
L 08/08/2026 - 23:35:04: [SM]   [1] Line 56, D:\SteamLibrary\steamapps\common\Left 4 Dead 2\left4dead2\addons\sourcemod\scripting\l4d2_playerjoining_v3.sp::OnClientDisconnect
L 08/08/2026 - 23:35:12: [SM] Exception reported: Invalid timer handle 182005a7 (error 1)
L 08/08/2026 - 23:35:12: [SM] Blaming: l4d2_playerjoining_v3.smx
L 08/08/2026 - 23:35:12: [SM] Call stack trace:
L 08/08/2026 - 23:35:12: [SM]   [0] KillTimer
L 08/08/2026 - 23:35:12: [SM]   [1] Line 56, D:\SteamLibrary\steamapps\common\Left 4 Dead 2\left4dead2\addons\sourcemod\scripting\l4d2_playerjoining_v3.sp::OnClientDisconnect
L 08/08/2026 - 23:35:12: [SM] Exception reported: Invalid timer handle bde00599 (error 1)
L 08/08/2026 - 23:35:12: [SM] Blaming: l4d2_playerjoining_v3.smx
L 08/08/2026 - 23:35:12: [SM] Call stack trace:
L 08/08/2026 - 23:35:12: [SM]   [0] KillTimer
L 08/08/2026 - 23:35:12: [SM]   [1] Line 56, D:\SteamLibrary\steamapps\common\Left 4 Dead 2\left4dead2\addons\sourcemod\scripting\l4d2_playerjoining_v3.sp::OnClientDisconnect
L 08/08/2026 - 23:36:02: [SM] Exception reported: Array index out-of-bounds (index 13, limit 12)
L 08/08/2026 - 23:36:02: [SM] Blaming: l4d2_tank_props_rock_v3.smx
L 08/08/2026 - 23:36:02: [SM] Call stack trace:
L 08/08/2026 - 23:36:02: [SM]   [1] Line 222, D:\SteamLibrary\steamapps\common\Left 4 Dead 2\left4dead2\addons\sourcemod\scripting\l4d2_tank_props_rock_v3.sp::Throw
L 08/08/2026 - 23:36:22: [SM] Exception reported: Array index out-of-bounds (index 13, limit 12)
L 08/08/2026 - 23:36:22: [SM] Blaming: l4d2_tank_props_rock_v3.smx
L 08/08/2026 - 23:36:22: [SM] Call stack trace:
L 08/08/2026 - 23:36:22: [SM]   [1] Line 222, D:\SteamLibrary\steamapps\common\Left 4 Dead 2\left4dead2\addons\sourcemod\scripting\l4d2_tank_props_rock_v3.sp::Throw
L 08/08/2026 - 23:36:30: [SM] Exception reported: Invalid timer handle bde00599 (error 3)
L 08/08/2026 - 23:36:30: [SM] Blaming: l4d2_playerjoining_v3.smx
L 08/08/2026 - 23:36:30: [SM] Call stack trace:
L 08/08/2026 - 23:36:30: [SM]   [0] KillTimer
L 08/08/2026 - 23:36:30: [SM]   [1] Line 56, D:\SteamLibrary\steamapps\common\Left 4 Dead 2\left4dead2\addons\sourcemod\scripting\l4d2_playerjoining_v3.sp::OnClientDisconnect
L 08/08/2026 - 23:37:15: [SM] Exception reported: Invalid timer handle bde00599 (error 3)
L 08/08/2026 - 23:37:15: [SM] Blaming: l4d2_playerjoining_v3.smx
L 08/08/2026 - 23:37:15: [SM] Call stack trace:
L 08/08/2026 - 23:37:15: [SM]   [0] KillTimer
L 08/08/2026 - 23:37:15: [SM]   [1] Line 56, D:\SteamLibrary\steamapps\common\Left 4 Dead 2\left4dead2\addons\sourcemod\scripting\l4d2_playerjoining_v3.sp::OnClientDisconnect
L 08/08/2026 - 23:37:18: [SM] Exception reported: Invalid timer handle e6600533 (error 3)
L 08/08/2026 - 23:37:18: [SM] Blaming: l4d2_playerjoining_v3.smx
L 08/08/2026 - 23:37:18: [SM] Call stack trace:
L 08/08/2026 - 23:37:18: [SM]   [0] KillTimer
L 08/08/2026 - 23:37:18: [SM]   [1] Line 56, D:\SteamLibrary\steamapps\common\Left 4 Dead 2\left4dead2\addons\sourcemod\scripting\l4d2_playerjoining_v3.sp::OnClientDisconnect
L 08/08/2026 - 23:37:29: [SM] Exception reported: Array index out-of-bounds (index 12, limit 12)
L 08/08/2026 - 23:37:29: [SM] Blaming: l4d2_tank_props_rock_v3.smx
L 08/08/2026 - 23:37:29: [SM] Call stack trace:
L 08/08/2026 - 23:37:29: [SM]   [1] Line 222, D:\SteamLibrary\steamapps\common\Left 4 Dead 2\left4dead2\addons\sourcemod\scripting\l4d2_tank_props_rock_v3.sp::Throw
L 08/08/2026 - 23:37:43: [SM] Exception reported: Array index out-of-bounds (index 13, limit 12)
L 08/08/2026 - 23:37:43: [SM] Blaming: l4d2_tank_props_rock_v3.smx
L 08/08/2026 - 23:37:43: [SM] Call stack trace:
L 08/08/2026 - 23:37:43: [SM]   [1] Line 222, D:\SteamLibrary\steamapps\common\Left 4 Dead 2\left4dead2\addons\sourcemod\scripting\l4d2_tank_props_rock_v3.sp::Throw
L 08/08/2026 - 23:38:03: [SM] Exception reported: Invalid timer handle 182005a7 (error 3)
L 08/08/2026 - 23:38:03: [SM] Blaming: l4d2_playerjoining_v3.smx
L 08/08/2026 - 23:38:03: [SM] Call stack trace:
L 08/08/2026 - 23:38:03: [SM]   [0] KillTimer
L 08/08/2026 - 23:38:03: [SM]   [1] Line 56, D:\SteamLibrary\steamapps\common\Left 4 Dead 2\left4dead2\addons\sourcemod\scripting\l4d2_playerjoining_v3.sp::OnClientDisconnect
L 08/08/2026 - 23:38:06: [SM] Exception reported: Array index out-of-bounds (index 12, limit 12)
L 08/08/2026 - 23:38:06: [SM] Blaming: l4d2_tank_props_rock_v3.smx
L 08/08/2026 - 23:38:06: [SM] Call stack trace:
L 08/08/2026 - 23:38:06: [SM]   [1] Line 222, D:\SteamLibrary\steamapps\common\Left 4 Dead 2\left4dead2\addons\sourcemod\scripting\l4d2_tank_props_rock_v3.sp::Throw
L 08/08/2026 - 23:38:07: [SM] Exception reported: Language phrase "Please wait to be revived or rescued" not found (arg 6)
L 08/08/2026 - 23:38:07: [SM] Blaming: l4dmultislots.smx
L 08/08/2026 - 23:38:07: [SM] Call stack trace:
L 08/08/2026 - 23:38:07: [SM]   [0] PrintToChat
L 08/08/2026 - 23:38:07: [SM]   [1] Line 953, d:\Github\Private-Work\L4D2-插件\scripting_1.11\l4dmultislots.sp::Timer_SpecCheck
L 08/08/2026 - 23:38:32: [SM] Exception reported: Language phrase "Please wait to be revived or rescued" not found (arg 6)
L 08/08/2026 - 23:38:32: [SM] Blaming: l4dmultislots.smx
L 08/08/2026 - 23:38:32: [SM] Call stack trace:
L 08/08/2026 - 23:38:32: [SM]   [0] PrintToChat
L 08/08/2026 - 23:38:32: [SM]   [1] Line 953, d:\Github\Private-Work\L4D2-插件\scripting_1.11\l4dmultislots.sp::Timer_SpecCheck
L 08/08/2026 - 23:38:57: [SM] Exception reported: Language phrase "Please wait to be revived or rescued" not found (arg 6)
L 08/08/2026 - 23:38:57: [SM] Blaming: l4dmultislots.smx
L 08/08/2026 - 23:38:57: [SM] Call stack trace:
L 08/08/2026 - 23:38:57: [SM]   [0] PrintToChat
L 08/08/2026 - 23:38:57: [SM]   [1] Line 953, d:\Github\Private-Work\L4D2-插件\scripting_1.11\l4dmultislots.sp::Timer_SpecCheck
L 08/08/2026 - 23:39:05: [SM] Exception reported: Array index out-of-bounds (index 13, limit 12)
L 08/08/2026 - 23:39:05: [SM] Blaming: l4d2_tank_props_rock_v3.smx
L 08/08/2026 - 23:39:05: [SM] Call stack trace:
L 08/08/2026 - 23:39:05: [SM]   [1] Line 222, D:\SteamLibrary\steamapps\common\Left 4 Dead 2\left4dead2\addons\sourcemod\scripting\l4d2_tank_props_rock_v3.sp::Throw
L 08/08/2026 - 23:39:13: [SM] Exception reported: Invalid timer handle bde00599 (error 3)
L 08/08/2026 - 23:39:13: [SM] Blaming: l4d2_playerjoining_v3.smx
L 08/08/2026 - 23:39:13: [SM] Call stack trace:
L 08/08/2026 - 23:39:13: [SM]   [0] KillTimer
L 08/08/2026 - 23:39:13: [SM]   [1] Line 56, D:\SteamLibrary\steamapps\common\Left 4 Dead 2\left4dead2\addons\sourcemod\scripting\l4d2_playerjoining_v3.sp::OnClientDisconnect
L 08/08/2026 - 23:39:22: [SM] Exception reported: Invalid timer handle 182005a7 (error 1)
L 08/08/2026 - 23:39:22: [SM] Blaming: l4d2_playerjoining_v3.smx
L 08/08/2026 - 23:39:22: [SM] Call stack trace:
L 08/08/2026 - 23:39:22: [SM]   [0] KillTimer
L 08/08/2026 - 23:39:22: [SM]   [1] Line 56, D:\SteamLibrary\steamapps\common\Left 4 Dead 2\left4dead2\addons\sourcemod\scripting\l4d2_playerjoining_v3.sp::OnClientDisconnect
L 08/08/2026 - 23:41:02: [SM] Exception reported: Invalid timer handle e6600533 (error 3)
L 08/08/2026 - 23:41:02: [SM] Blaming: l4d2_playerjoining_v3.smx
L 08/08/2026 - 23:41:02: [SM] Call stack trace:
L 08/08/2026 - 23:41:02: [SM]   [0] KillTimer
L 08/08/2026 - 23:41:02: [SM]   [1] Line 56, D:\SteamLibrary\steamapps\common\Left 4 Dead 2\left4dead2\addons\sourcemod\scripting\l4d2_playerjoining_v3.sp::OnClientDisconnect
L 08/08/2026 - 23:41:11: [SM] Exception reported: Property "m_vecAngularVelocity" not found (entity 411/weapon_rifle_sg552)
L 08/08/2026 - 23:41:11: [SM] Blaming: l4d2_tank_core v4_7.smx
L 08/08/2026 - 23:41:11: [SM] Call stack trace:
L 08/08/2026 - 23:41:11: [SM]   [0] SetEntPropVector
L 08/08/2026 - 23:41:11: [SM]   [1] Line 597, D:\SteamLibrary\steamapps\common\Left 4 Dead 2\left4dead2\addons\sourcemod\scripting\l4d2_tank_core v4_7.sp::DropItemsPhysically
L 08/08/2026 - 23:41:11: [SM]   [2] Line 516, D:\SteamLibrary\steamapps\common\Left 4 Dead 2\left4dead2\addons\sourcemod\scripting\l4d2_tank_core v4_7.sp::Event_PlayerHurt
L 08/08/2026 - 23:41:27: [SM] Exception reported: Language phrase "Please wait to be revived or rescued" not found (arg 6)
L 08/08/2026 - 23:41:27: [SM] Blaming: l4dmultislots.smx
L 08/08/2026 - 23:41:27: [SM] Call stack trace:
L 08/08/2026 - 23:41:27: [SM]   [0] PrintToChat
L 08/08/2026 - 23:41:27: [SM]   [1] Line 953, d:\Github\Private-Work\L4D2-插件\scripting_1.11\l4dmultislots.sp::Timer_SpecCheck
L 08/08/2026 - 23:41:32: [SM] Exception reported: Array index out-of-bounds (index 15, limit 12)
L 08/08/2026 - 23:41:32: [SM] Blaming: l4d2_tank_props_rock_v3.smx
L 08/08/2026 - 23:41:32: [SM] Call stack trace:
L 08/08/2026 - 23:41:32: [SM]   [1] Line 222, D:\SteamLibrary\steamapps\common\Left 4 Dead 2\left4dead2\addons\sourcemod\scripting\l4d2_tank_props_rock_v3.sp::Throw
L 08/08/2026 - 23:41:36: [SM] Exception reported: Invalid timer handle bde00599 (error 1)
L 08/08/2026 - 23:41:36: [SM] Blaming: l4d2_playerjoining_v3.smx
L 08/08/2026 - 23:41:36: [SM] Call stack trace:
L 08/08/2026 - 23:41:36: [SM]   [0] KillTimer
L 08/08/2026 - 23:41:36: [SM]   [1] Line 56, D:\SteamLibrary\steamapps\common\Left 4 Dead 2\left4dead2\addons\sourcemod\scripting\l4d2_playerjoining_v3.sp::OnClientDisconnect
L 08/08/2026 - 23:41:52: [SM] Exception reported: Language phrase "Please wait to be revived or rescued" not found (arg 6)
L 08/08/2026 - 23:41:52: [SM] Blaming: l4dmultislots.smx
L 08/08/2026 - 23:41:52: [SM] Call stack trace:
L 08/08/2026 - 23:41:52: [SM]   [0] PrintToChat
L 08/08/2026 - 23:41:52: [SM]   [1] Line 953, d:\Github\Private-Work\L4D2-插件\scripting_1.11\l4dmultislots.sp::Timer_SpecCheck
L 08/08/2026 - 23:42:02: [SM] Exception reported: Property "m_vecAngularVelocity" not found (entity 511/weapon_pistol_magnum)
L 08/08/2026 - 23:42:02: [SM] Blaming: l4d2_tank_core v4_7.smx
L 08/08/2026 - 23:42:02: [SM] Call stack trace:
L 08/08/2026 - 23:42:02: [SM]   [0] SetEntPropVector
L 08/08/2026 - 23:42:02: [SM]   [1] Line 597, D:\SteamLibrary\steamapps\common\Left 4 Dead 2\left4dead2\addons\sourcemod\scripting\l4d2_tank_core v4_7.sp::DropItemsPhysically
L 08/08/2026 - 23:42:02: [SM]   [2] Line 516, D:\SteamLibrary\steamapps\common\Left 4 Dead 2\left4dead2\addons\sourcemod\scripting\l4d2_tank_core v4_7.sp::Event_PlayerHurt
L 08/08/2026 - 23:42:21: [SM] Exception reported: Invalid timer handle bde00599 (error 3)
L 08/08/2026 - 23:42:21: [SM] Blaming: l4d2_playerjoining_v3.smx
L 08/08/2026 - 23:42:21: [SM] Call stack trace:
L 08/08/2026 - 23:42:21: [SM]   [0] KillTimer
L 08/08/2026 - 23:42:21: [SM]   [1] Line 56, D:\SteamLibrary\steamapps\common\Left 4 Dead 2\left4dead2\addons\sourcemod\scripting\l4d2_playerjoining_v3.sp::OnClientDisconnect
L 08/08/2026 - 23:42:21: [SM] Exception reported: Invalid timer handle 182005a7 (error 1)
L 08/08/2026 - 23:42:21: [SM] Blaming: l4d2_playerjoining_v3.smx
L 08/08/2026 - 23:42:21: [SM] Call stack trace:
L 08/08/2026 - 23:42:21: [SM]   [0] KillTimer
L 08/08/2026 - 23:42:21: [SM]   [1] Line 56, D:\SteamLibrary\steamapps\common\Left 4 Dead 2\left4dead2\addons\sourcemod\scripting\l4d2_playerjoining_v3.sp::OnClientDisconnect
L 08/08/2026 - 23:42:43: [SM] Exception reported: Array index out-of-bounds (index 13, limit 12)
L 08/08/2026 - 23:42:43: [SM] Blaming: l4d2_tank_props_rock_v3.smx
L 08/08/2026 - 23:42:43: [SM] Call stack trace:
L 08/08/2026 - 23:42:43: [SM]   [1] Line 222, D:\SteamLibrary\steamapps\common\Left 4 Dead 2\left4dead2\addons\sourcemod\scripting\l4d2_tank_props_rock_v3.sp::Throw
L 08/08/2026 - 23:42:43: [SM] Exception reported: Array index out-of-bounds (index 12, limit 12)
L 08/08/2026 - 23:42:43: [SM] Blaming: l4d2_tank_props_rock_v3.smx
L 08/08/2026 - 23:42:43: [SM] Call stack trace:
L 08/08/2026 - 23:42:43: [SM]   [1] Line 222, D:\SteamLibrary\steamapps\common\Left 4 Dead 2\left4dead2\addons\sourcemod\scripting\l4d2_tank_props_rock_v3.sp::Throw
L 08/08/2026 - 23:44:12: [SM] Exception reported: Property "m_vecAngularVelocity" not found (entity 130/weapon_smg)
L 08/08/2026 - 23:44:12: [SM] Blaming: l4d2_tank_core v4_7.smx
L 08/08/2026 - 23:44:12: [SM] Call stack trace:
L 08/08/2026 - 23:44:12: [SM]   [0] SetEntPropVector
L 08/08/2026 - 23:44:12: [SM]   [1] Line 597, D:\SteamLibrary\steamapps\common\Left 4 Dead 2\left4dead2\addons\sourcemod\scripting\l4d2_tank_core v4_7.sp::DropItemsPhysically
L 08/08/2026 - 23:44:12: [SM]   [2] Line 516, D:\SteamLibrary\steamapps\common\Left 4 Dead 2\left4dead2\addons\sourcemod\scripting\l4d2_tank_core v4_7.sp::Event_PlayerHurt
L 08/08/2026 - 23:44:14: [SM] Exception reported: Property "m_vecAngularVelocity" not found (entity 29/weapon_pistol_magnum)
L 08/08/2026 - 23:44:14: [SM] Blaming: l4d2_tank_core v4_7.smx
L 08/08/2026 - 23:44:14: [SM] Call stack trace:
L 08/08/2026 - 23:44:14: [SM]   [0] SetEntPropVector
L 08/08/2026 - 23:44:14: [SM]   [1] Line 597, D:\SteamLibrary\steamapps\common\Left 4 Dead 2\left4dead2\addons\sourcemod\scripting\l4d2_tank_core v4_7.sp::DropItemsPhysically
L 08/08/2026 - 23:44:14: [SM]   [2] Line 516, D:\SteamLibrary\steamapps\common\Left 4 Dead 2\left4dead2\addons\sourcemod\scripting\l4d2_tank_core v4_7.sp::Event_PlayerHurt
L 08/08/2026 - 23:44:59: [SM] Exception reported: Invalid timer handle 182005a7 (error 3)
L 08/08/2026 - 23:44:59: [SM] Blaming: l4d2_playerjoining_v3.smx
L 08/08/2026 - 23:44:59: [SM] Call stack trace:
L 08/08/2026 - 23:44:59: [SM]   [0] KillTimer
L 08/08/2026 - 23:44:59: [SM]   [1] Line 56, D:\SteamLibrary\steamapps\common\Left 4 Dead 2\left4dead2\addons\sourcemod\scripting\l4d2_playerjoining_v3.sp::OnClientDisconnect
L 08/08/2026 - 23:45:45: [SM] Exception reported: Invalid timer handle bde00599 (error 3)
L 08/08/2026 - 23:45:45: [SM] Blaming: l4d2_playerjoining_v3.smx
L 08/08/2026 - 23:45:45: [SM] Call stack trace:
L 08/08/2026 - 23:45:45: [SM]   [0] KillTimer
L 08/08/2026 - 23:45:45: [SM]   [1] Line 56, D:\SteamLibrary\steamapps\common\Left 4 Dead 2\left4dead2\addons\sourcemod\scripting\l4d2_playerjoining_v3.sp::OnClientDisconnect
L 08/08/2026 - 23:45:45: [SM] Exception reported: Property "m_vecAngularVelocity" not found (entity 532/weapon_pumpshotgun)
L 08/08/2026 - 23:45:45: [SM] Blaming: l4d2_tank_core v4_7.smx
L 08/08/2026 - 23:45:45: [SM] Call stack trace:
L 08/08/2026 - 23:45:45: [SM]   [0] SetEntPropVector
L 08/08/2026 - 23:45:45: [SM]   [1] Line 597, D:\SteamLibrary\steamapps\common\Left 4 Dead 2\left4dead2\addons\sourcemod\scripting\l4d2_tank_core v4_7.sp::DropItemsPhysically
L 08/08/2026 - 23:45:45: [SM]   [2] Line 516, D:\SteamLibrary\steamapps\common\Left 4 Dead 2\left4dead2\addons\sourcemod\scripting\l4d2_tank_core v4_7.sp::Event_PlayerHurt
L 08/08/2026 - 23:46:03: [SM] Exception reported: Array index out-of-bounds (index 13, limit 12)
L 08/08/2026 - 23:46:03: [SM] Blaming: l4d2_tank_props_rock_v3.smx
L 08/08/2026 - 23:46:03: [SM] Call stack trace:
L 08/08/2026 - 23:46:03: [SM]   [1] Line 222, D:\SteamLibrary\steamapps\common\Left 4 Dead 2\left4dead2\addons\sourcemod\scripting\l4d2_tank_props_rock_v3.sp::Throw
L 08/08/2026 - 23:46:06: [SM] Exception reported: Language phrase "Please wait to be revived or rescued" not found (arg 6)
L 08/08/2026 - 23:46:06: [SM] Blaming: l4dmultislots.smx
L 08/08/2026 - 23:46:06: [SM] Call stack trace:
L 08/08/2026 - 23:46:06: [SM]   [0] PrintToChat
L 08/08/2026 - 23:46:06: [SM]   [1] Line 953, d:\Github\Private-Work\L4D2-插件\scripting_1.11\l4dmultislots.sp::Timer_SpecCheck
L 08/08/2026 - 23:46:22: [SM] Exception reported: Array index out-of-bounds (index 12, limit 12)
L 08/08/2026 - 23:46:22: [SM] Blaming: l4d2_tank_props_rock_v3.smx
L 08/08/2026 - 23:46:22: [SM] Call stack trace:
L 08/08/2026 - 23:46:22: [SM]   [1] Line 222, D:\SteamLibrary\steamapps\common\Left 4 Dead 2\left4dead2\addons\sourcemod\scripting\l4d2_tank_props_rock_v3.sp::Throw
L 08/08/2026 - 23:46:31: [SM] Exception reported: Language phrase "Please wait to be revived or rescued" not found (arg 6)
L 08/08/2026 - 23:46:31: [SM] Blaming: l4dmultislots.smx
L 08/08/2026 - 23:46:31: [SM] Call stack trace:
L 08/08/2026 - 23:46:31: [SM]   [0] PrintToChat
L 08/08/2026 - 23:46:31: [SM]   [1] Line 953, d:\Github\Private-Work\L4D2-插件\scripting_1.11\l4dmultislots.sp::Timer_SpecCheck
L 08/08/2026 - 23:46:56: [SM] Exception reported: Language phrase "Please wait to be revived or rescued" not found (arg 6)
L 08/08/2026 - 23:46:56: [SM] Blaming: l4dmultislots.smx
L 08/08/2026 - 23:46:56: [SM] Call stack trace:
L 08/08/2026 - 23:46:56: [SM]   [0] PrintToChat
L 08/08/2026 - 23:46:56: [SM]   [1] Line 953, d:\Github\Private-Work\L4D2-插件\scripting_1.11\l4dmultislots.sp::Timer_SpecCheck
L 08/08/2026 - 23:47:08: [SM] Exception reported: Array index out-of-bounds (index 12, limit 12)
L 08/08/2026 - 23:47:08: [SM] Blaming: l4d2_tank_props_rock_v3.smx
L 08/08/2026 - 23:47:08: [SM] Call stack trace:
L 08/08/2026 - 23:47:08: [SM]   [1] Line 222, D:\SteamLibrary\steamapps\common\Left 4 Dead 2\left4dead2\addons\sourcemod\scripting\l4d2_tank_props_rock_v3.sp::Throw
L 08/08/2026 - 23:47:21: [SM] Exception reported: Language phrase "Please wait to be revived or rescued" not found (arg 6)
L 08/08/2026 - 23:47:21: [SM] Blaming: l4dmultislots.smx
L 08/08/2026 - 23:47:21: [SM] Call stack trace:
L 08/08/2026 - 23:47:21: [SM]   [0] PrintToChat
L 08/08/2026 - 23:47:21: [SM]   [1] Line 953, d:\Github\Private-Work\L4D2-插件\scripting_1.11\l4dmultislots.sp::Timer_SpecCheck
L 08/08/2026 - 23:47:29: [SM] Exception reported: Invalid timer handle e3100549 (error 3)
L 08/08/2026 - 23:47:29: [SM] Blaming: l4d2_playerjoining_v3.smx
L 08/08/2026 - 23:47:29: [SM] Call stack trace:
L 08/08/2026 - 23:47:29: [SM]   [0] KillTimer
L 08/08/2026 - 23:47:29: [SM]   [1] Line 56, D:\SteamLibrary\steamapps\common\Left 4 Dead 2\left4dead2\addons\sourcemod\scripting\l4d2_playerjoining_v3.sp::OnClientDisconnect
L 08/08/2026 - 23:47:31: [SM] Exception reported: Invalid timer handle bde00599 (error 1)
L 08/08/2026 - 23:47:31: [SM] Blaming: l4d2_playerjoining_v3.smx
L 08/08/2026 - 23:47:31: [SM] Call stack trace:
L 08/08/2026 - 23:47:31: [SM]   [0] KillTimer
L 08/08/2026 - 23:47:31: [SM]   [1] Line 56, D:\SteamLibrary\steamapps\common\Left 4 Dead 2\left4dead2\addons\sourcemod\scripting\l4d2_playerjoining_v3.sp::OnClientDisconnect
L 08/08/2026 - 23:47:42: [SM] Exception reported: Array index out-of-bounds (index 12, limit 12)
L 08/08/2026 - 23:47:42: [SM] Blaming: l4d2_tank_props_rock_v3.smx
L 08/08/2026 - 23:47:42: [SM] Call stack trace:
L 08/08/2026 - 23:47:42: [SM]   [1] Line 222, D:\SteamLibrary\steamapps\common\Left 4 Dead 2\left4dead2\addons\sourcemod\scripting\l4d2_tank_props_rock_v3.sp::Throw
L 08/08/2026 - 23:48:01: [SM] Exception reported: Array index out-of-bounds (index 13, limit 12)
L 08/08/2026 - 23:48:01: [SM] Blaming: l4d2_tank_props_rock_v3.smx
L 08/08/2026 - 23:48:01: [SM] Call stack trace:
L 08/08/2026 - 23:48:01: [SM]   [1] Line 222, D:\SteamLibrary\steamapps\common\Left 4 Dead 2\left4dead2\addons\sourcemod\scripting\l4d2_tank_props_rock_v3.sp::Throw
L 08/08/2026 - 23:48:01: [SM] Exception reported: Array index out-of-bounds (index 13, limit 12)
L 08/08/2026 - 23:48:01: [SM] Blaming: l4d2_tank_props_rock_v3.smx
L 08/08/2026 - 23:48:01: [SM] Call stack trace:
L 08/08/2026 - 23:48:01: [SM]   [1] Line 222, D:\SteamLibrary\steamapps\common\Left 4 Dead 2\left4dead2\addons\sourcemod\scripting\l4d2_tank_props_rock_v3.sp::Throw
L 08/08/2026 - 23:48:01: [SM] Exception reported: Array index out-of-bounds (index 13, limit 12)
L 08/08/2026 - 23:48:01: [SM] Blaming: l4d2_tank_props_rock_v3.smx
L 08/08/2026 - 23:48:01: [SM] Call stack trace:
L 08/08/2026 - 23:48:01: [SM]   [1] Line 222, D:\SteamLibrary\steamapps\common\Left 4 Dead 2\left4dead2\addons\sourcemod\scripting\l4d2_tank_props_rock_v3.sp::Throw
L 08/08/2026 - 23:49:12: [SM] Exception reported: Language phrase "Please wait to be revived or rescued" not found (arg 6)
L 08/08/2026 - 23:49:12: [SM] Blaming: l4dmultislots.smx
L 08/08/2026 - 23:49:12: [SM] Call stack trace:
L 08/08/2026 - 23:49:12: [SM]   [0] PrintToChat
L 08/08/2026 - 23:49:12: [SM]   [1] Line 953, d:\Github\Private-Work\L4D2-插件\scripting_1.11\l4dmultislots.sp::Timer_SpecCheck
L 08/08/2026 - 23:49:37: [SM] Exception reported: Language phrase "Please wait to be revived or rescued" not found (arg 6)
L 08/08/2026 - 23:49:37: [SM] Blaming: l4dmultislots.smx
L 08/08/2026 - 23:49:37: [SM] Call stack trace:
L 08/08/2026 - 23:49:37: [SM]   [0] PrintToChat
L 08/08/2026 - 23:49:37: [SM]   [1] Line 953, d:\Github\Private-Work\L4D2-插件\scripting_1.11\l4dmultislots.sp::Timer_SpecCheck
L 08/08/2026 - 23:50:02: [SM] Exception reported: Language phrase "Please wait to be revived or rescued" not found (arg 6)
L 08/08/2026 - 23:50:02: [SM] Blaming: l4dmultislots.smx
L 08/08/2026 - 23:50:02: [SM] Call stack trace:
L 08/08/2026 - 23:50:02: [SM]   [0] PrintToChat
L 08/08/2026 - 23:50:02: [SM]   [1] Line 953, d:\Github\Private-Work\L4D2-插件\scripting_1.11\l4dmultislots.sp::Timer_SpecCheck
L 08/08/2026 - 23:50:27: [SM] Exception reported: Language phrase "Please wait to be revived or rescued" not found (arg 6)
L 08/08/2026 - 23:50:27: [SM] Blaming: l4dmultislots.smx
L 08/08/2026 - 23:50:27: [SM] Call stack trace:
L 08/08/2026 - 23:50:27: [SM]   [0] PrintToChat
L 08/08/2026 - 23:50:27: [SM]   [1] Line 953, d:\Github\Private-Work\L4D2-插件\scripting_1.11\l4dmultislots.sp::Timer_SpecCheck
L 08/08/2026 - 23:50:40: [SM] Exception reported: Invalid timer handle bde00599 (error 3)
L 08/08/2026 - 23:50:40: [SM] Blaming: l4d2_playerjoining_v3.smx
L 08/08/2026 - 23:50:40: [SM] Call stack trace:
L 08/08/2026 - 23:50:40: [SM]   [0] KillTimer
L 08/08/2026 - 23:50:40: [SM]   [1] Line 56, D:\SteamLibrary\steamapps\common\Left 4 Dead 2\left4dead2\addons\sourcemod\scripting\l4d2_playerjoining_v3.sp::OnClientDisconnect
L 08/08/2026 - 23:50:40: [SM] Exception reported: Invalid timer handle e3100549 (error 3)
L 08/08/2026 - 23:50:40: [SM] Blaming: l4d2_playerjoining_v3.smx
L 08/08/2026 - 23:50:40: [SM] Call stack trace:
L 08/08/2026 - 23:50:40: [SM]   [0] KillTimer
L 08/08/2026 - 23:50:40: [SM]   [1] Line 56, D:\SteamLibrary\steamapps\common\Left 4 Dead 2\left4dead2\addons\sourcemod\scripting\l4d2_playerjoining_v3.sp::OnClientDisconnect
L 08/08/2026 - 23:50:49: [SM] Exception reported: Array index out-of-bounds (index 15, limit 12)
L 08/08/2026 - 23:50:49: [SM] Blaming: l4d2_tank_props_rock_v3.smx
L 08/08/2026 - 23:50:49: [SM] Call stack trace:
L 08/08/2026 - 23:50:49: [SM]   [1] Line 222, D:\SteamLibrary\steamapps\common\Left 4 Dead 2\left4dead2\addons\sourcemod\scripting\l4d2_tank_props_rock_v3.sp::Throw
L 08/08/2026 - 23:50:52: [SM] Exception reported: Language phrase "Please wait to be revived or rescued" not found (arg 6)
L 08/08/2026 - 23:50:52: [SM] Blaming: l4dmultislots.smx
L 08/08/2026 - 23:50:52: [SM] Call stack trace:
L 08/08/2026 - 23:50:52: [SM]   [0] PrintToChat
L 08/08/2026 - 23:50:52: [SM]   [1] Line 953, d:\Github\Private-Work\L4D2-插件\scripting_1.11\l4dmultislots.sp::Timer_SpecCheck
L 08/08/2026 - 23:51:05: [SM] Exception reported: Invalid timer handle 182005a7 (error 3)
L 08/08/2026 - 23:51:05: [SM] Blaming: l4d2_playerjoining_v3.smx
L 08/08/2026 - 23:51:05: [SM] Call stack trace:
L 08/08/2026 - 23:51:05: [SM]   [0] KillTimer
L 08/08/2026 - 23:51:05: [SM]   [1] Line 56, D:\SteamLibrary\steamapps\common\Left 4 Dead 2\left4dead2\addons\sourcemod\scripting\l4d2_playerjoining_v3.sp::OnClientDisconnect
L 08/08/2026 - 23:51:17: [SM] Exception reported: Language phrase "Please wait to be revived or rescued" not found (arg 6)
L 08/08/2026 - 23:51:17: [SM] Blaming: l4dmultislots.smx
L 08/08/2026 - 23:51:17: [SM] Call stack trace:
L 08/08/2026 - 23:51:17: [SM]   [0] PrintToChat
L 08/08/2026 - 23:51:17: [SM]   [1] Line 953, d:\Github\Private-Work\L4D2-插件\scripting_1.11\l4dmultislots.sp::Timer_SpecCheck
L 08/08/2026 - 23:51:33: [SM] Exception reported: Array index out-of-bounds (index 13, limit 12)
L 08/08/2026 - 23:51:33: [SM] Blaming: l4d2_tank_props_rock_v3.smx
L 08/08/2026 - 23:51:33: [SM] Call stack trace:
L 08/08/2026 - 23:51:33: [SM]   [1] Line 222, D:\SteamLibrary\steamapps\common\Left 4 Dead 2\left4dead2\addons\sourcemod\scripting\l4d2_tank_props_rock_v3.sp::Throw
L 08/08/2026 - 23:51:33: [SM] Exception reported: Array index out-of-bounds (index 12, limit 12)
L 08/08/2026 - 23:51:33: [SM] Blaming: l4d2_tank_props_rock_v3.smx
L 08/08/2026 - 23:51:33: [SM] Call stack trace:
L 08/08/2026 - 23:51:33: [SM]   [1] Line 222, D:\SteamLibrary\steamapps\common\Left 4 Dead 2\left4dead2\addons\sourcemod\scripting\l4d2_tank_props_rock_v3.sp::Throw
L 08/08/2026 - 23:51:42: [SM] Exception reported: Language phrase "Please wait to be revived or rescued" not found (arg 6)
L 08/08/2026 - 23:51:42: [SM] Blaming: l4dmultislots.smx
L 08/08/2026 - 23:51:42: [SM] Call stack trace:
L 08/08/2026 - 23:51:42: [SM]   [0] PrintToChat
L 08/08/2026 - 23:51:42: [SM]   [1] Line 953, d:\Github\Private-Work\L4D2-插件\scripting_1.11\l4dmultislots.sp::Timer_SpecCheck
L 08/08/2026 - 23:51:49: [SM] Exception reported: Array index out-of-bounds (index 15, limit 12)
L 08/08/2026 - 23:51:49: [SM] Blaming: l4d2_tank_props_rock_v3.smx
L 08/08/2026 - 23:51:49: [SM] Call stack trace:
L 08/08/2026 - 23:51:49: [SM]   [1] Line 222, D:\SteamLibrary\steamapps\common\Left 4 Dead 2\left4dead2\addons\sourcemod\scripting\l4d2_tank_props_rock_v3.sp::Throw
L 08/08/2026 - 23:52:07: [SM] Exception reported: Language phrase "Please wait to be revived or rescued" not found (arg 6)
L 08/08/2026 - 23:52:07: [SM] Blaming: l4dmultislots.smx
L 08/08/2026 - 23:52:07: [SM] Call stack trace:
L 08/08/2026 - 23:52:07: [SM]   [0] PrintToChat
L 08/08/2026 - 23:52:07: [SM]   [1] Line 953, d:\Github\Private-Work\L4D2-插件\scripting_1.11\l4dmultislots.sp::Timer_SpecCheck
L 08/08/2026 - 23:52:32: [SM] Exception reported: Language phrase "Please wait to be revived or rescued" not found (arg 6)
L 08/08/2026 - 23:52:32: [SM] Blaming: l4dmultislots.smx
L 08/08/2026 - 23:52:32: [SM] Call stack trace:
L 08/08/2026 - 23:52:32: [SM]   [0] PrintToChat
L 08/08/2026 - 23:52:32: [SM]   [1] Line 953, d:\Github\Private-Work\L4D2-插件\scripting_1.11\l4dmultislots.sp::Timer_SpecCheck
L 08/08/2026 - 23:52:37: [SM] Exception reported: Invalid timer handle e3100549 (error 3)
L 08/08/2026 - 23:52:37: [SM] Blaming: l4d2_playerjoining_v3.smx
L 08/08/2026 - 23:52:37: [SM] Call stack trace:
L 08/08/2026 - 23:52:37: [SM]   [0] KillTimer
L 08/08/2026 - 23:52:37: [SM]   [1] Line 56, D:\SteamLibrary\steamapps\common\Left 4 Dead 2\left4dead2\addons\sourcemod\scripting\l4d2_playerjoining_v3.sp::OnClientDisconnect
L 08/08/2026 - 23:52:38: [SM] Exception reported: Invalid timer handle bde00599 (error 3)
L 08/08/2026 - 23:52:38: [SM] Blaming: l4d2_playerjoining_v3.smx
L 08/08/2026 - 23:52:38: [SM] Call stack trace:
L 08/08/2026 - 23:52:38: [SM]   [0] KillTimer
L 08/08/2026 - 23:52:38: [SM]   [1] Line 56, D:\SteamLibrary\steamapps\common\Left 4 Dead 2\left4dead2\addons\sourcemod\scripting\l4d2_playerjoining_v3.sp::OnClientDisconnect
L 08/08/2026 - 23:52:41: [SM] Exception reported: Invalid timer handle 182005a7 (error 3)
L 08/08/2026 - 23:52:41: [SM] Blaming: l4d2_playerjoining_v3.smx
L 08/08/2026 - 23:52:41: [SM] Call stack trace:
L 08/08/2026 - 23:52:41: [SM]   [0] KillTimer
L 08/08/2026 - 23:52:41: [SM]   [1] Line 56, D:\SteamLibrary\steamapps\common\Left 4 Dead 2\left4dead2\addons\sourcemod\scripting\l4d2_playerjoining_v3.sp::OnClientDisconnect
L 08/08/2026 - 23:52:57: [SM] Exception reported: Language phrase "Please wait to be revived or rescued" not found (arg 6)
L 08/08/2026 - 23:52:57: [SM] Blaming: l4dmultislots.smx
L 08/08/2026 - 23:52:57: [SM] Call stack trace:
L 08/08/2026 - 23:52:57: [SM]   [0] PrintToChat
L 08/08/2026 - 23:52:57: [SM]   [1] Line 953, d:\Github\Private-Work\L4D2-插件\scripting_1.11\l4dmultislots.sp::Timer_SpecCheck
L 08/08/2026 - 23:53:22: [SM] Exception reported: Language phrase "Please wait to be revived or rescued" not found (arg 6)
L 08/08/2026 - 23:53:22: [SM] Blaming: l4dmultislots.smx
L 08/08/2026 - 23:53:22: [SM] Call stack trace:
L 08/08/2026 - 23:53:22: [SM]   [0] PrintToChat
L 08/08/2026 - 23:53:22: [SM]   [1] Line 953, d:\Github\Private-Work\L4D2-插件\scripting_1.11\l4dmultislots.sp::Timer_SpecCheck
L 08/08/2026 - 23:53:47: [SM] Exception reported: Language phrase "Please wait to be revived or rescued" not found (arg 6)
L 08/08/2026 - 23:53:47: [SM] Blaming: l4dmultislots.smx
L 08/08/2026 - 23:53:47: [SM] Call stack trace:
L 08/08/2026 - 23:53:47: [SM]   [0] PrintToChat
L 08/08/2026 - 23:53:47: [SM]   [1] Line 953, d:\Github\Private-Work\L4D2-插件\scripting_1.11\l4dmultislots.sp::Timer_SpecCheck
L 08/08/2026 - 23:54:00: [SM] Exception reported: Invalid timer handle 182005a7 (error 3)
L 08/08/2026 - 23:54:00: [SM] Blaming: l4d2_playerjoining_v3.smx
L 08/08/2026 - 23:54:00: [SM] Call stack trace:
L 08/08/2026 - 23:54:00: [SM]   [0] KillTimer
L 08/08/2026 - 23:54:00: [SM]   [1] Line 56, D:\SteamLibrary\steamapps\common\Left 4 Dead 2\left4dead2\addons\sourcemod\scripting\l4d2_playerjoining_v3.sp::OnClientDisconnect
L 08/08/2026 - 23:54:12: [SM] Exception reported: Language phrase "Please wait to be revived or rescued" not found (arg 6)
L 08/08/2026 - 23:54:12: [SM] Blaming: l4dmultislots.smx
L 08/08/2026 - 23:54:12: [SM] Call stack trace:
L 08/08/2026 - 23:54:12: [SM]   [0] PrintToChat
L 08/08/2026 - 23:54:12: [SM]   [1] Line 953, d:\Github\Private-Work\L4D2-插件\scripting_1.11\l4dmultislots.sp::Timer_SpecCheck
L 08/08/2026 - 23:54:35: [SM] Exception reported: Invalid timer handle e3100549 (error 3)
L 08/08/2026 - 23:54:35: [SM] Blaming: l4d2_playerjoining_v3.smx
L 08/08/2026 - 23:54:35: [SM] Call stack trace:
L 08/08/2026 - 23:54:35: [SM]   [0] KillTimer
L 08/08/2026 - 23:54:35: [SM]   [1] Line 56, D:\SteamLibrary\steamapps\common\Left 4 Dead 2\left4dead2\addons\sourcemod\scripting\l4d2_playerjoining_v3.sp::OnClientDisconnect
L 08/08/2026 - 23:54:37: [SM] Exception reported: Language phrase "Please wait to be revived or rescued" not found (arg 6)
L 08/08/2026 - 23:54:37: [SM] Blaming: l4dmultislots.smx
L 08/08/2026 - 23:54:37: [SM] Call stack trace:
L 08/08/2026 - 23:54:37: [SM]   [0] PrintToChat
L 08/08/2026 - 23:54:37: [SM]   [1] Line 953, d:\Github\Private-Work\L4D2-插件\scripting_1.11\l4dmultislots.sp::Timer_SpecCheck
L 08/08/2026 - 23:54:54: [SM] Exception reported: Invalid timer handle bde00599 (error 3)
L 08/08/2026 - 23:54:54: [SM] Blaming: l4d2_playerjoining_v3.smx
L 08/08/2026 - 23:54:54: [SM] Call stack trace:
L 08/08/2026 - 23:54:54: [SM]   [0] KillTimer
L 08/08/2026 - 23:54:54: [SM]   [1] Line 56, D:\SteamLibrary\steamapps\common\Left 4 Dead 2\left4dead2\addons\sourcemod\scripting\l4d2_playerjoining_v3.sp::OnClientDisconnect
L 08/08/2026 - 23:54:54: [SM] Exception reported: Invalid timer handle 182005a7 (error 3)
L 08/08/2026 - 23:54:54: [SM] Blaming: l4d2_playerjoining_v3.smx
L 08/08/2026 - 23:54:54: [SM] Call stack trace:
L 08/08/2026 - 23:54:54: [SM]   [0] KillTimer
L 08/08/2026 - 23:54:54: [SM]   [1] Line 56, D:\SteamLibrary\steamapps\common\Left 4 Dead 2\left4dead2\addons\sourcemod\scripting\l4d2_playerjoining_v3.sp::OnClientDisconnect
L 08/08/2026 - 23:54:54: [SM] Exception reported: Invalid timer handle e3100549 (error 3)
L 08/08/2026 - 23:54:54: [SM] Blaming: l4d2_playerjoining_v3.smx
L 08/08/2026 - 23:54:54: [SM] Call stack trace:
L 08/08/2026 - 23:54:54: [SM]   [0] KillTimer
L 08/08/2026 - 23:54:54: [SM]   [1] Line 56, D:\SteamLibrary\steamapps\common\Left 4 Dead 2\left4dead2\addons\sourcemod\scripting\l4d2_playerjoining_v3.sp::OnClientDisconnect
L 08/08/2026 - 23:54:56: Error log file session closed.
L 08/08/2026 - 23:54:56: SourceMod error session started
L 08/08/2026 - 23:54:56: Info (map "c2m3_coaster") (file "d:\steamlibrary\steamapps\common\left 4 dead 2\left4dead2\addons\sourcemod\logs\errors_20260808.log")
L 08/08/2026 - 23:54:56: [SM] Fatal error encountered parsing translation file "l4d_nth.phrases.txt"
L 08/08/2026 - 23:54:56: [SM] Error (line 0, column 0): Stream failed to open
L 08/08/2026 - 23:54:56: [SM] Fatal error encountered parsing translation file "chargersteering.phrases.txt"
L 08/08/2026 - 23:54:56: [SM] Error (line 0, column 0): Stream failed to open
L 08/08/2026 - 23:54:59: [l4d2_publicity.smx] [Publicity] No se encontraron mensajes en el archivo de configuración
L 08/08/2026 - 23:54:59: [SM] Exception reported: Array index out-of-bounds (index 12, limit 12)
L 08/08/2026 - 23:54:59: [SM] Blaming: l4d2_tank_props_rock_v3.smx
L 08/08/2026 - 23:54:59: [SM] Call stack trace:
L 08/08/2026 - 23:54:59: [SM]   [1] Line 142, D:\SteamLibrary\steamapps\common\Left 4 Dead 2\left4dead2\addons\sourcemod\scripting\l4d2_tank_props_rock_v3.sp::OnMapStart
L 08/08/2026 - 23:55:16: [SM] Exception reported: Invalid timer handle bde00599 (error 3)
L 08/08/2026 - 23:55:17: [SM] Blaming: l4d2_playerjoining_v3.smx
L 08/08/2026 - 23:55:17: [SM] Call stack trace:
L 08/08/2026 - 23:55:17: [SM]   [0] KillTimer
L 08/08/2026 - 23:55:17: [SM]   [1] Line 56, D:\SteamLibrary\steamapps\common\Left 4 Dead 2\left4dead2\addons\sourcemod\scripting\l4d2_playerjoining_v3.sp::OnClientDisconnect
L 08/08/2026 - 23:55:37: [SM] Exception reported: Property "m_vecAngularVelocity" not found (entity 350/weapon_smg)
L 08/08/2026 - 23:55:37: [SM] Blaming: l4d2_tank_core v4_7.smx
L 08/08/2026 - 23:55:37: [SM] Call stack trace:
L 08/08/2026 - 23:55:37: [SM]   [0] SetEntPropVector
L 08/08/2026 - 23:55:37: [SM]   [1] Line 597, D:\SteamLibrary\steamapps\common\Left 4 Dead 2\left4dead2\addons\sourcemod\scripting\l4d2_tank_core v4_7.sp::DropItemsPhysically
L 08/08/2026 - 23:55:37: [SM]   [2] Line 516, D:\SteamLibrary\steamapps\common\Left 4 Dead 2\left4dead2\addons\sourcemod\scripting\l4d2_tank_core v4_7.sp::Event_PlayerHurt
L 08/08/2026 - 23:55:41: [SM] Exception reported: Property "m_vecAngularVelocity" not found (entity 349/weapon_pistol)
L 08/08/2026 - 23:55:41: [SM] Blaming: l4d2_tank_core v4_7.smx
L 08/08/2026 - 23:55:41: [SM] Call stack trace:
L 08/08/2026 - 23:55:41: [SM]   [0] SetEntPropVector
L 08/08/2026 - 23:55:41: [SM]   [1] Line 597, D:\SteamLibrary\steamapps\common\Left 4 Dead 2\left4dead2\addons\sourcemod\scripting\l4d2_tank_core v4_7.sp::DropItemsPhysically
L 08/08/2026 - 23:55:41: [SM]   [2] Line 516, D:\SteamLibrary\steamapps\common\Left 4 Dead 2\left4dead2\addons\sourcemod\scripting\l4d2_tank_core v4_7.sp::Event_PlayerHurt
L 08/08/2026 - 23:55:53: [SM] Exception reported: Property "m_vecAngularVelocity" not found (entity 352/weapon_first_aid_kit)
L 08/08/2026 - 23:55:53: [SM] Blaming: l4d2_tank_core v4_7.smx
L 08/08/2026 - 23:55:53: [SM] Call stack trace:
L 08/08/2026 - 23:55:53: [SM]   [0] SetEntPropVector
L 08/08/2026 - 23:55:53: [SM]   [1] Line 597, D:\SteamLibrary\steamapps\common\Left 4 Dead 2\left4dead2\addons\sourcemod\scripting\l4d2_tank_core v4_7.sp::DropItemsPhysically
L 08/08/2026 - 23:55:53: [SM]   [2] Line 516, D:\SteamLibrary\steamapps\common\Left 4 Dead 2\left4dead2\addons\sourcemod\scripting\l4d2_tank_core v4_7.sp::Event_PlayerHurt
L 08/08/2026 - 23:56:01: [SM] Exception reported: Language phrase "Please wait to be revived or rescued" not found (arg 6)
L 08/08/2026 - 23:56:01: [SM] Blaming: l4dmultislots.smx
L 08/08/2026 - 23:56:01: [SM] Call stack trace:
L 08/08/2026 - 23:56:01: [SM]   [0] PrintToChat
L 08/08/2026 - 23:56:01: [SM]   [1] Line 953, d:\Github\Private-Work\L4D2-插件\scripting_1.11\l4dmultislots.sp::Timer_SpecCheck
L 08/08/2026 - 23:56:26: [SM] Exception reported: Language phrase "Please wait to be revived or rescued" not found (arg 6)
L 08/08/2026 - 23:56:26: [SM] Blaming: l4dmultislots.smx
L 08/08/2026 - 23:56:26: [SM] Call stack trace:
L 08/08/2026 - 23:56:26: [SM]   [0] PrintToChat
L 08/08/2026 - 23:56:26: [SM]   [1] Line 953, d:\Github\Private-Work\L4D2-插件\scripting_1.11\l4dmultislots.sp::Timer_SpecCheck
L 08/08/2026 - 23:56:37: [SM] Exception reported: Property "m_vecAngularVelocity" not found (entity 1087/weapon_smg_silenced)
L 08/08/2026 - 23:56:37: [SM] Blaming: l4d2_tank_core v4_7.smx
L 08/08/2026 - 23:56:37: [SM] Call stack trace:
L 08/08/2026 - 23:56:37: [SM]   [0] SetEntPropVector
L 08/08/2026 - 23:56:37: [SM]   [1] Line 597, D:\SteamLibrary\steamapps\common\Left 4 Dead 2\left4dead2\addons\sourcemod\scripting\l4d2_tank_core v4_7.sp::DropItemsPhysically
L 08/08/2026 - 23:56:37: [SM]   [2] Line 516, D:\SteamLibrary\steamapps\common\Left 4 Dead 2\left4dead2\addons\sourcemod\scripting\l4d2_tank_core v4_7.sp::Event_PlayerHurt
L 08/08/2026 - 23:56:45: [SM] Exception reported: Invalid timer handle 182005a7 (error 1)
L 08/08/2026 - 23:56:45: [SM] Blaming: l4d2_playerjoining_v3.smx
L 08/08/2026 - 23:56:45: [SM] Call stack trace:
L 08/08/2026 - 23:56:45: [SM]   [0] KillTimer
L 08/08/2026 - 23:56:45: [SM]   [1] Line 56, D:\SteamLibrary\steamapps\common\Left 4 Dead 2\left4dead2\addons\sourcemod\scripting\l4d2_playerjoining_v3.sp::OnClientDisconnect
L 08/08/2026 - 23:56:45: [SM] Exception reported: Invalid timer handle e3100549 (error 3)
L 08/08/2026 - 23:56:45: [SM] Blaming: l4d2_playerjoining_v3.smx
L 08/08/2026 - 23:56:45: [SM] Call stack trace:
L 08/08/2026 - 23:56:45: [SM]   [0] KillTimer
L 08/08/2026 - 23:56:45: [SM]   [1] Line 56, D:\SteamLibrary\steamapps\common\Left 4 Dead 2\left4dead2\addons\sourcemod\scripting\l4d2_playerjoining_v3.sp::OnClientDisconnect
L 08/08/2026 - 23:56:45: [SM] Exception reported: Invalid timer handle bde00599 (error 1)
L 08/08/2026 - 23:56:45: [SM] Blaming: l4d2_playerjoining_v3.smx
L 08/08/2026 - 23:56:45: [SM] Call stack trace:
L 08/08/2026 - 23:56:45: [SM]   [0] KillTimer
L 08/08/2026 - 23:56:45: [SM]   [1] Line 56, D:\SteamLibrary\steamapps\common\Left 4 Dead 2\left4dead2\addons\sourcemod\scripting\l4d2_playerjoining_v3.sp::OnClientDisconnect
L 08/08/2026 - 23:56:59: [SM] Exception reported: Invalid timer handle e790059c (error 1)
L 08/08/2026 - 23:56:59: [SM] Blaming: l4d2_playerjoining_v3.smx
L 08/08/2026 - 23:56:59: [SM] Call stack trace:
L 08/08/2026 - 23:56:59: [SM]   [0] KillTimer
L 08/08/2026 - 23:56:59: [SM]   [1] Line 56, D:\SteamLibrary\steamapps\common\Left 4 Dead 2\left4dead2\addons\sourcemod\scripting\l4d2_playerjoining_v3.sp::OnClientDisconnect
L 08/08/2026 - 23:57:36: [SM] Exception reported: Language phrase "Please wait to be revived or rescued" not found (arg 6)
L 08/08/2026 - 23:57:36: [SM] Blaming: l4dmultislots.smx
L 08/08/2026 - 23:57:36: [SM] Call stack trace:
L 08/08/2026 - 23:57:36: [SM]   [0] PrintToChat
L 08/08/2026 - 23:57:36: [SM]   [1] Line 953, d:\Github\Private-Work\L4D2-插件\scripting_1.11\l4dmultislots.sp::Timer_SpecCheck
L 08/08/2026 - 23:57:47: [SM] Exception reported: Invalid timer handle bde00599 (error 3)
L 08/08/2026 - 23:57:47: [SM] Blaming: l4d2_playerjoining_v3.smx
L 08/08/2026 - 23:57:47: [SM] Call stack trace:
L 08/08/2026 - 23:57:47: [SM]   [0] KillTimer
L 08/08/2026 - 23:57:47: [SM]   [1] Line 56, D:\SteamLibrary\steamapps\common\Left 4 Dead 2\left4dead2\addons\sourcemod\scripting\l4d2_playerjoining_v3.sp::OnClientDisconnect
L 08/08/2026 - 23:58:01: [SM] Exception reported: Language phrase "Please wait to be revived or rescued" not found (arg 6)
L 08/08/2026 - 23:58:01: [SM] Blaming: l4dmultislots.smx
L 08/08/2026 - 23:58:01: [SM] Call stack trace:
L 08/08/2026 - 23:58:01: [SM]   [0] PrintToChat
L 08/08/2026 - 23:58:01: [SM]   [1] Line 953, d:\Github\Private-Work\L4D2-插件\scripting_1.11\l4dmultislots.sp::Timer_SpecCheck
L 08/08/2026 - 23:58:14: [SM] Exception reported: Invalid timer handle 182005a7 (error 1)
L 08/08/2026 - 23:58:14: [SM] Blaming: l4d2_playerjoining_v3.smx
L 08/08/2026 - 23:58:14: [SM] Call stack trace:
L 08/08/2026 - 23:58:14: [SM]   [0] KillTimer
L 08/08/2026 - 23:58:14: [SM]   [1] Line 56, D:\SteamLibrary\steamapps\common\Left 4 Dead 2\left4dead2\addons\sourcemod\scripting\l4d2_playerjoining_v3.sp::OnClientDisconnect
L 08/08/2026 - 23:58:21: [SM] Exception reported: Invalid timer handle e790059c (error 1)
L 08/08/2026 - 23:58:21: [SM] Blaming: l4d2_playerjoining_v3.smx
L 08/08/2026 - 23:58:21: [SM] Call stack trace:
L 08/08/2026 - 23:58:21: [SM]   [0] KillTimer
L 08/08/2026 - 23:58:21: [SM]   [1] Line 56, D:\SteamLibrary\steamapps\common\Left 4 Dead 2\left4dead2\addons\sourcemod\scripting\l4d2_playerjoining_v3.sp::OnClientDisconnect
L 08/08/2026 - 23:58:21: [SM] Exception reported: Invalid timer handle bde00599 (error 1)
L 08/08/2026 - 23:58:21: [SM] Blaming: l4d2_playerjoining_v3.smx
L 08/08/2026 - 23:58:21: [SM] Call stack trace:
L 08/08/2026 - 23:58:21: [SM]   [0] KillTimer
L 08/08/2026 - 23:58:21: [SM]   [1] Line 56, D:\SteamLibrary\steamapps\common\Left 4 Dead 2\left4dead2\addons\sourcemod\scripting\l4d2_playerjoining_v3.sp::OnClientDisconnect
L 08/08/2026 - 23:58:21: [SM] Exception reported: Invalid timer handle e3100549 (error 3)
L 08/08/2026 - 23:58:21: [SM] Blaming: l4d2_playerjoining_v3.smx
L 08/08/2026 - 23:58:21: [SM] Call stack trace:
L 08/08/2026 - 23:58:21: [SM]   [0] KillTimer
L 08/08/2026 - 23:58:21: [SM]   [1] Line 56, D:\SteamLibrary\steamapps\common\Left 4 Dead 2\left4dead2\addons\sourcemod\scripting\l4d2_playerjoining_v3.sp::OnClientDisconnect
L 08/08/2026 - 23:59:38: [SM] Exception reported: Invalid timer handle e790059c (error 3)
L 08/08/2026 - 23:59:38: [SM] Blaming: l4d2_playerjoining_v3.smx
L 08/08/2026 - 23:59:38: [SM] Call stack trace:
L 08/08/2026 - 23:59:38: [SM]   [0] KillTimer
L 08/08/2026 - 23:59:38: [SM]   [1] Line 56, D:\SteamLibrary\steamapps\common\Left 4 Dead 2\left4dead2\addons\sourcemod\scripting\l4d2_playerjoining_v3.sp::OnClientDisconnect
L 08/08/2026 - 23:59:55: [SM] Exception reported: Array index out-of-bounds (index 13, limit 12)
L 08/08/2026 - 23:59:55: [SM] Blaming: l4d2_tank_props_rock_v3.smx
L 08/08/2026 - 23:59:55: [SM] Call stack trace:
L 08/08/2026 - 23:59:55: [SM]   [1] Line 222, D:\SteamLibrary\steamapps\common\Left 4 Dead 2\left4dead2\addons\sourcemod\scripting\l4d2_tank_props_rock_v3.sp::Throw
L 08/08/2026 - 23:59:55: [SM] Exception reported: Array index out-of-bounds (index 12, limit 12)
L 08/08/2026 - 23:59:55: [SM] Blaming: l4d2_tank_props_rock_v3.smx
L 08/08/2026 - 23:59:55: [SM] Call stack trace:
L 08/08/2026 - 23:59:55: [SM]   [1] Line 222, D:\SteamLibrary\steamapps\common\Left 4 Dead 2\left4dead2\addons\sourcemod\scripting\l4d2_tank_props_rock_v3.sp::Throw
L 08/09/2026 - 00:00:09: Error log file session closed.
