L 06/21/2026 - 16:19:56: SourceMod error session started
L 06/21/2026 - 16:19:56: Info (map "hls_05") (file "d:\steamlibrary\steamapps\common\left 4 dead 2\left4dead2\addons\sourcemod\logs\errors_20260621.log")
L 06/21/2026 - 16:19:56: [SM] Failed to load plugin "cannounce.smx": Get a dedicated server. This plugin does not work on Listen servers..
L 06/21/2026 - 16:19:57: [SM] Failed to load plugin "LMCL4D1CDeathHandler.smx": Plugin only supports Left 4 Dead.
L 06/21/2026 - 16:19:57: [SM] Failed to load plugin "LMCL4D1SetTransmit.smx": Plugin only supports Left 4 Dead.
L 06/21/2026 - 16:19:57: [SM] Failed to load plugin "LMC_L4D1_Menu_Choosing.smx": Plugin only supports Left 4 Dead.
L 06/21/2026 - 16:19:57: [SM] Failed to load plugin "LMC_L4D1_RandomSpawns.smx": Plugin only supports Left 4 Dead.
L 06/21/2026 - 16:19:57: [SM] Failed to load plugin "nextmap.smx": Nextmap is incompatible with this game.
L 06/21/2026 - 16:19:57: [SM] Failed to load plugin "[L4D2] Left4dhooks.smx": 
====================
This plugin replaces Left4Downtown. Delete the extension to run.
====================.
L 06/21/2026 - 16:19:57: [SM] Fatal error encountered parsing translation file "l4d_nth.phrases.txt"
L 06/21/2026 - 16:19:57: [SM] Error (line 0, column 0): Stream failed to open
L 06/21/2026 - 16:19:57: [SM] Fatal error encountered parsing translation file "chargersteering.phrases.txt"
L 06/21/2026 - 16:19:57: [SM] Error (line 0, column 0): Stream failed to open
L 06/21/2026 - 16:19:57: [l4d2_publicity.smx] [Publicity] No se encontraron mensajes en el archivo de configuración
L 06/21/2026 - 16:19:57: [SM] Fatal error encountered parsing translation file "l4dmultislots.phrases.txt"
L 06/21/2026 - 16:19:57: [SM] Error (line 0, column 0): Stream failed to open
L 06/21/2026 - 16:19:58: [SM] Unable to load plugin "lilac_by_l4d2.smx": Native "IRC_MsgFlaggedChannels" was not found
L 06/21/2026 - 16:20:11: [l4d2_publicity.smx] [Publicity] No se encontraron mensajes en el archivo de configuración
L 06/21/2026 - 16:20:12: [SM] Exception reported: Array index out-of-bounds (index 12, limit 12)
L 06/21/2026 - 16:20:12: [SM] Blaming: l4d2_tank_props_rock_v3.smx
L 06/21/2026 - 16:20:12: [SM] Call stack trace:
L 06/21/2026 - 16:20:12: [SM]   [1] Line 142, D:\SteamLibrary\steamapps\common\Left 4 Dead 2\left4dead2\addons\sourcemod\scripting\l4d2_tank_props_rock_v3.sp::OnMapStart
L 06/21/2026 - 16:22:54: Error log file session closed.
L 06/21/2026 - 16:22:54: SourceMod error session started
L 06/21/2026 - 16:22:54: Info (map "hls_05") (file "d:\steamlibrary\steamapps\common\left 4 dead 2\left4dead2\addons\sourcemod\logs\errors_20260621.log")
L 06/21/2026 - 16:22:54: [SM] Fatal error encountered parsing translation file "l4d_nth.phrases.txt"
L 06/21/2026 - 16:22:54: [SM] Error (line 0, column 0): Stream failed to open
L 06/21/2026 - 16:22:54: [SM] Fatal error encountered parsing translation file "chargersteering.phrases.txt"
L 06/21/2026 - 16:22:54: [SM] Error (line 0, column 0): Stream failed to open
L 06/21/2026 - 16:22:54: [SM] Fatal error encountered parsing translation file "l4dmultislots.phrases.txt"
L 06/21/2026 - 16:22:54: [SM] Error (line 0, column 0): Stream failed to open
L 06/21/2026 - 16:22:56: [l4d2_publicity.smx] [Publicity] No se encontraron mensajes en el archivo de configuración
L 06/21/2026 - 16:22:56: [SM] Exception reported: Array index out-of-bounds (index 12, limit 12)
L 06/21/2026 - 16:22:56: [SM] Blaming: l4d2_tank_props_rock_v3.smx
L 06/21/2026 - 16:22:56: [SM] Call stack trace:
L 06/21/2026 - 16:22:56: [SM]   [1] Line 142, D:\SteamLibrary\steamapps\common\Left 4 Dead 2\left4dead2\addons\sourcemod\scripting\l4d2_tank_props_rock_v3.sp::OnMapStart
L 06/21/2026 - 16:23:41: [SM] Exception reported: Client index 0 is invalid
L 06/21/2026 - 16:23:41: [SM] Blaming: l4d2_tank_core v4_5_1.smx
L 06/21/2026 - 16:23:41: [SM] Call stack trace:
L 06/21/2026 - 16:23:41: [SM]   [0] GetClientUserId
L 06/21/2026 - 16:23:41: [SM]   [1] Line 1077, D:\SteamLibrary\steamapps\common\Left 4 Dead 2\left4dead2\addons\sourcemod\scripting\l4d2_tank_core v4_5_1.sp::Event_PlayerDeath
L 06/21/2026 - 16:23:43: [SM] Exception reported: Client index 0 is invalid
L 06/21/2026 - 16:23:43: [SM] Blaming: l4d2_tank_core v4_5_1.smx
L 06/21/2026 - 16:23:43: [SM] Call stack trace:
L 06/21/2026 - 16:23:43: [SM]   [0] GetClientUserId
L 06/21/2026 - 16:23:43: [SM]   [1] Line 1077, D:\SteamLibrary\steamapps\common\Left 4 Dead 2\left4dead2\addons\sourcemod\scripting\l4d2_tank_core v4_5_1.sp::Event_PlayerDeath
L 06/21/2026 - 16:23:45: [SM] Exception reported: Client index 0 is invalid
L 06/21/2026 - 16:23:45: [SM] Blaming: l4d2_tank_core v4_5_1.smx
L 06/21/2026 - 16:23:45: [SM] Call stack trace:
L 06/21/2026 - 16:23:45: [SM]   [0] GetClientUserId
L 06/21/2026 - 16:23:45: [SM]   [1] Line 1077, D:\SteamLibrary\steamapps\common\Left 4 Dead 2\left4dead2\addons\sourcemod\scripting\l4d2_tank_core v4_5_1.sp::Event_PlayerDeath
L 06/21/2026 - 16:23:46: [SM] Exception reported: Client index 0 is invalid
L 06/21/2026 - 16:23:46: [SM] Blaming: l4d2_tank_core v4_5_1.smx
L 06/21/2026 - 16:23:46: [SM] Call stack trace:
L 06/21/2026 - 16:23:46: [SM]   [0] GetClientUserId
L 06/21/2026 - 16:23:46: [SM]   [1] Line 1077, D:\SteamLibrary\steamapps\common\Left 4 Dead 2\left4dead2\addons\sourcemod\scripting\l4d2_tank_core v4_5_1.sp::Event_PlayerDeath
L 06/21/2026 - 16:23:46: [SM] Exception reported: Client index 0 is invalid
L 06/21/2026 - 16:23:46: [SM] Blaming: l4d2_tank_core v4_5_1.smx
L 06/21/2026 - 16:23:46: [SM] Call stack trace:
L 06/21/2026 - 16:23:46: [SM]   [0] GetClientUserId
L 06/21/2026 - 16:23:46: [SM]   [1] Line 1077, D:\SteamLibrary\steamapps\common\Left 4 Dead 2\left4dead2\addons\sourcemod\scripting\l4d2_tank_core v4_5_1.sp::Event_PlayerDeath
L 06/21/2026 - 16:23:51: [SM] Exception reported: Client index 0 is invalid
L 06/21/2026 - 16:23:51: [SM] Blaming: l4d2_tank_core v4_5_1.smx
L 06/21/2026 - 16:23:51: [SM] Call stack trace:
L 06/21/2026 - 16:23:51: [SM]   [0] GetClientUserId
L 06/21/2026 - 16:23:51: [SM]   [1] Line 1077, D:\SteamLibrary\steamapps\common\Left 4 Dead 2\left4dead2\addons\sourcemod\scripting\l4d2_tank_core v4_5_1.sp::Event_PlayerDeath
L 06/21/2026 - 16:23:51: [SM] Exception reported: Client index 0 is invalid
L 06/21/2026 - 16:23:51: [SM] Blaming: l4d2_tank_core v4_5_1.smx
L 06/21/2026 - 16:23:51: [SM] Call stack trace:
L 06/21/2026 - 16:23:51: [SM]   [0] GetClientUserId
L 06/21/2026 - 16:23:51: [SM]   [1] Line 1077, D:\SteamLibrary\steamapps\common\Left 4 Dead 2\left4dead2\addons\sourcemod\scripting\l4d2_tank_core v4_5_1.sp::Event_PlayerDeath
L 06/21/2026 - 16:23:51: [SM] Exception reported: Client index 0 is invalid
L 06/21/2026 - 16:23:51: [SM] Blaming: l4d2_tank_core v4_5_1.smx
L 06/21/2026 - 16:23:51: [SM] Call stack trace:
L 06/21/2026 - 16:23:51: [SM]   [0] GetClientUserId
L 06/21/2026 - 16:23:51: [SM]   [1] Line 1077, D:\SteamLibrary\steamapps\common\Left 4 Dead 2\left4dead2\addons\sourcemod\scripting\l4d2_tank_core v4_5_1.sp::Event_PlayerDeath
L 06/21/2026 - 16:23:52: [SM] Exception reported: Client index 0 is invalid
L 06/21/2026 - 16:23:52: [SM] Blaming: l4d2_tank_core v4_5_1.smx
L 06/21/2026 - 16:23:52: [SM] Call stack trace:
L 06/21/2026 - 16:23:52: [SM]   [0] GetClientUserId
L 06/21/2026 - 16:23:52: [SM]   [1] Line 1077, D:\SteamLibrary\steamapps\common\Left 4 Dead 2\left4dead2\addons\sourcemod\scripting\l4d2_tank_core v4_5_1.sp::Event_PlayerDeath
L 06/21/2026 - 16:23:53: [SM] Exception reported: Client index 0 is invalid
L 06/21/2026 - 16:23:53: [SM] Blaming: l4d2_tank_core v4_5_1.smx
L 06/21/2026 - 16:23:53: [SM] Call stack trace:
L 06/21/2026 - 16:23:53: [SM]   [0] GetClientUserId
L 06/21/2026 - 16:23:53: [SM]   [1] Line 1077, D:\SteamLibrary\steamapps\common\Left 4 Dead 2\left4dead2\addons\sourcemod\scripting\l4d2_tank_core v4_5_1.sp::Event_PlayerDeath
L 06/21/2026 - 16:23:54: [SM] Exception reported: Client index 0 is invalid
L 06/21/2026 - 16:23:54: [SM] Blaming: l4d2_tank_core v4_5_1.smx
L 06/21/2026 - 16:23:54: [SM] Call stack trace:
L 06/21/2026 - 16:23:54: [SM]   [0] GetClientUserId
L 06/21/2026 - 16:23:54: [SM]   [1] Line 1077, D:\SteamLibrary\steamapps\common\Left 4 Dead 2\left4dead2\addons\sourcemod\scripting\l4d2_tank_core v4_5_1.sp::Event_PlayerDeath
L 06/21/2026 - 16:23:55: [SM] Exception reported: Client index 0 is invalid
L 06/21/2026 - 16:23:55: [SM] Blaming: l4d2_tank_core v4_5_1.smx
L 06/21/2026 - 16:23:55: [SM] Call stack trace:
L 06/21/2026 - 16:23:55: [SM]   [0] GetClientUserId
L 06/21/2026 - 16:23:55: [SM]   [1] Line 1077, D:\SteamLibrary\steamapps\common\Left 4 Dead 2\left4dead2\addons\sourcemod\scripting\l4d2_tank_core v4_5_1.sp::Event_PlayerDeath
L 06/21/2026 - 16:23:56: [SM] Exception reported: Client index 0 is invalid
L 06/21/2026 - 16:23:56: [SM] Blaming: l4d2_tank_core v4_5_1.smx
L 06/21/2026 - 16:23:56: [SM] Call stack trace:
L 06/21/2026 - 16:23:56: [SM]   [0] GetClientUserId
L 06/21/2026 - 16:23:56: [SM]   [1] Line 1077, D:\SteamLibrary\steamapps\common\Left 4 Dead 2\left4dead2\addons\sourcemod\scripting\l4d2_tank_core v4_5_1.sp::Event_PlayerDeath
L 06/21/2026 - 16:23:58: [SM] Exception reported: Client index 0 is invalid
L 06/21/2026 - 16:23:58: [SM] Blaming: l4d2_tank_core v4_5_1.smx
L 06/21/2026 - 16:23:58: [SM] Call stack trace:
L 06/21/2026 - 16:23:58: [SM]   [0] GetClientUserId
L 06/21/2026 - 16:23:58: [SM]   [1] Line 1077, D:\SteamLibrary\steamapps\common\Left 4 Dead 2\left4dead2\addons\sourcemod\scripting\l4d2_tank_core v4_5_1.sp::Event_PlayerDeath
L 06/21/2026 - 16:23:59: [SM] Exception reported: Client index 0 is invalid
L 06/21/2026 - 16:23:59: [SM] Blaming: l4d2_tank_core v4_5_1.smx
L 06/21/2026 - 16:23:59: [SM] Call stack trace:
L 06/21/2026 - 16:23:59: [SM]   [0] GetClientUserId
L 06/21/2026 - 16:23:59: [SM]   [1] Line 1077, D:\SteamLibrary\steamapps\common\Left 4 Dead 2\left4dead2\addons\sourcemod\scripting\l4d2_tank_core v4_5_1.sp::Event_PlayerDeath
L 06/21/2026 - 16:23:59: [SM] Exception reported: Client index 0 is invalid
L 06/21/2026 - 16:23:59: [SM] Blaming: l4d2_tank_core v4_5_1.smx
L 06/21/2026 - 16:23:59: [SM] Call stack trace:
L 06/21/2026 - 16:23:59: [SM]   [0] GetClientUserId
L 06/21/2026 - 16:23:59: [SM]   [1] Line 1077, D:\SteamLibrary\steamapps\common\Left 4 Dead 2\left4dead2\addons\sourcemod\scripting\l4d2_tank_core v4_5_1.sp::Event_PlayerDeath
L 06/21/2026 - 16:24:00: [SM] Exception reported: Client index 0 is invalid
L 06/21/2026 - 16:24:00: [SM] Blaming: l4d2_tank_core v4_5_1.smx
L 06/21/2026 - 16:24:00: [SM] Call stack trace:
L 06/21/2026 - 16:24:00: [SM]   [0] GetClientUserId
L 06/21/2026 - 16:24:00: [SM]   [1] Line 1077, D:\SteamLibrary\steamapps\common\Left 4 Dead 2\left4dead2\addons\sourcemod\scripting\l4d2_tank_core v4_5_1.sp::Event_PlayerDeath
L 06/21/2026 - 16:24:00: [SM] Exception reported: Client index 0 is invalid
L 06/21/2026 - 16:24:00: [SM] Blaming: l4d2_tank_core v4_5_1.smx
L 06/21/2026 - 16:24:00: [SM] Call stack trace:
L 06/21/2026 - 16:24:00: [SM]   [0] GetClientUserId
L 06/21/2026 - 16:24:00: [SM]   [1] Line 1077, D:\SteamLibrary\steamapps\common\Left 4 Dead 2\left4dead2\addons\sourcemod\scripting\l4d2_tank_core v4_5_1.sp::Event_PlayerDeath
L 06/21/2026 - 16:24:01: [SM] Exception reported: Client index 0 is invalid
L 06/21/2026 - 16:24:01: [SM] Blaming: l4d2_tank_core v4_5_1.smx
L 06/21/2026 - 16:24:01: [SM] Call stack trace:
L 06/21/2026 - 16:24:01: [SM]   [0] GetClientUserId
L 06/21/2026 - 16:24:01: [SM]   [1] Line 1077, D:\SteamLibrary\steamapps\common\Left 4 Dead 2\left4dead2\addons\sourcemod\scripting\l4d2_tank_core v4_5_1.sp::Event_PlayerDeath
L 06/21/2026 - 16:24:01: [SM] Exception reported: Client index 0 is invalid
L 06/21/2026 - 16:24:01: [SM] Blaming: l4d2_tank_core v4_5_1.smx
L 06/21/2026 - 16:24:01: [SM] Call stack trace:
L 06/21/2026 - 16:24:01: [SM]   [0] GetClientUserId
L 06/21/2026 - 16:24:01: [SM]   [1] Line 1077, D:\SteamLibrary\steamapps\common\Left 4 Dead 2\left4dead2\addons\sourcemod\scripting\l4d2_tank_core v4_5_1.sp::Event_PlayerDeath
L 06/21/2026 - 16:24:02: [SM] Exception reported: Client index 0 is invalid
L 06/21/2026 - 16:24:02: [SM] Blaming: l4d2_tank_core v4_5_1.smx
L 06/21/2026 - 16:24:02: [SM] Call stack trace:
L 06/21/2026 - 16:24:02: [SM]   [0] GetClientUserId
L 06/21/2026 - 16:24:02: [SM]   [1] Line 1077, D:\SteamLibrary\steamapps\common\Left 4 Dead 2\left4dead2\addons\sourcemod\scripting\l4d2_tank_core v4_5_1.sp::Event_PlayerDeath
L 06/21/2026 - 16:24:03: [SM] Exception reported: Client index 0 is invalid
L 06/21/2026 - 16:24:03: [SM] Blaming: l4d2_tank_core v4_5_1.smx
L 06/21/2026 - 16:24:03: [SM] Call stack trace:
L 06/21/2026 - 16:24:03: [SM]   [0] GetClientUserId
L 06/21/2026 - 16:24:03: [SM]   [1] Line 1077, D:\SteamLibrary\steamapps\common\Left 4 Dead 2\left4dead2\addons\sourcemod\scripting\l4d2_tank_core v4_5_1.sp::Event_PlayerDeath
L 06/21/2026 - 16:24:03: [SM] Exception reported: Client index 0 is invalid
L 06/21/2026 - 16:24:03: [SM] Blaming: l4d2_tank_core v4_5_1.smx
L 06/21/2026 - 16:24:03: [SM] Call stack trace:
L 06/21/2026 - 16:24:03: [SM]   [0] GetClientUserId
L 06/21/2026 - 16:24:03: [SM]   [1] Line 1077, D:\SteamLibrary\steamapps\common\Left 4 Dead 2\left4dead2\addons\sourcemod\scripting\l4d2_tank_core v4_5_1.sp::Event_PlayerDeath
L 06/21/2026 - 16:24:04: [SM] Exception reported: Client index 0 is invalid
L 06/21/2026 - 16:24:04: [SM] Blaming: l4d2_tank_core v4_5_1.smx
L 06/21/2026 - 16:24:04: [SM] Call stack trace:
L 06/21/2026 - 16:24:04: [SM]   [0] GetClientUserId
L 06/21/2026 - 16:24:04: [SM]   [1] Line 1077, D:\SteamLibrary\steamapps\common\Left 4 Dead 2\left4dead2\addons\sourcemod\scripting\l4d2_tank_core v4_5_1.sp::Event_PlayerDeath
L 06/21/2026 - 16:24:05: [SM] Exception reported: Client index 0 is invalid
L 06/21/2026 - 16:24:05: [SM] Blaming: l4d2_tank_core v4_5_1.smx
L 06/21/2026 - 16:24:05: [SM] Call stack trace:
L 06/21/2026 - 16:24:05: [SM]   [0] GetClientUserId
L 06/21/2026 - 16:24:05: [SM]   [1] Line 1077, D:\SteamLibrary\steamapps\common\Left 4 Dead 2\left4dead2\addons\sourcemod\scripting\l4d2_tank_core v4_5_1.sp::Event_PlayerDeath
L 06/21/2026 - 16:24:06: [SM] Exception reported: Client index 0 is invalid
L 06/21/2026 - 16:24:06: [SM] Blaming: l4d2_tank_core v4_5_1.smx
L 06/21/2026 - 16:24:06: [SM] Call stack trace:
L 06/21/2026 - 16:24:06: [SM]   [0] GetClientUserId
L 06/21/2026 - 16:24:06: [SM]   [1] Line 1077, D:\SteamLibrary\steamapps\common\Left 4 Dead 2\left4dead2\addons\sourcemod\scripting\l4d2_tank_core v4_5_1.sp::Event_PlayerDeath
L 06/21/2026 - 16:24:07: [SM] Exception reported: Client index 0 is invalid
L 06/21/2026 - 16:24:07: [SM] Blaming: l4d2_tank_core v4_5_1.smx
L 06/21/2026 - 16:24:07: [SM] Call stack trace:
L 06/21/2026 - 16:24:07: [SM]   [0] GetClientUserId
L 06/21/2026 - 16:24:07: [SM]   [1] Line 1077, D:\SteamLibrary\steamapps\common\Left 4 Dead 2\left4dead2\addons\sourcemod\scripting\l4d2_tank_core v4_5_1.sp::Event_PlayerDeath
L 06/21/2026 - 16:24:09: [SM] Exception reported: Client index 0 is invalid
L 06/21/2026 - 16:24:09: [SM] Blaming: l4d2_tank_core v4_5_1.smx
L 06/21/2026 - 16:24:09: [SM] Call stack trace:
L 06/21/2026 - 16:24:09: [SM]   [0] GetClientUserId
L 06/21/2026 - 16:24:09: [SM]   [1] Line 1077, D:\SteamLibrary\steamapps\common\Left 4 Dead 2\left4dead2\addons\sourcemod\scripting\l4d2_tank_core v4_5_1.sp::Event_PlayerDeath
L 06/21/2026 - 16:24:09: [SM] Exception reported: Client index 0 is invalid
L 06/21/2026 - 16:24:09: [SM] Blaming: l4d2_tank_core v4_5_1.smx
L 06/21/2026 - 16:24:09: [SM] Call stack trace:
L 06/21/2026 - 16:24:09: [SM]   [0] GetClientUserId
L 06/21/2026 - 16:24:09: [SM]   [1] Line 1077, D:\SteamLibrary\steamapps\common\Left 4 Dead 2\left4dead2\addons\sourcemod\scripting\l4d2_tank_core v4_5_1.sp::Event_PlayerDeath
L 06/21/2026 - 16:24:13: [SM] Exception reported: Client index 0 is invalid
L 06/21/2026 - 16:24:13: [SM] Blaming: l4d2_tank_core v4_5_1.smx
L 06/21/2026 - 16:24:13: [SM] Call stack trace:
L 06/21/2026 - 16:24:13: [SM]   [0] GetClientUserId
L 06/21/2026 - 16:24:13: [SM]   [1] Line 1077, D:\SteamLibrary\steamapps\common\Left 4 Dead 2\left4dead2\addons\sourcemod\scripting\l4d2_tank_core v4_5_1.sp::Event_PlayerDeath
L 06/21/2026 - 16:24:13: [SM] Exception reported: Client index 0 is invalid
L 06/21/2026 - 16:24:13: [SM] Blaming: l4d2_tank_core v4_5_1.smx
L 06/21/2026 - 16:24:13: [SM] Call stack trace:
L 06/21/2026 - 16:24:13: [SM]   [0] GetClientUserId
L 06/21/2026 - 16:24:13: [SM]   [1] Line 1077, D:\SteamLibrary\steamapps\common\Left 4 Dead 2\left4dead2\addons\sourcemod\scripting\l4d2_tank_core v4_5_1.sp::Event_PlayerDeath
L 06/21/2026 - 16:24:15: [SM] Exception reported: Client index 0 is invalid
L 06/21/2026 - 16:24:15: [SM] Blaming: l4d2_tank_core v4_5_1.smx
L 06/21/2026 - 16:24:15: [SM] Call stack trace:
L 06/21/2026 - 16:24:15: [SM]   [0] GetClientUserId
L 06/21/2026 - 16:24:15: [SM]   [1] Line 1077, D:\SteamLibrary\steamapps\common\Left 4 Dead 2\left4dead2\addons\sourcemod\scripting\l4d2_tank_core v4_5_1.sp::Event_PlayerDeath
L 06/21/2026 - 16:24:15: [SM] Exception reported: Client index 0 is invalid
L 06/21/2026 - 16:24:15: [SM] Blaming: l4d2_tank_core v4_5_1.smx
L 06/21/2026 - 16:24:15: [SM] Call stack trace:
L 06/21/2026 - 16:24:15: [SM]   [0] GetClientUserId
L 06/21/2026 - 16:24:15: [SM]   [1] Line 1077, D:\SteamLibrary\steamapps\common\Left 4 Dead 2\left4dead2\addons\sourcemod\scripting\l4d2_tank_core v4_5_1.sp::Event_PlayerDeath
L 06/21/2026 - 16:24:15: [SM] Exception reported: Client index 0 is invalid
L 06/21/2026 - 16:24:15: [SM] Blaming: l4d2_tank_core v4_5_1.smx
L 06/21/2026 - 16:24:15: [SM] Call stack trace:
L 06/21/2026 - 16:24:15: [SM]   [0] GetClientUserId
L 06/21/2026 - 16:24:15: [SM]   [1] Line 1077, D:\SteamLibrary\steamapps\common\Left 4 Dead 2\left4dead2\addons\sourcemod\scripting\l4d2_tank_core v4_5_1.sp::Event_PlayerDeath
L 06/21/2026 - 16:24:16: [SM] Exception reported: Client index 0 is invalid
L 06/21/2026 - 16:24:16: [SM] Blaming: l4d2_tank_core v4_5_1.smx
L 06/21/2026 - 16:24:16: [SM] Call stack trace:
L 06/21/2026 - 16:24:16: [SM]   [0] GetClientUserId
L 06/21/2026 - 16:24:16: [SM]   [1] Line 1077, D:\SteamLibrary\steamapps\common\Left 4 Dead 2\left4dead2\addons\sourcemod\scripting\l4d2_tank_core v4_5_1.sp::Event_PlayerDeath
L 06/21/2026 - 16:24:19: [SM] Exception reported: Client index 0 is invalid
L 06/21/2026 - 16:24:19: [SM] Blaming: l4d2_tank_core v4_5_1.smx
L 06/21/2026 - 16:24:19: [SM] Call stack trace:
L 06/21/2026 - 16:24:19: [SM]   [0] GetClientUserId
L 06/21/2026 - 16:24:19: [SM]   [1] Line 1077, D:\SteamLibrary\steamapps\common\Left 4 Dead 2\left4dead2\addons\sourcemod\scripting\l4d2_tank_core v4_5_1.sp::Event_PlayerDeath
L 06/21/2026 - 16:24:19: [SM] Exception reported: Client index 0 is invalid
L 06/21/2026 - 16:24:19: [SM] Blaming: l4d2_tank_core v4_5_1.smx
L 06/21/2026 - 16:24:19: [SM] Call stack trace:
L 06/21/2026 - 16:24:19: [SM]   [0] GetClientUserId
L 06/21/2026 - 16:24:19: [SM]   [1] Line 1077, D:\SteamLibrary\steamapps\common\Left 4 Dead 2\left4dead2\addons\sourcemod\scripting\l4d2_tank_core v4_5_1.sp::Event_PlayerDeath
L 06/21/2026 - 16:24:19: [SM] Exception reported: Client index 0 is invalid
L 06/21/2026 - 16:24:19: [SM] Blaming: l4d2_tank_core v4_5_1.smx
L 06/21/2026 - 16:24:19: [SM] Call stack trace:
L 06/21/2026 - 16:24:19: [SM]   [0] GetClientUserId
L 06/21/2026 - 16:24:19: [SM]   [1] Line 1077, D:\SteamLibrary\steamapps\common\Left 4 Dead 2\left4dead2\addons\sourcemod\scripting\l4d2_tank_core v4_5_1.sp::Event_PlayerDeath
L 06/21/2026 - 16:24:19: [SM] Exception reported: Client index 0 is invalid
L 06/21/2026 - 16:24:19: [SM] Blaming: l4d2_tank_core v4_5_1.smx
L 06/21/2026 - 16:24:19: [SM] Call stack trace:
L 06/21/2026 - 16:24:19: [SM]   [0] GetClientUserId
L 06/21/2026 - 16:24:19: [SM]   [1] Line 1077, D:\SteamLibrary\steamapps\common\Left 4 Dead 2\left4dead2\addons\sourcemod\scripting\l4d2_tank_core v4_5_1.sp::Event_PlayerDeath
L 06/21/2026 - 16:24:20: [SM] Exception reported: Client index 0 is invalid
L 06/21/2026 - 16:24:20: [SM] Blaming: l4d2_tank_core v4_5_1.smx
L 06/21/2026 - 16:24:20: [SM] Call stack trace:
L 06/21/2026 - 16:24:20: [SM]   [0] GetClientUserId
L 06/21/2026 - 16:24:20: [SM]   [1] Line 1077, D:\SteamLibrary\steamapps\common\Left 4 Dead 2\left4dead2\addons\sourcemod\scripting\l4d2_tank_core v4_5_1.sp::Event_PlayerDeath
L 06/21/2026 - 16:24:21: [SM] Exception reported: Client index 0 is invalid
L 06/21/2026 - 16:24:21: [SM] Blaming: l4d2_tank_core v4_5_1.smx
L 06/21/2026 - 16:24:21: [SM] Call stack trace:
L 06/21/2026 - 16:24:21: [SM]   [0] GetClientUserId
L 06/21/2026 - 16:24:21: [SM]   [1] Line 1077, D:\SteamLibrary\steamapps\common\Left 4 Dead 2\left4dead2\addons\sourcemod\scripting\l4d2_tank_core v4_5_1.sp::Event_PlayerDeath
L 06/21/2026 - 16:24:22: [SM] Exception reported: Client index 0 is invalid
L 06/21/2026 - 16:24:22: [SM] Blaming: l4d2_tank_core v4_5_1.smx
L 06/21/2026 - 16:24:22: [SM] Call stack trace:
L 06/21/2026 - 16:24:22: [SM]   [0] GetClientUserId
L 06/21/2026 - 16:24:22: [SM]   [1] Line 1077, D:\SteamLibrary\steamapps\common\Left 4 Dead 2\left4dead2\addons\sourcemod\scripting\l4d2_tank_core v4_5_1.sp::Event_PlayerDeath
L 06/21/2026 - 16:24:28: [SM] Exception reported: Client index 0 is invalid
L 06/21/2026 - 16:24:28: [SM] Blaming: l4d2_tank_core v4_5_1.smx
L 06/21/2026 - 16:24:28: [SM] Call stack trace:
L 06/21/2026 - 16:24:28: [SM]   [0] GetClientUserId
L 06/21/2026 - 16:24:28: [SM]   [1] Line 1077, D:\SteamLibrary\steamapps\common\Left 4 Dead 2\left4dead2\addons\sourcemod\scripting\l4d2_tank_core v4_5_1.sp::Event_PlayerDeath
L 06/21/2026 - 16:24:29: [SM] Exception reported: Client index 0 is invalid
L 06/21/2026 - 16:24:29: [SM] Blaming: l4d2_tank_core v4_5_1.smx
L 06/21/2026 - 16:24:29: [SM] Call stack trace:
L 06/21/2026 - 16:24:29: [SM]   [0] GetClientUserId
L 06/21/2026 - 16:24:29: [SM]   [1] Line 1077, D:\SteamLibrary\steamapps\common\Left 4 Dead 2\left4dead2\addons\sourcemod\scripting\l4d2_tank_core v4_5_1.sp::Event_PlayerDeath
L 06/21/2026 - 16:24:31: [SM] Exception reported: Client index 0 is invalid
L 06/21/2026 - 16:24:31: [SM] Blaming: l4d2_tank_core v4_5_1.smx
L 06/21/2026 - 16:24:31: [SM] Call stack trace:
L 06/21/2026 - 16:24:31: [SM]   [0] GetClientUserId
L 06/21/2026 - 16:24:31: [SM]   [1] Line 1077, D:\SteamLibrary\steamapps\common\Left 4 Dead 2\left4dead2\addons\sourcemod\scripting\l4d2_tank_core v4_5_1.sp::Event_PlayerDeath
L 06/21/2026 - 16:24:32: [SM] Exception reported: Client index 0 is invalid
L 06/21/2026 - 16:24:32: [SM] Blaming: l4d2_tank_core v4_5_1.smx
L 06/21/2026 - 16:24:32: [SM] Call stack trace:
L 06/21/2026 - 16:24:32: [SM]   [0] GetClientUserId
L 06/21/2026 - 16:24:32: [SM]   [1] Line 1077, D:\SteamLibrary\steamapps\common\Left 4 Dead 2\left4dead2\addons\sourcemod\scripting\l4d2_tank_core v4_5_1.sp::Event_PlayerDeath
L 06/21/2026 - 16:24:33: [SM] Exception reported: Client index 0 is invalid
L 06/21/2026 - 16:24:33: [SM] Blaming: l4d2_tank_core v4_5_1.smx
L 06/21/2026 - 16:24:33: [SM] Call stack trace:
L 06/21/2026 - 16:24:33: [SM]   [0] GetClientUserId
L 06/21/2026 - 16:24:33: [SM]   [1] Line 1077, D:\SteamLibrary\steamapps\common\Left 4 Dead 2\left4dead2\addons\sourcemod\scripting\l4d2_tank_core v4_5_1.sp::Event_PlayerDeath
L 06/21/2026 - 16:24:33: [SM] Exception reported: Client index 0 is invalid
L 06/21/2026 - 16:24:33: [SM] Blaming: l4d2_tank_core v4_5_1.smx
L 06/21/2026 - 16:24:33: [SM] Call stack trace:
L 06/21/2026 - 16:24:33: [SM]   [0] GetClientUserId
L 06/21/2026 - 16:24:33: [SM]   [1] Line 1077, D:\SteamLibrary\steamapps\common\Left 4 Dead 2\left4dead2\addons\sourcemod\scripting\l4d2_tank_core v4_5_1.sp::Event_PlayerDeath
L 06/21/2026 - 16:24:34: [SM] Exception reported: Client index 0 is invalid
L 06/21/2026 - 16:24:34: [SM] Blaming: l4d2_tank_core v4_5_1.smx
L 06/21/2026 - 16:24:34: [SM] Call stack trace:
L 06/21/2026 - 16:24:34: [SM]   [0] GetClientUserId
L 06/21/2026 - 16:24:34: [SM]   [1] Line 1077, D:\SteamLibrary\steamapps\common\Left 4 Dead 2\left4dead2\addons\sourcemod\scripting\l4d2_tank_core v4_5_1.sp::Event_PlayerDeath
L 06/21/2026 - 16:24:42: [SM] Exception reported: Client index 0 is invalid
L 06/21/2026 - 16:24:42: [SM] Blaming: l4d2_tank_core v4_5_1.smx
L 06/21/2026 - 16:24:42: [SM] Call stack trace:
L 06/21/2026 - 16:24:42: [SM]   [0] GetClientUserId
L 06/21/2026 - 16:24:42: [SM]   [1] Line 1077, D:\SteamLibrary\steamapps\common\Left 4 Dead 2\left4dead2\addons\sourcemod\scripting\l4d2_tank_core v4_5_1.sp::Event_PlayerDeath
L 06/21/2026 - 16:24:42: [SM] Exception reported: Client index 0 is invalid
L 06/21/2026 - 16:24:42: [SM] Blaming: l4d2_tank_core v4_5_1.smx
L 06/21/2026 - 16:24:42: [SM] Call stack trace:
L 06/21/2026 - 16:24:42: [SM]   [0] GetClientUserId
L 06/21/2026 - 16:24:42: [SM]   [1] Line 1077, D:\SteamLibrary\steamapps\common\Left 4 Dead 2\left4dead2\addons\sourcemod\scripting\l4d2_tank_core v4_5_1.sp::Event_PlayerDeath
L 06/21/2026 - 16:24:42: [SM] Exception reported: Client index 0 is invalid
L 06/21/2026 - 16:24:42: [SM] Blaming: l4d2_tank_core v4_5_1.smx
L 06/21/2026 - 16:24:42: [SM] Call stack trace:
L 06/21/2026 - 16:24:42: [SM]   [0] GetClientUserId
L 06/21/2026 - 16:24:42: [SM]   [1] Line 1077, D:\SteamLibrary\steamapps\common\Left 4 Dead 2\left4dead2\addons\sourcemod\scripting\l4d2_tank_core v4_5_1.sp::Event_PlayerDeath
L 06/21/2026 - 16:24:42: [SM] Exception reported: Client index 0 is invalid
L 06/21/2026 - 16:24:42: [SM] Blaming: l4d2_tank_core v4_5_1.smx
L 06/21/2026 - 16:24:42: [SM] Call stack trace:
L 06/21/2026 - 16:24:42: [SM]   [0] GetClientUserId
L 06/21/2026 - 16:24:42: [SM]   [1] Line 1077, D:\SteamLibrary\steamapps\common\Left 4 Dead 2\left4dead2\addons\sourcemod\scripting\l4d2_tank_core v4_5_1.sp::Event_PlayerDeath
L 06/21/2026 - 16:24:42: [SM] Exception reported: Client index 0 is invalid
L 06/21/2026 - 16:24:42: [SM] Blaming: l4d2_tank_core v4_5_1.smx
L 06/21/2026 - 16:24:42: [SM] Call stack trace:
L 06/21/2026 - 16:24:42: [SM]   [0] GetClientUserId
L 06/21/2026 - 16:24:42: [SM]   [1] Line 1077, D:\SteamLibrary\steamapps\common\Left 4 Dead 2\left4dead2\addons\sourcemod\scripting\l4d2_tank_core v4_5_1.sp::Event_PlayerDeath
L 06/21/2026 - 16:24:43: [SM] Exception reported: Client index 0 is invalid
L 06/21/2026 - 16:24:43: [SM] Blaming: l4d2_tank_core v4_5_1.smx
L 06/21/2026 - 16:24:43: [SM] Call stack trace:
L 06/21/2026 - 16:24:43: [SM]   [0] GetClientUserId
L 06/21/2026 - 16:24:43: [SM]   [1] Line 1077, D:\SteamLibrary\steamapps\common\Left 4 Dead 2\left4dead2\addons\sourcemod\scripting\l4d2_tank_core v4_5_1.sp::Event_PlayerDeath
L 06/21/2026 - 16:24:43: [SM] Exception reported: Client index 0 is invalid
L 06/21/2026 - 16:24:43: [SM] Blaming: l4d2_tank_core v4_5_1.smx
L 06/21/2026 - 16:24:43: [SM] Call stack trace:
L 06/21/2026 - 16:24:43: [SM]   [0] GetClientUserId
L 06/21/2026 - 16:24:43: [SM]   [1] Line 1077, D:\SteamLibrary\steamapps\common\Left 4 Dead 2\left4dead2\addons\sourcemod\scripting\l4d2_tank_core v4_5_1.sp::Event_PlayerDeath
L 06/21/2026 - 16:24:44: [SM] Exception reported: Client index 0 is invalid
L 06/21/2026 - 16:24:44: [SM] Blaming: l4d2_tank_core v4_5_1.smx
L 06/21/2026 - 16:24:44: [SM] Call stack trace:
L 06/21/2026 - 16:24:44: [SM]   [0] GetClientUserId
L 06/21/2026 - 16:24:44: [SM]   [1] Line 1077, D:\SteamLibrary\steamapps\common\Left 4 Dead 2\left4dead2\addons\sourcemod\scripting\l4d2_tank_core v4_5_1.sp::Event_PlayerDeath
L 06/21/2026 - 16:24:44: [SM] Exception reported: Client index 0 is invalid
L 06/21/2026 - 16:24:44: [SM] Blaming: l4d2_tank_core v4_5_1.smx
L 06/21/2026 - 16:24:44: [SM] Call stack trace:
L 06/21/2026 - 16:24:44: [SM]   [0] GetClientUserId
L 06/21/2026 - 16:24:44: [SM]   [1] Line 1077, D:\SteamLibrary\steamapps\common\Left 4 Dead 2\left4dead2\addons\sourcemod\scripting\l4d2_tank_core v4_5_1.sp::Event_PlayerDeath
L 06/21/2026 - 16:24:49: [SM] Exception reported: Client index 0 is invalid
L 06/21/2026 - 16:24:49: [SM] Blaming: l4d2_tank_core v4_5_1.smx
L 06/21/2026 - 16:24:49: [SM] Call stack trace:
L 06/21/2026 - 16:24:49: [SM]   [0] GetClientUserId
L 06/21/2026 - 16:24:49: [SM]   [1] Line 1077, D:\SteamLibrary\steamapps\common\Left 4 Dead 2\left4dead2\addons\sourcemod\scripting\l4d2_tank_core v4_5_1.sp::Event_PlayerDeath
L 06/21/2026 - 16:24:50: [SM] Exception reported: Client index 0 is invalid
L 06/21/2026 - 16:24:50: [SM] Blaming: l4d2_tank_core v4_5_1.smx
L 06/21/2026 - 16:24:50: [SM] Call stack trace:
L 06/21/2026 - 16:24:50: [SM]   [0] GetClientUserId
L 06/21/2026 - 16:24:50: [SM]   [1] Line 1077, D:\SteamLibrary\steamapps\common\Left 4 Dead 2\left4dead2\addons\sourcemod\scripting\l4d2_tank_core v4_5_1.sp::Event_PlayerDeath
L 06/21/2026 - 16:24:50: [SM] Exception reported: Client index 0 is invalid
L 06/21/2026 - 16:24:50: [SM] Blaming: l4d2_tank_core v4_5_1.smx
L 06/21/2026 - 16:24:50: [SM] Call stack trace:
L 06/21/2026 - 16:24:50: [SM]   [0] GetClientUserId
L 06/21/2026 - 16:24:50: [SM]   [1] Line 1077, D:\SteamLibrary\steamapps\common\Left 4 Dead 2\left4dead2\addons\sourcemod\scripting\l4d2_tank_core v4_5_1.sp::Event_PlayerDeath
L 06/21/2026 - 16:24:50: [SM] Exception reported: Client index 0 is invalid
L 06/21/2026 - 16:24:50: [SM] Blaming: l4d2_tank_core v4_5_1.smx
L 06/21/2026 - 16:24:50: [SM] Call stack trace:
L 06/21/2026 - 16:24:50: [SM]   [0] GetClientUserId
L 06/21/2026 - 16:24:50: [SM]   [1] Line 1077, D:\SteamLibrary\steamapps\common\Left 4 Dead 2\left4dead2\addons\sourcemod\scripting\l4d2_tank_core v4_5_1.sp::Event_PlayerDeath
L 06/21/2026 - 16:24:51: [SM] Exception reported: Client index 0 is invalid
L 06/21/2026 - 16:24:51: [SM] Blaming: l4d2_tank_core v4_5_1.smx
L 06/21/2026 - 16:24:51: [SM] Call stack trace:
L 06/21/2026 - 16:24:51: [SM]   [0] GetClientUserId
L 06/21/2026 - 16:24:51: [SM]   [1] Line 1077, D:\SteamLibrary\steamapps\common\Left 4 Dead 2\left4dead2\addons\sourcemod\scripting\l4d2_tank_core v4_5_1.sp::Event_PlayerDeath
L 06/21/2026 - 16:24:51: [SM] Exception reported: Client index 0 is invalid
L 06/21/2026 - 16:24:51: [SM] Blaming: l4d2_tank_core v4_5_1.smx
L 06/21/2026 - 16:24:51: [SM] Call stack trace:
L 06/21/2026 - 16:24:51: [SM]   [0] GetClientUserId
L 06/21/2026 - 16:24:51: [SM]   [1] Line 1077, D:\SteamLibrary\steamapps\common\Left 4 Dead 2\left4dead2\addons\sourcemod\scripting\l4d2_tank_core v4_5_1.sp::Event_PlayerDeath
L 06/21/2026 - 16:24:51: [SM] Exception reported: Client index 0 is invalid
L 06/21/2026 - 16:24:51: [SM] Blaming: l4d2_tank_core v4_5_1.smx
L 06/21/2026 - 16:24:51: [SM] Call stack trace:
L 06/21/2026 - 16:24:51: [SM]   [0] GetClientUserId
L 06/21/2026 - 16:24:51: [SM]   [1] Line 1077, D:\SteamLibrary\steamapps\common\Left 4 Dead 2\left4dead2\addons\sourcemod\scripting\l4d2_tank_core v4_5_1.sp::Event_PlayerDeath
L 06/21/2026 - 16:24:51: [SM] Exception reported: Client index 0 is invalid
L 06/21/2026 - 16:24:51: [SM] Blaming: l4d2_tank_core v4_5_1.smx
L 06/21/2026 - 16:24:51: [SM] Call stack trace:
L 06/21/2026 - 16:24:51: [SM]   [0] GetClientUserId
L 06/21/2026 - 16:24:51: [SM]   [1] Line 1077, D:\SteamLibrary\steamapps\common\Left 4 Dead 2\left4dead2\addons\sourcemod\scripting\l4d2_tank_core v4_5_1.sp::Event_PlayerDeath
L 06/21/2026 - 16:24:52: [SM] Exception reported: Client index 0 is invalid
L 06/21/2026 - 16:24:52: [SM] Blaming: l4d2_tank_core v4_5_1.smx
L 06/21/2026 - 16:24:52: [SM] Call stack trace:
L 06/21/2026 - 16:24:52: [SM]   [0] GetClientUserId
L 06/21/2026 - 16:24:52: [SM]   [1] Line 1077, D:\SteamLibrary\steamapps\common\Left 4 Dead 2\left4dead2\addons\sourcemod\scripting\l4d2_tank_core v4_5_1.sp::Event_PlayerDeath
L 06/21/2026 - 16:24:53: [SM] Exception reported: Client index 0 is invalid
L 06/21/2026 - 16:24:53: [SM] Blaming: l4d2_tank_core v4_5_1.smx
L 06/21/2026 - 16:24:53: [SM] Call stack trace:
L 06/21/2026 - 16:24:53: [SM]   [0] GetClientUserId
L 06/21/2026 - 16:24:53: [SM]   [1] Line 1077, D:\SteamLibrary\steamapps\common\Left 4 Dead 2\left4dead2\addons\sourcemod\scripting\l4d2_tank_core v4_5_1.sp::Event_PlayerDeath
L 06/21/2026 - 16:24:54: [SM] Exception reported: Client index 0 is invalid
L 06/21/2026 - 16:24:54: [SM] Blaming: l4d2_tank_core v4_5_1.smx
L 06/21/2026 - 16:24:54: [SM] Call stack trace:
L 06/21/2026 - 16:24:54: [SM]   [0] GetClientUserId
L 06/21/2026 - 16:24:54: [SM]   [1] Line 1077, D:\SteamLibrary\steamapps\common\Left 4 Dead 2\left4dead2\addons\sourcemod\scripting\l4d2_tank_core v4_5_1.sp::Event_PlayerDeath
L 06/21/2026 - 16:24:54: [SM] Exception reported: Client index 0 is invalid
L 06/21/2026 - 16:24:54: [SM] Blaming: l4d2_tank_core v4_5_1.smx
L 06/21/2026 - 16:24:54: [SM] Call stack trace:
L 06/21/2026 - 16:24:54: [SM]   [0] GetClientUserId
L 06/21/2026 - 16:24:54: [SM]   [1] Line 1077, D:\SteamLibrary\steamapps\common\Left 4 Dead 2\left4dead2\addons\sourcemod\scripting\l4d2_tank_core v4_5_1.sp::Event_PlayerDeath
L 06/21/2026 - 16:24:54: [SM] Exception reported: Client index 0 is invalid
L 06/21/2026 - 16:24:54: [SM] Blaming: l4d2_tank_core v4_5_1.smx
L 06/21/2026 - 16:24:54: [SM] Call stack trace:
L 06/21/2026 - 16:24:54: [SM]   [0] GetClientUserId
L 06/21/2026 - 16:24:54: [SM]   [1] Line 1077, D:\SteamLibrary\steamapps\common\Left 4 Dead 2\left4dead2\addons\sourcemod\scripting\l4d2_tank_core v4_5_1.sp::Event_PlayerDeath
L 06/21/2026 - 16:24:54: [SM] Exception reported: Client index 0 is invalid
L 06/21/2026 - 16:24:54: [SM] Blaming: l4d2_tank_core v4_5_1.smx
L 06/21/2026 - 16:24:54: [SM] Call stack trace:
L 06/21/2026 - 16:24:54: [SM]   [0] GetClientUserId
L 06/21/2026 - 16:24:54: [SM]   [1] Line 1077, D:\SteamLibrary\steamapps\common\Left 4 Dead 2\left4dead2\addons\sourcemod\scripting\l4d2_tank_core v4_5_1.sp::Event_PlayerDeath
L 06/21/2026 - 16:24:55: [SM] Exception reported: Client index 0 is invalid
L 06/21/2026 - 16:24:55: [SM] Blaming: l4d2_tank_core v4_5_1.smx
L 06/21/2026 - 16:24:55: [SM] Call stack trace:
L 06/21/2026 - 16:24:55: [SM]   [0] GetClientUserId
L 06/21/2026 - 16:24:55: [SM]   [1] Line 1077, D:\SteamLibrary\steamapps\common\Left 4 Dead 2\left4dead2\addons\sourcemod\scripting\l4d2_tank_core v4_5_1.sp::Event_PlayerDeath
L 06/21/2026 - 16:24:55: [SM] Exception reported: Client index 0 is invalid
L 06/21/2026 - 16:24:55: [SM] Blaming: l4d2_tank_core v4_5_1.smx
L 06/21/2026 - 16:24:55: [SM] Call stack trace:
L 06/21/2026 - 16:24:55: [SM]   [0] GetClientUserId
L 06/21/2026 - 16:24:55: [SM]   [1] Line 1077, D:\SteamLibrary\steamapps\common\Left 4 Dead 2\left4dead2\addons\sourcemod\scripting\l4d2_tank_core v4_5_1.sp::Event_PlayerDeath
L 06/21/2026 - 16:24:55: [SM] Exception reported: Client index 0 is invalid
L 06/21/2026 - 16:24:55: [SM] Blaming: l4d2_tank_core v4_5_1.smx
L 06/21/2026 - 16:24:55: [SM] Call stack trace:
L 06/21/2026 - 16:24:55: [SM]   [0] GetClientUserId
L 06/21/2026 - 16:24:55: [SM]   [1] Line 1077, D:\SteamLibrary\steamapps\common\Left 4 Dead 2\left4dead2\addons\sourcemod\scripting\l4d2_tank_core v4_5_1.sp::Event_PlayerDeath
L 06/21/2026 - 16:24:55: [SM] Exception reported: Client index 0 is invalid
L 06/21/2026 - 16:24:55: [SM] Blaming: l4d2_tank_core v4_5_1.smx
L 06/21/2026 - 16:24:55: [SM] Call stack trace:
L 06/21/2026 - 16:24:55: [SM]   [0] GetClientUserId
L 06/21/2026 - 16:24:55: [SM]   [1] Line 1077, D:\SteamLibrary\steamapps\common\Left 4 Dead 2\left4dead2\addons\sourcemod\scripting\l4d2_tank_core v4_5_1.sp::Event_PlayerDeath
L 06/21/2026 - 16:24:58: [SM] Exception reported: Client index 0 is invalid
L 06/21/2026 - 16:24:58: [SM] Blaming: l4d2_tank_core v4_5_1.smx
L 06/21/2026 - 16:24:58: [SM] Call stack trace:
L 06/21/2026 - 16:24:58: [SM]   [0] GetClientUserId
L 06/21/2026 - 16:24:58: [SM]   [1] Line 1077, D:\SteamLibrary\steamapps\common\Left 4 Dead 2\left4dead2\addons\sourcemod\scripting\l4d2_tank_core v4_5_1.sp::Event_PlayerDeath
L 06/21/2026 - 16:24:59: [SM] Exception reported: Client index 0 is invalid
L 06/21/2026 - 16:24:59: [SM] Blaming: l4d2_tank_core v4_5_1.smx
L 06/21/2026 - 16:24:59: [SM] Call stack trace:
L 06/21/2026 - 16:24:59: [SM]   [0] GetClientUserId
L 06/21/2026 - 16:24:59: [SM]   [1] Line 1077, D:\SteamLibrary\steamapps\common\Left 4 Dead 2\left4dead2\addons\sourcemod\scripting\l4d2_tank_core v4_5_1.sp::Event_PlayerDeath
L 06/21/2026 - 16:24:59: [SM] Exception reported: Client index 0 is invalid
L 06/21/2026 - 16:24:59: [SM] Blaming: l4d2_tank_core v4_5_1.smx
L 06/21/2026 - 16:24:59: [SM] Call stack trace:
L 06/21/2026 - 16:24:59: [SM]   [0] GetClientUserId
L 06/21/2026 - 16:24:59: [SM]   [1] Line 1077, D:\SteamLibrary\steamapps\common\Left 4 Dead 2\left4dead2\addons\sourcemod\scripting\l4d2_tank_core v4_5_1.sp::Event_PlayerDeath
L 06/21/2026 - 16:24:59: [SM] Exception reported: Client index 0 is invalid
L 06/21/2026 - 16:24:59: [SM] Blaming: l4d2_tank_core v4_5_1.smx
L 06/21/2026 - 16:24:59: [SM] Call stack trace:
L 06/21/2026 - 16:24:59: [SM]   [0] GetClientUserId
L 06/21/2026 - 16:24:59: [SM]   [1] Line 1077, D:\SteamLibrary\steamapps\common\Left 4 Dead 2\left4dead2\addons\sourcemod\scripting\l4d2_tank_core v4_5_1.sp::Event_PlayerDeath
L 06/21/2026 - 16:24:59: [SM] Exception reported: Client index 0 is invalid
L 06/21/2026 - 16:24:59: [SM] Blaming: l4d2_tank_core v4_5_1.smx
L 06/21/2026 - 16:24:59: [SM] Call stack trace:
L 06/21/2026 - 16:24:59: [SM]   [0] GetClientUserId
L 06/21/2026 - 16:24:59: [SM]   [1] Line 1077, D:\SteamLibrary\steamapps\common\Left 4 Dead 2\left4dead2\addons\sourcemod\scripting\l4d2_tank_core v4_5_1.sp::Event_PlayerDeath
L 06/21/2026 - 16:25:03: [SM] Exception reported: Client index 0 is invalid
L 06/21/2026 - 16:25:03: [SM] Blaming: l4d2_tank_core v4_5_1.smx
L 06/21/2026 - 16:25:03: [SM] Call stack trace:
L 06/21/2026 - 16:25:03: [SM]   [0] GetClientUserId
L 06/21/2026 - 16:25:03: [SM]   [1] Line 1077, D:\SteamLibrary\steamapps\common\Left 4 Dead 2\left4dead2\addons\sourcemod\scripting\l4d2_tank_core v4_5_1.sp::Event_PlayerDeath
L 06/21/2026 - 16:25:06: [SM] Exception reported: Client index 0 is invalid
L 06/21/2026 - 16:25:06: [SM] Blaming: l4d2_tank_core v4_5_1.smx
L 06/21/2026 - 16:25:06: [SM] Call stack trace:
L 06/21/2026 - 16:25:06: [SM]   [0] GetClientUserId
L 06/21/2026 - 16:25:06: [SM]   [1] Line 1077, D:\SteamLibrary\steamapps\common\Left 4 Dead 2\left4dead2\addons\sourcemod\scripting\l4d2_tank_core v4_5_1.sp::Event_PlayerDeath
L 06/21/2026 - 16:25:25: [SM] Exception reported: Client index 0 is invalid
L 06/21/2026 - 16:25:25: [SM] Blaming: l4d2_tank_core v4_5_1.smx
L 06/21/2026 - 16:25:25: [SM] Call stack trace:
L 06/21/2026 - 16:25:25: [SM]   [0] GetClientUserId
L 06/21/2026 - 16:25:25: [SM]   [1] Line 1077, D:\SteamLibrary\steamapps\common\Left 4 Dead 2\left4dead2\addons\sourcemod\scripting\l4d2_tank_core v4_5_1.sp::Event_PlayerDeath
L 06/21/2026 - 16:25:54: [SM] Exception reported: Client index 0 is invalid
L 06/21/2026 - 16:25:54: [SM] Blaming: l4d2_tank_core v4_5_1.smx
L 06/21/2026 - 16:25:54: [SM] Call stack trace:
L 06/21/2026 - 16:25:54: [SM]   [0] GetClientUserId
L 06/21/2026 - 16:25:54: [SM]   [1] Line 1077, D:\SteamLibrary\steamapps\common\Left 4 Dead 2\left4dead2\addons\sourcemod\scripting\l4d2_tank_core v4_5_1.sp::Event_PlayerDeath
L 06/21/2026 - 16:25:55: [SM] Exception reported: Client index 0 is invalid
L 06/21/2026 - 16:25:55: [SM] Blaming: l4d2_tank_core v4_5_1.smx
L 06/21/2026 - 16:25:55: [SM] Call stack trace:
L 06/21/2026 - 16:25:55: [SM]   [0] GetClientUserId
L 06/21/2026 - 16:25:55: [SM]   [1] Line 1077, D:\SteamLibrary\steamapps\common\Left 4 Dead 2\left4dead2\addons\sourcemod\scripting\l4d2_tank_core v4_5_1.sp::Event_PlayerDeath
L 06/21/2026 - 16:25:57: [SM] Exception reported: Client index 0 is invalid
L 06/21/2026 - 16:25:57: [SM] Blaming: l4d2_tank_core v4_5_1.smx
L 06/21/2026 - 16:25:57: [SM] Call stack trace:
L 06/21/2026 - 16:25:57: [SM]   [0] GetClientUserId
L 06/21/2026 - 16:25:57: [SM]   [1] Line 1077, D:\SteamLibrary\steamapps\common\Left 4 Dead 2\left4dead2\addons\sourcemod\scripting\l4d2_tank_core v4_5_1.sp::Event_PlayerDeath
L 06/21/2026 - 16:26:02: [SM] Exception reported: Client index 0 is invalid
L 06/21/2026 - 16:26:02: [SM] Blaming: l4d2_tank_core v4_5_1.smx
L 06/21/2026 - 16:26:02: [SM] Call stack trace:
L 06/21/2026 - 16:26:02: [SM]   [0] GetClientUserId
L 06/21/2026 - 16:26:02: [SM]   [1] Line 1077, D:\SteamLibrary\steamapps\common\Left 4 Dead 2\left4dead2\addons\sourcemod\scripting\l4d2_tank_core v4_5_1.sp::Event_PlayerDeath
L 06/21/2026 - 16:26:03: [SM] Exception reported: Client index 0 is invalid
L 06/21/2026 - 16:26:03: [SM] Blaming: l4d2_tank_core v4_5_1.smx
L 06/21/2026 - 16:26:03: [SM] Call stack trace:
L 06/21/2026 - 16:26:03: [SM]   [0] GetClientUserId
L 06/21/2026 - 16:26:03: [SM]   [1] Line 1077, D:\SteamLibrary\steamapps\common\Left 4 Dead 2\left4dead2\addons\sourcemod\scripting\l4d2_tank_core v4_5_1.sp::Event_PlayerDeath
L 06/21/2026 - 16:26:58: [SM] Exception reported: Client index 0 is invalid
L 06/21/2026 - 16:26:58: [SM] Blaming: l4d2_tank_core v4_5_1.smx
L 06/21/2026 - 16:26:58: [SM] Call stack trace:
L 06/21/2026 - 16:26:58: [SM]   [0] GetClientUserId
L 06/21/2026 - 16:26:58: [SM]   [1] Line 1077, D:\SteamLibrary\steamapps\common\Left 4 Dead 2\left4dead2\addons\sourcemod\scripting\l4d2_tank_core v4_5_1.sp::Event_PlayerDeath
L 06/21/2026 - 16:27:00: [SM] Exception reported: Client index 0 is invalid
L 06/21/2026 - 16:27:00: [SM] Blaming: l4d2_tank_core v4_5_1.smx
L 06/21/2026 - 16:27:00: [SM] Call stack trace:
L 06/21/2026 - 16:27:00: [SM]   [0] GetClientUserId
L 06/21/2026 - 16:27:00: [SM]   [1] Line 1077, D:\SteamLibrary\steamapps\common\Left 4 Dead 2\left4dead2\addons\sourcemod\scripting\l4d2_tank_core v4_5_1.sp::Event_PlayerDeath
L 06/21/2026 - 16:27:00: [SM] Exception reported: Client index 0 is invalid
L 06/21/2026 - 16:27:00: [SM] Blaming: l4d2_tank_core v4_5_1.smx
L 06/21/2026 - 16:27:00: [SM] Call stack trace:
L 06/21/2026 - 16:27:00: [SM]   [0] GetClientUserId
L 06/21/2026 - 16:27:00: [SM]   [1] Line 1077, D:\SteamLibrary\steamapps\common\Left 4 Dead 2\left4dead2\addons\sourcemod\scripting\l4d2_tank_core v4_5_1.sp::Event_PlayerDeath
L 06/21/2026 - 16:27:04: [SM] Exception reported: Client index 0 is invalid
L 06/21/2026 - 16:27:04: [SM] Blaming: l4d2_tank_core v4_5_1.smx
L 06/21/2026 - 16:27:04: [SM] Call stack trace:
L 06/21/2026 - 16:27:04: [SM]   [0] GetClientUserId
L 06/21/2026 - 16:27:04: [SM]   [1] Line 1077, D:\SteamLibrary\steamapps\common\Left 4 Dead 2\left4dead2\addons\sourcemod\scripting\l4d2_tank_core v4_5_1.sp::Event_PlayerDeath
L 06/21/2026 - 16:27:05: [SM] Exception reported: Client index 0 is invalid
L 06/21/2026 - 16:27:05: [SM] Blaming: l4d2_tank_core v4_5_1.smx
L 06/21/2026 - 16:27:05: [SM] Call stack trace:
L 06/21/2026 - 16:27:05: [SM]   [0] GetClientUserId
L 06/21/2026 - 16:27:05: [SM]   [1] Line 1077, D:\SteamLibrary\steamapps\common\Left 4 Dead 2\left4dead2\addons\sourcemod\scripting\l4d2_tank_core v4_5_1.sp::Event_PlayerDeath
L 06/21/2026 - 16:27:05: [SM] Exception reported: Client index 0 is invalid
L 06/21/2026 - 16:27:05: [SM] Blaming: l4d2_tank_core v4_5_1.smx
L 06/21/2026 - 16:27:05: [SM] Call stack trace:
L 06/21/2026 - 16:27:05: [SM]   [0] GetClientUserId
L 06/21/2026 - 16:27:05: [SM]   [1] Line 1077, D:\SteamLibrary\steamapps\common\Left 4 Dead 2\left4dead2\addons\sourcemod\scripting\l4d2_tank_core v4_5_1.sp::Event_PlayerDeath
L 06/21/2026 - 16:29:33: [SM] Exception reported: Client index 0 is invalid
L 06/21/2026 - 16:29:33: [SM] Blaming: l4d2_tank_core v4_5_1.smx
L 06/21/2026 - 16:29:33: [SM] Call stack trace:
L 06/21/2026 - 16:29:33: [SM]   [0] GetClientUserId
L 06/21/2026 - 16:29:33: [SM]   [1] Line 1077, D:\SteamLibrary\steamapps\common\Left 4 Dead 2\left4dead2\addons\sourcemod\scripting\l4d2_tank_core v4_5_1.sp::Event_PlayerDeath
L 06/21/2026 - 16:29:34: [SM] Exception reported: Client index 0 is invalid
L 06/21/2026 - 16:29:34: [SM] Blaming: l4d2_tank_core v4_5_1.smx
L 06/21/2026 - 16:29:34: [SM] Call stack trace:
L 06/21/2026 - 16:29:34: [SM]   [0] GetClientUserId
L 06/21/2026 - 16:29:34: [SM]   [1] Line 1077, D:\SteamLibrary\steamapps\common\Left 4 Dead 2\left4dead2\addons\sourcemod\scripting\l4d2_tank_core v4_5_1.sp::Event_PlayerDeath
L 06/21/2026 - 16:29:35: [SM] Exception reported: Client index 0 is invalid
L 06/21/2026 - 16:29:35: [SM] Blaming: l4d2_tank_core v4_5_1.smx
L 06/21/2026 - 16:29:35: [SM] Call stack trace:
L 06/21/2026 - 16:29:35: [SM]   [0] GetClientUserId
L 06/21/2026 - 16:29:35: [SM]   [1] Line 1077, D:\SteamLibrary\steamapps\common\Left 4 Dead 2\left4dead2\addons\sourcemod\scripting\l4d2_tank_core v4_5_1.sp::Event_PlayerDeath
L 06/21/2026 - 16:29:35: [SM] Exception reported: Client index 0 is invalid
L 06/21/2026 - 16:29:35: [SM] Blaming: l4d2_tank_core v4_5_1.smx
L 06/21/2026 - 16:29:35: [SM] Call stack trace:
L 06/21/2026 - 16:29:35: [SM]   [0] GetClientUserId
L 06/21/2026 - 16:29:35: [SM]   [1] Line 1077, D:\SteamLibrary\steamapps\common\Left 4 Dead 2\left4dead2\addons\sourcemod\scripting\l4d2_tank_core v4_5_1.sp::Event_PlayerDeath
L 06/21/2026 - 16:29:38: [SM] Exception reported: Client index 0 is invalid
L 06/21/2026 - 16:29:38: [SM] Blaming: l4d2_tank_core v4_5_1.smx
L 06/21/2026 - 16:29:38: [SM] Call stack trace:
L 06/21/2026 - 16:29:38: [SM]   [0] GetClientUserId
L 06/21/2026 - 16:29:38: [SM]   [1] Line 1077, D:\SteamLibrary\steamapps\common\Left 4 Dead 2\left4dead2\addons\sourcemod\scripting\l4d2_tank_core v4_5_1.sp::Event_PlayerDeath
L 06/21/2026 - 16:29:39: [SM] Exception reported: Client index 0 is invalid
L 06/21/2026 - 16:29:39: [SM] Blaming: l4d2_tank_core v4_5_1.smx
L 06/21/2026 - 16:29:39: [SM] Call stack trace:
L 06/21/2026 - 16:29:39: [SM]   [0] GetClientUserId
L 06/21/2026 - 16:29:39: [SM]   [1] Line 1077, D:\SteamLibrary\steamapps\common\Left 4 Dead 2\left4dead2\addons\sourcemod\scripting\l4d2_tank_core v4_5_1.sp::Event_PlayerDeath
L 06/21/2026 - 16:29:40: [SM] Exception reported: Client index 0 is invalid
L 06/21/2026 - 16:29:40: [SM] Blaming: l4d2_tank_core v4_5_1.smx
L 06/21/2026 - 16:29:40: [SM] Call stack trace:
L 06/21/2026 - 16:29:40: [SM]   [0] GetClientUserId
L 06/21/2026 - 16:29:40: [SM]   [1] Line 1077, D:\SteamLibrary\steamapps\common\Left 4 Dead 2\left4dead2\addons\sourcemod\scripting\l4d2_tank_core v4_5_1.sp::Event_PlayerDeath
L 06/21/2026 - 16:29:44: [SM] Exception reported: Client index 0 is invalid
L 06/21/2026 - 16:29:44: [SM] Blaming: l4d2_tank_core v4_5_1.smx
L 06/21/2026 - 16:29:44: [SM] Call stack trace:
L 06/21/2026 - 16:29:44: [SM]   [0] GetClientUserId
L 06/21/2026 - 16:29:44: [SM]   [1] Line 1077, D:\SteamLibrary\steamapps\common\Left 4 Dead 2\left4dead2\addons\sourcemod\scripting\l4d2_tank_core v4_5_1.sp::Event_PlayerDeath
L 06/21/2026 - 16:29:56: [SM] Exception reported: Client index 0 is invalid
L 06/21/2026 - 16:29:56: [SM] Blaming: l4d2_tank_core v4_5_1.smx
L 06/21/2026 - 16:29:56: [SM] Call stack trace:
L 06/21/2026 - 16:29:56: [SM]   [0] GetClientUserId
L 06/21/2026 - 16:29:56: [SM]   [1] Line 1077, D:\SteamLibrary\steamapps\common\Left 4 Dead 2\left4dead2\addons\sourcemod\scripting\l4d2_tank_core v4_5_1.sp::Event_PlayerDeath
L 06/21/2026 - 16:29:57: [SM] Exception reported: Client index 0 is invalid
L 06/21/2026 - 16:29:57: [SM] Blaming: l4d2_tank_core v4_5_1.smx
L 06/21/2026 - 16:29:57: [SM] Call stack trace:
L 06/21/2026 - 16:29:57: [SM]   [0] GetClientUserId
L 06/21/2026 - 16:29:57: [SM]   [1] Line 1077, D:\SteamLibrary\steamapps\common\Left 4 Dead 2\left4dead2\addons\sourcemod\scripting\l4d2_tank_core v4_5_1.sp::Event_PlayerDeath
L 06/21/2026 - 16:29:57: [SM] Exception reported: Client index 0 is invalid
L 06/21/2026 - 16:29:57: [SM] Blaming: l4d2_tank_core v4_5_1.smx
L 06/21/2026 - 16:29:57: [SM] Call stack trace:
L 06/21/2026 - 16:29:57: [SM]   [0] GetClientUserId
L 06/21/2026 - 16:29:57: [SM]   [1] Line 1077, D:\SteamLibrary\steamapps\common\Left 4 Dead 2\left4dead2\addons\sourcemod\scripting\l4d2_tank_core v4_5_1.sp::Event_PlayerDeath
L 06/21/2026 - 16:29:58: [SM] Exception reported: Client index 0 is invalid
L 06/21/2026 - 16:29:58: [SM] Blaming: l4d2_tank_core v4_5_1.smx
L 06/21/2026 - 16:29:58: [SM] Call stack trace:
L 06/21/2026 - 16:29:58: [SM]   [0] GetClientUserId
L 06/21/2026 - 16:29:58: [SM]   [1] Line 1077, D:\SteamLibrary\steamapps\common\Left 4 Dead 2\left4dead2\addons\sourcemod\scripting\l4d2_tank_core v4_5_1.sp::Event_PlayerDeath
L 06/21/2026 - 16:29:58: [SM] Exception reported: Client index 0 is invalid
L 06/21/2026 - 16:29:58: [SM] Blaming: l4d2_tank_core v4_5_1.smx
L 06/21/2026 - 16:29:58: [SM] Call stack trace:
L 06/21/2026 - 16:29:58: [SM]   [0] GetClientUserId
L 06/21/2026 - 16:29:58: [SM]   [1] Line 1077, D:\SteamLibrary\steamapps\common\Left 4 Dead 2\left4dead2\addons\sourcemod\scripting\l4d2_tank_core v4_5_1.sp::Event_PlayerDeath
L 06/21/2026 - 16:29:58: [SM] Exception reported: Client index 0 is invalid
L 06/21/2026 - 16:29:58: [SM] Blaming: l4d2_tank_core v4_5_1.smx
L 06/21/2026 - 16:29:58: [SM] Call stack trace:
L 06/21/2026 - 16:29:58: [SM]   [0] GetClientUserId
L 06/21/2026 - 16:29:58: [SM]   [1] Line 1077, D:\SteamLibrary\steamapps\common\Left 4 Dead 2\left4dead2\addons\sourcemod\scripting\l4d2_tank_core v4_5_1.sp::Event_PlayerDeath
L 06/21/2026 - 16:29:59: [SM] Exception reported: Client index 0 is invalid
L 06/21/2026 - 16:29:59: [SM] Blaming: l4d2_tank_core v4_5_1.smx
L 06/21/2026 - 16:29:59: [SM] Call stack trace:
L 06/21/2026 - 16:29:59: [SM]   [0] GetClientUserId
L 06/21/2026 - 16:29:59: [SM]   [1] Line 1077, D:\SteamLibrary\steamapps\common\Left 4 Dead 2\left4dead2\addons\sourcemod\scripting\l4d2_tank_core v4_5_1.sp::Event_PlayerDeath
L 06/21/2026 - 16:29:59: [SM] Exception reported: Client index 0 is invalid
L 06/21/2026 - 16:29:59: [SM] Blaming: l4d2_tank_core v4_5_1.smx
L 06/21/2026 - 16:29:59: [SM] Call stack trace:
L 06/21/2026 - 16:29:59: [SM]   [0] GetClientUserId
L 06/21/2026 - 16:29:59: [SM]   [1] Line 1077, D:\SteamLibrary\steamapps\common\Left 4 Dead 2\left4dead2\addons\sourcemod\scripting\l4d2_tank_core v4_5_1.sp::Event_PlayerDeath
L 06/21/2026 - 16:29:59: [SM] Exception reported: Client index 0 is invalid
L 06/21/2026 - 16:29:59: [SM] Blaming: l4d2_tank_core v4_5_1.smx
L 06/21/2026 - 16:29:59: [SM] Call stack trace:
L 06/21/2026 - 16:29:59: [SM]   [0] GetClientUserId
L 06/21/2026 - 16:29:59: [SM]   [1] Line 1077, D:\SteamLibrary\steamapps\common\Left 4 Dead 2\left4dead2\addons\sourcemod\scripting\l4d2_tank_core v4_5_1.sp::Event_PlayerDeath
L 06/21/2026 - 16:29:59: [SM] Exception reported: Client index 0 is invalid
L 06/21/2026 - 16:29:59: [SM] Blaming: l4d2_tank_core v4_5_1.smx
L 06/21/2026 - 16:29:59: [SM] Call stack trace:
L 06/21/2026 - 16:29:59: [SM]   [0] GetClientUserId
L 06/21/2026 - 16:29:59: [SM]   [1] Line 1077, D:\SteamLibrary\steamapps\common\Left 4 Dead 2\left4dead2\addons\sourcemod\scripting\l4d2_tank_core v4_5_1.sp::Event_PlayerDeath
L 06/21/2026 - 16:30:00: [SM] Exception reported: Client index 0 is invalid
L 06/21/2026 - 16:30:00: [SM] Blaming: l4d2_tank_core v4_5_1.smx
L 06/21/2026 - 16:30:00: [SM] Call stack trace:
L 06/21/2026 - 16:30:00: [SM]   [0] GetClientUserId
L 06/21/2026 - 16:30:00: [SM]   [1] Line 1077, D:\SteamLibrary\steamapps\common\Left 4 Dead 2\left4dead2\addons\sourcemod\scripting\l4d2_tank_core v4_5_1.sp::Event_PlayerDeath
L 06/21/2026 - 16:30:00: [SM] Exception reported: Client index 0 is invalid
L 06/21/2026 - 16:30:00: [SM] Blaming: l4d2_tank_core v4_5_1.smx
L 06/21/2026 - 16:30:00: [SM] Call stack trace:
L 06/21/2026 - 16:30:00: [SM]   [0] GetClientUserId
L 06/21/2026 - 16:30:00: [SM]   [1] Line 1077, D:\SteamLibrary\steamapps\common\Left 4 Dead 2\left4dead2\addons\sourcemod\scripting\l4d2_tank_core v4_5_1.sp::Event_PlayerDeath
L 06/21/2026 - 16:30:01: [SM] Exception reported: Client index 0 is invalid
L 06/21/2026 - 16:30:01: [SM] Blaming: l4d2_tank_core v4_5_1.smx
L 06/21/2026 - 16:30:01: [SM] Call stack trace:
L 06/21/2026 - 16:30:01: [SM]   [0] GetClientUserId
L 06/21/2026 - 16:30:01: [SM]   [1] Line 1077, D:\SteamLibrary\steamapps\common\Left 4 Dead 2\left4dead2\addons\sourcemod\scripting\l4d2_tank_core v4_5_1.sp::Event_PlayerDeath
L 06/21/2026 - 16:30:02: [SM] Exception reported: Client index 0 is invalid
L 06/21/2026 - 16:30:02: [SM] Blaming: l4d2_tank_core v4_5_1.smx
L 06/21/2026 - 16:30:02: [SM] Call stack trace:
L 06/21/2026 - 16:30:02: [SM]   [0] GetClientUserId
L 06/21/2026 - 16:30:02: [SM]   [1] Line 1077, D:\SteamLibrary\steamapps\common\Left 4 Dead 2\left4dead2\addons\sourcemod\scripting\l4d2_tank_core v4_5_1.sp::Event_PlayerDeath
L 06/21/2026 - 16:30:02: [SM] Exception reported: Client index 0 is invalid
L 06/21/2026 - 16:30:02: [SM] Blaming: l4d2_tank_core v4_5_1.smx
L 06/21/2026 - 16:30:02: [SM] Call stack trace:
L 06/21/2026 - 16:30:02: [SM]   [0] GetClientUserId
L 06/21/2026 - 16:30:02: [SM]   [1] Line 1077, D:\SteamLibrary\steamapps\common\Left 4 Dead 2\left4dead2\addons\sourcemod\scripting\l4d2_tank_core v4_5_1.sp::Event_PlayerDeath
L 06/21/2026 - 16:30:03: [SM] Exception reported: Client index 0 is invalid
L 06/21/2026 - 16:30:03: [SM] Blaming: l4d2_tank_core v4_5_1.smx
L 06/21/2026 - 16:30:03: [SM] Call stack trace:
L 06/21/2026 - 16:30:03: [SM]   [0] GetClientUserId
L 06/21/2026 - 16:30:03: [SM]   [1] Line 1077, D:\SteamLibrary\steamapps\common\Left 4 Dead 2\left4dead2\addons\sourcemod\scripting\l4d2_tank_core v4_5_1.sp::Event_PlayerDeath
L 06/21/2026 - 16:30:04: [SM] Exception reported: Client index 0 is invalid
L 06/21/2026 - 16:30:04: [SM] Blaming: l4d2_tank_core v4_5_1.smx
L 06/21/2026 - 16:30:04: [SM] Call stack trace:
L 06/21/2026 - 16:30:04: [SM]   [0] GetClientUserId
L 06/21/2026 - 16:30:04: [SM]   [1] Line 1077, D:\SteamLibrary\steamapps\common\Left 4 Dead 2\left4dead2\addons\sourcemod\scripting\l4d2_tank_core v4_5_1.sp::Event_PlayerDeath
L 06/21/2026 - 16:30:04: [SM] Exception reported: Client index 0 is invalid
L 06/21/2026 - 16:30:04: [SM] Blaming: l4d2_tank_core v4_5_1.smx
L 06/21/2026 - 16:30:04: [SM] Call stack trace:
L 06/21/2026 - 16:30:04: [SM]   [0] GetClientUserId
L 06/21/2026 - 16:30:04: [SM]   [1] Line 1077, D:\SteamLibrary\steamapps\common\Left 4 Dead 2\left4dead2\addons\sourcemod\scripting\l4d2_tank_core v4_5_1.sp::Event_PlayerDeath
L 06/21/2026 - 16:30:05: [SM] Exception reported: Client index 0 is invalid
L 06/21/2026 - 16:30:05: [SM] Blaming: l4d2_tank_core v4_5_1.smx
L 06/21/2026 - 16:30:05: [SM] Call stack trace:
L 06/21/2026 - 16:30:05: [SM]   [0] GetClientUserId
L 06/21/2026 - 16:30:05: [SM]   [1] Line 1077, D:\SteamLibrary\steamapps\common\Left 4 Dead 2\left4dead2\addons\sourcemod\scripting\l4d2_tank_core v4_5_1.sp::Event_PlayerDeath
L 06/21/2026 - 16:30:05: [SM] Exception reported: Client index 0 is invalid
L 06/21/2026 - 16:30:05: [SM] Blaming: l4d2_tank_core v4_5_1.smx
L 06/21/2026 - 16:30:05: [SM] Call stack trace:
L 06/21/2026 - 16:30:05: [SM]   [0] GetClientUserId
L 06/21/2026 - 16:30:05: [SM]   [1] Line 1077, D:\SteamLibrary\steamapps\common\Left 4 Dead 2\left4dead2\addons\sourcemod\scripting\l4d2_tank_core v4_5_1.sp::Event_PlayerDeath
L 06/21/2026 - 16:30:06: [SM] Exception reported: Client index 0 is invalid
L 06/21/2026 - 16:30:06: [SM] Blaming: l4d2_tank_core v4_5_1.smx
L 06/21/2026 - 16:30:06: [SM] Call stack trace:
L 06/21/2026 - 16:30:06: [SM]   [0] GetClientUserId
L 06/21/2026 - 16:30:06: [SM]   [1] Line 1077, D:\SteamLibrary\steamapps\common\Left 4 Dead 2\left4dead2\addons\sourcemod\scripting\l4d2_tank_core v4_5_1.sp::Event_PlayerDeath
L 06/21/2026 - 16:30:07: [SM] Exception reported: Client index 0 is invalid
L 06/21/2026 - 16:30:07: [SM] Blaming: l4d2_tank_core v4_5_1.smx
L 06/21/2026 - 16:30:07: [SM] Call stack trace:
L 06/21/2026 - 16:30:07: [SM]   [0] GetClientUserId
L 06/21/2026 - 16:30:07: [SM]   [1] Line 1077, D:\SteamLibrary\steamapps\common\Left 4 Dead 2\left4dead2\addons\sourcemod\scripting\l4d2_tank_core v4_5_1.sp::Event_PlayerDeath
L 06/21/2026 - 16:30:07: [SM] Exception reported: Client index 0 is invalid
L 06/21/2026 - 16:30:07: [SM] Blaming: l4d2_tank_core v4_5_1.smx
L 06/21/2026 - 16:30:07: [SM] Call stack trace:
L 06/21/2026 - 16:30:07: [SM]   [0] GetClientUserId
L 06/21/2026 - 16:30:07: [SM]   [1] Line 1077, D:\SteamLibrary\steamapps\common\Left 4 Dead 2\left4dead2\addons\sourcemod\scripting\l4d2_tank_core v4_5_1.sp::Event_PlayerDeath
L 06/21/2026 - 16:30:07: [SM] Exception reported: Client index 0 is invalid
L 06/21/2026 - 16:30:07: [SM] Blaming: l4d2_tank_core v4_5_1.smx
L 06/21/2026 - 16:30:07: [SM] Call stack trace:
L 06/21/2026 - 16:30:07: [SM]   [0] GetClientUserId
L 06/21/2026 - 16:30:07: [SM]   [1] Line 1077, D:\SteamLibrary\steamapps\common\Left 4 Dead 2\left4dead2\addons\sourcemod\scripting\l4d2_tank_core v4_5_1.sp::Event_PlayerDeath
L 06/21/2026 - 16:30:07: [SM] Exception reported: Client index 0 is invalid
L 06/21/2026 - 16:30:07: [SM] Blaming: l4d2_tank_core v4_5_1.smx
L 06/21/2026 - 16:30:07: [SM] Call stack trace:
L 06/21/2026 - 16:30:07: [SM]   [0] GetClientUserId
L 06/21/2026 - 16:30:07: [SM]   [1] Line 1077, D:\SteamLibrary\steamapps\common\Left 4 Dead 2\left4dead2\addons\sourcemod\scripting\l4d2_tank_core v4_5_1.sp::Event_PlayerDeath
L 06/21/2026 - 16:30:08: [SM] Exception reported: Client index 0 is invalid
L 06/21/2026 - 16:30:08: [SM] Blaming: l4d2_tank_core v4_5_1.smx
L 06/21/2026 - 16:30:08: [SM] Call stack trace:
L 06/21/2026 - 16:30:08: [SM]   [0] GetClientUserId
L 06/21/2026 - 16:30:08: [SM]   [1] Line 1077, D:\SteamLibrary\steamapps\common\Left 4 Dead 2\left4dead2\addons\sourcemod\scripting\l4d2_tank_core v4_5_1.sp::Event_PlayerDeath
L 06/21/2026 - 16:30:09: [SM] Exception reported: Client index 0 is invalid
L 06/21/2026 - 16:30:09: [SM] Blaming: l4d2_tank_core v4_5_1.smx
L 06/21/2026 - 16:30:09: [SM] Call stack trace:
L 06/21/2026 - 16:30:09: [SM]   [0] GetClientUserId
L 06/21/2026 - 16:30:09: [SM]   [1] Line 1077, D:\SteamLibrary\steamapps\common\Left 4 Dead 2\left4dead2\addons\sourcemod\scripting\l4d2_tank_core v4_5_1.sp::Event_PlayerDeath
L 06/21/2026 - 16:30:09: [SM] Exception reported: Client index 0 is invalid
L 06/21/2026 - 16:30:09: [SM] Blaming: l4d2_tank_core v4_5_1.smx
L 06/21/2026 - 16:30:09: [SM] Call stack trace:
L 06/21/2026 - 16:30:09: [SM]   [0] GetClientUserId
L 06/21/2026 - 16:30:09: [SM]   [1] Line 1077, D:\SteamLibrary\steamapps\common\Left 4 Dead 2\left4dead2\addons\sourcemod\scripting\l4d2_tank_core v4_5_1.sp::Event_PlayerDeath
L 06/21/2026 - 16:30:10: [SM] Exception reported: Client index 0 is invalid
L 06/21/2026 - 16:30:10: [SM] Blaming: l4d2_tank_core v4_5_1.smx
L 06/21/2026 - 16:30:10: [SM] Call stack trace:
L 06/21/2026 - 16:30:10: [SM]   [0] GetClientUserId
L 06/21/2026 - 16:30:10: [SM]   [1] Line 1077, D:\SteamLibrary\steamapps\common\Left 4 Dead 2\left4dead2\addons\sourcemod\scripting\l4d2_tank_core v4_5_1.sp::Event_PlayerDeath
L 06/21/2026 - 16:30:10: [SM] Exception reported: Client index 0 is invalid
L 06/21/2026 - 16:30:10: [SM] Blaming: l4d2_tank_core v4_5_1.smx
L 06/21/2026 - 16:30:10: [SM] Call stack trace:
L 06/21/2026 - 16:30:10: [SM]   [0] GetClientUserId
L 06/21/2026 - 16:30:10: [SM]   [1] Line 1077, D:\SteamLibrary\steamapps\common\Left 4 Dead 2\left4dead2\addons\sourcemod\scripting\l4d2_tank_core v4_5_1.sp::Event_PlayerDeath
L 06/21/2026 - 16:30:15: [SM] Exception reported: Client index 0 is invalid
L 06/21/2026 - 16:30:15: [SM] Blaming: l4d2_tank_core v4_5_1.smx
L 06/21/2026 - 16:30:15: [SM] Call stack trace:
L 06/21/2026 - 16:30:15: [SM]   [0] GetClientUserId
L 06/21/2026 - 16:30:15: [SM]   [1] Line 1077, D:\SteamLibrary\steamapps\common\Left 4 Dead 2\left4dead2\addons\sourcemod\scripting\l4d2_tank_core v4_5_1.sp::Event_PlayerDeath
L 06/21/2026 - 16:30:16: [SM] Exception reported: Client index 0 is invalid
L 06/21/2026 - 16:30:16: [SM] Blaming: l4d2_tank_core v4_5_1.smx
L 06/21/2026 - 16:30:16: [SM] Call stack trace:
L 06/21/2026 - 16:30:16: [SM]   [0] GetClientUserId
L 06/21/2026 - 16:30:16: [SM]   [1] Line 1077, D:\SteamLibrary\steamapps\common\Left 4 Dead 2\left4dead2\addons\sourcemod\scripting\l4d2_tank_core v4_5_1.sp::Event_PlayerDeath
L 06/21/2026 - 16:30:16: [SM] Exception reported: Client index 0 is invalid
L 06/21/2026 - 16:30:16: [SM] Blaming: l4d2_tank_core v4_5_1.smx
L 06/21/2026 - 16:30:16: [SM] Call stack trace:
L 06/21/2026 - 16:30:16: [SM]   [0] GetClientUserId
L 06/21/2026 - 16:30:16: [SM]   [1] Line 1077, D:\SteamLibrary\steamapps\common\Left 4 Dead 2\left4dead2\addons\sourcemod\scripting\l4d2_tank_core v4_5_1.sp::Event_PlayerDeath
L 06/21/2026 - 16:30:16: [SM] Exception reported: Client index 0 is invalid
L 06/21/2026 - 16:30:16: [SM] Blaming: l4d2_tank_core v4_5_1.smx
L 06/21/2026 - 16:30:16: [SM] Call stack trace:
L 06/21/2026 - 16:30:16: [SM]   [0] GetClientUserId
L 06/21/2026 - 16:30:16: [SM]   [1] Line 1077, D:\SteamLibrary\steamapps\common\Left 4 Dead 2\left4dead2\addons\sourcemod\scripting\l4d2_tank_core v4_5_1.sp::Event_PlayerDeath
L 06/21/2026 - 16:30:18: [SM] Exception reported: Client index 0 is invalid
L 06/21/2026 - 16:30:18: [SM] Blaming: l4d2_tank_core v4_5_1.smx
L 06/21/2026 - 16:30:18: [SM] Call stack trace:
L 06/21/2026 - 16:30:18: [SM]   [0] GetClientUserId
L 06/21/2026 - 16:30:18: [SM]   [1] Line 1077, D:\SteamLibrary\steamapps\common\Left 4 Dead 2\left4dead2\addons\sourcemod\scripting\l4d2_tank_core v4_5_1.sp::Event_PlayerDeath
L 06/21/2026 - 16:30:20: [SM] Exception reported: Client index 0 is invalid
L 06/21/2026 - 16:30:20: [SM] Blaming: l4d2_tank_core v4_5_1.smx
L 06/21/2026 - 16:30:20: [SM] Call stack trace:
L 06/21/2026 - 16:30:20: [SM]   [0] GetClientUserId
L 06/21/2026 - 16:30:20: [SM]   [1] Line 1077, D:\SteamLibrary\steamapps\common\Left 4 Dead 2\left4dead2\addons\sourcemod\scripting\l4d2_tank_core v4_5_1.sp::Event_PlayerDeath
L 06/21/2026 - 16:30:21: [SM] Exception reported: Client index 0 is invalid
L 06/21/2026 - 16:30:21: [SM] Blaming: l4d2_tank_core v4_5_1.smx
L 06/21/2026 - 16:30:21: [SM] Call stack trace:
L 06/21/2026 - 16:30:21: [SM]   [0] GetClientUserId
L 06/21/2026 - 16:30:21: [SM]   [1] Line 1077, D:\SteamLibrary\steamapps\common\Left 4 Dead 2\left4dead2\addons\sourcemod\scripting\l4d2_tank_core v4_5_1.sp::Event_PlayerDeath
L 06/21/2026 - 16:30:23: [SM] Exception reported: Client index 0 is invalid
L 06/21/2026 - 16:30:23: [SM] Blaming: l4d2_tank_core v4_5_1.smx
L 06/21/2026 - 16:30:23: [SM] Call stack trace:
L 06/21/2026 - 16:30:23: [SM]   [0] GetClientUserId
L 06/21/2026 - 16:30:23: [SM]   [1] Line 1077, D:\SteamLibrary\steamapps\common\Left 4 Dead 2\left4dead2\addons\sourcemod\scripting\l4d2_tank_core v4_5_1.sp::Event_PlayerDeath
L 06/21/2026 - 16:30:25: [SM] Exception reported: Client index 0 is invalid
L 06/21/2026 - 16:30:25: [SM] Blaming: l4d2_tank_core v4_5_1.smx
L 06/21/2026 - 16:30:25: [SM] Call stack trace:
L 06/21/2026 - 16:30:25: [SM]   [0] GetClientUserId
L 06/21/2026 - 16:30:25: [SM]   [1] Line 1077, D:\SteamLibrary\steamapps\common\Left 4 Dead 2\left4dead2\addons\sourcemod\scripting\l4d2_tank_core v4_5_1.sp::Event_PlayerDeath
L 06/21/2026 - 16:30:27: [SM] Exception reported: Client index 0 is invalid
L 06/21/2026 - 16:30:27: [SM] Blaming: l4d2_tank_core v4_5_1.smx
L 06/21/2026 - 16:30:27: [SM] Call stack trace:
L 06/21/2026 - 16:30:27: [SM]   [0] GetClientUserId
L 06/21/2026 - 16:30:27: [SM]   [1] Line 1077, D:\SteamLibrary\steamapps\common\Left 4 Dead 2\left4dead2\addons\sourcemod\scripting\l4d2_tank_core v4_5_1.sp::Event_PlayerDeath
L 06/21/2026 - 16:30:44: [SM] Exception reported: Client index 0 is invalid
L 06/21/2026 - 16:30:44: [SM] Blaming: l4d2_tank_core v4_5_1.smx
L 06/21/2026 - 16:30:44: [SM] Call stack trace:
L 06/21/2026 - 16:30:44: [SM]   [0] GetClientUserId
L 06/21/2026 - 16:30:44: [SM]   [1] Line 1077, D:\SteamLibrary\steamapps\common\Left 4 Dead 2\left4dead2\addons\sourcemod\scripting\l4d2_tank_core v4_5_1.sp::Event_PlayerDeath
L 06/21/2026 - 16:31:12: [SM] Exception reported: Client index 0 is invalid
L 06/21/2026 - 16:31:12: [SM] Blaming: l4d2_tank_core v4_5_1.smx
L 06/21/2026 - 16:31:12: [SM] Call stack trace:
L 06/21/2026 - 16:31:12: [SM]   [0] GetClientUserId
L 06/21/2026 - 16:31:12: [SM]   [1] Line 1077, D:\SteamLibrary\steamapps\common\Left 4 Dead 2\left4dead2\addons\sourcemod\scripting\l4d2_tank_core v4_5_1.sp::Event_PlayerDeath
L 06/21/2026 - 16:31:15: [SM] Exception reported: Client index 0 is invalid
L 06/21/2026 - 16:31:15: [SM] Blaming: l4d2_tank_core v4_5_1.smx
L 06/21/2026 - 16:31:15: [SM] Call stack trace:
L 06/21/2026 - 16:31:15: [SM]   [0] GetClientUserId
L 06/21/2026 - 16:31:15: [SM]   [1] Line 1077, D:\SteamLibrary\steamapps\common\Left 4 Dead 2\left4dead2\addons\sourcemod\scripting\l4d2_tank_core v4_5_1.sp::Event_PlayerDeath
L 06/21/2026 - 16:31:47: [SM] Exception reported: Client index 0 is invalid
L 06/21/2026 - 16:31:47: [SM] Blaming: l4d2_tank_core v4_5_1.smx
L 06/21/2026 - 16:31:47: [SM] Call stack trace:
L 06/21/2026 - 16:31:47: [SM]   [0] GetClientUserId
L 06/21/2026 - 16:31:47: [SM]   [1] Line 1077, D:\SteamLibrary\steamapps\common\Left 4 Dead 2\left4dead2\addons\sourcemod\scripting\l4d2_tank_core v4_5_1.sp::Event_PlayerDeath
L 06/21/2026 - 16:31:56: [SM] Exception reported: Client index 0 is invalid
L 06/21/2026 - 16:31:56: [SM] Blaming: l4d2_tank_core v4_5_1.smx
L 06/21/2026 - 16:31:56: [SM] Call stack trace:
L 06/21/2026 - 16:31:56: [SM]   [0] GetClientUserId
L 06/21/2026 - 16:31:56: [SM]   [1] Line 1077, D:\SteamLibrary\steamapps\common\Left 4 Dead 2\left4dead2\addons\sourcemod\scripting\l4d2_tank_core v4_5_1.sp::Event_PlayerDeath
L 06/21/2026 - 16:32:16: [SM] Exception reported: Client index 0 is invalid
L 06/21/2026 - 16:32:16: [SM] Blaming: l4d2_tank_core v4_5_1.smx
L 06/21/2026 - 16:32:16: [SM] Call stack trace:
L 06/21/2026 - 16:32:16: [SM]   [0] GetClientUserId
L 06/21/2026 - 16:32:16: [SM]   [1] Line 1077, D:\SteamLibrary\steamapps\common\Left 4 Dead 2\left4dead2\addons\sourcemod\scripting\l4d2_tank_core v4_5_1.sp::Event_PlayerDeath
L 06/21/2026 - 16:32:17: [SM] Exception reported: Client index 0 is invalid
L 06/21/2026 - 16:32:17: [SM] Blaming: l4d2_tank_core v4_5_1.smx
L 06/21/2026 - 16:32:17: [SM] Call stack trace:
L 06/21/2026 - 16:32:17: [SM]   [0] GetClientUserId
L 06/21/2026 - 16:32:17: [SM]   [1] Line 1077, D:\SteamLibrary\steamapps\common\Left 4 Dead 2\left4dead2\addons\sourcemod\scripting\l4d2_tank_core v4_5_1.sp::Event_PlayerDeath
L 06/21/2026 - 16:32:22: [SM] Exception reported: Client index 0 is invalid
L 06/21/2026 - 16:32:22: [SM] Blaming: l4d2_tank_core v4_5_1.smx
L 06/21/2026 - 16:32:22: [SM] Call stack trace:
L 06/21/2026 - 16:32:22: [SM]   [0] GetClientUserId
L 06/21/2026 - 16:32:22: [SM]   [1] Line 1077, D:\SteamLibrary\steamapps\common\Left 4 Dead 2\left4dead2\addons\sourcemod\scripting\l4d2_tank_core v4_5_1.sp::Event_PlayerDeath
L 06/21/2026 - 16:32:23: [SM] Exception reported: Client index 0 is invalid
L 06/21/2026 - 16:32:23: [SM] Blaming: l4d2_tank_core v4_5_1.smx
L 06/21/2026 - 16:32:23: [SM] Call stack trace:
L 06/21/2026 - 16:32:23: [SM]   [0] GetClientUserId
L 06/21/2026 - 16:32:23: [SM]   [1] Line 1077, D:\SteamLibrary\steamapps\common\Left 4 Dead 2\left4dead2\addons\sourcemod\scripting\l4d2_tank_core v4_5_1.sp::Event_PlayerDeath
L 06/21/2026 - 16:32:23: [SM] Exception reported: Client index 0 is invalid
L 06/21/2026 - 16:32:23: [SM] Blaming: l4d2_tank_core v4_5_1.smx
L 06/21/2026 - 16:32:23: [SM] Call stack trace:
L 06/21/2026 - 16:32:23: [SM]   [0] GetClientUserId
L 06/21/2026 - 16:32:23: [SM]   [1] Line 1077, D:\SteamLibrary\steamapps\common\Left 4 Dead 2\left4dead2\addons\sourcemod\scripting\l4d2_tank_core v4_5_1.sp::Event_PlayerDeath
L 06/21/2026 - 16:32:23: [SM] Exception reported: Client index 0 is invalid
L 06/21/2026 - 16:32:23: [SM] Blaming: l4d2_tank_core v4_5_1.smx
L 06/21/2026 - 16:32:23: [SM] Call stack trace:
L 06/21/2026 - 16:32:23: [SM]   [0] GetClientUserId
L 06/21/2026 - 16:32:23: [SM]   [1] Line 1077, D:\SteamLibrary\steamapps\common\Left 4 Dead 2\left4dead2\addons\sourcemod\scripting\l4d2_tank_core v4_5_1.sp::Event_PlayerDeath
L 06/21/2026 - 16:32:23: [SM] Exception reported: Client index 0 is invalid
L 06/21/2026 - 16:32:23: [SM] Blaming: l4d2_tank_core v4_5_1.smx
L 06/21/2026 - 16:32:23: [SM] Call stack trace:
L 06/21/2026 - 16:32:23: [SM]   [0] GetClientUserId
L 06/21/2026 - 16:32:23: [SM]   [1] Line 1077, D:\SteamLibrary\steamapps\common\Left 4 Dead 2\left4dead2\addons\sourcemod\scripting\l4d2_tank_core v4_5_1.sp::Event_PlayerDeath
L 06/21/2026 - 16:32:24: [SM] Exception reported: Client index 0 is invalid
L 06/21/2026 - 16:32:24: [SM] Blaming: l4d2_tank_core v4_5_1.smx
L 06/21/2026 - 16:32:24: [SM] Call stack trace:
L 06/21/2026 - 16:32:24: [SM]   [0] GetClientUserId
L 06/21/2026 - 16:32:24: [SM]   [1] Line 1077, D:\SteamLibrary\steamapps\common\Left 4 Dead 2\left4dead2\addons\sourcemod\scripting\l4d2_tank_core v4_5_1.sp::Event_PlayerDeath
L 06/21/2026 - 16:32:24: [SM] Exception reported: Client index 0 is invalid
L 06/21/2026 - 16:32:24: [SM] Blaming: l4d2_tank_core v4_5_1.smx
L 06/21/2026 - 16:32:24: [SM] Call stack trace:
L 06/21/2026 - 16:32:24: [SM]   [0] GetClientUserId
L 06/21/2026 - 16:32:24: [SM]   [1] Line 1077, D:\SteamLibrary\steamapps\common\Left 4 Dead 2\left4dead2\addons\sourcemod\scripting\l4d2_tank_core v4_5_1.sp::Event_PlayerDeath
L 06/21/2026 - 16:32:24: [SM] Exception reported: Client index 0 is invalid
L 06/21/2026 - 16:32:24: [SM] Blaming: l4d2_tank_core v4_5_1.smx
L 06/21/2026 - 16:32:24: [SM] Call stack trace:
L 06/21/2026 - 16:32:24: [SM]   [0] GetClientUserId
L 06/21/2026 - 16:32:24: [SM]   [1] Line 1077, D:\SteamLibrary\steamapps\common\Left 4 Dead 2\left4dead2\addons\sourcemod\scripting\l4d2_tank_core v4_5_1.sp::Event_PlayerDeath
L 06/21/2026 - 16:32:24: [SM] Exception reported: Client index 0 is invalid
L 06/21/2026 - 16:32:24: [SM] Blaming: l4d2_tank_core v4_5_1.smx
L 06/21/2026 - 16:32:24: [SM] Call stack trace:
L 06/21/2026 - 16:32:24: [SM]   [0] GetClientUserId
L 06/21/2026 - 16:32:24: [SM]   [1] Line 1077, D:\SteamLibrary\steamapps\common\Left 4 Dead 2\left4dead2\addons\sourcemod\scripting\l4d2_tank_core v4_5_1.sp::Event_PlayerDeath
L 06/21/2026 - 16:32:24: [SM] Exception reported: Client index 0 is invalid
L 06/21/2026 - 16:32:24: [SM] Blaming: l4d2_tank_core v4_5_1.smx
L 06/21/2026 - 16:32:24: [SM] Call stack trace:
L 06/21/2026 - 16:32:24: [SM]   [0] GetClientUserId
L 06/21/2026 - 16:32:24: [SM]   [1] Line 1077, D:\SteamLibrary\steamapps\common\Left 4 Dead 2\left4dead2\addons\sourcemod\scripting\l4d2_tank_core v4_5_1.sp::Event_PlayerDeath
L 06/21/2026 - 16:32:25: [SM] Exception reported: Client index 0 is invalid
L 06/21/2026 - 16:32:25: [SM] Blaming: l4d2_tank_core v4_5_1.smx
L 06/21/2026 - 16:32:25: [SM] Call stack trace:
L 06/21/2026 - 16:32:25: [SM]   [0] GetClientUserId
L 06/21/2026 - 16:32:25: [SM]   [1] Line 1077, D:\SteamLibrary\steamapps\common\Left 4 Dead 2\left4dead2\addons\sourcemod\scripting\l4d2_tank_core v4_5_1.sp::Event_PlayerDeath
L 06/21/2026 - 16:32:25: [SM] Exception reported: Client index 0 is invalid
L 06/21/2026 - 16:32:25: [SM] Blaming: l4d2_tank_core v4_5_1.smx
L 06/21/2026 - 16:32:25: [SM] Call stack trace:
L 06/21/2026 - 16:32:25: [SM]   [0] GetClientUserId
L 06/21/2026 - 16:32:25: [SM]   [1] Line 1077, D:\SteamLibrary\steamapps\common\Left 4 Dead 2\left4dead2\addons\sourcemod\scripting\l4d2_tank_core v4_5_1.sp::Event_PlayerDeath
L 06/21/2026 - 16:32:26: [SM] Exception reported: Client index 0 is invalid
L 06/21/2026 - 16:32:26: [SM] Blaming: l4d2_tank_core v4_5_1.smx
L 06/21/2026 - 16:32:26: [SM] Call stack trace:
L 06/21/2026 - 16:32:26: [SM]   [0] GetClientUserId
L 06/21/2026 - 16:32:26: [SM]   [1] Line 1077, D:\SteamLibrary\steamapps\common\Left 4 Dead 2\left4dead2\addons\sourcemod\scripting\l4d2_tank_core v4_5_1.sp::Event_PlayerDeath
L 06/21/2026 - 16:32:28: [SM] Exception reported: Client index 0 is invalid
L 06/21/2026 - 16:32:28: [SM] Blaming: l4d2_tank_core v4_5_1.smx
L 06/21/2026 - 16:32:28: [SM] Call stack trace:
L 06/21/2026 - 16:32:28: [SM]   [0] GetClientUserId
L 06/21/2026 - 16:32:28: [SM]   [1] Line 1077, D:\SteamLibrary\steamapps\common\Left 4 Dead 2\left4dead2\addons\sourcemod\scripting\l4d2_tank_core v4_5_1.sp::Event_PlayerDeath
L 06/21/2026 - 16:32:29: [SM] Exception reported: Client index 0 is invalid
L 06/21/2026 - 16:32:29: [SM] Blaming: l4d2_tank_core v4_5_1.smx
L 06/21/2026 - 16:32:29: [SM] Call stack trace:
L 06/21/2026 - 16:32:29: [SM]   [0] GetClientUserId
L 06/21/2026 - 16:32:29: [SM]   [1] Line 1077, D:\SteamLibrary\steamapps\common\Left 4 Dead 2\left4dead2\addons\sourcemod\scripting\l4d2_tank_core v4_5_1.sp::Event_PlayerDeath
L 06/21/2026 - 16:32:29: [SM] Exception reported: Client index 0 is invalid
L 06/21/2026 - 16:32:29: [SM] Blaming: l4d2_tank_core v4_5_1.smx
L 06/21/2026 - 16:32:29: [SM] Call stack trace:
L 06/21/2026 - 16:32:29: [SM]   [0] GetClientUserId
L 06/21/2026 - 16:32:29: [SM]   [1] Line 1077, D:\SteamLibrary\steamapps\common\Left 4 Dead 2\left4dead2\addons\sourcemod\scripting\l4d2_tank_core v4_5_1.sp::Event_PlayerDeath
L 06/21/2026 - 16:32:29: [SM] Exception reported: Client index 0 is invalid
L 06/21/2026 - 16:32:29: [SM] Blaming: l4d2_tank_core v4_5_1.smx
L 06/21/2026 - 16:32:29: [SM] Call stack trace:
L 06/21/2026 - 16:32:29: [SM]   [0] GetClientUserId
L 06/21/2026 - 16:32:29: [SM]   [1] Line 1077, D:\SteamLibrary\steamapps\common\Left 4 Dead 2\left4dead2\addons\sourcemod\scripting\l4d2_tank_core v4_5_1.sp::Event_PlayerDeath
L 06/21/2026 - 16:32:29: [SM] Exception reported: Client index 0 is invalid
L 06/21/2026 - 16:32:29: [SM] Blaming: l4d2_tank_core v4_5_1.smx
L 06/21/2026 - 16:32:29: [SM] Call stack trace:
L 06/21/2026 - 16:32:29: [SM]   [0] GetClientUserId
L 06/21/2026 - 16:32:29: [SM]   [1] Line 1077, D:\SteamLibrary\steamapps\common\Left 4 Dead 2\left4dead2\addons\sourcemod\scripting\l4d2_tank_core v4_5_1.sp::Event_PlayerDeath
L 06/21/2026 - 16:32:29: [SM] Exception reported: Client index 0 is invalid
L 06/21/2026 - 16:32:29: [SM] Blaming: l4d2_tank_core v4_5_1.smx
L 06/21/2026 - 16:32:29: [SM] Call stack trace:
L 06/21/2026 - 16:32:29: [SM]   [0] GetClientUserId
L 06/21/2026 - 16:32:29: [SM]   [1] Line 1077, D:\SteamLibrary\steamapps\common\Left 4 Dead 2\left4dead2\addons\sourcemod\scripting\l4d2_tank_core v4_5_1.sp::Event_PlayerDeath
L 06/21/2026 - 16:32:30: [SM] Exception reported: Client index 0 is invalid
L 06/21/2026 - 16:32:30: [SM] Blaming: l4d2_tank_core v4_5_1.smx
L 06/21/2026 - 16:32:30: [SM] Call stack trace:
L 06/21/2026 - 16:32:30: [SM]   [0] GetClientUserId
L 06/21/2026 - 16:32:30: [SM]   [1] Line 1077, D:\SteamLibrary\steamapps\common\Left 4 Dead 2\left4dead2\addons\sourcemod\scripting\l4d2_tank_core v4_5_1.sp::Event_PlayerDeath
L 06/21/2026 - 16:32:31: [SM] Exception reported: Client index 0 is invalid
L 06/21/2026 - 16:32:31: [SM] Blaming: l4d2_tank_core v4_5_1.smx
L 06/21/2026 - 16:32:31: [SM] Call stack trace:
L 06/21/2026 - 16:32:31: [SM]   [0] GetClientUserId
L 06/21/2026 - 16:32:31: [SM]   [1] Line 1077, D:\SteamLibrary\steamapps\common\Left 4 Dead 2\left4dead2\addons\sourcemod\scripting\l4d2_tank_core v4_5_1.sp::Event_PlayerDeath
L 06/21/2026 - 16:32:32: [SM] Exception reported: Client index 0 is invalid
L 06/21/2026 - 16:32:32: [SM] Blaming: l4d2_tank_core v4_5_1.smx
L 06/21/2026 - 16:32:32: [SM] Call stack trace:
L 06/21/2026 - 16:32:32: [SM]   [0] GetClientUserId
L 06/21/2026 - 16:32:32: [SM]   [1] Line 1077, D:\SteamLibrary\steamapps\common\Left 4 Dead 2\left4dead2\addons\sourcemod\scripting\l4d2_tank_core v4_5_1.sp::Event_PlayerDeath
L 06/21/2026 - 16:32:32: [SM] Exception reported: Client index 0 is invalid
L 06/21/2026 - 16:32:32: [SM] Blaming: l4d2_tank_core v4_5_1.smx
L 06/21/2026 - 16:32:32: [SM] Call stack trace:
L 06/21/2026 - 16:32:32: [SM]   [0] GetClientUserId
L 06/21/2026 - 16:32:32: [SM]   [1] Line 1077, D:\SteamLibrary\steamapps\common\Left 4 Dead 2\left4dead2\addons\sourcemod\scripting\l4d2_tank_core v4_5_1.sp::Event_PlayerDeath
L 06/21/2026 - 16:32:33: [SM] Exception reported: Client index 0 is invalid
L 06/21/2026 - 16:32:33: [SM] Blaming: l4d2_tank_core v4_5_1.smx
L 06/21/2026 - 16:32:33: [SM] Call stack trace:
L 06/21/2026 - 16:32:33: [SM]   [0] GetClientUserId
L 06/21/2026 - 16:32:33: [SM]   [1] Line 1077, D:\SteamLibrary\steamapps\common\Left 4 Dead 2\left4dead2\addons\sourcemod\scripting\l4d2_tank_core v4_5_1.sp::Event_PlayerDeath
L 06/21/2026 - 16:32:33: [SM] Exception reported: Client index 0 is invalid
L 06/21/2026 - 16:32:33: [SM] Blaming: l4d2_tank_core v4_5_1.smx
L 06/21/2026 - 16:32:33: [SM] Call stack trace:
L 06/21/2026 - 16:32:33: [SM]   [0] GetClientUserId
L 06/21/2026 - 16:32:33: [SM]   [1] Line 1077, D:\SteamLibrary\steamapps\common\Left 4 Dead 2\left4dead2\addons\sourcemod\scripting\l4d2_tank_core v4_5_1.sp::Event_PlayerDeath
L 06/21/2026 - 16:32:37: [SM] Exception reported: Client index 0 is invalid
L 06/21/2026 - 16:32:37: [SM] Blaming: l4d2_tank_core v4_5_1.smx
L 06/21/2026 - 16:32:37: [SM] Call stack trace:
L 06/21/2026 - 16:32:37: [SM]   [0] GetClientUserId
L 06/21/2026 - 16:32:37: [SM]   [1] Line 1077, D:\SteamLibrary\steamapps\common\Left 4 Dead 2\left4dead2\addons\sourcemod\scripting\l4d2_tank_core v4_5_1.sp::Event_PlayerDeath
L 06/21/2026 - 16:32:37: [SM] Exception reported: Client index 0 is invalid
L 06/21/2026 - 16:32:37: [SM] Blaming: l4d2_tank_core v4_5_1.smx
L 06/21/2026 - 16:32:37: [SM] Call stack trace:
L 06/21/2026 - 16:32:37: [SM]   [0] GetClientUserId
L 06/21/2026 - 16:32:37: [SM]   [1] Line 1077, D:\SteamLibrary\steamapps\common\Left 4 Dead 2\left4dead2\addons\sourcemod\scripting\l4d2_tank_core v4_5_1.sp::Event_PlayerDeath
L 06/21/2026 - 16:32:48: [SM] Exception reported: Client index 0 is invalid
L 06/21/2026 - 16:32:48: [SM] Blaming: l4d2_tank_core v4_5_1.smx
L 06/21/2026 - 16:32:48: [SM] Call stack trace:
L 06/21/2026 - 16:32:48: [SM]   [0] GetClientUserId
L 06/21/2026 - 16:32:48: [SM]   [1] Line 1077, D:\SteamLibrary\steamapps\common\Left 4 Dead 2\left4dead2\addons\sourcemod\scripting\l4d2_tank_core v4_5_1.sp::Event_PlayerDeath
L 06/21/2026 - 16:32:52: [SM] Exception reported: Client index 0 is invalid
L 06/21/2026 - 16:32:52: [SM] Blaming: l4d2_tank_core v4_5_1.smx
L 06/21/2026 - 16:32:52: [SM] Call stack trace:
L 06/21/2026 - 16:32:52: [SM]   [0] GetClientUserId
L 06/21/2026 - 16:32:52: [SM]   [1] Line 1077, D:\SteamLibrary\steamapps\common\Left 4 Dead 2\left4dead2\addons\sourcemod\scripting\l4d2_tank_core v4_5_1.sp::Event_PlayerDeath
L 06/21/2026 - 16:32:53: [SM] Exception reported: Client index 0 is invalid
L 06/21/2026 - 16:32:53: [SM] Blaming: l4d2_tank_core v4_5_1.smx
L 06/21/2026 - 16:32:53: [SM] Call stack trace:
L 06/21/2026 - 16:32:53: [SM]   [0] GetClientUserId
L 06/21/2026 - 16:32:53: [SM]   [1] Line 1077, D:\SteamLibrary\steamapps\common\Left 4 Dead 2\left4dead2\addons\sourcemod\scripting\l4d2_tank_core v4_5_1.sp::Event_PlayerDeath
L 06/21/2026 - 16:34:41: [SM] Exception reported: Language phrase "No Any Dead Survivor" not found (arg 6)
L 06/21/2026 - 16:34:41: [SM] Blaming: l4d_sm_respawn.smx
L 06/21/2026 - 16:34:41: [SM] Call stack trace:
L 06/21/2026 - 16:34:41: [SM]   [0] FormatEx
L 06/21/2026 - 16:34:41: [SM]   [1] Line 202, d:\Github\Private-Work\L4D2-插件\scripting_1.11\l4d_sm_respawn.sp::MenuClientsToSpawn
L 06/21/2026 - 16:34:41: [SM]   [2] Line 239, d:\Github\Private-Work\L4D2-插件\scripting_1.11\l4d_sm_respawn.sp::MenuHandler_MenuList
L 06/21/2026 - 16:40:22: Error log file session closed.
L 06/21/2026 - 16:40:22: SourceMod error session started
L 06/21/2026 - 16:40:22: Info (map "hls_06") (file "d:\steamlibrary\steamapps\common\left 4 dead 2\left4dead2\addons\sourcemod\logs\errors_20260621.log")
L 06/21/2026 - 16:40:22: [SM] Fatal error encountered parsing translation file "l4d_nth.phrases.txt"
L 06/21/2026 - 16:40:22: [SM] Error (line 0, column 0): Stream failed to open
L 06/21/2026 - 16:40:22: [SM] Fatal error encountered parsing translation file "chargersteering.phrases.txt"
L 06/21/2026 - 16:40:22: [SM] Error (line 0, column 0): Stream failed to open
L 06/21/2026 - 16:40:22: [SM] Fatal error encountered parsing translation file "l4dmultislots.phrases.txt"
L 06/21/2026 - 16:40:22: [SM] Error (line 0, column 0): Stream failed to open
L 06/21/2026 - 16:40:25: [l4d2_publicity.smx] [Publicity] No se encontraron mensajes en el archivo de configuración
L 06/21/2026 - 16:42:25: [SM] Exception reported: Invalid timer handle d00520 (error 3)
L 06/21/2026 - 16:42:25: [SM] Blaming: l4d2_playerjoining_v2.smx
L 06/21/2026 - 16:42:25: [SM] Call stack trace:
L 06/21/2026 - 16:42:25: [SM]   [0] KillTimer
L 06/21/2026 - 16:42:25: [SM]   [1] Line 53, C:\Users\Moises\Downloads\Compressed\sourcemod-1.11.0-git6968-windows\addons\sourcemod\scripting\l4d2_playerjoining_v2.sp::OnClientDisconnect
L 06/21/2026 - 16:43:59: [SM] Exception reported: Invalid timer handle d00520 (error 3)
L 06/21/2026 - 16:43:59: [SM] Blaming: l4d2_playerjoining_v2.smx
L 06/21/2026 - 16:43:59: [SM] Call stack trace:
L 06/21/2026 - 16:43:59: [SM]   [0] KillTimer
L 06/21/2026 - 16:43:59: [SM]   [1] Line 53, C:\Users\Moises\Downloads\Compressed\sourcemod-1.11.0-git6968-windows\addons\sourcemod\scripting\l4d2_playerjoining_v2.sp::OnClientDisconnect
L 06/21/2026 - 16:44:45: [SM] Exception reported: Invalid timer handle d00520 (error 3)
L 06/21/2026 - 16:44:45: [SM] Blaming: l4d2_playerjoining_v2.smx
L 06/21/2026 - 16:44:45: [SM] Call stack trace:
L 06/21/2026 - 16:44:45: [SM]   [0] KillTimer
L 06/21/2026 - 16:44:45: [SM]   [1] Line 53, C:\Users\Moises\Downloads\Compressed\sourcemod-1.11.0-git6968-windows\addons\sourcemod\scripting\l4d2_playerjoining_v2.sp::OnClientDisconnect
L 06/21/2026 - 16:46:14: [SM] Exception reported: Language phrase "No Any Dead Survivor" not found (arg 6)
L 06/21/2026 - 16:46:14: [SM] Blaming: l4d_sm_respawn.smx
L 06/21/2026 - 16:46:14: [SM] Call stack trace:
L 06/21/2026 - 16:46:14: [SM]   [0] FormatEx
L 06/21/2026 - 16:46:14: [SM]   [1] Line 202, d:\Github\Private-Work\L4D2-插件\scripting_1.11\l4d_sm_respawn.sp::MenuClientsToSpawn
L 06/21/2026 - 16:46:14: [SM]   [2] Line 239, d:\Github\Private-Work\L4D2-插件\scripting_1.11\l4d_sm_respawn.sp::MenuHandler_MenuList
L 06/21/2026 - 16:46:36: [SM] Exception reported: Invalid timer handle d00520 (error 3)
L 06/21/2026 - 16:46:36: [SM] Blaming: l4d2_playerjoining_v2.smx
L 06/21/2026 - 16:46:36: [SM] Call stack trace:
L 06/21/2026 - 16:46:36: [SM]   [0] KillTimer
L 06/21/2026 - 16:46:36: [SM]   [1] Line 53, C:\Users\Moises\Downloads\Compressed\sourcemod-1.11.0-git6968-windows\addons\sourcemod\scripting\l4d2_playerjoining_v2.sp::OnClientDisconnect
L 06/21/2026 - 16:47:09: [SM] Exception reported: Invalid timer handle d00520 (error 1)
L 06/21/2026 - 16:47:09: [SM] Blaming: l4d2_playerjoining_v2.smx
L 06/21/2026 - 16:47:09: [SM] Call stack trace:
L 06/21/2026 - 16:47:09: [SM]   [0] KillTimer
L 06/21/2026 - 16:47:09: [SM]   [1] Line 53, C:\Users\Moises\Downloads\Compressed\sourcemod-1.11.0-git6968-windows\addons\sourcemod\scripting\l4d2_playerjoining_v2.sp::OnClientDisconnect
L 06/21/2026 - 16:49:22: [SM] Exception reported: Invalid timer handle d00520 (error 3)
L 06/21/2026 - 16:49:22: [SM] Blaming: l4d2_playerjoining_v2.smx
L 06/21/2026 - 16:49:22: [SM] Call stack trace:
L 06/21/2026 - 16:49:22: [SM]   [0] KillTimer
L 06/21/2026 - 16:49:22: [SM]   [1] Line 53, C:\Users\Moises\Downloads\Compressed\sourcemod-1.11.0-git6968-windows\addons\sourcemod\scripting\l4d2_playerjoining_v2.sp::OnClientDisconnect
L 06/21/2026 - 16:51:10: [SM] Exception reported: Language phrase "No Any Dead Survivor" not found (arg 6)
L 06/21/2026 - 16:51:10: [SM] Blaming: l4d_sm_respawn.smx
L 06/21/2026 - 16:51:10: [SM] Call stack trace:
L 06/21/2026 - 16:51:10: [SM]   [0] FormatEx
L 06/21/2026 - 16:51:10: [SM]   [1] Line 202, d:\Github\Private-Work\L4D2-插件\scripting_1.11\l4d_sm_respawn.sp::MenuClientsToSpawn
L 06/21/2026 - 16:51:10: [SM]   [2] Line 239, d:\Github\Private-Work\L4D2-插件\scripting_1.11\l4d_sm_respawn.sp::MenuHandler_MenuList
L 06/21/2026 - 16:51:33: [SM] Exception reported: Invalid timer handle 37b00549 (error 1)
L 06/21/2026 - 16:51:33: [SM] Blaming: l4d2_playerjoining_v2.smx
L 06/21/2026 - 16:51:33: [SM] Call stack trace:
L 06/21/2026 - 16:51:33: [SM]   [0] KillTimer
L 06/21/2026 - 16:51:33: [SM]   [1] Line 53, C:\Users\Moises\Downloads\Compressed\sourcemod-1.11.0-git6968-windows\addons\sourcemod\scripting\l4d2_playerjoining_v2.sp::OnClientDisconnect
L 06/21/2026 - 16:51:49: [SM] Exception reported: Invalid timer handle d00520 (error 3)
L 06/21/2026 - 16:51:49: [SM] Blaming: l4d2_playerjoining_v2.smx
L 06/21/2026 - 16:51:49: [SM] Call stack trace:
L 06/21/2026 - 16:51:49: [SM]   [0] KillTimer
L 06/21/2026 - 16:51:49: [SM]   [1] Line 53, C:\Users\Moises\Downloads\Compressed\sourcemod-1.11.0-git6968-windows\addons\sourcemod\scripting\l4d2_playerjoining_v2.sp::OnClientDisconnect
L 06/21/2026 - 16:52:01: Error log file session closed.
