L 07/15/2026 - 23:27:14: SourceMod error session started
L 07/15/2026 - 23:27:14: Info (map "glubtastic5_1") (file "d:\steamlibrary\steamapps\common\left 4 dead 2\left4dead2\addons\sourcemod\logs\errors_20260715.log")
L 07/15/2026 - 23:27:14: [SM] Failed to load plugin "cannounce.smx": Get a dedicated server. This plugin does not work on Listen servers..
L 07/15/2026 - 23:27:14: [SM] Failed to load plugin "LMCL4D1CDeathHandler.smx": Plugin only supports Left 4 Dead.
L 07/15/2026 - 23:27:14: [SM] Failed to load plugin "LMCL4D1SetTransmit.smx": Plugin only supports Left 4 Dead.
L 07/15/2026 - 23:27:14: [SM] Failed to load plugin "LMC_L4D1_Menu_Choosing.smx": Plugin only supports Left 4 Dead.
L 07/15/2026 - 23:27:14: [SM] Failed to load plugin "LMC_L4D1_RandomSpawns.smx": Plugin only supports Left 4 Dead.
L 07/15/2026 - 23:27:14: [SM] Failed to load plugin "nextmap.smx": Nextmap is incompatible with this game.
L 07/15/2026 - 23:27:14: [SM] Failed to load plugin "[L4D2] Left4dhooks.smx": 
====================
This plugin replaces Left4Downtown. Delete the extension to run.
====================.
L 07/15/2026 - 23:27:14: [SM] Fatal error encountered parsing translation file "l4d_nth.phrases.txt"
L 07/15/2026 - 23:27:14: [SM] Error (line 0, column 0): Stream failed to open
L 07/15/2026 - 23:27:14: [SM] Fatal error encountered parsing translation file "chargersteering.phrases.txt"
L 07/15/2026 - 23:27:14: [SM] Error (line 0, column 0): Stream failed to open
L 07/15/2026 - 23:27:14: [l4d2_publicity.smx] [Publicity] No se encontraron mensajes en el archivo de configuración
L 07/15/2026 - 23:27:15: [SM] Unable to load plugin "lilac_by_l4d2.smx": Native "IRC_MsgFlaggedChannels" was not found
L 07/15/2026 - 23:27:26: [l4d2_publicity.smx] [Publicity] No se encontraron mensajes en el archivo de configuración
L 07/15/2026 - 23:28:01: [l4d2_tank_core v4_7.smx] No se pudo cargar la firma Fling desde el GameData.
L 07/15/2026 - 23:28:04: [SM] Exception reported: Client index 0 is invalid
L 07/15/2026 - 23:28:04: [SM] Blaming: l4d2_tank_core v4_7.smx
L 07/15/2026 - 23:28:04: [SM] Call stack trace:
L 07/15/2026 - 23:28:04: [SM]   [0] GetClientUserId
L 07/15/2026 - 23:28:04: [SM]   [1] Line 1081, D:\SteamLibrary\steamapps\common\Left 4 Dead 2\left4dead2\addons\sourcemod\scripting\l4d2_tank_core v4_7.sp::Event_PlayerDeath
L 07/15/2026 - 23:28:09: [SM] Exception reported: Client index 0 is invalid
L 07/15/2026 - 23:28:09: [SM] Blaming: l4d2_tank_core v4_7.smx
L 07/15/2026 - 23:28:09: [SM] Call stack trace:
L 07/15/2026 - 23:28:09: [SM]   [0] GetClientUserId
L 07/15/2026 - 23:28:09: [SM]   [1] Line 1081, D:\SteamLibrary\steamapps\common\Left 4 Dead 2\left4dead2\addons\sourcemod\scripting\l4d2_tank_core v4_7.sp::Event_PlayerDeath
L 07/15/2026 - 23:28:10: [SM] Exception reported: Client index 0 is invalid
L 07/15/2026 - 23:28:10: [SM] Blaming: l4d2_tank_core v4_7.smx
L 07/15/2026 - 23:28:10: [SM] Call stack trace:
L 07/15/2026 - 23:28:10: [SM]   [0] GetClientUserId
L 07/15/2026 - 23:28:10: [SM]   [1] Line 1081, D:\SteamLibrary\steamapps\common\Left 4 Dead 2\left4dead2\addons\sourcemod\scripting\l4d2_tank_core v4_7.sp::Event_PlayerDeath
L 07/15/2026 - 23:28:17: [SM] Exception reported: Client index 0 is invalid
L 07/15/2026 - 23:28:17: [SM] Blaming: l4d2_tank_core v4_7.smx
L 07/15/2026 - 23:28:17: [SM] Call stack trace:
L 07/15/2026 - 23:28:17: [SM]   [0] GetClientUserId
L 07/15/2026 - 23:28:17: [SM]   [1] Line 1081, D:\SteamLibrary\steamapps\common\Left 4 Dead 2\left4dead2\addons\sourcemod\scripting\l4d2_tank_core v4_7.sp::Event_PlayerDeath
L 07/15/2026 - 23:28:20: [SM] Exception reported: Client index 0 is invalid
L 07/15/2026 - 23:28:20: [SM] Blaming: l4d2_tank_core v4_7.smx
L 07/15/2026 - 23:28:20: [SM] Call stack trace:
L 07/15/2026 - 23:28:20: [SM]   [0] GetClientUserId
L 07/15/2026 - 23:28:20: [SM]   [1] Line 1081, D:\SteamLibrary\steamapps\common\Left 4 Dead 2\left4dead2\addons\sourcemod\scripting\l4d2_tank_core v4_7.sp::Event_PlayerDeath
L 07/15/2026 - 23:28:20: [SM] Exception reported: Client index 0 is invalid
L 07/15/2026 - 23:28:20: [SM] Blaming: l4d2_tank_core v4_7.smx
L 07/15/2026 - 23:28:20: [SM] Call stack trace:
L 07/15/2026 - 23:28:20: [SM]   [0] GetClientUserId
L 07/15/2026 - 23:28:20: [SM]   [1] Line 1081, D:\SteamLibrary\steamapps\common\Left 4 Dead 2\left4dead2\addons\sourcemod\scripting\l4d2_tank_core v4_7.sp::Event_PlayerDeath
L 07/15/2026 - 23:28:27: [SM] Exception reported: Client index 0 is invalid
L 07/15/2026 - 23:28:27: [SM] Blaming: l4d2_tank_core v4_7.smx
L 07/15/2026 - 23:28:27: [SM] Call stack trace:
L 07/15/2026 - 23:28:27: [SM]   [0] GetClientUserId
L 07/15/2026 - 23:28:27: [SM]   [1] Line 1081, D:\SteamLibrary\steamapps\common\Left 4 Dead 2\left4dead2\addons\sourcemod\scripting\l4d2_tank_core v4_7.sp::Event_PlayerDeath
L 07/15/2026 - 23:28:36: [SM] Exception reported: Client index 0 is invalid
L 07/15/2026 - 23:28:36: [SM] Blaming: l4d2_tank_core v4_7.smx
L 07/15/2026 - 23:28:36: [SM] Call stack trace:
L 07/15/2026 - 23:28:36: [SM]   [0] GetClientUserId
L 07/15/2026 - 23:28:36: [SM]   [1] Line 1081, D:\SteamLibrary\steamapps\common\Left 4 Dead 2\left4dead2\addons\sourcemod\scripting\l4d2_tank_core v4_7.sp::Event_PlayerDeath
L 07/15/2026 - 23:28:37: [SM] Exception reported: Client index 0 is invalid
L 07/15/2026 - 23:28:37: [SM] Blaming: l4d2_tank_core v4_7.smx
L 07/15/2026 - 23:28:37: [SM] Call stack trace:
L 07/15/2026 - 23:28:37: [SM]   [0] GetClientUserId
L 07/15/2026 - 23:28:37: [SM]   [1] Line 1081, D:\SteamLibrary\steamapps\common\Left 4 Dead 2\left4dead2\addons\sourcemod\scripting\l4d2_tank_core v4_7.sp::Event_PlayerDeath
L 07/15/2026 - 23:28:38: [SM] Exception reported: Client index 0 is invalid
L 07/15/2026 - 23:28:38: [SM] Blaming: l4d2_tank_core v4_7.smx
L 07/15/2026 - 23:28:38: [SM] Call stack trace:
L 07/15/2026 - 23:28:38: [SM]   [0] GetClientUserId
L 07/15/2026 - 23:28:38: [SM]   [1] Line 1081, D:\SteamLibrary\steamapps\common\Left 4 Dead 2\left4dead2\addons\sourcemod\scripting\l4d2_tank_core v4_7.sp::Event_PlayerDeath
L 07/15/2026 - 23:28:39: [SM] Exception reported: Client index 0 is invalid
L 07/15/2026 - 23:28:39: [SM] Blaming: l4d2_tank_core v4_7.smx
L 07/15/2026 - 23:28:39: [SM] Call stack trace:
L 07/15/2026 - 23:28:39: [SM]   [0] GetClientUserId
L 07/15/2026 - 23:28:39: [SM]   [1] Line 1081, D:\SteamLibrary\steamapps\common\Left 4 Dead 2\left4dead2\addons\sourcemod\scripting\l4d2_tank_core v4_7.sp::Event_PlayerDeath
L 07/15/2026 - 23:28:43: [SM] Exception reported: Client index 0 is invalid
L 07/15/2026 - 23:28:43: [SM] Blaming: l4d2_tank_core v4_7.smx
L 07/15/2026 - 23:28:43: [SM] Call stack trace:
L 07/15/2026 - 23:28:43: [SM]   [0] GetClientUserId
L 07/15/2026 - 23:28:43: [SM]   [1] Line 1081, D:\SteamLibrary\steamapps\common\Left 4 Dead 2\left4dead2\addons\sourcemod\scripting\l4d2_tank_core v4_7.sp::Event_PlayerDeath
L 07/15/2026 - 23:28:44: [SM] Exception reported: Client index 0 is invalid
L 07/15/2026 - 23:28:44: [SM] Blaming: l4d2_tank_core v4_7.smx
L 07/15/2026 - 23:28:44: [SM] Call stack trace:
L 07/15/2026 - 23:28:44: [SM]   [0] GetClientUserId
L 07/15/2026 - 23:28:44: [SM]   [1] Line 1081, D:\SteamLibrary\steamapps\common\Left 4 Dead 2\left4dead2\addons\sourcemod\scripting\l4d2_tank_core v4_7.sp::Event_PlayerDeath
L 07/15/2026 - 23:28:55: [SM] Exception reported: Client index 0 is invalid
L 07/15/2026 - 23:28:55: [SM] Blaming: l4d2_tank_core v4_7.smx
L 07/15/2026 - 23:28:55: [SM] Call stack trace:
L 07/15/2026 - 23:28:55: [SM]   [0] GetClientUserId
L 07/15/2026 - 23:28:55: [SM]   [1] Line 1081, D:\SteamLibrary\steamapps\common\Left 4 Dead 2\left4dead2\addons\sourcemod\scripting\l4d2_tank_core v4_7.sp::Event_PlayerDeath
L 07/15/2026 - 23:29:02: [SM] Exception reported: Client index 0 is invalid
L 07/15/2026 - 23:29:02: [SM] Blaming: l4d2_tank_core v4_7.smx
L 07/15/2026 - 23:29:02: [SM] Call stack trace:
L 07/15/2026 - 23:29:02: [SM]   [0] GetClientUserId
L 07/15/2026 - 23:29:02: [SM]   [1] Line 1081, D:\SteamLibrary\steamapps\common\Left 4 Dead 2\left4dead2\addons\sourcemod\scripting\l4d2_tank_core v4_7.sp::Event_PlayerDeath
L 07/15/2026 - 23:29:02: [SM] Exception reported: Client index 0 is invalid
L 07/15/2026 - 23:29:02: [SM] Blaming: l4d2_tank_core v4_7.smx
L 07/15/2026 - 23:29:02: [SM] Call stack trace:
L 07/15/2026 - 23:29:02: [SM]   [0] GetClientUserId
L 07/15/2026 - 23:29:02: [SM]   [1] Line 1081, D:\SteamLibrary\steamapps\common\Left 4 Dead 2\left4dead2\addons\sourcemod\scripting\l4d2_tank_core v4_7.sp::Event_PlayerDeath
L 07/15/2026 - 23:29:02: [SM] Exception reported: Client index 0 is invalid
L 07/15/2026 - 23:29:02: [SM] Blaming: l4d2_tank_core v4_7.smx
L 07/15/2026 - 23:29:02: [SM] Call stack trace:
L 07/15/2026 - 23:29:02: [SM]   [0] GetClientUserId
L 07/15/2026 - 23:29:02: [SM]   [1] Line 1081, D:\SteamLibrary\steamapps\common\Left 4 Dead 2\left4dead2\addons\sourcemod\scripting\l4d2_tank_core v4_7.sp::Event_PlayerDeath
L 07/15/2026 - 23:29:04: [SM] Exception reported: Client index 0 is invalid
L 07/15/2026 - 23:29:04: [SM] Blaming: l4d2_tank_core v4_7.smx
L 07/15/2026 - 23:29:04: [SM] Call stack trace:
L 07/15/2026 - 23:29:04: [SM]   [0] GetClientUserId
L 07/15/2026 - 23:29:04: [SM]   [1] Line 1081, D:\SteamLibrary\steamapps\common\Left 4 Dead 2\left4dead2\addons\sourcemod\scripting\l4d2_tank_core v4_7.sp::Event_PlayerDeath
L 07/15/2026 - 23:29:06: [SM] Exception reported: Client index 0 is invalid
L 07/15/2026 - 23:29:06: [SM] Blaming: l4d2_tank_core v4_7.smx
L 07/15/2026 - 23:29:06: [SM] Call stack trace:
L 07/15/2026 - 23:29:06: [SM]   [0] GetClientUserId
L 07/15/2026 - 23:29:06: [SM]   [1] Line 1081, D:\SteamLibrary\steamapps\common\Left 4 Dead 2\left4dead2\addons\sourcemod\scripting\l4d2_tank_core v4_7.sp::Event_PlayerDeath
L 07/15/2026 - 23:29:06: [SM] Exception reported: Client index 0 is invalid
L 07/15/2026 - 23:29:06: [SM] Blaming: l4d2_tank_core v4_7.smx
L 07/15/2026 - 23:29:06: [SM] Call stack trace:
L 07/15/2026 - 23:29:06: [SM]   [0] GetClientUserId
L 07/15/2026 - 23:29:06: [SM]   [1] Line 1081, D:\SteamLibrary\steamapps\common\Left 4 Dead 2\left4dead2\addons\sourcemod\scripting\l4d2_tank_core v4_7.sp::Event_PlayerDeath
L 07/15/2026 - 23:29:08: [SM] Exception reported: Language phrase "No Any Dead Survivor" not found (arg 6)
L 07/15/2026 - 23:29:08: [SM] Blaming: l4d_sm_respawn.smx
L 07/15/2026 - 23:29:08: [SM] Call stack trace:
L 07/15/2026 - 23:29:08: [SM]   [0] FormatEx
L 07/15/2026 - 23:29:08: [SM]   [1] Line 202, d:\Github\Private-Work\L4D2-插件\scripting_1.11\l4d_sm_respawn.sp::MenuClientsToSpawn
L 07/15/2026 - 23:29:08: [SM]   [2] Line 239, d:\Github\Private-Work\L4D2-插件\scripting_1.11\l4d_sm_respawn.sp::MenuHandler_MenuList
L 07/15/2026 - 23:29:24: [SM] Exception reported: Client index 0 is invalid
L 07/15/2026 - 23:29:24: [SM] Blaming: l4d2_tank_core v4_7.smx
L 07/15/2026 - 23:29:24: [SM] Call stack trace:
L 07/15/2026 - 23:29:24: [SM]   [0] GetClientUserId
L 07/15/2026 - 23:29:24: [SM]   [1] Line 1081, D:\SteamLibrary\steamapps\common\Left 4 Dead 2\left4dead2\addons\sourcemod\scripting\l4d2_tank_core v4_7.sp::Event_PlayerDeath
L 07/15/2026 - 23:29:25: [SM] Exception reported: Client index 0 is invalid
L 07/15/2026 - 23:29:25: [SM] Blaming: l4d2_tank_core v4_7.smx
L 07/15/2026 - 23:29:25: [SM] Call stack trace:
L 07/15/2026 - 23:29:25: [SM]   [0] GetClientUserId
L 07/15/2026 - 23:29:25: [SM]   [1] Line 1081, D:\SteamLibrary\steamapps\common\Left 4 Dead 2\left4dead2\addons\sourcemod\scripting\l4d2_tank_core v4_7.sp::Event_PlayerDeath
L 07/15/2026 - 23:29:27: [SM] Exception reported: Client index 0 is invalid
L 07/15/2026 - 23:29:27: [SM] Blaming: l4d2_tank_core v4_7.smx
L 07/15/2026 - 23:29:27: [SM] Call stack trace:
L 07/15/2026 - 23:29:27: [SM]   [0] GetClientUserId
L 07/15/2026 - 23:29:27: [SM]   [1] Line 1081, D:\SteamLibrary\steamapps\common\Left 4 Dead 2\left4dead2\addons\sourcemod\scripting\l4d2_tank_core v4_7.sp::Event_PlayerDeath
L 07/15/2026 - 23:29:29: [SM] Exception reported: Client index 0 is invalid
L 07/15/2026 - 23:29:29: [SM] Blaming: l4d2_tank_core v4_7.smx
L 07/15/2026 - 23:29:29: [SM] Call stack trace:
L 07/15/2026 - 23:29:29: [SM]   [0] GetClientUserId
L 07/15/2026 - 23:29:29: [SM]   [1] Line 1081, D:\SteamLibrary\steamapps\common\Left 4 Dead 2\left4dead2\addons\sourcemod\scripting\l4d2_tank_core v4_7.sp::Event_PlayerDeath
L 07/15/2026 - 23:29:35: [SM] Exception reported: Client index 0 is invalid
L 07/15/2026 - 23:29:35: [SM] Blaming: l4d2_tank_core v4_7.smx
L 07/15/2026 - 23:29:35: [SM] Call stack trace:
L 07/15/2026 - 23:29:35: [SM]   [0] GetClientUserId
L 07/15/2026 - 23:29:35: [SM]   [1] Line 1081, D:\SteamLibrary\steamapps\common\Left 4 Dead 2\left4dead2\addons\sourcemod\scripting\l4d2_tank_core v4_7.sp::Event_PlayerDeath
L 07/15/2026 - 23:29:40: [SM] Exception reported: Client index 0 is invalid
L 07/15/2026 - 23:29:40: [SM] Blaming: l4d2_tank_core v4_7.smx
L 07/15/2026 - 23:29:40: [SM] Call stack trace:
L 07/15/2026 - 23:29:40: [SM]   [0] GetClientUserId
L 07/15/2026 - 23:29:40: [SM]   [1] Line 1081, D:\SteamLibrary\steamapps\common\Left 4 Dead 2\left4dead2\addons\sourcemod\scripting\l4d2_tank_core v4_7.sp::Event_PlayerDeath
L 07/15/2026 - 23:29:41: [SM] Exception reported: Client index 0 is invalid
L 07/15/2026 - 23:29:41: [SM] Blaming: l4d2_tank_core v4_7.smx
L 07/15/2026 - 23:29:41: [SM] Call stack trace:
L 07/15/2026 - 23:29:41: [SM]   [0] GetClientUserId
L 07/15/2026 - 23:29:41: [SM]   [1] Line 1081, D:\SteamLibrary\steamapps\common\Left 4 Dead 2\left4dead2\addons\sourcemod\scripting\l4d2_tank_core v4_7.sp::Event_PlayerDeath
L 07/15/2026 - 23:29:41: [SM] Exception reported: Client index 0 is invalid
L 07/15/2026 - 23:29:41: [SM] Blaming: l4d2_tank_core v4_7.smx
L 07/15/2026 - 23:29:41: [SM] Call stack trace:
L 07/15/2026 - 23:29:41: [SM]   [0] GetClientUserId
L 07/15/2026 - 23:29:41: [SM]   [1] Line 1081, D:\SteamLibrary\steamapps\common\Left 4 Dead 2\left4dead2\addons\sourcemod\scripting\l4d2_tank_core v4_7.sp::Event_PlayerDeath
L 07/15/2026 - 23:29:41: [SM] Exception reported: Client index 0 is invalid
L 07/15/2026 - 23:29:41: [SM] Blaming: l4d2_tank_core v4_7.smx
L 07/15/2026 - 23:29:41: [SM] Call stack trace:
L 07/15/2026 - 23:29:41: [SM]   [0] GetClientUserId
L 07/15/2026 - 23:29:41: [SM]   [1] Line 1081, D:\SteamLibrary\steamapps\common\Left 4 Dead 2\left4dead2\addons\sourcemod\scripting\l4d2_tank_core v4_7.sp::Event_PlayerDeath
L 07/15/2026 - 23:29:41: [SM] Exception reported: Client index 0 is invalid
L 07/15/2026 - 23:29:41: [SM] Blaming: l4d2_tank_core v4_7.smx
L 07/15/2026 - 23:29:41: [SM] Call stack trace:
L 07/15/2026 - 23:29:41: [SM]   [0] GetClientUserId
L 07/15/2026 - 23:29:41: [SM]   [1] Line 1081, D:\SteamLibrary\steamapps\common\Left 4 Dead 2\left4dead2\addons\sourcemod\scripting\l4d2_tank_core v4_7.sp::Event_PlayerDeath
L 07/15/2026 - 23:29:42: [SM] Exception reported: Client index 0 is invalid
L 07/15/2026 - 23:29:42: [SM] Blaming: l4d2_tank_core v4_7.smx
L 07/15/2026 - 23:29:42: [SM] Call stack trace:
L 07/15/2026 - 23:29:42: [SM]   [0] GetClientUserId
L 07/15/2026 - 23:29:42: [SM]   [1] Line 1081, D:\SteamLibrary\steamapps\common\Left 4 Dead 2\left4dead2\addons\sourcemod\scripting\l4d2_tank_core v4_7.sp::Event_PlayerDeath
L 07/15/2026 - 23:29:42: [SM] Exception reported: Client index 0 is invalid
L 07/15/2026 - 23:29:42: [SM] Blaming: l4d2_tank_core v4_7.smx
L 07/15/2026 - 23:29:42: [SM] Call stack trace:
L 07/15/2026 - 23:29:42: [SM]   [0] GetClientUserId
L 07/15/2026 - 23:29:42: [SM]   [1] Line 1081, D:\SteamLibrary\steamapps\common\Left 4 Dead 2\left4dead2\addons\sourcemod\scripting\l4d2_tank_core v4_7.sp::Event_PlayerDeath
L 07/15/2026 - 23:29:42: [SM] Exception reported: Client index 0 is invalid
L 07/15/2026 - 23:29:42: [SM] Blaming: l4d2_tank_core v4_7.smx
L 07/15/2026 - 23:29:42: [SM] Call stack trace:
L 07/15/2026 - 23:29:42: [SM]   [0] GetClientUserId
L 07/15/2026 - 23:29:42: [SM]   [1] Line 1081, D:\SteamLibrary\steamapps\common\Left 4 Dead 2\left4dead2\addons\sourcemod\scripting\l4d2_tank_core v4_7.sp::Event_PlayerDeath
L 07/15/2026 - 23:29:43: [SM] Exception reported: Client index 0 is invalid
L 07/15/2026 - 23:29:43: [SM] Blaming: l4d2_tank_core v4_7.smx
L 07/15/2026 - 23:29:43: [SM] Call stack trace:
L 07/15/2026 - 23:29:43: [SM]   [0] GetClientUserId
L 07/15/2026 - 23:29:43: [SM]   [1] Line 1081, D:\SteamLibrary\steamapps\common\Left 4 Dead 2\left4dead2\addons\sourcemod\scripting\l4d2_tank_core v4_7.sp::Event_PlayerDeath
L 07/15/2026 - 23:29:43: [SM] Exception reported: Client index 0 is invalid
L 07/15/2026 - 23:29:43: [SM] Blaming: l4d2_tank_core v4_7.smx
L 07/15/2026 - 23:29:43: [SM] Call stack trace:
L 07/15/2026 - 23:29:43: [SM]   [0] GetClientUserId
L 07/15/2026 - 23:29:43: [SM]   [1] Line 1081, D:\SteamLibrary\steamapps\common\Left 4 Dead 2\left4dead2\addons\sourcemod\scripting\l4d2_tank_core v4_7.sp::Event_PlayerDeath
L 07/15/2026 - 23:29:43: [SM] Exception reported: Client index 0 is invalid
L 07/15/2026 - 23:29:43: [SM] Blaming: l4d2_tank_core v4_7.smx
L 07/15/2026 - 23:29:43: [SM] Call stack trace:
L 07/15/2026 - 23:29:43: [SM]   [0] GetClientUserId
L 07/15/2026 - 23:29:43: [SM]   [1] Line 1081, D:\SteamLibrary\steamapps\common\Left 4 Dead 2\left4dead2\addons\sourcemod\scripting\l4d2_tank_core v4_7.sp::Event_PlayerDeath
L 07/15/2026 - 23:29:43: [SM] Exception reported: Client index 0 is invalid
L 07/15/2026 - 23:29:43: [SM] Blaming: l4d2_tank_core v4_7.smx
L 07/15/2026 - 23:29:43: [SM] Call stack trace:
L 07/15/2026 - 23:29:43: [SM]   [0] GetClientUserId
L 07/15/2026 - 23:29:43: [SM]   [1] Line 1081, D:\SteamLibrary\steamapps\common\Left 4 Dead 2\left4dead2\addons\sourcemod\scripting\l4d2_tank_core v4_7.sp::Event_PlayerDeath
L 07/15/2026 - 23:29:43: [SM] Exception reported: Client index 0 is invalid
L 07/15/2026 - 23:29:43: [SM] Blaming: l4d2_tank_core v4_7.smx
L 07/15/2026 - 23:29:43: [SM] Call stack trace:
L 07/15/2026 - 23:29:43: [SM]   [0] GetClientUserId
L 07/15/2026 - 23:29:43: [SM]   [1] Line 1081, D:\SteamLibrary\steamapps\common\Left 4 Dead 2\left4dead2\addons\sourcemod\scripting\l4d2_tank_core v4_7.sp::Event_PlayerDeath
L 07/15/2026 - 23:29:45: [SM] Exception reported: Client index 0 is invalid
L 07/15/2026 - 23:29:45: [SM] Blaming: l4d2_tank_core v4_7.smx
L 07/15/2026 - 23:29:45: [SM] Call stack trace:
L 07/15/2026 - 23:29:45: [SM]   [0] GetClientUserId
L 07/15/2026 - 23:29:45: [SM]   [1] Line 1081, D:\SteamLibrary\steamapps\common\Left 4 Dead 2\left4dead2\addons\sourcemod\scripting\l4d2_tank_core v4_7.sp::Event_PlayerDeath
L 07/15/2026 - 23:29:45: [SM] Exception reported: Client index 0 is invalid
L 07/15/2026 - 23:29:45: [SM] Blaming: l4d2_tank_core v4_7.smx
L 07/15/2026 - 23:29:45: [SM] Call stack trace:
L 07/15/2026 - 23:29:45: [SM]   [0] GetClientUserId
L 07/15/2026 - 23:29:45: [SM]   [1] Line 1081, D:\SteamLibrary\steamapps\common\Left 4 Dead 2\left4dead2\addons\sourcemod\scripting\l4d2_tank_core v4_7.sp::Event_PlayerDeath
L 07/15/2026 - 23:29:46: [SM] Exception reported: Client index 0 is invalid
L 07/15/2026 - 23:29:46: [SM] Blaming: l4d2_tank_core v4_7.smx
L 07/15/2026 - 23:29:46: [SM] Call stack trace:
L 07/15/2026 - 23:29:46: [SM]   [0] GetClientUserId
L 07/15/2026 - 23:29:46: [SM]   [1] Line 1081, D:\SteamLibrary\steamapps\common\Left 4 Dead 2\left4dead2\addons\sourcemod\scripting\l4d2_tank_core v4_7.sp::Event_PlayerDeath
L 07/15/2026 - 23:29:46: [SM] Exception reported: Client index 0 is invalid
L 07/15/2026 - 23:29:46: [SM] Blaming: l4d2_tank_core v4_7.smx
L 07/15/2026 - 23:29:46: [SM] Call stack trace:
L 07/15/2026 - 23:29:46: [SM]   [0] GetClientUserId
L 07/15/2026 - 23:29:46: [SM]   [1] Line 1081, D:\SteamLibrary\steamapps\common\Left 4 Dead 2\left4dead2\addons\sourcemod\scripting\l4d2_tank_core v4_7.sp::Event_PlayerDeath
L 07/15/2026 - 23:29:46: [SM] Exception reported: Client index 0 is invalid
L 07/15/2026 - 23:29:46: [SM] Blaming: l4d2_tank_core v4_7.smx
L 07/15/2026 - 23:29:46: [SM] Call stack trace:
L 07/15/2026 - 23:29:46: [SM]   [0] GetClientUserId
L 07/15/2026 - 23:29:46: [SM]   [1] Line 1081, D:\SteamLibrary\steamapps\common\Left 4 Dead 2\left4dead2\addons\sourcemod\scripting\l4d2_tank_core v4_7.sp::Event_PlayerDeath
L 07/15/2026 - 23:29:47: [SM] Exception reported: Client index 0 is invalid
L 07/15/2026 - 23:29:47: [SM] Blaming: l4d2_tank_core v4_7.smx
L 07/15/2026 - 23:29:47: [SM] Call stack trace:
L 07/15/2026 - 23:29:47: [SM]   [0] GetClientUserId
L 07/15/2026 - 23:29:47: [SM]   [1] Line 1081, D:\SteamLibrary\steamapps\common\Left 4 Dead 2\left4dead2\addons\sourcemod\scripting\l4d2_tank_core v4_7.sp::Event_PlayerDeath
L 07/15/2026 - 23:29:47: [SM] Exception reported: Client index 0 is invalid
L 07/15/2026 - 23:29:47: [SM] Blaming: l4d2_tank_core v4_7.smx
L 07/15/2026 - 23:29:47: [SM] Call stack trace:
L 07/15/2026 - 23:29:47: [SM]   [0] GetClientUserId
L 07/15/2026 - 23:29:47: [SM]   [1] Line 1081, D:\SteamLibrary\steamapps\common\Left 4 Dead 2\left4dead2\addons\sourcemod\scripting\l4d2_tank_core v4_7.sp::Event_PlayerDeath
L 07/15/2026 - 23:29:48: [SM] Exception reported: Client index 0 is invalid
L 07/15/2026 - 23:29:48: [SM] Blaming: l4d2_tank_core v4_7.smx
L 07/15/2026 - 23:29:48: [SM] Call stack trace:
L 07/15/2026 - 23:29:48: [SM]   [0] GetClientUserId
L 07/15/2026 - 23:29:48: [SM]   [1] Line 1081, D:\SteamLibrary\steamapps\common\Left 4 Dead 2\left4dead2\addons\sourcemod\scripting\l4d2_tank_core v4_7.sp::Event_PlayerDeath
L 07/15/2026 - 23:29:48: [SM] Exception reported: Client index 0 is invalid
L 07/15/2026 - 23:29:48: [SM] Blaming: l4d2_tank_core v4_7.smx
L 07/15/2026 - 23:29:48: [SM] Call stack trace:
L 07/15/2026 - 23:29:48: [SM]   [0] GetClientUserId
L 07/15/2026 - 23:29:48: [SM]   [1] Line 1081, D:\SteamLibrary\steamapps\common\Left 4 Dead 2\left4dead2\addons\sourcemod\scripting\l4d2_tank_core v4_7.sp::Event_PlayerDeath
L 07/15/2026 - 23:29:48: [SM] Exception reported: Client index 0 is invalid
L 07/15/2026 - 23:29:48: [SM] Blaming: l4d2_tank_core v4_7.smx
L 07/15/2026 - 23:29:48: [SM] Call stack trace:
L 07/15/2026 - 23:29:48: [SM]   [0] GetClientUserId
L 07/15/2026 - 23:29:48: [SM]   [1] Line 1081, D:\SteamLibrary\steamapps\common\Left 4 Dead 2\left4dead2\addons\sourcemod\scripting\l4d2_tank_core v4_7.sp::Event_PlayerDeath
L 07/15/2026 - 23:29:49: [SM] Exception reported: Client index 0 is invalid
L 07/15/2026 - 23:29:49: [SM] Blaming: l4d2_tank_core v4_7.smx
L 07/15/2026 - 23:29:49: [SM] Call stack trace:
L 07/15/2026 - 23:29:49: [SM]   [0] GetClientUserId
L 07/15/2026 - 23:29:49: [SM]   [1] Line 1081, D:\SteamLibrary\steamapps\common\Left 4 Dead 2\left4dead2\addons\sourcemod\scripting\l4d2_tank_core v4_7.sp::Event_PlayerDeath
L 07/15/2026 - 23:29:49: [SM] Exception reported: Client index 0 is invalid
L 07/15/2026 - 23:29:49: [SM] Blaming: l4d2_tank_core v4_7.smx
L 07/15/2026 - 23:29:49: [SM] Call stack trace:
L 07/15/2026 - 23:29:49: [SM]   [0] GetClientUserId
L 07/15/2026 - 23:29:49: [SM]   [1] Line 1081, D:\SteamLibrary\steamapps\common\Left 4 Dead 2\left4dead2\addons\sourcemod\scripting\l4d2_tank_core v4_7.sp::Event_PlayerDeath
L 07/15/2026 - 23:29:50: [SM] Exception reported: Client index 0 is invalid
L 07/15/2026 - 23:29:50: [SM] Blaming: l4d2_tank_core v4_7.smx
L 07/15/2026 - 23:29:50: [SM] Call stack trace:
L 07/15/2026 - 23:29:50: [SM]   [0] GetClientUserId
L 07/15/2026 - 23:29:50: [SM]   [1] Line 1081, D:\SteamLibrary\steamapps\common\Left 4 Dead 2\left4dead2\addons\sourcemod\scripting\l4d2_tank_core v4_7.sp::Event_PlayerDeath
L 07/15/2026 - 23:29:50: [SM] Exception reported: Client index 0 is invalid
L 07/15/2026 - 23:29:50: [SM] Blaming: l4d2_tank_core v4_7.smx
L 07/15/2026 - 23:29:50: [SM] Call stack trace:
L 07/15/2026 - 23:29:50: [SM]   [0] GetClientUserId
L 07/15/2026 - 23:29:50: [SM]   [1] Line 1081, D:\SteamLibrary\steamapps\common\Left 4 Dead 2\left4dead2\addons\sourcemod\scripting\l4d2_tank_core v4_7.sp::Event_PlayerDeath
L 07/15/2026 - 23:29:51: [SM] Exception reported: Client index 0 is invalid
L 07/15/2026 - 23:29:51: [SM] Blaming: l4d2_tank_core v4_7.smx
L 07/15/2026 - 23:29:51: [SM] Call stack trace:
L 07/15/2026 - 23:29:51: [SM]   [0] GetClientUserId
L 07/15/2026 - 23:29:51: [SM]   [1] Line 1081, D:\SteamLibrary\steamapps\common\Left 4 Dead 2\left4dead2\addons\sourcemod\scripting\l4d2_tank_core v4_7.sp::Event_PlayerDeath
L 07/15/2026 - 23:29:51: [SM] Exception reported: Client index 0 is invalid
L 07/15/2026 - 23:29:51: [SM] Blaming: l4d2_tank_core v4_7.smx
L 07/15/2026 - 23:29:51: [SM] Call stack trace:
L 07/15/2026 - 23:29:51: [SM]   [0] GetClientUserId
L 07/15/2026 - 23:29:51: [SM]   [1] Line 1081, D:\SteamLibrary\steamapps\common\Left 4 Dead 2\left4dead2\addons\sourcemod\scripting\l4d2_tank_core v4_7.sp::Event_PlayerDeath
L 07/15/2026 - 23:29:56: [SM] Exception reported: Client index 0 is invalid
L 07/15/2026 - 23:29:56: [SM] Blaming: l4d2_tank_core v4_7.smx
L 07/15/2026 - 23:29:56: [SM] Call stack trace:
L 07/15/2026 - 23:29:56: [SM]   [0] GetClientUserId
L 07/15/2026 - 23:29:56: [SM]   [1] Line 1081, D:\SteamLibrary\steamapps\common\Left 4 Dead 2\left4dead2\addons\sourcemod\scripting\l4d2_tank_core v4_7.sp::Event_PlayerDeath
L 07/15/2026 - 23:30:08: [SM] Exception reported: Client index 0 is invalid
L 07/15/2026 - 23:30:08: [SM] Blaming: l4d2_tank_core v4_7.smx
L 07/15/2026 - 23:30:08: [SM] Call stack trace:
L 07/15/2026 - 23:30:08: [SM]   [0] GetClientUserId
L 07/15/2026 - 23:30:08: [SM]   [1] Line 1081, D:\SteamLibrary\steamapps\common\Left 4 Dead 2\left4dead2\addons\sourcemod\scripting\l4d2_tank_core v4_7.sp::Event_PlayerDeath
L 07/15/2026 - 23:30:11: [SM] Exception reported: Client index 0 is invalid
L 07/15/2026 - 23:30:11: [SM] Blaming: l4d2_tank_core v4_7.smx
L 07/15/2026 - 23:30:11: [SM] Call stack trace:
L 07/15/2026 - 23:30:11: [SM]   [0] GetClientUserId
L 07/15/2026 - 23:30:11: [SM]   [1] Line 1081, D:\SteamLibrary\steamapps\common\Left 4 Dead 2\left4dead2\addons\sourcemod\scripting\l4d2_tank_core v4_7.sp::Event_PlayerDeath
L 07/15/2026 - 23:30:11: [SM] Exception reported: Client index 0 is invalid
L 07/15/2026 - 23:30:11: [SM] Blaming: l4d2_tank_core v4_7.smx
L 07/15/2026 - 23:30:11: [SM] Call stack trace:
L 07/15/2026 - 23:30:11: [SM]   [0] GetClientUserId
L 07/15/2026 - 23:30:11: [SM]   [1] Line 1081, D:\SteamLibrary\steamapps\common\Left 4 Dead 2\left4dead2\addons\sourcemod\scripting\l4d2_tank_core v4_7.sp::Event_PlayerDeath
L 07/15/2026 - 23:30:12: [SM] Exception reported: Client index 0 is invalid
L 07/15/2026 - 23:30:12: [SM] Blaming: l4d2_tank_core v4_7.smx
L 07/15/2026 - 23:30:12: [SM] Call stack trace:
L 07/15/2026 - 23:30:12: [SM]   [0] GetClientUserId
L 07/15/2026 - 23:30:12: [SM]   [1] Line 1081, D:\SteamLibrary\steamapps\common\Left 4 Dead 2\left4dead2\addons\sourcemod\scripting\l4d2_tank_core v4_7.sp::Event_PlayerDeath
L 07/15/2026 - 23:30:17: [SM] Exception reported: Client index 0 is invalid
L 07/15/2026 - 23:30:17: [SM] Blaming: l4d2_tank_core v4_7.smx
L 07/15/2026 - 23:30:17: [SM] Call stack trace:
L 07/15/2026 - 23:30:17: [SM]   [0] GetClientUserId
L 07/15/2026 - 23:30:17: [SM]   [1] Line 1081, D:\SteamLibrary\steamapps\common\Left 4 Dead 2\left4dead2\addons\sourcemod\scripting\l4d2_tank_core v4_7.sp::Event_PlayerDeath
L 07/15/2026 - 23:30:18: [SM] Exception reported: Client index 0 is invalid
L 07/15/2026 - 23:30:18: [SM] Blaming: l4d2_tank_core v4_7.smx
L 07/15/2026 - 23:30:18: [SM] Call stack trace:
L 07/15/2026 - 23:30:18: [SM]   [0] GetClientUserId
L 07/15/2026 - 23:30:18: [SM]   [1] Line 1081, D:\SteamLibrary\steamapps\common\Left 4 Dead 2\left4dead2\addons\sourcemod\scripting\l4d2_tank_core v4_7.sp::Event_PlayerDeath
L 07/15/2026 - 23:30:24: [SM] Exception reported: Client index 0 is invalid
L 07/15/2026 - 23:30:24: [SM] Blaming: l4d2_tank_core v4_7.smx
L 07/15/2026 - 23:30:24: [SM] Call stack trace:
L 07/15/2026 - 23:30:24: [SM]   [0] GetClientUserId
L 07/15/2026 - 23:30:24: [SM]   [1] Line 1081, D:\SteamLibrary\steamapps\common\Left 4 Dead 2\left4dead2\addons\sourcemod\scripting\l4d2_tank_core v4_7.sp::Event_PlayerDeath
L 07/15/2026 - 23:30:25: [SM] Exception reported: Client index 0 is invalid
L 07/15/2026 - 23:30:25: [SM] Blaming: l4d2_tank_core v4_7.smx
L 07/15/2026 - 23:30:25: [SM] Call stack trace:
L 07/15/2026 - 23:30:25: [SM]   [0] GetClientUserId
L 07/15/2026 - 23:30:25: [SM]   [1] Line 1081, D:\SteamLibrary\steamapps\common\Left 4 Dead 2\left4dead2\addons\sourcemod\scripting\l4d2_tank_core v4_7.sp::Event_PlayerDeath
L 07/15/2026 - 23:30:28: [SM] Exception reported: Client index 0 is invalid
L 07/15/2026 - 23:30:28: [SM] Blaming: l4d2_tank_core v4_7.smx
L 07/15/2026 - 23:30:28: [SM] Call stack trace:
L 07/15/2026 - 23:30:28: [SM]   [0] GetClientUserId
L 07/15/2026 - 23:30:28: [SM]   [1] Line 1081, D:\SteamLibrary\steamapps\common\Left 4 Dead 2\left4dead2\addons\sourcemod\scripting\l4d2_tank_core v4_7.sp::Event_PlayerDeath
L 07/15/2026 - 23:30:29: [SM] Exception reported: Client index 0 is invalid
L 07/15/2026 - 23:30:29: [SM] Blaming: l4d2_tank_core v4_7.smx
L 07/15/2026 - 23:30:29: [SM] Call stack trace:
L 07/15/2026 - 23:30:29: [SM]   [0] GetClientUserId
L 07/15/2026 - 23:30:29: [SM]   [1] Line 1081, D:\SteamLibrary\steamapps\common\Left 4 Dead 2\left4dead2\addons\sourcemod\scripting\l4d2_tank_core v4_7.sp::Event_PlayerDeath
L 07/15/2026 - 23:30:31: [SM] Exception reported: Client index 0 is invalid
L 07/15/2026 - 23:30:31: [SM] Blaming: l4d2_tank_core v4_7.smx
L 07/15/2026 - 23:30:31: [SM] Call stack trace:
L 07/15/2026 - 23:30:31: [SM]   [0] GetClientUserId
L 07/15/2026 - 23:30:31: [SM]   [1] Line 1081, D:\SteamLibrary\steamapps\common\Left 4 Dead 2\left4dead2\addons\sourcemod\scripting\l4d2_tank_core v4_7.sp::Event_PlayerDeath
L 07/15/2026 - 23:30:34: [SM] Exception reported: Client index 0 is invalid
L 07/15/2026 - 23:30:34: [SM] Blaming: l4d2_tank_core v4_7.smx
L 07/15/2026 - 23:30:34: [SM] Call stack trace:
L 07/15/2026 - 23:30:34: [SM]   [0] GetClientUserId
L 07/15/2026 - 23:30:34: [SM]   [1] Line 1081, D:\SteamLibrary\steamapps\common\Left 4 Dead 2\left4dead2\addons\sourcemod\scripting\l4d2_tank_core v4_7.sp::Event_PlayerDeath
L 07/15/2026 - 23:30:34: [SM] Exception reported: Client index 0 is invalid
L 07/15/2026 - 23:30:34: [SM] Blaming: l4d2_tank_core v4_7.smx
L 07/15/2026 - 23:30:34: [SM] Call stack trace:
L 07/15/2026 - 23:30:34: [SM]   [0] GetClientUserId
L 07/15/2026 - 23:30:34: [SM]   [1] Line 1081, D:\SteamLibrary\steamapps\common\Left 4 Dead 2\left4dead2\addons\sourcemod\scripting\l4d2_tank_core v4_7.sp::Event_PlayerDeath
L 07/15/2026 - 23:30:36: [SM] Exception reported: Client index 0 is invalid
L 07/15/2026 - 23:30:36: [SM] Blaming: l4d2_tank_core v4_7.smx
L 07/15/2026 - 23:30:36: [SM] Call stack trace:
L 07/15/2026 - 23:30:36: [SM]   [0] GetClientUserId
L 07/15/2026 - 23:30:36: [SM]   [1] Line 1081, D:\SteamLibrary\steamapps\common\Left 4 Dead 2\left4dead2\addons\sourcemod\scripting\l4d2_tank_core v4_7.sp::Event_PlayerDeath
L 07/15/2026 - 23:30:37: [SM] Exception reported: Client index 0 is invalid
L 07/15/2026 - 23:30:37: [SM] Blaming: l4d2_tank_core v4_7.smx
L 07/15/2026 - 23:30:37: [SM] Call stack trace:
L 07/15/2026 - 23:30:37: [SM]   [0] GetClientUserId
L 07/15/2026 - 23:30:37: [SM]   [1] Line 1081, D:\SteamLibrary\steamapps\common\Left 4 Dead 2\left4dead2\addons\sourcemod\scripting\l4d2_tank_core v4_7.sp::Event_PlayerDeath
L 07/15/2026 - 23:30:43: [SM] Exception reported: Client index 0 is invalid
L 07/15/2026 - 23:30:43: [SM] Blaming: l4d2_tank_core v4_7.smx
L 07/15/2026 - 23:30:43: [SM] Call stack trace:
L 07/15/2026 - 23:30:43: [SM]   [0] GetClientUserId
L 07/15/2026 - 23:30:43: [SM]   [1] Line 1081, D:\SteamLibrary\steamapps\common\Left 4 Dead 2\left4dead2\addons\sourcemod\scripting\l4d2_tank_core v4_7.sp::Event_PlayerDeath
L 07/15/2026 - 23:30:49: [SM] Exception reported: Client index 0 is invalid
L 07/15/2026 - 23:30:49: [SM] Blaming: l4d2_tank_core v4_7.smx
L 07/15/2026 - 23:30:49: [SM] Call stack trace:
L 07/15/2026 - 23:30:49: [SM]   [0] GetClientUserId
L 07/15/2026 - 23:30:49: [SM]   [1] Line 1081, D:\SteamLibrary\steamapps\common\Left 4 Dead 2\left4dead2\addons\sourcemod\scripting\l4d2_tank_core v4_7.sp::Event_PlayerDeath
L 07/15/2026 - 23:30:51: [SM] Exception reported: Client index 0 is invalid
L 07/15/2026 - 23:30:51: [SM] Blaming: l4d2_tank_core v4_7.smx
L 07/15/2026 - 23:30:51: [SM] Call stack trace:
L 07/15/2026 - 23:30:51: [SM]   [0] GetClientUserId
L 07/15/2026 - 23:30:51: [SM]   [1] Line 1081, D:\SteamLibrary\steamapps\common\Left 4 Dead 2\left4dead2\addons\sourcemod\scripting\l4d2_tank_core v4_7.sp::Event_PlayerDeath
L 07/15/2026 - 23:30:51: [SM] Exception reported: Client index 0 is invalid
L 07/15/2026 - 23:30:51: [SM] Blaming: l4d2_tank_core v4_7.smx
L 07/15/2026 - 23:30:51: [SM] Call stack trace:
L 07/15/2026 - 23:30:51: [SM]   [0] GetClientUserId
L 07/15/2026 - 23:30:51: [SM]   [1] Line 1081, D:\SteamLibrary\steamapps\common\Left 4 Dead 2\left4dead2\addons\sourcemod\scripting\l4d2_tank_core v4_7.sp::Event_PlayerDeath
L 07/15/2026 - 23:30:53: [SM] Exception reported: Client index 0 is invalid
L 07/15/2026 - 23:30:53: [SM] Blaming: l4d2_tank_core v4_7.smx
L 07/15/2026 - 23:30:53: [SM] Call stack trace:
L 07/15/2026 - 23:30:53: [SM]   [0] GetClientUserId
L 07/15/2026 - 23:30:53: [SM]   [1] Line 1081, D:\SteamLibrary\steamapps\common\Left 4 Dead 2\left4dead2\addons\sourcemod\scripting\l4d2_tank_core v4_7.sp::Event_PlayerDeath
L 07/15/2026 - 23:30:55: [SM] Exception reported: Client index 0 is invalid
L 07/15/2026 - 23:30:55: [SM] Blaming: l4d2_tank_core v4_7.smx
L 07/15/2026 - 23:30:55: [SM] Call stack trace:
L 07/15/2026 - 23:30:55: [SM]   [0] GetClientUserId
L 07/15/2026 - 23:30:55: [SM]   [1] Line 1081, D:\SteamLibrary\steamapps\common\Left 4 Dead 2\left4dead2\addons\sourcemod\scripting\l4d2_tank_core v4_7.sp::Event_PlayerDeath
L 07/15/2026 - 23:30:55: [SM] Exception reported: Client index 0 is invalid
L 07/15/2026 - 23:30:55: [SM] Blaming: l4d2_tank_core v4_7.smx
L 07/15/2026 - 23:30:55: [SM] Call stack trace:
L 07/15/2026 - 23:30:55: [SM]   [0] GetClientUserId
L 07/15/2026 - 23:30:55: [SM]   [1] Line 1081, D:\SteamLibrary\steamapps\common\Left 4 Dead 2\left4dead2\addons\sourcemod\scripting\l4d2_tank_core v4_7.sp::Event_PlayerDeath
L 07/15/2026 - 23:30:55: [SM] Exception reported: Client index 0 is invalid
L 07/15/2026 - 23:30:55: [SM] Blaming: l4d2_tank_core v4_7.smx
L 07/15/2026 - 23:30:55: [SM] Call stack trace:
L 07/15/2026 - 23:30:55: [SM]   [0] GetClientUserId
L 07/15/2026 - 23:30:55: [SM]   [1] Line 1081, D:\SteamLibrary\steamapps\common\Left 4 Dead 2\left4dead2\addons\sourcemod\scripting\l4d2_tank_core v4_7.sp::Event_PlayerDeath
L 07/15/2026 - 23:30:55: [SM] Exception reported: Client index 0 is invalid
L 07/15/2026 - 23:30:55: [SM] Blaming: l4d2_tank_core v4_7.smx
L 07/15/2026 - 23:30:55: [SM] Call stack trace:
L 07/15/2026 - 23:30:55: [SM]   [0] GetClientUserId
L 07/15/2026 - 23:30:55: [SM]   [1] Line 1081, D:\SteamLibrary\steamapps\common\Left 4 Dead 2\left4dead2\addons\sourcemod\scripting\l4d2_tank_core v4_7.sp::Event_PlayerDeath
L 07/15/2026 - 23:30:57: [SM] Exception reported: Client index 0 is invalid
L 07/15/2026 - 23:30:57: [SM] Blaming: l4d2_tank_core v4_7.smx
L 07/15/2026 - 23:30:57: [SM] Call stack trace:
L 07/15/2026 - 23:30:57: [SM]   [0] GetClientUserId
L 07/15/2026 - 23:30:57: [SM]   [1] Line 1081, D:\SteamLibrary\steamapps\common\Left 4 Dead 2\left4dead2\addons\sourcemod\scripting\l4d2_tank_core v4_7.sp::Event_PlayerDeath
L 07/15/2026 - 23:30:59: [SM] Exception reported: Client index 0 is invalid
L 07/15/2026 - 23:30:59: [SM] Blaming: l4d2_tank_core v4_7.smx
L 07/15/2026 - 23:30:59: [SM] Call stack trace:
L 07/15/2026 - 23:30:59: [SM]   [0] GetClientUserId
L 07/15/2026 - 23:30:59: [SM]   [1] Line 1081, D:\SteamLibrary\steamapps\common\Left 4 Dead 2\left4dead2\addons\sourcemod\scripting\l4d2_tank_core v4_7.sp::Event_PlayerDeath
L 07/15/2026 - 23:31:02: [SM] Exception reported: Client index 0 is invalid
L 07/15/2026 - 23:31:02: [SM] Blaming: l4d2_tank_core v4_7.smx
L 07/15/2026 - 23:31:02: [SM] Call stack trace:
L 07/15/2026 - 23:31:02: [SM]   [0] GetClientUserId
L 07/15/2026 - 23:31:02: [SM]   [1] Line 1081, D:\SteamLibrary\steamapps\common\Left 4 Dead 2\left4dead2\addons\sourcemod\scripting\l4d2_tank_core v4_7.sp::Event_PlayerDeath
L 07/15/2026 - 23:31:02: [SM] Exception reported: Client index 0 is invalid
L 07/15/2026 - 23:31:02: [SM] Blaming: l4d2_tank_core v4_7.smx
L 07/15/2026 - 23:31:02: [SM] Call stack trace:
L 07/15/2026 - 23:31:02: [SM]   [0] GetClientUserId
L 07/15/2026 - 23:31:02: [SM]   [1] Line 1081, D:\SteamLibrary\steamapps\common\Left 4 Dead 2\left4dead2\addons\sourcemod\scripting\l4d2_tank_core v4_7.sp::Event_PlayerDeath
L 07/15/2026 - 23:31:02: [SM] Exception reported: Client index 0 is invalid
L 07/15/2026 - 23:31:02: [SM] Blaming: l4d2_tank_core v4_7.smx
L 07/15/2026 - 23:31:02: [SM] Call stack trace:
L 07/15/2026 - 23:31:02: [SM]   [0] GetClientUserId
L 07/15/2026 - 23:31:02: [SM]   [1] Line 1081, D:\SteamLibrary\steamapps\common\Left 4 Dead 2\left4dead2\addons\sourcemod\scripting\l4d2_tank_core v4_7.sp::Event_PlayerDeath
L 07/15/2026 - 23:31:08: [SM] Exception reported: Client index 0 is invalid
L 07/15/2026 - 23:31:08: [SM] Blaming: l4d2_tank_core v4_7.smx
L 07/15/2026 - 23:31:08: [SM] Call stack trace:
L 07/15/2026 - 23:31:08: [SM]   [0] GetClientUserId
L 07/15/2026 - 23:31:08: [SM]   [1] Line 1081, D:\SteamLibrary\steamapps\common\Left 4 Dead 2\left4dead2\addons\sourcemod\scripting\l4d2_tank_core v4_7.sp::Event_PlayerDeath
L 07/15/2026 - 23:31:10: [SM] Exception reported: Client index 0 is invalid
L 07/15/2026 - 23:31:10: [SM] Blaming: l4d2_tank_core v4_7.smx
L 07/15/2026 - 23:31:10: [SM] Call stack trace:
L 07/15/2026 - 23:31:10: [SM]   [0] GetClientUserId
L 07/15/2026 - 23:31:10: [SM]   [1] Line 1081, D:\SteamLibrary\steamapps\common\Left 4 Dead 2\left4dead2\addons\sourcemod\scripting\l4d2_tank_core v4_7.sp::Event_PlayerDeath
L 07/15/2026 - 23:31:10: [SM] Exception reported: Client index 0 is invalid
L 07/15/2026 - 23:31:10: [SM] Blaming: l4d2_tank_core v4_7.smx
L 07/15/2026 - 23:31:10: [SM] Call stack trace:
L 07/15/2026 - 23:31:10: [SM]   [0] GetClientUserId
L 07/15/2026 - 23:31:10: [SM]   [1] Line 1081, D:\SteamLibrary\steamapps\common\Left 4 Dead 2\left4dead2\addons\sourcemod\scripting\l4d2_tank_core v4_7.sp::Event_PlayerDeath
L 07/15/2026 - 23:31:13: [SM] Exception reported: Client index 0 is invalid
L 07/15/2026 - 23:31:13: [SM] Blaming: l4d2_tank_core v4_7.smx
L 07/15/2026 - 23:31:13: [SM] Call stack trace:
L 07/15/2026 - 23:31:13: [SM]   [0] GetClientUserId
L 07/15/2026 - 23:31:13: [SM]   [1] Line 1081, D:\SteamLibrary\steamapps\common\Left 4 Dead 2\left4dead2\addons\sourcemod\scripting\l4d2_tank_core v4_7.sp::Event_PlayerDeath
L 07/15/2026 - 23:31:14: [SM] Exception reported: Client index 0 is invalid
L 07/15/2026 - 23:31:14: [SM] Blaming: l4d2_tank_core v4_7.smx
L 07/15/2026 - 23:31:14: [SM] Call stack trace:
L 07/15/2026 - 23:31:14: [SM]   [0] GetClientUserId
L 07/15/2026 - 23:31:14: [SM]   [1] Line 1081, D:\SteamLibrary\steamapps\common\Left 4 Dead 2\left4dead2\addons\sourcemod\scripting\l4d2_tank_core v4_7.sp::Event_PlayerDeath
L 07/15/2026 - 23:31:14: [SM] Exception reported: Client index 0 is invalid
L 07/15/2026 - 23:31:14: [SM] Blaming: l4d2_tank_core v4_7.smx
L 07/15/2026 - 23:31:14: [SM] Call stack trace:
L 07/15/2026 - 23:31:14: [SM]   [0] GetClientUserId
L 07/15/2026 - 23:31:14: [SM]   [1] Line 1081, D:\SteamLibrary\steamapps\common\Left 4 Dead 2\left4dead2\addons\sourcemod\scripting\l4d2_tank_core v4_7.sp::Event_PlayerDeath
L 07/15/2026 - 23:31:17: [SM] Exception reported: Client index 0 is invalid
L 07/15/2026 - 23:31:17: [SM] Blaming: l4d2_tank_core v4_7.smx
L 07/15/2026 - 23:31:17: [SM] Call stack trace:
L 07/15/2026 - 23:31:17: [SM]   [0] GetClientUserId
L 07/15/2026 - 23:31:17: [SM]   [1] Line 1081, D:\SteamLibrary\steamapps\common\Left 4 Dead 2\left4dead2\addons\sourcemod\scripting\l4d2_tank_core v4_7.sp::Event_PlayerDeath
L 07/15/2026 - 23:31:17: [SM] Exception reported: Client index 0 is invalid
L 07/15/2026 - 23:31:17: [SM] Blaming: l4d2_tank_core v4_7.smx
L 07/15/2026 - 23:31:17: [SM] Call stack trace:
L 07/15/2026 - 23:31:17: [SM]   [0] GetClientUserId
L 07/15/2026 - 23:31:17: [SM]   [1] Line 1081, D:\SteamLibrary\steamapps\common\Left 4 Dead 2\left4dead2\addons\sourcemod\scripting\l4d2_tank_core v4_7.sp::Event_PlayerDeath
L 07/15/2026 - 23:31:18: [SM] Exception reported: Client index 0 is invalid
L 07/15/2026 - 23:31:18: [SM] Blaming: l4d2_tank_core v4_7.smx
L 07/15/2026 - 23:31:18: [SM] Call stack trace:
L 07/15/2026 - 23:31:18: [SM]   [0] GetClientUserId
L 07/15/2026 - 23:31:18: [SM]   [1] Line 1081, D:\SteamLibrary\steamapps\common\Left 4 Dead 2\left4dead2\addons\sourcemod\scripting\l4d2_tank_core v4_7.sp::Event_PlayerDeath
L 07/15/2026 - 23:31:22: [SM] Exception reported: Client index 0 is invalid
L 07/15/2026 - 23:31:22: [SM] Blaming: l4d2_tank_core v4_7.smx
L 07/15/2026 - 23:31:22: [SM] Call stack trace:
L 07/15/2026 - 23:31:22: [SM]   [0] GetClientUserId
L 07/15/2026 - 23:31:22: [SM]   [1] Line 1081, D:\SteamLibrary\steamapps\common\Left 4 Dead 2\left4dead2\addons\sourcemod\scripting\l4d2_tank_core v4_7.sp::Event_PlayerDeath
L 07/15/2026 - 23:31:26: [SM] Exception reported: Client index 0 is invalid
L 07/15/2026 - 23:31:26: [SM] Blaming: l4d2_tank_core v4_7.smx
L 07/15/2026 - 23:31:26: [SM] Call stack trace:
L 07/15/2026 - 23:31:26: [SM]   [0] GetClientUserId
L 07/15/2026 - 23:31:26: [SM]   [1] Line 1081, D:\SteamLibrary\steamapps\common\Left 4 Dead 2\left4dead2\addons\sourcemod\scripting\l4d2_tank_core v4_7.sp::Event_PlayerDeath
L 07/15/2026 - 23:31:28: [SM] Exception reported: Language phrase "No Any Dead Survivor" not found (arg 6)
L 07/15/2026 - 23:31:28: [SM] Blaming: l4d_sm_respawn.smx
L 07/15/2026 - 23:31:28: [SM] Call stack trace:
L 07/15/2026 - 23:31:28: [SM]   [0] FormatEx
L 07/15/2026 - 23:31:28: [SM]   [1] Line 202, d:\Github\Private-Work\L4D2-插件\scripting_1.11\l4d_sm_respawn.sp::MenuClientsToSpawn
L 07/15/2026 - 23:31:28: [SM]   [2] Line 239, d:\Github\Private-Work\L4D2-插件\scripting_1.11\l4d_sm_respawn.sp::MenuHandler_MenuList
L 07/15/2026 - 23:31:29: [SM] Exception reported: Client index 0 is invalid
L 07/15/2026 - 23:31:29: [SM] Blaming: l4d2_tank_core v4_7.smx
L 07/15/2026 - 23:31:29: [SM] Call stack trace:
L 07/15/2026 - 23:31:29: [SM]   [0] GetClientUserId
L 07/15/2026 - 23:31:29: [SM]   [1] Line 1081, D:\SteamLibrary\steamapps\common\Left 4 Dead 2\left4dead2\addons\sourcemod\scripting\l4d2_tank_core v4_7.sp::Event_PlayerDeath
L 07/15/2026 - 23:31:31: [SM] Exception reported: Client index 0 is invalid
L 07/15/2026 - 23:31:31: [SM] Blaming: l4d2_tank_core v4_7.smx
L 07/15/2026 - 23:31:31: [SM] Call stack trace:
L 07/15/2026 - 23:31:31: [SM]   [0] GetClientUserId
L 07/15/2026 - 23:31:31: [SM]   [1] Line 1081, D:\SteamLibrary\steamapps\common\Left 4 Dead 2\left4dead2\addons\sourcemod\scripting\l4d2_tank_core v4_7.sp::Event_PlayerDeath
L 07/15/2026 - 23:31:32: [SM] Exception reported: Client index 0 is invalid
L 07/15/2026 - 23:31:32: [SM] Blaming: l4d2_tank_core v4_7.smx
L 07/15/2026 - 23:31:32: [SM] Call stack trace:
L 07/15/2026 - 23:31:32: [SM]   [0] GetClientUserId
L 07/15/2026 - 23:31:32: [SM]   [1] Line 1081, D:\SteamLibrary\steamapps\common\Left 4 Dead 2\left4dead2\addons\sourcemod\scripting\l4d2_tank_core v4_7.sp::Event_PlayerDeath
L 07/15/2026 - 23:31:34: [SM] Exception reported: Client index 0 is invalid
L 07/15/2026 - 23:31:34: [SM] Blaming: l4d2_tank_core v4_7.smx
L 07/15/2026 - 23:31:34: [SM] Call stack trace:
L 07/15/2026 - 23:31:34: [SM]   [0] GetClientUserId
L 07/15/2026 - 23:31:34: [SM]   [1] Line 1081, D:\SteamLibrary\steamapps\common\Left 4 Dead 2\left4dead2\addons\sourcemod\scripting\l4d2_tank_core v4_7.sp::Event_PlayerDeath
L 07/15/2026 - 23:31:36: [SM] Exception reported: Client index 0 is invalid
L 07/15/2026 - 23:31:36: [SM] Blaming: l4d2_tank_core v4_7.smx
L 07/15/2026 - 23:31:36: [SM] Call stack trace:
L 07/15/2026 - 23:31:36: [SM]   [0] GetClientUserId
L 07/15/2026 - 23:31:36: [SM]   [1] Line 1081, D:\SteamLibrary\steamapps\common\Left 4 Dead 2\left4dead2\addons\sourcemod\scripting\l4d2_tank_core v4_7.sp::Event_PlayerDeath
L 07/15/2026 - 23:31:36: [SM] Exception reported: Client index 0 is invalid
L 07/15/2026 - 23:31:36: [SM] Blaming: l4d2_tank_core v4_7.smx
L 07/15/2026 - 23:31:36: [SM] Call stack trace:
L 07/15/2026 - 23:31:36: [SM]   [0] GetClientUserId
L 07/15/2026 - 23:31:36: [SM]   [1] Line 1081, D:\SteamLibrary\steamapps\common\Left 4 Dead 2\left4dead2\addons\sourcemod\scripting\l4d2_tank_core v4_7.sp::Event_PlayerDeath
L 07/15/2026 - 23:31:36: [SM] Exception reported: Client index 0 is invalid
L 07/15/2026 - 23:31:36: [SM] Blaming: l4d2_tank_core v4_7.smx
L 07/15/2026 - 23:31:36: [SM] Call stack trace:
L 07/15/2026 - 23:31:36: [SM]   [0] GetClientUserId
L 07/15/2026 - 23:31:36: [SM]   [1] Line 1081, D:\SteamLibrary\steamapps\common\Left 4 Dead 2\left4dead2\addons\sourcemod\scripting\l4d2_tank_core v4_7.sp::Event_PlayerDeath
L 07/15/2026 - 23:31:38: [SM] Exception reported: Client index 0 is invalid
L 07/15/2026 - 23:31:38: [SM] Blaming: l4d2_tank_core v4_7.smx
L 07/15/2026 - 23:31:38: [SM] Call stack trace:
L 07/15/2026 - 23:31:38: [SM]   [0] GetClientUserId
L 07/15/2026 - 23:31:38: [SM]   [1] Line 1081, D:\SteamLibrary\steamapps\common\Left 4 Dead 2\left4dead2\addons\sourcemod\scripting\l4d2_tank_core v4_7.sp::Event_PlayerDeath
L 07/15/2026 - 23:31:39: [SM] Exception reported: Client index 0 is invalid
L 07/15/2026 - 23:31:39: [SM] Blaming: l4d2_tank_core v4_7.smx
L 07/15/2026 - 23:31:39: [SM] Call stack trace:
L 07/15/2026 - 23:31:39: [SM]   [0] GetClientUserId
L 07/15/2026 - 23:31:39: [SM]   [1] Line 1081, D:\SteamLibrary\steamapps\common\Left 4 Dead 2\left4dead2\addons\sourcemod\scripting\l4d2_tank_core v4_7.sp::Event_PlayerDeath
L 07/15/2026 - 23:31:41: [SM] Exception reported: Client index 0 is invalid
L 07/15/2026 - 23:31:41: [SM] Blaming: l4d2_tank_core v4_7.smx
L 07/15/2026 - 23:31:41: [SM] Call stack trace:
L 07/15/2026 - 23:31:41: [SM]   [0] GetClientUserId
L 07/15/2026 - 23:31:41: [SM]   [1] Line 1081, D:\SteamLibrary\steamapps\common\Left 4 Dead 2\left4dead2\addons\sourcemod\scripting\l4d2_tank_core v4_7.sp::Event_PlayerDeath
L 07/15/2026 - 23:31:43: [SM] Exception reported: Client index 0 is invalid
L 07/15/2026 - 23:31:43: [SM] Blaming: l4d2_tank_core v4_7.smx
L 07/15/2026 - 23:31:43: [SM] Call stack trace:
L 07/15/2026 - 23:31:43: [SM]   [0] GetClientUserId
L 07/15/2026 - 23:31:43: [SM]   [1] Line 1081, D:\SteamLibrary\steamapps\common\Left 4 Dead 2\left4dead2\addons\sourcemod\scripting\l4d2_tank_core v4_7.sp::Event_PlayerDeath
L 07/15/2026 - 23:31:44: [SM] Exception reported: Client index 0 is invalid
L 07/15/2026 - 23:31:44: [SM] Blaming: l4d2_tank_core v4_7.smx
L 07/15/2026 - 23:31:44: [SM] Call stack trace:
L 07/15/2026 - 23:31:44: [SM]   [0] GetClientUserId
L 07/15/2026 - 23:31:44: [SM]   [1] Line 1081, D:\SteamLibrary\steamapps\common\Left 4 Dead 2\left4dead2\addons\sourcemod\scripting\l4d2_tank_core v4_7.sp::Event_PlayerDeath
L 07/15/2026 - 23:31:44: [SM] Exception reported: Client index 0 is invalid
L 07/15/2026 - 23:31:44: [SM] Blaming: l4d2_tank_core v4_7.smx
L 07/15/2026 - 23:31:44: [SM] Call stack trace:
L 07/15/2026 - 23:31:44: [SM]   [0] GetClientUserId
L 07/15/2026 - 23:31:44: [SM]   [1] Line 1081, D:\SteamLibrary\steamapps\common\Left 4 Dead 2\left4dead2\addons\sourcemod\scripting\l4d2_tank_core v4_7.sp::Event_PlayerDeath
L 07/15/2026 - 23:31:44: [SM] Exception reported: Client index 0 is invalid
L 07/15/2026 - 23:31:44: [SM] Blaming: l4d2_tank_core v4_7.smx
L 07/15/2026 - 23:31:44: [SM] Call stack trace:
L 07/15/2026 - 23:31:44: [SM]   [0] GetClientUserId
L 07/15/2026 - 23:31:44: [SM]   [1] Line 1081, D:\SteamLibrary\steamapps\common\Left 4 Dead 2\left4dead2\addons\sourcemod\scripting\l4d2_tank_core v4_7.sp::Event_PlayerDeath
L 07/15/2026 - 23:31:45: [SM] Exception reported: Client index 0 is invalid
L 07/15/2026 - 23:31:45: [SM] Blaming: l4d2_tank_core v4_7.smx
L 07/15/2026 - 23:31:45: [SM] Call stack trace:
L 07/15/2026 - 23:31:45: [SM]   [0] GetClientUserId
L 07/15/2026 - 23:31:45: [SM]   [1] Line 1081, D:\SteamLibrary\steamapps\common\Left 4 Dead 2\left4dead2\addons\sourcemod\scripting\l4d2_tank_core v4_7.sp::Event_PlayerDeath
L 07/15/2026 - 23:31:45: [SM] Exception reported: Client index 0 is invalid
L 07/15/2026 - 23:31:45: [SM] Blaming: l4d2_tank_core v4_7.smx
L 07/15/2026 - 23:31:45: [SM] Call stack trace:
L 07/15/2026 - 23:31:45: [SM]   [0] GetClientUserId
L 07/15/2026 - 23:31:45: [SM]   [1] Line 1081, D:\SteamLibrary\steamapps\common\Left 4 Dead 2\left4dead2\addons\sourcemod\scripting\l4d2_tank_core v4_7.sp::Event_PlayerDeath
L 07/15/2026 - 23:31:50: [SM] Exception reported: Client index 0 is invalid
L 07/15/2026 - 23:31:50: [SM] Blaming: l4d2_tank_core v4_7.smx
L 07/15/2026 - 23:31:50: [SM] Call stack trace:
L 07/15/2026 - 23:31:50: [SM]   [0] GetClientUserId
L 07/15/2026 - 23:31:50: [SM]   [1] Line 1081, D:\SteamLibrary\steamapps\common\Left 4 Dead 2\left4dead2\addons\sourcemod\scripting\l4d2_tank_core v4_7.sp::Event_PlayerDeath
L 07/15/2026 - 23:31:52: [SM] Exception reported: Client index 0 is invalid
L 07/15/2026 - 23:31:52: [SM] Blaming: l4d2_tank_core v4_7.smx
L 07/15/2026 - 23:31:52: [SM] Call stack trace:
L 07/15/2026 - 23:31:52: [SM]   [0] GetClientUserId
L 07/15/2026 - 23:31:52: [SM]   [1] Line 1081, D:\SteamLibrary\steamapps\common\Left 4 Dead 2\left4dead2\addons\sourcemod\scripting\l4d2_tank_core v4_7.sp::Event_PlayerDeath
L 07/15/2026 - 23:31:53: [SM] Exception reported: Client index 0 is invalid
L 07/15/2026 - 23:31:53: [SM] Blaming: l4d2_tank_core v4_7.smx
L 07/15/2026 - 23:31:53: [SM] Call stack trace:
L 07/15/2026 - 23:31:53: [SM]   [0] GetClientUserId
L 07/15/2026 - 23:31:53: [SM]   [1] Line 1081, D:\SteamLibrary\steamapps\common\Left 4 Dead 2\left4dead2\addons\sourcemod\scripting\l4d2_tank_core v4_7.sp::Event_PlayerDeath
L 07/15/2026 - 23:31:54: [SM] Exception reported: Client index 0 is invalid
L 07/15/2026 - 23:31:54: [SM] Blaming: l4d2_tank_core v4_7.smx
L 07/15/2026 - 23:31:54: [SM] Call stack trace:
L 07/15/2026 - 23:31:54: [SM]   [0] GetClientUserId
L 07/15/2026 - 23:31:54: [SM]   [1] Line 1081, D:\SteamLibrary\steamapps\common\Left 4 Dead 2\left4dead2\addons\sourcemod\scripting\l4d2_tank_core v4_7.sp::Event_PlayerDeath
L 07/15/2026 - 23:32:00: [SM] Exception reported: Client index 0 is invalid
L 07/15/2026 - 23:32:00: [SM] Blaming: l4d2_tank_core v4_7.smx
L 07/15/2026 - 23:32:00: [SM] Call stack trace:
L 07/15/2026 - 23:32:00: [SM]   [0] GetClientUserId
L 07/15/2026 - 23:32:00: [SM]   [1] Line 1081, D:\SteamLibrary\steamapps\common\Left 4 Dead 2\left4dead2\addons\sourcemod\scripting\l4d2_tank_core v4_7.sp::Event_PlayerDeath
L 07/15/2026 - 23:32:05: [SM] Exception reported: Client index 0 is invalid
L 07/15/2026 - 23:32:05: [SM] Blaming: l4d2_tank_core v4_7.smx
L 07/15/2026 - 23:32:05: [SM] Call stack trace:
L 07/15/2026 - 23:32:05: [SM]   [0] GetClientUserId
L 07/15/2026 - 23:32:05: [SM]   [1] Line 1081, D:\SteamLibrary\steamapps\common\Left 4 Dead 2\left4dead2\addons\sourcemod\scripting\l4d2_tank_core v4_7.sp::Event_PlayerDeath
L 07/15/2026 - 23:32:05: [SM] Exception reported: Client index 0 is invalid
L 07/15/2026 - 23:32:05: [SM] Blaming: l4d2_tank_core v4_7.smx
L 07/15/2026 - 23:32:05: [SM] Call stack trace:
L 07/15/2026 - 23:32:05: [SM]   [0] GetClientUserId
L 07/15/2026 - 23:32:05: [SM]   [1] Line 1081, D:\SteamLibrary\steamapps\common\Left 4 Dead 2\left4dead2\addons\sourcemod\scripting\l4d2_tank_core v4_7.sp::Event_PlayerDeath
L 07/15/2026 - 23:32:09: [SM] Exception reported: Client index 0 is invalid
L 07/15/2026 - 23:32:09: [SM] Blaming: l4d2_tank_core v4_7.smx
L 07/15/2026 - 23:32:09: [SM] Call stack trace:
L 07/15/2026 - 23:32:09: [SM]   [0] GetClientUserId
L 07/15/2026 - 23:32:09: [SM]   [1] Line 1081, D:\SteamLibrary\steamapps\common\Left 4 Dead 2\left4dead2\addons\sourcemod\scripting\l4d2_tank_core v4_7.sp::Event_PlayerDeath
L 07/15/2026 - 23:32:09: [SM] Exception reported: Client index 0 is invalid
L 07/15/2026 - 23:32:09: [SM] Blaming: l4d2_tank_core v4_7.smx
L 07/15/2026 - 23:32:09: [SM] Call stack trace:
L 07/15/2026 - 23:32:09: [SM]   [0] GetClientUserId
L 07/15/2026 - 23:32:09: [SM]   [1] Line 1081, D:\SteamLibrary\steamapps\common\Left 4 Dead 2\left4dead2\addons\sourcemod\scripting\l4d2_tank_core v4_7.sp::Event_PlayerDeath
L 07/15/2026 - 23:32:11: [SM] Exception reported: Client index 0 is invalid
L 07/15/2026 - 23:32:11: [SM] Blaming: l4d2_tank_core v4_7.smx
L 07/15/2026 - 23:32:11: [SM] Call stack trace:
L 07/15/2026 - 23:32:11: [SM]   [0] GetClientUserId
L 07/15/2026 - 23:32:11: [SM]   [1] Line 1081, D:\SteamLibrary\steamapps\common\Left 4 Dead 2\left4dead2\addons\sourcemod\scripting\l4d2_tank_core v4_7.sp::Event_PlayerDeath
L 07/15/2026 - 23:32:12: [SM] Exception reported: Client index 0 is invalid
L 07/15/2026 - 23:32:12: [SM] Blaming: l4d2_tank_core v4_7.smx
L 07/15/2026 - 23:32:12: [SM] Call stack trace:
L 07/15/2026 - 23:32:12: [SM]   [0] GetClientUserId
L 07/15/2026 - 23:32:12: [SM]   [1] Line 1081, D:\SteamLibrary\steamapps\common\Left 4 Dead 2\left4dead2\addons\sourcemod\scripting\l4d2_tank_core v4_7.sp::Event_PlayerDeath
L 07/15/2026 - 23:32:12: [SM] Exception reported: Client index 0 is invalid
L 07/15/2026 - 23:32:12: [SM] Blaming: l4d2_tank_core v4_7.smx
L 07/15/2026 - 23:32:12: [SM] Call stack trace:
L 07/15/2026 - 23:32:12: [SM]   [0] GetClientUserId
L 07/15/2026 - 23:32:12: [SM]   [1] Line 1081, D:\SteamLibrary\steamapps\common\Left 4 Dead 2\left4dead2\addons\sourcemod\scripting\l4d2_tank_core v4_7.sp::Event_PlayerDeath
L 07/15/2026 - 23:32:12: [SM] Exception reported: Client index 0 is invalid
L 07/15/2026 - 23:32:12: [SM] Blaming: l4d2_tank_core v4_7.smx
L 07/15/2026 - 23:32:12: [SM] Call stack trace:
L 07/15/2026 - 23:32:12: [SM]   [0] GetClientUserId
L 07/15/2026 - 23:32:12: [SM]   [1] Line 1081, D:\SteamLibrary\steamapps\common\Left 4 Dead 2\left4dead2\addons\sourcemod\scripting\l4d2_tank_core v4_7.sp::Event_PlayerDeath
L 07/15/2026 - 23:32:14: [SM] Exception reported: Client index 0 is invalid
L 07/15/2026 - 23:32:14: [SM] Blaming: l4d2_tank_core v4_7.smx
L 07/15/2026 - 23:32:14: [SM] Call stack trace:
L 07/15/2026 - 23:32:14: [SM]   [0] GetClientUserId
L 07/15/2026 - 23:32:14: [SM]   [1] Line 1081, D:\SteamLibrary\steamapps\common\Left 4 Dead 2\left4dead2\addons\sourcemod\scripting\l4d2_tank_core v4_7.sp::Event_PlayerDeath
L 07/15/2026 - 23:32:15: [SM] Exception reported: Client index 0 is invalid
L 07/15/2026 - 23:32:15: [SM] Blaming: l4d2_tank_core v4_7.smx
L 07/15/2026 - 23:32:15: [SM] Call stack trace:
L 07/15/2026 - 23:32:15: [SM]   [0] GetClientUserId
L 07/15/2026 - 23:32:15: [SM]   [1] Line 1081, D:\SteamLibrary\steamapps\common\Left 4 Dead 2\left4dead2\addons\sourcemod\scripting\l4d2_tank_core v4_7.sp::Event_PlayerDeath
L 07/15/2026 - 23:32:15: [SM] Exception reported: Client index 0 is invalid
L 07/15/2026 - 23:32:15: [SM] Blaming: l4d2_tank_core v4_7.smx
L 07/15/2026 - 23:32:15: [SM] Call stack trace:
L 07/15/2026 - 23:32:15: [SM]   [0] GetClientUserId
L 07/15/2026 - 23:32:15: [SM]   [1] Line 1081, D:\SteamLibrary\steamapps\common\Left 4 Dead 2\left4dead2\addons\sourcemod\scripting\l4d2_tank_core v4_7.sp::Event_PlayerDeath
L 07/15/2026 - 23:32:15: [SM] Exception reported: Client index 0 is invalid
L 07/15/2026 - 23:32:15: [SM] Blaming: l4d2_tank_core v4_7.smx
L 07/15/2026 - 23:32:15: [SM] Call stack trace:
L 07/15/2026 - 23:32:15: [SM]   [0] GetClientUserId
L 07/15/2026 - 23:32:15: [SM]   [1] Line 1081, D:\SteamLibrary\steamapps\common\Left 4 Dead 2\left4dead2\addons\sourcemod\scripting\l4d2_tank_core v4_7.sp::Event_PlayerDeath
L 07/15/2026 - 23:32:16: [SM] Exception reported: Client index 0 is invalid
L 07/15/2026 - 23:32:16: [SM] Blaming: l4d2_tank_core v4_7.smx
L 07/15/2026 - 23:32:16: [SM] Call stack trace:
L 07/15/2026 - 23:32:16: [SM]   [0] GetClientUserId
L 07/15/2026 - 23:32:16: [SM]   [1] Line 1081, D:\SteamLibrary\steamapps\common\Left 4 Dead 2\left4dead2\addons\sourcemod\scripting\l4d2_tank_core v4_7.sp::Event_PlayerDeath
L 07/15/2026 - 23:32:17: [SM] Exception reported: Client index 0 is invalid
L 07/15/2026 - 23:32:17: [SM] Blaming: l4d2_tank_core v4_7.smx
L 07/15/2026 - 23:32:17: [SM] Call stack trace:
L 07/15/2026 - 23:32:17: [SM]   [0] GetClientUserId
L 07/15/2026 - 23:32:17: [SM]   [1] Line 1081, D:\SteamLibrary\steamapps\common\Left 4 Dead 2\left4dead2\addons\sourcemod\scripting\l4d2_tank_core v4_7.sp::Event_PlayerDeath
L 07/15/2026 - 23:32:18: [SM] Exception reported: Client index 0 is invalid
L 07/15/2026 - 23:32:18: [SM] Blaming: l4d2_tank_core v4_7.smx
L 07/15/2026 - 23:32:18: [SM] Call stack trace:
L 07/15/2026 - 23:32:18: [SM]   [0] GetClientUserId
L 07/15/2026 - 23:32:18: [SM]   [1] Line 1081, D:\SteamLibrary\steamapps\common\Left 4 Dead 2\left4dead2\addons\sourcemod\scripting\l4d2_tank_core v4_7.sp::Event_PlayerDeath
L 07/15/2026 - 23:32:18: [SM] Exception reported: Client index 0 is invalid
L 07/15/2026 - 23:32:18: [SM] Blaming: l4d2_tank_core v4_7.smx
L 07/15/2026 - 23:32:18: [SM] Call stack trace:
L 07/15/2026 - 23:32:18: [SM]   [0] GetClientUserId
L 07/15/2026 - 23:32:18: [SM]   [1] Line 1081, D:\SteamLibrary\steamapps\common\Left 4 Dead 2\left4dead2\addons\sourcemod\scripting\l4d2_tank_core v4_7.sp::Event_PlayerDeath
L 07/15/2026 - 23:32:19: [SM] Exception reported: Client index 0 is invalid
L 07/15/2026 - 23:32:19: [SM] Blaming: l4d2_tank_core v4_7.smx
L 07/15/2026 - 23:32:19: [SM] Call stack trace:
L 07/15/2026 - 23:32:19: [SM]   [0] GetClientUserId
L 07/15/2026 - 23:32:19: [SM]   [1] Line 1081, D:\SteamLibrary\steamapps\common\Left 4 Dead 2\left4dead2\addons\sourcemod\scripting\l4d2_tank_core v4_7.sp::Event_PlayerDeath
L 07/15/2026 - 23:32:19: [SM] Exception reported: Client index 0 is invalid
L 07/15/2026 - 23:32:19: [SM] Blaming: l4d2_tank_core v4_7.smx
L 07/15/2026 - 23:32:19: [SM] Call stack trace:
L 07/15/2026 - 23:32:19: [SM]   [0] GetClientUserId
L 07/15/2026 - 23:32:19: [SM]   [1] Line 1081, D:\SteamLibrary\steamapps\common\Left 4 Dead 2\left4dead2\addons\sourcemod\scripting\l4d2_tank_core v4_7.sp::Event_PlayerDeath
L 07/15/2026 - 23:32:20: [SM] Exception reported: Client index 0 is invalid
L 07/15/2026 - 23:32:20: [SM] Blaming: l4d2_tank_core v4_7.smx
L 07/15/2026 - 23:32:20: [SM] Call stack trace:
L 07/15/2026 - 23:32:20: [SM]   [0] GetClientUserId
L 07/15/2026 - 23:32:20: [SM]   [1] Line 1081, D:\SteamLibrary\steamapps\common\Left 4 Dead 2\left4dead2\addons\sourcemod\scripting\l4d2_tank_core v4_7.sp::Event_PlayerDeath
L 07/15/2026 - 23:32:20: [SM] Exception reported: Client index 0 is invalid
L 07/15/2026 - 23:32:20: [SM] Blaming: l4d2_tank_core v4_7.smx
L 07/15/2026 - 23:32:20: [SM] Call stack trace:
L 07/15/2026 - 23:32:20: [SM]   [0] GetClientUserId
L 07/15/2026 - 23:32:20: [SM]   [1] Line 1081, D:\SteamLibrary\steamapps\common\Left 4 Dead 2\left4dead2\addons\sourcemod\scripting\l4d2_tank_core v4_7.sp::Event_PlayerDeath
L 07/15/2026 - 23:32:22: [SM] Exception reported: Client index 0 is invalid
L 07/15/2026 - 23:32:22: [SM] Blaming: l4d2_tank_core v4_7.smx
L 07/15/2026 - 23:32:22: [SM] Call stack trace:
L 07/15/2026 - 23:32:22: [SM]   [0] GetClientUserId
L 07/15/2026 - 23:32:22: [SM]   [1] Line 1081, D:\SteamLibrary\steamapps\common\Left 4 Dead 2\left4dead2\addons\sourcemod\scripting\l4d2_tank_core v4_7.sp::Event_PlayerDeath
L 07/15/2026 - 23:32:22: [SM] Exception reported: Client index 0 is invalid
L 07/15/2026 - 23:32:22: [SM] Blaming: l4d2_tank_core v4_7.smx
L 07/15/2026 - 23:32:22: [SM] Call stack trace:
L 07/15/2026 - 23:32:22: [SM]   [0] GetClientUserId
L 07/15/2026 - 23:32:22: [SM]   [1] Line 1081, D:\SteamLibrary\steamapps\common\Left 4 Dead 2\left4dead2\addons\sourcemod\scripting\l4d2_tank_core v4_7.sp::Event_PlayerDeath
L 07/15/2026 - 23:32:22: [SM] Exception reported: Client index 0 is invalid
L 07/15/2026 - 23:32:22: [SM] Blaming: l4d2_tank_core v4_7.smx
L 07/15/2026 - 23:32:22: [SM] Call stack trace:
L 07/15/2026 - 23:32:22: [SM]   [0] GetClientUserId
L 07/15/2026 - 23:32:22: [SM]   [1] Line 1081, D:\SteamLibrary\steamapps\common\Left 4 Dead 2\left4dead2\addons\sourcemod\scripting\l4d2_tank_core v4_7.sp::Event_PlayerDeath
L 07/15/2026 - 23:32:23: [SM] Exception reported: Client index 0 is invalid
L 07/15/2026 - 23:32:23: [SM] Blaming: l4d2_tank_core v4_7.smx
L 07/15/2026 - 23:32:23: [SM] Call stack trace:
L 07/15/2026 - 23:32:23: [SM]   [0] GetClientUserId
L 07/15/2026 - 23:32:23: [SM]   [1] Line 1081, D:\SteamLibrary\steamapps\common\Left 4 Dead 2\left4dead2\addons\sourcemod\scripting\l4d2_tank_core v4_7.sp::Event_PlayerDeath
L 07/15/2026 - 23:32:23: [SM] Exception reported: Client index 0 is invalid
L 07/15/2026 - 23:32:23: [SM] Blaming: l4d2_tank_core v4_7.smx
L 07/15/2026 - 23:32:23: [SM] Call stack trace:
L 07/15/2026 - 23:32:23: [SM]   [0] GetClientUserId
L 07/15/2026 - 23:32:23: [SM]   [1] Line 1081, D:\SteamLibrary\steamapps\common\Left 4 Dead 2\left4dead2\addons\sourcemod\scripting\l4d2_tank_core v4_7.sp::Event_PlayerDeath
L 07/15/2026 - 23:32:24: [SM] Exception reported: Client index 0 is invalid
L 07/15/2026 - 23:32:24: [SM] Blaming: l4d2_tank_core v4_7.smx
L 07/15/2026 - 23:32:24: [SM] Call stack trace:
L 07/15/2026 - 23:32:24: [SM]   [0] GetClientUserId
L 07/15/2026 - 23:32:24: [SM]   [1] Line 1081, D:\SteamLibrary\steamapps\common\Left 4 Dead 2\left4dead2\addons\sourcemod\scripting\l4d2_tank_core v4_7.sp::Event_PlayerDeath
L 07/15/2026 - 23:32:24: [SM] Exception reported: Client index 0 is invalid
L 07/15/2026 - 23:32:24: [SM] Blaming: l4d2_tank_core v4_7.smx
L 07/15/2026 - 23:32:24: [SM] Call stack trace:
L 07/15/2026 - 23:32:24: [SM]   [0] GetClientUserId
L 07/15/2026 - 23:32:24: [SM]   [1] Line 1081, D:\SteamLibrary\steamapps\common\Left 4 Dead 2\left4dead2\addons\sourcemod\scripting\l4d2_tank_core v4_7.sp::Event_PlayerDeath
L 07/15/2026 - 23:32:25: [SM] Exception reported: Client index 0 is invalid
L 07/15/2026 - 23:32:25: [SM] Blaming: l4d2_tank_core v4_7.smx
L 07/15/2026 - 23:32:25: [SM] Call stack trace:
L 07/15/2026 - 23:32:25: [SM]   [0] GetClientUserId
L 07/15/2026 - 23:32:25: [SM]   [1] Line 1081, D:\SteamLibrary\steamapps\common\Left 4 Dead 2\left4dead2\addons\sourcemod\scripting\l4d2_tank_core v4_7.sp::Event_PlayerDeath
L 07/15/2026 - 23:32:25: [SM] Exception reported: Client index 0 is invalid
L 07/15/2026 - 23:32:25: [SM] Blaming: l4d2_tank_core v4_7.smx
L 07/15/2026 - 23:32:25: [SM] Call stack trace:
L 07/15/2026 - 23:32:25: [SM]   [0] GetClientUserId
L 07/15/2026 - 23:32:25: [SM]   [1] Line 1081, D:\SteamLibrary\steamapps\common\Left 4 Dead 2\left4dead2\addons\sourcemod\scripting\l4d2_tank_core v4_7.sp::Event_PlayerDeath
L 07/15/2026 - 23:32:26: [SM] Exception reported: Client index 0 is invalid
L 07/15/2026 - 23:32:26: [SM] Blaming: l4d2_tank_core v4_7.smx
L 07/15/2026 - 23:32:26: [SM] Call stack trace:
L 07/15/2026 - 23:32:26: [SM]   [0] GetClientUserId
L 07/15/2026 - 23:32:26: [SM]   [1] Line 1081, D:\SteamLibrary\steamapps\common\Left 4 Dead 2\left4dead2\addons\sourcemod\scripting\l4d2_tank_core v4_7.sp::Event_PlayerDeath
L 07/15/2026 - 23:32:26: [SM] Exception reported: Client index 0 is invalid
L 07/15/2026 - 23:32:26: [SM] Blaming: l4d2_tank_core v4_7.smx
L 07/15/2026 - 23:32:26: [SM] Call stack trace:
L 07/15/2026 - 23:32:26: [SM]   [0] GetClientUserId
L 07/15/2026 - 23:32:26: [SM]   [1] Line 1081, D:\SteamLibrary\steamapps\common\Left 4 Dead 2\left4dead2\addons\sourcemod\scripting\l4d2_tank_core v4_7.sp::Event_PlayerDeath
L 07/15/2026 - 23:32:27: [SM] Exception reported: Client index 0 is invalid
L 07/15/2026 - 23:32:27: [SM] Blaming: l4d2_tank_core v4_7.smx
L 07/15/2026 - 23:32:27: [SM] Call stack trace:
L 07/15/2026 - 23:32:27: [SM]   [0] GetClientUserId
L 07/15/2026 - 23:32:27: [SM]   [1] Line 1081, D:\SteamLibrary\steamapps\common\Left 4 Dead 2\left4dead2\addons\sourcemod\scripting\l4d2_tank_core v4_7.sp::Event_PlayerDeath
L 07/15/2026 - 23:32:27: [SM] Exception reported: Client index 0 is invalid
L 07/15/2026 - 23:32:27: [SM] Blaming: l4d2_tank_core v4_7.smx
L 07/15/2026 - 23:32:27: [SM] Call stack trace:
L 07/15/2026 - 23:32:27: [SM]   [0] GetClientUserId
L 07/15/2026 - 23:32:27: [SM]   [1] Line 1081, D:\SteamLibrary\steamapps\common\Left 4 Dead 2\left4dead2\addons\sourcemod\scripting\l4d2_tank_core v4_7.sp::Event_PlayerDeath
L 07/15/2026 - 23:32:28: [SM] Exception reported: Client index 0 is invalid
L 07/15/2026 - 23:32:28: [SM] Blaming: l4d2_tank_core v4_7.smx
L 07/15/2026 - 23:32:28: [SM] Call stack trace:
L 07/15/2026 - 23:32:28: [SM]   [0] GetClientUserId
L 07/15/2026 - 23:32:28: [SM]   [1] Line 1081, D:\SteamLibrary\steamapps\common\Left 4 Dead 2\left4dead2\addons\sourcemod\scripting\l4d2_tank_core v4_7.sp::Event_PlayerDeath
L 07/15/2026 - 23:32:29: [SM] Exception reported: Client index 0 is invalid
L 07/15/2026 - 23:32:29: [SM] Blaming: l4d2_tank_core v4_7.smx
L 07/15/2026 - 23:32:29: [SM] Call stack trace:
L 07/15/2026 - 23:32:29: [SM]   [0] GetClientUserId
L 07/15/2026 - 23:32:29: [SM]   [1] Line 1081, D:\SteamLibrary\steamapps\common\Left 4 Dead 2\left4dead2\addons\sourcemod\scripting\l4d2_tank_core v4_7.sp::Event_PlayerDeath
L 07/15/2026 - 23:32:29: [SM] Exception reported: Client index 0 is invalid
L 07/15/2026 - 23:32:29: [SM] Blaming: l4d2_tank_core v4_7.smx
L 07/15/2026 - 23:32:29: [SM] Call stack trace:
L 07/15/2026 - 23:32:29: [SM]   [0] GetClientUserId
L 07/15/2026 - 23:32:29: [SM]   [1] Line 1081, D:\SteamLibrary\steamapps\common\Left 4 Dead 2\left4dead2\addons\sourcemod\scripting\l4d2_tank_core v4_7.sp::Event_PlayerDeath
L 07/15/2026 - 23:32:29: [SM] Exception reported: Client index 0 is invalid
L 07/15/2026 - 23:32:29: [SM] Blaming: l4d2_tank_core v4_7.smx
L 07/15/2026 - 23:32:29: [SM] Call stack trace:
L 07/15/2026 - 23:32:29: [SM]   [0] GetClientUserId
L 07/15/2026 - 23:32:29: [SM]   [1] Line 1081, D:\SteamLibrary\steamapps\common\Left 4 Dead 2\left4dead2\addons\sourcemod\scripting\l4d2_tank_core v4_7.sp::Event_PlayerDeath
L 07/15/2026 - 23:32:29: [SM] Exception reported: Client index 0 is invalid
L 07/15/2026 - 23:32:29: [SM] Blaming: l4d2_tank_core v4_7.smx
L 07/15/2026 - 23:32:29: [SM] Call stack trace:
L 07/15/2026 - 23:32:29: [SM]   [0] GetClientUserId
L 07/15/2026 - 23:32:29: [SM]   [1] Line 1081, D:\SteamLibrary\steamapps\common\Left 4 Dead 2\left4dead2\addons\sourcemod\scripting\l4d2_tank_core v4_7.sp::Event_PlayerDeath
L 07/15/2026 - 23:32:30: [SM] Exception reported: Client index 0 is invalid
L 07/15/2026 - 23:32:30: [SM] Blaming: l4d2_tank_core v4_7.smx
L 07/15/2026 - 23:32:30: [SM] Call stack trace:
L 07/15/2026 - 23:32:30: [SM]   [0] GetClientUserId
L 07/15/2026 - 23:32:30: [SM]   [1] Line 1081, D:\SteamLibrary\steamapps\common\Left 4 Dead 2\left4dead2\addons\sourcemod\scripting\l4d2_tank_core v4_7.sp::Event_PlayerDeath
L 07/15/2026 - 23:32:31: [SM] Exception reported: Client index 0 is invalid
L 07/15/2026 - 23:32:31: [SM] Blaming: l4d2_tank_core v4_7.smx
L 07/15/2026 - 23:32:31: [SM] Call stack trace:
L 07/15/2026 - 23:32:31: [SM]   [0] GetClientUserId
L 07/15/2026 - 23:32:31: [SM]   [1] Line 1081, D:\SteamLibrary\steamapps\common\Left 4 Dead 2\left4dead2\addons\sourcemod\scripting\l4d2_tank_core v4_7.sp::Event_PlayerDeath
L 07/15/2026 - 23:32:31: [SM] Exception reported: Client index 0 is invalid
L 07/15/2026 - 23:32:31: [SM] Blaming: l4d2_tank_core v4_7.smx
L 07/15/2026 - 23:32:31: [SM] Call stack trace:
L 07/15/2026 - 23:32:31: [SM]   [0] GetClientUserId
L 07/15/2026 - 23:32:31: [SM]   [1] Line 1081, D:\SteamLibrary\steamapps\common\Left 4 Dead 2\left4dead2\addons\sourcemod\scripting\l4d2_tank_core v4_7.sp::Event_PlayerDeath
L 07/15/2026 - 23:32:32: [SM] Exception reported: Client index 0 is invalid
L 07/15/2026 - 23:32:32: [SM] Blaming: l4d2_tank_core v4_7.smx
L 07/15/2026 - 23:32:32: [SM] Call stack trace:
L 07/15/2026 - 23:32:32: [SM]   [0] GetClientUserId
L 07/15/2026 - 23:32:32: [SM]   [1] Line 1081, D:\SteamLibrary\steamapps\common\Left 4 Dead 2\left4dead2\addons\sourcemod\scripting\l4d2_tank_core v4_7.sp::Event_PlayerDeath
L 07/15/2026 - 23:32:32: [SM] Exception reported: Client index 0 is invalid
L 07/15/2026 - 23:32:32: [SM] Blaming: l4d2_tank_core v4_7.smx
L 07/15/2026 - 23:32:32: [SM] Call stack trace:
L 07/15/2026 - 23:32:32: [SM]   [0] GetClientUserId
L 07/15/2026 - 23:32:32: [SM]   [1] Line 1081, D:\SteamLibrary\steamapps\common\Left 4 Dead 2\left4dead2\addons\sourcemod\scripting\l4d2_tank_core v4_7.sp::Event_PlayerDeath
L 07/15/2026 - 23:32:35: [SM] Exception reported: Client index 0 is invalid
L 07/15/2026 - 23:32:35: [SM] Blaming: l4d2_tank_core v4_7.smx
L 07/15/2026 - 23:32:35: [SM] Call stack trace:
L 07/15/2026 - 23:32:35: [SM]   [0] GetClientUserId
L 07/15/2026 - 23:32:35: [SM]   [1] Line 1081, D:\SteamLibrary\steamapps\common\Left 4 Dead 2\left4dead2\addons\sourcemod\scripting\l4d2_tank_core v4_7.sp::Event_PlayerDeath
L 07/15/2026 - 23:32:35: [SM] Exception reported: Client index 0 is invalid
L 07/15/2026 - 23:32:35: [SM] Blaming: l4d2_tank_core v4_7.smx
L 07/15/2026 - 23:32:35: [SM] Call stack trace:
L 07/15/2026 - 23:32:35: [SM]   [0] GetClientUserId
L 07/15/2026 - 23:32:35: [SM]   [1] Line 1081, D:\SteamLibrary\steamapps\common\Left 4 Dead 2\left4dead2\addons\sourcemod\scripting\l4d2_tank_core v4_7.sp::Event_PlayerDeath
L 07/15/2026 - 23:32:36: [SM] Exception reported: Client index 0 is invalid
L 07/15/2026 - 23:32:36: [SM] Blaming: l4d2_tank_core v4_7.smx
L 07/15/2026 - 23:32:36: [SM] Call stack trace:
L 07/15/2026 - 23:32:36: [SM]   [0] GetClientUserId
L 07/15/2026 - 23:32:36: [SM]   [1] Line 1081, D:\SteamLibrary\steamapps\common\Left 4 Dead 2\left4dead2\addons\sourcemod\scripting\l4d2_tank_core v4_7.sp::Event_PlayerDeath
L 07/15/2026 - 23:32:38: [SM] Exception reported: Client index 0 is invalid
L 07/15/2026 - 23:32:38: [SM] Blaming: l4d2_tank_core v4_7.smx
L 07/15/2026 - 23:32:38: [SM] Call stack trace:
L 07/15/2026 - 23:32:38: [SM]   [0] GetClientUserId
L 07/15/2026 - 23:32:38: [SM]   [1] Line 1081, D:\SteamLibrary\steamapps\common\Left 4 Dead 2\left4dead2\addons\sourcemod\scripting\l4d2_tank_core v4_7.sp::Event_PlayerDeath
L 07/15/2026 - 23:32:38: [SM] Exception reported: Client index 0 is invalid
L 07/15/2026 - 23:32:38: [SM] Blaming: l4d2_tank_core v4_7.smx
L 07/15/2026 - 23:32:38: [SM] Call stack trace:
L 07/15/2026 - 23:32:38: [SM]   [0] GetClientUserId
L 07/15/2026 - 23:32:38: [SM]   [1] Line 1081, D:\SteamLibrary\steamapps\common\Left 4 Dead 2\left4dead2\addons\sourcemod\scripting\l4d2_tank_core v4_7.sp::Event_PlayerDeath
L 07/15/2026 - 23:32:40: [SM] Exception reported: Language phrase "Please wait to be revived or rescued" not found (arg 6)
L 07/15/2026 - 23:32:40: [SM] Blaming: l4dmultislots.smx
L 07/15/2026 - 23:32:40: [SM] Call stack trace:
L 07/15/2026 - 23:32:40: [SM]   [0] PrintToChat
L 07/15/2026 - 23:32:40: [SM]   [1] Line 953, d:\Github\Private-Work\L4D2-插件\scripting_1.11\l4dmultislots.sp::Timer_SpecCheck
L 07/15/2026 - 23:32:44: [SM] Exception reported: Client index 0 is invalid
L 07/15/2026 - 23:32:44: [SM] Blaming: l4d2_tank_core v4_7.smx
L 07/15/2026 - 23:32:44: [SM] Call stack trace:
L 07/15/2026 - 23:32:44: [SM]   [0] GetClientUserId
L 07/15/2026 - 23:32:44: [SM]   [1] Line 1081, D:\SteamLibrary\steamapps\common\Left 4 Dead 2\left4dead2\addons\sourcemod\scripting\l4d2_tank_core v4_7.sp::Event_PlayerDeath
L 07/15/2026 - 23:32:54: [SM] Exception reported: Client index 0 is invalid
L 07/15/2026 - 23:32:54: [SM] Blaming: l4d2_tank_core v4_7.smx
L 07/15/2026 - 23:32:54: [SM] Call stack trace:
L 07/15/2026 - 23:32:54: [SM]   [0] GetClientUserId
L 07/15/2026 - 23:32:54: [SM]   [1] Line 1081, D:\SteamLibrary\steamapps\common\Left 4 Dead 2\left4dead2\addons\sourcemod\scripting\l4d2_tank_core v4_7.sp::Event_PlayerDeath
L 07/15/2026 - 23:32:55: [SM] Exception reported: Client index 0 is invalid
L 07/15/2026 - 23:32:55: [SM] Blaming: l4d2_tank_core v4_7.smx
L 07/15/2026 - 23:32:55: [SM] Call stack trace:
L 07/15/2026 - 23:32:55: [SM]   [0] GetClientUserId
L 07/15/2026 - 23:32:55: [SM]   [1] Line 1081, D:\SteamLibrary\steamapps\common\Left 4 Dead 2\left4dead2\addons\sourcemod\scripting\l4d2_tank_core v4_7.sp::Event_PlayerDeath
L 07/15/2026 - 23:32:56: [SM] Exception reported: Client index 0 is invalid
L 07/15/2026 - 23:32:56: [SM] Blaming: l4d2_tank_core v4_7.smx
L 07/15/2026 - 23:32:56: [SM] Call stack trace:
L 07/15/2026 - 23:32:56: [SM]   [0] GetClientUserId
L 07/15/2026 - 23:32:56: [SM]   [1] Line 1081, D:\SteamLibrary\steamapps\common\Left 4 Dead 2\left4dead2\addons\sourcemod\scripting\l4d2_tank_core v4_7.sp::Event_PlayerDeath
L 07/15/2026 - 23:32:56: [SM] Exception reported: Client index 0 is invalid
L 07/15/2026 - 23:32:56: [SM] Blaming: l4d2_tank_core v4_7.smx
L 07/15/2026 - 23:32:56: [SM] Call stack trace:
L 07/15/2026 - 23:32:56: [SM]   [0] GetClientUserId
L 07/15/2026 - 23:32:56: [SM]   [1] Line 1081, D:\SteamLibrary\steamapps\common\Left 4 Dead 2\left4dead2\addons\sourcemod\scripting\l4d2_tank_core v4_7.sp::Event_PlayerDeath
L 07/15/2026 - 23:32:57: [SM] Exception reported: Client index 0 is invalid
L 07/15/2026 - 23:32:57: [SM] Blaming: l4d2_tank_core v4_7.smx
L 07/15/2026 - 23:32:57: [SM] Call stack trace:
L 07/15/2026 - 23:32:57: [SM]   [0] GetClientUserId
L 07/15/2026 - 23:32:57: [SM]   [1] Line 1081, D:\SteamLibrary\steamapps\common\Left 4 Dead 2\left4dead2\addons\sourcemod\scripting\l4d2_tank_core v4_7.sp::Event_PlayerDeath
L 07/15/2026 - 23:33:00: [SM] Exception reported: Client index 0 is invalid
L 07/15/2026 - 23:33:00: [SM] Blaming: l4d2_tank_core v4_7.smx
L 07/15/2026 - 23:33:00: [SM] Call stack trace:
L 07/15/2026 - 23:33:00: [SM]   [0] GetClientUserId
L 07/15/2026 - 23:33:00: [SM]   [1] Line 1081, D:\SteamLibrary\steamapps\common\Left 4 Dead 2\left4dead2\addons\sourcemod\scripting\l4d2_tank_core v4_7.sp::Event_PlayerDeath
L 07/15/2026 - 23:33:01: [SM] Exception reported: Client index 0 is invalid
L 07/15/2026 - 23:33:01: [SM] Blaming: l4d2_tank_core v4_7.smx
L 07/15/2026 - 23:33:01: [SM] Call stack trace:
L 07/15/2026 - 23:33:01: [SM]   [0] GetClientUserId
L 07/15/2026 - 23:33:01: [SM]   [1] Line 1081, D:\SteamLibrary\steamapps\common\Left 4 Dead 2\left4dead2\addons\sourcemod\scripting\l4d2_tank_core v4_7.sp::Event_PlayerDeath
L 07/15/2026 - 23:33:03: [SM] Exception reported: Client index 0 is invalid
L 07/15/2026 - 23:33:03: [SM] Blaming: l4d2_tank_core v4_7.smx
L 07/15/2026 - 23:33:03: [SM] Call stack trace:
L 07/15/2026 - 23:33:03: [SM]   [0] GetClientUserId
L 07/15/2026 - 23:33:03: [SM]   [1] Line 1081, D:\SteamLibrary\steamapps\common\Left 4 Dead 2\left4dead2\addons\sourcemod\scripting\l4d2_tank_core v4_7.sp::Event_PlayerDeath
L 07/15/2026 - 23:33:07: [SM] Exception reported: Client index 0 is invalid
L 07/15/2026 - 23:33:07: [SM] Blaming: l4d2_tank_core v4_7.smx
L 07/15/2026 - 23:33:07: [SM] Call stack trace:
L 07/15/2026 - 23:33:07: [SM]   [0] GetClientUserId
L 07/15/2026 - 23:33:07: [SM]   [1] Line 1081, D:\SteamLibrary\steamapps\common\Left 4 Dead 2\left4dead2\addons\sourcemod\scripting\l4d2_tank_core v4_7.sp::Event_PlayerDeath
L 07/15/2026 - 23:33:14: [SM] Exception reported: Client index 0 is invalid
L 07/15/2026 - 23:33:14: [SM] Blaming: l4d2_tank_core v4_7.smx
L 07/15/2026 - 23:33:14: [SM] Call stack trace:
L 07/15/2026 - 23:33:14: [SM]   [0] GetClientUserId
L 07/15/2026 - 23:33:14: [SM]   [1] Line 1081, D:\SteamLibrary\steamapps\common\Left 4 Dead 2\left4dead2\addons\sourcemod\scripting\l4d2_tank_core v4_7.sp::Event_PlayerDeath
L 07/15/2026 - 23:33:16: [SM] Exception reported: Client index 0 is invalid
L 07/15/2026 - 23:33:16: [SM] Blaming: l4d2_tank_core v4_7.smx
L 07/15/2026 - 23:33:16: [SM] Call stack trace:
L 07/15/2026 - 23:33:16: [SM]   [0] GetClientUserId
L 07/15/2026 - 23:33:16: [SM]   [1] Line 1081, D:\SteamLibrary\steamapps\common\Left 4 Dead 2\left4dead2\addons\sourcemod\scripting\l4d2_tank_core v4_7.sp::Event_PlayerDeath
L 07/15/2026 - 23:33:21: [SM] Exception reported: Client index 0 is invalid
L 07/15/2026 - 23:33:21: [SM] Blaming: l4d2_tank_core v4_7.smx
L 07/15/2026 - 23:33:21: [SM] Call stack trace:
L 07/15/2026 - 23:33:21: [SM]   [0] GetClientUserId
L 07/15/2026 - 23:33:21: [SM]   [1] Line 1081, D:\SteamLibrary\steamapps\common\Left 4 Dead 2\left4dead2\addons\sourcemod\scripting\l4d2_tank_core v4_7.sp::Event_PlayerDeath
L 07/15/2026 - 23:33:24: [SM] Exception reported: Client index 0 is invalid
L 07/15/2026 - 23:33:24: [SM] Blaming: l4d2_tank_core v4_7.smx
L 07/15/2026 - 23:33:24: [SM] Call stack trace:
L 07/15/2026 - 23:33:24: [SM]   [0] GetClientUserId
L 07/15/2026 - 23:33:24: [SM]   [1] Line 1081, D:\SteamLibrary\steamapps\common\Left 4 Dead 2\left4dead2\addons\sourcemod\scripting\l4d2_tank_core v4_7.sp::Event_PlayerDeath
L 07/15/2026 - 23:33:26: [SM] Exception reported: Client index 0 is invalid
L 07/15/2026 - 23:33:26: [SM] Blaming: l4d2_tank_core v4_7.smx
L 07/15/2026 - 23:33:26: [SM] Call stack trace:
L 07/15/2026 - 23:33:26: [SM]   [0] GetClientUserId
L 07/15/2026 - 23:33:26: [SM]   [1] Line 1081, D:\SteamLibrary\steamapps\common\Left 4 Dead 2\left4dead2\addons\sourcemod\scripting\l4d2_tank_core v4_7.sp::Event_PlayerDeath
L 07/15/2026 - 23:34:39: [SM] Exception reported: Client index 0 is invalid
L 07/15/2026 - 23:34:39: [SM] Blaming: l4d2_tank_core v4_7.smx
L 07/15/2026 - 23:34:39: [SM] Call stack trace:
L 07/15/2026 - 23:34:39: [SM]   [0] GetClientUserId
L 07/15/2026 - 23:34:39: [SM]   [1] Line 1081, D:\SteamLibrary\steamapps\common\Left 4 Dead 2\left4dead2\addons\sourcemod\scripting\l4d2_tank_core v4_7.sp::Event_PlayerDeath
L 07/15/2026 - 23:44:45: Error log file session closed.
L 07/15/2026 - 23:44:45: SourceMod error session started
L 07/15/2026 - 23:44:45: Info (map "Glubtastic2_1") (file "d:\steamlibrary\steamapps\common\left 4 dead 2\left4dead2\addons\sourcemod\logs\errors_20260715.log")
L 07/15/2026 - 23:44:45: [SM] Fatal error encountered parsing translation file "l4d_nth.phrases.txt"
L 07/15/2026 - 23:44:45: [SM] Error (line 0, column 0): Stream failed to open
L 07/15/2026 - 23:44:45: [SM] Fatal error encountered parsing translation file "chargersteering.phrases.txt"
L 07/15/2026 - 23:44:45: [SM] Error (line 0, column 0): Stream failed to open
L 07/15/2026 - 23:44:47: [l4d2_publicity.smx] [Publicity] No se encontraron mensajes en el archivo de configuración
L 07/15/2026 - 23:45:02: [SM] Exception reported: Language phrase "Impossible to generate a bot at the moment." not found (arg 5)
L 07/15/2026 - 23:45:02: [SM] Blaming: l4dmultislots.smx
L 07/15/2026 - 23:45:02: [SM] Call stack trace:
L 07/15/2026 - 23:45:02: [SM]   [0] PrintHintText
L 07/15/2026 - 23:45:02: [SM]   [1] Line 765, d:\Github\Private-Work\L4D2-插件\scripting_1.11\l4dmultislots.sp::JoinTeam_ColdDown
L 07/15/2026 - 23:45:19: [SM] Exception reported: Client index 0 is invalid
L 07/15/2026 - 23:45:19: [SM] Blaming: l4d2_tank_core v4_7.smx
L 07/15/2026 - 23:45:19: [SM] Call stack trace:
L 07/15/2026 - 23:45:19: [SM]   [0] GetClientUserId
L 07/15/2026 - 23:45:19: [SM]   [1] Line 1081, D:\SteamLibrary\steamapps\common\Left 4 Dead 2\left4dead2\addons\sourcemod\scripting\l4d2_tank_core v4_7.sp::Event_PlayerDeath
L 07/15/2026 - 23:45:19: [SM] Exception reported: Client index 0 is invalid
L 07/15/2026 - 23:45:19: [SM] Blaming: l4d2_tank_core v4_7.smx
L 07/15/2026 - 23:45:19: [SM] Call stack trace:
L 07/15/2026 - 23:45:19: [SM]   [0] GetClientUserId
L 07/15/2026 - 23:45:19: [SM]   [1] Line 1081, D:\SteamLibrary\steamapps\common\Left 4 Dead 2\left4dead2\addons\sourcemod\scripting\l4d2_tank_core v4_7.sp::Event_PlayerDeath
L 07/15/2026 - 23:45:23: [SM] Exception reported: Property "m_vecAngularVelocity" not found (entity 863/weapon_pistol)
L 07/15/2026 - 23:45:23: [SM] Blaming: l4d2_tank_core v4_7.smx
L 07/15/2026 - 23:45:23: [SM] Call stack trace:
L 07/15/2026 - 23:45:23: [SM]   [0] SetEntPropVector
L 07/15/2026 - 23:45:23: [SM]   [1] Line 597, D:\SteamLibrary\steamapps\common\Left 4 Dead 2\left4dead2\addons\sourcemod\scripting\l4d2_tank_core v4_7.sp::DropItemsPhysically
L 07/15/2026 - 23:45:23: [SM]   [2] Line 516, D:\SteamLibrary\steamapps\common\Left 4 Dead 2\left4dead2\addons\sourcemod\scripting\l4d2_tank_core v4_7.sp::Event_PlayerHurt
L 07/15/2026 - 23:45:51: [SM] Exception reported: Client index 0 is invalid
L 07/15/2026 - 23:45:51: [SM] Blaming: l4d2_tank_core v4_7.smx
L 07/15/2026 - 23:45:51: [SM] Call stack trace:
L 07/15/2026 - 23:45:51: [SM]   [0] GetClientUserId
L 07/15/2026 - 23:45:51: [SM]   [1] Line 1081, D:\SteamLibrary\steamapps\common\Left 4 Dead 2\left4dead2\addons\sourcemod\scripting\l4d2_tank_core v4_7.sp::Event_PlayerDeath
L 07/15/2026 - 23:45:52: [SM] Exception reported: Client index 0 is invalid
L 07/15/2026 - 23:45:52: [SM] Blaming: l4d2_tank_core v4_7.smx
L 07/15/2026 - 23:45:52: [SM] Call stack trace:
L 07/15/2026 - 23:45:52: [SM]   [0] GetClientUserId
L 07/15/2026 - 23:45:52: [SM]   [1] Line 1081, D:\SteamLibrary\steamapps\common\Left 4 Dead 2\left4dead2\addons\sourcemod\scripting\l4d2_tank_core v4_7.sp::Event_PlayerDeath
L 07/15/2026 - 23:45:54: [SM] Exception reported: Client index 0 is invalid
L 07/15/2026 - 23:45:54: [SM] Blaming: l4d2_tank_core v4_7.smx
L 07/15/2026 - 23:45:54: [SM] Call stack trace:
L 07/15/2026 - 23:45:54: [SM]   [0] GetClientUserId
L 07/15/2026 - 23:45:54: [SM]   [1] Line 1081, D:\SteamLibrary\steamapps\common\Left 4 Dead 2\left4dead2\addons\sourcemod\scripting\l4d2_tank_core v4_7.sp::Event_PlayerDeath
L 07/15/2026 - 23:45:57: [SM] Exception reported: Client index 0 is invalid
L 07/15/2026 - 23:45:57: [SM] Blaming: l4d2_tank_core v4_7.smx
L 07/15/2026 - 23:45:57: [SM] Call stack trace:
L 07/15/2026 - 23:45:57: [SM]   [0] GetClientUserId
L 07/15/2026 - 23:45:57: [SM]   [1] Line 1081, D:\SteamLibrary\steamapps\common\Left 4 Dead 2\left4dead2\addons\sourcemod\scripting\l4d2_tank_core v4_7.sp::Event_PlayerDeath
L 07/15/2026 - 23:45:57: [SM] Exception reported: Client index 0 is invalid
L 07/15/2026 - 23:45:57: [SM] Blaming: l4d2_tank_core v4_7.smx
L 07/15/2026 - 23:45:57: [SM] Call stack trace:
L 07/15/2026 - 23:45:57: [SM]   [0] GetClientUserId
L 07/15/2026 - 23:45:57: [SM]   [1] Line 1081, D:\SteamLibrary\steamapps\common\Left 4 Dead 2\left4dead2\addons\sourcemod\scripting\l4d2_tank_core v4_7.sp::Event_PlayerDeath
L 07/15/2026 - 23:48:35: Error log file session closed.
L 07/15/2026 - 23:48:35: SourceMod error session started
L 07/15/2026 - 23:48:35: Info (map "c2m1_highway") (file "d:\steamlibrary\steamapps\common\left 4 dead 2\left4dead2\addons\sourcemod\logs\errors_20260715.log")
L 07/15/2026 - 23:48:35: [SM] Fatal error encountered parsing translation file "l4d_nth.phrases.txt"
L 07/15/2026 - 23:48:35: [SM] Error (line 0, column 0): Stream failed to open
L 07/15/2026 - 23:48:35: [SM] Fatal error encountered parsing translation file "chargersteering.phrases.txt"
L 07/15/2026 - 23:48:35: [SM] Error (line 0, column 0): Stream failed to open
L 07/15/2026 - 23:48:38: [l4d2_publicity.smx] [Publicity] No se encontraron mensajes en el archivo de configuración
L 07/15/2026 - 23:51:07: [l4d2_tank_core v4_7.smx] No se pudo cargar la firma Fling desde el GameData.
L 07/15/2026 - 23:52:29: [SM] Exception reported: Invalid timer handle 2ae00549 (error 3)
L 07/15/2026 - 23:52:29: [SM] Blaming: l4d2_playerjoining_v3.smx
L 07/15/2026 - 23:52:29: [SM] Call stack trace:
L 07/15/2026 - 23:52:29: [SM]   [0] KillTimer
L 07/15/2026 - 23:52:29: [SM]   [1] Line 56, D:\SteamLibrary\steamapps\common\Left 4 Dead 2\left4dead2\addons\sourcemod\scripting\l4d2_playerjoining_v3.sp::OnClientDisconnect
L 07/15/2026 - 23:52:31: Error log file session closed.
L 07/15/2026 - 23:52:31: SourceMod error session started
L 07/15/2026 - 23:52:31: Info (map "c2m2_fairgrounds") (file "d:\steamlibrary\steamapps\common\left 4 dead 2\left4dead2\addons\sourcemod\logs\errors_20260715.log")
L 07/15/2026 - 23:52:31: [SM] Fatal error encountered parsing translation file "l4d_nth.phrases.txt"
L 07/15/2026 - 23:52:31: [SM] Error (line 0, column 0): Stream failed to open
L 07/15/2026 - 23:52:31: [SM] Fatal error encountered parsing translation file "chargersteering.phrases.txt"
L 07/15/2026 - 23:52:31: [SM] Error (line 0, column 0): Stream failed to open
L 07/15/2026 - 23:52:34: [l4d2_publicity.smx] [Publicity] No se encontraron mensajes en el archivo de configuración
L 07/15/2026 - 23:53:02: [SM] Exception reported: Array index out-of-bounds (index 12, limit 12)
L 07/15/2026 - 23:53:02: [SM] Blaming: l4d2_tank_props_rock_v3.smx
L 07/15/2026 - 23:53:02: [SM] Call stack trace:
L 07/15/2026 - 23:53:02: [SM]   [1] Line 142, D:\SteamLibrary\steamapps\common\Left 4 Dead 2\left4dead2\addons\sourcemod\scripting\l4d2_tank_props_rock_v3.sp::OnMapStart
L 07/15/2026 - 23:53:20: [SM] Exception reported: Array index out-of-bounds (index 12, limit 12)
L 07/15/2026 - 23:53:20: [SM] Blaming: l4d2_tank_props_rock_v3.smx
L 07/15/2026 - 23:53:20: [SM] Call stack trace:
L 07/15/2026 - 23:53:20: [SM]   [1] Line 222, D:\SteamLibrary\steamapps\common\Left 4 Dead 2\left4dead2\addons\sourcemod\scripting\l4d2_tank_props_rock_v3.sp::Throw
L 07/15/2026 - 23:54:53: [SM] Exception reported: Property "m_vecAngularVelocity" not found (entity 900/weapon_smg)
L 07/15/2026 - 23:54:53: [SM] Blaming: l4d2_tank_core v4_7.smx
L 07/15/2026 - 23:54:53: [SM] Call stack trace:
L 07/15/2026 - 23:54:53: [SM]   [0] SetEntPropVector
L 07/15/2026 - 23:54:53: [SM]   [1] Line 597, D:\SteamLibrary\steamapps\common\Left 4 Dead 2\left4dead2\addons\sourcemod\scripting\l4d2_tank_core v4_7.sp::DropItemsPhysically
L 07/15/2026 - 23:54:53: [SM]   [2] Line 516, D:\SteamLibrary\steamapps\common\Left 4 Dead 2\left4dead2\addons\sourcemod\scripting\l4d2_tank_core v4_7.sp::Event_PlayerHurt
L 07/15/2026 - 23:55:16: [SM] Exception reported: Language phrase "Please wait to be revived or rescued" not found (arg 6)
L 07/15/2026 - 23:55:16: [SM] Blaming: l4dmultislots.smx
L 07/15/2026 - 23:55:16: [SM] Call stack trace:
L 07/15/2026 - 23:55:16: [SM]   [0] PrintToChat
L 07/15/2026 - 23:55:16: [SM]   [1] Line 953, d:\Github\Private-Work\L4D2-插件\scripting_1.11\l4dmultislots.sp::Timer_SpecCheck
L 07/15/2026 - 23:55:47: [SM] Exception reported: Invalid timer handle be70053f (error 1)
L 07/15/2026 - 23:55:47: [SM] Blaming: l4d2_playerjoining_v3.smx
L 07/15/2026 - 23:55:47: [SM] Call stack trace:
L 07/15/2026 - 23:55:47: [SM]   [0] KillTimer
L 07/15/2026 - 23:55:47: [SM]   [1] Line 56, D:\SteamLibrary\steamapps\common\Left 4 Dead 2\left4dead2\addons\sourcemod\scripting\l4d2_playerjoining_v3.sp::OnClientDisconnect
L 07/15/2026 - 23:57:58: [SM] Exception reported: Property "m_vecAngularVelocity" not found (entity 160/weapon_smg)
L 07/15/2026 - 23:57:58: [SM] Blaming: l4d2_tank_core v4_7.smx
L 07/15/2026 - 23:57:58: [SM] Call stack trace:
L 07/15/2026 - 23:57:58: [SM]   [0] SetEntPropVector
L 07/15/2026 - 23:57:58: [SM]   [1] Line 597, D:\SteamLibrary\steamapps\common\Left 4 Dead 2\left4dead2\addons\sourcemod\scripting\l4d2_tank_core v4_7.sp::DropItemsPhysically
L 07/15/2026 - 23:57:58: [SM]   [2] Line 516, D:\SteamLibrary\steamapps\common\Left 4 Dead 2\left4dead2\addons\sourcemod\scripting\l4d2_tank_core v4_7.sp::Event_PlayerHurt
L 07/15/2026 - 23:58:12: [SM] Exception reported: Invalid timer handle be70053f (error 1)
L 07/15/2026 - 23:58:12: [SM] Blaming: l4d2_playerjoining_v3.smx
L 07/15/2026 - 23:58:12: [SM] Call stack trace:
L 07/15/2026 - 23:58:12: [SM]   [0] KillTimer
L 07/15/2026 - 23:58:12: [SM]   [1] Line 56, D:\SteamLibrary\steamapps\common\Left 4 Dead 2\left4dead2\addons\sourcemod\scripting\l4d2_playerjoining_v3.sp::OnClientDisconnect
L 07/15/2026 - 23:59:19: [SM] Exception reported: Invalid timer handle be70053f (error 3)
L 07/15/2026 - 23:59:19: [SM] Blaming: l4d2_playerjoining_v3.smx
L 07/15/2026 - 23:59:19: [SM] Call stack trace:
L 07/15/2026 - 23:59:19: [SM]   [0] KillTimer
L 07/15/2026 - 23:59:19: [SM]   [1] Line 56, D:\SteamLibrary\steamapps\common\Left 4 Dead 2\left4dead2\addons\sourcemod\scripting\l4d2_playerjoining_v3.sp::OnClientDisconnect
L 07/16/2026 - 00:01:07: Error log file session closed.
