L 02/04/2026 - 20:55:08: SourceMod error session started
L 02/04/2026 - 20:55:08: Info (map "c7m1_docks") (file "d:\steamlibrary\steamapps\common\left 4 dead 2\left4dead2\addons\sourcemod\logs\errors_20260204.log")
L 02/04/2026 - 20:55:08: [SM] Failed to load plugin "cannounce.smx": Get a dedicated server. This plugin does not work on Listen servers..
L 02/04/2026 - 20:55:08: [SM] Failed to load plugin "LMCL4D1CDeathHandler.smx": Plugin only supports Left 4 Dead.
L 02/04/2026 - 20:55:08: [SM] Failed to load plugin "LMCL4D1SetTransmit.smx": Plugin only supports Left 4 Dead.
L 02/04/2026 - 20:55:08: [SM] Failed to load plugin "LMC_L4D1_Menu_Choosing.smx": Plugin only supports Left 4 Dead.
L 02/04/2026 - 20:55:08: [SM] Failed to load plugin "LMC_L4D1_RandomSpawns.smx": Plugin only supports Left 4 Dead.
L 02/04/2026 - 20:55:08: [SM] Failed to load plugin "nextmap.smx": Nextmap is incompatible with this game.
L 02/04/2026 - 20:55:08: [SM] Failed to load plugin "[L4D2] Left4dhooks.smx": 
====================
This plugin replaces Left4Downtown. Delete the extension to run.
====================.
L 02/04/2026 - 20:55:08: [SM] Fatal error encountered parsing translation file "l4d_nth.phrases.txt"
L 02/04/2026 - 20:55:08: [SM] Error (line 0, column 0): Stream failed to open
L 02/04/2026 - 20:55:08: [SM] Fatal error encountered parsing translation file "chargersteering.phrases.txt"
L 02/04/2026 - 20:55:08: [SM] Error (line 0, column 0): Stream failed to open
L 02/04/2026 - 20:55:08: [l4d2_publicity.smx] [Publicity] No se encontraron mensajes en el archivo de configuraci√≥n
L 02/04/2026 - 20:55:08: [SM] Fatal error encountered parsing translation file "l4dmultislots.phrases.txt"
L 02/04/2026 - 20:55:08: [SM] Error (line 0, column 0): Stream failed to open
L 02/04/2026 - 20:55:10: [SM] Unable to load plugin "lilac_by_l4d2.smx": Native "IRC_MsgFlaggedChannels" was not found
L 02/04/2026 - 20:55:14: [SM] Exception reported: Entity -1 (1) is invalid
L 02/04/2026 - 20:55:14: [SM] Blaming: l4d2_tank_core.smx
L 02/04/2026 - 20:55:14: [SM] Call stack trace:
L 02/04/2026 - 20:55:14: [SM]   [0] SetEntProp
L 02/04/2026 - 20:55:14: [SM]   [1] Line 250, D:\SteamLibrary\steamapps\common\Left 4 Dead 2\left4dead2\addons\sourcemod\scripting\include\entity_prop_stocks.inc::SetEntityMoveType
L 02/04/2026 - 20:55:14: [SM]   [2] Line 717, D:\SteamLibrary\steamapps\common\Left 4 Dead 2\left4dead2\addons\sourcemod\scripting\l4d2_tank_core.sp::CleanUpTank
L 02/04/2026 - 20:55:14: [SM]   [3] Line 702, D:\SteamLibrary\steamapps\common\Left 4 Dead 2\left4dead2\addons\sourcemod\scripting\l4d2_tank_core.sp::Event_RoundStart
L 02/04/2026 - 20:55:14: [SM] Exception reported: Invalid convar handle 0 (error 4)
L 02/04/2026 - 20:55:14: [SM] Blaming: ÒankrunFixhealth.smx
L 02/04/2026 - 20:55:14: [SM] Call stack trace:
L 02/04/2026 - 20:55:14: [SM]   [0] GetConVarString
L 02/04/2026 - 20:55:14: [SM]   [1] Line 138, C:\Users\Moises\Downloads\Compressed\sourcemod-1.11.0-git6968-windows\addons\sourcemod\scripting\ÒankrunFixhealth.sp::IsTankRunActive
L 02/04/2026 - 20:55:14: [SM]   [2] Line 54, C:\Users\Moises\Downloads\Compressed\sourcemod-1.11.0-git6968-windows\addons\sourcemod\scripting\ÒankrunFixhealth.sp::Event_RoundStart
L 02/04/2026 - 20:55:15: [l4d2_publicity.smx] [Publicity] No se encontraron mensajes en el archivo de configuraci√≥n
L 02/04/2026 - 20:55:28: [SM] Exception reported: Invalid convar handle 0 (error 4)
L 02/04/2026 - 20:55:28: [SM] Blaming: ÒankrunFixhealth.smx
L 02/04/2026 - 20:55:28: [SM] Call stack trace:
L 02/04/2026 - 20:55:28: [SM]   [0] GetConVarString
L 02/04/2026 - 20:55:28: [SM]   [1] Line 138, C:\Users\Moises\Downloads\Compressed\sourcemod-1.11.0-git6968-windows\addons\sourcemod\scripting\ÒankrunFixhealth.sp::IsTankRunActive
L 02/04/2026 - 20:55:28: [SM]   [2] Line 36, C:\Users\Moises\Downloads\Compressed\sourcemod-1.11.0-git6968-windows\addons\sourcemod\scripting\ÒankrunFixhealth.sp::Timer_PeriodicCheck
L 02/04/2026 - 20:55:37: [SM] Exception reported: Language phrase "Impossible to generate a bot at the moment." not found (arg 5)
L 02/04/2026 - 20:55:37: [SM] Blaming: l4dmultislots.smx
L 02/04/2026 - 20:55:37: [SM] Call stack trace:
L 02/04/2026 - 20:55:37: [SM]   [0] PrintHintText
L 02/04/2026 - 20:55:37: [SM]   [1] Line 765, d:\Github\Private-Work\L4D2-Êèí‰ª∂\scripting_1.11\l4dmultislots.sp::JoinTeam_ColdDown
L 02/04/2026 - 20:55:41: [SM] Exception reported: Invalid convar handle 0 (error 4)
L 02/04/2026 - 20:55:41: [SM] Blaming: ÒankrunFixhealth.smx
L 02/04/2026 - 20:55:41: [SM] Call stack trace:
L 02/04/2026 - 20:55:41: [SM]   [0] GetConVarString
L 02/04/2026 - 20:55:41: [SM]   [1] Line 138, C:\Users\Moises\Downloads\Compressed\sourcemod-1.11.0-git6968-windows\addons\sourcemod\scripting\ÒankrunFixhealth.sp::IsTankRunActive
L 02/04/2026 - 20:55:41: [SM]   [2] Line 36, C:\Users\Moises\Downloads\Compressed\sourcemod-1.11.0-git6968-windows\addons\sourcemod\scripting\ÒankrunFixhealth.sp::Timer_PeriodicCheck
L 02/04/2026 - 20:55:51: [SM] Exception reported: Invalid convar handle 0 (error 4)
L 02/04/2026 - 20:55:51: [SM] Blaming: ÒankrunFixhealth.smx
L 02/04/2026 - 20:55:51: [SM] Call stack trace:
L 02/04/2026 - 20:55:51: [SM]   [0] GetConVarString
L 02/04/2026 - 20:55:51: [SM]   [1] Line 138, C:\Users\Moises\Downloads\Compressed\sourcemod-1.11.0-git6968-windows\addons\sourcemod\scripting\ÒankrunFixhealth.sp::IsTankRunActive
L 02/04/2026 - 20:55:51: [SM]   [2] Line 36, C:\Users\Moises\Downloads\Compressed\sourcemod-1.11.0-git6968-windows\addons\sourcemod\scripting\ÒankrunFixhealth.sp::Timer_PeriodicCheck
L 02/04/2026 - 20:56:01: [SM] Exception reported: Invalid convar handle 0 (error 4)
L 02/04/2026 - 20:56:01: [SM] Blaming: ÒankrunFixhealth.smx
L 02/04/2026 - 20:56:01: [SM] Call stack trace:
L 02/04/2026 - 20:56:01: [SM]   [0] GetConVarString
L 02/04/2026 - 20:56:01: [SM]   [1] Line 138, C:\Users\Moises\Downloads\Compressed\sourcemod-1.11.0-git6968-windows\addons\sourcemod\scripting\ÒankrunFixhealth.sp::IsTankRunActive
L 02/04/2026 - 20:56:01: [SM]   [2] Line 36, C:\Users\Moises\Downloads\Compressed\sourcemod-1.11.0-git6968-windows\addons\sourcemod\scripting\ÒankrunFixhealth.sp::Timer_PeriodicCheck
L 02/04/2026 - 20:56:11: [SM] Exception reported: Invalid convar handle 0 (error 4)
L 02/04/2026 - 20:56:11: [SM] Blaming: ÒankrunFixhealth.smx
L 02/04/2026 - 20:56:11: [SM] Call stack trace:
L 02/04/2026 - 20:56:11: [SM]   [0] GetConVarString
L 02/04/2026 - 20:56:11: [SM]   [1] Line 138, C:\Users\Moises\Downloads\Compressed\sourcemod-1.11.0-git6968-windows\addons\sourcemod\scripting\ÒankrunFixhealth.sp::IsTankRunActive
L 02/04/2026 - 20:56:11: [SM]   [2] Line 36, C:\Users\Moises\Downloads\Compressed\sourcemod-1.11.0-git6968-windows\addons\sourcemod\scripting\ÒankrunFixhealth.sp::Timer_PeriodicCheck
L 02/04/2026 - 20:56:21: [SM] Exception reported: Invalid convar handle 0 (error 4)
L 02/04/2026 - 20:56:21: [SM] Blaming: ÒankrunFixhealth.smx
L 02/04/2026 - 20:56:21: [SM] Call stack trace:
L 02/04/2026 - 20:56:21: [SM]   [0] GetConVarString
L 02/04/2026 - 20:56:21: [SM]   [1] Line 138, C:\Users\Moises\Downloads\Compressed\sourcemod-1.11.0-git6968-windows\addons\sourcemod\scripting\ÒankrunFixhealth.sp::IsTankRunActive
L 02/04/2026 - 20:56:21: [SM]   [2] Line 36, C:\Users\Moises\Downloads\Compressed\sourcemod-1.11.0-git6968-windows\addons\sourcemod\scripting\ÒankrunFixhealth.sp::Timer_PeriodicCheck
L 02/04/2026 - 20:56:31: [SM] Exception reported: Invalid convar handle 0 (error 4)
L 02/04/2026 - 20:56:31: [SM] Blaming: ÒankrunFixhealth.smx
L 02/04/2026 - 20:56:31: [SM] Call stack trace:
L 02/04/2026 - 20:56:31: [SM]   [0] GetConVarString
L 02/04/2026 - 20:56:31: [SM]   [1] Line 138, C:\Users\Moises\Downloads\Compressed\sourcemod-1.11.0-git6968-windows\addons\sourcemod\scripting\ÒankrunFixhealth.sp::IsTankRunActive
L 02/04/2026 - 20:56:31: [SM]   [2] Line 36, C:\Users\Moises\Downloads\Compressed\sourcemod-1.11.0-git6968-windows\addons\sourcemod\scripting\ÒankrunFixhealth.sp::Timer_PeriodicCheck
L 02/04/2026 - 20:56:41: [SM] Exception reported: Invalid convar handle 0 (error 4)
L 02/04/2026 - 20:56:41: [SM] Blaming: ÒankrunFixhealth.smx
L 02/04/2026 - 20:56:41: [SM] Call stack trace:
L 02/04/2026 - 20:56:41: [SM]   [0] GetConVarString
L 02/04/2026 - 20:56:41: [SM]   [1] Line 138, C:\Users\Moises\Downloads\Compressed\sourcemod-1.11.0-git6968-windows\addons\sourcemod\scripting\ÒankrunFixhealth.sp::IsTankRunActive
L 02/04/2026 - 20:56:41: [SM]   [2] Line 36, C:\Users\Moises\Downloads\Compressed\sourcemod-1.11.0-git6968-windows\addons\sourcemod\scripting\ÒankrunFixhealth.sp::Timer_PeriodicCheck
L 02/04/2026 - 20:56:51: [SM] Exception reported: Invalid convar handle 0 (error 4)
L 02/04/2026 - 20:56:51: [SM] Blaming: ÒankrunFixhealth.smx
L 02/04/2026 - 20:56:51: [SM] Call stack trace:
L 02/04/2026 - 20:56:51: [SM]   [0] GetConVarString
L 02/04/2026 - 20:56:51: [SM]   [1] Line 138, C:\Users\Moises\Downloads\Compressed\sourcemod-1.11.0-git6968-windows\addons\sourcemod\scripting\ÒankrunFixhealth.sp::IsTankRunActive
L 02/04/2026 - 20:56:51: [SM]   [2] Line 36, C:\Users\Moises\Downloads\Compressed\sourcemod-1.11.0-git6968-windows\addons\sourcemod\scripting\ÒankrunFixhealth.sp::Timer_PeriodicCheck
L 02/04/2026 - 20:57:01: [SM] Exception reported: Invalid convar handle 0 (error 4)
L 02/04/2026 - 20:57:01: [SM] Blaming: ÒankrunFixhealth.smx
L 02/04/2026 - 20:57:01: [SM] Call stack trace:
L 02/04/2026 - 20:57:01: [SM]   [0] GetConVarString
L 02/04/2026 - 20:57:01: [SM]   [1] Line 138, C:\Users\Moises\Downloads\Compressed\sourcemod-1.11.0-git6968-windows\addons\sourcemod\scripting\ÒankrunFixhealth.sp::IsTankRunActive
L 02/04/2026 - 20:57:01: [SM]   [2] Line 36, C:\Users\Moises\Downloads\Compressed\sourcemod-1.11.0-git6968-windows\addons\sourcemod\scripting\ÒankrunFixhealth.sp::Timer_PeriodicCheck
L 02/04/2026 - 20:57:11: [SM] Exception reported: Invalid convar handle 0 (error 4)
L 02/04/2026 - 20:57:11: [SM] Blaming: ÒankrunFixhealth.smx
L 02/04/2026 - 20:57:11: [SM] Call stack trace:
L 02/04/2026 - 20:57:11: [SM]   [0] GetConVarString
L 02/04/2026 - 20:57:11: [SM]   [1] Line 138, C:\Users\Moises\Downloads\Compressed\sourcemod-1.11.0-git6968-windows\addons\sourcemod\scripting\ÒankrunFixhealth.sp::IsTankRunActive
L 02/04/2026 - 20:57:11: [SM]   [2] Line 36, C:\Users\Moises\Downloads\Compressed\sourcemod-1.11.0-git6968-windows\addons\sourcemod\scripting\ÒankrunFixhealth.sp::Timer_PeriodicCheck
L 02/04/2026 - 20:57:15: [SM] Exception reported: Invalid convar handle 0 (error 4)
L 02/04/2026 - 20:57:15: [SM] Blaming: ÒankrunFixhealth.smx
L 02/04/2026 - 20:57:15: [SM] Call stack trace:
L 02/04/2026 - 20:57:15: [SM]   [0] GetConVarString
L 02/04/2026 - 20:57:15: [SM]   [1] Line 138, C:\Users\Moises\Downloads\Compressed\sourcemod-1.11.0-git6968-windows\addons\sourcemod\scripting\ÒankrunFixhealth.sp::IsTankRunActive
L 02/04/2026 - 20:57:15: [SM]   [2] Line 79, C:\Users\Moises\Downloads\Compressed\sourcemod-1.11.0-git6968-windows\addons\sourcemod\scripting\ÒankrunFixhealth.sp::Event_PlayerDeath
L 02/04/2026 - 20:57:16: [SM] Exception reported: Invalid convar handle 0 (error 4)
L 02/04/2026 - 20:57:16: [SM] Blaming: ÒankrunFixhealth.smx
L 02/04/2026 - 20:57:16: [SM] Call stack trace:
L 02/04/2026 - 20:57:16: [SM]   [0] GetConVarString
L 02/04/2026 - 20:57:16: [SM]   [1] Line 138, C:\Users\Moises\Downloads\Compressed\sourcemod-1.11.0-git6968-windows\addons\sourcemod\scripting\ÒankrunFixhealth.sp::IsTankRunActive
L 02/04/2026 - 20:57:16: [SM]   [2] Line 91, C:\Users\Moises\Downloads\Compressed\sourcemod-1.11.0-git6968-windows\addons\sourcemod\scripting\ÒankrunFixhealth.sp::Event_MissionLost
L 02/04/2026 - 20:57:17: [SM] Exception reported: Invalid convar handle 0 (error 4)
L 02/04/2026 - 20:57:17: [SM] Blaming: ÒankrunFixhealth.smx
L 02/04/2026 - 20:57:17: [SM] Call stack trace:
L 02/04/2026 - 20:57:17: [SM]   [0] GetConVarString
L 02/04/2026 - 20:57:17: [SM]   [1] Line 138, C:\Users\Moises\Downloads\Compressed\sourcemod-1.11.0-git6968-windows\addons\sourcemod\scripting\ÒankrunFixhealth.sp::IsTankRunActive
L 02/04/2026 - 20:57:17: [SM]   [2] Line 79, C:\Users\Moises\Downloads\Compressed\sourcemod-1.11.0-git6968-windows\addons\sourcemod\scripting\ÒankrunFixhealth.sp::Event_PlayerDeath
L 02/04/2026 - 20:57:21: [SM] Exception reported: Invalid convar handle 0 (error 4)
L 02/04/2026 - 20:57:21: [SM] Blaming: ÒankrunFixhealth.smx
L 02/04/2026 - 20:57:21: [SM] Call stack trace:
L 02/04/2026 - 20:57:21: [SM]   [0] GetConVarString
L 02/04/2026 - 20:57:21: [SM]   [1] Line 138, C:\Users\Moises\Downloads\Compressed\sourcemod-1.11.0-git6968-windows\addons\sourcemod\scripting\ÒankrunFixhealth.sp::IsTankRunActive
L 02/04/2026 - 20:57:21: [SM]   [2] Line 36, C:\Users\Moises\Downloads\Compressed\sourcemod-1.11.0-git6968-windows\addons\sourcemod\scripting\ÒankrunFixhealth.sp::Timer_PeriodicCheck
L 02/04/2026 - 20:57:23: [SM] Exception reported: Entity -1 (8) is invalid
L 02/04/2026 - 20:57:23: [SM] Blaming: l4d2_tank_core.smx
L 02/04/2026 - 20:57:23: [SM] Call stack trace:
L 02/04/2026 - 20:57:23: [SM]   [0] SetEntProp
L 02/04/2026 - 20:57:23: [SM]   [1] Line 250, D:\SteamLibrary\steamapps\common\Left 4 Dead 2\left4dead2\addons\sourcemod\scripting\include\entity_prop_stocks.inc::SetEntityMoveType
L 02/04/2026 - 20:57:23: [SM]   [2] Line 717, D:\SteamLibrary\steamapps\common\Left 4 Dead 2\left4dead2\addons\sourcemod\scripting\l4d2_tank_core.sp::CleanUpTank
L 02/04/2026 - 20:57:23: [SM]   [3] Line 702, D:\SteamLibrary\steamapps\common\Left 4 Dead 2\left4dead2\addons\sourcemod\scripting\l4d2_tank_core.sp::Event_RoundStart
L 02/04/2026 - 20:57:23: [SM] Exception reported: Invalid convar handle 0 (error 4)
L 02/04/2026 - 20:57:23: [SM] Blaming: ÒankrunFixhealth.smx
L 02/04/2026 - 20:57:23: [SM] Call stack trace:
L 02/04/2026 - 20:57:23: [SM]   [0] GetConVarString
L 02/04/2026 - 20:57:23: [SM]   [1] Line 138, C:\Users\Moises\Downloads\Compressed\sourcemod-1.11.0-git6968-windows\addons\sourcemod\scripting\ÒankrunFixhealth.sp::IsTankRunActive
L 02/04/2026 - 20:57:23: [SM]   [2] Line 54, C:\Users\Moises\Downloads\Compressed\sourcemod-1.11.0-git6968-windows\addons\sourcemod\scripting\ÒankrunFixhealth.sp::Event_RoundStart
L 02/04/2026 - 20:57:32: [SM] Exception reported: Invalid convar handle 0 (error 4)
L 02/04/2026 - 20:57:32: [SM] Blaming: ÒankrunFixhealth.smx
L 02/04/2026 - 20:57:32: [SM] Call stack trace:
L 02/04/2026 - 20:57:32: [SM]   [0] GetConVarString
L 02/04/2026 - 20:57:32: [SM]   [1] Line 138, C:\Users\Moises\Downloads\Compressed\sourcemod-1.11.0-git6968-windows\addons\sourcemod\scripting\ÒankrunFixhealth.sp::IsTankRunActive
L 02/04/2026 - 20:57:32: [SM]   [2] Line 36, C:\Users\Moises\Downloads\Compressed\sourcemod-1.11.0-git6968-windows\addons\sourcemod\scripting\ÒankrunFixhealth.sp::Timer_PeriodicCheck
L 02/04/2026 - 20:57:42: [SM] Exception reported: Invalid convar handle 0 (error 4)
L 02/04/2026 - 20:57:42: [SM] Blaming: ÒankrunFixhealth.smx
L 02/04/2026 - 20:57:42: [SM] Call stack trace:
L 02/04/2026 - 20:57:42: [SM]   [0] GetConVarString
L 02/04/2026 - 20:57:42: [SM]   [1] Line 138, C:\Users\Moises\Downloads\Compressed\sourcemod-1.11.0-git6968-windows\addons\sourcemod\scripting\ÒankrunFixhealth.sp::IsTankRunActive
L 02/04/2026 - 20:57:42: [SM]   [2] Line 36, C:\Users\Moises\Downloads\Compressed\sourcemod-1.11.0-git6968-windows\addons\sourcemod\scripting\ÒankrunFixhealth.sp::Timer_PeriodicCheck
L 02/04/2026 - 20:57:52: [SM] Exception reported: Invalid convar handle 0 (error 4)
L 02/04/2026 - 20:57:52: [SM] Blaming: ÒankrunFixhealth.smx
L 02/04/2026 - 20:57:52: [SM] Call stack trace:
L 02/04/2026 - 20:57:52: [SM]   [0] GetConVarString
L 02/04/2026 - 20:57:52: [SM]   [1] Line 138, C:\Users\Moises\Downloads\Compressed\sourcemod-1.11.0-git6968-windows\addons\sourcemod\scripting\ÒankrunFixhealth.sp::IsTankRunActive
L 02/04/2026 - 20:57:52: [SM]   [2] Line 36, C:\Users\Moises\Downloads\Compressed\sourcemod-1.11.0-git6968-windows\addons\sourcemod\scripting\ÒankrunFixhealth.sp::Timer_PeriodicCheck
L 02/04/2026 - 20:58:01: [SM] Exception reported: Invalid convar handle 0 (error 4)
L 02/04/2026 - 20:58:01: [SM] Blaming: ÒankrunFixhealth.smx
L 02/04/2026 - 20:58:01: [SM] Call stack trace:
L 02/04/2026 - 20:58:01: [SM]   [0] GetConVarString
L 02/04/2026 - 20:58:01: [SM]   [1] Line 138, C:\Users\Moises\Downloads\Compressed\sourcemod-1.11.0-git6968-windows\addons\sourcemod\scripting\ÒankrunFixhealth.sp::IsTankRunActive
L 02/04/2026 - 20:58:01: [SM]   [2] Line 79, C:\Users\Moises\Downloads\Compressed\sourcemod-1.11.0-git6968-windows\addons\sourcemod\scripting\ÒankrunFixhealth.sp::Event_PlayerDeath
L 02/04/2026 - 20:58:02: [SM] Exception reported: Invalid convar handle 0 (error 4)
L 02/04/2026 - 20:58:02: [SM] Blaming: ÒankrunFixhealth.smx
L 02/04/2026 - 20:58:02: [SM] Call stack trace:
L 02/04/2026 - 20:58:02: [SM]   [0] GetConVarString
L 02/04/2026 - 20:58:02: [SM]   [1] Line 138, C:\Users\Moises\Downloads\Compressed\sourcemod-1.11.0-git6968-windows\addons\sourcemod\scripting\ÒankrunFixhealth.sp::IsTankRunActive
L 02/04/2026 - 20:58:02: [SM]   [2] Line 36, C:\Users\Moises\Downloads\Compressed\sourcemod-1.11.0-git6968-windows\addons\sourcemod\scripting\ÒankrunFixhealth.sp::Timer_PeriodicCheck
L 02/04/2026 - 20:58:02: [SM] Exception reported: Invalid convar handle 0 (error 4)
L 02/04/2026 - 20:58:02: [SM] Blaming: ÒankrunFixhealth.smx
L 02/04/2026 - 20:58:02: [SM] Call stack trace:
L 02/04/2026 - 20:58:02: [SM]   [0] GetConVarString
L 02/04/2026 - 20:58:02: [SM]   [1] Line 138, C:\Users\Moises\Downloads\Compressed\sourcemod-1.11.0-git6968-windows\addons\sourcemod\scripting\ÒankrunFixhealth.sp::IsTankRunActive
L 02/04/2026 - 20:58:02: [SM]   [2] Line 79, C:\Users\Moises\Downloads\Compressed\sourcemod-1.11.0-git6968-windows\addons\sourcemod\scripting\ÒankrunFixhealth.sp::Event_PlayerDeath
L 02/04/2026 - 20:58:03: [SM] Exception reported: Invalid convar handle 0 (error 4)
L 02/04/2026 - 20:58:03: [SM] Blaming: ÒankrunFixhealth.smx
L 02/04/2026 - 20:58:03: [SM] Call stack trace:
L 02/04/2026 - 20:58:03: [SM]   [0] GetConVarString
L 02/04/2026 - 20:58:03: [SM]   [1] Line 138, C:\Users\Moises\Downloads\Compressed\sourcemod-1.11.0-git6968-windows\addons\sourcemod\scripting\ÒankrunFixhealth.sp::IsTankRunActive
L 02/04/2026 - 20:58:03: [SM]   [2] Line 91, C:\Users\Moises\Downloads\Compressed\sourcemod-1.11.0-git6968-windows\addons\sourcemod\scripting\ÒankrunFixhealth.sp::Event_MissionLost
L 02/04/2026 - 20:58:10: [SM] Exception reported: Entity -1 (7) is invalid
L 02/04/2026 - 20:58:10: [SM] Blaming: l4d2_tank_core.smx
L 02/04/2026 - 20:58:10: [SM] Call stack trace:
L 02/04/2026 - 20:58:10: [SM]   [0] SetEntProp
L 02/04/2026 - 20:58:10: [SM]   [1] Line 250, D:\SteamLibrary\steamapps\common\Left 4 Dead 2\left4dead2\addons\sourcemod\scripting\include\entity_prop_stocks.inc::SetEntityMoveType
L 02/04/2026 - 20:58:10: [SM]   [2] Line 717, D:\SteamLibrary\steamapps\common\Left 4 Dead 2\left4dead2\addons\sourcemod\scripting\l4d2_tank_core.sp::CleanUpTank
L 02/04/2026 - 20:58:10: [SM]   [3] Line 702, D:\SteamLibrary\steamapps\common\Left 4 Dead 2\left4dead2\addons\sourcemod\scripting\l4d2_tank_core.sp::Event_RoundStart
L 02/04/2026 - 20:58:10: [SM] Exception reported: Invalid convar handle 0 (error 4)
L 02/04/2026 - 20:58:10: [SM] Blaming: ÒankrunFixhealth.smx
L 02/04/2026 - 20:58:10: [SM] Call stack trace:
L 02/04/2026 - 20:58:10: [SM]   [0] GetConVarString
L 02/04/2026 - 20:58:10: [SM]   [1] Line 138, C:\Users\Moises\Downloads\Compressed\sourcemod-1.11.0-git6968-windows\addons\sourcemod\scripting\ÒankrunFixhealth.sp::IsTankRunActive
L 02/04/2026 - 20:58:10: [SM]   [2] Line 54, C:\Users\Moises\Downloads\Compressed\sourcemod-1.11.0-git6968-windows\addons\sourcemod\scripting\ÒankrunFixhealth.sp::Event_RoundStart
L 02/04/2026 - 20:58:12: [SM] Exception reported: Invalid convar handle 0 (error 4)
L 02/04/2026 - 20:58:12: [SM] Blaming: ÒankrunFixhealth.smx
L 02/04/2026 - 20:58:12: [SM] Call stack trace:
L 02/04/2026 - 20:58:12: [SM]   [0] GetConVarString
L 02/04/2026 - 20:58:12: [SM]   [1] Line 138, C:\Users\Moises\Downloads\Compressed\sourcemod-1.11.0-git6968-windows\addons\sourcemod\scripting\ÒankrunFixhealth.sp::IsTankRunActive
L 02/04/2026 - 20:58:12: [SM]   [2] Line 36, C:\Users\Moises\Downloads\Compressed\sourcemod-1.11.0-git6968-windows\addons\sourcemod\scripting\ÒankrunFixhealth.sp::Timer_PeriodicCheck
L 02/04/2026 - 20:58:22: [SM] Exception reported: Invalid convar handle 0 (error 4)
L 02/04/2026 - 20:58:22: [SM] Blaming: ÒankrunFixhealth.smx
L 02/04/2026 - 20:58:22: [SM] Call stack trace:
L 02/04/2026 - 20:58:22: [SM]   [0] GetConVarString
L 02/04/2026 - 20:58:22: [SM]   [1] Line 138, C:\Users\Moises\Downloads\Compressed\sourcemod-1.11.0-git6968-windows\addons\sourcemod\scripting\ÒankrunFixhealth.sp::IsTankRunActive
L 02/04/2026 - 20:58:22: [SM]   [2] Line 36, C:\Users\Moises\Downloads\Compressed\sourcemod-1.11.0-git6968-windows\addons\sourcemod\scripting\ÒankrunFixhealth.sp::Timer_PeriodicCheck
L 02/04/2026 - 20:58:32: [SM] Exception reported: Invalid convar handle 0 (error 4)
L 02/04/2026 - 20:58:32: [SM] Blaming: ÒankrunFixhealth.smx
L 02/04/2026 - 20:58:32: [SM] Call stack trace:
L 02/04/2026 - 20:58:32: [SM]   [0] GetConVarString
L 02/04/2026 - 20:58:32: [SM]   [1] Line 138, C:\Users\Moises\Downloads\Compressed\sourcemod-1.11.0-git6968-windows\addons\sourcemod\scripting\ÒankrunFixhealth.sp::IsTankRunActive
L 02/04/2026 - 20:58:32: [SM]   [2] Line 36, C:\Users\Moises\Downloads\Compressed\sourcemod-1.11.0-git6968-windows\addons\sourcemod\scripting\ÒankrunFixhealth.sp::Timer_PeriodicCheck
L 02/04/2026 - 20:58:42: [SM] Exception reported: Invalid convar handle 0 (error 4)
L 02/04/2026 - 20:58:42: [SM] Blaming: ÒankrunFixhealth.smx
L 02/04/2026 - 20:58:42: [SM] Call stack trace:
L 02/04/2026 - 20:58:42: [SM]   [0] GetConVarString
L 02/04/2026 - 20:58:42: [SM]   [1] Line 138, C:\Users\Moises\Downloads\Compressed\sourcemod-1.11.0-git6968-windows\addons\sourcemod\scripting\ÒankrunFixhealth.sp::IsTankRunActive
L 02/04/2026 - 20:58:42: [SM]   [2] Line 36, C:\Users\Moises\Downloads\Compressed\sourcemod-1.11.0-git6968-windows\addons\sourcemod\scripting\ÒankrunFixhealth.sp::Timer_PeriodicCheck
L 02/04/2026 - 20:58:52: [SM] Exception reported: Invalid convar handle 0 (error 4)
L 02/04/2026 - 20:58:52: [SM] Blaming: ÒankrunFixhealth.smx
L 02/04/2026 - 20:58:52: [SM] Call stack trace:
L 02/04/2026 - 20:58:52: [SM]   [0] GetConVarString
L 02/04/2026 - 20:58:52: [SM]   [1] Line 138, C:\Users\Moises\Downloads\Compressed\sourcemod-1.11.0-git6968-windows\addons\sourcemod\scripting\ÒankrunFixhealth.sp::IsTankRunActive
L 02/04/2026 - 20:58:52: [SM]   [2] Line 36, C:\Users\Moises\Downloads\Compressed\sourcemod-1.11.0-git6968-windows\addons\sourcemod\scripting\ÒankrunFixhealth.sp::Timer_PeriodicCheck
L 02/04/2026 - 20:59:02: [SM] Exception reported: Invalid convar handle 0 (error 4)
L 02/04/2026 - 20:59:02: [SM] Blaming: ÒankrunFixhealth.smx
L 02/04/2026 - 20:59:02: [SM] Call stack trace:
L 02/04/2026 - 20:59:02: [SM]   [0] GetConVarString
L 02/04/2026 - 20:59:02: [SM]   [1] Line 138, C:\Users\Moises\Downloads\Compressed\sourcemod-1.11.0-git6968-windows\addons\sourcemod\scripting\ÒankrunFixhealth.sp::IsTankRunActive
L 02/04/2026 - 20:59:02: [SM]   [2] Line 36, C:\Users\Moises\Downloads\Compressed\sourcemod-1.11.0-git6968-windows\addons\sourcemod\scripting\ÒankrunFixhealth.sp::Timer_PeriodicCheck
L 02/04/2026 - 20:59:07: [SM] Exception reported: Invalid convar handle 0 (error 4)
L 02/04/2026 - 20:59:07: [SM] Blaming: ÒankrunFixhealth.smx
L 02/04/2026 - 20:59:07: [SM] Call stack trace:
L 02/04/2026 - 20:59:07: [SM]   [0] GetConVarString
L 02/04/2026 - 20:59:07: [SM]   [1] Line 138, C:\Users\Moises\Downloads\Compressed\sourcemod-1.11.0-git6968-windows\addons\sourcemod\scripting\ÒankrunFixhealth.sp::IsTankRunActive
L 02/04/2026 - 20:59:07: [SM]   [2] Line 79, C:\Users\Moises\Downloads\Compressed\sourcemod-1.11.0-git6968-windows\addons\sourcemod\scripting\ÒankrunFixhealth.sp::Event_PlayerDeath
L 02/04/2026 - 20:59:12: [SM] Exception reported: Invalid convar handle 0 (error 4)
L 02/04/2026 - 20:59:12: [SM] Blaming: ÒankrunFixhealth.smx
L 02/04/2026 - 20:59:12: [SM] Call stack trace:
L 02/04/2026 - 20:59:12: [SM]   [0] GetConVarString
L 02/04/2026 - 20:59:12: [SM]   [1] Line 138, C:\Users\Moises\Downloads\Compressed\sourcemod-1.11.0-git6968-windows\addons\sourcemod\scripting\ÒankrunFixhealth.sp::IsTankRunActive
L 02/04/2026 - 20:59:12: [SM]   [2] Line 36, C:\Users\Moises\Downloads\Compressed\sourcemod-1.11.0-git6968-windows\addons\sourcemod\scripting\ÒankrunFixhealth.sp::Timer_PeriodicCheck
L 02/04/2026 - 20:59:16: [SM] Exception reported: Invalid convar handle 0 (error 4)
L 02/04/2026 - 20:59:16: [SM] Blaming: ÒankrunFixhealth.smx
L 02/04/2026 - 20:59:16: [SM] Call stack trace:
L 02/04/2026 - 20:59:16: [SM]   [0] GetConVarString
L 02/04/2026 - 20:59:16: [SM]   [1] Line 138, C:\Users\Moises\Downloads\Compressed\sourcemod-1.11.0-git6968-windows\addons\sourcemod\scripting\ÒankrunFixhealth.sp::IsTankRunActive
L 02/04/2026 - 20:59:16: [SM]   [2] Line 79, C:\Users\Moises\Downloads\Compressed\sourcemod-1.11.0-git6968-windows\addons\sourcemod\scripting\ÒankrunFixhealth.sp::Event_PlayerDeath
L 02/04/2026 - 20:59:17: [SM] Exception reported: Invalid convar handle 0 (error 4)
L 02/04/2026 - 20:59:17: [SM] Blaming: ÒankrunFixhealth.smx
L 02/04/2026 - 20:59:17: [SM] Call stack trace:
L 02/04/2026 - 20:59:17: [SM]   [0] GetConVarString
L 02/04/2026 - 20:59:17: [SM]   [1] Line 138, C:\Users\Moises\Downloads\Compressed\sourcemod-1.11.0-git6968-windows\addons\sourcemod\scripting\ÒankrunFixhealth.sp::IsTankRunActive
L 02/04/2026 - 20:59:17: [SM]   [2] Line 79, C:\Users\Moises\Downloads\Compressed\sourcemod-1.11.0-git6968-windows\addons\sourcemod\scripting\ÒankrunFixhealth.sp::Event_PlayerDeath
L 02/04/2026 - 20:59:19: [SM] Exception reported: Invalid convar handle 0 (error 4)
L 02/04/2026 - 20:59:19: [SM] Blaming: ÒankrunFixhealth.smx
L 02/04/2026 - 20:59:19: [SM] Call stack trace:
L 02/04/2026 - 20:59:19: [SM]   [0] GetConVarString
L 02/04/2026 - 20:59:19: [SM]   [1] Line 138, C:\Users\Moises\Downloads\Compressed\sourcemod-1.11.0-git6968-windows\addons\sourcemod\scripting\ÒankrunFixhealth.sp::IsTankRunActive
L 02/04/2026 - 20:59:19: [SM]   [2] Line 79, C:\Users\Moises\Downloads\Compressed\sourcemod-1.11.0-git6968-windows\addons\sourcemod\scripting\ÒankrunFixhealth.sp::Event_PlayerDeath
L 02/04/2026 - 20:59:22: [SM] Exception reported: Invalid convar handle 0 (error 4)
L 02/04/2026 - 20:59:22: [SM] Blaming: ÒankrunFixhealth.smx
L 02/04/2026 - 20:59:22: [SM] Call stack trace:
L 02/04/2026 - 20:59:22: [SM]   [0] GetConVarString
L 02/04/2026 - 20:59:22: [SM]   [1] Line 138, C:\Users\Moises\Downloads\Compressed\sourcemod-1.11.0-git6968-windows\addons\sourcemod\scripting\ÒankrunFixhealth.sp::IsTankRunActive
L 02/04/2026 - 20:59:22: [SM]   [2] Line 36, C:\Users\Moises\Downloads\Compressed\sourcemod-1.11.0-git6968-windows\addons\sourcemod\scripting\ÒankrunFixhealth.sp::Timer_PeriodicCheck
L 02/04/2026 - 20:59:32: [SM] Exception reported: Invalid convar handle 0 (error 4)
L 02/04/2026 - 20:59:32: [SM] Blaming: ÒankrunFixhealth.smx
L 02/04/2026 - 20:59:32: [SM] Call stack trace:
L 02/04/2026 - 20:59:32: [SM]   [0] GetConVarString
L 02/04/2026 - 20:59:32: [SM]   [1] Line 138, C:\Users\Moises\Downloads\Compressed\sourcemod-1.11.0-git6968-windows\addons\sourcemod\scripting\ÒankrunFixhealth.sp::IsTankRunActive
L 02/04/2026 - 20:59:32: [SM]   [2] Line 79, C:\Users\Moises\Downloads\Compressed\sourcemod-1.11.0-git6968-windows\addons\sourcemod\scripting\ÒankrunFixhealth.sp::Event_PlayerDeath
L 02/04/2026 - 20:59:32: [SM] Exception reported: Invalid convar handle 0 (error 4)
L 02/04/2026 - 20:59:32: [SM] Blaming: ÒankrunFixhealth.smx
L 02/04/2026 - 20:59:32: [SM] Call stack trace:
L 02/04/2026 - 20:59:32: [SM]   [0] GetConVarString
L 02/04/2026 - 20:59:32: [SM]   [1] Line 138, C:\Users\Moises\Downloads\Compressed\sourcemod-1.11.0-git6968-windows\addons\sourcemod\scripting\ÒankrunFixhealth.sp::IsTankRunActive
L 02/04/2026 - 20:59:32: [SM]   [2] Line 36, C:\Users\Moises\Downloads\Compressed\sourcemod-1.11.0-git6968-windows\addons\sourcemod\scripting\ÒankrunFixhealth.sp::Timer_PeriodicCheck
L 02/04/2026 - 20:59:42: [SM] Exception reported: Invalid convar handle 0 (error 4)
L 02/04/2026 - 20:59:42: [SM] Blaming: ÒankrunFixhealth.smx
L 02/04/2026 - 20:59:42: [SM] Call stack trace:
L 02/04/2026 - 20:59:42: [SM]   [0] GetConVarString
L 02/04/2026 - 20:59:42: [SM]   [1] Line 138, C:\Users\Moises\Downloads\Compressed\sourcemod-1.11.0-git6968-windows\addons\sourcemod\scripting\ÒankrunFixhealth.sp::IsTankRunActive
L 02/04/2026 - 20:59:42: [SM]   [2] Line 36, C:\Users\Moises\Downloads\Compressed\sourcemod-1.11.0-git6968-windows\addons\sourcemod\scripting\ÒankrunFixhealth.sp::Timer_PeriodicCheck
L 02/04/2026 - 20:59:43: [SM] Exception reported: Invalid convar handle 0 (error 4)
L 02/04/2026 - 20:59:43: [SM] Blaming: ÒankrunFixhealth.smx
L 02/04/2026 - 20:59:43: [SM] Call stack trace:
L 02/04/2026 - 20:59:43: [SM]   [0] GetConVarString
L 02/04/2026 - 20:59:43: [SM]   [1] Line 138, C:\Users\Moises\Downloads\Compressed\sourcemod-1.11.0-git6968-windows\addons\sourcemod\scripting\ÒankrunFixhealth.sp::IsTankRunActive
L 02/04/2026 - 20:59:43: [SM]   [2] Line 79, C:\Users\Moises\Downloads\Compressed\sourcemod-1.11.0-git6968-windows\addons\sourcemod\scripting\ÒankrunFixhealth.sp::Event_PlayerDeath
L 02/04/2026 - 20:59:44: [SM] Exception reported: Invalid convar handle 0 (error 4)
L 02/04/2026 - 20:59:44: [SM] Blaming: ÒankrunFixhealth.smx
L 02/04/2026 - 20:59:44: [SM] Call stack trace:
L 02/04/2026 - 20:59:44: [SM]   [0] GetConVarString
L 02/04/2026 - 20:59:44: [SM]   [1] Line 138, C:\Users\Moises\Downloads\Compressed\sourcemod-1.11.0-git6968-windows\addons\sourcemod\scripting\ÒankrunFixhealth.sp::IsTankRunActive
L 02/04/2026 - 20:59:44: [SM]   [2] Line 91, C:\Users\Moises\Downloads\Compressed\sourcemod-1.11.0-git6968-windows\addons\sourcemod\scripting\ÒankrunFixhealth.sp::Event_MissionLost
L 02/04/2026 - 20:59:51: [SM] Exception reported: Entity -1 (5) is invalid
L 02/04/2026 - 20:59:51: [SM] Blaming: l4d2_tank_core.smx
L 02/04/2026 - 20:59:51: [SM] Call stack trace:
L 02/04/2026 - 20:59:51: [SM]   [0] SetEntProp
L 02/04/2026 - 20:59:51: [SM]   [1] Line 250, D:\SteamLibrary\steamapps\common\Left 4 Dead 2\left4dead2\addons\sourcemod\scripting\include\entity_prop_stocks.inc::SetEntityMoveType
L 02/04/2026 - 20:59:51: [SM]   [2] Line 717, D:\SteamLibrary\steamapps\common\Left 4 Dead 2\left4dead2\addons\sourcemod\scripting\l4d2_tank_core.sp::CleanUpTank
L 02/04/2026 - 20:59:51: [SM]   [3] Line 702, D:\SteamLibrary\steamapps\common\Left 4 Dead 2\left4dead2\addons\sourcemod\scripting\l4d2_tank_core.sp::Event_RoundStart
L 02/04/2026 - 20:59:51: [SM] Exception reported: Invalid convar handle 0 (error 4)
L 02/04/2026 - 20:59:51: [SM] Blaming: ÒankrunFixhealth.smx
L 02/04/2026 - 20:59:51: [SM] Call stack trace:
L 02/04/2026 - 20:59:51: [SM]   [0] GetConVarString
L 02/04/2026 - 20:59:51: [SM]   [1] Line 138, C:\Users\Moises\Downloads\Compressed\sourcemod-1.11.0-git6968-windows\addons\sourcemod\scripting\ÒankrunFixhealth.sp::IsTankRunActive
L 02/04/2026 - 20:59:51: [SM]   [2] Line 54, C:\Users\Moises\Downloads\Compressed\sourcemod-1.11.0-git6968-windows\addons\sourcemod\scripting\ÒankrunFixhealth.sp::Event_RoundStart
L 02/04/2026 - 20:59:52: [SM] Exception reported: Invalid convar handle 0 (error 4)
L 02/04/2026 - 20:59:52: [SM] Blaming: ÒankrunFixhealth.smx
L 02/04/2026 - 20:59:52: [SM] Call stack trace:
L 02/04/2026 - 20:59:52: [SM]   [0] GetConVarString
L 02/04/2026 - 20:59:52: [SM]   [1] Line 138, C:\Users\Moises\Downloads\Compressed\sourcemod-1.11.0-git6968-windows\addons\sourcemod\scripting\ÒankrunFixhealth.sp::IsTankRunActive
L 02/04/2026 - 20:59:52: [SM]   [2] Line 36, C:\Users\Moises\Downloads\Compressed\sourcemod-1.11.0-git6968-windows\addons\sourcemod\scripting\ÒankrunFixhealth.sp::Timer_PeriodicCheck
L 02/04/2026 - 21:00:02: [SM] Exception reported: Invalid convar handle 0 (error 4)
L 02/04/2026 - 21:00:02: [SM] Blaming: ÒankrunFixhealth.smx
L 02/04/2026 - 21:00:02: [SM] Call stack trace:
L 02/04/2026 - 21:00:02: [SM]   [0] GetConVarString
L 02/04/2026 - 21:00:02: [SM]   [1] Line 138, C:\Users\Moises\Downloads\Compressed\sourcemod-1.11.0-git6968-windows\addons\sourcemod\scripting\ÒankrunFixhealth.sp::IsTankRunActive
L 02/04/2026 - 21:00:02: [SM]   [2] Line 36, C:\Users\Moises\Downloads\Compressed\sourcemod-1.11.0-git6968-windows\addons\sourcemod\scripting\ÒankrunFixhealth.sp::Timer_PeriodicCheck
L 02/04/2026 - 21:00:12: [SM] Exception reported: Invalid convar handle 0 (error 4)
L 02/04/2026 - 21:00:12: [SM] Blaming: ÒankrunFixhealth.smx
L 02/04/2026 - 21:00:12: [SM] Call stack trace:
L 02/04/2026 - 21:00:12: [SM]   [0] GetConVarString
L 02/04/2026 - 21:00:12: [SM]   [1] Line 138, C:\Users\Moises\Downloads\Compressed\sourcemod-1.11.0-git6968-windows\addons\sourcemod\scripting\ÒankrunFixhealth.sp::IsTankRunActive
L 02/04/2026 - 21:00:12: [SM]   [2] Line 36, C:\Users\Moises\Downloads\Compressed\sourcemod-1.11.0-git6968-windows\addons\sourcemod\scripting\ÒankrunFixhealth.sp::Timer_PeriodicCheck
L 02/04/2026 - 21:00:22: [SM] Exception reported: Invalid convar handle 0 (error 4)
L 02/04/2026 - 21:00:22: [SM] Blaming: ÒankrunFixhealth.smx
L 02/04/2026 - 21:00:22: [SM] Call stack trace:
L 02/04/2026 - 21:00:22: [SM]   [0] GetConVarString
L 02/04/2026 - 21:00:22: [SM]   [1] Line 138, C:\Users\Moises\Downloads\Compressed\sourcemod-1.11.0-git6968-windows\addons\sourcemod\scripting\ÒankrunFixhealth.sp::IsTankRunActive
L 02/04/2026 - 21:00:22: [SM]   [2] Line 36, C:\Users\Moises\Downloads\Compressed\sourcemod-1.11.0-git6968-windows\addons\sourcemod\scripting\ÒankrunFixhealth.sp::Timer_PeriodicCheck
L 02/04/2026 - 21:00:32: [SM] Exception reported: Invalid convar handle 0 (error 4)
L 02/04/2026 - 21:00:32: [SM] Blaming: ÒankrunFixhealth.smx
L 02/04/2026 - 21:00:32: [SM] Call stack trace:
L 02/04/2026 - 21:00:32: [SM]   [0] GetConVarString
L 02/04/2026 - 21:00:32: [SM]   [1] Line 138, C:\Users\Moises\Downloads\Compressed\sourcemod-1.11.0-git6968-windows\addons\sourcemod\scripting\ÒankrunFixhealth.sp::IsTankRunActive
L 02/04/2026 - 21:00:32: [SM]   [2] Line 36, C:\Users\Moises\Downloads\Compressed\sourcemod-1.11.0-git6968-windows\addons\sourcemod\scripting\ÒankrunFixhealth.sp::Timer_PeriodicCheck
L 02/04/2026 - 21:00:33: [SM] Exception reported: Invalid convar handle 0 (error 4)
L 02/04/2026 - 21:00:33: [SM] Blaming: ÒankrunFixhealth.smx
L 02/04/2026 - 21:00:33: [SM] Call stack trace:
L 02/04/2026 - 21:00:33: [SM]   [0] GetConVarString
L 02/04/2026 - 21:00:33: [SM]   [1] Line 138, C:\Users\Moises\Downloads\Compressed\sourcemod-1.11.0-git6968-windows\addons\sourcemod\scripting\ÒankrunFixhealth.sp::IsTankRunActive
L 02/04/2026 - 21:00:33: [SM]   [2] Line 79, C:\Users\Moises\Downloads\Compressed\sourcemod-1.11.0-git6968-windows\addons\sourcemod\scripting\ÒankrunFixhealth.sp::Event_PlayerDeath
L 02/04/2026 - 21:00:33: [SM] Exception reported: Invalid convar handle 0 (error 4)
L 02/04/2026 - 21:00:33: [SM] Blaming: ÒankrunFixhealth.smx
L 02/04/2026 - 21:00:33: [SM] Call stack trace:
L 02/04/2026 - 21:00:33: [SM]   [0] GetConVarString
L 02/04/2026 - 21:00:33: [SM]   [1] Line 138, C:\Users\Moises\Downloads\Compressed\sourcemod-1.11.0-git6968-windows\addons\sourcemod\scripting\ÒankrunFixhealth.sp::IsTankRunActive
L 02/04/2026 - 21:00:33: [SM]   [2] Line 79, C:\Users\Moises\Downloads\Compressed\sourcemod-1.11.0-git6968-windows\addons\sourcemod\scripting\ÒankrunFixhealth.sp::Event_PlayerDeath
L 02/04/2026 - 21:00:36: [SM] Exception reported: Invalid convar handle 0 (error 4)
L 02/04/2026 - 21:00:36: [SM] Blaming: ÒankrunFixhealth.smx
L 02/04/2026 - 21:00:36: [SM] Call stack trace:
L 02/04/2026 - 21:00:36: [SM]   [0] GetConVarString
L 02/04/2026 - 21:00:36: [SM]   [1] Line 138, C:\Users\Moises\Downloads\Compressed\sourcemod-1.11.0-git6968-windows\addons\sourcemod\scripting\ÒankrunFixhealth.sp::IsTankRunActive
L 02/04/2026 - 21:00:36: [SM]   [2] Line 79, C:\Users\Moises\Downloads\Compressed\sourcemod-1.11.0-git6968-windows\addons\sourcemod\scripting\ÒankrunFixhealth.sp::Event_PlayerDeath
L 02/04/2026 - 21:00:42: [SM] Exception reported: Invalid convar handle 0 (error 4)
L 02/04/2026 - 21:00:42: [SM] Blaming: ÒankrunFixhealth.smx
L 02/04/2026 - 21:00:42: [SM] Call stack trace:
L 02/04/2026 - 21:00:42: [SM]   [0] GetConVarString
L 02/04/2026 - 21:00:42: [SM]   [1] Line 138, C:\Users\Moises\Downloads\Compressed\sourcemod-1.11.0-git6968-windows\addons\sourcemod\scripting\ÒankrunFixhealth.sp::IsTankRunActive
L 02/04/2026 - 21:00:42: [SM]   [2] Line 36, C:\Users\Moises\Downloads\Compressed\sourcemod-1.11.0-git6968-windows\addons\sourcemod\scripting\ÒankrunFixhealth.sp::Timer_PeriodicCheck
L 02/04/2026 - 21:00:52: [SM] Exception reported: Invalid convar handle 0 (error 4)
L 02/04/2026 - 21:00:52: [SM] Blaming: ÒankrunFixhealth.smx
L 02/04/2026 - 21:00:52: [SM] Call stack trace:
L 02/04/2026 - 21:00:52: [SM]   [0] GetConVarString
L 02/04/2026 - 21:00:52: [SM]   [1] Line 138, C:\Users\Moises\Downloads\Compressed\sourcemod-1.11.0-git6968-windows\addons\sourcemod\scripting\ÒankrunFixhealth.sp::IsTankRunActive
L 02/04/2026 - 21:00:52: [SM]   [2] Line 36, C:\Users\Moises\Downloads\Compressed\sourcemod-1.11.0-git6968-windows\addons\sourcemod\scripting\ÒankrunFixhealth.sp::Timer_PeriodicCheck
L 02/04/2026 - 21:01:02: [SM] Exception reported: Invalid convar handle 0 (error 4)
L 02/04/2026 - 21:01:02: [SM] Blaming: ÒankrunFixhealth.smx
L 02/04/2026 - 21:01:02: [SM] Call stack trace:
L 02/04/2026 - 21:01:02: [SM]   [0] GetConVarString
L 02/04/2026 - 21:01:02: [SM]   [1] Line 138, C:\Users\Moises\Downloads\Compressed\sourcemod-1.11.0-git6968-windows\addons\sourcemod\scripting\ÒankrunFixhealth.sp::IsTankRunActive
L 02/04/2026 - 21:01:02: [SM]   [2] Line 36, C:\Users\Moises\Downloads\Compressed\sourcemod-1.11.0-git6968-windows\addons\sourcemod\scripting\ÒankrunFixhealth.sp::Timer_PeriodicCheck
L 02/04/2026 - 21:01:12: [SM] Exception reported: Invalid convar handle 0 (error 4)
L 02/04/2026 - 21:01:12: [SM] Blaming: ÒankrunFixhealth.smx
L 02/04/2026 - 21:01:12: [SM] Call stack trace:
L 02/04/2026 - 21:01:12: [SM]   [0] GetConVarString
L 02/04/2026 - 21:01:12: [SM]   [1] Line 138, C:\Users\Moises\Downloads\Compressed\sourcemod-1.11.0-git6968-windows\addons\sourcemod\scripting\ÒankrunFixhealth.sp::IsTankRunActive
L 02/04/2026 - 21:01:12: [SM]   [2] Line 36, C:\Users\Moises\Downloads\Compressed\sourcemod-1.11.0-git6968-windows\addons\sourcemod\scripting\ÒankrunFixhealth.sp::Timer_PeriodicCheck
L 02/04/2026 - 21:01:22: [SM] Exception reported: Invalid convar handle 0 (error 4)
L 02/04/2026 - 21:01:22: [SM] Blaming: ÒankrunFixhealth.smx
L 02/04/2026 - 21:01:22: [SM] Call stack trace:
L 02/04/2026 - 21:01:22: [SM]   [0] GetConVarString
L 02/04/2026 - 21:01:22: [SM]   [1] Line 138, C:\Users\Moises\Downloads\Compressed\sourcemod-1.11.0-git6968-windows\addons\sourcemod\scripting\ÒankrunFixhealth.sp::IsTankRunActive
L 02/04/2026 - 21:01:22: [SM]   [2] Line 36, C:\Users\Moises\Downloads\Compressed\sourcemod-1.11.0-git6968-windows\addons\sourcemod\scripting\ÒankrunFixhealth.sp::Timer_PeriodicCheck
L 02/04/2026 - 21:01:32: [SM] Exception reported: Invalid convar handle 0 (error 4)
L 02/04/2026 - 21:01:32: [SM] Blaming: ÒankrunFixhealth.smx
L 02/04/2026 - 21:01:32: [SM] Call stack trace:
L 02/04/2026 - 21:01:32: [SM]   [0] GetConVarString
L 02/04/2026 - 21:01:32: [SM]   [1] Line 138, C:\Users\Moises\Downloads\Compressed\sourcemod-1.11.0-git6968-windows\addons\sourcemod\scripting\ÒankrunFixhealth.sp::IsTankRunActive
L 02/04/2026 - 21:01:32: [SM]   [2] Line 36, C:\Users\Moises\Downloads\Compressed\sourcemod-1.11.0-git6968-windows\addons\sourcemod\scripting\ÒankrunFixhealth.sp::Timer_PeriodicCheck
L 02/04/2026 - 21:01:42: [SM] Exception reported: Invalid convar handle 0 (error 4)
L 02/04/2026 - 21:01:42: [SM] Blaming: ÒankrunFixhealth.smx
L 02/04/2026 - 21:01:42: [SM] Call stack trace:
L 02/04/2026 - 21:01:42: [SM]   [0] GetConVarString
L 02/04/2026 - 21:01:42: [SM]   [1] Line 138, C:\Users\Moises\Downloads\Compressed\sourcemod-1.11.0-git6968-windows\addons\sourcemod\scripting\ÒankrunFixhealth.sp::IsTankRunActive
L 02/04/2026 - 21:01:42: [SM]   [2] Line 36, C:\Users\Moises\Downloads\Compressed\sourcemod-1.11.0-git6968-windows\addons\sourcemod\scripting\ÒankrunFixhealth.sp::Timer_PeriodicCheck
L 02/04/2026 - 21:01:44: [SM] Exception reported: Invalid convar handle 0 (error 4)
L 02/04/2026 - 21:01:44: [SM] Blaming: ÒankrunFixhealth.smx
L 02/04/2026 - 21:01:44: [SM] Call stack trace:
L 02/04/2026 - 21:01:44: [SM]   [0] GetConVarString
L 02/04/2026 - 21:01:44: [SM]   [1] Line 138, C:\Users\Moises\Downloads\Compressed\sourcemod-1.11.0-git6968-windows\addons\sourcemod\scripting\ÒankrunFixhealth.sp::IsTankRunActive
L 02/04/2026 - 21:01:44: [SM]   [2] Line 79, C:\Users\Moises\Downloads\Compressed\sourcemod-1.11.0-git6968-windows\addons\sourcemod\scripting\ÒankrunFixhealth.sp::Event_PlayerDeath
L 02/04/2026 - 21:01:45: [SM] Exception reported: Invalid convar handle 0 (error 4)
L 02/04/2026 - 21:01:45: [SM] Blaming: ÒankrunFixhealth.smx
L 02/04/2026 - 21:01:45: [SM] Call stack trace:
L 02/04/2026 - 21:01:45: [SM]   [0] GetConVarString
L 02/04/2026 - 21:01:45: [SM]   [1] Line 138, C:\Users\Moises\Downloads\Compressed\sourcemod-1.11.0-git6968-windows\addons\sourcemod\scripting\ÒankrunFixhealth.sp::IsTankRunActive
L 02/04/2026 - 21:01:45: [SM]   [2] Line 91, C:\Users\Moises\Downloads\Compressed\sourcemod-1.11.0-git6968-windows\addons\sourcemod\scripting\ÒankrunFixhealth.sp::Event_MissionLost
L 02/04/2026 - 21:01:47: [SM] Exception reported: Invalid convar handle 0 (error 4)
L 02/04/2026 - 21:01:47: [SM] Blaming: ÒankrunFixhealth.smx
L 02/04/2026 - 21:01:47: [SM] Call stack trace:
L 02/04/2026 - 21:01:47: [SM]   [0] GetConVarString
L 02/04/2026 - 21:01:47: [SM]   [1] Line 138, C:\Users\Moises\Downloads\Compressed\sourcemod-1.11.0-git6968-windows\addons\sourcemod\scripting\ÒankrunFixhealth.sp::IsTankRunActive
L 02/04/2026 - 21:01:47: [SM]   [2] Line 79, C:\Users\Moises\Downloads\Compressed\sourcemod-1.11.0-git6968-windows\addons\sourcemod\scripting\ÒankrunFixhealth.sp::Event_PlayerDeath
L 02/04/2026 - 21:01:51: [SM] Exception reported: Invalid convar handle 0 (error 4)
L 02/04/2026 - 21:01:51: [SM] Blaming: ÒankrunFixhealth.smx
L 02/04/2026 - 21:01:51: [SM] Call stack trace:
L 02/04/2026 - 21:01:51: [SM]   [0] GetConVarString
L 02/04/2026 - 21:01:51: [SM]   [1] Line 138, C:\Users\Moises\Downloads\Compressed\sourcemod-1.11.0-git6968-windows\addons\sourcemod\scripting\ÒankrunFixhealth.sp::IsTankRunActive
L 02/04/2026 - 21:01:51: [SM]   [2] Line 79, C:\Users\Moises\Downloads\Compressed\sourcemod-1.11.0-git6968-windows\addons\sourcemod\scripting\ÒankrunFixhealth.sp::Event_PlayerDeath
L 02/04/2026 - 21:01:52: [SM] Exception reported: Invalid convar handle 0 (error 4)
L 02/04/2026 - 21:01:52: [SM] Blaming: ÒankrunFixhealth.smx
L 02/04/2026 - 21:01:52: [SM] Call stack trace:
L 02/04/2026 - 21:01:52: [SM]   [0] GetConVarString
L 02/04/2026 - 21:01:52: [SM]   [1] Line 138, C:\Users\Moises\Downloads\Compressed\sourcemod-1.11.0-git6968-windows\addons\sourcemod\scripting\ÒankrunFixhealth.sp::IsTankRunActive
L 02/04/2026 - 21:01:52: [SM]   [2] Line 36, C:\Users\Moises\Downloads\Compressed\sourcemod-1.11.0-git6968-windows\addons\sourcemod\scripting\ÒankrunFixhealth.sp::Timer_PeriodicCheck
L 02/04/2026 - 21:01:52: [SM] Exception reported: Entity -1 (10) is invalid
L 02/04/2026 - 21:01:52: [SM] Blaming: l4d2_tank_core.smx
L 02/04/2026 - 21:01:52: [SM] Call stack trace:
L 02/04/2026 - 21:01:52: [SM]   [0] SetEntProp
L 02/04/2026 - 21:01:52: [SM]   [1] Line 250, D:\SteamLibrary\steamapps\common\Left 4 Dead 2\left4dead2\addons\sourcemod\scripting\include\entity_prop_stocks.inc::SetEntityMoveType
L 02/04/2026 - 21:01:52: [SM]   [2] Line 717, D:\SteamLibrary\steamapps\common\Left 4 Dead 2\left4dead2\addons\sourcemod\scripting\l4d2_tank_core.sp::CleanUpTank
L 02/04/2026 - 21:01:52: [SM]   [3] Line 702, D:\SteamLibrary\steamapps\common\Left 4 Dead 2\left4dead2\addons\sourcemod\scripting\l4d2_tank_core.sp::Event_RoundStart
L 02/04/2026 - 21:01:52: [SM] Exception reported: Invalid convar handle 0 (error 4)
L 02/04/2026 - 21:01:52: [SM] Blaming: ÒankrunFixhealth.smx
L 02/04/2026 - 21:01:52: [SM] Call stack trace:
L 02/04/2026 - 21:01:52: [SM]   [0] GetConVarString
L 02/04/2026 - 21:01:52: [SM]   [1] Line 138, C:\Users\Moises\Downloads\Compressed\sourcemod-1.11.0-git6968-windows\addons\sourcemod\scripting\ÒankrunFixhealth.sp::IsTankRunActive
L 02/04/2026 - 21:01:52: [SM]   [2] Line 54, C:\Users\Moises\Downloads\Compressed\sourcemod-1.11.0-git6968-windows\addons\sourcemod\scripting\ÒankrunFixhealth.sp::Event_RoundStart
L 02/04/2026 - 21:02:02: [SM] Exception reported: Invalid convar handle 0 (error 4)
L 02/04/2026 - 21:02:02: [SM] Blaming: ÒankrunFixhealth.smx
L 02/04/2026 - 21:02:02: [SM] Call stack trace:
L 02/04/2026 - 21:02:02: [SM]   [0] GetConVarString
L 02/04/2026 - 21:02:02: [SM]   [1] Line 138, C:\Users\Moises\Downloads\Compressed\sourcemod-1.11.0-git6968-windows\addons\sourcemod\scripting\ÒankrunFixhealth.sp::IsTankRunActive
L 02/04/2026 - 21:02:02: [SM]   [2] Line 36, C:\Users\Moises\Downloads\Compressed\sourcemod-1.11.0-git6968-windows\addons\sourcemod\scripting\ÒankrunFixhealth.sp::Timer_PeriodicCheck
L 02/04/2026 - 21:02:12: [SM] Exception reported: Invalid convar handle 0 (error 4)
L 02/04/2026 - 21:02:12: [SM] Blaming: ÒankrunFixhealth.smx
L 02/04/2026 - 21:02:12: [SM] Call stack trace:
L 02/04/2026 - 21:02:12: [SM]   [0] GetConVarString
L 02/04/2026 - 21:02:12: [SM]   [1] Line 138, C:\Users\Moises\Downloads\Compressed\sourcemod-1.11.0-git6968-windows\addons\sourcemod\scripting\ÒankrunFixhealth.sp::IsTankRunActive
L 02/04/2026 - 21:02:12: [SM]   [2] Line 36, C:\Users\Moises\Downloads\Compressed\sourcemod-1.11.0-git6968-windows\addons\sourcemod\scripting\ÒankrunFixhealth.sp::Timer_PeriodicCheck
L 02/04/2026 - 21:02:22: [SM] Exception reported: Invalid convar handle 0 (error 4)
L 02/04/2026 - 21:02:22: [SM] Blaming: ÒankrunFixhealth.smx
L 02/04/2026 - 21:02:22: [SM] Call stack trace:
L 02/04/2026 - 21:02:22: [SM]   [0] GetConVarString
L 02/04/2026 - 21:02:22: [SM]   [1] Line 138, C:\Users\Moises\Downloads\Compressed\sourcemod-1.11.0-git6968-windows\addons\sourcemod\scripting\ÒankrunFixhealth.sp::IsTankRunActive
L 02/04/2026 - 21:02:22: [SM]   [2] Line 36, C:\Users\Moises\Downloads\Compressed\sourcemod-1.11.0-git6968-windows\addons\sourcemod\scripting\ÒankrunFixhealth.sp::Timer_PeriodicCheck
L 02/04/2026 - 21:02:32: [SM] Exception reported: Invalid convar handle 0 (error 4)
L 02/04/2026 - 21:02:32: [SM] Blaming: ÒankrunFixhealth.smx
L 02/04/2026 - 21:02:32: [SM] Call stack trace:
L 02/04/2026 - 21:02:32: [SM]   [0] GetConVarString
L 02/04/2026 - 21:02:32: [SM]   [1] Line 138, C:\Users\Moises\Downloads\Compressed\sourcemod-1.11.0-git6968-windows\addons\sourcemod\scripting\ÒankrunFixhealth.sp::IsTankRunActive
L 02/04/2026 - 21:02:32: [SM]   [2] Line 36, C:\Users\Moises\Downloads\Compressed\sourcemod-1.11.0-git6968-windows\addons\sourcemod\scripting\ÒankrunFixhealth.sp::Timer_PeriodicCheck
L 02/04/2026 - 21:02:42: [SM] Exception reported: Invalid convar handle 0 (error 4)
L 02/04/2026 - 21:02:42: [SM] Blaming: ÒankrunFixhealth.smx
L 02/04/2026 - 21:02:42: [SM] Call stack trace:
L 02/04/2026 - 21:02:42: [SM]   [0] GetConVarString
L 02/04/2026 - 21:02:42: [SM]   [1] Line 138, C:\Users\Moises\Downloads\Compressed\sourcemod-1.11.0-git6968-windows\addons\sourcemod\scripting\ÒankrunFixhealth.sp::IsTankRunActive
L 02/04/2026 - 21:02:42: [SM]   [2] Line 36, C:\Users\Moises\Downloads\Compressed\sourcemod-1.11.0-git6968-windows\addons\sourcemod\scripting\ÒankrunFixhealth.sp::Timer_PeriodicCheck
L 02/04/2026 - 21:02:52: [SM] Exception reported: Invalid convar handle 0 (error 4)
L 02/04/2026 - 21:02:52: [SM] Blaming: ÒankrunFixhealth.smx
L 02/04/2026 - 21:02:52: [SM] Call stack trace:
L 02/04/2026 - 21:02:52: [SM]   [0] GetConVarString
L 02/04/2026 - 21:02:52: [SM]   [1] Line 138, C:\Users\Moises\Downloads\Compressed\sourcemod-1.11.0-git6968-windows\addons\sourcemod\scripting\ÒankrunFixhealth.sp::IsTankRunActive
L 02/04/2026 - 21:02:52: [SM]   [2] Line 36, C:\Users\Moises\Downloads\Compressed\sourcemod-1.11.0-git6968-windows\addons\sourcemod\scripting\ÒankrunFixhealth.sp::Timer_PeriodicCheck
L 02/04/2026 - 21:03:02: [SM] Exception reported: Invalid convar handle 0 (error 4)
L 02/04/2026 - 21:03:02: [SM] Blaming: ÒankrunFixhealth.smx
L 02/04/2026 - 21:03:02: [SM] Call stack trace:
L 02/04/2026 - 21:03:02: [SM]   [0] GetConVarString
L 02/04/2026 - 21:03:02: [SM]   [1] Line 138, C:\Users\Moises\Downloads\Compressed\sourcemod-1.11.0-git6968-windows\addons\sourcemod\scripting\ÒankrunFixhealth.sp::IsTankRunActive
L 02/04/2026 - 21:03:02: [SM]   [2] Line 36, C:\Users\Moises\Downloads\Compressed\sourcemod-1.11.0-git6968-windows\addons\sourcemod\scripting\ÒankrunFixhealth.sp::Timer_PeriodicCheck
L 02/04/2026 - 21:03:04: [SM] Exception reported: Invalid convar handle 0 (error 4)
L 02/04/2026 - 21:03:04: [SM] Blaming: ÒankrunFixhealth.smx
L 02/04/2026 - 21:03:04: [SM] Call stack trace:
L 02/04/2026 - 21:03:04: [SM]   [0] GetConVarString
L 02/04/2026 - 21:03:04: [SM]   [1] Line 138, C:\Users\Moises\Downloads\Compressed\sourcemod-1.11.0-git6968-windows\addons\sourcemod\scripting\ÒankrunFixhealth.sp::IsTankRunActive
L 02/04/2026 - 21:03:04: [SM]   [2] Line 79, C:\Users\Moises\Downloads\Compressed\sourcemod-1.11.0-git6968-windows\addons\sourcemod\scripting\ÒankrunFixhealth.sp::Event_PlayerDeath
L 02/04/2026 - 21:03:10: [SM] Exception reported: Invalid convar handle 0 (error 4)
L 02/04/2026 - 21:03:10: [SM] Blaming: ÒankrunFixhealth.smx
L 02/04/2026 - 21:03:10: [SM] Call stack trace:
L 02/04/2026 - 21:03:10: [SM]   [0] GetConVarString
L 02/04/2026 - 21:03:10: [SM]   [1] Line 138, C:\Users\Moises\Downloads\Compressed\sourcemod-1.11.0-git6968-windows\addons\sourcemod\scripting\ÒankrunFixhealth.sp::IsTankRunActive
L 02/04/2026 - 21:03:10: [SM]   [2] Line 79, C:\Users\Moises\Downloads\Compressed\sourcemod-1.11.0-git6968-windows\addons\sourcemod\scripting\ÒankrunFixhealth.sp::Event_PlayerDeath
L 02/04/2026 - 21:03:12: [SM] Exception reported: Invalid convar handle 0 (error 4)
L 02/04/2026 - 21:03:12: [SM] Blaming: ÒankrunFixhealth.smx
L 02/04/2026 - 21:03:12: [SM] Call stack trace:
L 02/04/2026 - 21:03:12: [SM]   [0] GetConVarString
L 02/04/2026 - 21:03:12: [SM]   [1] Line 138, C:\Users\Moises\Downloads\Compressed\sourcemod-1.11.0-git6968-windows\addons\sourcemod\scripting\ÒankrunFixhealth.sp::IsTankRunActive
L 02/04/2026 - 21:03:12: [SM]   [2] Line 36, C:\Users\Moises\Downloads\Compressed\sourcemod-1.11.0-git6968-windows\addons\sourcemod\scripting\ÒankrunFixhealth.sp::Timer_PeriodicCheck
L 02/04/2026 - 21:03:22: [SM] Exception reported: Invalid convar handle 0 (error 4)
L 02/04/2026 - 21:03:22: [SM] Blaming: ÒankrunFixhealth.smx
L 02/04/2026 - 21:03:22: [SM] Call stack trace:
L 02/04/2026 - 21:03:22: [SM]   [0] GetConVarString
L 02/04/2026 - 21:03:22: [SM]   [1] Line 138, C:\Users\Moises\Downloads\Compressed\sourcemod-1.11.0-git6968-windows\addons\sourcemod\scripting\ÒankrunFixhealth.sp::IsTankRunActive
L 02/04/2026 - 21:03:22: [SM]   [2] Line 36, C:\Users\Moises\Downloads\Compressed\sourcemod-1.11.0-git6968-windows\addons\sourcemod\scripting\ÒankrunFixhealth.sp::Timer_PeriodicCheck
L 02/04/2026 - 21:03:22: [SM] Exception reported: Invalid convar handle 0 (error 4)
L 02/04/2026 - 21:03:22: [SM] Blaming: ÒankrunFixhealth.smx
L 02/04/2026 - 21:03:22: [SM] Call stack trace:
L 02/04/2026 - 21:03:22: [SM]   [0] GetConVarString
L 02/04/2026 - 21:03:22: [SM]   [1] Line 138, C:\Users\Moises\Downloads\Compressed\sourcemod-1.11.0-git6968-windows\addons\sourcemod\scripting\ÒankrunFixhealth.sp::IsTankRunActive
L 02/04/2026 - 21:03:22: [SM]   [2] Line 79, C:\Users\Moises\Downloads\Compressed\sourcemod-1.11.0-git6968-windows\addons\sourcemod\scripting\ÒankrunFixhealth.sp::Event_PlayerDeath
L 02/04/2026 - 21:03:32: [SM] Exception reported: Invalid convar handle 0 (error 4)
L 02/04/2026 - 21:03:32: [SM] Blaming: ÒankrunFixhealth.smx
L 02/04/2026 - 21:03:32: [SM] Call stack trace:
L 02/04/2026 - 21:03:32: [SM]   [0] GetConVarString
L 02/04/2026 - 21:03:32: [SM]   [1] Line 138, C:\Users\Moises\Downloads\Compressed\sourcemod-1.11.0-git6968-windows\addons\sourcemod\scripting\ÒankrunFixhealth.sp::IsTankRunActive
L 02/04/2026 - 21:03:32: [SM]   [2] Line 36, C:\Users\Moises\Downloads\Compressed\sourcemod-1.11.0-git6968-windows\addons\sourcemod\scripting\ÒankrunFixhealth.sp::Timer_PeriodicCheck
L 02/04/2026 - 21:03:35: [SM] Exception reported: Invalid convar handle 0 (error 4)
L 02/04/2026 - 21:03:35: [SM] Blaming: ÒankrunFixhealth.smx
L 02/04/2026 - 21:03:35: [SM] Call stack trace:
L 02/04/2026 - 21:03:35: [SM]   [0] GetConVarString
L 02/04/2026 - 21:03:35: [SM]   [1] Line 138, C:\Users\Moises\Downloads\Compressed\sourcemod-1.11.0-git6968-windows\addons\sourcemod\scripting\ÒankrunFixhealth.sp::IsTankRunActive
L 02/04/2026 - 21:03:35: [SM]   [2] Line 79, C:\Users\Moises\Downloads\Compressed\sourcemod-1.11.0-git6968-windows\addons\sourcemod\scripting\ÒankrunFixhealth.sp::Event_PlayerDeath
L 02/04/2026 - 21:03:42: [SM] Exception reported: Invalid convar handle 0 (error 4)
L 02/04/2026 - 21:03:42: [SM] Blaming: ÒankrunFixhealth.smx
L 02/04/2026 - 21:03:42: [SM] Call stack trace:
L 02/04/2026 - 21:03:42: [SM]   [0] GetConVarString
L 02/04/2026 - 21:03:42: [SM]   [1] Line 138, C:\Users\Moises\Downloads\Compressed\sourcemod-1.11.0-git6968-windows\addons\sourcemod\scripting\ÒankrunFixhealth.sp::IsTankRunActive
L 02/04/2026 - 21:03:42: [SM]   [2] Line 36, C:\Users\Moises\Downloads\Compressed\sourcemod-1.11.0-git6968-windows\addons\sourcemod\scripting\ÒankrunFixhealth.sp::Timer_PeriodicCheck
L 02/04/2026 - 21:03:49: [SM] Exception reported: Invalid convar handle 0 (error 4)
L 02/04/2026 - 21:03:49: [SM] Blaming: ÒankrunFixhealth.smx
L 02/04/2026 - 21:03:49: [SM] Call stack trace:
L 02/04/2026 - 21:03:49: [SM]   [0] GetConVarString
L 02/04/2026 - 21:03:49: [SM]   [1] Line 138, C:\Users\Moises\Downloads\Compressed\sourcemod-1.11.0-git6968-windows\addons\sourcemod\scripting\ÒankrunFixhealth.sp::IsTankRunActive
L 02/04/2026 - 21:03:49: [SM]   [2] Line 79, C:\Users\Moises\Downloads\Compressed\sourcemod-1.11.0-git6968-windows\addons\sourcemod\scripting\ÒankrunFixhealth.sp::Event_PlayerDeath
L 02/04/2026 - 21:03:52: [SM] Exception reported: Invalid convar handle 0 (error 4)
L 02/04/2026 - 21:03:52: [SM] Blaming: ÒankrunFixhealth.smx
L 02/04/2026 - 21:03:52: [SM] Call stack trace:
L 02/04/2026 - 21:03:52: [SM]   [0] GetConVarString
L 02/04/2026 - 21:03:52: [SM]   [1] Line 138, C:\Users\Moises\Downloads\Compressed\sourcemod-1.11.0-git6968-windows\addons\sourcemod\scripting\ÒankrunFixhealth.sp::IsTankRunActive
L 02/04/2026 - 21:03:52: [SM]   [2] Line 36, C:\Users\Moises\Downloads\Compressed\sourcemod-1.11.0-git6968-windows\addons\sourcemod\scripting\ÒankrunFixhealth.sp::Timer_PeriodicCheck
L 02/04/2026 - 21:04:02: [SM] Exception reported: Invalid convar handle 0 (error 4)
L 02/04/2026 - 21:04:02: [SM] Blaming: ÒankrunFixhealth.smx
L 02/04/2026 - 21:04:02: [SM] Call stack trace:
L 02/04/2026 - 21:04:02: [SM]   [0] GetConVarString
L 02/04/2026 - 21:04:02: [SM]   [1] Line 138, C:\Users\Moises\Downloads\Compressed\sourcemod-1.11.0-git6968-windows\addons\sourcemod\scripting\ÒankrunFixhealth.sp::IsTankRunActive
L 02/04/2026 - 21:04:02: [SM]   [2] Line 36, C:\Users\Moises\Downloads\Compressed\sourcemod-1.11.0-git6968-windows\addons\sourcemod\scripting\ÒankrunFixhealth.sp::Timer_PeriodicCheck
L 02/04/2026 - 21:04:12: [SM] Exception reported: Invalid convar handle 0 (error 4)
L 02/04/2026 - 21:04:12: [SM] Blaming: ÒankrunFixhealth.smx
L 02/04/2026 - 21:04:12: [SM] Call stack trace:
L 02/04/2026 - 21:04:12: [SM]   [0] GetConVarString
L 02/04/2026 - 21:04:12: [SM]   [1] Line 138, C:\Users\Moises\Downloads\Compressed\sourcemod-1.11.0-git6968-windows\addons\sourcemod\scripting\ÒankrunFixhealth.sp::IsTankRunActive
L 02/04/2026 - 21:04:12: [SM]   [2] Line 36, C:\Users\Moises\Downloads\Compressed\sourcemod-1.11.0-git6968-windows\addons\sourcemod\scripting\ÒankrunFixhealth.sp::Timer_PeriodicCheck
L 02/04/2026 - 21:04:22: [SM] Exception reported: Invalid convar handle 0 (error 4)
L 02/04/2026 - 21:04:22: [SM] Blaming: ÒankrunFixhealth.smx
L 02/04/2026 - 21:04:22: [SM] Call stack trace:
L 02/04/2026 - 21:04:22: [SM]   [0] GetConVarString
L 02/04/2026 - 21:04:22: [SM]   [1] Line 138, C:\Users\Moises\Downloads\Compressed\sourcemod-1.11.0-git6968-windows\addons\sourcemod\scripting\ÒankrunFixhealth.sp::IsTankRunActive
L 02/04/2026 - 21:04:22: [SM]   [2] Line 79, C:\Users\Moises\Downloads\Compressed\sourcemod-1.11.0-git6968-windows\addons\sourcemod\scripting\ÒankrunFixhealth.sp::Event_PlayerDeath
L 02/04/2026 - 21:04:22: [SM] Exception reported: Invalid convar handle 0 (error 4)
L 02/04/2026 - 21:04:22: [SM] Blaming: ÒankrunFixhealth.smx
L 02/04/2026 - 21:04:22: [SM] Call stack trace:
L 02/04/2026 - 21:04:22: [SM]   [0] GetConVarString
L 02/04/2026 - 21:04:22: [SM]   [1] Line 138, C:\Users\Moises\Downloads\Compressed\sourcemod-1.11.0-git6968-windows\addons\sourcemod\scripting\ÒankrunFixhealth.sp::IsTankRunActive
L 02/04/2026 - 21:04:22: [SM]   [2] Line 36, C:\Users\Moises\Downloads\Compressed\sourcemod-1.11.0-git6968-windows\addons\sourcemod\scripting\ÒankrunFixhealth.sp::Timer_PeriodicCheck
L 02/04/2026 - 21:04:22: [SM] Exception reported: Invalid convar handle 0 (error 4)
L 02/04/2026 - 21:04:22: [SM] Blaming: ÒankrunFixhealth.smx
L 02/04/2026 - 21:04:22: [SM] Call stack trace:
L 02/04/2026 - 21:04:22: [SM]   [0] GetConVarString
L 02/04/2026 - 21:04:22: [SM]   [1] Line 138, C:\Users\Moises\Downloads\Compressed\sourcemod-1.11.0-git6968-windows\addons\sourcemod\scripting\ÒankrunFixhealth.sp::IsTankRunActive
L 02/04/2026 - 21:04:22: [SM]   [2] Line 79, C:\Users\Moises\Downloads\Compressed\sourcemod-1.11.0-git6968-windows\addons\sourcemod\scripting\ÒankrunFixhealth.sp::Event_PlayerDeath
L 02/04/2026 - 21:04:22: [SM] Exception reported: Invalid convar handle 0 (error 4)
L 02/04/2026 - 21:04:22: [SM] Blaming: ÒankrunFixhealth.smx
L 02/04/2026 - 21:04:22: [SM] Call stack trace:
L 02/04/2026 - 21:04:22: [SM]   [0] GetConVarString
L 02/04/2026 - 21:04:22: [SM]   [1] Line 138, C:\Users\Moises\Downloads\Compressed\sourcemod-1.11.0-git6968-windows\addons\sourcemod\scripting\ÒankrunFixhealth.sp::IsTankRunActive
L 02/04/2026 - 21:04:22: [SM]   [2] Line 91, C:\Users\Moises\Downloads\Compressed\sourcemod-1.11.0-git6968-windows\addons\sourcemod\scripting\ÒankrunFixhealth.sp::Event_MissionLost
L 02/04/2026 - 21:04:29: [SM] Exception reported: Entity -1 (11) is invalid
L 02/04/2026 - 21:04:29: [SM] Blaming: l4d2_tank_core.smx
L 02/04/2026 - 21:04:29: [SM] Call stack trace:
L 02/04/2026 - 21:04:29: [SM]   [0] SetEntProp
L 02/04/2026 - 21:04:29: [SM]   [1] Line 250, D:\SteamLibrary\steamapps\common\Left 4 Dead 2\left4dead2\addons\sourcemod\scripting\include\entity_prop_stocks.inc::SetEntityMoveType
L 02/04/2026 - 21:04:29: [SM]   [2] Line 717, D:\SteamLibrary\steamapps\common\Left 4 Dead 2\left4dead2\addons\sourcemod\scripting\l4d2_tank_core.sp::CleanUpTank
L 02/04/2026 - 21:04:29: [SM]   [3] Line 702, D:\SteamLibrary\steamapps\common\Left 4 Dead 2\left4dead2\addons\sourcemod\scripting\l4d2_tank_core.sp::Event_RoundStart
L 02/04/2026 - 21:04:29: [SM] Exception reported: Invalid convar handle 0 (error 4)
L 02/04/2026 - 21:04:29: [SM] Blaming: ÒankrunFixhealth.smx
L 02/04/2026 - 21:04:29: [SM] Call stack trace:
L 02/04/2026 - 21:04:29: [SM]   [0] GetConVarString
L 02/04/2026 - 21:04:29: [SM]   [1] Line 138, C:\Users\Moises\Downloads\Compressed\sourcemod-1.11.0-git6968-windows\addons\sourcemod\scripting\ÒankrunFixhealth.sp::IsTankRunActive
L 02/04/2026 - 21:04:29: [SM]   [2] Line 54, C:\Users\Moises\Downloads\Compressed\sourcemod-1.11.0-git6968-windows\addons\sourcemod\scripting\ÒankrunFixhealth.sp::Event_RoundStart
L 02/04/2026 - 21:04:50: Error log file session closed.
L 02/04/2026 - 21:04:50: SourceMod error session started
L 02/04/2026 - 21:04:50: Info (map "c1m1_hotel") (file "d:\steamlibrary\steamapps\common\left 4 dead 2\left4dead2\addons\sourcemod\logs\errors_20260204.log")
L 02/04/2026 - 21:04:50: [SM] Fatal error encountered parsing translation file "l4d_nth.phrases.txt"
L 02/04/2026 - 21:04:50: [SM] Error (line 0, column 0): Stream failed to open
L 02/04/2026 - 21:04:50: [SM] Fatal error encountered parsing translation file "chargersteering.phrases.txt"
L 02/04/2026 - 21:04:50: [SM] Error (line 0, column 0): Stream failed to open
L 02/04/2026 - 21:04:50: [SM] Fatal error encountered parsing translation file "l4dmultislots.phrases.txt"
L 02/04/2026 - 21:04:50: [SM] Error (line 0, column 0): Stream failed to open
L 02/04/2026 - 21:04:52: [SM] Exception reported: Entity -1 (1) is invalid
L 02/04/2026 - 21:04:52: [SM] Blaming: l4d2_tank_core.smx
L 02/04/2026 - 21:04:52: [SM] Call stack trace:
L 02/04/2026 - 21:04:52: [SM]   [0] SetEntProp
L 02/04/2026 - 21:04:52: [SM]   [1] Line 250, D:\SteamLibrary\steamapps\common\Left 4 Dead 2\left4dead2\addons\sourcemod\scripting\include\entity_prop_stocks.inc::SetEntityMoveType
L 02/04/2026 - 21:04:52: [SM]   [2] Line 717, D:\SteamLibrary\steamapps\common\Left 4 Dead 2\left4dead2\addons\sourcemod\scripting\l4d2_tank_core.sp::CleanUpTank
L 02/04/2026 - 21:04:52: [SM]   [3] Line 702, D:\SteamLibrary\steamapps\common\Left 4 Dead 2\left4dead2\addons\sourcemod\scripting\l4d2_tank_core.sp::Event_RoundStart
L 02/04/2026 - 21:04:52: [SM] Exception reported: Invalid convar handle 0 (error 4)
L 02/04/2026 - 21:04:52: [SM] Blaming: ÒankrunFixhealth.smx
L 02/04/2026 - 21:04:52: [SM] Call stack trace:
L 02/04/2026 - 21:04:52: [SM]   [0] GetConVarString
L 02/04/2026 - 21:04:52: [SM]   [1] Line 138, C:\Users\Moises\Downloads\Compressed\sourcemod-1.11.0-git6968-windows\addons\sourcemod\scripting\ÒankrunFixhealth.sp::IsTankRunActive
L 02/04/2026 - 21:04:52: [SM]   [2] Line 54, C:\Users\Moises\Downloads\Compressed\sourcemod-1.11.0-git6968-windows\addons\sourcemod\scripting\ÒankrunFixhealth.sp::Event_RoundStart
L 02/04/2026 - 21:04:52: [l4d2_publicity.smx] [Publicity] No se encontraron mensajes en el archivo de configuraci√≥n
L 02/04/2026 - 21:04:54: [SM] Exception reported: Invalid convar handle 0 (error 4)
L 02/04/2026 - 21:04:54: [SM] Blaming: ÒankrunFixhealth.smx
L 02/04/2026 - 21:04:54: [SM] Call stack trace:
L 02/04/2026 - 21:04:54: [SM]   [0] GetConVarString
L 02/04/2026 - 21:04:54: [SM]   [1] Line 138, C:\Users\Moises\Downloads\Compressed\sourcemod-1.11.0-git6968-windows\addons\sourcemod\scripting\ÒankrunFixhealth.sp::IsTankRunActive
L 02/04/2026 - 21:04:54: [SM]   [2] Line 36, C:\Users\Moises\Downloads\Compressed\sourcemod-1.11.0-git6968-windows\addons\sourcemod\scripting\ÒankrunFixhealth.sp::Timer_PeriodicCheck
L 02/04/2026 - 21:05:04: [SM] Exception reported: Invalid convar handle 0 (error 4)
L 02/04/2026 - 21:05:04: [SM] Blaming: ÒankrunFixhealth.smx
L 02/04/2026 - 21:05:04: [SM] Call stack trace:
L 02/04/2026 - 21:05:04: [SM]   [0] GetConVarString
L 02/04/2026 - 21:05:04: [SM]   [1] Line 138, C:\Users\Moises\Downloads\Compressed\sourcemod-1.11.0-git6968-windows\addons\sourcemod\scripting\ÒankrunFixhealth.sp::IsTankRunActive
L 02/04/2026 - 21:05:04: [SM]   [2] Line 36, C:\Users\Moises\Downloads\Compressed\sourcemod-1.11.0-git6968-windows\addons\sourcemod\scripting\ÒankrunFixhealth.sp::Timer_PeriodicCheck
L 02/04/2026 - 21:05:14: [SM] Exception reported: Invalid convar handle 0 (error 4)
L 02/04/2026 - 21:05:14: [SM] Blaming: ÒankrunFixhealth.smx
L 02/04/2026 - 21:05:14: [SM] Call stack trace:
L 02/04/2026 - 21:05:14: [SM]   [0] GetConVarString
L 02/04/2026 - 21:05:14: [SM]   [1] Line 138, C:\Users\Moises\Downloads\Compressed\sourcemod-1.11.0-git6968-windows\addons\sourcemod\scripting\ÒankrunFixhealth.sp::IsTankRunActive
L 02/04/2026 - 21:05:14: [SM]   [2] Line 36, C:\Users\Moises\Downloads\Compressed\sourcemod-1.11.0-git6968-windows\addons\sourcemod\scripting\ÒankrunFixhealth.sp::Timer_PeriodicCheck
L 02/04/2026 - 21:05:27: [SM] Exception reported: Invalid convar handle 0 (error 4)
L 02/04/2026 - 21:05:27: [SM] Blaming: ÒankrunFixhealth.smx
L 02/04/2026 - 21:05:27: [SM] Call stack trace:
L 02/04/2026 - 21:05:27: [SM]   [0] GetConVarString
L 02/04/2026 - 21:05:27: [SM]   [1] Line 138, C:\Users\Moises\Downloads\Compressed\sourcemod-1.11.0-git6968-windows\addons\sourcemod\scripting\ÒankrunFixhealth.sp::IsTankRunActive
L 02/04/2026 - 21:05:27: [SM]   [2] Line 36, C:\Users\Moises\Downloads\Compressed\sourcemod-1.11.0-git6968-windows\addons\sourcemod\scripting\ÒankrunFixhealth.sp::Timer_PeriodicCheck
L 02/04/2026 - 21:05:27: [SM] Exception reported: Language phrase "Impossible to generate a bot at the moment." not found (arg 5)
L 02/04/2026 - 21:05:27: [SM] Blaming: l4dmultislots.smx
L 02/04/2026 - 21:05:27: [SM] Call stack trace:
L 02/04/2026 - 21:05:27: [SM]   [0] PrintHintText
L 02/04/2026 - 21:05:27: [SM]   [1] Line 765, d:\Github\Private-Work\L4D2-Êèí‰ª∂\scripting_1.11\l4dmultislots.sp::JoinTeam_ColdDown
L 02/04/2026 - 21:05:37: [SM] Exception reported: Invalid convar handle 0 (error 4)
L 02/04/2026 - 21:05:37: [SM] Blaming: ÒankrunFixhealth.smx
L 02/04/2026 - 21:05:37: [SM] Call stack trace:
L 02/04/2026 - 21:05:37: [SM]   [0] GetConVarString
L 02/04/2026 - 21:05:37: [SM]   [1] Line 138, C:\Users\Moises\Downloads\Compressed\sourcemod-1.11.0-git6968-windows\addons\sourcemod\scripting\ÒankrunFixhealth.sp::IsTankRunActive
L 02/04/2026 - 21:05:37: [SM]   [2] Line 36, C:\Users\Moises\Downloads\Compressed\sourcemod-1.11.0-git6968-windows\addons\sourcemod\scripting\ÒankrunFixhealth.sp::Timer_PeriodicCheck
L 02/04/2026 - 21:05:47: [SM] Exception reported: Invalid convar handle 0 (error 4)
L 02/04/2026 - 21:05:47: [SM] Blaming: ÒankrunFixhealth.smx
L 02/04/2026 - 21:05:47: [SM] Call stack trace:
L 02/04/2026 - 21:05:47: [SM]   [0] GetConVarString
L 02/04/2026 - 21:05:47: [SM]   [1] Line 138, C:\Users\Moises\Downloads\Compressed\sourcemod-1.11.0-git6968-windows\addons\sourcemod\scripting\ÒankrunFixhealth.sp::IsTankRunActive
L 02/04/2026 - 21:05:47: [SM]   [2] Line 36, C:\Users\Moises\Downloads\Compressed\sourcemod-1.11.0-git6968-windows\addons\sourcemod\scripting\ÒankrunFixhealth.sp::Timer_PeriodicCheck
L 02/04/2026 - 21:05:57: [SM] Exception reported: Invalid convar handle 0 (error 4)
L 02/04/2026 - 21:05:57: [SM] Blaming: ÒankrunFixhealth.smx
L 02/04/2026 - 21:05:57: [SM] Call stack trace:
L 02/04/2026 - 21:05:57: [SM]   [0] GetConVarString
L 02/04/2026 - 21:05:57: [SM]   [1] Line 138, C:\Users\Moises\Downloads\Compressed\sourcemod-1.11.0-git6968-windows\addons\sourcemod\scripting\ÒankrunFixhealth.sp::IsTankRunActive
L 02/04/2026 - 21:05:57: [SM]   [2] Line 36, C:\Users\Moises\Downloads\Compressed\sourcemod-1.11.0-git6968-windows\addons\sourcemod\scripting\ÒankrunFixhealth.sp::Timer_PeriodicCheck
L 02/04/2026 - 21:06:07: [SM] Exception reported: Invalid convar handle 0 (error 4)
L 02/04/2026 - 21:06:07: [SM] Blaming: ÒankrunFixhealth.smx
L 02/04/2026 - 21:06:07: [SM] Call stack trace:
L 02/04/2026 - 21:06:07: [SM]   [0] GetConVarString
L 02/04/2026 - 21:06:07: [SM]   [1] Line 138, C:\Users\Moises\Downloads\Compressed\sourcemod-1.11.0-git6968-windows\addons\sourcemod\scripting\ÒankrunFixhealth.sp::IsTankRunActive
L 02/04/2026 - 21:06:07: [SM]   [2] Line 36, C:\Users\Moises\Downloads\Compressed\sourcemod-1.11.0-git6968-windows\addons\sourcemod\scripting\ÒankrunFixhealth.sp::Timer_PeriodicCheck
L 02/04/2026 - 21:06:16: [SM] Exception reported: Invalid Handle 0 (error 4)
L 02/04/2026 - 21:06:16: [SM] Blaming: l4dafkfix.smx
L 02/04/2026 - 21:06:16: [SM] Call stack trace:
L 02/04/2026 - 21:06:16: [SM]   [0] SDKCall
L 02/04/2026 - 21:06:16: [SM]   [1] Line 235, /home/forums/content/files/4/8/2/4/5/73422.attach::TakeOverBot
L 02/04/2026 - 21:06:16: [SM]   [2] Line 148, /home/forums/content/files/4/8/2/4/5/73422.attach::Event_PlayerDeath
L 02/04/2026 - 21:06:16: [SM] Exception reported: Invalid convar handle 0 (error 4)
L 02/04/2026 - 21:06:16: [SM] Blaming: ÒankrunFixhealth.smx
L 02/04/2026 - 21:06:16: [SM] Call stack trace:
L 02/04/2026 - 21:06:16: [SM]   [0] GetConVarString
L 02/04/2026 - 21:06:16: [SM]   [1] Line 138, C:\Users\Moises\Downloads\Compressed\sourcemod-1.11.0-git6968-windows\addons\sourcemod\scripting\ÒankrunFixhealth.sp::IsTankRunActive
L 02/04/2026 - 21:06:16: [SM]   [2] Line 79, C:\Users\Moises\Downloads\Compressed\sourcemod-1.11.0-git6968-windows\addons\sourcemod\scripting\ÒankrunFixhealth.sp::Event_PlayerDeath
L 02/04/2026 - 21:06:16: [SM] Exception reported: Invalid convar handle 0 (error 4)
L 02/04/2026 - 21:06:16: [SM] Blaming: ÒankrunFixhealth.smx
L 02/04/2026 - 21:06:16: [SM] Call stack trace:
L 02/04/2026 - 21:06:16: [SM]   [0] GetConVarString
L 02/04/2026 - 21:06:16: [SM]   [1] Line 138, C:\Users\Moises\Downloads\Compressed\sourcemod-1.11.0-git6968-windows\addons\sourcemod\scripting\ÒankrunFixhealth.sp::IsTankRunActive
L 02/04/2026 - 21:06:16: [SM]   [2] Line 79, C:\Users\Moises\Downloads\Compressed\sourcemod-1.11.0-git6968-windows\addons\sourcemod\scripting\ÒankrunFixhealth.sp::Event_PlayerDeath
L 02/04/2026 - 21:06:17: [SM] Exception reported: Invalid convar handle 0 (error 4)
L 02/04/2026 - 21:06:17: [SM] Blaming: ÒankrunFixhealth.smx
L 02/04/2026 - 21:06:17: [SM] Call stack trace:
L 02/04/2026 - 21:06:17: [SM]   [0] GetConVarString
L 02/04/2026 - 21:06:17: [SM]   [1] Line 138, C:\Users\Moises\Downloads\Compressed\sourcemod-1.11.0-git6968-windows\addons\sourcemod\scripting\ÒankrunFixhealth.sp::IsTankRunActive
L 02/04/2026 - 21:06:17: [SM]   [2] Line 36, C:\Users\Moises\Downloads\Compressed\sourcemod-1.11.0-git6968-windows\addons\sourcemod\scripting\ÒankrunFixhealth.sp::Timer_PeriodicCheck
L 02/04/2026 - 21:06:18: [SM] Exception reported: Language phrase "Please wait to be revived or rescued" not found (arg 6)
L 02/04/2026 - 21:06:18: [SM] Blaming: l4dmultislots.smx
L 02/04/2026 - 21:06:18: [SM] Call stack trace:
L 02/04/2026 - 21:06:18: [SM]   [0] PrintToChat
L 02/04/2026 - 21:06:18: [SM]   [1] Line 953, d:\Github\Private-Work\L4D2-Êèí‰ª∂\scripting_1.11\l4dmultislots.sp::Timer_SpecCheck
L 02/04/2026 - 21:06:27: [SM] Exception reported: Invalid convar handle 0 (error 4)
L 02/04/2026 - 21:06:27: [SM] Blaming: ÒankrunFixhealth.smx
L 02/04/2026 - 21:06:27: [SM] Call stack trace:
L 02/04/2026 - 21:06:27: [SM]   [0] GetConVarString
L 02/04/2026 - 21:06:27: [SM]   [1] Line 138, C:\Users\Moises\Downloads\Compressed\sourcemod-1.11.0-git6968-windows\addons\sourcemod\scripting\ÒankrunFixhealth.sp::IsTankRunActive
L 02/04/2026 - 21:06:27: [SM]   [2] Line 36, C:\Users\Moises\Downloads\Compressed\sourcemod-1.11.0-git6968-windows\addons\sourcemod\scripting\ÒankrunFixhealth.sp::Timer_PeriodicCheck
L 02/04/2026 - 21:06:28: [SM] Exception reported: Invalid convar handle 0 (error 4)
L 02/04/2026 - 21:06:28: [SM] Blaming: ÒankrunFixhealth.smx
L 02/04/2026 - 21:06:28: [SM] Call stack trace:
L 02/04/2026 - 21:06:28: [SM]   [0] GetConVarString
L 02/04/2026 - 21:06:28: [SM]   [1] Line 138, C:\Users\Moises\Downloads\Compressed\sourcemod-1.11.0-git6968-windows\addons\sourcemod\scripting\ÒankrunFixhealth.sp::IsTankRunActive
L 02/04/2026 - 21:06:28: [SM]   [2] Line 79, C:\Users\Moises\Downloads\Compressed\sourcemod-1.11.0-git6968-windows\addons\sourcemod\scripting\ÒankrunFixhealth.sp::Event_PlayerDeath
L 02/04/2026 - 21:06:37: [SM] Exception reported: Invalid convar handle 0 (error 4)
L 02/04/2026 - 21:06:37: [SM] Blaming: ÒankrunFixhealth.smx
L 02/04/2026 - 21:06:37: [SM] Call stack trace:
L 02/04/2026 - 21:06:37: [SM]   [0] GetConVarString
L 02/04/2026 - 21:06:37: [SM]   [1] Line 138, C:\Users\Moises\Downloads\Compressed\sourcemod-1.11.0-git6968-windows\addons\sourcemod\scripting\ÒankrunFixhealth.sp::IsTankRunActive
L 02/04/2026 - 21:06:37: [SM]   [2] Line 36, C:\Users\Moises\Downloads\Compressed\sourcemod-1.11.0-git6968-windows\addons\sourcemod\scripting\ÒankrunFixhealth.sp::Timer_PeriodicCheck
L 02/04/2026 - 21:06:45: [SM] Exception reported: Invalid convar handle 0 (error 4)
L 02/04/2026 - 21:06:45: [SM] Blaming: ÒankrunFixhealth.smx
L 02/04/2026 - 21:06:45: [SM] Call stack trace:
L 02/04/2026 - 21:06:45: [SM]   [0] GetConVarString
L 02/04/2026 - 21:06:45: [SM]   [1] Line 138, C:\Users\Moises\Downloads\Compressed\sourcemod-1.11.0-git6968-windows\addons\sourcemod\scripting\ÒankrunFixhealth.sp::IsTankRunActive
L 02/04/2026 - 21:06:45: [SM]   [2] Line 79, C:\Users\Moises\Downloads\Compressed\sourcemod-1.11.0-git6968-windows\addons\sourcemod\scripting\ÒankrunFixhealth.sp::Event_PlayerDeath
L 02/04/2026 - 21:06:45: [SM] Exception reported: Invalid convar handle 0 (error 4)
L 02/04/2026 - 21:06:45: [SM] Blaming: ÒankrunFixhealth.smx
L 02/04/2026 - 21:06:45: [SM] Call stack trace:
L 02/04/2026 - 21:06:45: [SM]   [0] GetConVarString
L 02/04/2026 - 21:06:45: [SM]   [1] Line 138, C:\Users\Moises\Downloads\Compressed\sourcemod-1.11.0-git6968-windows\addons\sourcemod\scripting\ÒankrunFixhealth.sp::IsTankRunActive
L 02/04/2026 - 21:06:45: [SM]   [2] Line 79, C:\Users\Moises\Downloads\Compressed\sourcemod-1.11.0-git6968-windows\addons\sourcemod\scripting\ÒankrunFixhealth.sp::Event_PlayerDeath
L 02/04/2026 - 21:06:47: [SM] Exception reported: Invalid convar handle 0 (error 4)
L 02/04/2026 - 21:06:47: [SM] Blaming: ÒankrunFixhealth.smx
L 02/04/2026 - 21:06:47: [SM] Call stack trace:
L 02/04/2026 - 21:06:47: [SM]   [0] GetConVarString
L 02/04/2026 - 21:06:47: [SM]   [1] Line 138, C:\Users\Moises\Downloads\Compressed\sourcemod-1.11.0-git6968-windows\addons\sourcemod\scripting\ÒankrunFixhealth.sp::IsTankRunActive
L 02/04/2026 - 21:06:47: [SM]   [2] Line 36, C:\Users\Moises\Downloads\Compressed\sourcemod-1.11.0-git6968-windows\addons\sourcemod\scripting\ÒankrunFixhealth.sp::Timer_PeriodicCheck
L 02/04/2026 - 21:06:52: [SM] Exception reported: Invalid convar handle 0 (error 4)
L 02/04/2026 - 21:06:52: [SM] Blaming: ÒankrunFixhealth.smx
L 02/04/2026 - 21:06:52: [SM] Call stack trace:
L 02/04/2026 - 21:06:52: [SM]   [0] GetConVarString
L 02/04/2026 - 21:06:52: [SM]   [1] Line 138, C:\Users\Moises\Downloads\Compressed\sourcemod-1.11.0-git6968-windows\addons\sourcemod\scripting\ÒankrunFixhealth.sp::IsTankRunActive
L 02/04/2026 - 21:06:52: [SM]   [2] Line 79, C:\Users\Moises\Downloads\Compressed\sourcemod-1.11.0-git6968-windows\addons\sourcemod\scripting\ÒankrunFixhealth.sp::Event_PlayerDeath
L 02/04/2026 - 21:06:57: [SM] Exception reported: Invalid convar handle 0 (error 4)
L 02/04/2026 - 21:06:57: [SM] Blaming: ÒankrunFixhealth.smx
L 02/04/2026 - 21:06:57: [SM] Call stack trace:
L 02/04/2026 - 21:06:57: [SM]   [0] GetConVarString
L 02/04/2026 - 21:06:57: [SM]   [1] Line 138, C:\Users\Moises\Downloads\Compressed\sourcemod-1.11.0-git6968-windows\addons\sourcemod\scripting\ÒankrunFixhealth.sp::IsTankRunActive
L 02/04/2026 - 21:06:57: [SM]   [2] Line 36, C:\Users\Moises\Downloads\Compressed\sourcemod-1.11.0-git6968-windows\addons\sourcemod\scripting\ÒankrunFixhealth.sp::Timer_PeriodicCheck
L 02/04/2026 - 21:06:59: [SM] Exception reported: Invalid timer handle 64600563 (error 3)
L 02/04/2026 - 21:06:59: [SM] Blaming: l4d2_playerjoining_v2.smx
L 02/04/2026 - 21:06:59: [SM] Call stack trace:
L 02/04/2026 - 21:06:59: [SM]   [0] KillTimer
L 02/04/2026 - 21:06:59: [SM]   [1] Line 53, C:\Users\Moises\Downloads\Compressed\sourcemod-1.11.0-git6968-windows\addons\sourcemod\scripting\l4d2_playerjoining_v2.sp::OnClientDisconnect
L 02/04/2026 - 21:07:07: [SM] Exception reported: Invalid convar handle 0 (error 4)
L 02/04/2026 - 21:07:07: [SM] Blaming: ÒankrunFixhealth.smx
L 02/04/2026 - 21:07:07: [SM] Call stack trace:
L 02/04/2026 - 21:07:07: [SM]   [0] GetConVarString
L 02/04/2026 - 21:07:07: [SM]   [1] Line 138, C:\Users\Moises\Downloads\Compressed\sourcemod-1.11.0-git6968-windows\addons\sourcemod\scripting\ÒankrunFixhealth.sp::IsTankRunActive
L 02/04/2026 - 21:07:07: [SM]   [2] Line 36, C:\Users\Moises\Downloads\Compressed\sourcemod-1.11.0-git6968-windows\addons\sourcemod\scripting\ÒankrunFixhealth.sp::Timer_PeriodicCheck
L 02/04/2026 - 21:07:17: [SM] Exception reported: Invalid convar handle 0 (error 4)
L 02/04/2026 - 21:07:17: [SM] Blaming: ÒankrunFixhealth.smx
L 02/04/2026 - 21:07:17: [SM] Call stack trace:
L 02/04/2026 - 21:07:17: [SM]   [0] GetConVarString
L 02/04/2026 - 21:07:17: [SM]   [1] Line 138, C:\Users\Moises\Downloads\Compressed\sourcemod-1.11.0-git6968-windows\addons\sourcemod\scripting\ÒankrunFixhealth.sp::IsTankRunActive
L 02/04/2026 - 21:07:17: [SM]   [2] Line 36, C:\Users\Moises\Downloads\Compressed\sourcemod-1.11.0-git6968-windows\addons\sourcemod\scripting\ÒankrunFixhealth.sp::Timer_PeriodicCheck
L 02/04/2026 - 21:07:22: [SM] Exception reported: Invalid convar handle 0 (error 4)
L 02/04/2026 - 21:07:22: [SM] Blaming: ÒankrunFixhealth.smx
L 02/04/2026 - 21:07:22: [SM] Call stack trace:
L 02/04/2026 - 21:07:22: [SM]   [0] GetConVarString
L 02/04/2026 - 21:07:22: [SM]   [1] Line 138, C:\Users\Moises\Downloads\Compressed\sourcemod-1.11.0-git6968-windows\addons\sourcemod\scripting\ÒankrunFixhealth.sp::IsTankRunActive
L 02/04/2026 - 21:07:22: [SM]   [2] Line 79, C:\Users\Moises\Downloads\Compressed\sourcemod-1.11.0-git6968-windows\addons\sourcemod\scripting\ÒankrunFixhealth.sp::Event_PlayerDeath
L 02/04/2026 - 21:07:23: [SM] Exception reported: Invalid convar handle 0 (error 4)
L 02/04/2026 - 21:07:23: [SM] Blaming: ÒankrunFixhealth.smx
L 02/04/2026 - 21:07:23: [SM] Call stack trace:
L 02/04/2026 - 21:07:23: [SM]   [0] GetConVarString
L 02/04/2026 - 21:07:23: [SM]   [1] Line 138, C:\Users\Moises\Downloads\Compressed\sourcemod-1.11.0-git6968-windows\addons\sourcemod\scripting\ÒankrunFixhealth.sp::IsTankRunActive
L 02/04/2026 - 21:07:23: [SM]   [2] Line 91, C:\Users\Moises\Downloads\Compressed\sourcemod-1.11.0-git6968-windows\addons\sourcemod\scripting\ÒankrunFixhealth.sp::Event_MissionLost
L 02/04/2026 - 21:07:27: [SM] Exception reported: Invalid convar handle 0 (error 4)
L 02/04/2026 - 21:07:27: [SM] Blaming: ÒankrunFixhealth.smx
L 02/04/2026 - 21:07:27: [SM] Call stack trace:
L 02/04/2026 - 21:07:27: [SM]   [0] GetConVarString
L 02/04/2026 - 21:07:27: [SM]   [1] Line 138, C:\Users\Moises\Downloads\Compressed\sourcemod-1.11.0-git6968-windows\addons\sourcemod\scripting\ÒankrunFixhealth.sp::IsTankRunActive
L 02/04/2026 - 21:07:27: [SM]   [2] Line 36, C:\Users\Moises\Downloads\Compressed\sourcemod-1.11.0-git6968-windows\addons\sourcemod\scripting\ÒankrunFixhealth.sp::Timer_PeriodicCheck
L 02/04/2026 - 21:07:30: [SM] Exception reported: Entity -1 (3) is invalid
L 02/04/2026 - 21:07:30: [SM] Blaming: l4d2_tank_core.smx
L 02/04/2026 - 21:07:30: [SM] Call stack trace:
L 02/04/2026 - 21:07:30: [SM]   [0] SetEntProp
L 02/04/2026 - 21:07:30: [SM]   [1] Line 250, D:\SteamLibrary\steamapps\common\Left 4 Dead 2\left4dead2\addons\sourcemod\scripting\include\entity_prop_stocks.inc::SetEntityMoveType
L 02/04/2026 - 21:07:30: [SM]   [2] Line 717, D:\SteamLibrary\steamapps\common\Left 4 Dead 2\left4dead2\addons\sourcemod\scripting\l4d2_tank_core.sp::CleanUpTank
L 02/04/2026 - 21:07:30: [SM]   [3] Line 702, D:\SteamLibrary\steamapps\common\Left 4 Dead 2\left4dead2\addons\sourcemod\scripting\l4d2_tank_core.sp::Event_RoundStart
L 02/04/2026 - 21:07:30: [SM] Exception reported: Invalid convar handle 0 (error 4)
L 02/04/2026 - 21:07:30: [SM] Blaming: ÒankrunFixhealth.smx
L 02/04/2026 - 21:07:30: [SM] Call stack trace:
L 02/04/2026 - 21:07:30: [SM]   [0] GetConVarString
L 02/04/2026 - 21:07:30: [SM]   [1] Line 138, C:\Users\Moises\Downloads\Compressed\sourcemod-1.11.0-git6968-windows\addons\sourcemod\scripting\ÒankrunFixhealth.sp::IsTankRunActive
L 02/04/2026 - 21:07:30: [SM]   [2] Line 54, C:\Users\Moises\Downloads\Compressed\sourcemod-1.11.0-git6968-windows\addons\sourcemod\scripting\ÒankrunFixhealth.sp::Event_RoundStart
L 02/04/2026 - 21:07:30: [SM] Exception reported: Invalid timer handle 64600563 (error 3)
L 02/04/2026 - 21:07:30: [SM] Blaming: l4d2_playerjoining_v2.smx
L 02/04/2026 - 21:07:30: [SM] Call stack trace:
L 02/04/2026 - 21:07:30: [SM]   [0] KillTimer
L 02/04/2026 - 21:07:30: [SM]   [1] Line 53, C:\Users\Moises\Downloads\Compressed\sourcemod-1.11.0-git6968-windows\addons\sourcemod\scripting\l4d2_playerjoining_v2.sp::OnClientDisconnect
