L 09/27/2026 - 15:51:12: SourceMod error session started
L 09/27/2026 - 15:51:12: Info (map "c1m2_streets") (file "d:\steamlibrary\steamapps\common\left 4 dead 2\left4dead2\addons\sourcemod\logs\errors_20260927.log")
L 09/27/2026 - 15:51:12: [SM] Failed to load plugin "cannounce.smx": Get a dedicated server. This plugin does not work on Listen servers..
L 09/27/2026 - 15:51:12: [SM] Failed to load plugin "LMCL4D1CDeathHandler.smx": Plugin only supports Left 4 Dead.
L 09/27/2026 - 15:51:12: [SM] Failed to load plugin "LMCL4D1SetTransmit.smx": Plugin only supports Left 4 Dead.
L 09/27/2026 - 15:51:12: [SM] Failed to load plugin "LMC_L4D1_Menu_Choosing.smx": Plugin only supports Left 4 Dead.
L 09/27/2026 - 15:51:12: [SM] Failed to load plugin "LMC_L4D1_RandomSpawns.smx": Plugin only supports Left 4 Dead.
L 09/27/2026 - 15:51:12: [SM] Failed to load plugin "nextmap.smx": Nextmap is incompatible with this game.
L 09/27/2026 - 15:51:12: [SM] Failed to load plugin "[L4D2] Left4dhooks.smx": 
====================
This plugin replaces Left4Downtown. Delete the extension to run.
====================.
L 09/27/2026 - 15:51:12: [SM] Fatal error encountered parsing translation file "l4d_nth.phrases.txt"
L 09/27/2026 - 15:51:12: [SM] Error (line 0, column 0): Stream failed to open
L 09/27/2026 - 15:51:12: [SM] Fatal error encountered parsing translation file "chargersteering.phrases.txt"
L 09/27/2026 - 15:51:12: [SM] Error (line 0, column 0): Stream failed to open
L 09/27/2026 - 15:51:12: [l4d2_publicity.smx] [Publicity] No se encontraron mensajes en el archivo de configuración
L 09/27/2026 - 15:51:12: [l4d2_tank_core v4_7.smx] No se pudo cargar la firma Fling desde el GameData.
L 09/27/2026 - 15:51:13: [SM] Unable to load plugin "lilac_by_l4d2.smx": Native "IRC_MsgFlaggedChannels" was not found
L 09/27/2026 - 15:51:19: [l4d2_publicity.smx] [Publicity] No se encontraron mensajes en el archivo de configuración
L 09/27/2026 - 15:51:19: [SM] Exception reported: Array index out-of-bounds (index 12, limit 12)
L 09/27/2026 - 15:51:19: [SM] Blaming: l4d2_tank_props_rock_v3.smx
L 09/27/2026 - 15:51:19: [SM] Call stack trace:
L 09/27/2026 - 15:51:19: [SM]   [1] Line 142, D:\SteamLibrary\steamapps\common\Left 4 Dead 2\left4dead2\addons\sourcemod\scripting\l4d2_tank_props_rock_v3.sp::OnMapStart
L 09/27/2026 - 15:51:57: [SM] Exception reported: Language phrase "Impossible to generate a bot at the moment." not found (arg 5)
L 09/27/2026 - 15:51:57: [SM] Blaming: l4dmultislots.smx
L 09/27/2026 - 15:51:57: [SM] Call stack trace:
L 09/27/2026 - 15:51:57: [SM]   [0] PrintHintText
L 09/27/2026 - 15:51:57: [SM]   [1] Line 765, d:\Github\Private-Work\L4D2-插件\scripting_1.11\l4dmultislots.sp::JoinTeam_ColdDown
L 09/27/2026 - 15:52:24: [SM] Exception reported: Array index out-of-bounds (index 14, limit 12)
L 09/27/2026 - 15:52:24: [SM] Blaming: l4d2_tank_props_rock_v3.smx
L 09/27/2026 - 15:52:24: [SM] Call stack trace:
L 09/27/2026 - 15:52:24: [SM]   [1] Line 222, D:\SteamLibrary\steamapps\common\Left 4 Dead 2\left4dead2\addons\sourcemod\scripting\l4d2_tank_props_rock_v3.sp::Throw
L 09/27/2026 - 15:53:12: [SM] Exception reported: Array index out-of-bounds (index 12, limit 12)
L 09/27/2026 - 15:53:12: [SM] Blaming: l4d2_tank_props_rock_v3.smx
L 09/27/2026 - 15:53:12: [SM] Call stack trace:
L 09/27/2026 - 15:53:12: [SM]   [1] Line 222, D:\SteamLibrary\steamapps\common\Left 4 Dead 2\left4dead2\addons\sourcemod\scripting\l4d2_tank_props_rock_v3.sp::Throw
L 09/27/2026 - 15:53:30: [SM] Exception reported: Array index out-of-bounds (index 15, limit 12)
L 09/27/2026 - 15:53:30: [SM] Blaming: l4d2_tank_props_rock_v3.smx
L 09/27/2026 - 15:53:30: [SM] Call stack trace:
L 09/27/2026 - 15:53:30: [SM]   [1] Line 222, D:\SteamLibrary\steamapps\common\Left 4 Dead 2\left4dead2\addons\sourcemod\scripting\l4d2_tank_props_rock_v3.sp::Throw
L 09/27/2026 - 15:53:38: [SM] Exception reported: Language phrase "Please wait to be revived or rescued" not found (arg 6)
L 09/27/2026 - 15:53:38: [SM] Blaming: l4dmultislots.smx
L 09/27/2026 - 15:53:38: [SM] Call stack trace:
L 09/27/2026 - 15:53:38: [SM]   [0] PrintToChat
L 09/27/2026 - 15:53:38: [SM]   [1] Line 953, d:\Github\Private-Work\L4D2-插件\scripting_1.11\l4dmultislots.sp::Timer_SpecCheck
L 09/27/2026 - 15:54:42: [SM] Exception reported: Array index out-of-bounds (index 12, limit 12)
L 09/27/2026 - 15:54:42: [SM] Blaming: l4d2_tank_props_rock_v3.smx
L 09/27/2026 - 15:54:42: [SM] Call stack trace:
L 09/27/2026 - 15:54:42: [SM]   [1] Line 222, D:\SteamLibrary\steamapps\common\Left 4 Dead 2\left4dead2\addons\sourcemod\scripting\l4d2_tank_props_rock_v3.sp::Throw
L 09/27/2026 - 15:55:06: [SM] Exception reported: Language phrase "Please wait to be revived or rescued" not found (arg 6)
L 09/27/2026 - 15:55:06: [SM] Blaming: l4dmultislots.smx
L 09/27/2026 - 15:55:06: [SM] Call stack trace:
L 09/27/2026 - 15:55:06: [SM]   [0] PrintToChat
L 09/27/2026 - 15:55:06: [SM]   [1] Line 953, d:\Github\Private-Work\L4D2-插件\scripting_1.11\l4dmultislots.sp::Timer_SpecCheck
L 09/27/2026 - 15:55:07: [SM] Exception reported: Property "m_vecAngularVelocity" not found (entity 66/weapon_pumpshotgun)
L 09/27/2026 - 15:55:07: [SM] Blaming: l4d2_tank_core v4_7.smx
L 09/27/2026 - 15:55:07: [SM] Call stack trace:
L 09/27/2026 - 15:55:07: [SM]   [0] SetEntPropVector
L 09/27/2026 - 15:55:07: [SM]   [1] Line 597, D:\SteamLibrary\steamapps\common\Left 4 Dead 2\left4dead2\addons\sourcemod\scripting\l4d2_tank_core v4_7.sp::DropItemsPhysically
L 09/27/2026 - 15:55:07: [SM]   [2] Line 516, D:\SteamLibrary\steamapps\common\Left 4 Dead 2\left4dead2\addons\sourcemod\scripting\l4d2_tank_core v4_7.sp::Event_PlayerHurt
L 09/27/2026 - 15:56:52: [SM] Exception reported: Array index out-of-bounds (index 13, limit 12)
L 09/27/2026 - 15:56:52: [SM] Blaming: l4d2_tank_props_rock_v3.smx
L 09/27/2026 - 15:56:52: [SM] Call stack trace:
L 09/27/2026 - 15:56:52: [SM]   [1] Line 222, D:\SteamLibrary\steamapps\common\Left 4 Dead 2\left4dead2\addons\sourcemod\scripting\l4d2_tank_props_rock_v3.sp::Throw
L 09/27/2026 - 15:57:00: [SM] Exception reported: Property "m_vecAngularVelocity" not found (entity 121/weapon_shotgun_chrome)
L 09/27/2026 - 15:57:00: [SM] Blaming: l4d2_tank_core v4_7.smx
L 09/27/2026 - 15:57:00: [SM] Call stack trace:
L 09/27/2026 - 15:57:00: [SM]   [0] SetEntPropVector
L 09/27/2026 - 15:57:00: [SM]   [1] Line 597, D:\SteamLibrary\steamapps\common\Left 4 Dead 2\left4dead2\addons\sourcemod\scripting\l4d2_tank_core v4_7.sp::DropItemsPhysically
L 09/27/2026 - 15:57:00: [SM]   [2] Line 516, D:\SteamLibrary\steamapps\common\Left 4 Dead 2\left4dead2\addons\sourcemod\scripting\l4d2_tank_core v4_7.sp::Event_PlayerHurt
L 09/27/2026 - 15:57:11: [SM] Exception reported: Property "m_vecAngularVelocity" not found (entity 120/weapon_pistol_magnum)
L 09/27/2026 - 15:57:11: [SM] Blaming: l4d2_tank_core v4_7.smx
L 09/27/2026 - 15:57:11: [SM] Call stack trace:
L 09/27/2026 - 15:57:11: [SM]   [0] SetEntPropVector
L 09/27/2026 - 15:57:11: [SM]   [1] Line 597, D:\SteamLibrary\steamapps\common\Left 4 Dead 2\left4dead2\addons\sourcemod\scripting\l4d2_tank_core v4_7.sp::DropItemsPhysically
L 09/27/2026 - 15:57:11: [SM]   [2] Line 516, D:\SteamLibrary\steamapps\common\Left 4 Dead 2\left4dead2\addons\sourcemod\scripting\l4d2_tank_core v4_7.sp::Event_PlayerHurt
L 09/27/2026 - 15:57:13: [SM] Exception reported: Property "m_vecAngularVelocity" not found (entity 69/weapon_first_aid_kit)
L 09/27/2026 - 15:57:13: [SM] Blaming: l4d2_tank_core v4_7.smx
L 09/27/2026 - 15:57:13: [SM] Call stack trace:
L 09/27/2026 - 15:57:13: [SM]   [0] SetEntPropVector
L 09/27/2026 - 15:57:13: [SM]   [1] Line 597, D:\SteamLibrary\steamapps\common\Left 4 Dead 2\left4dead2\addons\sourcemod\scripting\l4d2_tank_core v4_7.sp::DropItemsPhysically
L 09/27/2026 - 15:57:13: [SM]   [2] Line 516, D:\SteamLibrary\steamapps\common\Left 4 Dead 2\left4dead2\addons\sourcemod\scripting\l4d2_tank_core v4_7.sp::Event_PlayerHurt
L 09/27/2026 - 15:57:27: [SM] Exception reported: Language phrase "Please wait to be revived or rescued" not found (arg 6)
L 09/27/2026 - 15:57:27: [SM] Blaming: l4dmultislots.smx
L 09/27/2026 - 15:57:27: [SM] Call stack trace:
L 09/27/2026 - 15:57:27: [SM]   [0] PrintToChat
L 09/27/2026 - 15:57:27: [SM]   [1] Line 953, d:\Github\Private-Work\L4D2-插件\scripting_1.11\l4dmultislots.sp::Timer_SpecCheck
L 09/27/2026 - 15:57:48: [SM] Exception reported: Property "m_vecAngularVelocity" not found (entity 339/weapon_shotgun_spas)
L 09/27/2026 - 15:57:48: [SM] Blaming: l4d2_tank_core v4_7.smx
L 09/27/2026 - 15:57:48: [SM] Call stack trace:
L 09/27/2026 - 15:57:48: [SM]   [0] SetEntPropVector
L 09/27/2026 - 15:57:48: [SM]   [1] Line 597, D:\SteamLibrary\steamapps\common\Left 4 Dead 2\left4dead2\addons\sourcemod\scripting\l4d2_tank_core v4_7.sp::DropItemsPhysically
L 09/27/2026 - 15:57:48: [SM]   [2] Line 516, D:\SteamLibrary\steamapps\common\Left 4 Dead 2\left4dead2\addons\sourcemod\scripting\l4d2_tank_core v4_7.sp::Event_PlayerHurt
L 09/27/2026 - 15:57:52: [SM] Exception reported: Language phrase "Please wait to be revived or rescued" not found (arg 6)
L 09/27/2026 - 15:57:52: [SM] Blaming: l4dmultislots.smx
L 09/27/2026 - 15:57:52: [SM] Call stack trace:
L 09/27/2026 - 15:57:52: [SM]   [0] PrintToChat
L 09/27/2026 - 15:57:52: [SM]   [1] Line 953, d:\Github\Private-Work\L4D2-插件\scripting_1.11\l4dmultislots.sp::Timer_SpecCheck
L 09/27/2026 - 15:57:53: [SM] Exception reported: Property "m_vecAngularVelocity" not found (entity 255/weapon_pistol)
L 09/27/2026 - 15:57:53: [SM] Blaming: l4d2_tank_core v4_7.smx
L 09/27/2026 - 15:57:53: [SM] Call stack trace:
L 09/27/2026 - 15:57:53: [SM]   [0] SetEntPropVector
L 09/27/2026 - 15:57:53: [SM]   [1] Line 597, D:\SteamLibrary\steamapps\common\Left 4 Dead 2\left4dead2\addons\sourcemod\scripting\l4d2_tank_core v4_7.sp::DropItemsPhysically
L 09/27/2026 - 15:57:53: [SM]   [2] Line 516, D:\SteamLibrary\steamapps\common\Left 4 Dead 2\left4dead2\addons\sourcemod\scripting\l4d2_tank_core v4_7.sp::Event_PlayerHurt
L 09/27/2026 - 15:58:20: [SM] Exception reported: Property "m_vecAngularVelocity" not found (entity 29/weapon_shotgun_chrome)
L 09/27/2026 - 15:58:20: [SM] Blaming: l4d2_tank_core v4_7.smx
L 09/27/2026 - 15:58:20: [SM] Call stack trace:
L 09/27/2026 - 15:58:20: [SM]   [0] SetEntPropVector
L 09/27/2026 - 15:58:20: [SM]   [1] Line 597, D:\SteamLibrary\steamapps\common\Left 4 Dead 2\left4dead2\addons\sourcemod\scripting\l4d2_tank_core v4_7.sp::DropItemsPhysically
L 09/27/2026 - 15:58:20: [SM]   [2] Line 516, D:\SteamLibrary\steamapps\common\Left 4 Dead 2\left4dead2\addons\sourcemod\scripting\l4d2_tank_core v4_7.sp::Event_PlayerHurt
L 09/27/2026 - 15:58:50: [SM] Exception reported: Language phrase "Please wait to be revived or rescued" not found (arg 6)
L 09/27/2026 - 15:58:50: [SM] Blaming: l4dmultislots.smx
L 09/27/2026 - 15:58:50: [SM] Call stack trace:
L 09/27/2026 - 15:58:50: [SM]   [0] PrintToChat
L 09/27/2026 - 15:58:50: [SM]   [1] Line 953, d:\Github\Private-Work\L4D2-插件\scripting_1.11\l4dmultislots.sp::Timer_SpecCheck
L 09/27/2026 - 15:58:54: [SM] Exception reported: Array index out-of-bounds (index 14, limit 12)
L 09/27/2026 - 15:58:54: [SM] Blaming: l4d2_tank_props_rock_v3.smx
L 09/27/2026 - 15:58:54: [SM] Call stack trace:
L 09/27/2026 - 15:58:54: [SM]   [1] Line 222, D:\SteamLibrary\steamapps\common\Left 4 Dead 2\left4dead2\addons\sourcemod\scripting\l4d2_tank_props_rock_v3.sp::Throw
L 09/27/2026 - 15:59:15: [SM] Exception reported: Language phrase "Please wait to be revived or rescued" not found (arg 6)
L 09/27/2026 - 15:59:15: [SM] Blaming: l4dmultislots.smx
L 09/27/2026 - 15:59:15: [SM] Call stack trace:
L 09/27/2026 - 15:59:15: [SM]   [0] PrintToChat
L 09/27/2026 - 15:59:15: [SM]   [1] Line 953, d:\Github\Private-Work\L4D2-插件\scripting_1.11\l4dmultislots.sp::Timer_SpecCheck
L 09/27/2026 - 15:59:16: [SM] Exception reported: Array index out-of-bounds (index 12, limit 12)
L 09/27/2026 - 15:59:16: [SM] Blaming: l4d2_tank_props_rock_v3.smx
L 09/27/2026 - 15:59:16: [SM] Call stack trace:
L 09/27/2026 - 15:59:16: [SM]   [1] Line 222, D:\SteamLibrary\steamapps\common\Left 4 Dead 2\left4dead2\addons\sourcemod\scripting\l4d2_tank_props_rock_v3.sp::Throw
L 09/27/2026 - 15:59:40: [SM] Exception reported: Language phrase "Please wait to be revived or rescued" not found (arg 6)
L 09/27/2026 - 15:59:40: [SM] Blaming: l4dmultislots.smx
L 09/27/2026 - 15:59:40: [SM] Call stack trace:
L 09/27/2026 - 15:59:40: [SM]   [0] PrintToChat
L 09/27/2026 - 15:59:40: [SM]   [1] Line 953, d:\Github\Private-Work\L4D2-插件\scripting_1.11\l4dmultislots.sp::Timer_SpecCheck
L 09/27/2026 - 15:59:44: [SM] Exception reported: Property "m_vecOrigin" not found (entity 287/predicted_viewmodel)
L 09/27/2026 - 15:59:44: [SM] Blaming: l4d2_tank_props_rock_v3.smx
L 09/27/2026 - 15:59:44: [SM] Call stack trace:
L 09/27/2026 - 15:59:44: [SM]   [0] GetEntPropVector
L 09/27/2026 - 15:59:44: [SM]   [1] Line 310, D:\SteamLibrary\steamapps\common\Left 4 Dead 2\left4dead2\addons\sourcemod\scripting\l4d2_tank_props_rock_v3.sp::Explosion
L 09/27/2026 - 15:59:55: [SM] Exception reported: Array index out-of-bounds (index 13, limit 12)
L 09/27/2026 - 15:59:55: [SM] Blaming: l4d2_tank_props_rock_v3.smx
L 09/27/2026 - 15:59:55: [SM] Call stack trace:
L 09/27/2026 - 15:59:55: [SM]   [1] Line 222, D:\SteamLibrary\steamapps\common\Left 4 Dead 2\left4dead2\addons\sourcemod\scripting\l4d2_tank_props_rock_v3.sp::Throw
L 09/27/2026 - 16:00:05: [SM] Exception reported: Language phrase "Please wait to be revived or rescued" not found (arg 6)
L 09/27/2026 - 16:00:05: [SM] Blaming: l4dmultislots.smx
L 09/27/2026 - 16:00:05: [SM] Call stack trace:
L 09/27/2026 - 16:00:05: [SM]   [0] PrintToChat
L 09/27/2026 - 16:00:05: [SM]   [1] Line 953, d:\Github\Private-Work\L4D2-插件\scripting_1.11\l4dmultislots.sp::Timer_SpecCheck
L 09/27/2026 - 16:00:18: [SM] Exception reported: Array index out-of-bounds (index 15, limit 12)
L 09/27/2026 - 16:00:18: [SM] Blaming: l4d2_tank_props_rock_v3.smx
L 09/27/2026 - 16:00:18: [SM] Call stack trace:
L 09/27/2026 - 16:00:18: [SM]   [1] Line 222, D:\SteamLibrary\steamapps\common\Left 4 Dead 2\left4dead2\addons\sourcemod\scripting\l4d2_tank_props_rock_v3.sp::Throw
L 09/27/2026 - 16:00:30: [SM] Exception reported: Language phrase "Please wait to be revived or rescued" not found (arg 6)
L 09/27/2026 - 16:00:30: [SM] Blaming: l4dmultislots.smx
L 09/27/2026 - 16:00:30: [SM] Call stack trace:
L 09/27/2026 - 16:00:30: [SM]   [0] PrintToChat
L 09/27/2026 - 16:00:30: [SM]   [1] Line 953, d:\Github\Private-Work\L4D2-插件\scripting_1.11\l4dmultislots.sp::Timer_SpecCheck
L 09/27/2026 - 16:00:55: [SM] Exception reported: Language phrase "Please wait to be revived or rescued" not found (arg 6)
L 09/27/2026 - 16:00:55: [SM] Blaming: l4dmultislots.smx
L 09/27/2026 - 16:00:55: [SM] Call stack trace:
L 09/27/2026 - 16:00:55: [SM]   [0] PrintToChat
L 09/27/2026 - 16:00:55: [SM]   [1] Line 953, d:\Github\Private-Work\L4D2-插件\scripting_1.11\l4dmultislots.sp::Timer_SpecCheck
L 09/27/2026 - 16:01:12: [SM] Exception reported: Invalid timer handle 15200574 (error 3)
L 09/27/2026 - 16:01:12: [SM] Blaming: l4d2_playerjoining_v3.smx
L 09/27/2026 - 16:01:12: [SM] Call stack trace:
L 09/27/2026 - 16:01:12: [SM]   [0] KillTimer
L 09/27/2026 - 16:01:12: [SM]   [1] Line 56, D:\SteamLibrary\steamapps\common\Left 4 Dead 2\left4dead2\addons\sourcemod\scripting\l4d2_playerjoining_v3.sp::OnClientDisconnect
L 09/27/2026 - 16:01:20: [SM] Exception reported: Property "m_vecAngularVelocity" not found (entity 337/weapon_rifle_desert)
L 09/27/2026 - 16:01:20: [SM] Blaming: l4d2_tank_core v4_7.smx
L 09/27/2026 - 16:01:20: [SM] Call stack trace:
L 09/27/2026 - 16:01:20: [SM]   [0] SetEntPropVector
L 09/27/2026 - 16:01:20: [SM]   [1] Line 597, D:\SteamLibrary\steamapps\common\Left 4 Dead 2\left4dead2\addons\sourcemod\scripting\l4d2_tank_core v4_7.sp::DropItemsPhysically
L 09/27/2026 - 16:01:20: [SM]   [2] Line 516, D:\SteamLibrary\steamapps\common\Left 4 Dead 2\left4dead2\addons\sourcemod\scripting\l4d2_tank_core v4_7.sp::Event_PlayerHurt
L 09/27/2026 - 16:01:20: [SM] Exception reported: Language phrase "Please wait to be revived or rescued" not found (arg 6)
L 09/27/2026 - 16:01:20: [SM] Blaming: l4dmultislots.smx
L 09/27/2026 - 16:01:20: [SM] Call stack trace:
L 09/27/2026 - 16:01:20: [SM]   [0] PrintToChat
L 09/27/2026 - 16:01:20: [SM]   [1] Line 953, d:\Github\Private-Work\L4D2-插件\scripting_1.11\l4dmultislots.sp::Timer_SpecCheck
L 09/27/2026 - 16:01:45: [SM] Exception reported: Language phrase "Please wait to be revived or rescued" not found (arg 6)
L 09/27/2026 - 16:01:45: [SM] Blaming: l4dmultislots.smx
L 09/27/2026 - 16:01:45: [SM] Call stack trace:
L 09/27/2026 - 16:01:45: [SM]   [0] PrintToChat
L 09/27/2026 - 16:01:45: [SM]   [1] Line 953, d:\Github\Private-Work\L4D2-插件\scripting_1.11\l4dmultislots.sp::Timer_SpecCheck
L 09/27/2026 - 16:02:10: [SM] Exception reported: Language phrase "Please wait to be revived or rescued" not found (arg 6)
L 09/27/2026 - 16:02:10: [SM] Blaming: l4dmultislots.smx
L 09/27/2026 - 16:02:10: [SM] Call stack trace:
L 09/27/2026 - 16:02:10: [SM]   [0] PrintToChat
L 09/27/2026 - 16:02:10: [SM]   [1] Line 953, d:\Github\Private-Work\L4D2-插件\scripting_1.11\l4dmultislots.sp::Timer_SpecCheck
L 09/27/2026 - 16:02:24: [SM] Exception reported: Invalid timer handle 15200574 (error 3)
L 09/27/2026 - 16:02:24: [SM] Blaming: l4d2_playerjoining_v3.smx
L 09/27/2026 - 16:02:24: [SM] Call stack trace:
L 09/27/2026 - 16:02:24: [SM]   [0] KillTimer
L 09/27/2026 - 16:02:24: [SM]   [1] Line 56, D:\SteamLibrary\steamapps\common\Left 4 Dead 2\left4dead2\addons\sourcemod\scripting\l4d2_playerjoining_v3.sp::OnClientDisconnect
L 09/27/2026 - 16:02:26: Error log file session closed.
L 09/27/2026 - 16:02:26: SourceMod error session started
L 09/27/2026 - 16:02:26: Info (map "c1m3_mall") (file "d:\steamlibrary\steamapps\common\left 4 dead 2\left4dead2\addons\sourcemod\logs\errors_20260927.log")
L 09/27/2026 - 16:02:26: [SM] Fatal error encountered parsing translation file "l4d_nth.phrases.txt"
L 09/27/2026 - 16:02:26: [SM] Error (line 0, column 0): Stream failed to open
L 09/27/2026 - 16:02:26: [SM] Fatal error encountered parsing translation file "chargersteering.phrases.txt"
L 09/27/2026 - 16:02:26: [SM] Error (line 0, column 0): Stream failed to open
L 09/27/2026 - 16:02:28: [l4d2_publicity.smx] [Publicity] No se encontraron mensajes en el archivo de configuración
L 09/27/2026 - 16:02:28: [SM] Exception reported: Array index out-of-bounds (index 12, limit 12)
L 09/27/2026 - 16:02:28: [SM] Blaming: l4d2_tank_props_rock_v3.smx
L 09/27/2026 - 16:02:28: [SM] Call stack trace:
L 09/27/2026 - 16:02:28: [SM]   [1] Line 142, D:\SteamLibrary\steamapps\common\Left 4 Dead 2\left4dead2\addons\sourcemod\scripting\l4d2_tank_props_rock_v3.sp::OnMapStart
L 09/27/2026 - 16:02:52: [SM] Exception reported: Invalid timer handle 15200574 (error 3)
L 09/27/2026 - 16:02:52: [SM] Blaming: l4d2_playerjoining_v3.smx
L 09/27/2026 - 16:02:52: [SM] Call stack trace:
L 09/27/2026 - 16:02:52: [SM]   [0] KillTimer
L 09/27/2026 - 16:02:52: [SM]   [1] Line 56, D:\SteamLibrary\steamapps\common\Left 4 Dead 2\left4dead2\addons\sourcemod\scripting\l4d2_playerjoining_v3.sp::OnClientDisconnect
L 09/27/2026 - 16:03:00: [SM] Exception reported: Invalid timer handle 15200574 (error 3)
L 09/27/2026 - 16:03:00: [SM] Blaming: l4d2_playerjoining_v3.smx
L 09/27/2026 - 16:03:00: [SM] Call stack trace:
L 09/27/2026 - 16:03:00: [SM]   [0] KillTimer
L 09/27/2026 - 16:03:00: [SM]   [1] Line 56, D:\SteamLibrary\steamapps\common\Left 4 Dead 2\left4dead2\addons\sourcemod\scripting\l4d2_playerjoining_v3.sp::OnClientDisconnect
L 09/27/2026 - 16:03:25: [SM] Exception reported: Array index out-of-bounds (index 15, limit 12)
L 09/27/2026 - 16:03:25: [SM] Blaming: l4d2_tank_props_rock_v3.smx
L 09/27/2026 - 16:03:25: [SM] Call stack trace:
L 09/27/2026 - 16:03:25: [SM]   [1] Line 222, D:\SteamLibrary\steamapps\common\Left 4 Dead 2\left4dead2\addons\sourcemod\scripting\l4d2_tank_props_rock_v3.sp::Throw
L 09/27/2026 - 16:03:25: [SM] Exception reported: Array index out-of-bounds (index 12, limit 12)
L 09/27/2026 - 16:03:25: [SM] Blaming: l4d2_tank_props_rock_v3.smx
L 09/27/2026 - 16:03:25: [SM] Call stack trace:
L 09/27/2026 - 16:03:25: [SM]   [1] Line 222, D:\SteamLibrary\steamapps\common\Left 4 Dead 2\left4dead2\addons\sourcemod\scripting\l4d2_tank_props_rock_v3.sp::Throw
L 09/27/2026 - 16:04:11: [SM] Exception reported: Language phrase "Please wait to be revived or rescued" not found (arg 6)
L 09/27/2026 - 16:04:11: [SM] Blaming: l4dmultislots.smx
L 09/27/2026 - 16:04:11: [SM] Call stack trace:
L 09/27/2026 - 16:04:11: [SM]   [0] PrintToChat
L 09/27/2026 - 16:04:11: [SM]   [1] Line 953, d:\Github\Private-Work\L4D2-插件\scripting_1.11\l4dmultislots.sp::Timer_SpecCheck
L 09/27/2026 - 16:04:17: [SM] Exception reported: Array index out-of-bounds (index 13, limit 12)
L 09/27/2026 - 16:04:17: [SM] Blaming: l4d2_tank_props_rock_v3.smx
L 09/27/2026 - 16:04:17: [SM] Call stack trace:
L 09/27/2026 - 16:04:17: [SM]   [1] Line 222, D:\SteamLibrary\steamapps\common\Left 4 Dead 2\left4dead2\addons\sourcemod\scripting\l4d2_tank_props_rock_v3.sp::Throw
L 09/27/2026 - 16:04:59: [SM] Exception reported: Invalid timer handle 21d00597 (error 1)
L 09/27/2026 - 16:04:59: [SM] Blaming: l4d2_playerjoining_v3.smx
L 09/27/2026 - 16:04:59: [SM] Call stack trace:
L 09/27/2026 - 16:04:59: [SM]   [0] KillTimer
L 09/27/2026 - 16:04:59: [SM]   [1] Line 56, D:\SteamLibrary\steamapps\common\Left 4 Dead 2\left4dead2\addons\sourcemod\scripting\l4d2_playerjoining_v3.sp::OnClientDisconnect
L 09/27/2026 - 16:05:01: [SM] Exception reported: Language phrase "Please wait to be revived or rescued" not found (arg 6)
L 09/27/2026 - 16:05:01: [SM] Blaming: l4dmultislots.smx
L 09/27/2026 - 16:05:01: [SM] Call stack trace:
L 09/27/2026 - 16:05:01: [SM]   [0] PrintToChat
L 09/27/2026 - 16:05:01: [SM]   [1] Line 953, d:\Github\Private-Work\L4D2-插件\scripting_1.11\l4dmultislots.sp::Timer_SpecCheck
L 09/27/2026 - 16:05:11: [SM] Exception reported: Invalid timer handle 21d00597 (error 3)
L 09/27/2026 - 16:05:11: [SM] Blaming: l4d2_playerjoining_v3.smx
L 09/27/2026 - 16:05:11: [SM] Call stack trace:
L 09/27/2026 - 16:05:11: [SM]   [0] KillTimer
L 09/27/2026 - 16:05:11: [SM]   [1] Line 56, D:\SteamLibrary\steamapps\common\Left 4 Dead 2\left4dead2\addons\sourcemod\scripting\l4d2_playerjoining_v3.sp::OnClientDisconnect
L 09/27/2026 - 16:05:51: [SM] Exception reported: Language phrase "Please wait to be revived or rescued" not found (arg 6)
L 09/27/2026 - 16:05:51: [SM] Blaming: l4dmultislots.smx
L 09/27/2026 - 16:05:51: [SM] Call stack trace:
L 09/27/2026 - 16:05:51: [SM]   [0] PrintToChat
L 09/27/2026 - 16:05:51: [SM]   [1] Line 953, d:\Github\Private-Work\L4D2-插件\scripting_1.11\l4dmultislots.sp::Timer_SpecCheck
L 09/27/2026 - 16:05:57: [SM] Exception reported: Using two team colors in one message is not allowed
L 09/27/2026 - 16:05:57: [SM] Blaming: smd_texture_manager_block_test.smx
L 09/27/2026 - 16:05:57: [SM] Call stack trace:
L 09/27/2026 - 16:05:57: [SM]   [0] ThrowError
L 09/27/2026 - 16:05:57: [SM]   [1] Line 422, D:\SteamLibrary\steamapps\common\Left 4 Dead 2\left4dead2\addons\sourcemod\scripting\include\multicolors\colors.inc::C_Format
L 09/27/2026 - 16:05:57: [SM]   [2] Line 85, D:\SteamLibrary\steamapps\common\Left 4 Dead 2\left4dead2\addons\sourcemod\scripting\include\multicolors\colors.inc::C_PrintToChat
L 09/27/2026 - 16:05:57: [SM]   [3] Line 76, D:\SteamLibrary\steamapps\common\Left 4 Dead 2\left4dead2\addons\sourcemod\scripting\include\multicolors.inc::CPrintToChat
L 09/27/2026 - 16:05:57: [SM]   [4] Line 369, D:\SteamLibrary\steamapps\common\Left 4 Dead 2\left4dead2\addons\sourcemod\scripting\smd_texture_manager_block_test.sp::SendTechnicalWarning
L 09/27/2026 - 16:05:57: [SM]   [5] Line 352, D:\SteamLibrary\steamapps\common\Left 4 Dead 2\left4dead2\addons\sourcemod\scripting\smd_texture_manager_block_test.sp::_EnforceCliSettings_QueryReply
L 09/27/2026 - 16:06:16: [SM] Exception reported: Language phrase "Please wait to be revived or rescued" not found (arg 6)
L 09/27/2026 - 16:06:16: [SM] Blaming: l4dmultislots.smx
L 09/27/2026 - 16:06:16: [SM] Call stack trace:
L 09/27/2026 - 16:06:16: [SM]   [0] PrintToChat
L 09/27/2026 - 16:06:16: [SM]   [1] Line 953, d:\Github\Private-Work\L4D2-插件\scripting_1.11\l4dmultislots.sp::Timer_SpecCheck
L 09/27/2026 - 16:06:27: [SM] Exception reported: Property "m_vecAngularVelocity" not found (entity 392/weapon_pumpshotgun)
L 09/27/2026 - 16:06:27: [SM] Blaming: l4d2_tank_core v4_7.smx
L 09/27/2026 - 16:06:27: [SM] Call stack trace:
L 09/27/2026 - 16:06:27: [SM]   [0] SetEntPropVector
L 09/27/2026 - 16:06:27: [SM]   [1] Line 597, D:\SteamLibrary\steamapps\common\Left 4 Dead 2\left4dead2\addons\sourcemod\scripting\l4d2_tank_core v4_7.sp::DropItemsPhysically
L 09/27/2026 - 16:06:27: [SM]   [2] Line 516, D:\SteamLibrary\steamapps\common\Left 4 Dead 2\left4dead2\addons\sourcemod\scripting\l4d2_tank_core v4_7.sp::Event_PlayerHurt
L 09/27/2026 - 16:06:41: [SM] Exception reported: Language phrase "Please wait to be revived or rescued" not found (arg 6)
L 09/27/2026 - 16:06:41: [SM] Blaming: l4dmultislots.smx
L 09/27/2026 - 16:06:41: [SM] Call stack trace:
L 09/27/2026 - 16:06:41: [SM]   [0] PrintToChat
L 09/27/2026 - 16:06:41: [SM]   [1] Line 953, d:\Github\Private-Work\L4D2-插件\scripting_1.11\l4dmultislots.sp::Timer_SpecCheck
L 09/27/2026 - 16:07:06: [SM] Exception reported: Language phrase "Please wait to be revived or rescued" not found (arg 6)
L 09/27/2026 - 16:07:06: [SM] Blaming: l4dmultislots.smx
L 09/27/2026 - 16:07:06: [SM] Call stack trace:
L 09/27/2026 - 16:07:06: [SM]   [0] PrintToChat
L 09/27/2026 - 16:07:06: [SM]   [1] Line 953, d:\Github\Private-Work\L4D2-插件\scripting_1.11\l4dmultislots.sp::Timer_SpecCheck
L 09/27/2026 - 16:07:29: [SM] Exception reported: Property "m_vecAngularVelocity" not found (entity 88/weapon_shotgun_spas)
L 09/27/2026 - 16:07:29: [SM] Blaming: l4d2_tank_core v4_7.smx
L 09/27/2026 - 16:07:29: [SM] Call stack trace:
L 09/27/2026 - 16:07:29: [SM]   [0] SetEntPropVector
L 09/27/2026 - 16:07:29: [SM]   [1] Line 597, D:\SteamLibrary\steamapps\common\Left 4 Dead 2\left4dead2\addons\sourcemod\scripting\l4d2_tank_core v4_7.sp::DropItemsPhysically
L 09/27/2026 - 16:07:29: [SM]   [2] Line 516, D:\SteamLibrary\steamapps\common\Left 4 Dead 2\left4dead2\addons\sourcemod\scripting\l4d2_tank_core v4_7.sp::Event_PlayerHurt
L 09/27/2026 - 16:07:38: [SM] Exception reported: Invalid timer handle 15200574 (error 3)
L 09/27/2026 - 16:07:38: [SM] Blaming: l4d2_playerjoining_v3.smx
L 09/27/2026 - 16:07:38: [SM] Call stack trace:
L 09/27/2026 - 16:07:38: [SM]   [0] KillTimer
L 09/27/2026 - 16:07:38: [SM]   [1] Line 56, D:\SteamLibrary\steamapps\common\Left 4 Dead 2\left4dead2\addons\sourcemod\scripting\l4d2_playerjoining_v3.sp::OnClientDisconnect
L 09/27/2026 - 16:07:38: [SM] Exception reported: Invalid timer handle 245005a3 (error 1)
L 09/27/2026 - 16:07:38: [SM] Blaming: l4d2_playerjoining_v3.smx
L 09/27/2026 - 16:07:38: [SM] Call stack trace:
L 09/27/2026 - 16:07:38: [SM]   [0] KillTimer
L 09/27/2026 - 16:07:38: [SM]   [1] Line 56, D:\SteamLibrary\steamapps\common\Left 4 Dead 2\left4dead2\addons\sourcemod\scripting\l4d2_playerjoining_v3.sp::OnClientDisconnect
L 09/27/2026 - 16:07:38: [SM] Exception reported: Invalid timer handle 312005b3 (error 3)
L 09/27/2026 - 16:07:38: [SM] Blaming: l4d2_playerjoining_v3.smx
L 09/27/2026 - 16:07:38: [SM] Call stack trace:
L 09/27/2026 - 16:07:38: [SM]   [0] KillTimer
L 09/27/2026 - 16:07:38: [SM]   [1] Line 56, D:\SteamLibrary\steamapps\common\Left 4 Dead 2\left4dead2\addons\sourcemod\scripting\l4d2_playerjoining_v3.sp::OnClientDisconnect
L 09/27/2026 - 16:07:39: Error log file session closed.
L 09/27/2026 - 16:07:39: SourceMod error session started
L 09/27/2026 - 16:07:39: Info (map "c1m4_atrium") (file "d:\steamlibrary\steamapps\common\left 4 dead 2\left4dead2\addons\sourcemod\logs\errors_20260927.log")
L 09/27/2026 - 16:07:39: [SM] Fatal error encountered parsing translation file "l4d_nth.phrases.txt"
L 09/27/2026 - 16:07:39: [SM] Error (line 0, column 0): Stream failed to open
L 09/27/2026 - 16:07:39: [SM] Fatal error encountered parsing translation file "chargersteering.phrases.txt"
L 09/27/2026 - 16:07:39: [SM] Error (line 0, column 0): Stream failed to open
L 09/27/2026 - 16:07:42: [l4d2_publicity.smx] [Publicity] No se encontraron mensajes en el archivo de configuración
L 09/27/2026 - 16:07:42: [SM] Exception reported: Array index out-of-bounds (index 12, limit 12)
L 09/27/2026 - 16:07:42: [SM] Blaming: l4d2_tank_props_rock_v3.smx
L 09/27/2026 - 16:07:42: [SM] Call stack trace:
L 09/27/2026 - 16:07:42: [SM]   [1] Line 142, D:\SteamLibrary\steamapps\common\Left 4 Dead 2\left4dead2\addons\sourcemod\scripting\l4d2_tank_props_rock_v3.sp::OnMapStart
L 09/27/2026 - 16:08:06: [SM] Exception reported: Invalid timer handle 245005a3 (error 1)
L 09/27/2026 - 16:08:06: [SM] Blaming: l4d2_playerjoining_v3.smx
L 09/27/2026 - 16:08:06: [SM] Call stack trace:
L 09/27/2026 - 16:08:06: [SM]   [0] KillTimer
L 09/27/2026 - 16:08:06: [SM]   [1] Line 56, D:\SteamLibrary\steamapps\common\Left 4 Dead 2\left4dead2\addons\sourcemod\scripting\l4d2_playerjoining_v3.sp::OnClientDisconnect
L 09/27/2026 - 16:08:13: [SM] Exception reported: Invalid timer handle 15200574 (error 3)
L 09/27/2026 - 16:08:13: [SM] Blaming: l4d2_playerjoining_v3.smx
L 09/27/2026 - 16:08:13: [SM] Call stack trace:
L 09/27/2026 - 16:08:13: [SM]   [0] KillTimer
L 09/27/2026 - 16:08:13: [SM]   [1] Line 56, D:\SteamLibrary\steamapps\common\Left 4 Dead 2\left4dead2\addons\sourcemod\scripting\l4d2_playerjoining_v3.sp::OnClientDisconnect
L 09/27/2026 - 16:08:14: [SM] Exception reported: Using two team colors in one message is not allowed
L 09/27/2026 - 16:08:14: [SM] Blaming: smd_texture_manager_block_test.smx
L 09/27/2026 - 16:08:14: [SM] Call stack trace:
L 09/27/2026 - 16:08:14: [SM]   [0] ThrowError
L 09/27/2026 - 16:08:14: [SM]   [1] Line 422, D:\SteamLibrary\steamapps\common\Left 4 Dead 2\left4dead2\addons\sourcemod\scripting\include\multicolors\colors.inc::C_Format
L 09/27/2026 - 16:08:14: [SM]   [2] Line 85, D:\SteamLibrary\steamapps\common\Left 4 Dead 2\left4dead2\addons\sourcemod\scripting\include\multicolors\colors.inc::C_PrintToChat
L 09/27/2026 - 16:08:14: [SM]   [3] Line 76, D:\SteamLibrary\steamapps\common\Left 4 Dead 2\left4dead2\addons\sourcemod\scripting\include\multicolors.inc::CPrintToChat
L 09/27/2026 - 16:08:14: [SM]   [4] Line 369, D:\SteamLibrary\steamapps\common\Left 4 Dead 2\left4dead2\addons\sourcemod\scripting\smd_texture_manager_block_test.sp::SendTechnicalWarning
L 09/27/2026 - 16:08:14: [SM]   [5] Line 352, D:\SteamLibrary\steamapps\common\Left 4 Dead 2\left4dead2\addons\sourcemod\scripting\smd_texture_manager_block_test.sp::_EnforceCliSettings_QueryReply
L 09/27/2026 - 16:09:23: [SM] Exception reported: Invalid timer handle 15200574 (error 3)
L 09/27/2026 - 16:09:23: [SM] Blaming: l4d2_playerjoining_v3.smx
L 09/27/2026 - 16:09:23: [SM] Call stack trace:
L 09/27/2026 - 16:09:23: [SM]   [0] KillTimer
L 09/27/2026 - 16:09:23: [SM]   [1] Line 56, D:\SteamLibrary\steamapps\common\Left 4 Dead 2\left4dead2\addons\sourcemod\scripting\l4d2_playerjoining_v3.sp::OnClientDisconnect
L 09/27/2026 - 16:10:12: [SM] Exception reported: Invalid timer handle 15200574 (error 3)
L 09/27/2026 - 16:10:12: [SM] Blaming: l4d2_playerjoining_v3.smx
L 09/27/2026 - 16:10:12: [SM] Call stack trace:
L 09/27/2026 - 16:10:12: [SM]   [0] KillTimer
L 09/27/2026 - 16:10:12: [SM]   [1] Line 56, D:\SteamLibrary\steamapps\common\Left 4 Dead 2\left4dead2\addons\sourcemod\scripting\l4d2_playerjoining_v3.sp::OnClientDisconnect
L 09/27/2026 - 16:10:24: [SM] Exception reported: Array index out-of-bounds (index 12, limit 12)
L 09/27/2026 - 16:10:24: [SM] Blaming: l4d2_tank_props_rock_v3.smx
L 09/27/2026 - 16:10:24: [SM] Call stack trace:
L 09/27/2026 - 16:10:24: [SM]   [1] Line 222, D:\SteamLibrary\steamapps\common\Left 4 Dead 2\left4dead2\addons\sourcemod\scripting\l4d2_tank_props_rock_v3.sp::Throw
L 09/27/2026 - 16:11:02: [SM] Exception reported: Invalid timer handle 245005a3 (error 1)
L 09/27/2026 - 16:11:02: [SM] Blaming: l4d2_playerjoining_v3.smx
L 09/27/2026 - 16:11:02: [SM] Call stack trace:
L 09/27/2026 - 16:11:02: [SM]   [0] KillTimer
L 09/27/2026 - 16:11:02: [SM]   [1] Line 56, D:\SteamLibrary\steamapps\common\Left 4 Dead 2\left4dead2\addons\sourcemod\scripting\l4d2_playerjoining_v3.sp::OnClientDisconnect
L 09/27/2026 - 16:11:03: [SM] Exception reported: Language phrase "Please wait to be revived or rescued" not found (arg 6)
L 09/27/2026 - 16:11:03: [SM] Blaming: l4dmultislots.smx
L 09/27/2026 - 16:11:03: [SM] Call stack trace:
L 09/27/2026 - 16:11:03: [SM]   [0] PrintToChat
L 09/27/2026 - 16:11:03: [SM]   [1] Line 953, d:\Github\Private-Work\L4D2-插件\scripting_1.11\l4dmultislots.sp::Timer_SpecCheck
L 09/27/2026 - 16:11:38: [SM] Exception reported: Invalid timer handle 15200574 (error 3)
L 09/27/2026 - 16:11:38: [SM] Blaming: l4d2_playerjoining_v3.smx
L 09/27/2026 - 16:11:38: [SM] Call stack trace:
L 09/27/2026 - 16:11:38: [SM]   [0] KillTimer
L 09/27/2026 - 16:11:38: [SM]   [1] Line 56, D:\SteamLibrary\steamapps\common\Left 4 Dead 2\left4dead2\addons\sourcemod\scripting\l4d2_playerjoining_v3.sp::OnClientDisconnect
L 09/27/2026 - 16:11:38: [SM] Exception reported: Invalid timer handle 245005a3 (error 3)
L 09/27/2026 - 16:11:38: [SM] Blaming: l4d2_playerjoining_v3.smx
L 09/27/2026 - 16:11:38: [SM] Call stack trace:
L 09/27/2026 - 16:11:38: [SM]   [0] KillTimer
L 09/27/2026 - 16:11:38: [SM]   [1] Line 56, D:\SteamLibrary\steamapps\common\Left 4 Dead 2\left4dead2\addons\sourcemod\scripting\l4d2_playerjoining_v3.sp::OnClientDisconnect
L 09/27/2026 - 16:11:38: [SM] Exception reported: Invalid timer handle 312005b3 (error 3)
L 09/27/2026 - 16:11:38: [SM] Blaming: l4d2_playerjoining_v3.smx
L 09/27/2026 - 16:11:38: [SM] Call stack trace:
L 09/27/2026 - 16:11:38: [SM]   [0] KillTimer
L 09/27/2026 - 16:11:38: [SM]   [1] Line 56, D:\SteamLibrary\steamapps\common\Left 4 Dead 2\left4dead2\addons\sourcemod\scripting\l4d2_playerjoining_v3.sp::OnClientDisconnect
L 09/27/2026 - 16:11:40: Error log file session closed.
L 09/27/2026 - 16:11:40: SourceMod error session started
L 09/27/2026 - 16:11:40: Info (map "c5m1_waterfront") (file "d:\steamlibrary\steamapps\common\left 4 dead 2\left4dead2\addons\sourcemod\logs\errors_20260927.log")
L 09/27/2026 - 16:11:40: [SM] Fatal error encountered parsing translation file "l4d_nth.phrases.txt"
L 09/27/2026 - 16:11:40: [SM] Error (line 0, column 0): Stream failed to open
L 09/27/2026 - 16:11:40: [SM] Fatal error encountered parsing translation file "chargersteering.phrases.txt"
L 09/27/2026 - 16:11:40: [SM] Error (line 0, column 0): Stream failed to open
L 09/27/2026 - 16:11:42: [l4d2_publicity.smx] [Publicity] No se encontraron mensajes en el archivo de configuración
L 09/27/2026 - 16:11:42: [SM] Exception reported: Array index out-of-bounds (index 12, limit 12)
L 09/27/2026 - 16:11:42: [SM] Blaming: l4d2_tank_props_rock_v3.smx
L 09/27/2026 - 16:11:42: [SM] Call stack trace:
L 09/27/2026 - 16:11:42: [SM]   [1] Line 142, D:\SteamLibrary\steamapps\common\Left 4 Dead 2\left4dead2\addons\sourcemod\scripting\l4d2_tank_props_rock_v3.sp::OnMapStart
L 09/27/2026 - 16:12:13: [SM] Exception reported: Invalid timer handle 15200574 (error 1)
L 09/27/2026 - 16:12:13: [SM] Blaming: l4d2_playerjoining_v3.smx
L 09/27/2026 - 16:12:13: [SM] Call stack trace:
L 09/27/2026 - 16:12:13: [SM]   [0] KillTimer
L 09/27/2026 - 16:12:13: [SM]   [1] Line 56, D:\SteamLibrary\steamapps\common\Left 4 Dead 2\left4dead2\addons\sourcemod\scripting\l4d2_playerjoining_v3.sp::OnClientDisconnect
L 09/27/2026 - 16:12:19: [SM] Exception reported: Invalid timer handle 15200574 (error 3)
L 09/27/2026 - 16:12:19: [SM] Blaming: l4d2_playerjoining_v3.smx
L 09/27/2026 - 16:12:19: [SM] Call stack trace:
L 09/27/2026 - 16:12:19: [SM]   [0] KillTimer
L 09/27/2026 - 16:12:19: [SM]   [1] Line 56, D:\SteamLibrary\steamapps\common\Left 4 Dead 2\left4dead2\addons\sourcemod\scripting\l4d2_playerjoining_v3.sp::OnClientDisconnect
L 09/27/2026 - 16:12:37: [SM] Exception reported: Language phrase "Please wait to be revived or rescued" not found (arg 6)
L 09/27/2026 - 16:12:37: [SM] Blaming: l4dmultislots.smx
L 09/27/2026 - 16:12:37: [SM] Call stack trace:
L 09/27/2026 - 16:12:37: [SM]   [0] PrintToChat
L 09/27/2026 - 16:12:37: [SM]   [1] Line 953, d:\Github\Private-Work\L4D2-插件\scripting_1.11\l4dmultislots.sp::Timer_SpecCheck
L 09/27/2026 - 16:13:02: [SM] Exception reported: Language phrase "Please wait to be revived or rescued" not found (arg 6)
L 09/27/2026 - 16:13:02: [SM] Blaming: l4dmultislots.smx
L 09/27/2026 - 16:13:02: [SM] Call stack trace:
L 09/27/2026 - 16:13:02: [SM]   [0] PrintToChat
L 09/27/2026 - 16:13:02: [SM]   [1] Line 953, d:\Github\Private-Work\L4D2-插件\scripting_1.11\l4dmultislots.sp::Timer_SpecCheck
L 09/27/2026 - 16:13:27: [SM] Exception reported: Language phrase "Please wait to be revived or rescued" not found (arg 6)
L 09/27/2026 - 16:13:27: [SM] Blaming: l4dmultislots.smx
L 09/27/2026 - 16:13:27: [SM] Call stack trace:
L 09/27/2026 - 16:13:27: [SM]   [0] PrintToChat
L 09/27/2026 - 16:13:27: [SM]   [1] Line 953, d:\Github\Private-Work\L4D2-插件\scripting_1.11\l4dmultislots.sp::Timer_SpecCheck
L 09/27/2026 - 16:13:52: [SM] Exception reported: Language phrase "Please wait to be revived or rescued" not found (arg 6)
L 09/27/2026 - 16:13:52: [SM] Blaming: l4dmultislots.smx
L 09/27/2026 - 16:13:52: [SM] Call stack trace:
L 09/27/2026 - 16:13:52: [SM]   [0] PrintToChat
L 09/27/2026 - 16:13:52: [SM]   [1] Line 953, d:\Github\Private-Work\L4D2-插件\scripting_1.11\l4dmultislots.sp::Timer_SpecCheck
L 09/27/2026 - 16:14:17: [SM] Exception reported: Language phrase "Please wait to be revived or rescued" not found (arg 6)
L 09/27/2026 - 16:14:17: [SM] Blaming: l4dmultislots.smx
L 09/27/2026 - 16:14:17: [SM] Call stack trace:
L 09/27/2026 - 16:14:17: [SM]   [0] PrintToChat
L 09/27/2026 - 16:14:17: [SM]   [1] Line 953, d:\Github\Private-Work\L4D2-插件\scripting_1.11\l4dmultislots.sp::Timer_SpecCheck
L 09/27/2026 - 16:14:28: [SM] Exception reported: Invalid timer handle 8650059a (error 3)
L 09/27/2026 - 16:14:28: [SM] Blaming: l4d2_playerjoining_v3.smx
L 09/27/2026 - 16:14:28: [SM] Call stack trace:
L 09/27/2026 - 16:14:28: [SM]   [0] KillTimer
L 09/27/2026 - 16:14:28: [SM]   [1] Line 56, D:\SteamLibrary\steamapps\common\Left 4 Dead 2\left4dead2\addons\sourcemod\scripting\l4d2_playerjoining_v3.sp::OnClientDisconnect
L 09/27/2026 - 16:14:29: [SM] Exception reported: Invalid timer handle 15200574 (error 3)
L 09/27/2026 - 16:14:29: [SM] Blaming: l4d2_playerjoining_v3.smx
L 09/27/2026 - 16:14:29: [SM] Call stack trace:
L 09/27/2026 - 16:14:29: [SM]   [0] KillTimer
L 09/27/2026 - 16:14:29: [SM]   [1] Line 56, D:\SteamLibrary\steamapps\common\Left 4 Dead 2\left4dead2\addons\sourcemod\scripting\l4d2_playerjoining_v3.sp::OnClientDisconnect
L 09/27/2026 - 16:14:29: [SM] Exception reported: Invalid timer handle 89c00574 (error 3)
L 09/27/2026 - 16:14:29: [SM] Blaming: l4d2_playerjoining_v3.smx
L 09/27/2026 - 16:14:29: [SM] Call stack trace:
L 09/27/2026 - 16:14:29: [SM]   [0] KillTimer
L 09/27/2026 - 16:14:29: [SM]   [1] Line 56, D:\SteamLibrary\steamapps\common\Left 4 Dead 2\left4dead2\addons\sourcemod\scripting\l4d2_playerjoining_v3.sp::OnClientDisconnect
L 09/27/2026 - 16:14:29: [SM] Exception reported: Invalid timer handle 245005a3 (error 1)
L 09/27/2026 - 16:14:29: [SM] Blaming: l4d2_playerjoining_v3.smx
L 09/27/2026 - 16:14:29: [SM] Call stack trace:
L 09/27/2026 - 16:14:29: [SM]   [0] KillTimer
L 09/27/2026 - 16:14:29: [SM]   [1] Line 56, D:\SteamLibrary\steamapps\common\Left 4 Dead 2\left4dead2\addons\sourcemod\scripting\l4d2_playerjoining_v3.sp::OnClientDisconnect
L 09/27/2026 - 16:14:31: Error log file session closed.
L 09/27/2026 - 16:14:31: SourceMod error session started
L 09/27/2026 - 16:14:31: Info (map "c5m2_park") (file "d:\steamlibrary\steamapps\common\left 4 dead 2\left4dead2\addons\sourcemod\logs\errors_20260927.log")
L 09/27/2026 - 16:14:31: [SM] Fatal error encountered parsing translation file "l4d_nth.phrases.txt"
L 09/27/2026 - 16:14:31: [SM] Error (line 0, column 0): Stream failed to open
L 09/27/2026 - 16:14:31: [SM] Fatal error encountered parsing translation file "chargersteering.phrases.txt"
L 09/27/2026 - 16:14:31: [SM] Error (line 0, column 0): Stream failed to open
L 09/27/2026 - 16:14:33: [l4d2_publicity.smx] [Publicity] No se encontraron mensajes en el archivo de configuración
L 09/27/2026 - 16:14:33: [SM] Exception reported: Array index out-of-bounds (index 12, limit 12)
L 09/27/2026 - 16:14:33: [SM] Blaming: l4d2_tank_props_rock_v3.smx
L 09/27/2026 - 16:14:33: [SM] Call stack trace:
L 09/27/2026 - 16:14:33: [SM]   [1] Line 142, D:\SteamLibrary\steamapps\common\Left 4 Dead 2\left4dead2\addons\sourcemod\scripting\l4d2_tank_props_rock_v3.sp::OnMapStart
L 09/27/2026 - 16:15:05: [SM] Exception reported: Invalid timer handle 15200574 (error 3)
L 09/27/2026 - 16:15:05: [SM] Blaming: l4d2_playerjoining_v3.smx
L 09/27/2026 - 16:15:05: [SM] Call stack trace:
L 09/27/2026 - 16:15:05: [SM]   [0] KillTimer
L 09/27/2026 - 16:15:05: [SM]   [1] Line 56, D:\SteamLibrary\steamapps\common\Left 4 Dead 2\left4dead2\addons\sourcemod\scripting\l4d2_playerjoining_v3.sp::OnClientDisconnect
L 09/27/2026 - 16:16:08: [SM] Exception reported: Array index out-of-bounds (index 12, limit 12)
L 09/27/2026 - 16:16:08: [SM] Blaming: l4d2_tank_props_rock_v3.smx
L 09/27/2026 - 16:16:08: [SM] Call stack trace:
L 09/27/2026 - 16:16:08: [SM]   [1] Line 222, D:\SteamLibrary\steamapps\common\Left 4 Dead 2\left4dead2\addons\sourcemod\scripting\l4d2_tank_props_rock_v3.sp::Throw
L 09/27/2026 - 16:16:08: [SM] Exception reported: Array index out-of-bounds (index 12, limit 12)
L 09/27/2026 - 16:16:08: [SM] Blaming: l4d2_tank_props_rock_v3.smx
L 09/27/2026 - 16:16:08: [SM] Call stack trace:
L 09/27/2026 - 16:16:08: [SM]   [1] Line 222, D:\SteamLibrary\steamapps\common\Left 4 Dead 2\left4dead2\addons\sourcemod\scripting\l4d2_tank_props_rock_v3.sp::Throw
L 09/27/2026 - 16:16:47: [SM] Exception reported: Invalid timer handle 89c00574 (error 3)
L 09/27/2026 - 16:16:47: [SM] Blaming: l4d2_playerjoining_v3.smx
L 09/27/2026 - 16:16:47: [SM] Call stack trace:
L 09/27/2026 - 16:16:47: [SM]   [0] KillTimer
L 09/27/2026 - 16:16:47: [SM]   [1] Line 56, D:\SteamLibrary\steamapps\common\Left 4 Dead 2\left4dead2\addons\sourcemod\scripting\l4d2_playerjoining_v3.sp::OnClientDisconnect
L 09/27/2026 - 16:16:54: [SM] Exception reported: Invalid timer handle 15200574 (error 3)
L 09/27/2026 - 16:16:54: [SM] Blaming: l4d2_playerjoining_v3.smx
L 09/27/2026 - 16:16:54: [SM] Call stack trace:
L 09/27/2026 - 16:16:54: [SM]   [0] KillTimer
L 09/27/2026 - 16:16:54: [SM]   [1] Line 56, D:\SteamLibrary\steamapps\common\Left 4 Dead 2\left4dead2\addons\sourcemod\scripting\l4d2_playerjoining_v3.sp::OnClientDisconnect
L 09/27/2026 - 16:17:08: [SM] Exception reported: Array index out-of-bounds (index 12, limit 12)
L 09/27/2026 - 16:17:08: [SM] Blaming: l4d2_tank_props_rock_v3.smx
L 09/27/2026 - 16:17:08: [SM] Call stack trace:
L 09/27/2026 - 16:17:08: [SM]   [1] Line 222, D:\SteamLibrary\steamapps\common\Left 4 Dead 2\left4dead2\addons\sourcemod\scripting\l4d2_tank_props_rock_v3.sp::Throw
L 09/27/2026 - 16:17:08: [SM] Exception reported: Array index out-of-bounds (index 14, limit 12)
L 09/27/2026 - 16:17:08: [SM] Blaming: l4d2_tank_props_rock_v3.smx
L 09/27/2026 - 16:17:08: [SM] Call stack trace:
L 09/27/2026 - 16:17:08: [SM]   [1] Line 222, D:\SteamLibrary\steamapps\common\Left 4 Dead 2\left4dead2\addons\sourcemod\scripting\l4d2_tank_props_rock_v3.sp::Throw
L 09/27/2026 - 16:17:28: [SM] Exception reported: Property "m_vecAngularVelocity" not found (entity 584/weapon_pistol)
L 09/27/2026 - 16:17:28: [SM] Blaming: l4d2_tank_core v4_7.smx
L 09/27/2026 - 16:17:28: [SM] Call stack trace:
L 09/27/2026 - 16:17:28: [SM]   [0] SetEntPropVector
L 09/27/2026 - 16:17:28: [SM]   [1] Line 597, D:\SteamLibrary\steamapps\common\Left 4 Dead 2\left4dead2\addons\sourcemod\scripting\l4d2_tank_core v4_7.sp::DropItemsPhysically
L 09/27/2026 - 16:17:28: [SM]   [2] Line 516, D:\SteamLibrary\steamapps\common\Left 4 Dead 2\left4dead2\addons\sourcemod\scripting\l4d2_tank_core v4_7.sp::Event_PlayerHurt
L 09/27/2026 - 16:17:29: [SM] Exception reported: Invalid timer handle 8650059a (error 1)
L 09/27/2026 - 16:17:29: [SM] Blaming: l4d2_playerjoining_v3.smx
L 09/27/2026 - 16:17:29: [SM] Call stack trace:
L 09/27/2026 - 16:17:29: [SM]   [0] KillTimer
L 09/27/2026 - 16:17:29: [SM]   [1] Line 56, D:\SteamLibrary\steamapps\common\Left 4 Dead 2\left4dead2\addons\sourcemod\scripting\l4d2_playerjoining_v3.sp::OnClientDisconnect
L 09/27/2026 - 16:17:37: [SM] Exception reported: Invalid timer handle 245005a3 (error 3)
L 09/27/2026 - 16:17:37: [SM] Blaming: l4d2_playerjoining_v3.smx
L 09/27/2026 - 16:17:37: [SM] Call stack trace:
L 09/27/2026 - 16:17:37: [SM]   [0] KillTimer
L 09/27/2026 - 16:17:37: [SM]   [1] Line 56, D:\SteamLibrary\steamapps\common\Left 4 Dead 2\left4dead2\addons\sourcemod\scripting\l4d2_playerjoining_v3.sp::OnClientDisconnect
L 09/27/2026 - 16:17:55: [SM] Exception reported: Language phrase "Please wait to be revived or rescued" not found (arg 6)
L 09/27/2026 - 16:17:55: [SM] Blaming: l4dmultislots.smx
L 09/27/2026 - 16:17:55: [SM] Call stack trace:
L 09/27/2026 - 16:17:55: [SM]   [0] PrintToChat
L 09/27/2026 - 16:17:55: [SM]   [1] Line 953, d:\Github\Private-Work\L4D2-插件\scripting_1.11\l4dmultislots.sp::Timer_SpecCheck
L 09/27/2026 - 16:18:20: [SM] Exception reported: Language phrase "Please wait to be revived or rescued" not found (arg 6)
L 09/27/2026 - 16:18:20: [SM] Blaming: l4dmultislots.smx
L 09/27/2026 - 16:18:20: [SM] Call stack trace:
L 09/27/2026 - 16:18:20: [SM]   [0] PrintToChat
L 09/27/2026 - 16:18:20: [SM]   [1] Line 953, d:\Github\Private-Work\L4D2-插件\scripting_1.11\l4dmultislots.sp::Timer_SpecCheck
L 09/27/2026 - 16:18:46: [SM] Exception reported: Invalid timer handle 89c00574 (error 3)
L 09/27/2026 - 16:18:46: [SM] Blaming: l4d2_playerjoining_v3.smx
L 09/27/2026 - 16:18:46: [SM] Call stack trace:
L 09/27/2026 - 16:18:46: [SM]   [0] KillTimer
L 09/27/2026 - 16:18:46: [SM]   [1] Line 56, D:\SteamLibrary\steamapps\common\Left 4 Dead 2\left4dead2\addons\sourcemod\scripting\l4d2_playerjoining_v3.sp::OnClientDisconnect
L 09/27/2026 - 16:18:46: [SM] Exception reported: Invalid timer handle 245005a3 (error 3)
L 09/27/2026 - 16:18:46: [SM] Blaming: l4d2_playerjoining_v3.smx
L 09/27/2026 - 16:18:46: [SM] Call stack trace:
L 09/27/2026 - 16:18:46: [SM]   [0] KillTimer
L 09/27/2026 - 16:18:46: [SM]   [1] Line 56, D:\SteamLibrary\steamapps\common\Left 4 Dead 2\left4dead2\addons\sourcemod\scripting\l4d2_playerjoining_v3.sp::OnClientDisconnect
L 09/27/2026 - 16:18:46: [SM] Exception reported: Invalid timer handle 8650059a (error 3)
L 09/27/2026 - 16:18:46: [SM] Blaming: l4d2_playerjoining_v3.smx
L 09/27/2026 - 16:18:46: [SM] Call stack trace:
L 09/27/2026 - 16:18:46: [SM]   [0] KillTimer
L 09/27/2026 - 16:18:46: [SM]   [1] Line 56, D:\SteamLibrary\steamapps\common\Left 4 Dead 2\left4dead2\addons\sourcemod\scripting\l4d2_playerjoining_v3.sp::OnClientDisconnect
L 09/27/2026 - 16:18:48: Error log file session closed.
L 09/27/2026 - 16:18:48: SourceMod error session started
L 09/27/2026 - 16:18:48: Info (map "c5m3_cemetery") (file "d:\steamlibrary\steamapps\common\left 4 dead 2\left4dead2\addons\sourcemod\logs\errors_20260927.log")
L 09/27/2026 - 16:18:48: [SM] Fatal error encountered parsing translation file "l4d_nth.phrases.txt"
L 09/27/2026 - 16:18:48: [SM] Error (line 0, column 0): Stream failed to open
L 09/27/2026 - 16:18:48: [SM] Fatal error encountered parsing translation file "chargersteering.phrases.txt"
L 09/27/2026 - 16:18:48: [SM] Error (line 0, column 0): Stream failed to open
L 09/27/2026 - 16:18:50: [l4d2_publicity.smx] [Publicity] No se encontraron mensajes en el archivo de configuración
L 09/27/2026 - 16:18:50: [SM] Exception reported: Array index out-of-bounds (index 12, limit 12)
L 09/27/2026 - 16:18:50: [SM] Blaming: l4d2_tank_props_rock_v3.smx
L 09/27/2026 - 16:18:50: [SM] Call stack trace:
L 09/27/2026 - 16:18:50: [SM]   [1] Line 142, D:\SteamLibrary\steamapps\common\Left 4 Dead 2\left4dead2\addons\sourcemod\scripting\l4d2_tank_props_rock_v3.sp::OnMapStart
L 09/27/2026 - 16:19:16: [SM] Exception reported: Invalid timer handle 89c00574 (error 1)
L 09/27/2026 - 16:19:16: [SM] Blaming: l4d2_playerjoining_v3.smx
L 09/27/2026 - 16:19:16: [SM] Call stack trace:
L 09/27/2026 - 16:19:16: [SM]   [0] KillTimer
L 09/27/2026 - 16:19:16: [SM]   [1] Line 56, D:\SteamLibrary\steamapps\common\Left 4 Dead 2\left4dead2\addons\sourcemod\scripting\l4d2_playerjoining_v3.sp::OnClientDisconnect
L 09/27/2026 - 16:19:41: [SM] Exception reported: Invalid timer handle 245005a3 (error 3)
L 09/27/2026 - 16:19:41: [SM] Blaming: l4d2_playerjoining_v3.smx
L 09/27/2026 - 16:19:41: [SM] Call stack trace:
L 09/27/2026 - 16:19:41: [SM]   [0] KillTimer
L 09/27/2026 - 16:19:41: [SM]   [1] Line 56, D:\SteamLibrary\steamapps\common\Left 4 Dead 2\left4dead2\addons\sourcemod\scripting\l4d2_playerjoining_v3.sp::OnClientDisconnect
L 09/27/2026 - 16:19:47: [SM] Exception reported: Array index out-of-bounds (index 14, limit 12)
L 09/27/2026 - 16:19:47: [SM] Blaming: l4d2_tank_props_rock_v3.smx
L 09/27/2026 - 16:19:47: [SM] Call stack trace:
L 09/27/2026 - 16:19:47: [SM]   [1] Line 222, D:\SteamLibrary\steamapps\common\Left 4 Dead 2\left4dead2\addons\sourcemod\scripting\l4d2_tank_props_rock_v3.sp::Throw
L 09/27/2026 - 16:20:34: [SM] Exception reported: Invalid timer handle 245005a3 (error 3)
L 09/27/2026 - 16:20:34: [SM] Blaming: l4d2_playerjoining_v3.smx
L 09/27/2026 - 16:20:34: [SM] Call stack trace:
L 09/27/2026 - 16:20:34: [SM]   [0] KillTimer
L 09/27/2026 - 16:20:34: [SM]   [1] Line 56, D:\SteamLibrary\steamapps\common\Left 4 Dead 2\left4dead2\addons\sourcemod\scripting\l4d2_playerjoining_v3.sp::OnClientDisconnect
L 09/27/2026 - 16:20:48: [SM] Exception reported: Array index out-of-bounds (index 14, limit 12)
L 09/27/2026 - 16:20:48: [SM] Blaming: l4d2_tank_props_rock_v3.smx
L 09/27/2026 - 16:20:48: [SM] Call stack trace:
L 09/27/2026 - 16:20:48: [SM]   [1] Line 222, D:\SteamLibrary\steamapps\common\Left 4 Dead 2\left4dead2\addons\sourcemod\scripting\l4d2_tank_props_rock_v3.sp::Throw
L 09/27/2026 - 16:21:09: [SM] Exception reported: Invalid timer handle 89c00574 (error 3)
L 09/27/2026 - 16:21:09: [SM] Blaming: l4d2_playerjoining_v3.smx
L 09/27/2026 - 16:21:09: [SM] Call stack trace:
L 09/27/2026 - 16:21:09: [SM]   [0] KillTimer
L 09/27/2026 - 16:21:09: [SM]   [1] Line 56, D:\SteamLibrary\steamapps\common\Left 4 Dead 2\left4dead2\addons\sourcemod\scripting\l4d2_playerjoining_v3.sp::OnClientDisconnect
L 09/27/2026 - 16:21:11: [SM] Exception reported: Invalid timer handle 8650059a (error 1)
L 09/27/2026 - 16:21:11: [SM] Blaming: l4d2_playerjoining_v3.smx
L 09/27/2026 - 16:21:11: [SM] Call stack trace:
L 09/27/2026 - 16:21:11: [SM]   [0] KillTimer
L 09/27/2026 - 16:21:11: [SM]   [1] Line 56, D:\SteamLibrary\steamapps\common\Left 4 Dead 2\left4dead2\addons\sourcemod\scripting\l4d2_playerjoining_v3.sp::OnClientDisconnect
L 09/27/2026 - 16:21:32: [SM] Exception reported: Invalid timer handle 245005a3 (error 3)
L 09/27/2026 - 16:21:32: [SM] Blaming: l4d2_playerjoining_v3.smx
L 09/27/2026 - 16:21:32: [SM] Call stack trace:
L 09/27/2026 - 16:21:32: [SM]   [0] KillTimer
L 09/27/2026 - 16:21:32: [SM]   [1] Line 56, D:\SteamLibrary\steamapps\common\Left 4 Dead 2\left4dead2\addons\sourcemod\scripting\l4d2_playerjoining_v3.sp::OnClientDisconnect
L 09/27/2026 - 16:21:35: [SM] Exception reported: Property "m_vecAngularVelocity" not found (entity 645/weapon_rifle_desert)
L 09/27/2026 - 16:21:35: [SM] Blaming: l4d2_tank_core v4_7.smx
L 09/27/2026 - 16:21:35: [SM] Call stack trace:
L 09/27/2026 - 16:21:35: [SM]   [0] SetEntPropVector
L 09/27/2026 - 16:21:35: [SM]   [1] Line 597, D:\SteamLibrary\steamapps\common\Left 4 Dead 2\left4dead2\addons\sourcemod\scripting\l4d2_tank_core v4_7.sp::DropItemsPhysically
L 09/27/2026 - 16:21:35: [SM]   [2] Line 516, D:\SteamLibrary\steamapps\common\Left 4 Dead 2\left4dead2\addons\sourcemod\scripting\l4d2_tank_core v4_7.sp::Event_PlayerHurt
L 09/27/2026 - 16:21:47: [SM] Exception reported: Language phrase "Please wait to be revived or rescued" not found (arg 6)
L 09/27/2026 - 16:21:47: [SM] Blaming: l4dmultislots.smx
L 09/27/2026 - 16:21:47: [SM] Call stack trace:
L 09/27/2026 - 16:21:47: [SM]   [0] PrintToChat
L 09/27/2026 - 16:21:47: [SM]   [1] Line 953, d:\Github\Private-Work\L4D2-插件\scripting_1.11\l4dmultislots.sp::Timer_SpecCheck
L 09/27/2026 - 16:22:03: [SM] Exception reported: Property "m_vecAngularVelocity" not found (entity 680/weapon_shotgun_chrome)
L 09/27/2026 - 16:22:03: [SM] Blaming: l4d2_tank_core v4_7.smx
L 09/27/2026 - 16:22:03: [SM] Call stack trace:
L 09/27/2026 - 16:22:03: [SM]   [0] SetEntPropVector
L 09/27/2026 - 16:22:03: [SM]   [1] Line 597, D:\SteamLibrary\steamapps\common\Left 4 Dead 2\left4dead2\addons\sourcemod\scripting\l4d2_tank_core v4_7.sp::DropItemsPhysically
L 09/27/2026 - 16:22:03: [SM]   [2] Line 516, D:\SteamLibrary\steamapps\common\Left 4 Dead 2\left4dead2\addons\sourcemod\scripting\l4d2_tank_core v4_7.sp::Event_PlayerHurt
L 09/27/2026 - 16:22:09: [SM] Exception reported: Property "m_vecAngularVelocity" not found (entity 681/weapon_autoshotgun)
L 09/27/2026 - 16:22:09: [SM] Blaming: l4d2_tank_core v4_7.smx
L 09/27/2026 - 16:22:09: [SM] Call stack trace:
L 09/27/2026 - 16:22:09: [SM]   [0] SetEntPropVector
L 09/27/2026 - 16:22:09: [SM]   [1] Line 597, D:\SteamLibrary\steamapps\common\Left 4 Dead 2\left4dead2\addons\sourcemod\scripting\l4d2_tank_core v4_7.sp::DropItemsPhysically
L 09/27/2026 - 16:22:09: [SM]   [2] Line 516, D:\SteamLibrary\steamapps\common\Left 4 Dead 2\left4dead2\addons\sourcemod\scripting\l4d2_tank_core v4_7.sp::Event_PlayerHurt
L 09/27/2026 - 16:22:12: [SM] Exception reported: Language phrase "Please wait to be revived or rescued" not found (arg 6)
L 09/27/2026 - 16:22:12: [SM] Blaming: l4dmultislots.smx
L 09/27/2026 - 16:22:12: [SM] Call stack trace:
L 09/27/2026 - 16:22:12: [SM]   [0] PrintToChat
L 09/27/2026 - 16:22:12: [SM]   [1] Line 953, d:\Github\Private-Work\L4D2-插件\scripting_1.11\l4dmultislots.sp::Timer_SpecCheck
L 09/27/2026 - 16:22:21: [SM] Exception reported: Property "m_vecAngularVelocity" not found (entity 483/weapon_melee)
L 09/27/2026 - 16:22:21: [SM] Blaming: l4d2_tank_core v4_7.smx
L 09/27/2026 - 16:22:21: [SM] Call stack trace:
L 09/27/2026 - 16:22:21: [SM]   [0] SetEntPropVector
L 09/27/2026 - 16:22:21: [SM]   [1] Line 597, D:\SteamLibrary\steamapps\common\Left 4 Dead 2\left4dead2\addons\sourcemod\scripting\l4d2_tank_core v4_7.sp::DropItemsPhysically
L 09/27/2026 - 16:22:21: [SM]   [2] Line 516, D:\SteamLibrary\steamapps\common\Left 4 Dead 2\left4dead2\addons\sourcemod\scripting\l4d2_tank_core v4_7.sp::Event_PlayerHurt
L 09/27/2026 - 16:22:25: [SM] Exception reported: Array index out-of-bounds (index 13, limit 12)
L 09/27/2026 - 16:22:25: [SM] Blaming: l4d2_tank_props_rock_v3.smx
L 09/27/2026 - 16:22:25: [SM] Call stack trace:
L 09/27/2026 - 16:22:25: [SM]   [1] Line 222, D:\SteamLibrary\steamapps\common\Left 4 Dead 2\left4dead2\addons\sourcemod\scripting\l4d2_tank_props_rock_v3.sp::Throw
L 09/27/2026 - 16:22:30: [SM] Exception reported: Invalid timer handle 93a00589 (error 3)
L 09/27/2026 - 16:22:30: [SM] Blaming: l4d2_playerjoining_v3.smx
L 09/27/2026 - 16:22:30: [SM] Call stack trace:
L 09/27/2026 - 16:22:30: [SM]   [0] KillTimer
L 09/27/2026 - 16:22:30: [SM]   [1] Line 56, D:\SteamLibrary\steamapps\common\Left 4 Dead 2\left4dead2\addons\sourcemod\scripting\l4d2_playerjoining_v3.sp::OnClientDisconnect
L 09/27/2026 - 16:22:33: [SM] Exception reported: Invalid timer handle 245005a3 (error 3)
L 09/27/2026 - 16:22:33: [SM] Blaming: l4d2_playerjoining_v3.smx
L 09/27/2026 - 16:22:33: [SM] Call stack trace:
L 09/27/2026 - 16:22:33: [SM]   [0] KillTimer
L 09/27/2026 - 16:22:33: [SM]   [1] Line 56, D:\SteamLibrary\steamapps\common\Left 4 Dead 2\left4dead2\addons\sourcemod\scripting\l4d2_playerjoining_v3.sp::OnClientDisconnect
L 09/27/2026 - 16:22:33: [SM] Exception reported: Invalid timer handle 8650059a (error 3)
L 09/27/2026 - 16:22:33: [SM] Blaming: l4d2_playerjoining_v3.smx
L 09/27/2026 - 16:22:33: [SM] Call stack trace:
L 09/27/2026 - 16:22:33: [SM]   [0] KillTimer
L 09/27/2026 - 16:22:33: [SM]   [1] Line 56, D:\SteamLibrary\steamapps\common\Left 4 Dead 2\left4dead2\addons\sourcemod\scripting\l4d2_playerjoining_v3.sp::OnClientDisconnect
L 09/27/2026 - 16:22:35: [SM] Exception reported: Invalid timer handle 93a00589 (error 3)
L 09/27/2026 - 16:22:35: [SM] Blaming: l4d2_playerjoining_v3.smx
L 09/27/2026 - 16:22:35: [SM] Call stack trace:
L 09/27/2026 - 16:22:35: [SM]   [0] KillTimer
L 09/27/2026 - 16:22:35: [SM]   [1] Line 56, D:\SteamLibrary\steamapps\common\Left 4 Dead 2\left4dead2\addons\sourcemod\scripting\l4d2_playerjoining_v3.sp::OnClientDisconnect
L 09/27/2026 - 16:22:37: [SM] Exception reported: Language phrase "Please wait to be revived or rescued" not found (arg 6)
L 09/27/2026 - 16:22:37: [SM] Blaming: l4dmultislots.smx
L 09/27/2026 - 16:22:37: [SM] Call stack trace:
L 09/27/2026 - 16:22:37: [SM]   [0] PrintToChat
L 09/27/2026 - 16:22:37: [SM]   [1] Line 953, d:\Github\Private-Work\L4D2-插件\scripting_1.11\l4dmultislots.sp::Timer_SpecCheck
L 09/27/2026 - 16:22:45: [SM] Exception reported: Property "m_vecAngularVelocity" not found (entity 824/weapon_pistol)
L 09/27/2026 - 16:22:45: [SM] Blaming: l4d2_tank_core v4_7.smx
L 09/27/2026 - 16:22:45: [SM] Call stack trace:
L 09/27/2026 - 16:22:45: [SM]   [0] SetEntPropVector
L 09/27/2026 - 16:22:45: [SM]   [1] Line 597, D:\SteamLibrary\steamapps\common\Left 4 Dead 2\left4dead2\addons\sourcemod\scripting\l4d2_tank_core v4_7.sp::DropItemsPhysically
L 09/27/2026 - 16:22:45: [SM]   [2] Line 516, D:\SteamLibrary\steamapps\common\Left 4 Dead 2\left4dead2\addons\sourcemod\scripting\l4d2_tank_core v4_7.sp::Event_PlayerHurt
L 09/27/2026 - 16:23:09: [SM] Exception reported: Invalid timer handle 90f00577 (error 3)
L 09/27/2026 - 16:23:09: [SM] Blaming: l4d2_playerjoining_v3.smx
L 09/27/2026 - 16:23:09: [SM] Call stack trace:
L 09/27/2026 - 16:23:09: [SM]   [0] KillTimer
L 09/27/2026 - 16:23:09: [SM]   [1] Line 56, D:\SteamLibrary\steamapps\common\Left 4 Dead 2\left4dead2\addons\sourcemod\scripting\l4d2_playerjoining_v3.sp::OnClientDisconnect
L 09/27/2026 - 16:23:09: [SM] Exception reported: Invalid timer handle 89c00574 (error 3)
L 09/27/2026 - 16:23:09: [SM] Blaming: l4d2_playerjoining_v3.smx
L 09/27/2026 - 16:23:09: [SM] Call stack trace:
L 09/27/2026 - 16:23:09: [SM]   [0] KillTimer
L 09/27/2026 - 16:23:09: [SM]   [1] Line 56, D:\SteamLibrary\steamapps\common\Left 4 Dead 2\left4dead2\addons\sourcemod\scripting\l4d2_playerjoining_v3.sp::OnClientDisconnect
L 09/27/2026 - 16:23:10: Error log file session closed.
L 09/27/2026 - 16:23:10: SourceMod error session started
L 09/27/2026 - 16:23:10: Info (map "c5m4_quarter") (file "d:\steamlibrary\steamapps\common\left 4 dead 2\left4dead2\addons\sourcemod\logs\errors_20260927.log")
L 09/27/2026 - 16:23:10: [SM] Fatal error encountered parsing translation file "l4d_nth.phrases.txt"
L 09/27/2026 - 16:23:10: [SM] Error (line 0, column 0): Stream failed to open
L 09/27/2026 - 16:23:10: [SM] Fatal error encountered parsing translation file "chargersteering.phrases.txt"
L 09/27/2026 - 16:23:10: [SM] Error (line 0, column 0): Stream failed to open
L 09/27/2026 - 16:23:13: [l4d2_publicity.smx] [Publicity] No se encontraron mensajes en el archivo de configuración
L 09/27/2026 - 16:23:13: [SM] Exception reported: Array index out-of-bounds (index 12, limit 12)
L 09/27/2026 - 16:23:13: [SM] Blaming: l4d2_tank_props_rock_v3.smx
L 09/27/2026 - 16:23:13: [SM] Call stack trace:
L 09/27/2026 - 16:23:13: [SM]   [1] Line 142, D:\SteamLibrary\steamapps\common\Left 4 Dead 2\left4dead2\addons\sourcemod\scripting\l4d2_tank_props_rock_v3.sp::OnMapStart
L 09/27/2026 - 16:23:39: [SM] Exception reported: Invalid timer handle 245005a3 (error 3)
L 09/27/2026 - 16:23:39: [SM] Blaming: l4d2_playerjoining_v3.smx
L 09/27/2026 - 16:23:39: [SM] Call stack trace:
L 09/27/2026 - 16:23:39: [SM]   [0] KillTimer
L 09/27/2026 - 16:23:39: [SM]   [1] Line 56, D:\SteamLibrary\steamapps\common\Left 4 Dead 2\left4dead2\addons\sourcemod\scripting\l4d2_playerjoining_v3.sp::OnClientDisconnect
L 09/27/2026 - 16:23:45: [SM] Exception reported: Invalid timer handle 90f00577 (error 1)
L 09/27/2026 - 16:23:45: [SM] Blaming: l4d2_playerjoining_v3.smx
L 09/27/2026 - 16:23:45: [SM] Call stack trace:
L 09/27/2026 - 16:23:45: [SM]   [0] KillTimer
L 09/27/2026 - 16:23:45: [SM]   [1] Line 56, D:\SteamLibrary\steamapps\common\Left 4 Dead 2\left4dead2\addons\sourcemod\scripting\l4d2_playerjoining_v3.sp::OnClientDisconnect
L 09/27/2026 - 16:24:04: [SM] Exception reported: Invalid timer handle 89c00574 (error 3)
L 09/27/2026 - 16:24:04: [SM] Blaming: l4d2_playerjoining_v3.smx
L 09/27/2026 - 16:24:04: [SM] Call stack trace:
L 09/27/2026 - 16:24:04: [SM]   [0] KillTimer
L 09/27/2026 - 16:24:04: [SM]   [1] Line 56, D:\SteamLibrary\steamapps\common\Left 4 Dead 2\left4dead2\addons\sourcemod\scripting\l4d2_playerjoining_v3.sp::OnClientDisconnect
L 09/27/2026 - 16:24:18: [SM] Exception reported: Using two team colors in one message is not allowed
L 09/27/2026 - 16:24:18: [SM] Blaming: smd_texture_manager_block_test.smx
L 09/27/2026 - 16:24:18: [SM] Call stack trace:
L 09/27/2026 - 16:24:18: [SM]   [0] ThrowError
L 09/27/2026 - 16:24:18: [SM]   [1] Line 422, D:\SteamLibrary\steamapps\common\Left 4 Dead 2\left4dead2\addons\sourcemod\scripting\include\multicolors\colors.inc::C_Format
L 09/27/2026 - 16:24:18: [SM]   [2] Line 85, D:\SteamLibrary\steamapps\common\Left 4 Dead 2\left4dead2\addons\sourcemod\scripting\include\multicolors\colors.inc::C_PrintToChat
L 09/27/2026 - 16:24:18: [SM]   [3] Line 76, D:\SteamLibrary\steamapps\common\Left 4 Dead 2\left4dead2\addons\sourcemod\scripting\include\multicolors.inc::CPrintToChat
L 09/27/2026 - 16:24:18: [SM]   [4] Line 369, D:\SteamLibrary\steamapps\common\Left 4 Dead 2\left4dead2\addons\sourcemod\scripting\smd_texture_manager_block_test.sp::SendTechnicalWarning
L 09/27/2026 - 16:24:18: [SM]   [5] Line 352, D:\SteamLibrary\steamapps\common\Left 4 Dead 2\left4dead2\addons\sourcemod\scripting\smd_texture_manager_block_test.sp::_EnforceCliSettings_QueryReply
L 09/27/2026 - 16:24:43: [SM] Exception reported: Using two team colors in one message is not allowed
L 09/27/2026 - 16:24:43: [SM] Blaming: smd_texture_manager_block_test.smx
L 09/27/2026 - 16:24:43: [SM] Call stack trace:
L 09/27/2026 - 16:24:43: [SM]   [0] ThrowError
L 09/27/2026 - 16:24:43: [SM]   [1] Line 422, D:\SteamLibrary\steamapps\common\Left 4 Dead 2\left4dead2\addons\sourcemod\scripting\include\multicolors\colors.inc::C_Format
L 09/27/2026 - 16:24:43: [SM]   [2] Line 85, D:\SteamLibrary\steamapps\common\Left 4 Dead 2\left4dead2\addons\sourcemod\scripting\include\multicolors\colors.inc::C_PrintToChat
L 09/27/2026 - 16:24:43: [SM]   [3] Line 76, D:\SteamLibrary\steamapps\common\Left 4 Dead 2\left4dead2\addons\sourcemod\scripting\include\multicolors.inc::CPrintToChat
L 09/27/2026 - 16:24:43: [SM]   [4] Line 369, D:\SteamLibrary\steamapps\common\Left 4 Dead 2\left4dead2\addons\sourcemod\scripting\smd_texture_manager_block_test.sp::SendTechnicalWarning
L 09/27/2026 - 16:24:43: [SM]   [5] Line 352, D:\SteamLibrary\steamapps\common\Left 4 Dead 2\left4dead2\addons\sourcemod\scripting\smd_texture_manager_block_test.sp::_EnforceCliSettings_QueryReply
L 09/27/2026 - 16:24:53: [SM] Exception reported: Property "m_vecAngularVelocity" not found (entity 94/weapon_rifle_ak47)
L 09/27/2026 - 16:24:53: [SM] Blaming: l4d2_tank_core v4_7.smx
L 09/27/2026 - 16:24:53: [SM] Call stack trace:
L 09/27/2026 - 16:24:53: [SM]   [0] SetEntPropVector
L 09/27/2026 - 16:24:53: [SM]   [1] Line 597, D:\SteamLibrary\steamapps\common\Left 4 Dead 2\left4dead2\addons\sourcemod\scripting\l4d2_tank_core v4_7.sp::DropItemsPhysically
L 09/27/2026 - 16:24:53: [SM]   [2] Line 516, D:\SteamLibrary\steamapps\common\Left 4 Dead 2\left4dead2\addons\sourcemod\scripting\l4d2_tank_core v4_7.sp::Event_PlayerHurt
L 09/27/2026 - 16:24:55: [SM] Exception reported: Property "m_vecAngularVelocity" not found (entity 176/weapon_melee)
L 09/27/2026 - 16:24:55: [SM] Blaming: l4d2_tank_core v4_7.smx
L 09/27/2026 - 16:24:55: [SM] Call stack trace:
L 09/27/2026 - 16:24:55: [SM]   [0] SetEntPropVector
L 09/27/2026 - 16:24:55: [SM]   [1] Line 597, D:\SteamLibrary\steamapps\common\Left 4 Dead 2\left4dead2\addons\sourcemod\scripting\l4d2_tank_core v4_7.sp::DropItemsPhysically
L 09/27/2026 - 16:24:55: [SM]   [2] Line 516, D:\SteamLibrary\steamapps\common\Left 4 Dead 2\left4dead2\addons\sourcemod\scripting\l4d2_tank_core v4_7.sp::Event_PlayerHurt
L 09/27/2026 - 16:24:56: [SM] Exception reported: Language phrase "Please wait to be revived or rescued" not found (arg 6)
L 09/27/2026 - 16:24:56: [SM] Blaming: l4dmultislots.smx
L 09/27/2026 - 16:24:56: [SM] Call stack trace:
L 09/27/2026 - 16:24:56: [SM]   [0] PrintToChat
L 09/27/2026 - 16:24:56: [SM]   [1] Line 953, d:\Github\Private-Work\L4D2-插件\scripting_1.11\l4dmultislots.sp::Timer_SpecCheck
L 09/27/2026 - 16:25:21: [SM] Exception reported: Language phrase "Please wait to be revived or rescued" not found (arg 6)
L 09/27/2026 - 16:25:21: [SM] Blaming: l4dmultislots.smx
L 09/27/2026 - 16:25:21: [SM] Call stack trace:
L 09/27/2026 - 16:25:21: [SM]   [0] PrintToChat
L 09/27/2026 - 16:25:21: [SM]   [1] Line 953, d:\Github\Private-Work\L4D2-插件\scripting_1.11\l4dmultislots.sp::Timer_SpecCheck
L 09/27/2026 - 16:25:23: [SM] Exception reported: Invalid timer handle 2740053e (error 3)
L 09/27/2026 - 16:25:23: [SM] Blaming: l4d2_playerjoining_v3.smx
L 09/27/2026 - 16:25:23: [SM] Call stack trace:
L 09/27/2026 - 16:25:23: [SM]   [0] KillTimer
L 09/27/2026 - 16:25:23: [SM]   [1] Line 56, D:\SteamLibrary\steamapps\common\Left 4 Dead 2\left4dead2\addons\sourcemod\scripting\l4d2_playerjoining_v3.sp::OnClientDisconnect
L 09/27/2026 - 16:25:46: [SM] Exception reported: Language phrase "Please wait to be revived or rescued" not found (arg 6)
L 09/27/2026 - 16:25:46: [SM] Blaming: l4dmultislots.smx
L 09/27/2026 - 16:25:46: [SM] Call stack trace:
L 09/27/2026 - 16:25:46: [SM]   [0] PrintToChat
L 09/27/2026 - 16:25:46: [SM]   [1] Line 953, d:\Github\Private-Work\L4D2-插件\scripting_1.11\l4dmultislots.sp::Timer_SpecCheck
L 09/27/2026 - 16:26:08: [SM] Exception reported: Array index out-of-bounds (index 14, limit 12)
L 09/27/2026 - 16:26:08: [SM] Blaming: l4d2_tank_props_rock_v3.smx
L 09/27/2026 - 16:26:08: [SM] Call stack trace:
L 09/27/2026 - 16:26:08: [SM]   [1] Line 222, D:\SteamLibrary\steamapps\common\Left 4 Dead 2\left4dead2\addons\sourcemod\scripting\l4d2_tank_props_rock_v3.sp::Throw
L 09/27/2026 - 16:26:11: [SM] Exception reported: Language phrase "Please wait to be revived or rescued" not found (arg 6)
L 09/27/2026 - 16:26:11: [SM] Blaming: l4dmultislots.smx
L 09/27/2026 - 16:26:11: [SM] Call stack trace:
L 09/27/2026 - 16:26:11: [SM]   [0] PrintToChat
L 09/27/2026 - 16:26:11: [SM]   [1] Line 953, d:\Github\Private-Work\L4D2-插件\scripting_1.11\l4dmultislots.sp::Timer_SpecCheck
L 09/27/2026 - 16:26:15: [SM] Exception reported: Invalid timer handle 2740053e (error 1)
L 09/27/2026 - 16:26:15: [SM] Blaming: l4d2_playerjoining_v3.smx
L 09/27/2026 - 16:26:15: [SM] Call stack trace:
L 09/27/2026 - 16:26:15: [SM]   [0] KillTimer
L 09/27/2026 - 16:26:15: [SM]   [1] Line 56, D:\SteamLibrary\steamapps\common\Left 4 Dead 2\left4dead2\addons\sourcemod\scripting\l4d2_playerjoining_v3.sp::OnClientDisconnect
L 09/27/2026 - 16:26:18: [SM] Exception reported: Property "m_vecAngularVelocity" not found (entity 306/weapon_rifle_ak47)
L 09/27/2026 - 16:26:18: [SM] Blaming: l4d2_tank_core v4_7.smx
L 09/27/2026 - 16:26:18: [SM] Call stack trace:
L 09/27/2026 - 16:26:18: [SM]   [0] SetEntPropVector
L 09/27/2026 - 16:26:18: [SM]   [1] Line 597, D:\SteamLibrary\steamapps\common\Left 4 Dead 2\left4dead2\addons\sourcemod\scripting\l4d2_tank_core v4_7.sp::DropItemsPhysically
L 09/27/2026 - 16:26:18: [SM]   [2] Line 516, D:\SteamLibrary\steamapps\common\Left 4 Dead 2\left4dead2\addons\sourcemod\scripting\l4d2_tank_core v4_7.sp::Event_PlayerHurt
L 09/27/2026 - 16:26:23: [SM] Exception reported: Property "m_vecAngularVelocity" not found (entity 465/weapon_pistol_magnum)
L 09/27/2026 - 16:26:23: [SM] Blaming: l4d2_tank_core v4_7.smx
L 09/27/2026 - 16:26:23: [SM] Call stack trace:
L 09/27/2026 - 16:26:23: [SM]   [0] SetEntPropVector
L 09/27/2026 - 16:26:23: [SM]   [1] Line 597, D:\SteamLibrary\steamapps\common\Left 4 Dead 2\left4dead2\addons\sourcemod\scripting\l4d2_tank_core v4_7.sp::DropItemsPhysically
L 09/27/2026 - 16:26:23: [SM]   [2] Line 516, D:\SteamLibrary\steamapps\common\Left 4 Dead 2\left4dead2\addons\sourcemod\scripting\l4d2_tank_core v4_7.sp::Event_PlayerHurt
L 09/27/2026 - 16:26:27: [SM] Exception reported: Invalid timer handle 8650059a (error 1)
L 09/27/2026 - 16:26:27: [SM] Blaming: l4d2_playerjoining_v3.smx
L 09/27/2026 - 16:26:27: [SM] Call stack trace:
L 09/27/2026 - 16:26:27: [SM]   [0] KillTimer
L 09/27/2026 - 16:26:27: [SM]   [1] Line 56, D:\SteamLibrary\steamapps\common\Left 4 Dead 2\left4dead2\addons\sourcemod\scripting\l4d2_playerjoining_v3.sp::OnClientDisconnect
L 09/27/2026 - 16:26:34: [SM] Exception reported: Invalid timer handle 8650059a (error 1)
L 09/27/2026 - 16:26:34: [SM] Blaming: l4d2_playerjoining_v3.smx
L 09/27/2026 - 16:26:34: [SM] Call stack trace:
L 09/27/2026 - 16:26:34: [SM]   [0] KillTimer
L 09/27/2026 - 16:26:34: [SM]   [1] Line 56, D:\SteamLibrary\steamapps\common\Left 4 Dead 2\left4dead2\addons\sourcemod\scripting\l4d2_playerjoining_v3.sp::OnClientDisconnect
L 09/27/2026 - 16:26:36: [SM] Exception reported: Language phrase "Please wait to be revived or rescued" not found (arg 6)
L 09/27/2026 - 16:26:36: [SM] Blaming: l4dmultislots.smx
L 09/27/2026 - 16:26:36: [SM] Call stack trace:
L 09/27/2026 - 16:26:36: [SM]   [0] PrintToChat
L 09/27/2026 - 16:26:36: [SM]   [1] Line 953, d:\Github\Private-Work\L4D2-插件\scripting_1.11\l4dmultislots.sp::Timer_SpecCheck
L 09/27/2026 - 16:26:44: [SM] Exception reported: Property "m_vecAngularVelocity" not found (entity 307/weapon_rifle_ak47)
L 09/27/2026 - 16:26:44: [SM] Blaming: l4d2_tank_core v4_7.smx
L 09/27/2026 - 16:26:44: [SM] Call stack trace:
L 09/27/2026 - 16:26:44: [SM]   [0] SetEntPropVector
L 09/27/2026 - 16:26:44: [SM]   [1] Line 597, D:\SteamLibrary\steamapps\common\Left 4 Dead 2\left4dead2\addons\sourcemod\scripting\l4d2_tank_core v4_7.sp::DropItemsPhysically
L 09/27/2026 - 16:26:44: [SM]   [2] Line 516, D:\SteamLibrary\steamapps\common\Left 4 Dead 2\left4dead2\addons\sourcemod\scripting\l4d2_tank_core v4_7.sp::Event_PlayerHurt
L 09/27/2026 - 16:26:48: [SM] Exception reported: Array index out-of-bounds (index 12, limit 12)
L 09/27/2026 - 16:26:48: [SM] Blaming: l4d2_tank_props_rock_v3.smx
L 09/27/2026 - 16:26:48: [SM] Call stack trace:
L 09/27/2026 - 16:26:48: [SM]   [1] Line 222, D:\SteamLibrary\steamapps\common\Left 4 Dead 2\left4dead2\addons\sourcemod\scripting\l4d2_tank_props_rock_v3.sp::Throw
L 09/27/2026 - 16:27:01: [SM] Exception reported: Language phrase "Type in chat !join To join the survivors" not found (arg 6)
L 09/27/2026 - 16:27:01: [SM] Blaming: l4dmultislots.smx
L 09/27/2026 - 16:27:01: [SM] Call stack trace:
L 09/27/2026 - 16:27:01: [SM]   [0] VFormat
L 09/27/2026 - 16:27:01: [SM]   [1] Line 71, D:\Github\Private-Work\L4D2-插件\scripting_1.11\include\multicolors.inc::CPrintToChat
L 09/27/2026 - 16:27:01: [SM]   [2] Line 938, d:\Github\Private-Work\L4D2-插件\scripting_1.11\l4dmultislots.sp::Timer_SpecCheck
L 09/27/2026 - 16:27:03: [SM] Exception reported: Invalid timer handle 8aa00574 (error 3)
L 09/27/2026 - 16:27:03: [SM] Blaming: l4d2_playerjoining_v3.smx
L 09/27/2026 - 16:27:03: [SM] Call stack trace:
L 09/27/2026 - 16:27:03: [SM]   [0] KillTimer
L 09/27/2026 - 16:27:03: [SM]   [1] Line 56, D:\SteamLibrary\steamapps\common\Left 4 Dead 2\left4dead2\addons\sourcemod\scripting\l4d2_playerjoining_v3.sp::OnClientDisconnect
L 09/27/2026 - 16:27:14: [SM] Exception reported: Invalid timer handle 2740053e (error 3)
L 09/27/2026 - 16:27:14: [SM] Blaming: l4d2_playerjoining_v3.smx
L 09/27/2026 - 16:27:14: [SM] Call stack trace:
L 09/27/2026 - 16:27:14: [SM]   [0] KillTimer
L 09/27/2026 - 16:27:14: [SM]   [1] Line 56, D:\SteamLibrary\steamapps\common\Left 4 Dead 2\left4dead2\addons\sourcemod\scripting\l4d2_playerjoining_v3.sp::OnClientDisconnect
L 09/27/2026 - 16:27:32: [SM] Exception reported: Invalid timer handle 8aa00574 (error 3)
L 09/27/2026 - 16:27:32: [SM] Blaming: l4d2_playerjoining_v3.smx
L 09/27/2026 - 16:27:32: [SM] Call stack trace:
L 09/27/2026 - 16:27:32: [SM]   [0] KillTimer
L 09/27/2026 - 16:27:32: [SM]   [1] Line 56, D:\SteamLibrary\steamapps\common\Left 4 Dead 2\left4dead2\addons\sourcemod\scripting\l4d2_playerjoining_v3.sp::OnClientDisconnect
L 09/27/2026 - 16:27:32: [SM] Exception reported: Invalid timer handle 89c00574 (error 3)
L 09/27/2026 - 16:27:32: [SM] Blaming: l4d2_playerjoining_v3.smx
L 09/27/2026 - 16:27:32: [SM] Call stack trace:
L 09/27/2026 - 16:27:32: [SM]   [0] KillTimer
L 09/27/2026 - 16:27:32: [SM]   [1] Line 56, D:\SteamLibrary\steamapps\common\Left 4 Dead 2\left4dead2\addons\sourcemod\scripting\l4d2_playerjoining_v3.sp::OnClientDisconnect
L 09/27/2026 - 16:27:32: [SM] Exception reported: Invalid timer handle 8650059a (error 3)
L 09/27/2026 - 16:27:32: [SM] Blaming: l4d2_playerjoining_v3.smx
L 09/27/2026 - 16:27:32: [SM] Call stack trace:
L 09/27/2026 - 16:27:32: [SM]   [0] KillTimer
L 09/27/2026 - 16:27:32: [SM]   [1] Line 56, D:\SteamLibrary\steamapps\common\Left 4 Dead 2\left4dead2\addons\sourcemod\scripting\l4d2_playerjoining_v3.sp::OnClientDisconnect
L 09/27/2026 - 16:27:33: Error log file session closed.
L 09/27/2026 - 16:27:33: SourceMod error session started
L 09/27/2026 - 16:27:33: Info (map "c5m5_bridge") (file "d:\steamlibrary\steamapps\common\left 4 dead 2\left4dead2\addons\sourcemod\logs\errors_20260927.log")
L 09/27/2026 - 16:27:33: [SM] Fatal error encountered parsing translation file "l4d_nth.phrases.txt"
L 09/27/2026 - 16:27:33: [SM] Error (line 0, column 0): Stream failed to open
L 09/27/2026 - 16:27:33: [SM] Fatal error encountered parsing translation file "chargersteering.phrases.txt"
L 09/27/2026 - 16:27:33: [SM] Error (line 0, column 0): Stream failed to open
L 09/27/2026 - 16:27:36: [l4d2_publicity.smx] [Publicity] No se encontraron mensajes en el archivo de configuración
L 09/27/2026 - 16:27:36: [SM] Exception reported: Array index out-of-bounds (index 12, limit 12)
L 09/27/2026 - 16:27:36: [SM] Blaming: l4d2_tank_props_rock_v3.smx
L 09/27/2026 - 16:27:36: [SM] Call stack trace:
L 09/27/2026 - 16:27:36: [SM]   [1] Line 142, D:\SteamLibrary\steamapps\common\Left 4 Dead 2\left4dead2\addons\sourcemod\scripting\l4d2_tank_props_rock_v3.sp::OnMapStart
L 09/27/2026 - 16:28:01: [SM] Exception reported: Invalid timer handle 89c00574 (error 3)
L 09/27/2026 - 16:28:01: [SM] Blaming: l4d2_playerjoining_v3.smx
L 09/27/2026 - 16:28:01: [SM] Call stack trace:
L 09/27/2026 - 16:28:01: [SM]   [0] KillTimer
L 09/27/2026 - 16:28:01: [SM]   [1] Line 56, D:\SteamLibrary\steamapps\common\Left 4 Dead 2\left4dead2\addons\sourcemod\scripting\l4d2_playerjoining_v3.sp::OnClientDisconnect
L 09/27/2026 - 16:28:08: [SM] Exception reported: Invalid timer handle 8aa00574 (error 3)
L 09/27/2026 - 16:28:08: [SM] Blaming: l4d2_playerjoining_v3.smx
L 09/27/2026 - 16:28:08: [SM] Call stack trace:
L 09/27/2026 - 16:28:08: [SM]   [0] KillTimer
L 09/27/2026 - 16:28:08: [SM]   [1] Line 56, D:\SteamLibrary\steamapps\common\Left 4 Dead 2\left4dead2\addons\sourcemod\scripting\l4d2_playerjoining_v3.sp::OnClientDisconnect
L 09/27/2026 - 16:29:06: [SM] Exception reported: Invalid timer handle 89c00574 (error 3)
L 09/27/2026 - 16:29:06: [SM] Blaming: l4d2_playerjoining_v3.smx
L 09/27/2026 - 16:29:06: [SM] Call stack trace:
L 09/27/2026 - 16:29:06: [SM]   [0] KillTimer
L 09/27/2026 - 16:29:06: [SM]   [1] Line 56, D:\SteamLibrary\steamapps\common\Left 4 Dead 2\left4dead2\addons\sourcemod\scripting\l4d2_playerjoining_v3.sp::OnClientDisconnect
L 09/27/2026 - 16:29:18: [SM] Exception reported: Invalid timer handle 2740053e (error 3)
L 09/27/2026 - 16:29:18: [SM] Blaming: l4d2_playerjoining_v3.smx
L 09/27/2026 - 16:29:18: [SM] Call stack trace:
L 09/27/2026 - 16:29:18: [SM]   [0] KillTimer
L 09/27/2026 - 16:29:18: [SM]   [1] Line 56, D:\SteamLibrary\steamapps\common\Left 4 Dead 2\left4dead2\addons\sourcemod\scripting\l4d2_playerjoining_v3.sp::OnClientDisconnect
L 09/27/2026 - 16:29:19: [SM] Exception reported: Using two team colors in one message is not allowed
L 09/27/2026 - 16:29:19: [SM] Blaming: smd_texture_manager_block_test.smx
L 09/27/2026 - 16:29:19: [SM] Call stack trace:
L 09/27/2026 - 16:29:19: [SM]   [0] ThrowError
L 09/27/2026 - 16:29:19: [SM]   [1] Line 422, D:\SteamLibrary\steamapps\common\Left 4 Dead 2\left4dead2\addons\sourcemod\scripting\include\multicolors\colors.inc::C_Format
L 09/27/2026 - 16:29:19: [SM]   [2] Line 85, D:\SteamLibrary\steamapps\common\Left 4 Dead 2\left4dead2\addons\sourcemod\scripting\include\multicolors\colors.inc::C_PrintToChat
L 09/27/2026 - 16:29:19: [SM]   [3] Line 76, D:\SteamLibrary\steamapps\common\Left 4 Dead 2\left4dead2\addons\sourcemod\scripting\include\multicolors.inc::CPrintToChat
L 09/27/2026 - 16:29:19: [SM]   [4] Line 369, D:\SteamLibrary\steamapps\common\Left 4 Dead 2\left4dead2\addons\sourcemod\scripting\smd_texture_manager_block_test.sp::SendTechnicalWarning
L 09/27/2026 - 16:29:19: [SM]   [5] Line 352, D:\SteamLibrary\steamapps\common\Left 4 Dead 2\left4dead2\addons\sourcemod\scripting\smd_texture_manager_block_test.sp::_EnforceCliSettings_QueryReply
L 09/27/2026 - 16:30:08: [SM] Exception reported: Language phrase "Please wait to be revived or rescued" not found (arg 6)
L 09/27/2026 - 16:30:08: [SM] Blaming: l4dmultislots.smx
L 09/27/2026 - 16:30:08: [SM] Call stack trace:
L 09/27/2026 - 16:30:08: [SM]   [0] PrintToChat
L 09/27/2026 - 16:30:08: [SM]   [1] Line 953, d:\Github\Private-Work\L4D2-插件\scripting_1.11\l4dmultislots.sp::Timer_SpecCheck
L 09/27/2026 - 16:30:22: [SM] Exception reported: Invalid timer handle 89c00574 (error 3)
L 09/27/2026 - 16:30:22: [SM] Blaming: l4d2_playerjoining_v3.smx
L 09/27/2026 - 16:30:22: [SM] Call stack trace:
L 09/27/2026 - 16:30:22: [SM]   [0] KillTimer
L 09/27/2026 - 16:30:22: [SM]   [1] Line 56, D:\SteamLibrary\steamapps\common\Left 4 Dead 2\left4dead2\addons\sourcemod\scripting\l4d2_playerjoining_v3.sp::OnClientDisconnect
L 09/27/2026 - 16:30:23: [SM] Exception reported: Invalid timer handle 2740053e (error 3)
L 09/27/2026 - 16:30:23: [SM] Blaming: l4d2_playerjoining_v3.smx
L 09/27/2026 - 16:30:23: [SM] Call stack trace:
L 09/27/2026 - 16:30:23: [SM]   [0] KillTimer
L 09/27/2026 - 16:30:23: [SM]   [1] Line 56, D:\SteamLibrary\steamapps\common\Left 4 Dead 2\left4dead2\addons\sourcemod\scripting\l4d2_playerjoining_v3.sp::OnClientDisconnect
L 09/27/2026 - 16:30:33: [SM] Exception reported: Language phrase "Please wait to be revived or rescued" not found (arg 6)
L 09/27/2026 - 16:30:33: [SM] Blaming: l4dmultislots.smx
L 09/27/2026 - 16:30:33: [SM] Call stack trace:
L 09/27/2026 - 16:30:33: [SM]   [0] PrintToChat
L 09/27/2026 - 16:30:33: [SM]   [1] Line 953, d:\Github\Private-Work\L4D2-插件\scripting_1.11\l4dmultislots.sp::Timer_SpecCheck
L 09/27/2026 - 16:30:39: [SM] Exception reported: Property "m_vecAngularVelocity" not found (entity 783/weapon_autoshotgun)
L 09/27/2026 - 16:30:39: [SM] Blaming: l4d2_tank_core v4_7.smx
L 09/27/2026 - 16:30:39: [SM] Call stack trace:
L 09/27/2026 - 16:30:39: [SM]   [0] SetEntPropVector
L 09/27/2026 - 16:30:39: [SM]   [1] Line 597, D:\SteamLibrary\steamapps\common\Left 4 Dead 2\left4dead2\addons\sourcemod\scripting\l4d2_tank_core v4_7.sp::DropItemsPhysically
L 09/27/2026 - 16:30:39: [SM]   [2] Line 516, D:\SteamLibrary\steamapps\common\Left 4 Dead 2\left4dead2\addons\sourcemod\scripting\l4d2_tank_core v4_7.sp::Event_PlayerHurt
L 09/27/2026 - 16:30:46: [SM] Exception reported: Property "m_vecOrigin" not found (entity 624/predicted_viewmodel)
L 09/27/2026 - 16:30:46: [SM] Blaming: l4d2_tank_props_rock_v3.smx
L 09/27/2026 - 16:30:46: [SM] Call stack trace:
L 09/27/2026 - 16:30:46: [SM]   [0] GetEntPropVector
L 09/27/2026 - 16:30:46: [SM]   [1] Line 310, D:\SteamLibrary\steamapps\common\Left 4 Dead 2\left4dead2\addons\sourcemod\scripting\l4d2_tank_props_rock_v3.sp::Explosion
L 09/27/2026 - 16:30:53: [SM] Exception reported: Array index out-of-bounds (index 14, limit 12)
L 09/27/2026 - 16:30:53: [SM] Blaming: l4d2_tank_props_rock_v3.smx
L 09/27/2026 - 16:30:53: [SM] Call stack trace:
L 09/27/2026 - 16:30:53: [SM]   [1] Line 222, D:\SteamLibrary\steamapps\common\Left 4 Dead 2\left4dead2\addons\sourcemod\scripting\l4d2_tank_props_rock_v3.sp::Throw
L 09/27/2026 - 16:30:58: [SM] Exception reported: Language phrase "Please wait to be revived or rescued" not found (arg 6)
L 09/27/2026 - 16:30:58: [SM] Blaming: l4dmultislots.smx
L 09/27/2026 - 16:30:58: [SM] Call stack trace:
L 09/27/2026 - 16:30:58: [SM]   [0] PrintToChat
L 09/27/2026 - 16:30:58: [SM]   [1] Line 953, d:\Github\Private-Work\L4D2-插件\scripting_1.11\l4dmultislots.sp::Timer_SpecCheck
L 09/27/2026 - 16:31:23: [SM] Exception reported: Language phrase "Please wait to be revived or rescued" not found (arg 6)
L 09/27/2026 - 16:31:23: [SM] Blaming: l4dmultislots.smx
L 09/27/2026 - 16:31:23: [SM] Call stack trace:
L 09/27/2026 - 16:31:23: [SM]   [0] PrintToChat
L 09/27/2026 - 16:31:23: [SM]   [1] Line 953, d:\Github\Private-Work\L4D2-插件\scripting_1.11\l4dmultislots.sp::Timer_SpecCheck
L 09/27/2026 - 16:31:47: [SM] Exception reported: Property "m_vecAngularVelocity" not found (entity 505/weapon_pistol)
L 09/27/2026 - 16:31:47: [SM] Blaming: l4d2_tank_core v4_7.smx
L 09/27/2026 - 16:31:47: [SM] Call stack trace:
L 09/27/2026 - 16:31:47: [SM]   [0] SetEntPropVector
L 09/27/2026 - 16:31:47: [SM]   [1] Line 597, D:\SteamLibrary\steamapps\common\Left 4 Dead 2\left4dead2\addons\sourcemod\scripting\l4d2_tank_core v4_7.sp::DropItemsPhysically
L 09/27/2026 - 16:31:47: [SM]   [2] Line 516, D:\SteamLibrary\steamapps\common\Left 4 Dead 2\left4dead2\addons\sourcemod\scripting\l4d2_tank_core v4_7.sp::Event_PlayerHurt
L 09/27/2026 - 16:31:48: [SM] Exception reported: Language phrase "Please wait to be revived or rescued" not found (arg 6)
L 09/27/2026 - 16:31:48: [SM] Blaming: l4dmultislots.smx
L 09/27/2026 - 16:31:48: [SM] Call stack trace:
L 09/27/2026 - 16:31:48: [SM]   [0] PrintToChat
L 09/27/2026 - 16:31:48: [SM]   [1] Line 953, d:\Github\Private-Work\L4D2-插件\scripting_1.11\l4dmultislots.sp::Timer_SpecCheck
L 09/27/2026 - 16:32:26: [SM] Exception reported: Invalid timer handle 54000579 (error 1)
L 09/27/2026 - 16:32:26: [SM] Blaming: l4d2_playerjoining_v3.smx
L 09/27/2026 - 16:32:26: [SM] Call stack trace:
L 09/27/2026 - 16:32:26: [SM]   [0] KillTimer
L 09/27/2026 - 16:32:26: [SM]   [1] Line 56, D:\SteamLibrary\steamapps\common\Left 4 Dead 2\left4dead2\addons\sourcemod\scripting\l4d2_playerjoining_v3.sp::OnClientDisconnect
L 09/27/2026 - 16:32:26: [SM] Exception reported: Invalid timer handle 89c00574 (error 3)
L 09/27/2026 - 16:32:26: [SM] Blaming: l4d2_playerjoining_v3.smx
L 09/27/2026 - 16:32:26: [SM] Call stack trace:
L 09/27/2026 - 16:32:26: [SM]   [0] KillTimer
L 09/27/2026 - 16:32:26: [SM]   [1] Line 56, D:\SteamLibrary\steamapps\common\Left 4 Dead 2\left4dead2\addons\sourcemod\scripting\l4d2_playerjoining_v3.sp::OnClientDisconnect
L 09/27/2026 - 16:32:26: [SM] Exception reported: Invalid timer handle 8650059a (error 1)
L 09/27/2026 - 16:32:26: [SM] Blaming: l4d2_playerjoining_v3.smx
L 09/27/2026 - 16:32:26: [SM] Call stack trace:
L 09/27/2026 - 16:32:26: [SM]   [0] KillTimer
L 09/27/2026 - 16:32:26: [SM]   [1] Line 56, D:\SteamLibrary\steamapps\common\Left 4 Dead 2\left4dead2\addons\sourcemod\scripting\l4d2_playerjoining_v3.sp::OnClientDisconnect
L 09/27/2026 - 16:32:26: [SM] Exception reported: Invalid timer handle 93a00589 (error 3)
L 09/27/2026 - 16:32:26: [SM] Blaming: l4d2_playerjoining_v3.smx
L 09/27/2026 - 16:32:26: [SM] Call stack trace:
L 09/27/2026 - 16:32:26: [SM]   [0] KillTimer
L 09/27/2026 - 16:32:26: [SM]   [1] Line 56, D:\SteamLibrary\steamapps\common\Left 4 Dead 2\left4dead2\addons\sourcemod\scripting\l4d2_playerjoining_v3.sp::OnClientDisconnect
L 09/27/2026 - 16:32:32: Error log file session closed.
