L 07/08/2026 - 22:39:56: SourceMod error session started
L 07/08/2026 - 22:39:56: Info (map "glubtastic5_1") (file "d:\steamlibrary\steamapps\common\left 4 dead 2\left4dead2\addons\sourcemod\logs\errors_20260708.log")
L 07/08/2026 - 22:39:56: [SM] Failed to load plugin "cannounce.smx": Get a dedicated server. This plugin does not work on Listen servers..
L 07/08/2026 - 22:39:56: [SM] Failed to load plugin "LMCL4D1CDeathHandler.smx": Plugin only supports Left 4 Dead.
L 07/08/2026 - 22:39:56: [SM] Failed to load plugin "LMCL4D1SetTransmit.smx": Plugin only supports Left 4 Dead.
L 07/08/2026 - 22:39:56: [SM] Failed to load plugin "LMC_L4D1_Menu_Choosing.smx": Plugin only supports Left 4 Dead.
L 07/08/2026 - 22:39:56: [SM] Failed to load plugin "LMC_L4D1_RandomSpawns.smx": Plugin only supports Left 4 Dead.
L 07/08/2026 - 22:39:56: [SM] Failed to load plugin "nextmap.smx": Nextmap is incompatible with this game.
L 07/08/2026 - 22:39:56: [SM] Failed to load plugin "[L4D2] Left4dhooks.smx": 
====================
This plugin replaces Left4Downtown. Delete the extension to run.
====================.
L 07/08/2026 - 22:39:57: [SM] Fatal error encountered parsing translation file "l4d_nth.phrases.txt"
L 07/08/2026 - 22:39:57: [SM] Error (line 0, column 0): Stream failed to open
L 07/08/2026 - 22:39:57: [SM] Fatal error encountered parsing translation file "chargersteering.phrases.txt"
L 07/08/2026 - 22:39:57: [SM] Error (line 0, column 0): Stream failed to open
L 07/08/2026 - 22:39:57: [l4d2_publicity.smx] [Publicity] No se encontraron mensajes en el archivo de configuración
L 07/08/2026 - 22:39:58: [SM] Unable to load plugin "lilac_by_l4d2.smx": Native "IRC_MsgFlaggedChannels" was not found
L 07/08/2026 - 22:40:07: [l4d2_publicity.smx] [Publicity] No se encontraron mensajes en el archivo de configuración
L 07/08/2026 - 22:40:21: [SM] Exception reported: Language phrase "Impossible to generate a bot at the moment." not found (arg 5)
L 07/08/2026 - 22:40:21: [SM] Blaming: l4dmultislots.smx
L 07/08/2026 - 22:40:21: [SM] Call stack trace:
L 07/08/2026 - 22:40:21: [SM]   [0] PrintHintText
L 07/08/2026 - 22:40:21: [SM]   [1] Line 765, d:\Github\Private-Work\L4D2-插件\scripting_1.11\l4dmultislots.sp::JoinTeam_ColdDown
L 07/08/2026 - 22:44:24: [SM] Exception reported: Language phrase "Please wait to be revived or rescued" not found (arg 6)
L 07/08/2026 - 22:44:24: [SM] Blaming: l4dmultislots.smx
L 07/08/2026 - 22:44:24: [SM] Call stack trace:
L 07/08/2026 - 22:44:24: [SM]   [0] PrintToChat
L 07/08/2026 - 22:44:24: [SM]   [1] Line 953, d:\Github\Private-Work\L4D2-插件\scripting_1.11\l4dmultislots.sp::Timer_SpecCheck
L 07/08/2026 - 22:44:49: [SM] Exception reported: Language phrase "Please wait to be revived or rescued" not found (arg 6)
L 07/08/2026 - 22:44:49: [SM] Blaming: l4dmultislots.smx
L 07/08/2026 - 22:44:49: [SM] Call stack trace:
L 07/08/2026 - 22:44:49: [SM]   [0] PrintToChat
L 07/08/2026 - 22:44:49: [SM]   [1] Line 953, d:\Github\Private-Work\L4D2-插件\scripting_1.11\l4dmultislots.sp::Timer_SpecCheck
L 07/08/2026 - 22:45:14: [SM] Exception reported: Language phrase "Please wait to be revived or rescued" not found (arg 6)
L 07/08/2026 - 22:45:14: [SM] Blaming: l4dmultislots.smx
L 07/08/2026 - 22:45:14: [SM] Call stack trace:
L 07/08/2026 - 22:45:14: [SM]   [0] PrintToChat
L 07/08/2026 - 22:45:14: [SM]   [1] Line 953, d:\Github\Private-Work\L4D2-插件\scripting_1.11\l4dmultislots.sp::Timer_SpecCheck
L 07/08/2026 - 22:46:40: [SM] Exception reported: Language phrase "Please wait to be revived or rescued" not found (arg 6)
L 07/08/2026 - 22:46:40: [SM] Blaming: l4dmultislots.smx
L 07/08/2026 - 22:46:40: [SM] Call stack trace:
L 07/08/2026 - 22:46:40: [SM]   [0] PrintToChat
L 07/08/2026 - 22:46:40: [SM]   [1] Line 953, d:\Github\Private-Work\L4D2-插件\scripting_1.11\l4dmultislots.sp::Timer_SpecCheck
L 07/08/2026 - 22:47:05: [SM] Exception reported: Language phrase "Please wait to be revived or rescued" not found (arg 6)
L 07/08/2026 - 22:47:05: [SM] Blaming: l4dmultislots.smx
L 07/08/2026 - 22:47:05: [SM] Call stack trace:
L 07/08/2026 - 22:47:05: [SM]   [0] PrintToChat
L 07/08/2026 - 22:47:05: [SM]   [1] Line 953, d:\Github\Private-Work\L4D2-插件\scripting_1.11\l4dmultislots.sp::Timer_SpecCheck
L 07/08/2026 - 22:47:30: [SM] Exception reported: Language phrase "Please wait to be revived or rescued" not found (arg 6)
L 07/08/2026 - 22:47:30: [SM] Blaming: l4dmultislots.smx
L 07/08/2026 - 22:47:30: [SM] Call stack trace:
L 07/08/2026 - 22:47:30: [SM]   [0] PrintToChat
L 07/08/2026 - 22:47:30: [SM]   [1] Line 953, d:\Github\Private-Work\L4D2-插件\scripting_1.11\l4dmultislots.sp::Timer_SpecCheck
L 07/08/2026 - 22:49:03: [SM] Exception reported: Invalid timer handle 736004f8 (error 3)
L 07/08/2026 - 22:49:03: [SM] Blaming: l4d2_playerjoining_v3.smx
L 07/08/2026 - 22:49:03: [SM] Call stack trace:
L 07/08/2026 - 22:49:03: [SM]   [0] KillTimer
L 07/08/2026 - 22:49:03: [SM]   [1] Line 56, D:\SteamLibrary\steamapps\common\Left 4 Dead 2\left4dead2\addons\sourcemod\scripting\l4d2_playerjoining_v3.sp::OnClientDisconnect
L 07/08/2026 - 22:50:04: [SM] Exception reported: Invalid timer handle 736004f8 (error 3)
L 07/08/2026 - 22:50:04: [SM] Blaming: l4d2_playerjoining_v3.smx
L 07/08/2026 - 22:50:04: [SM] Call stack trace:
L 07/08/2026 - 22:50:04: [SM]   [0] KillTimer
L 07/08/2026 - 22:50:04: [SM]   [1] Line 56, D:\SteamLibrary\steamapps\common\Left 4 Dead 2\left4dead2\addons\sourcemod\scripting\l4d2_playerjoining_v3.sp::OnClientDisconnect
L 07/08/2026 - 22:51:10: [SM] Exception reported: Invalid timer handle 736004f8 (error 3)
L 07/08/2026 - 22:51:10: [SM] Blaming: l4d2_playerjoining_v3.smx
L 07/08/2026 - 22:51:10: [SM] Call stack trace:
L 07/08/2026 - 22:51:10: [SM]   [0] KillTimer
L 07/08/2026 - 22:51:10: [SM]   [1] Line 56, D:\SteamLibrary\steamapps\common\Left 4 Dead 2\left4dead2\addons\sourcemod\scripting\l4d2_playerjoining_v3.sp::OnClientDisconnect
L 07/08/2026 - 22:53:34: Error log file session closed.
L 07/08/2026 - 22:53:34: SourceMod error session started
L 07/08/2026 - 22:53:34: Info (map "glubtastic5_2") (file "d:\steamlibrary\steamapps\common\left 4 dead 2\left4dead2\addons\sourcemod\logs\errors_20260708.log")
L 07/08/2026 - 22:53:34: [SM] Fatal error encountered parsing translation file "l4d_nth.phrases.txt"
L 07/08/2026 - 22:53:34: [SM] Error (line 0, column 0): Stream failed to open
L 07/08/2026 - 22:53:34: [SM] Fatal error encountered parsing translation file "chargersteering.phrases.txt"
L 07/08/2026 - 22:53:34: [SM] Error (line 0, column 0): Stream failed to open
L 07/08/2026 - 22:53:37: [l4d2_publicity.smx] [Publicity] No se encontraron mensajes en el archivo de configuración
L 07/08/2026 - 22:56:13: [SM] Exception reported: Invalid timer handle 736004f8 (error 1)
L 07/08/2026 - 22:56:13: [SM] Blaming: l4d2_playerjoining_v3.smx
L 07/08/2026 - 22:56:13: [SM] Call stack trace:
L 07/08/2026 - 22:56:13: [SM]   [0] KillTimer
L 07/08/2026 - 22:56:13: [SM]   [1] Line 56, D:\SteamLibrary\steamapps\common\Left 4 Dead 2\left4dead2\addons\sourcemod\scripting\l4d2_playerjoining_v3.sp::OnClientDisconnect
L 07/08/2026 - 22:56:36: [SM] Exception reported: Invalid timer handle 736004f8 (error 1)
L 07/08/2026 - 22:56:36: [SM] Blaming: l4d2_playerjoining_v3.smx
L 07/08/2026 - 22:56:36: [SM] Call stack trace:
L 07/08/2026 - 22:56:36: [SM]   [0] KillTimer
L 07/08/2026 - 22:56:36: [SM]   [1] Line 56, D:\SteamLibrary\steamapps\common\Left 4 Dead 2\left4dead2\addons\sourcemod\scripting\l4d2_playerjoining_v3.sp::OnClientDisconnect
L 07/08/2026 - 22:56:55: [SM] Exception reported: Invalid timer handle 736004f8 (error 1)
L 07/08/2026 - 22:56:55: [SM] Blaming: l4d2_playerjoining_v3.smx
L 07/08/2026 - 22:56:55: [SM] Call stack trace:
L 07/08/2026 - 22:56:55: [SM]   [0] KillTimer
L 07/08/2026 - 22:56:55: [SM]   [1] Line 56, D:\SteamLibrary\steamapps\common\Left 4 Dead 2\left4dead2\addons\sourcemod\scripting\l4d2_playerjoining_v3.sp::OnClientDisconnect
L 07/08/2026 - 22:57:29: [SM] Exception reported: Language phrase "Please wait to be revived or rescued" not found (arg 6)
L 07/08/2026 - 22:57:29: [SM] Blaming: l4dmultislots.smx
L 07/08/2026 - 22:57:29: [SM] Call stack trace:
L 07/08/2026 - 22:57:29: [SM]   [0] PrintToChat
L 07/08/2026 - 22:57:29: [SM]   [1] Line 953, d:\Github\Private-Work\L4D2-插件\scripting_1.11\l4dmultislots.sp::Timer_SpecCheck
L 07/08/2026 - 22:57:42: [SM] Exception reported: Invalid timer handle b6c0050b (error 1)
L 07/08/2026 - 22:57:42: [SM] Blaming: l4d2_playerjoining_v3.smx
L 07/08/2026 - 22:57:42: [SM] Call stack trace:
L 07/08/2026 - 22:57:42: [SM]   [0] KillTimer
L 07/08/2026 - 22:57:42: [SM]   [1] Line 56, D:\SteamLibrary\steamapps\common\Left 4 Dead 2\left4dead2\addons\sourcemod\scripting\l4d2_playerjoining_v3.sp::OnClientDisconnect
L 07/08/2026 - 22:57:49: [SM] Exception reported: Invalid timer handle 736004f8 (error 1)
L 07/08/2026 - 22:57:49: [SM] Blaming: l4d2_playerjoining_v3.smx
L 07/08/2026 - 22:57:49: [SM] Call stack trace:
L 07/08/2026 - 22:57:49: [SM]   [0] KillTimer
L 07/08/2026 - 22:57:49: [SM]   [1] Line 56, D:\SteamLibrary\steamapps\common\Left 4 Dead 2\left4dead2\addons\sourcemod\scripting\l4d2_playerjoining_v3.sp::OnClientDisconnect
L 07/08/2026 - 22:57:54: [SM] Exception reported: Language phrase "Please wait to be revived or rescued" not found (arg 6)
L 07/08/2026 - 22:57:54: [SM] Blaming: l4dmultislots.smx
L 07/08/2026 - 22:57:54: [SM] Call stack trace:
L 07/08/2026 - 22:57:54: [SM]   [0] PrintToChat
L 07/08/2026 - 22:57:54: [SM]   [1] Line 953, d:\Github\Private-Work\L4D2-插件\scripting_1.11\l4dmultislots.sp::Timer_SpecCheck
L 07/08/2026 - 22:58:19: [SM] Exception reported: Language phrase "Please wait to be revived or rescued" not found (arg 6)
L 07/08/2026 - 22:58:19: [SM] Blaming: l4dmultislots.smx
L 07/08/2026 - 22:58:19: [SM] Call stack trace:
L 07/08/2026 - 22:58:19: [SM]   [0] PrintToChat
L 07/08/2026 - 22:58:19: [SM]   [1] Line 953, d:\Github\Private-Work\L4D2-插件\scripting_1.11\l4dmultislots.sp::Timer_SpecCheck
L 07/08/2026 - 22:58:44: [SM] Exception reported: Language phrase "Please wait to be revived or rescued" not found (arg 6)
L 07/08/2026 - 22:58:44: [SM] Blaming: l4dmultislots.smx
L 07/08/2026 - 22:58:44: [SM] Call stack trace:
L 07/08/2026 - 22:58:44: [SM]   [0] PrintToChat
L 07/08/2026 - 22:58:44: [SM]   [1] Line 953, d:\Github\Private-Work\L4D2-插件\scripting_1.11\l4dmultislots.sp::Timer_SpecCheck
L 07/08/2026 - 22:59:07: [SM] Exception reported: Invalid timer handle 736004f8 (error 1)
L 07/08/2026 - 22:59:07: [SM] Blaming: l4d2_playerjoining_v3.smx
L 07/08/2026 - 22:59:07: [SM] Call stack trace:
L 07/08/2026 - 22:59:07: [SM]   [0] KillTimer
L 07/08/2026 - 22:59:07: [SM]   [1] Line 56, D:\SteamLibrary\steamapps\common\Left 4 Dead 2\left4dead2\addons\sourcemod\scripting\l4d2_playerjoining_v3.sp::OnClientDisconnect
L 07/08/2026 - 22:59:09: [SM] Exception reported: Language phrase "Please wait to be revived or rescued" not found (arg 6)
L 07/08/2026 - 22:59:09: [SM] Blaming: l4dmultislots.smx
L 07/08/2026 - 22:59:09: [SM] Call stack trace:
L 07/08/2026 - 22:59:09: [SM]   [0] PrintToChat
L 07/08/2026 - 22:59:09: [SM]   [1] Line 953, d:\Github\Private-Work\L4D2-插件\scripting_1.11\l4dmultislots.sp::Timer_SpecCheck
L 07/08/2026 - 22:59:31: [SM] Exception reported: Invalid timer handle b6c0050b (error 3)
L 07/08/2026 - 22:59:31: [SM] Blaming: l4d2_playerjoining_v3.smx
L 07/08/2026 - 22:59:31: [SM] Call stack trace:
L 07/08/2026 - 22:59:31: [SM]   [0] KillTimer
L 07/08/2026 - 22:59:31: [SM]   [1] Line 56, D:\SteamLibrary\steamapps\common\Left 4 Dead 2\left4dead2\addons\sourcemod\scripting\l4d2_playerjoining_v3.sp::OnClientDisconnect
L 07/08/2026 - 22:59:34: [SM] Exception reported: Language phrase "Please wait to be revived or rescued" not found (arg 6)
L 07/08/2026 - 22:59:34: [SM] Blaming: l4dmultislots.smx
L 07/08/2026 - 22:59:34: [SM] Call stack trace:
L 07/08/2026 - 22:59:34: [SM]   [0] PrintToChat
L 07/08/2026 - 22:59:34: [SM]   [1] Line 953, d:\Github\Private-Work\L4D2-插件\scripting_1.11\l4dmultislots.sp::Timer_SpecCheck
L 07/08/2026 - 22:59:59: [SM] Exception reported: Language phrase "Please wait to be revived or rescued" not found (arg 6)
L 07/08/2026 - 22:59:59: [SM] Blaming: l4dmultislots.smx
L 07/08/2026 - 22:59:59: [SM] Call stack trace:
L 07/08/2026 - 22:59:59: [SM]   [0] PrintToChat
L 07/08/2026 - 22:59:59: [SM]   [1] Line 953, d:\Github\Private-Work\L4D2-插件\scripting_1.11\l4dmultislots.sp::Timer_SpecCheck
L 07/08/2026 - 23:00:11: [SM] Exception reported: Invalid timer handle b6c0050b (error 1)
L 07/08/2026 - 23:00:11: [SM] Blaming: l4d2_playerjoining_v3.smx
L 07/08/2026 - 23:00:11: [SM] Call stack trace:
L 07/08/2026 - 23:00:11: [SM]   [0] KillTimer
L 07/08/2026 - 23:00:11: [SM]   [1] Line 56, D:\SteamLibrary\steamapps\common\Left 4 Dead 2\left4dead2\addons\sourcemod\scripting\l4d2_playerjoining_v3.sp::OnClientDisconnect
L 07/08/2026 - 23:00:24: [SM] Exception reported: Language phrase "Please wait to be revived or rescued" not found (arg 6)
L 07/08/2026 - 23:00:24: [SM] Blaming: l4dmultislots.smx
L 07/08/2026 - 23:00:24: [SM] Call stack trace:
L 07/08/2026 - 23:00:24: [SM]   [0] PrintToChat
L 07/08/2026 - 23:00:24: [SM]   [1] Line 953, d:\Github\Private-Work\L4D2-插件\scripting_1.11\l4dmultislots.sp::Timer_SpecCheck
L 07/08/2026 - 23:01:47: [SM] Exception reported: Invalid timer handle 6a70047c (error 3)
L 07/08/2026 - 23:01:47: [SM] Blaming: l4d2_playerjoining_v3.smx
L 07/08/2026 - 23:01:47: [SM] Call stack trace:
L 07/08/2026 - 23:01:47: [SM]   [0] KillTimer
L 07/08/2026 - 23:01:47: [SM]   [1] Line 56, D:\SteamLibrary\steamapps\common\Left 4 Dead 2\left4dead2\addons\sourcemod\scripting\l4d2_playerjoining_v3.sp::OnClientDisconnect
L 07/08/2026 - 23:01:51: [SM] Exception reported: Invalid timer handle b6c0050b (error 3)
L 07/08/2026 - 23:01:51: [SM] Blaming: l4d2_playerjoining_v3.smx
L 07/08/2026 - 23:01:51: [SM] Call stack trace:
L 07/08/2026 - 23:01:51: [SM]   [0] KillTimer
L 07/08/2026 - 23:01:51: [SM]   [1] Line 56, D:\SteamLibrary\steamapps\common\Left 4 Dead 2\left4dead2\addons\sourcemod\scripting\l4d2_playerjoining_v3.sp::OnClientDisconnect
L 07/08/2026 - 23:02:58: [SM] Exception reported: Invalid timer handle b6c0050b (error 3)
L 07/08/2026 - 23:02:58: [SM] Blaming: l4d2_playerjoining_v3.smx
L 07/08/2026 - 23:02:58: [SM] Call stack trace:
L 07/08/2026 - 23:02:58: [SM]   [0] KillTimer
L 07/08/2026 - 23:02:58: [SM]   [1] Line 56, D:\SteamLibrary\steamapps\common\Left 4 Dead 2\left4dead2\addons\sourcemod\scripting\l4d2_playerjoining_v3.sp::OnClientDisconnect
L 07/08/2026 - 23:03:23: [SM] Exception reported: Language phrase "Please wait to be revived or rescued" not found (arg 6)
L 07/08/2026 - 23:03:23: [SM] Blaming: l4dmultislots.smx
L 07/08/2026 - 23:03:23: [SM] Call stack trace:
L 07/08/2026 - 23:03:23: [SM]   [0] PrintToChat
L 07/08/2026 - 23:03:23: [SM]   [1] Line 953, d:\Github\Private-Work\L4D2-插件\scripting_1.11\l4dmultislots.sp::Timer_SpecCheck
L 07/08/2026 - 23:03:48: [SM] Exception reported: Language phrase "Please wait to be revived or rescued" not found (arg 6)
L 07/08/2026 - 23:03:48: [SM] Blaming: l4dmultislots.smx
L 07/08/2026 - 23:03:48: [SM] Call stack trace:
L 07/08/2026 - 23:03:48: [SM]   [0] PrintToChat
L 07/08/2026 - 23:03:48: [SM]   [1] Line 953, d:\Github\Private-Work\L4D2-插件\scripting_1.11\l4dmultislots.sp::Timer_SpecCheck
L 07/08/2026 - 23:04:13: [SM] Exception reported: Language phrase "Please wait to be revived or rescued" not found (arg 6)
L 07/08/2026 - 23:04:13: [SM] Blaming: l4dmultislots.smx
L 07/08/2026 - 23:04:13: [SM] Call stack trace:
L 07/08/2026 - 23:04:13: [SM]   [0] PrintToChat
L 07/08/2026 - 23:04:13: [SM]   [1] Line 953, d:\Github\Private-Work\L4D2-插件\scripting_1.11\l4dmultislots.sp::Timer_SpecCheck
L 07/08/2026 - 23:04:35: [SM] Exception reported: Invalid timer handle b6c0050b (error 3)
L 07/08/2026 - 23:04:35: [SM] Blaming: l4d2_playerjoining_v3.smx
L 07/08/2026 - 23:04:35: [SM] Call stack trace:
L 07/08/2026 - 23:04:35: [SM]   [0] KillTimer
L 07/08/2026 - 23:04:35: [SM]   [1] Line 56, D:\SteamLibrary\steamapps\common\Left 4 Dead 2\left4dead2\addons\sourcemod\scripting\l4d2_playerjoining_v3.sp::OnClientDisconnect
L 07/08/2026 - 23:04:38: [SM] Exception reported: Language phrase "Please wait to be revived or rescued" not found (arg 6)
L 07/08/2026 - 23:04:38: [SM] Blaming: l4dmultislots.smx
L 07/08/2026 - 23:04:38: [SM] Call stack trace:
L 07/08/2026 - 23:04:38: [SM]   [0] PrintToChat
L 07/08/2026 - 23:04:38: [SM]   [1] Line 953, d:\Github\Private-Work\L4D2-插件\scripting_1.11\l4dmultislots.sp::Timer_SpecCheck
L 07/08/2026 - 23:04:44: [SM] Exception reported: Invalid timer handle 6a70047c (error 3)
L 07/08/2026 - 23:04:44: [SM] Blaming: l4d2_playerjoining_v3.smx
L 07/08/2026 - 23:04:44: [SM] Call stack trace:
L 07/08/2026 - 23:04:44: [SM]   [0] KillTimer
L 07/08/2026 - 23:04:44: [SM]   [1] Line 56, D:\SteamLibrary\steamapps\common\Left 4 Dead 2\left4dead2\addons\sourcemod\scripting\l4d2_playerjoining_v3.sp::OnClientDisconnect
L 07/08/2026 - 23:05:03: [SM] Exception reported: Language phrase "Please wait to be revived or rescued" not found (arg 6)
L 07/08/2026 - 23:05:03: [SM] Blaming: l4dmultislots.smx
L 07/08/2026 - 23:05:03: [SM] Call stack trace:
L 07/08/2026 - 23:05:03: [SM]   [0] PrintToChat
L 07/08/2026 - 23:05:03: [SM]   [1] Line 953, d:\Github\Private-Work\L4D2-插件\scripting_1.11\l4dmultislots.sp::Timer_SpecCheck
L 07/08/2026 - 23:05:31: [SM] Exception reported: Invalid timer handle b6c0050b (error 3)
L 07/08/2026 - 23:05:31: [SM] Blaming: l4d2_playerjoining_v3.smx
L 07/08/2026 - 23:05:31: [SM] Call stack trace:
L 07/08/2026 - 23:05:31: [SM]   [0] KillTimer
L 07/08/2026 - 23:05:31: [SM]   [1] Line 56, D:\SteamLibrary\steamapps\common\Left 4 Dead 2\left4dead2\addons\sourcemod\scripting\l4d2_playerjoining_v3.sp::OnClientDisconnect
L 07/08/2026 - 23:05:34: [SM] Exception reported: Invalid timer handle 6a70047c (error 1)
L 07/08/2026 - 23:05:34: [SM] Blaming: l4d2_playerjoining_v3.smx
L 07/08/2026 - 23:05:34: [SM] Call stack trace:
L 07/08/2026 - 23:05:34: [SM]   [0] KillTimer
L 07/08/2026 - 23:05:34: [SM]   [1] Line 56, D:\SteamLibrary\steamapps\common\Left 4 Dead 2\left4dead2\addons\sourcemod\scripting\l4d2_playerjoining_v3.sp::OnClientDisconnect
L 07/08/2026 - 23:06:00: [SM] Exception reported: Language phrase "Please wait to be revived or rescued" not found (arg 6)
L 07/08/2026 - 23:06:00: [SM] Blaming: l4dmultislots.smx
L 07/08/2026 - 23:06:00: [SM] Call stack trace:
L 07/08/2026 - 23:06:00: [SM]   [0] PrintToChat
L 07/08/2026 - 23:06:00: [SM]   [1] Line 953, d:\Github\Private-Work\L4D2-插件\scripting_1.11\l4dmultislots.sp::Timer_SpecCheck
L 07/08/2026 - 23:06:25: [SM] Exception reported: Language phrase "Please wait to be revived or rescued" not found (arg 6)
L 07/08/2026 - 23:06:25: [SM] Blaming: l4dmultislots.smx
L 07/08/2026 - 23:06:25: [SM] Call stack trace:
L 07/08/2026 - 23:06:25: [SM]   [0] PrintToChat
L 07/08/2026 - 23:06:25: [SM]   [1] Line 953, d:\Github\Private-Work\L4D2-插件\scripting_1.11\l4dmultislots.sp::Timer_SpecCheck
L 07/08/2026 - 23:06:26: [SM] Exception reported: Invalid timer handle b6c0050b (error 3)
L 07/08/2026 - 23:06:26: [SM] Blaming: l4d2_playerjoining_v3.smx
L 07/08/2026 - 23:06:26: [SM] Call stack trace:
L 07/08/2026 - 23:06:26: [SM]   [0] KillTimer
L 07/08/2026 - 23:06:26: [SM]   [1] Line 56, D:\SteamLibrary\steamapps\common\Left 4 Dead 2\left4dead2\addons\sourcemod\scripting\l4d2_playerjoining_v3.sp::OnClientDisconnect
L 07/08/2026 - 23:06:44: [SM] Exception reported: Invalid timer handle b6c0050b (error 3)
L 07/08/2026 - 23:06:44: [SM] Blaming: l4d2_playerjoining_v3.smx
L 07/08/2026 - 23:06:44: [SM] Call stack trace:
L 07/08/2026 - 23:06:44: [SM]   [0] KillTimer
L 07/08/2026 - 23:06:44: [SM]   [1] Line 56, D:\SteamLibrary\steamapps\common\Left 4 Dead 2\left4dead2\addons\sourcemod\scripting\l4d2_playerjoining_v3.sp::OnClientDisconnect
L 07/08/2026 - 23:06:50: [SM] Exception reported: Language phrase "Please wait to be revived or rescued" not found (arg 6)
L 07/08/2026 - 23:06:50: [SM] Blaming: l4dmultislots.smx
L 07/08/2026 - 23:06:50: [SM] Call stack trace:
L 07/08/2026 - 23:06:50: [SM]   [0] PrintToChat
L 07/08/2026 - 23:06:50: [SM]   [1] Line 953, d:\Github\Private-Work\L4D2-插件\scripting_1.11\l4dmultislots.sp::Timer_SpecCheck
L 07/08/2026 - 23:07:15: [SM] Exception reported: Language phrase "Please wait to be revived or rescued" not found (arg 6)
L 07/08/2026 - 23:07:15: [SM] Blaming: l4dmultislots.smx
L 07/08/2026 - 23:07:15: [SM] Call stack trace:
L 07/08/2026 - 23:07:15: [SM]   [0] PrintToChat
L 07/08/2026 - 23:07:15: [SM]   [1] Line 953, d:\Github\Private-Work\L4D2-插件\scripting_1.11\l4dmultislots.sp::Timer_SpecCheck
L 07/08/2026 - 23:07:31: [SM] Exception reported: Invalid timer handle 6a70047c (error 3)
L 07/08/2026 - 23:07:31: [SM] Blaming: l4d2_playerjoining_v3.smx
L 07/08/2026 - 23:07:31: [SM] Call stack trace:
L 07/08/2026 - 23:07:31: [SM]   [0] KillTimer
L 07/08/2026 - 23:07:31: [SM]   [1] Line 56, D:\SteamLibrary\steamapps\common\Left 4 Dead 2\left4dead2\addons\sourcemod\scripting\l4d2_playerjoining_v3.sp::OnClientDisconnect
L 07/08/2026 - 23:07:33: [SM] Exception reported: Invalid timer handle b6c0050b (error 3)
L 07/08/2026 - 23:07:33: [SM] Blaming: l4d2_playerjoining_v3.smx
L 07/08/2026 - 23:07:33: [SM] Call stack trace:
L 07/08/2026 - 23:07:33: [SM]   [0] KillTimer
L 07/08/2026 - 23:07:33: [SM]   [1] Line 56, D:\SteamLibrary\steamapps\common\Left 4 Dead 2\left4dead2\addons\sourcemod\scripting\l4d2_playerjoining_v3.sp::OnClientDisconnect
L 07/08/2026 - 23:07:38: Error log file session closed.
L 07/08/2026 - 23:07:38: SourceMod error session started
L 07/08/2026 - 23:07:38: Info (map "glubtastic5_3") (file "d:\steamlibrary\steamapps\common\left 4 dead 2\left4dead2\addons\sourcemod\logs\errors_20260708.log")
L 07/08/2026 - 23:07:38: [SM] Fatal error encountered parsing translation file "l4d_nth.phrases.txt"
L 07/08/2026 - 23:07:38: [SM] Error (line 0, column 0): Stream failed to open
L 07/08/2026 - 23:07:38: [SM] Fatal error encountered parsing translation file "chargersteering.phrases.txt"
L 07/08/2026 - 23:07:38: [SM] Error (line 0, column 0): Stream failed to open
L 07/08/2026 - 23:07:41: [l4d2_publicity.smx] [Publicity] No se encontraron mensajes en el archivo de configuración
L 07/08/2026 - 23:09:43: [SM] Exception reported: Invalid timer handle 6a70047c (error 3)
L 07/08/2026 - 23:09:43: [SM] Blaming: l4d2_playerjoining_v3.smx
L 07/08/2026 - 23:09:43: [SM] Call stack trace:
L 07/08/2026 - 23:09:43: [SM]   [0] KillTimer
L 07/08/2026 - 23:09:43: [SM]   [1] Line 56, D:\SteamLibrary\steamapps\common\Left 4 Dead 2\left4dead2\addons\sourcemod\scripting\l4d2_playerjoining_v3.sp::OnClientDisconnect
L 07/08/2026 - 23:09:52: [SM] Exception reported: Invalid timer handle 6a70047c (error 3)
L 07/08/2026 - 23:09:52: [SM] Blaming: l4d2_playerjoining_v3.smx
L 07/08/2026 - 23:09:52: [SM] Call stack trace:
L 07/08/2026 - 23:09:52: [SM]   [0] KillTimer
L 07/08/2026 - 23:09:52: [SM]   [1] Line 56, D:\SteamLibrary\steamapps\common\Left 4 Dead 2\left4dead2\addons\sourcemod\scripting\l4d2_playerjoining_v3.sp::OnClientDisconnect
L 07/08/2026 - 23:10:02: [SM] Exception reported: Invalid timer handle 6a70047c (error 3)
L 07/08/2026 - 23:10:02: [SM] Blaming: l4d2_playerjoining_v3.smx
L 07/08/2026 - 23:10:02: [SM] Call stack trace:
L 07/08/2026 - 23:10:02: [SM]   [0] KillTimer
L 07/08/2026 - 23:10:02: [SM]   [1] Line 56, D:\SteamLibrary\steamapps\common\Left 4 Dead 2\left4dead2\addons\sourcemod\scripting\l4d2_playerjoining_v3.sp::OnClientDisconnect
L 07/08/2026 - 23:10:15: [SM] Exception reported: Invalid timer handle 6a70047c (error 3)
L 07/08/2026 - 23:10:15: [SM] Blaming: l4d2_playerjoining_v3.smx
L 07/08/2026 - 23:10:15: [SM] Call stack trace:
L 07/08/2026 - 23:10:15: [SM]   [0] KillTimer
L 07/08/2026 - 23:10:15: [SM]   [1] Line 56, D:\SteamLibrary\steamapps\common\Left 4 Dead 2\left4dead2\addons\sourcemod\scripting\l4d2_playerjoining_v3.sp::OnClientDisconnect
L 07/08/2026 - 23:10:26: [SM] Exception reported: Invalid timer handle 6a70047c (error 3)
L 07/08/2026 - 23:10:26: [SM] Blaming: l4d2_playerjoining_v3.smx
L 07/08/2026 - 23:10:26: [SM] Call stack trace:
L 07/08/2026 - 23:10:26: [SM]   [0] KillTimer
L 07/08/2026 - 23:10:26: [SM]   [1] Line 56, D:\SteamLibrary\steamapps\common\Left 4 Dead 2\left4dead2\addons\sourcemod\scripting\l4d2_playerjoining_v3.sp::OnClientDisconnect
L 07/08/2026 - 23:13:08: [SM] Exception reported: Invalid timer handle b6c0050b (error 1)
L 07/08/2026 - 23:13:08: [SM] Blaming: l4d2_playerjoining_v3.smx
L 07/08/2026 - 23:13:08: [SM] Call stack trace:
L 07/08/2026 - 23:13:08: [SM]   [0] KillTimer
L 07/08/2026 - 23:13:08: [SM]   [1] Line 56, D:\SteamLibrary\steamapps\common\Left 4 Dead 2\left4dead2\addons\sourcemod\scripting\l4d2_playerjoining_v3.sp::OnClientDisconnect
L 07/08/2026 - 23:13:50: [SM] Exception reported: Invalid timer handle b6c0050b (error 3)
L 07/08/2026 - 23:13:50: [SM] Blaming: l4d2_playerjoining_v3.smx
L 07/08/2026 - 23:13:50: [SM] Call stack trace:
L 07/08/2026 - 23:13:50: [SM]   [0] KillTimer
L 07/08/2026 - 23:13:50: [SM]   [1] Line 56, D:\SteamLibrary\steamapps\common\Left 4 Dead 2\left4dead2\addons\sourcemod\scripting\l4d2_playerjoining_v3.sp::OnClientDisconnect
L 07/08/2026 - 23:14:38: [SM] Exception reported: Invalid timer handle b6c0050b (error 3)
L 07/08/2026 - 23:14:38: [SM] Blaming: l4d2_playerjoining_v3.smx
L 07/08/2026 - 23:14:38: [SM] Call stack trace:
L 07/08/2026 - 23:14:38: [SM]   [0] KillTimer
L 07/08/2026 - 23:14:38: [SM]   [1] Line 56, D:\SteamLibrary\steamapps\common\Left 4 Dead 2\left4dead2\addons\sourcemod\scripting\l4d2_playerjoining_v3.sp::OnClientDisconnect
L 07/08/2026 - 23:14:46: [SM] Exception reported: Invalid timer handle b6c0050b (error 3)
L 07/08/2026 - 23:14:46: [SM] Blaming: l4d2_playerjoining_v3.smx
L 07/08/2026 - 23:14:46: [SM] Call stack trace:
L 07/08/2026 - 23:14:46: [SM]   [0] KillTimer
L 07/08/2026 - 23:14:46: [SM]   [1] Line 56, D:\SteamLibrary\steamapps\common\Left 4 Dead 2\left4dead2\addons\sourcemod\scripting\l4d2_playerjoining_v3.sp::OnClientDisconnect
L 07/08/2026 - 23:15:11: [SM] Exception reported: Invalid timer handle b6c0050b (error 3)
L 07/08/2026 - 23:15:11: [SM] Blaming: l4d2_playerjoining_v3.smx
L 07/08/2026 - 23:15:11: [SM] Call stack trace:
L 07/08/2026 - 23:15:11: [SM]   [0] KillTimer
L 07/08/2026 - 23:15:11: [SM]   [1] Line 56, D:\SteamLibrary\steamapps\common\Left 4 Dead 2\left4dead2\addons\sourcemod\scripting\l4d2_playerjoining_v3.sp::OnClientDisconnect
L 07/08/2026 - 23:16:35: [SM] Exception reported: Language phrase "Type in chat !join To join the survivors" not found (arg 6)
L 07/08/2026 - 23:16:35: [SM] Blaming: l4dmultislots.smx
L 07/08/2026 - 23:16:35: [SM] Call stack trace:
L 07/08/2026 - 23:16:35: [SM]   [0] VFormat
L 07/08/2026 - 23:16:35: [SM]   [1] Line 71, D:\Github\Private-Work\L4D2-插件\scripting_1.11\include\multicolors.inc::CPrintToChat
L 07/08/2026 - 23:16:35: [SM]   [2] Line 938, d:\Github\Private-Work\L4D2-插件\scripting_1.11\l4dmultislots.sp::Timer_SpecCheck
L 07/08/2026 - 23:16:39: [SM] Exception reported: Invalid timer handle b6c0050b (error 1)
L 07/08/2026 - 23:16:39: [SM] Blaming: l4d2_playerjoining_v3.smx
L 07/08/2026 - 23:16:39: [SM] Call stack trace:
L 07/08/2026 - 23:16:39: [SM]   [0] KillTimer
L 07/08/2026 - 23:16:39: [SM]   [1] Line 56, D:\SteamLibrary\steamapps\common\Left 4 Dead 2\left4dead2\addons\sourcemod\scripting\l4d2_playerjoining_v3.sp::OnClientDisconnect
L 07/08/2026 - 23:18:55: [SM] Exception reported: Invalid timer handle 6a70047c (error 1)
L 07/08/2026 - 23:18:55: [SM] Blaming: l4d2_playerjoining_v3.smx
L 07/08/2026 - 23:18:55: [SM] Call stack trace:
L 07/08/2026 - 23:18:55: [SM]   [0] KillTimer
L 07/08/2026 - 23:18:55: [SM]   [1] Line 56, D:\SteamLibrary\steamapps\common\Left 4 Dead 2\left4dead2\addons\sourcemod\scripting\l4d2_playerjoining_v3.sp::OnClientDisconnect
L 07/08/2026 - 23:19:05: [SM] Exception reported: Language phrase "Please wait to be revived or rescued" not found (arg 6)
L 07/08/2026 - 23:19:05: [SM] Blaming: l4dmultislots.smx
L 07/08/2026 - 23:19:05: [SM] Call stack trace:
L 07/08/2026 - 23:19:05: [SM]   [0] PrintToChat
L 07/08/2026 - 23:19:05: [SM]   [1] Line 953, d:\Github\Private-Work\L4D2-插件\scripting_1.11\l4dmultislots.sp::Timer_SpecCheck
L 07/08/2026 - 23:19:11: [SM] Exception reported: Invalid timer handle b6c0050b (error 1)
L 07/08/2026 - 23:19:11: [SM] Blaming: l4d2_playerjoining_v3.smx
L 07/08/2026 - 23:19:11: [SM] Call stack trace:
L 07/08/2026 - 23:19:11: [SM]   [0] KillTimer
L 07/08/2026 - 23:19:11: [SM]   [1] Line 56, D:\SteamLibrary\steamapps\common\Left 4 Dead 2\left4dead2\addons\sourcemod\scripting\l4d2_playerjoining_v3.sp::OnClientDisconnect
L 07/08/2026 - 23:19:30: [SM] Exception reported: Language phrase "Please wait to be revived or rescued" not found (arg 6)
L 07/08/2026 - 23:19:30: [SM] Blaming: l4dmultislots.smx
L 07/08/2026 - 23:19:30: [SM] Call stack trace:
L 07/08/2026 - 23:19:30: [SM]   [0] PrintToChat
L 07/08/2026 - 23:19:30: [SM]   [1] Line 953, d:\Github\Private-Work\L4D2-插件\scripting_1.11\l4dmultislots.sp::Timer_SpecCheck
L 07/08/2026 - 23:19:43: [SM] Exception reported: Invalid timer handle 563004fc (error 3)
L 07/08/2026 - 23:19:43: [SM] Blaming: l4d2_playerjoining_v3.smx
L 07/08/2026 - 23:19:43: [SM] Call stack trace:
L 07/08/2026 - 23:19:43: [SM]   [0] KillTimer
L 07/08/2026 - 23:19:43: [SM]   [1] Line 56, D:\SteamLibrary\steamapps\common\Left 4 Dead 2\left4dead2\addons\sourcemod\scripting\l4d2_playerjoining_v3.sp::OnClientDisconnect
L 07/08/2026 - 23:19:55: [SM] Exception reported: Language phrase "Please wait to be revived or rescued" not found (arg 6)
L 07/08/2026 - 23:19:55: [SM] Blaming: l4dmultislots.smx
L 07/08/2026 - 23:19:55: [SM] Call stack trace:
L 07/08/2026 - 23:19:55: [SM]   [0] PrintToChat
L 07/08/2026 - 23:19:55: [SM]   [1] Line 953, d:\Github\Private-Work\L4D2-插件\scripting_1.11\l4dmultislots.sp::Timer_SpecCheck
L 07/08/2026 - 23:19:56: [SM] Exception reported: Invalid timer handle b6c0050b (error 3)
L 07/08/2026 - 23:19:56: [SM] Blaming: l4d2_playerjoining_v3.smx
L 07/08/2026 - 23:19:56: [SM] Call stack trace:
L 07/08/2026 - 23:19:56: [SM]   [0] KillTimer
L 07/08/2026 - 23:19:56: [SM]   [1] Line 56, D:\SteamLibrary\steamapps\common\Left 4 Dead 2\left4dead2\addons\sourcemod\scripting\l4d2_playerjoining_v3.sp::OnClientDisconnect
L 07/08/2026 - 23:20:20: [SM] Exception reported: Language phrase "Please wait to be revived or rescued" not found (arg 6)
L 07/08/2026 - 23:20:20: [SM] Blaming: l4dmultislots.smx
L 07/08/2026 - 23:20:20: [SM] Call stack trace:
L 07/08/2026 - 23:20:20: [SM]   [0] PrintToChat
L 07/08/2026 - 23:20:20: [SM]   [1] Line 953, d:\Github\Private-Work\L4D2-插件\scripting_1.11\l4dmultislots.sp::Timer_SpecCheck
L 07/08/2026 - 23:20:29: [SM] Exception reported: Invalid timer handle b900546 (error 3)
L 07/08/2026 - 23:20:29: [SM] Blaming: l4d2_playerjoining_v3.smx
L 07/08/2026 - 23:20:29: [SM] Call stack trace:
L 07/08/2026 - 23:20:29: [SM]   [0] KillTimer
L 07/08/2026 - 23:20:29: [SM]   [1] Line 56, D:\SteamLibrary\steamapps\common\Left 4 Dead 2\left4dead2\addons\sourcemod\scripting\l4d2_playerjoining_v3.sp::OnClientDisconnect
L 07/08/2026 - 23:20:33: [SM] Exception reported: Invalid timer handle b900546 (error 3)
L 07/08/2026 - 23:20:33: [SM] Blaming: l4d2_playerjoining_v3.smx
L 07/08/2026 - 23:20:33: [SM] Call stack trace:
L 07/08/2026 - 23:20:33: [SM]   [0] KillTimer
L 07/08/2026 - 23:20:33: [SM]   [1] Line 56, D:\SteamLibrary\steamapps\common\Left 4 Dead 2\left4dead2\addons\sourcemod\scripting\l4d2_playerjoining_v3.sp::OnClientDisconnect
L 07/08/2026 - 23:20:45: [SM] Exception reported: Language phrase "Please wait to be revived or rescued" not found (arg 6)
L 07/08/2026 - 23:20:45: [SM] Blaming: l4dmultislots.smx
L 07/08/2026 - 23:20:45: [SM] Call stack trace:
L 07/08/2026 - 23:20:45: [SM]   [0] PrintToChat
L 07/08/2026 - 23:20:45: [SM]   [1] Line 953, d:\Github\Private-Work\L4D2-插件\scripting_1.11\l4dmultislots.sp::Timer_SpecCheck
L 07/08/2026 - 23:21:20: [SM] Exception reported: Invalid timer handle b6c0050b (error 3)
L 07/08/2026 - 23:21:20: [SM] Blaming: l4d2_playerjoining_v3.smx
L 07/08/2026 - 23:21:20: [SM] Call stack trace:
L 07/08/2026 - 23:21:20: [SM]   [0] KillTimer
L 07/08/2026 - 23:21:20: [SM]   [1] Line 56, D:\SteamLibrary\steamapps\common\Left 4 Dead 2\left4dead2\addons\sourcemod\scripting\l4d2_playerjoining_v3.sp::OnClientDisconnect
L 07/08/2026 - 23:21:23: [SM] Exception reported: Invalid timer handle 95900511 (error 1)
L 07/08/2026 - 23:21:23: [SM] Blaming: l4d2_playerjoining_v3.smx
L 07/08/2026 - 23:21:23: [SM] Call stack trace:
L 07/08/2026 - 23:21:23: [SM]   [0] KillTimer
L 07/08/2026 - 23:21:23: [SM]   [1] Line 56, D:\SteamLibrary\steamapps\common\Left 4 Dead 2\left4dead2\addons\sourcemod\scripting\l4d2_playerjoining_v3.sp::OnClientDisconnect
L 07/08/2026 - 23:22:04: [SM] Exception reported: Invalid timer handle 563004fc (error 1)
L 07/08/2026 - 23:22:04: [SM] Blaming: l4d2_playerjoining_v3.smx
L 07/08/2026 - 23:22:04: [SM] Call stack trace:
L 07/08/2026 - 23:22:04: [SM]   [0] KillTimer
L 07/08/2026 - 23:22:04: [SM]   [1] Line 56, D:\SteamLibrary\steamapps\common\Left 4 Dead 2\left4dead2\addons\sourcemod\scripting\l4d2_playerjoining_v3.sp::OnClientDisconnect
L 07/08/2026 - 23:22:13: [SM] Exception reported: Invalid timer handle 563004fc (error 3)
L 07/08/2026 - 23:22:13: [SM] Blaming: l4d2_playerjoining_v3.smx
L 07/08/2026 - 23:22:13: [SM] Call stack trace:
L 07/08/2026 - 23:22:13: [SM]   [0] KillTimer
L 07/08/2026 - 23:22:13: [SM]   [1] Line 56, D:\SteamLibrary\steamapps\common\Left 4 Dead 2\left4dead2\addons\sourcemod\scripting\l4d2_playerjoining_v3.sp::OnClientDisconnect
L 07/08/2026 - 23:22:25: [SM] Exception reported: Language phrase "Please wait to be revived or rescued" not found (arg 6)
L 07/08/2026 - 23:22:25: [SM] Blaming: l4dmultislots.smx
L 07/08/2026 - 23:22:25: [SM] Call stack trace:
L 07/08/2026 - 23:22:25: [SM]   [0] PrintToChat
L 07/08/2026 - 23:22:25: [SM]   [1] Line 953, d:\Github\Private-Work\L4D2-插件\scripting_1.11\l4dmultislots.sp::Timer_SpecCheck
L 07/08/2026 - 23:22:28: [SM] Exception reported: Invalid timer handle b900546 (error 3)
L 07/08/2026 - 23:22:28: [SM] Blaming: l4d2_playerjoining_v3.smx
L 07/08/2026 - 23:22:28: [SM] Call stack trace:
L 07/08/2026 - 23:22:28: [SM]   [0] KillTimer
L 07/08/2026 - 23:22:28: [SM]   [1] Line 56, D:\SteamLibrary\steamapps\common\Left 4 Dead 2\left4dead2\addons\sourcemod\scripting\l4d2_playerjoining_v3.sp::OnClientDisconnect
L 07/08/2026 - 23:22:54: [SM] Exception reported: Invalid timer handle b900546 (error 3)
L 07/08/2026 - 23:22:54: [SM] Blaming: l4d2_playerjoining_v3.smx
L 07/08/2026 - 23:22:54: [SM] Call stack trace:
L 07/08/2026 - 23:22:54: [SM]   [0] KillTimer
L 07/08/2026 - 23:22:54: [SM]   [1] Line 56, D:\SteamLibrary\steamapps\common\Left 4 Dead 2\left4dead2\addons\sourcemod\scripting\l4d2_playerjoining_v3.sp::OnClientDisconnect
L 07/08/2026 - 23:24:43: [SM] Exception reported: Invalid timer handle b900546 (error 3)
L 07/08/2026 - 23:24:43: [SM] Blaming: l4d2_playerjoining_v3.smx
L 07/08/2026 - 23:24:43: [SM] Call stack trace:
L 07/08/2026 - 23:24:43: [SM]   [0] KillTimer
L 07/08/2026 - 23:24:43: [SM]   [1] Line 56, D:\SteamLibrary\steamapps\common\Left 4 Dead 2\left4dead2\addons\sourcemod\scripting\l4d2_playerjoining_v3.sp::OnClientDisconnect
L 07/08/2026 - 23:25:16: [SM] Exception reported: Invalid timer handle b900546 (error 3)
L 07/08/2026 - 23:25:16: [SM] Blaming: l4d2_playerjoining_v3.smx
L 07/08/2026 - 23:25:16: [SM] Call stack trace:
L 07/08/2026 - 23:25:16: [SM]   [0] KillTimer
L 07/08/2026 - 23:25:16: [SM]   [1] Line 56, D:\SteamLibrary\steamapps\common\Left 4 Dead 2\left4dead2\addons\sourcemod\scripting\l4d2_playerjoining_v3.sp::OnClientDisconnect
L 07/08/2026 - 23:26:35: [SM] Exception reported: Invalid timer handle b900546 (error 3)
L 07/08/2026 - 23:26:35: [SM] Blaming: l4d2_playerjoining_v3.smx
L 07/08/2026 - 23:26:35: [SM] Call stack trace:
L 07/08/2026 - 23:26:35: [SM]   [0] KillTimer
L 07/08/2026 - 23:26:35: [SM]   [1] Line 56, D:\SteamLibrary\steamapps\common\Left 4 Dead 2\left4dead2\addons\sourcemod\scripting\l4d2_playerjoining_v3.sp::OnClientDisconnect
L 07/08/2026 - 23:27:26: [SM] Exception reported: Language phrase "Please wait to be revived or rescued" not found (arg 6)
L 07/08/2026 - 23:27:26: [SM] Blaming: l4dmultislots.smx
L 07/08/2026 - 23:27:26: [SM] Call stack trace:
L 07/08/2026 - 23:27:26: [SM]   [0] PrintToChat
L 07/08/2026 - 23:27:26: [SM]   [1] Line 953, d:\Github\Private-Work\L4D2-插件\scripting_1.11\l4dmultislots.sp::Timer_SpecCheck
L 07/08/2026 - 23:27:39: Error log file session closed.
L 07/08/2026 - 23:27:39: SourceMod error session started
L 07/08/2026 - 23:27:39: Info (map "glubtastic5_bigtesco") (file "d:\steamlibrary\steamapps\common\left 4 dead 2\left4dead2\addons\sourcemod\logs\errors_20260708.log")
L 07/08/2026 - 23:27:39: [SM] Fatal error encountered parsing translation file "l4d_nth.phrases.txt"
L 07/08/2026 - 23:27:39: [SM] Error (line 0, column 0): Stream failed to open
L 07/08/2026 - 23:27:39: [SM] Fatal error encountered parsing translation file "chargersteering.phrases.txt"
L 07/08/2026 - 23:27:39: [SM] Error (line 0, column 0): Stream failed to open
L 07/08/2026 - 23:27:43: [l4d2_publicity.smx] [Publicity] No se encontraron mensajes en el archivo de configuración
L 07/08/2026 - 23:28:41: [SM] Exception reported: Language phrase "Please wait to be revived or rescued" not found (arg 6)
L 07/08/2026 - 23:28:41: [SM] Blaming: l4dmultislots.smx
L 07/08/2026 - 23:28:41: [SM] Call stack trace:
L 07/08/2026 - 23:28:41: [SM]   [0] PrintToChat
L 07/08/2026 - 23:28:41: [SM]   [1] Line 953, d:\Github\Private-Work\L4D2-插件\scripting_1.11\l4dmultislots.sp::Timer_SpecCheck
L 07/08/2026 - 23:28:45: [SM] Exception reported: Invalid timer handle 563004fc (error 3)
L 07/08/2026 - 23:28:45: [SM] Blaming: l4d2_playerjoining_v3.smx
L 07/08/2026 - 23:28:45: [SM] Call stack trace:
L 07/08/2026 - 23:28:45: [SM]   [0] KillTimer
L 07/08/2026 - 23:28:45: [SM]   [1] Line 56, D:\SteamLibrary\steamapps\common\Left 4 Dead 2\left4dead2\addons\sourcemod\scripting\l4d2_playerjoining_v3.sp::OnClientDisconnect
L 07/08/2026 - 23:29:05: [SM] Exception reported: Invalid timer handle 7160054b (error 3)
L 07/08/2026 - 23:29:05: [SM] Blaming: l4d2_playerjoining_v3.smx
L 07/08/2026 - 23:29:05: [SM] Call stack trace:
L 07/08/2026 - 23:29:05: [SM]   [0] KillTimer
L 07/08/2026 - 23:29:05: [SM]   [1] Line 56, D:\SteamLibrary\steamapps\common\Left 4 Dead 2\left4dead2\addons\sourcemod\scripting\l4d2_playerjoining_v3.sp::OnClientDisconnect
L 07/08/2026 - 23:29:06: [SM] Exception reported: Language phrase "Please wait to be revived or rescued" not found (arg 6)
L 07/08/2026 - 23:29:06: [SM] Blaming: l4dmultislots.smx
L 07/08/2026 - 23:29:06: [SM] Call stack trace:
L 07/08/2026 - 23:29:06: [SM]   [0] PrintToChat
L 07/08/2026 - 23:29:06: [SM]   [1] Line 953, d:\Github\Private-Work\L4D2-插件\scripting_1.11\l4dmultislots.sp::Timer_SpecCheck
L 07/08/2026 - 23:29:10: [SM] Exception reported: Invalid timer handle b900546 (error 3)
L 07/08/2026 - 23:29:10: [SM] Blaming: l4d2_playerjoining_v3.smx
L 07/08/2026 - 23:29:10: [SM] Call stack trace:
L 07/08/2026 - 23:29:10: [SM]   [0] KillTimer
L 07/08/2026 - 23:29:10: [SM]   [1] Line 56, D:\SteamLibrary\steamapps\common\Left 4 Dead 2\left4dead2\addons\sourcemod\scripting\l4d2_playerjoining_v3.sp::OnClientDisconnect
L 07/08/2026 - 23:29:12: [SM] Exception reported: Invalid timer handle 563004fc (error 3)
L 07/08/2026 - 23:29:12: [SM] Blaming: l4d2_playerjoining_v3.smx
L 07/08/2026 - 23:29:12: [SM] Call stack trace:
L 07/08/2026 - 23:29:12: [SM]   [0] KillTimer
L 07/08/2026 - 23:29:12: [SM]   [1] Line 56, D:\SteamLibrary\steamapps\common\Left 4 Dead 2\left4dead2\addons\sourcemod\scripting\l4d2_playerjoining_v3.sp::OnClientDisconnect
L 07/08/2026 - 23:29:31: [SM] Exception reported: Language phrase "Please wait to be revived or rescued" not found (arg 6)
L 07/08/2026 - 23:29:31: [SM] Blaming: l4dmultislots.smx
L 07/08/2026 - 23:29:31: [SM] Call stack trace:
L 07/08/2026 - 23:29:31: [SM]   [0] PrintToChat
L 07/08/2026 - 23:29:31: [SM]   [1] Line 953, d:\Github\Private-Work\L4D2-插件\scripting_1.11\l4dmultislots.sp::Timer_SpecCheck
L 07/08/2026 - 23:29:52: [SM] Exception reported: Invalid timer handle 7160054b (error 3)
L 07/08/2026 - 23:29:52: [SM] Blaming: l4d2_playerjoining_v3.smx
L 07/08/2026 - 23:29:52: [SM] Call stack trace:
L 07/08/2026 - 23:29:52: [SM]   [0] KillTimer
L 07/08/2026 - 23:29:52: [SM]   [1] Line 56, D:\SteamLibrary\steamapps\common\Left 4 Dead 2\left4dead2\addons\sourcemod\scripting\l4d2_playerjoining_v3.sp::OnClientDisconnect
L 07/08/2026 - 23:29:54: [SM] Exception reported: Invalid timer handle b900546 (error 3)
L 07/08/2026 - 23:29:54: [SM] Blaming: l4d2_playerjoining_v3.smx
L 07/08/2026 - 23:29:54: [SM] Call stack trace:
L 07/08/2026 - 23:29:54: [SM]   [0] KillTimer
L 07/08/2026 - 23:29:54: [SM]   [1] Line 56, D:\SteamLibrary\steamapps\common\Left 4 Dead 2\left4dead2\addons\sourcemod\scripting\l4d2_playerjoining_v3.sp::OnClientDisconnect
L 07/08/2026 - 23:29:56: [SM] Exception reported: Language phrase "Please wait to be revived or rescued" not found (arg 6)
L 07/08/2026 - 23:29:56: [SM] Blaming: l4dmultislots.smx
L 07/08/2026 - 23:29:56: [SM] Call stack trace:
L 07/08/2026 - 23:29:56: [SM]   [0] PrintToChat
L 07/08/2026 - 23:29:56: [SM]   [1] Line 953, d:\Github\Private-Work\L4D2-插件\scripting_1.11\l4dmultislots.sp::Timer_SpecCheck
L 07/08/2026 - 23:29:58: [SM] Exception reported: Invalid timer handle 563004fc (error 3)
L 07/08/2026 - 23:29:58: [SM] Blaming: l4d2_playerjoining_v3.smx
L 07/08/2026 - 23:29:58: [SM] Call stack trace:
L 07/08/2026 - 23:29:58: [SM]   [0] KillTimer
L 07/08/2026 - 23:29:58: [SM]   [1] Line 56, D:\SteamLibrary\steamapps\common\Left 4 Dead 2\left4dead2\addons\sourcemod\scripting\l4d2_playerjoining_v3.sp::OnClientDisconnect
L 07/08/2026 - 23:30:21: [SM] Exception reported: Language phrase "Please wait to be revived or rescued" not found (arg 6)
L 07/08/2026 - 23:30:21: [SM] Blaming: l4dmultislots.smx
L 07/08/2026 - 23:30:21: [SM] Call stack trace:
L 07/08/2026 - 23:30:21: [SM]   [0] PrintToChat
L 07/08/2026 - 23:30:21: [SM]   [1] Line 953, d:\Github\Private-Work\L4D2-插件\scripting_1.11\l4dmultislots.sp::Timer_SpecCheck
L 07/08/2026 - 23:30:22: [SM] Exception reported: Invalid timer handle b900546 (error 3)
L 07/08/2026 - 23:30:22: [SM] Blaming: l4d2_playerjoining_v3.smx
L 07/08/2026 - 23:30:22: [SM] Call stack trace:
L 07/08/2026 - 23:30:22: [SM]   [0] KillTimer
L 07/08/2026 - 23:30:22: [SM]   [1] Line 56, D:\SteamLibrary\steamapps\common\Left 4 Dead 2\left4dead2\addons\sourcemod\scripting\l4d2_playerjoining_v3.sp::OnClientDisconnect
L 07/08/2026 - 23:30:37: [SM] Exception reported: Invalid timer handle b900546 (error 3)
L 07/08/2026 - 23:30:37: [SM] Blaming: l4d2_playerjoining_v3.smx
L 07/08/2026 - 23:30:37: [SM] Call stack trace:
L 07/08/2026 - 23:30:37: [SM]   [0] KillTimer
L 07/08/2026 - 23:30:37: [SM]   [1] Line 56, D:\SteamLibrary\steamapps\common\Left 4 Dead 2\left4dead2\addons\sourcemod\scripting\l4d2_playerjoining_v3.sp::OnClientDisconnect
L 07/08/2026 - 23:30:46: [SM] Exception reported: Language phrase "Please wait to be revived or rescued" not found (arg 6)
L 07/08/2026 - 23:30:46: [SM] Blaming: l4dmultislots.smx
L 07/08/2026 - 23:30:46: [SM] Call stack trace:
L 07/08/2026 - 23:30:46: [SM]   [0] PrintToChat
L 07/08/2026 - 23:30:46: [SM]   [1] Line 953, d:\Github\Private-Work\L4D2-插件\scripting_1.11\l4dmultislots.sp::Timer_SpecCheck
L 07/08/2026 - 23:31:11: [SM] Exception reported: Language phrase "Please wait to be revived or rescued" not found (arg 6)
L 07/08/2026 - 23:31:11: [SM] Blaming: l4dmultislots.smx
L 07/08/2026 - 23:31:11: [SM] Call stack trace:
L 07/08/2026 - 23:31:11: [SM]   [0] PrintToChat
L 07/08/2026 - 23:31:11: [SM]   [1] Line 953, d:\Github\Private-Work\L4D2-插件\scripting_1.11\l4dmultislots.sp::Timer_SpecCheck
L 07/08/2026 - 23:31:13: [SM] Exception reported: Invalid timer handle b900546 (error 3)
L 07/08/2026 - 23:31:13: [SM] Blaming: l4d2_playerjoining_v3.smx
L 07/08/2026 - 23:31:13: [SM] Call stack trace:
L 07/08/2026 - 23:31:13: [SM]   [0] KillTimer
L 07/08/2026 - 23:31:13: [SM]   [1] Line 56, D:\SteamLibrary\steamapps\common\Left 4 Dead 2\left4dead2\addons\sourcemod\scripting\l4d2_playerjoining_v3.sp::OnClientDisconnect
L 07/08/2026 - 23:31:36: [SM] Exception reported: Language phrase "Please wait to be revived or rescued" not found (arg 6)
L 07/08/2026 - 23:31:36: [SM] Blaming: l4dmultislots.smx
L 07/08/2026 - 23:31:36: [SM] Call stack trace:
L 07/08/2026 - 23:31:36: [SM]   [0] PrintToChat
L 07/08/2026 - 23:31:36: [SM]   [1] Line 953, d:\Github\Private-Work\L4D2-插件\scripting_1.11\l4dmultislots.sp::Timer_SpecCheck
L 07/08/2026 - 23:32:01: [SM] Exception reported: Language phrase "Please wait to be revived or rescued" not found (arg 6)
L 07/08/2026 - 23:32:01: [SM] Blaming: l4dmultislots.smx
L 07/08/2026 - 23:32:01: [SM] Call stack trace:
L 07/08/2026 - 23:32:01: [SM]   [0] PrintToChat
L 07/08/2026 - 23:32:01: [SM]   [1] Line 953, d:\Github\Private-Work\L4D2-插件\scripting_1.11\l4dmultislots.sp::Timer_SpecCheck
L 07/08/2026 - 23:32:12: [SM] Exception reported: Invalid timer handle 9900500 (error 1)
L 07/08/2026 - 23:32:12: [SM] Blaming: l4d2_playerjoining_v3.smx
L 07/08/2026 - 23:32:12: [SM] Call stack trace:
L 07/08/2026 - 23:32:12: [SM]   [0] KillTimer
L 07/08/2026 - 23:32:12: [SM]   [1] Line 56, D:\SteamLibrary\steamapps\common\Left 4 Dead 2\left4dead2\addons\sourcemod\scripting\l4d2_playerjoining_v3.sp::OnClientDisconnect
L 07/08/2026 - 23:32:18: [SM] Exception reported: Invalid timer handle b900546 (error 3)
L 07/08/2026 - 23:32:18: [SM] Blaming: l4d2_playerjoining_v3.smx
L 07/08/2026 - 23:32:18: [SM] Call stack trace:
L 07/08/2026 - 23:32:18: [SM]   [0] KillTimer
L 07/08/2026 - 23:32:18: [SM]   [1] Line 56, D:\SteamLibrary\steamapps\common\Left 4 Dead 2\left4dead2\addons\sourcemod\scripting\l4d2_playerjoining_v3.sp::OnClientDisconnect
L 07/08/2026 - 23:32:26: [SM] Exception reported: Language phrase "Please wait to be revived or rescued" not found (arg 6)
L 07/08/2026 - 23:32:26: [SM] Blaming: l4dmultislots.smx
L 07/08/2026 - 23:32:26: [SM] Call stack trace:
L 07/08/2026 - 23:32:26: [SM]   [0] PrintToChat
L 07/08/2026 - 23:32:26: [SM]   [1] Line 953, d:\Github\Private-Work\L4D2-插件\scripting_1.11\l4dmultislots.sp::Timer_SpecCheck
L 07/08/2026 - 23:32:35: [SM] Exception reported: Invalid timer handle 7160054b (error 3)
L 07/08/2026 - 23:32:35: [SM] Blaming: l4d2_playerjoining_v3.smx
L 07/08/2026 - 23:32:35: [SM] Call stack trace:
L 07/08/2026 - 23:32:35: [SM]   [0] KillTimer
L 07/08/2026 - 23:32:35: [SM]   [1] Line 56, D:\SteamLibrary\steamapps\common\Left 4 Dead 2\left4dead2\addons\sourcemod\scripting\l4d2_playerjoining_v3.sp::OnClientDisconnect
L 07/08/2026 - 23:32:51: [SM] Exception reported: Language phrase "Please wait to be revived or rescued" not found (arg 6)
L 07/08/2026 - 23:32:51: [SM] Blaming: l4dmultislots.smx
L 07/08/2026 - 23:32:51: [SM] Call stack trace:
L 07/08/2026 - 23:32:51: [SM]   [0] PrintToChat
L 07/08/2026 - 23:32:51: [SM]   [1] Line 953, d:\Github\Private-Work\L4D2-插件\scripting_1.11\l4dmultislots.sp::Timer_SpecCheck
L 07/08/2026 - 23:33:16: [SM] Exception reported: Language phrase "Please wait to be revived or rescued" not found (arg 6)
L 07/08/2026 - 23:33:16: [SM] Blaming: l4dmultislots.smx
L 07/08/2026 - 23:33:16: [SM] Call stack trace:
L 07/08/2026 - 23:33:16: [SM]   [0] PrintToChat
L 07/08/2026 - 23:33:16: [SM]   [1] Line 953, d:\Github\Private-Work\L4D2-插件\scripting_1.11\l4dmultislots.sp::Timer_SpecCheck
L 07/08/2026 - 23:33:34: [SM] Exception reported: Invalid timer handle b900546 (error 3)
L 07/08/2026 - 23:33:34: [SM] Blaming: l4d2_playerjoining_v3.smx
L 07/08/2026 - 23:33:34: [SM] Call stack trace:
L 07/08/2026 - 23:33:34: [SM]   [0] KillTimer
L 07/08/2026 - 23:33:34: [SM]   [1] Line 56, D:\SteamLibrary\steamapps\common\Left 4 Dead 2\left4dead2\addons\sourcemod\scripting\l4d2_playerjoining_v3.sp::OnClientDisconnect
L 07/08/2026 - 23:33:35: [SM] Exception reported: Invalid timer handle 9900500 (error 1)
L 07/08/2026 - 23:33:35: [SM] Blaming: l4d2_playerjoining_v3.smx
L 07/08/2026 - 23:33:35: [SM] Call stack trace:
L 07/08/2026 - 23:33:35: [SM]   [0] KillTimer
L 07/08/2026 - 23:33:35: [SM]   [1] Line 56, D:\SteamLibrary\steamapps\common\Left 4 Dead 2\left4dead2\addons\sourcemod\scripting\l4d2_playerjoining_v3.sp::OnClientDisconnect
L 07/08/2026 - 23:33:35: [SM] Exception reported: Invalid timer handle 7160054b (error 1)
L 07/08/2026 - 23:33:35: [SM] Blaming: l4d2_playerjoining_v3.smx
L 07/08/2026 - 23:33:35: [SM] Call stack trace:
L 07/08/2026 - 23:33:35: [SM]   [0] KillTimer
L 07/08/2026 - 23:33:35: [SM]   [1] Line 56, D:\SteamLibrary\steamapps\common\Left 4 Dead 2\left4dead2\addons\sourcemod\scripting\l4d2_playerjoining_v3.sp::OnClientDisconnect
L 07/08/2026 - 23:34:24: [SM] Exception reported: Invalid timer handle b900546 (error 3)
L 07/08/2026 - 23:34:24: [SM] Blaming: l4d2_playerjoining_v3.smx
L 07/08/2026 - 23:34:24: [SM] Call stack trace:
L 07/08/2026 - 23:34:24: [SM]   [0] KillTimer
L 07/08/2026 - 23:34:24: [SM]   [1] Line 56, D:\SteamLibrary\steamapps\common\Left 4 Dead 2\left4dead2\addons\sourcemod\scripting\l4d2_playerjoining_v3.sp::OnClientDisconnect
L 07/08/2026 - 23:34:25: [SM] Exception reported: Language phrase "Please wait to be revived or rescued" not found (arg 6)
L 07/08/2026 - 23:34:25: [SM] Blaming: l4dmultislots.smx
L 07/08/2026 - 23:34:25: [SM] Call stack trace:
L 07/08/2026 - 23:34:25: [SM]   [0] PrintToChat
L 07/08/2026 - 23:34:25: [SM]   [1] Line 953, d:\Github\Private-Work\L4D2-插件\scripting_1.11\l4dmultislots.sp::Timer_SpecCheck
L 07/08/2026 - 23:34:34: [SM] Exception reported: Invalid timer handle 9900500 (error 3)
L 07/08/2026 - 23:34:34: [SM] Blaming: l4d2_playerjoining_v3.smx
L 07/08/2026 - 23:34:34: [SM] Call stack trace:
L 07/08/2026 - 23:34:34: [SM]   [0] KillTimer
L 07/08/2026 - 23:34:34: [SM]   [1] Line 56, D:\SteamLibrary\steamapps\common\Left 4 Dead 2\left4dead2\addons\sourcemod\scripting\l4d2_playerjoining_v3.sp::OnClientDisconnect
L 07/08/2026 - 23:34:50: [SM] Exception reported: Language phrase "Please wait to be revived or rescued" not found (arg 6)
L 07/08/2026 - 23:34:50: [SM] Blaming: l4dmultislots.smx
L 07/08/2026 - 23:34:50: [SM] Call stack trace:
L 07/08/2026 - 23:34:50: [SM]   [0] PrintToChat
L 07/08/2026 - 23:34:50: [SM]   [1] Line 953, d:\Github\Private-Work\L4D2-插件\scripting_1.11\l4dmultislots.sp::Timer_SpecCheck
L 07/08/2026 - 23:35:04: [SM] Exception reported: Language phrase "No Any Dead Survivor" not found (arg 6)
L 07/08/2026 - 23:35:04: [SM] Blaming: l4d_sm_respawn.smx
L 07/08/2026 - 23:35:04: [SM] Call stack trace:
L 07/08/2026 - 23:35:04: [SM]   [0] FormatEx
L 07/08/2026 - 23:35:04: [SM]   [1] Line 202, d:\Github\Private-Work\L4D2-插件\scripting_1.11\l4d_sm_respawn.sp::MenuClientsToSpawn
L 07/08/2026 - 23:35:04: [SM]   [2] Line 239, d:\Github\Private-Work\L4D2-插件\scripting_1.11\l4d_sm_respawn.sp::MenuHandler_MenuList
L 07/08/2026 - 23:35:15: [SM] Exception reported: Language phrase "Please wait to be revived or rescued" not found (arg 6)
L 07/08/2026 - 23:35:15: [SM] Blaming: l4dmultislots.smx
L 07/08/2026 - 23:35:15: [SM] Call stack trace:
L 07/08/2026 - 23:35:15: [SM]   [0] PrintToChat
L 07/08/2026 - 23:35:15: [SM]   [1] Line 953, d:\Github\Private-Work\L4D2-插件\scripting_1.11\l4dmultislots.sp::Timer_SpecCheck
L 07/08/2026 - 23:35:18: [SM] Exception reported: Invalid timer handle b900546 (error 3)
L 07/08/2026 - 23:35:18: [SM] Blaming: l4d2_playerjoining_v3.smx
L 07/08/2026 - 23:35:18: [SM] Call stack trace:
L 07/08/2026 - 23:35:18: [SM]   [0] KillTimer
L 07/08/2026 - 23:35:18: [SM]   [1] Line 56, D:\SteamLibrary\steamapps\common\Left 4 Dead 2\left4dead2\addons\sourcemod\scripting\l4d2_playerjoining_v3.sp::OnClientDisconnect
L 07/08/2026 - 23:35:40: [SM] Exception reported: Language phrase "Please wait to be revived or rescued" not found (arg 6)
L 07/08/2026 - 23:35:40: [SM] Blaming: l4dmultislots.smx
L 07/08/2026 - 23:35:40: [SM] Call stack trace:
L 07/08/2026 - 23:35:40: [SM]   [0] PrintToChat
L 07/08/2026 - 23:35:40: [SM]   [1] Line 953, d:\Github\Private-Work\L4D2-插件\scripting_1.11\l4dmultislots.sp::Timer_SpecCheck
L 07/08/2026 - 23:35:44: [SM] Exception reported: Invalid timer handle 7160054b (error 3)
L 07/08/2026 - 23:35:44: [SM] Blaming: l4d2_playerjoining_v3.smx
L 07/08/2026 - 23:35:44: [SM] Call stack trace:
L 07/08/2026 - 23:35:44: [SM]   [0] KillTimer
L 07/08/2026 - 23:35:44: [SM]   [1] Line 56, D:\SteamLibrary\steamapps\common\Left 4 Dead 2\left4dead2\addons\sourcemod\scripting\l4d2_playerjoining_v3.sp::OnClientDisconnect
L 07/08/2026 - 23:35:51: [SM] Exception reported: Language phrase "No Any Dead Survivor" not found (arg 6)
L 07/08/2026 - 23:35:51: [SM] Blaming: l4d_sm_respawn.smx
L 07/08/2026 - 23:35:51: [SM] Call stack trace:
L 07/08/2026 - 23:35:51: [SM]   [0] FormatEx
L 07/08/2026 - 23:35:51: [SM]   [1] Line 202, d:\Github\Private-Work\L4D2-插件\scripting_1.11\l4d_sm_respawn.sp::MenuClientsToSpawn
L 07/08/2026 - 23:35:51: [SM]   [2] Line 239, d:\Github\Private-Work\L4D2-插件\scripting_1.11\l4d_sm_respawn.sp::MenuHandler_MenuList
L 07/08/2026 - 23:36:05: [SM] Exception reported: Invalid timer handle b900546 (error 3)
L 07/08/2026 - 23:36:05: [SM] Blaming: l4d2_playerjoining_v3.smx
L 07/08/2026 - 23:36:05: [SM] Call stack trace:
L 07/08/2026 - 23:36:05: [SM]   [0] KillTimer
L 07/08/2026 - 23:36:05: [SM]   [1] Line 56, D:\SteamLibrary\steamapps\common\Left 4 Dead 2\left4dead2\addons\sourcemod\scripting\l4d2_playerjoining_v3.sp::OnClientDisconnect
L 07/08/2026 - 23:36:18: [SM] Exception reported: Invalid timer handle 7160054b (error 3)
L 07/08/2026 - 23:36:18: [SM] Blaming: l4d2_playerjoining_v3.smx
L 07/08/2026 - 23:36:18: [SM] Call stack trace:
L 07/08/2026 - 23:36:18: [SM]   [0] KillTimer
L 07/08/2026 - 23:36:18: [SM]   [1] Line 56, D:\SteamLibrary\steamapps\common\Left 4 Dead 2\left4dead2\addons\sourcemod\scripting\l4d2_playerjoining_v3.sp::OnClientDisconnect
L 07/08/2026 - 23:36:30: [SM] Exception reported: Language phrase "Please wait to be revived or rescued" not found (arg 6)
L 07/08/2026 - 23:36:30: [SM] Blaming: l4dmultislots.smx
L 07/08/2026 - 23:36:30: [SM] Call stack trace:
L 07/08/2026 - 23:36:30: [SM]   [0] PrintToChat
L 07/08/2026 - 23:36:30: [SM]   [1] Line 953, d:\Github\Private-Work\L4D2-插件\scripting_1.11\l4dmultislots.sp::Timer_SpecCheck
L 07/08/2026 - 23:36:34: [SM] Exception reported: Language phrase "No Any Dead Survivor" not found (arg 6)
L 07/08/2026 - 23:36:34: [SM] Blaming: l4d_sm_respawn.smx
L 07/08/2026 - 23:36:34: [SM] Call stack trace:
L 07/08/2026 - 23:36:34: [SM]   [0] FormatEx
L 07/08/2026 - 23:36:34: [SM]   [1] Line 202, d:\Github\Private-Work\L4D2-插件\scripting_1.11\l4d_sm_respawn.sp::MenuClientsToSpawn
L 07/08/2026 - 23:36:34: [SM]   [2] Line 239, d:\Github\Private-Work\L4D2-插件\scripting_1.11\l4d_sm_respawn.sp::MenuHandler_MenuList
L 07/08/2026 - 23:36:37: [SM] Exception reported: Invalid timer handle b900546 (error 3)
L 07/08/2026 - 23:36:37: [SM] Blaming: l4d2_playerjoining_v3.smx
L 07/08/2026 - 23:36:37: [SM] Call stack trace:
L 07/08/2026 - 23:36:37: [SM]   [0] KillTimer
L 07/08/2026 - 23:36:37: [SM]   [1] Line 56, D:\SteamLibrary\steamapps\common\Left 4 Dead 2\left4dead2\addons\sourcemod\scripting\l4d2_playerjoining_v3.sp::OnClientDisconnect
L 07/08/2026 - 23:36:55: [SM] Exception reported: Language phrase "Please wait to be revived or rescued" not found (arg 6)
L 07/08/2026 - 23:36:55: [SM] Blaming: l4dmultislots.smx
L 07/08/2026 - 23:36:55: [SM] Call stack trace:
L 07/08/2026 - 23:36:55: [SM]   [0] PrintToChat
L 07/08/2026 - 23:36:55: [SM]   [1] Line 953, d:\Github\Private-Work\L4D2-插件\scripting_1.11\l4dmultislots.sp::Timer_SpecCheck
L 07/08/2026 - 23:36:59: [SM] Exception reported: Language phrase "No Any Dead Survivor" not found (arg 6)
L 07/08/2026 - 23:36:59: [SM] Blaming: l4d_sm_respawn.smx
L 07/08/2026 - 23:36:59: [SM] Call stack trace:
L 07/08/2026 - 23:36:59: [SM]   [0] FormatEx
L 07/08/2026 - 23:36:59: [SM]   [1] Line 202, d:\Github\Private-Work\L4D2-插件\scripting_1.11\l4d_sm_respawn.sp::MenuClientsToSpawn
L 07/08/2026 - 23:36:59: [SM]   [2] Line 239, d:\Github\Private-Work\L4D2-插件\scripting_1.11\l4d_sm_respawn.sp::MenuHandler_MenuList
L 07/08/2026 - 23:37:01: [SM] Exception reported: Invalid timer handle 9900500 (error 3)
L 07/08/2026 - 23:37:01: [SM] Blaming: l4d2_playerjoining_v3.smx
L 07/08/2026 - 23:37:01: [SM] Call stack trace:
L 07/08/2026 - 23:37:01: [SM]   [0] KillTimer
L 07/08/2026 - 23:37:01: [SM]   [1] Line 56, D:\SteamLibrary\steamapps\common\Left 4 Dead 2\left4dead2\addons\sourcemod\scripting\l4d2_playerjoining_v3.sp::OnClientDisconnect
L 07/08/2026 - 23:37:13: [SM] Exception reported: Invalid timer handle b900546 (error 3)
L 07/08/2026 - 23:37:13: [SM] Blaming: l4d2_playerjoining_v3.smx
L 07/08/2026 - 23:37:13: [SM] Call stack trace:
L 07/08/2026 - 23:37:13: [SM]   [0] KillTimer
L 07/08/2026 - 23:37:13: [SM]   [1] Line 56, D:\SteamLibrary\steamapps\common\Left 4 Dead 2\left4dead2\addons\sourcemod\scripting\l4d2_playerjoining_v3.sp::OnClientDisconnect
L 07/08/2026 - 23:37:45: [SM] Exception reported: Language phrase "Please wait to be revived or rescued" not found (arg 6)
L 07/08/2026 - 23:37:45: [SM] Blaming: l4dmultislots.smx
L 07/08/2026 - 23:37:45: [SM] Call stack trace:
L 07/08/2026 - 23:37:45: [SM]   [0] PrintToChat
L 07/08/2026 - 23:37:45: [SM]   [1] Line 953, d:\Github\Private-Work\L4D2-插件\scripting_1.11\l4dmultislots.sp::Timer_SpecCheck
L 07/08/2026 - 23:37:57: [SM] Exception reported: Invalid timer handle b900546 (error 3)
L 07/08/2026 - 23:37:57: [SM] Blaming: l4d2_playerjoining_v3.smx
L 07/08/2026 - 23:37:57: [SM] Call stack trace:
L 07/08/2026 - 23:37:57: [SM]   [0] KillTimer
L 07/08/2026 - 23:37:57: [SM]   [1] Line 56, D:\SteamLibrary\steamapps\common\Left 4 Dead 2\left4dead2\addons\sourcemod\scripting\l4d2_playerjoining_v3.sp::OnClientDisconnect
L 07/08/2026 - 23:38:10: [SM] Exception reported: Language phrase "Please wait to be revived or rescued" not found (arg 6)
L 07/08/2026 - 23:38:10: [SM] Blaming: l4dmultislots.smx
L 07/08/2026 - 23:38:10: [SM] Call stack trace:
L 07/08/2026 - 23:38:10: [SM]   [0] PrintToChat
L 07/08/2026 - 23:38:10: [SM]   [1] Line 953, d:\Github\Private-Work\L4D2-插件\scripting_1.11\l4dmultislots.sp::Timer_SpecCheck
L 07/08/2026 - 23:38:35: [SM] Exception reported: Language phrase "Please wait to be revived or rescued" not found (arg 6)
L 07/08/2026 - 23:38:35: [SM] Blaming: l4dmultislots.smx
L 07/08/2026 - 23:38:35: [SM] Call stack trace:
L 07/08/2026 - 23:38:35: [SM]   [0] PrintToChat
L 07/08/2026 - 23:38:35: [SM]   [1] Line 953, d:\Github\Private-Work\L4D2-插件\scripting_1.11\l4dmultislots.sp::Timer_SpecCheck
L 07/08/2026 - 23:39:00: [SM] Exception reported: Language phrase "Please wait to be revived or rescued" not found (arg 6)
L 07/08/2026 - 23:39:00: [SM] Blaming: l4dmultislots.smx
L 07/08/2026 - 23:39:00: [SM] Call stack trace:
L 07/08/2026 - 23:39:00: [SM]   [0] PrintToChat
L 07/08/2026 - 23:39:00: [SM]   [1] Line 953, d:\Github\Private-Work\L4D2-插件\scripting_1.11\l4dmultislots.sp::Timer_SpecCheck
L 07/08/2026 - 23:39:23: [SM] Exception reported: Invalid timer handle b900546 (error 3)
L 07/08/2026 - 23:39:23: [SM] Blaming: l4d2_playerjoining_v3.smx
L 07/08/2026 - 23:39:23: [SM] Call stack trace:
L 07/08/2026 - 23:39:23: [SM]   [0] KillTimer
L 07/08/2026 - 23:39:23: [SM]   [1] Line 56, D:\SteamLibrary\steamapps\common\Left 4 Dead 2\left4dead2\addons\sourcemod\scripting\l4d2_playerjoining_v3.sp::OnClientDisconnect
L 07/08/2026 - 23:39:25: [SM] Exception reported: Language phrase "Please wait to be revived or rescued" not found (arg 6)
L 07/08/2026 - 23:39:25: [SM] Blaming: l4dmultislots.smx
L 07/08/2026 - 23:39:25: [SM] Call stack trace:
L 07/08/2026 - 23:39:25: [SM]   [0] PrintToChat
L 07/08/2026 - 23:39:25: [SM]   [1] Line 953, d:\Github\Private-Work\L4D2-插件\scripting_1.11\l4dmultislots.sp::Timer_SpecCheck
L 07/08/2026 - 23:39:29: [SM] Exception reported: Invalid timer handle 9900500 (error 3)
L 07/08/2026 - 23:39:29: [SM] Blaming: l4d2_playerjoining_v3.smx
L 07/08/2026 - 23:39:29: [SM] Call stack trace:
L 07/08/2026 - 23:39:29: [SM]   [0] KillTimer
L 07/08/2026 - 23:39:29: [SM]   [1] Line 56, D:\SteamLibrary\steamapps\common\Left 4 Dead 2\left4dead2\addons\sourcemod\scripting\l4d2_playerjoining_v3.sp::OnClientDisconnect
L 07/08/2026 - 23:39:32: [SM] Exception reported: Invalid timer handle 7160054b (error 3)
L 07/08/2026 - 23:39:32: [SM] Blaming: l4d2_playerjoining_v3.smx
L 07/08/2026 - 23:39:32: [SM] Call stack trace:
L 07/08/2026 - 23:39:32: [SM]   [0] KillTimer
L 07/08/2026 - 23:39:32: [SM]   [1] Line 56, D:\SteamLibrary\steamapps\common\Left 4 Dead 2\left4dead2\addons\sourcemod\scripting\l4d2_playerjoining_v3.sp::OnClientDisconnect
L 07/08/2026 - 23:39:50: [SM] Exception reported: Language phrase "Please wait to be revived or rescued" not found (arg 6)
L 07/08/2026 - 23:39:50: [SM] Blaming: l4dmultislots.smx
L 07/08/2026 - 23:39:50: [SM] Call stack trace:
L 07/08/2026 - 23:39:50: [SM]   [0] PrintToChat
L 07/08/2026 - 23:39:50: [SM]   [1] Line 953, d:\Github\Private-Work\L4D2-插件\scripting_1.11\l4dmultislots.sp::Timer_SpecCheck
L 07/08/2026 - 23:40:15: [SM] Exception reported: Language phrase "Please wait to be revived or rescued" not found (arg 6)
L 07/08/2026 - 23:40:15: [SM] Blaming: l4dmultislots.smx
L 07/08/2026 - 23:40:15: [SM] Call stack trace:
L 07/08/2026 - 23:40:15: [SM]   [0] PrintToChat
L 07/08/2026 - 23:40:15: [SM]   [1] Line 953, d:\Github\Private-Work\L4D2-插件\scripting_1.11\l4dmultislots.sp::Timer_SpecCheck
L 07/08/2026 - 23:40:40: [SM] Exception reported: Language phrase "Please wait to be revived or rescued" not found (arg 6)
L 07/08/2026 - 23:40:40: [SM] Blaming: l4dmultislots.smx
L 07/08/2026 - 23:40:40: [SM] Call stack trace:
L 07/08/2026 - 23:40:40: [SM]   [0] PrintToChat
L 07/08/2026 - 23:40:40: [SM]   [1] Line 953, d:\Github\Private-Work\L4D2-插件\scripting_1.11\l4dmultislots.sp::Timer_SpecCheck
L 07/08/2026 - 23:41:05: [SM] Exception reported: Language phrase "Please wait to be revived or rescued" not found (arg 6)
L 07/08/2026 - 23:41:05: [SM] Blaming: l4dmultislots.smx
L 07/08/2026 - 23:41:05: [SM] Call stack trace:
L 07/08/2026 - 23:41:05: [SM]   [0] PrintToChat
L 07/08/2026 - 23:41:05: [SM]   [1] Line 953, d:\Github\Private-Work\L4D2-插件\scripting_1.11\l4dmultislots.sp::Timer_SpecCheck
L 07/08/2026 - 23:41:30: [SM] Exception reported: Language phrase "Please wait to be revived or rescued" not found (arg 6)
L 07/08/2026 - 23:41:30: [SM] Blaming: l4dmultislots.smx
L 07/08/2026 - 23:41:30: [SM] Call stack trace:
L 07/08/2026 - 23:41:30: [SM]   [0] PrintToChat
L 07/08/2026 - 23:41:30: [SM]   [1] Line 953, d:\Github\Private-Work\L4D2-插件\scripting_1.11\l4dmultislots.sp::Timer_SpecCheck
L 07/08/2026 - 23:41:55: [SM] Exception reported: Language phrase "Please wait to be revived or rescued" not found (arg 6)
L 07/08/2026 - 23:41:55: [SM] Blaming: l4dmultislots.smx
L 07/08/2026 - 23:41:55: [SM] Call stack trace:
L 07/08/2026 - 23:41:55: [SM]   [0] PrintToChat
L 07/08/2026 - 23:41:55: [SM]   [1] Line 953, d:\Github\Private-Work\L4D2-插件\scripting_1.11\l4dmultislots.sp::Timer_SpecCheck
L 07/08/2026 - 23:42:20: [SM] Exception reported: Language phrase "Please wait to be revived or rescued" not found (arg 6)
L 07/08/2026 - 23:42:20: [SM] Blaming: l4dmultislots.smx
L 07/08/2026 - 23:42:20: [SM] Call stack trace:
L 07/08/2026 - 23:42:20: [SM]   [0] PrintToChat
L 07/08/2026 - 23:42:20: [SM]   [1] Line 953, d:\Github\Private-Work\L4D2-插件\scripting_1.11\l4dmultislots.sp::Timer_SpecCheck
L 07/08/2026 - 23:42:27: [SM] Exception reported: Invalid timer handle 9900500 (error 3)
L 07/08/2026 - 23:42:27: [SM] Blaming: l4d2_playerjoining_v3.smx
L 07/08/2026 - 23:42:27: [SM] Call stack trace:
L 07/08/2026 - 23:42:27: [SM]   [0] KillTimer
L 07/08/2026 - 23:42:27: [SM]   [1] Line 56, D:\SteamLibrary\steamapps\common\Left 4 Dead 2\left4dead2\addons\sourcemod\scripting\l4d2_playerjoining_v3.sp::OnClientDisconnect
L 07/08/2026 - 23:42:34: [SM] Exception reported: Invalid timer handle b900546 (error 3)
L 07/08/2026 - 23:42:34: [SM] Blaming: l4d2_playerjoining_v3.smx
L 07/08/2026 - 23:42:34: [SM] Call stack trace:
L 07/08/2026 - 23:42:34: [SM]   [0] KillTimer
L 07/08/2026 - 23:42:34: [SM]   [1] Line 56, D:\SteamLibrary\steamapps\common\Left 4 Dead 2\left4dead2\addons\sourcemod\scripting\l4d2_playerjoining_v3.sp::OnClientDisconnect
L 07/08/2026 - 23:42:45: [SM] Exception reported: Language phrase "Please wait to be revived or rescued" not found (arg 6)
L 07/08/2026 - 23:42:45: [SM] Blaming: l4dmultislots.smx
L 07/08/2026 - 23:42:45: [SM] Call stack trace:
L 07/08/2026 - 23:42:45: [SM]   [0] PrintToChat
L 07/08/2026 - 23:42:45: [SM]   [1] Line 953, d:\Github\Private-Work\L4D2-插件\scripting_1.11\l4dmultislots.sp::Timer_SpecCheck
L 07/08/2026 - 23:43:10: [SM] Exception reported: Language phrase "Please wait to be revived or rescued" not found (arg 6)
L 07/08/2026 - 23:43:10: [SM] Blaming: l4dmultislots.smx
L 07/08/2026 - 23:43:10: [SM] Call stack trace:
L 07/08/2026 - 23:43:10: [SM]   [0] PrintToChat
L 07/08/2026 - 23:43:10: [SM]   [1] Line 953, d:\Github\Private-Work\L4D2-插件\scripting_1.11\l4dmultislots.sp::Timer_SpecCheck
L 07/08/2026 - 23:43:35: [SM] Exception reported: Language phrase "Please wait to be revived or rescued" not found (arg 6)
L 07/08/2026 - 23:43:35: [SM] Blaming: l4dmultislots.smx
L 07/08/2026 - 23:43:35: [SM] Call stack trace:
L 07/08/2026 - 23:43:35: [SM]   [0] PrintToChat
L 07/08/2026 - 23:43:35: [SM]   [1] Line 953, d:\Github\Private-Work\L4D2-插件\scripting_1.11\l4dmultislots.sp::Timer_SpecCheck
L 07/08/2026 - 23:43:59: [SM] Exception reported: Invalid timer handle b900546 (error 3)
L 07/08/2026 - 23:43:59: [SM] Blaming: l4d2_playerjoining_v3.smx
L 07/08/2026 - 23:43:59: [SM] Call stack trace:
L 07/08/2026 - 23:43:59: [SM]   [0] KillTimer
L 07/08/2026 - 23:43:59: [SM]   [1] Line 56, D:\SteamLibrary\steamapps\common\Left 4 Dead 2\left4dead2\addons\sourcemod\scripting\l4d2_playerjoining_v3.sp::OnClientDisconnect
L 07/08/2026 - 23:44:12: Error log file session closed.
L 07/08/2026 - 23:44:12: SourceMod error session started
L 07/08/2026 - 23:44:12: Info (map "glubtastic5_5") (file "d:\steamlibrary\steamapps\common\left 4 dead 2\left4dead2\addons\sourcemod\logs\errors_20260708.log")
L 07/08/2026 - 23:44:12: [SM] Fatal error encountered parsing translation file "l4d_nth.phrases.txt"
L 07/08/2026 - 23:44:12: [SM] Error (line 0, column 0): Stream failed to open
L 07/08/2026 - 23:44:12: [SM] Fatal error encountered parsing translation file "chargersteering.phrases.txt"
L 07/08/2026 - 23:44:12: [SM] Error (line 0, column 0): Stream failed to open
L 07/08/2026 - 23:44:17: [l4d2_publicity.smx] [Publicity] No se encontraron mensajes en el archivo de configuración
L 07/08/2026 - 23:44:41: [SM] Exception reported: Invalid timer handle 9900500 (error 3)
L 07/08/2026 - 23:44:41: [SM] Blaming: l4d2_playerjoining_v3.smx
L 07/08/2026 - 23:44:41: [SM] Call stack trace:
L 07/08/2026 - 23:44:41: [SM]   [0] KillTimer
L 07/08/2026 - 23:44:41: [SM]   [1] Line 56, D:\SteamLibrary\steamapps\common\Left 4 Dead 2\left4dead2\addons\sourcemod\scripting\l4d2_playerjoining_v3.sp::OnClientDisconnect
L 07/08/2026 - 23:45:35: [SM] Exception reported: Invalid timer handle 9900500 (error 3)
L 07/08/2026 - 23:45:35: [SM] Blaming: l4d2_playerjoining_v3.smx
L 07/08/2026 - 23:45:35: [SM] Call stack trace:
L 07/08/2026 - 23:45:35: [SM]   [0] KillTimer
L 07/08/2026 - 23:45:35: [SM]   [1] Line 56, D:\SteamLibrary\steamapps\common\Left 4 Dead 2\left4dead2\addons\sourcemod\scripting\l4d2_playerjoining_v3.sp::OnClientDisconnect
L 07/08/2026 - 23:45:46: [SM] Exception reported: Invalid timer handle 7160054b (error 3)
L 07/08/2026 - 23:45:46: [SM] Blaming: l4d2_playerjoining_v3.smx
L 07/08/2026 - 23:45:46: [SM] Call stack trace:
L 07/08/2026 - 23:45:46: [SM]   [0] KillTimer
L 07/08/2026 - 23:45:46: [SM]   [1] Line 56, D:\SteamLibrary\steamapps\common\Left 4 Dead 2\left4dead2\addons\sourcemod\scripting\l4d2_playerjoining_v3.sp::OnClientDisconnect
