L 04/07/2026 - 23:57:44: SourceMod error session started
L 04/07/2026 - 23:57:44: Info (map "c1m1_hotel") (file "d:\steamlibrary\steamapps\common\left 4 dead 2\left4dead2\addons\sourcemod\logs\errors_20260407.log")
L 04/07/2026 - 23:57:44: [SM] Failed to load plugin "cannounce.smx": Get a dedicated server. This plugin does not work on Listen servers..
L 04/07/2026 - 23:57:45: [SM] Failed to load plugin "LMCL4D1CDeathHandler.smx": Plugin only supports Left 4 Dead.
L 04/07/2026 - 23:57:45: [SM] Failed to load plugin "LMCL4D1SetTransmit.smx": Plugin only supports Left 4 Dead.
L 04/07/2026 - 23:57:45: [SM] Failed to load plugin "LMC_L4D1_Menu_Choosing.smx": Plugin only supports Left 4 Dead.
L 04/07/2026 - 23:57:45: [SM] Failed to load plugin "LMC_L4D1_RandomSpawns.smx": Plugin only supports Left 4 Dead.
L 04/07/2026 - 23:57:45: [SM] Failed to load plugin "nextmap.smx": Nextmap is incompatible with this game.
L 04/07/2026 - 23:57:45: [SM] Failed to load plugin "[L4D2] Left4dhooks.smx": 
====================
This plugin replaces Left4Downtown. Delete the extension to run.
====================.
L 04/07/2026 - 23:57:45: [SM] Fatal error encountered parsing translation file "l4d_nth.phrases.txt"
L 04/07/2026 - 23:57:45: [SM] Error (line 0, column 0): Stream failed to open
L 04/07/2026 - 23:57:45: [SM] Fatal error encountered parsing translation file "chargersteering.phrases.txt"
L 04/07/2026 - 23:57:45: [SM] Error (line 0, column 0): Stream failed to open
L 04/07/2026 - 23:57:45: [l4d2_publicity.smx] [Publicity] No se encontraron mensajes en el archivo de configuraci√≥n
L 04/07/2026 - 23:57:45: [SM] Fatal error encountered parsing translation file "l4dmultislots.phrases.txt"
L 04/07/2026 - 23:57:45: [SM] Error (line 0, column 0): Stream failed to open
L 04/07/2026 - 23:57:46: [SM] Unable to load plugin "lilac_by_l4d2.smx": Native "IRC_MsgFlaggedChannels" was not found
L 04/07/2026 - 23:57:53: [SM] Exception reported: Invalid convar handle 0 (error 4)
L 04/07/2026 - 23:57:53: [SM] Blaming: ÒankrunFixhealth.smx
L 04/07/2026 - 23:57:53: [SM] Call stack trace:
L 04/07/2026 - 23:57:53: [SM]   [0] GetConVarString
L 04/07/2026 - 23:57:53: [SM]   [1] Line 138, C:\Users\Moises\Downloads\Compressed\sourcemod-1.11.0-git6968-windows\addons\sourcemod\scripting\ÒankrunFixhealth.sp::IsTankRunActive
L 04/07/2026 - 23:57:53: [SM]   [2] Line 54, C:\Users\Moises\Downloads\Compressed\sourcemod-1.11.0-git6968-windows\addons\sourcemod\scripting\ÒankrunFixhealth.sp::Event_RoundStart
L 04/07/2026 - 23:57:53: [l4d2_publicity.smx] [Publicity] No se encontraron mensajes en el archivo de configuraci√≥n
L 04/07/2026 - 23:58:07: [SM] Exception reported: Invalid convar handle 0 (error 4)
L 04/07/2026 - 23:58:07: [SM] Blaming: ÒankrunFixhealth.smx
L 04/07/2026 - 23:58:07: [SM] Call stack trace:
L 04/07/2026 - 23:58:07: [SM]   [0] GetConVarString
L 04/07/2026 - 23:58:07: [SM]   [1] Line 138, C:\Users\Moises\Downloads\Compressed\sourcemod-1.11.0-git6968-windows\addons\sourcemod\scripting\ÒankrunFixhealth.sp::IsTankRunActive
L 04/07/2026 - 23:58:07: [SM]   [2] Line 36, C:\Users\Moises\Downloads\Compressed\sourcemod-1.11.0-git6968-windows\addons\sourcemod\scripting\ÒankrunFixhealth.sp::Timer_PeriodicCheck
L 04/07/2026 - 23:58:17: [SM] Exception reported: Invalid convar handle 0 (error 4)
L 04/07/2026 - 23:58:17: [SM] Blaming: ÒankrunFixhealth.smx
L 04/07/2026 - 23:58:17: [SM] Call stack trace:
L 04/07/2026 - 23:58:17: [SM]   [0] GetConVarString
L 04/07/2026 - 23:58:17: [SM]   [1] Line 138, C:\Users\Moises\Downloads\Compressed\sourcemod-1.11.0-git6968-windows\addons\sourcemod\scripting\ÒankrunFixhealth.sp::IsTankRunActive
L 04/07/2026 - 23:58:17: [SM]   [2] Line 36, C:\Users\Moises\Downloads\Compressed\sourcemod-1.11.0-git6968-windows\addons\sourcemod\scripting\ÒankrunFixhealth.sp::Timer_PeriodicCheck
L 04/07/2026 - 23:58:32: [SM] Exception reported: Invalid convar handle 0 (error 4)
L 04/07/2026 - 23:58:32: [SM] Blaming: ÒankrunFixhealth.smx
L 04/07/2026 - 23:58:32: [SM] Call stack trace:
L 04/07/2026 - 23:58:32: [SM]   [0] GetConVarString
L 04/07/2026 - 23:58:32: [SM]   [1] Line 138, C:\Users\Moises\Downloads\Compressed\sourcemod-1.11.0-git6968-windows\addons\sourcemod\scripting\ÒankrunFixhealth.sp::IsTankRunActive
L 04/07/2026 - 23:58:32: [SM]   [2] Line 36, C:\Users\Moises\Downloads\Compressed\sourcemod-1.11.0-git6968-windows\addons\sourcemod\scripting\ÒankrunFixhealth.sp::Timer_PeriodicCheck
L 04/07/2026 - 23:58:32: [SM] Exception reported: Language phrase "Impossible to generate a bot at the moment." not found (arg 5)
L 04/07/2026 - 23:58:32: [SM] Blaming: l4dmultislots.smx
L 04/07/2026 - 23:58:32: [SM] Call stack trace:
L 04/07/2026 - 23:58:32: [SM]   [0] PrintHintText
L 04/07/2026 - 23:58:32: [SM]   [1] Line 765, d:\Github\Private-Work\L4D2-Êèí‰ª∂\scripting_1.11\l4dmultislots.sp::JoinTeam_ColdDown
L 04/07/2026 - 23:58:42: [SM] Exception reported: Invalid convar handle 0 (error 4)
L 04/07/2026 - 23:58:42: [SM] Blaming: ÒankrunFixhealth.smx
L 04/07/2026 - 23:58:42: [SM] Call stack trace:
L 04/07/2026 - 23:58:42: [SM]   [0] GetConVarString
L 04/07/2026 - 23:58:42: [SM]   [1] Line 138, C:\Users\Moises\Downloads\Compressed\sourcemod-1.11.0-git6968-windows\addons\sourcemod\scripting\ÒankrunFixhealth.sp::IsTankRunActive
L 04/07/2026 - 23:58:42: [SM]   [2] Line 36, C:\Users\Moises\Downloads\Compressed\sourcemod-1.11.0-git6968-windows\addons\sourcemod\scripting\ÒankrunFixhealth.sp::Timer_PeriodicCheck
L 04/07/2026 - 23:58:52: [SM] Exception reported: Invalid convar handle 0 (error 4)
L 04/07/2026 - 23:58:52: [SM] Blaming: ÒankrunFixhealth.smx
L 04/07/2026 - 23:58:52: [SM] Call stack trace:
L 04/07/2026 - 23:58:52: [SM]   [0] GetConVarString
L 04/07/2026 - 23:58:52: [SM]   [1] Line 138, C:\Users\Moises\Downloads\Compressed\sourcemod-1.11.0-git6968-windows\addons\sourcemod\scripting\ÒankrunFixhealth.sp::IsTankRunActive
L 04/07/2026 - 23:58:52: [SM]   [2] Line 36, C:\Users\Moises\Downloads\Compressed\sourcemod-1.11.0-git6968-windows\addons\sourcemod\scripting\ÒankrunFixhealth.sp::Timer_PeriodicCheck
L 04/07/2026 - 23:59:02: [SM] Exception reported: Invalid convar handle 0 (error 4)
L 04/07/2026 - 23:59:02: [SM] Blaming: ÒankrunFixhealth.smx
L 04/07/2026 - 23:59:02: [SM] Call stack trace:
L 04/07/2026 - 23:59:02: [SM]   [0] GetConVarString
L 04/07/2026 - 23:59:02: [SM]   [1] Line 138, C:\Users\Moises\Downloads\Compressed\sourcemod-1.11.0-git6968-windows\addons\sourcemod\scripting\ÒankrunFixhealth.sp::IsTankRunActive
L 04/07/2026 - 23:59:02: [SM]   [2] Line 79, C:\Users\Moises\Downloads\Compressed\sourcemod-1.11.0-git6968-windows\addons\sourcemod\scripting\ÒankrunFixhealth.sp::Event_PlayerDeath
L 04/07/2026 - 23:59:02: [SM] Exception reported: Invalid convar handle 0 (error 4)
L 04/07/2026 - 23:59:02: [SM] Blaming: ÒankrunFixhealth.smx
L 04/07/2026 - 23:59:02: [SM] Call stack trace:
L 04/07/2026 - 23:59:02: [SM]   [0] GetConVarString
L 04/07/2026 - 23:59:02: [SM]   [1] Line 138, C:\Users\Moises\Downloads\Compressed\sourcemod-1.11.0-git6968-windows\addons\sourcemod\scripting\ÒankrunFixhealth.sp::IsTankRunActive
L 04/07/2026 - 23:59:02: [SM]   [2] Line 79, C:\Users\Moises\Downloads\Compressed\sourcemod-1.11.0-git6968-windows\addons\sourcemod\scripting\ÒankrunFixhealth.sp::Event_PlayerDeath
L 04/07/2026 - 23:59:02: [SM] Exception reported: Invalid convar handle 0 (error 4)
L 04/07/2026 - 23:59:02: [SM] Blaming: ÒankrunFixhealth.smx
L 04/07/2026 - 23:59:02: [SM] Call stack trace:
L 04/07/2026 - 23:59:02: [SM]   [0] GetConVarString
L 04/07/2026 - 23:59:02: [SM]   [1] Line 138, C:\Users\Moises\Downloads\Compressed\sourcemod-1.11.0-git6968-windows\addons\sourcemod\scripting\ÒankrunFixhealth.sp::IsTankRunActive
L 04/07/2026 - 23:59:02: [SM]   [2] Line 36, C:\Users\Moises\Downloads\Compressed\sourcemod-1.11.0-git6968-windows\addons\sourcemod\scripting\ÒankrunFixhealth.sp::Timer_PeriodicCheck
L 04/07/2026 - 23:59:12: [SM] Exception reported: Invalid convar handle 0 (error 4)
L 04/07/2026 - 23:59:12: [SM] Blaming: ÒankrunFixhealth.smx
L 04/07/2026 - 23:59:12: [SM] Call stack trace:
L 04/07/2026 - 23:59:12: [SM]   [0] GetConVarString
L 04/07/2026 - 23:59:12: [SM]   [1] Line 138, C:\Users\Moises\Downloads\Compressed\sourcemod-1.11.0-git6968-windows\addons\sourcemod\scripting\ÒankrunFixhealth.sp::IsTankRunActive
L 04/07/2026 - 23:59:12: [SM]   [2] Line 36, C:\Users\Moises\Downloads\Compressed\sourcemod-1.11.0-git6968-windows\addons\sourcemod\scripting\ÒankrunFixhealth.sp::Timer_PeriodicCheck
L 04/07/2026 - 23:59:16: [SM] Exception reported: Invalid convar handle 0 (error 4)
L 04/07/2026 - 23:59:16: [SM] Blaming: ÒankrunFixhealth.smx
L 04/07/2026 - 23:59:16: [SM] Call stack trace:
L 04/07/2026 - 23:59:16: [SM]   [0] GetConVarString
L 04/07/2026 - 23:59:16: [SM]   [1] Line 138, C:\Users\Moises\Downloads\Compressed\sourcemod-1.11.0-git6968-windows\addons\sourcemod\scripting\ÒankrunFixhealth.sp::IsTankRunActive
L 04/07/2026 - 23:59:16: [SM]   [2] Line 79, C:\Users\Moises\Downloads\Compressed\sourcemod-1.11.0-git6968-windows\addons\sourcemod\scripting\ÒankrunFixhealth.sp::Event_PlayerDeath
L 04/07/2026 - 23:59:22: [SM] Exception reported: Invalid convar handle 0 (error 4)
L 04/07/2026 - 23:59:22: [SM] Blaming: ÒankrunFixhealth.smx
L 04/07/2026 - 23:59:22: [SM] Call stack trace:
L 04/07/2026 - 23:59:22: [SM]   [0] GetConVarString
L 04/07/2026 - 23:59:22: [SM]   [1] Line 138, C:\Users\Moises\Downloads\Compressed\sourcemod-1.11.0-git6968-windows\addons\sourcemod\scripting\ÒankrunFixhealth.sp::IsTankRunActive
L 04/07/2026 - 23:59:22: [SM]   [2] Line 36, C:\Users\Moises\Downloads\Compressed\sourcemod-1.11.0-git6968-windows\addons\sourcemod\scripting\ÒankrunFixhealth.sp::Timer_PeriodicCheck
L 04/07/2026 - 23:59:32: [SM] Exception reported: Invalid convar handle 0 (error 4)
L 04/07/2026 - 23:59:32: [SM] Blaming: ÒankrunFixhealth.smx
L 04/07/2026 - 23:59:32: [SM] Call stack trace:
L 04/07/2026 - 23:59:32: [SM]   [0] GetConVarString
L 04/07/2026 - 23:59:32: [SM]   [1] Line 138, C:\Users\Moises\Downloads\Compressed\sourcemod-1.11.0-git6968-windows\addons\sourcemod\scripting\ÒankrunFixhealth.sp::IsTankRunActive
L 04/07/2026 - 23:59:32: [SM]   [2] Line 36, C:\Users\Moises\Downloads\Compressed\sourcemod-1.11.0-git6968-windows\addons\sourcemod\scripting\ÒankrunFixhealth.sp::Timer_PeriodicCheck
L 04/07/2026 - 23:59:42: [SM] Exception reported: Invalid convar handle 0 (error 4)
L 04/07/2026 - 23:59:42: [SM] Blaming: ÒankrunFixhealth.smx
L 04/07/2026 - 23:59:42: [SM] Call stack trace:
L 04/07/2026 - 23:59:42: [SM]   [0] GetConVarString
L 04/07/2026 - 23:59:42: [SM]   [1] Line 138, C:\Users\Moises\Downloads\Compressed\sourcemod-1.11.0-git6968-windows\addons\sourcemod\scripting\ÒankrunFixhealth.sp::IsTankRunActive
L 04/07/2026 - 23:59:42: [SM]   [2] Line 36, C:\Users\Moises\Downloads\Compressed\sourcemod-1.11.0-git6968-windows\addons\sourcemod\scripting\ÒankrunFixhealth.sp::Timer_PeriodicCheck
L 04/07/2026 - 23:59:48: [SM] Exception reported: Language phrase "Please wait to be revived or rescued" not found (arg 6)
L 04/07/2026 - 23:59:48: [SM] Blaming: l4dmultislots.smx
L 04/07/2026 - 23:59:48: [SM] Call stack trace:
L 04/07/2026 - 23:59:48: [SM]   [0] PrintToChat
L 04/07/2026 - 23:59:48: [SM]   [1] Line 953, d:\Github\Private-Work\L4D2-Êèí‰ª∂\scripting_1.11\l4dmultislots.sp::Timer_SpecCheck
L 04/07/2026 - 23:59:52: [SM] Exception reported: Invalid convar handle 0 (error 4)
L 04/07/2026 - 23:59:52: [SM] Blaming: ÒankrunFixhealth.smx
L 04/07/2026 - 23:59:52: [SM] Call stack trace:
L 04/07/2026 - 23:59:52: [SM]   [0] GetConVarString
L 04/07/2026 - 23:59:52: [SM]   [1] Line 138, C:\Users\Moises\Downloads\Compressed\sourcemod-1.11.0-git6968-windows\addons\sourcemod\scripting\ÒankrunFixhealth.sp::IsTankRunActive
L 04/07/2026 - 23:59:52: [SM]   [2] Line 36, C:\Users\Moises\Downloads\Compressed\sourcemod-1.11.0-git6968-windows\addons\sourcemod\scripting\ÒankrunFixhealth.sp::Timer_PeriodicCheck
L 04/08/2026 - 00:00:02: Error log file session closed.
