L 12/22/2025 - 00:00:01: SourceMod error session started
L 12/22/2025 - 00:00:01: Info (map "c3m4_plantation") (file "d:\steamlibrary\steamapps\common\left 4 dead 2\left4dead2\addons\sourcemod\logs\errors_20251222.log")
L 12/22/2025 - 00:00:01: [SM] Exception reported: Invalid convar handle 0 (error 4)
L 12/22/2025 - 00:00:01: [SM] Blaming: ÒankrunFixhealth.smx
L 12/22/2025 - 00:00:01: [SM] Call stack trace:
L 12/22/2025 - 00:00:01: [SM]   [0] GetConVarString
L 12/22/2025 - 00:00:01: [SM]   [1] Line 138, C:\Users\Moises\Downloads\Compressed\sourcemod-1.11.0-git6968-windows\addons\sourcemod\scripting\ÒankrunFixhealth.sp::IsTankRunActive
L 12/22/2025 - 00:00:01: [SM]   [2] Line 79, C:\Users\Moises\Downloads\Compressed\sourcemod-1.11.0-git6968-windows\addons\sourcemod\scripting\ÒankrunFixhealth.sp::Event_PlayerDeath
L 12/22/2025 - 00:00:08: [SM] Exception reported: Invalid timer handle e2700491 (error 3)
L 12/22/2025 - 00:00:08: [SM] Blaming: l4d2_playerjoining_v2.smx
L 12/22/2025 - 00:00:08: [SM] Call stack trace:
L 12/22/2025 - 00:00:08: [SM]   [0] KillTimer
L 12/22/2025 - 00:00:08: [SM]   [1] Line 53, C:\Users\Moises\Downloads\Compressed\sourcemod-1.11.0-git6968-windows\addons\sourcemod\scripting\l4d2_playerjoining_v2.sp::OnClientDisconnect
L 12/22/2025 - 00:00:09: [SM] Exception reported: Invalid convar handle 0 (error 4)
L 12/22/2025 - 00:00:09: [SM] Blaming: ÒankrunFixhealth.smx
L 12/22/2025 - 00:00:09: [SM] Call stack trace:
L 12/22/2025 - 00:00:09: [SM]   [0] GetConVarString
L 12/22/2025 - 00:00:09: [SM]   [1] Line 138, C:\Users\Moises\Downloads\Compressed\sourcemod-1.11.0-git6968-windows\addons\sourcemod\scripting\ÒankrunFixhealth.sp::IsTankRunActive
L 12/22/2025 - 00:00:09: [SM]   [2] Line 36, C:\Users\Moises\Downloads\Compressed\sourcemod-1.11.0-git6968-windows\addons\sourcemod\scripting\ÒankrunFixhealth.sp::Timer_PeriodicCheck
L 12/22/2025 - 00:00:19: [SM] Exception reported: Invalid convar handle 0 (error 4)
L 12/22/2025 - 00:00:19: [SM] Blaming: ÒankrunFixhealth.smx
L 12/22/2025 - 00:00:19: [SM] Call stack trace:
L 12/22/2025 - 00:00:19: [SM]   [0] GetConVarString
L 12/22/2025 - 00:00:19: [SM]   [1] Line 138, C:\Users\Moises\Downloads\Compressed\sourcemod-1.11.0-git6968-windows\addons\sourcemod\scripting\ÒankrunFixhealth.sp::IsTankRunActive
L 12/22/2025 - 00:00:19: [SM]   [2] Line 36, C:\Users\Moises\Downloads\Compressed\sourcemod-1.11.0-git6968-windows\addons\sourcemod\scripting\ÒankrunFixhealth.sp::Timer_PeriodicCheck
L 12/22/2025 - 00:00:29: [SM] Exception reported: Invalid convar handle 0 (error 4)
L 12/22/2025 - 00:00:29: [SM] Blaming: ÒankrunFixhealth.smx
L 12/22/2025 - 00:00:29: [SM] Call stack trace:
L 12/22/2025 - 00:00:29: [SM]   [0] GetConVarString
L 12/22/2025 - 00:00:29: [SM]   [1] Line 138, C:\Users\Moises\Downloads\Compressed\sourcemod-1.11.0-git6968-windows\addons\sourcemod\scripting\ÒankrunFixhealth.sp::IsTankRunActive
L 12/22/2025 - 00:00:29: [SM]   [2] Line 36, C:\Users\Moises\Downloads\Compressed\sourcemod-1.11.0-git6968-windows\addons\sourcemod\scripting\ÒankrunFixhealth.sp::Timer_PeriodicCheck
L 12/22/2025 - 00:00:39: [SM] Exception reported: Invalid convar handle 0 (error 4)
L 12/22/2025 - 00:00:39: [SM] Blaming: ÒankrunFixhealth.smx
L 12/22/2025 - 00:00:39: [SM] Call stack trace:
L 12/22/2025 - 00:00:39: [SM]   [0] GetConVarString
L 12/22/2025 - 00:00:39: [SM]   [1] Line 138, C:\Users\Moises\Downloads\Compressed\sourcemod-1.11.0-git6968-windows\addons\sourcemod\scripting\ÒankrunFixhealth.sp::IsTankRunActive
L 12/22/2025 - 00:00:39: [SM]   [2] Line 36, C:\Users\Moises\Downloads\Compressed\sourcemod-1.11.0-git6968-windows\addons\sourcemod\scripting\ÒankrunFixhealth.sp::Timer_PeriodicCheck
L 12/22/2025 - 00:00:49: [SM] Exception reported: Invalid convar handle 0 (error 4)
L 12/22/2025 - 00:00:49: [SM] Blaming: ÒankrunFixhealth.smx
L 12/22/2025 - 00:00:49: [SM] Call stack trace:
L 12/22/2025 - 00:00:49: [SM]   [0] GetConVarString
L 12/22/2025 - 00:00:49: [SM]   [1] Line 138, C:\Users\Moises\Downloads\Compressed\sourcemod-1.11.0-git6968-windows\addons\sourcemod\scripting\ÒankrunFixhealth.sp::IsTankRunActive
L 12/22/2025 - 00:00:49: [SM]   [2] Line 36, C:\Users\Moises\Downloads\Compressed\sourcemod-1.11.0-git6968-windows\addons\sourcemod\scripting\ÒankrunFixhealth.sp::Timer_PeriodicCheck
L 12/22/2025 - 00:00:59: [SM] Exception reported: Invalid convar handle 0 (error 4)
L 12/22/2025 - 00:00:59: [SM] Blaming: ÒankrunFixhealth.smx
L 12/22/2025 - 00:00:59: [SM] Call stack trace:
L 12/22/2025 - 00:00:59: [SM]   [0] GetConVarString
L 12/22/2025 - 00:00:59: [SM]   [1] Line 138, C:\Users\Moises\Downloads\Compressed\sourcemod-1.11.0-git6968-windows\addons\sourcemod\scripting\ÒankrunFixhealth.sp::IsTankRunActive
L 12/22/2025 - 00:00:59: [SM]   [2] Line 36, C:\Users\Moises\Downloads\Compressed\sourcemod-1.11.0-git6968-windows\addons\sourcemod\scripting\ÒankrunFixhealth.sp::Timer_PeriodicCheck
L 12/22/2025 - 00:01:09: [SM] Exception reported: Invalid convar handle 0 (error 4)
L 12/22/2025 - 00:01:09: [SM] Blaming: ÒankrunFixhealth.smx
L 12/22/2025 - 00:01:09: [SM] Call stack trace:
L 12/22/2025 - 00:01:09: [SM]   [0] GetConVarString
L 12/22/2025 - 00:01:09: [SM]   [1] Line 138, C:\Users\Moises\Downloads\Compressed\sourcemod-1.11.0-git6968-windows\addons\sourcemod\scripting\ÒankrunFixhealth.sp::IsTankRunActive
L 12/22/2025 - 00:01:09: [SM]   [2] Line 36, C:\Users\Moises\Downloads\Compressed\sourcemod-1.11.0-git6968-windows\addons\sourcemod\scripting\ÒankrunFixhealth.sp::Timer_PeriodicCheck
L 12/22/2025 - 00:01:19: [SM] Exception reported: Invalid convar handle 0 (error 4)
L 12/22/2025 - 00:01:19: [SM] Blaming: ÒankrunFixhealth.smx
L 12/22/2025 - 00:01:19: [SM] Call stack trace:
L 12/22/2025 - 00:01:19: [SM]   [0] GetConVarString
L 12/22/2025 - 00:01:19: [SM]   [1] Line 138, C:\Users\Moises\Downloads\Compressed\sourcemod-1.11.0-git6968-windows\addons\sourcemod\scripting\ÒankrunFixhealth.sp::IsTankRunActive
L 12/22/2025 - 00:01:19: [SM]   [2] Line 36, C:\Users\Moises\Downloads\Compressed\sourcemod-1.11.0-git6968-windows\addons\sourcemod\scripting\ÒankrunFixhealth.sp::Timer_PeriodicCheck
L 12/22/2025 - 00:01:21: [SM] Exception reported: Invalid convar handle 0 (error 4)
L 12/22/2025 - 00:01:21: [SM] Blaming: ÒankrunFixhealth.smx
L 12/22/2025 - 00:01:21: [SM] Call stack trace:
L 12/22/2025 - 00:01:21: [SM]   [0] GetConVarString
L 12/22/2025 - 00:01:21: [SM]   [1] Line 138, C:\Users\Moises\Downloads\Compressed\sourcemod-1.11.0-git6968-windows\addons\sourcemod\scripting\ÒankrunFixhealth.sp::IsTankRunActive
L 12/22/2025 - 00:01:21: [SM]   [2] Line 79, C:\Users\Moises\Downloads\Compressed\sourcemod-1.11.0-git6968-windows\addons\sourcemod\scripting\ÒankrunFixhealth.sp::Event_PlayerDeath
L 12/22/2025 - 00:01:24: [SM] Exception reported: Invalid convar handle 0 (error 4)
L 12/22/2025 - 00:01:24: [SM] Blaming: ÒankrunFixhealth.smx
L 12/22/2025 - 00:01:24: [SM] Call stack trace:
L 12/22/2025 - 00:01:24: [SM]   [0] GetConVarString
L 12/22/2025 - 00:01:24: [SM]   [1] Line 138, C:\Users\Moises\Downloads\Compressed\sourcemod-1.11.0-git6968-windows\addons\sourcemod\scripting\ÒankrunFixhealth.sp::IsTankRunActive
L 12/22/2025 - 00:01:24: [SM]   [2] Line 79, C:\Users\Moises\Downloads\Compressed\sourcemod-1.11.0-git6968-windows\addons\sourcemod\scripting\ÒankrunFixhealth.sp::Event_PlayerDeath
L 12/22/2025 - 00:01:28: [SM] Exception reported: Invalid timer handle e2700491 (error 3)
L 12/22/2025 - 00:01:28: [SM] Blaming: l4d2_playerjoining_v2.smx
L 12/22/2025 - 00:01:28: [SM] Call stack trace:
L 12/22/2025 - 00:01:28: [SM]   [0] KillTimer
L 12/22/2025 - 00:01:28: [SM]   [1] Line 53, C:\Users\Moises\Downloads\Compressed\sourcemod-1.11.0-git6968-windows\addons\sourcemod\scripting\l4d2_playerjoining_v2.sp::OnClientDisconnect
L 12/22/2025 - 00:01:29: [SM] Exception reported: Invalid convar handle 0 (error 4)
L 12/22/2025 - 00:01:29: [SM] Blaming: ÒankrunFixhealth.smx
L 12/22/2025 - 00:01:29: [SM] Call stack trace:
L 12/22/2025 - 00:01:29: [SM]   [0] GetConVarString
L 12/22/2025 - 00:01:29: [SM]   [1] Line 138, C:\Users\Moises\Downloads\Compressed\sourcemod-1.11.0-git6968-windows\addons\sourcemod\scripting\ÒankrunFixhealth.sp::IsTankRunActive
L 12/22/2025 - 00:01:29: [SM]   [2] Line 36, C:\Users\Moises\Downloads\Compressed\sourcemod-1.11.0-git6968-windows\addons\sourcemod\scripting\ÒankrunFixhealth.sp::Timer_PeriodicCheck
L 12/22/2025 - 00:01:39: [SM] Exception reported: Invalid convar handle 0 (error 4)
L 12/22/2025 - 00:01:39: [SM] Blaming: ÒankrunFixhealth.smx
L 12/22/2025 - 00:01:39: [SM] Call stack trace:
L 12/22/2025 - 00:01:39: [SM]   [0] GetConVarString
L 12/22/2025 - 00:01:39: [SM]   [1] Line 138, C:\Users\Moises\Downloads\Compressed\sourcemod-1.11.0-git6968-windows\addons\sourcemod\scripting\ÒankrunFixhealth.sp::IsTankRunActive
L 12/22/2025 - 00:01:39: [SM]   [2] Line 79, C:\Users\Moises\Downloads\Compressed\sourcemod-1.11.0-git6968-windows\addons\sourcemod\scripting\ÒankrunFixhealth.sp::Event_PlayerDeath
L 12/22/2025 - 00:01:39: [SM] Exception reported: Invalid convar handle 0 (error 4)
L 12/22/2025 - 00:01:39: [SM] Blaming: ÒankrunFixhealth.smx
L 12/22/2025 - 00:01:39: [SM] Call stack trace:
L 12/22/2025 - 00:01:39: [SM]   [0] GetConVarString
L 12/22/2025 - 00:01:39: [SM]   [1] Line 138, C:\Users\Moises\Downloads\Compressed\sourcemod-1.11.0-git6968-windows\addons\sourcemod\scripting\ÒankrunFixhealth.sp::IsTankRunActive
L 12/22/2025 - 00:01:39: [SM]   [2] Line 36, C:\Users\Moises\Downloads\Compressed\sourcemod-1.11.0-git6968-windows\addons\sourcemod\scripting\ÒankrunFixhealth.sp::Timer_PeriodicCheck
L 12/22/2025 - 00:01:46: [SM] Exception reported: Invalid timer handle cb1003b7 (error 1)
L 12/22/2025 - 00:01:46: [SM] Blaming: l4d2_playerjoining_v2.smx
L 12/22/2025 - 00:01:46: [SM] Call stack trace:
L 12/22/2025 - 00:01:46: [SM]   [0] KillTimer
L 12/22/2025 - 00:01:46: [SM]   [1] Line 53, C:\Users\Moises\Downloads\Compressed\sourcemod-1.11.0-git6968-windows\addons\sourcemod\scripting\l4d2_playerjoining_v2.sp::OnClientDisconnect
L 12/22/2025 - 00:01:49: [SM] Exception reported: Invalid convar handle 0 (error 4)
L 12/22/2025 - 00:01:49: [SM] Blaming: ÒankrunFixhealth.smx
L 12/22/2025 - 00:01:49: [SM] Call stack trace:
L 12/22/2025 - 00:01:49: [SM]   [0] GetConVarString
L 12/22/2025 - 00:01:49: [SM]   [1] Line 138, C:\Users\Moises\Downloads\Compressed\sourcemod-1.11.0-git6968-windows\addons\sourcemod\scripting\ÒankrunFixhealth.sp::IsTankRunActive
L 12/22/2025 - 00:01:49: [SM]   [2] Line 36, C:\Users\Moises\Downloads\Compressed\sourcemod-1.11.0-git6968-windows\addons\sourcemod\scripting\ÒankrunFixhealth.sp::Timer_PeriodicCheck
L 12/22/2025 - 00:01:49: [SM] Exception reported: Invalid convar handle 0 (error 4)
L 12/22/2025 - 00:01:49: [SM] Blaming: ÒankrunFixhealth.smx
L 12/22/2025 - 00:01:49: [SM] Call stack trace:
L 12/22/2025 - 00:01:49: [SM]   [0] GetConVarString
L 12/22/2025 - 00:01:49: [SM]   [1] Line 138, C:\Users\Moises\Downloads\Compressed\sourcemod-1.11.0-git6968-windows\addons\sourcemod\scripting\ÒankrunFixhealth.sp::IsTankRunActive
L 12/22/2025 - 00:01:49: [SM]   [2] Line 79, C:\Users\Moises\Downloads\Compressed\sourcemod-1.11.0-git6968-windows\addons\sourcemod\scripting\ÒankrunFixhealth.sp::Event_PlayerDeath
L 12/22/2025 - 00:01:54: [SM] Exception reported: Invalid convar handle 0 (error 4)
L 12/22/2025 - 00:01:54: [SM] Blaming: ÒankrunFixhealth.smx
L 12/22/2025 - 00:01:54: [SM] Call stack trace:
L 12/22/2025 - 00:01:54: [SM]   [0] GetConVarString
L 12/22/2025 - 00:01:54: [SM]   [1] Line 138, C:\Users\Moises\Downloads\Compressed\sourcemod-1.11.0-git6968-windows\addons\sourcemod\scripting\ÒankrunFixhealth.sp::IsTankRunActive
L 12/22/2025 - 00:01:54: [SM]   [2] Line 79, C:\Users\Moises\Downloads\Compressed\sourcemod-1.11.0-git6968-windows\addons\sourcemod\scripting\ÒankrunFixhealth.sp::Event_PlayerDeath
L 12/22/2025 - 00:01:59: [SM] Exception reported: Invalid convar handle 0 (error 4)
L 12/22/2025 - 00:01:59: [SM] Blaming: ÒankrunFixhealth.smx
L 12/22/2025 - 00:01:59: [SM] Call stack trace:
L 12/22/2025 - 00:01:59: [SM]   [0] GetConVarString
L 12/22/2025 - 00:01:59: [SM]   [1] Line 138, C:\Users\Moises\Downloads\Compressed\sourcemod-1.11.0-git6968-windows\addons\sourcemod\scripting\ÒankrunFixhealth.sp::IsTankRunActive
L 12/22/2025 - 00:01:59: [SM]   [2] Line 36, C:\Users\Moises\Downloads\Compressed\sourcemod-1.11.0-git6968-windows\addons\sourcemod\scripting\ÒankrunFixhealth.sp::Timer_PeriodicCheck
L 12/22/2025 - 00:02:01: [SM] Exception reported: Invalid timer handle a4b00477 (error 3)
L 12/22/2025 - 00:02:01: [SM] Blaming: l4d2_playerjoining_v2.smx
L 12/22/2025 - 00:02:01: [SM] Call stack trace:
L 12/22/2025 - 00:02:01: [SM]   [0] KillTimer
L 12/22/2025 - 00:02:01: [SM]   [1] Line 53, C:\Users\Moises\Downloads\Compressed\sourcemod-1.11.0-git6968-windows\addons\sourcemod\scripting\l4d2_playerjoining_v2.sp::OnClientDisconnect
L 12/22/2025 - 00:02:09: [SM] Exception reported: Invalid convar handle 0 (error 4)
L 12/22/2025 - 00:02:09: [SM] Blaming: ÒankrunFixhealth.smx
L 12/22/2025 - 00:02:09: [SM] Call stack trace:
L 12/22/2025 - 00:02:09: [SM]   [0] GetConVarString
L 12/22/2025 - 00:02:09: [SM]   [1] Line 138, C:\Users\Moises\Downloads\Compressed\sourcemod-1.11.0-git6968-windows\addons\sourcemod\scripting\ÒankrunFixhealth.sp::IsTankRunActive
L 12/22/2025 - 00:02:09: [SM]   [2] Line 36, C:\Users\Moises\Downloads\Compressed\sourcemod-1.11.0-git6968-windows\addons\sourcemod\scripting\ÒankrunFixhealth.sp::Timer_PeriodicCheck
L 12/22/2025 - 00:02:11: [SM] Exception reported: Language phrase "Please wait to be revived or rescued" not found (arg 6)
L 12/22/2025 - 00:02:11: [SM] Blaming: l4dmultislots.smx
L 12/22/2025 - 00:02:11: [SM] Call stack trace:
L 12/22/2025 - 00:02:11: [SM]   [0] PrintToChat
L 12/22/2025 - 00:02:11: [SM]   [1] Line 953, d:\Github\Private-Work\L4D2-Êèí‰ª∂\scripting_1.11\l4dmultislots.sp::Timer_SpecCheck
L 12/22/2025 - 00:02:15: [SM] Exception reported: Invalid convar handle 0 (error 4)
L 12/22/2025 - 00:02:15: [SM] Blaming: ÒankrunFixhealth.smx
L 12/22/2025 - 00:02:15: [SM] Call stack trace:
L 12/22/2025 - 00:02:15: [SM]   [0] GetConVarString
L 12/22/2025 - 00:02:15: [SM]   [1] Line 138, C:\Users\Moises\Downloads\Compressed\sourcemod-1.11.0-git6968-windows\addons\sourcemod\scripting\ÒankrunFixhealth.sp::IsTankRunActive
L 12/22/2025 - 00:02:15: [SM]   [2] Line 79, C:\Users\Moises\Downloads\Compressed\sourcemod-1.11.0-git6968-windows\addons\sourcemod\scripting\ÒankrunFixhealth.sp::Event_PlayerDeath
L 12/22/2025 - 00:02:19: [SM] Exception reported: Invalid convar handle 0 (error 4)
L 12/22/2025 - 00:02:19: [SM] Blaming: ÒankrunFixhealth.smx
L 12/22/2025 - 00:02:19: [SM] Call stack trace:
L 12/22/2025 - 00:02:19: [SM]   [0] GetConVarString
L 12/22/2025 - 00:02:19: [SM]   [1] Line 138, C:\Users\Moises\Downloads\Compressed\sourcemod-1.11.0-git6968-windows\addons\sourcemod\scripting\ÒankrunFixhealth.sp::IsTankRunActive
L 12/22/2025 - 00:02:19: [SM]   [2] Line 36, C:\Users\Moises\Downloads\Compressed\sourcemod-1.11.0-git6968-windows\addons\sourcemod\scripting\ÒankrunFixhealth.sp::Timer_PeriodicCheck
L 12/22/2025 - 00:02:24: [SM] Exception reported: Invalid convar handle 0 (error 4)
L 12/22/2025 - 00:02:24: [SM] Blaming: ÒankrunFixhealth.smx
L 12/22/2025 - 00:02:24: [SM] Call stack trace:
L 12/22/2025 - 00:02:24: [SM]   [0] GetConVarString
L 12/22/2025 - 00:02:24: [SM]   [1] Line 138, C:\Users\Moises\Downloads\Compressed\sourcemod-1.11.0-git6968-windows\addons\sourcemod\scripting\ÒankrunFixhealth.sp::IsTankRunActive
L 12/22/2025 - 00:02:24: [SM]   [2] Line 79, C:\Users\Moises\Downloads\Compressed\sourcemod-1.11.0-git6968-windows\addons\sourcemod\scripting\ÒankrunFixhealth.sp::Event_PlayerDeath
L 12/22/2025 - 00:02:24: [SM]   [4] ForcePlayerSuicide
L 12/22/2025 - 00:02:24: [SM]   [5] Line 37, D:\builds\build-sourcemod-msvc12\windows-1.12\build\plugins\playercommands\slay.sp::PerformSlay
L 12/22/2025 - 00:02:24: [SM]   [6] Line 108, D:\builds\build-sourcemod-msvc12\windows-1.12\build\plugins\playercommands\slay.sp::MenuHandler_Slay
L 12/22/2025 - 00:02:25: [SM] Exception reported: Invalid convar handle 0 (error 4)
L 12/22/2025 - 00:02:25: [SM] Blaming: ÒankrunFixhealth.smx
L 12/22/2025 - 00:02:25: [SM] Call stack trace:
L 12/22/2025 - 00:02:25: [SM]   [0] GetConVarString
L 12/22/2025 - 00:02:25: [SM]   [1] Line 138, C:\Users\Moises\Downloads\Compressed\sourcemod-1.11.0-git6968-windows\addons\sourcemod\scripting\ÒankrunFixhealth.sp::IsTankRunActive
L 12/22/2025 - 00:02:25: [SM]   [2] Line 79, C:\Users\Moises\Downloads\Compressed\sourcemod-1.11.0-git6968-windows\addons\sourcemod\scripting\ÒankrunFixhealth.sp::Event_PlayerDeath
L 12/22/2025 - 00:02:25: [SM]   [4] ForcePlayerSuicide
L 12/22/2025 - 00:02:25: [SM]   [5] Line 37, D:\builds\build-sourcemod-msvc12\windows-1.12\build\plugins\playercommands\slay.sp::PerformSlay
L 12/22/2025 - 00:02:25: [SM]   [6] Line 108, D:\builds\build-sourcemod-msvc12\windows-1.12\build\plugins\playercommands\slay.sp::MenuHandler_Slay
L 12/22/2025 - 00:02:27: [SM] Exception reported: Invalid convar handle 0 (error 4)
L 12/22/2025 - 00:02:27: [SM] Blaming: ÒankrunFixhealth.smx
L 12/22/2025 - 00:02:27: [SM] Call stack trace:
L 12/22/2025 - 00:02:27: [SM]   [0] GetConVarString
L 12/22/2025 - 00:02:27: [SM]   [1] Line 138, C:\Users\Moises\Downloads\Compressed\sourcemod-1.11.0-git6968-windows\addons\sourcemod\scripting\ÒankrunFixhealth.sp::IsTankRunActive
L 12/22/2025 - 00:02:27: [SM]   [2] Line 79, C:\Users\Moises\Downloads\Compressed\sourcemod-1.11.0-git6968-windows\addons\sourcemod\scripting\ÒankrunFixhealth.sp::Event_PlayerDeath
L 12/22/2025 - 00:02:27: [SM]   [4] ForcePlayerSuicide
L 12/22/2025 - 00:02:27: [SM]   [5] Line 37, D:\builds\build-sourcemod-msvc12\windows-1.12\build\plugins\playercommands\slay.sp::PerformSlay
L 12/22/2025 - 00:02:27: [SM]   [6] Line 108, D:\builds\build-sourcemod-msvc12\windows-1.12\build\plugins\playercommands\slay.sp::MenuHandler_Slay
L 12/22/2025 - 00:02:28: [SM] Exception reported: Invalid convar handle 0 (error 4)
L 12/22/2025 - 00:02:28: [SM] Blaming: ÒankrunFixhealth.smx
L 12/22/2025 - 00:02:28: [SM] Call stack trace:
L 12/22/2025 - 00:02:28: [SM]   [0] GetConVarString
L 12/22/2025 - 00:02:28: [SM]   [1] Line 138, C:\Users\Moises\Downloads\Compressed\sourcemod-1.11.0-git6968-windows\addons\sourcemod\scripting\ÒankrunFixhealth.sp::IsTankRunActive
L 12/22/2025 - 00:02:28: [SM]   [2] Line 79, C:\Users\Moises\Downloads\Compressed\sourcemod-1.11.0-git6968-windows\addons\sourcemod\scripting\ÒankrunFixhealth.sp::Event_PlayerDeath
L 12/22/2025 - 00:02:28: [SM]   [4] ForcePlayerSuicide
L 12/22/2025 - 00:02:28: [SM]   [5] Line 37, D:\builds\build-sourcemod-msvc12\windows-1.12\build\plugins\playercommands\slay.sp::PerformSlay
L 12/22/2025 - 00:02:28: [SM]   [6] Line 108, D:\builds\build-sourcemod-msvc12\windows-1.12\build\plugins\playercommands\slay.sp::MenuHandler_Slay
L 12/22/2025 - 00:02:28: [SM] Exception reported: Invalid convar handle 0 (error 4)
L 12/22/2025 - 00:02:28: [SM] Blaming: ÒankrunFixhealth.smx
L 12/22/2025 - 00:02:28: [SM] Call stack trace:
L 12/22/2025 - 00:02:28: [SM]   [0] GetConVarString
L 12/22/2025 - 00:02:28: [SM]   [1] Line 138, C:\Users\Moises\Downloads\Compressed\sourcemod-1.11.0-git6968-windows\addons\sourcemod\scripting\ÒankrunFixhealth.sp::IsTankRunActive
L 12/22/2025 - 00:02:28: [SM]   [2] Line 79, C:\Users\Moises\Downloads\Compressed\sourcemod-1.11.0-git6968-windows\addons\sourcemod\scripting\ÒankrunFixhealth.sp::Event_PlayerDeath
L 12/22/2025 - 00:02:28: [SM]   [4] ForcePlayerSuicide
L 12/22/2025 - 00:02:28: [SM]   [5] Line 37, D:\builds\build-sourcemod-msvc12\windows-1.12\build\plugins\playercommands\slay.sp::PerformSlay
L 12/22/2025 - 00:02:28: [SM]   [6] Line 108, D:\builds\build-sourcemod-msvc12\windows-1.12\build\plugins\playercommands\slay.sp::MenuHandler_Slay
L 12/22/2025 - 00:02:29: [SM] Exception reported: Invalid convar handle 0 (error 4)
L 12/22/2025 - 00:02:29: [SM] Blaming: ÒankrunFixhealth.smx
L 12/22/2025 - 00:02:29: [SM] Call stack trace:
L 12/22/2025 - 00:02:29: [SM]   [0] GetConVarString
L 12/22/2025 - 00:02:29: [SM]   [1] Line 138, C:\Users\Moises\Downloads\Compressed\sourcemod-1.11.0-git6968-windows\addons\sourcemod\scripting\ÒankrunFixhealth.sp::IsTankRunActive
L 12/22/2025 - 00:02:29: [SM]   [2] Line 79, C:\Users\Moises\Downloads\Compressed\sourcemod-1.11.0-git6968-windows\addons\sourcemod\scripting\ÒankrunFixhealth.sp::Event_PlayerDeath
L 12/22/2025 - 00:02:29: [SM]   [4] ForcePlayerSuicide
L 12/22/2025 - 00:02:29: [SM]   [5] Line 37, D:\builds\build-sourcemod-msvc12\windows-1.12\build\plugins\playercommands\slay.sp::PerformSlay
L 12/22/2025 - 00:02:29: [SM]   [6] Line 108, D:\builds\build-sourcemod-msvc12\windows-1.12\build\plugins\playercommands\slay.sp::MenuHandler_Slay
L 12/22/2025 - 00:02:29: [SM] Exception reported: Invalid convar handle 0 (error 4)
L 12/22/2025 - 00:02:29: [SM] Blaming: ÒankrunFixhealth.smx
L 12/22/2025 - 00:02:29: [SM] Call stack trace:
L 12/22/2025 - 00:02:29: [SM]   [0] GetConVarString
L 12/22/2025 - 00:02:29: [SM]   [1] Line 138, C:\Users\Moises\Downloads\Compressed\sourcemod-1.11.0-git6968-windows\addons\sourcemod\scripting\ÒankrunFixhealth.sp::IsTankRunActive
L 12/22/2025 - 00:02:29: [SM]   [2] Line 36, C:\Users\Moises\Downloads\Compressed\sourcemod-1.11.0-git6968-windows\addons\sourcemod\scripting\ÒankrunFixhealth.sp::Timer_PeriodicCheck
L 12/22/2025 - 00:02:31: [SM] Exception reported: Invalid timer handle cb1003b7 (error 1)
L 12/22/2025 - 00:02:31: [SM] Blaming: l4d2_playerjoining_v2.smx
L 12/22/2025 - 00:02:31: [SM] Call stack trace:
L 12/22/2025 - 00:02:31: [SM]   [0] KillTimer
L 12/22/2025 - 00:02:31: [SM]   [1] Line 53, C:\Users\Moises\Downloads\Compressed\sourcemod-1.11.0-git6968-windows\addons\sourcemod\scripting\l4d2_playerjoining_v2.sp::OnClientDisconnect
L 12/22/2025 - 00:02:32: [SM] Exception reported: Invalid timer handle a4b00477 (error 3)
L 12/22/2025 - 00:02:32: [SM] Blaming: l4d2_playerjoining_v2.smx
L 12/22/2025 - 00:02:32: [SM] Call stack trace:
L 12/22/2025 - 00:02:32: [SM]   [0] KillTimer
L 12/22/2025 - 00:02:32: [SM]   [1] Line 53, C:\Users\Moises\Downloads\Compressed\sourcemod-1.11.0-git6968-windows\addons\sourcemod\scripting\l4d2_playerjoining_v2.sp::OnClientDisconnect
L 12/22/2025 - 00:02:34: [SM] Exception reported: Invalid timer handle e2700491 (error 3)
L 12/22/2025 - 00:02:34: [SM] Blaming: l4d2_playerjoining_v2.smx
L 12/22/2025 - 00:02:34: [SM] Call stack trace:
L 12/22/2025 - 00:02:34: [SM]   [0] KillTimer
L 12/22/2025 - 00:02:34: [SM]   [1] Line 53, C:\Users\Moises\Downloads\Compressed\sourcemod-1.11.0-git6968-windows\addons\sourcemod\scripting\l4d2_playerjoining_v2.sp::OnClientDisconnect
L 12/22/2025 - 00:02:34: [SM] Exception reported: Invalid timer handle 12400485 (error 3)
L 12/22/2025 - 00:02:34: [SM] Blaming: l4d2_playerjoining_v2.smx
L 12/22/2025 - 00:02:34: [SM] Call stack trace:
L 12/22/2025 - 00:02:34: [SM]   [0] KillTimer
L 12/22/2025 - 00:02:34: [SM]   [1] Line 53, C:\Users\Moises\Downloads\Compressed\sourcemod-1.11.0-git6968-windows\addons\sourcemod\scripting\l4d2_playerjoining_v2.sp::OnClientDisconnect
L 12/22/2025 - 00:02:35: [SM] Exception reported: Invalid timer handle a4d0047e (error 1)
L 12/22/2025 - 00:02:35: [SM] Blaming: l4d2_playerjoining_v2.smx
L 12/22/2025 - 00:02:35: [SM] Call stack trace:
L 12/22/2025 - 00:02:35: [SM]   [0] KillTimer
L 12/22/2025 - 00:02:35: [SM]   [1] Line 53, C:\Users\Moises\Downloads\Compressed\sourcemod-1.11.0-git6968-windows\addons\sourcemod\scripting\l4d2_playerjoining_v2.sp::OnClientDisconnect
L 12/22/2025 - 00:02:36: [SM] Exception reported: Language phrase "No Any Dead Survivor" not found (arg 6)
L 12/22/2025 - 00:02:36: [SM] Blaming: l4d_sm_respawn.smx
L 12/22/2025 - 00:02:36: [SM] Call stack trace:
L 12/22/2025 - 00:02:36: [SM]   [0] FormatEx
L 12/22/2025 - 00:02:36: [SM]   [1] Line 202, d:\Github\Private-Work\L4D2-Êèí‰ª∂\scripting_1.11\l4d_sm_respawn.sp::MenuClientsToSpawn
L 12/22/2025 - 00:02:36: [SM]   [2] Line 239, d:\Github\Private-Work\L4D2-Êèí‰ª∂\scripting_1.11\l4d_sm_respawn.sp::MenuHandler_MenuList
L 12/22/2025 - 00:02:39: [SM] Exception reported: Invalid convar handle 0 (error 4)
L 12/22/2025 - 00:02:39: [SM] Blaming: ÒankrunFixhealth.smx
L 12/22/2025 - 00:02:39: [SM] Call stack trace:
L 12/22/2025 - 00:02:39: [SM]   [0] GetConVarString
L 12/22/2025 - 00:02:39: [SM]   [1] Line 138, C:\Users\Moises\Downloads\Compressed\sourcemod-1.11.0-git6968-windows\addons\sourcemod\scripting\ÒankrunFixhealth.sp::IsTankRunActive
L 12/22/2025 - 00:02:39: [SM]   [2] Line 36, C:\Users\Moises\Downloads\Compressed\sourcemod-1.11.0-git6968-windows\addons\sourcemod\scripting\ÒankrunFixhealth.sp::Timer_PeriodicCheck
L 12/22/2025 - 00:02:42: [SM] Exception reported: Language phrase "Not enough player slots" not found (arg 5)
L 12/22/2025 - 00:02:42: [SM] Blaming: all4dead2.smx
L 12/22/2025 - 00:02:42: [SM] Call stack trace:
L 12/22/2025 - 00:02:42: [SM]   [0] VFormat
L 12/22/2025 - 00:02:42: [SM]   [1] Line 71, D:\Github\Private-Work\L4D2-Êèí‰ª∂\scripting_1.11\include\multicolors.inc::CPrintToChat
L 12/22/2025 - 00:02:42: [SM]   [2] Line 484, d:\Github\Private-Work\L4D2-Êèí‰ª∂\scripting_1.11\all4dead2.sp::Do_SpawnInfected
L 12/22/2025 - 00:02:42: [SM]   [3] Line 314, d:\Github\Private-Work\L4D2-Êèí‰ª∂\scripting_1.11\all4dead2.sp::Menu_SpawnSInfectedHandler
L 12/22/2025 - 00:02:49: [SM] Exception reported: Invalid convar handle 0 (error 4)
L 12/22/2025 - 00:02:49: [SM] Blaming: ÒankrunFixhealth.smx
L 12/22/2025 - 00:02:49: [SM] Call stack trace:
L 12/22/2025 - 00:02:49: [SM]   [0] GetConVarString
L 12/22/2025 - 00:02:49: [SM]   [1] Line 138, C:\Users\Moises\Downloads\Compressed\sourcemod-1.11.0-git6968-windows\addons\sourcemod\scripting\ÒankrunFixhealth.sp::IsTankRunActive
L 12/22/2025 - 00:02:49: [SM]   [2] Line 36, C:\Users\Moises\Downloads\Compressed\sourcemod-1.11.0-git6968-windows\addons\sourcemod\scripting\ÒankrunFixhealth.sp::Timer_PeriodicCheck
L 12/22/2025 - 00:02:55: [SM] Exception reported: Invalid convar handle 0 (error 4)
L 12/22/2025 - 00:02:55: [SM] Blaming: ÒankrunFixhealth.smx
L 12/22/2025 - 00:02:55: [SM] Call stack trace:
L 12/22/2025 - 00:02:55: [SM]   [0] GetConVarString
L 12/22/2025 - 00:02:55: [SM]   [1] Line 138, C:\Users\Moises\Downloads\Compressed\sourcemod-1.11.0-git6968-windows\addons\sourcemod\scripting\ÒankrunFixhealth.sp::IsTankRunActive
L 12/22/2025 - 00:02:55: [SM]   [2] Line 79, C:\Users\Moises\Downloads\Compressed\sourcemod-1.11.0-git6968-windows\addons\sourcemod\scripting\ÒankrunFixhealth.sp::Event_PlayerDeath
L 12/22/2025 - 00:02:56: [SM] Exception reported: Invalid convar handle 0 (error 4)
L 12/22/2025 - 00:02:56: [SM] Blaming: ÒankrunFixhealth.smx
L 12/22/2025 - 00:02:56: [SM] Call stack trace:
L 12/22/2025 - 00:02:56: [SM]   [0] GetConVarString
L 12/22/2025 - 00:02:56: [SM]   [1] Line 138, C:\Users\Moises\Downloads\Compressed\sourcemod-1.11.0-git6968-windows\addons\sourcemod\scripting\ÒankrunFixhealth.sp::IsTankRunActive
L 12/22/2025 - 00:02:56: [SM]   [2] Line 79, C:\Users\Moises\Downloads\Compressed\sourcemod-1.11.0-git6968-windows\addons\sourcemod\scripting\ÒankrunFixhealth.sp::Event_PlayerDeath
L 12/22/2025 - 00:02:59: [SM] Exception reported: Invalid convar handle 0 (error 4)
L 12/22/2025 - 00:02:59: [SM] Blaming: ÒankrunFixhealth.smx
L 12/22/2025 - 00:02:59: [SM] Call stack trace:
L 12/22/2025 - 00:02:59: [SM]   [0] GetConVarString
L 12/22/2025 - 00:02:59: [SM]   [1] Line 138, C:\Users\Moises\Downloads\Compressed\sourcemod-1.11.0-git6968-windows\addons\sourcemod\scripting\ÒankrunFixhealth.sp::IsTankRunActive
L 12/22/2025 - 00:02:59: [SM]   [2] Line 36, C:\Users\Moises\Downloads\Compressed\sourcemod-1.11.0-git6968-windows\addons\sourcemod\scripting\ÒankrunFixhealth.sp::Timer_PeriodicCheck
L 12/22/2025 - 00:03:02: [SM] Exception reported: Invalid timer handle df5004bd (error 1)
L 12/22/2025 - 00:03:02: [SM] Blaming: l4d2_playerjoining_v2.smx
L 12/22/2025 - 00:03:02: [SM] Call stack trace:
L 12/22/2025 - 00:03:02: [SM]   [0] KillTimer
L 12/22/2025 - 00:03:02: [SM]   [1] Line 53, C:\Users\Moises\Downloads\Compressed\sourcemod-1.11.0-git6968-windows\addons\sourcemod\scripting\l4d2_playerjoining_v2.sp::OnClientDisconnect
L 12/22/2025 - 00:03:04: [SM] Exception reported: Invalid timer handle cb1003b7 (error 1)
L 12/22/2025 - 00:03:04: [SM] Blaming: l4d2_playerjoining_v2.smx
L 12/22/2025 - 00:03:04: [SM] Call stack trace:
L 12/22/2025 - 00:03:04: [SM]   [0] KillTimer
L 12/22/2025 - 00:03:04: [SM]   [1] Line 53, C:\Users\Moises\Downloads\Compressed\sourcemod-1.11.0-git6968-windows\addons\sourcemod\scripting\l4d2_playerjoining_v2.sp::OnClientDisconnect
L 12/22/2025 - 00:03:09: [SM] Exception reported: Invalid convar handle 0 (error 4)
L 12/22/2025 - 00:03:09: [SM] Blaming: ÒankrunFixhealth.smx
L 12/22/2025 - 00:03:09: [SM] Call stack trace:
L 12/22/2025 - 00:03:09: [SM]   [0] GetConVarString
L 12/22/2025 - 00:03:09: [SM]   [1] Line 138, C:\Users\Moises\Downloads\Compressed\sourcemod-1.11.0-git6968-windows\addons\sourcemod\scripting\ÒankrunFixhealth.sp::IsTankRunActive
L 12/22/2025 - 00:03:09: [SM]   [2] Line 36, C:\Users\Moises\Downloads\Compressed\sourcemod-1.11.0-git6968-windows\addons\sourcemod\scripting\ÒankrunFixhealth.sp::Timer_PeriodicCheck
L 12/22/2025 - 00:03:19: [SM] Exception reported: Invalid convar handle 0 (error 4)
L 12/22/2025 - 00:03:19: [SM] Blaming: ÒankrunFixhealth.smx
L 12/22/2025 - 00:03:19: [SM] Call stack trace:
L 12/22/2025 - 00:03:19: [SM]   [0] GetConVarString
L 12/22/2025 - 00:03:19: [SM]   [1] Line 138, C:\Users\Moises\Downloads\Compressed\sourcemod-1.11.0-git6968-windows\addons\sourcemod\scripting\ÒankrunFixhealth.sp::IsTankRunActive
L 12/22/2025 - 00:03:19: [SM]   [2] Line 36, C:\Users\Moises\Downloads\Compressed\sourcemod-1.11.0-git6968-windows\addons\sourcemod\scripting\ÒankrunFixhealth.sp::Timer_PeriodicCheck
L 12/22/2025 - 00:03:25: [SM] Exception reported: Invalid convar handle 0 (error 4)
L 12/22/2025 - 00:03:25: [SM] Blaming: ÒankrunFixhealth.smx
L 12/22/2025 - 00:03:25: [SM] Call stack trace:
L 12/22/2025 - 00:03:25: [SM]   [0] GetConVarString
L 12/22/2025 - 00:03:25: [SM]   [1] Line 138, C:\Users\Moises\Downloads\Compressed\sourcemod-1.11.0-git6968-windows\addons\sourcemod\scripting\ÒankrunFixhealth.sp::IsTankRunActive
L 12/22/2025 - 00:03:25: [SM]   [2] Line 79, C:\Users\Moises\Downloads\Compressed\sourcemod-1.11.0-git6968-windows\addons\sourcemod\scripting\ÒankrunFixhealth.sp::Event_PlayerDeath
L 12/22/2025 - 00:03:28: [SM] Exception reported: Invalid convar handle 0 (error 4)
L 12/22/2025 - 00:03:28: [SM] Blaming: ÒankrunFixhealth.smx
L 12/22/2025 - 00:03:28: [SM] Call stack trace:
L 12/22/2025 - 00:03:28: [SM]   [0] GetConVarString
L 12/22/2025 - 00:03:28: [SM]   [1] Line 138, C:\Users\Moises\Downloads\Compressed\sourcemod-1.11.0-git6968-windows\addons\sourcemod\scripting\ÒankrunFixhealth.sp::IsTankRunActive
L 12/22/2025 - 00:03:28: [SM]   [2] Line 79, C:\Users\Moises\Downloads\Compressed\sourcemod-1.11.0-git6968-windows\addons\sourcemod\scripting\ÒankrunFixhealth.sp::Event_PlayerDeath
L 12/22/2025 - 00:03:29: [SM] Exception reported: Invalid convar handle 0 (error 4)
L 12/22/2025 - 00:03:29: [SM] Blaming: ÒankrunFixhealth.smx
L 12/22/2025 - 00:03:29: [SM] Call stack trace:
L 12/22/2025 - 00:03:29: [SM]   [0] GetConVarString
L 12/22/2025 - 00:03:29: [SM]   [1] Line 138, C:\Users\Moises\Downloads\Compressed\sourcemod-1.11.0-git6968-windows\addons\sourcemod\scripting\ÒankrunFixhealth.sp::IsTankRunActive
L 12/22/2025 - 00:03:29: [SM]   [2] Line 36, C:\Users\Moises\Downloads\Compressed\sourcemod-1.11.0-git6968-windows\addons\sourcemod\scripting\ÒankrunFixhealth.sp::Timer_PeriodicCheck
L 12/22/2025 - 00:03:32: [SM] Exception reported: Invalid timer handle a4d0047e (error 1)
L 12/22/2025 - 00:03:32: [SM] Blaming: l4d2_playerjoining_v2.smx
L 12/22/2025 - 00:03:32: [SM] Call stack trace:
L 12/22/2025 - 00:03:32: [SM]   [0] KillTimer
L 12/22/2025 - 00:03:32: [SM]   [1] Line 53, C:\Users\Moises\Downloads\Compressed\sourcemod-1.11.0-git6968-windows\addons\sourcemod\scripting\l4d2_playerjoining_v2.sp::OnClientDisconnect
L 12/22/2025 - 00:03:35: [SM] Exception reported: Invalid convar handle 0 (error 4)
L 12/22/2025 - 00:03:35: [SM] Blaming: ÒankrunFixhealth.smx
L 12/22/2025 - 00:03:35: [SM] Call stack trace:
L 12/22/2025 - 00:03:35: [SM]   [0] GetConVarString
L 12/22/2025 - 00:03:35: [SM]   [1] Line 138, C:\Users\Moises\Downloads\Compressed\sourcemod-1.11.0-git6968-windows\addons\sourcemod\scripting\ÒankrunFixhealth.sp::IsTankRunActive
L 12/22/2025 - 00:03:35: [SM]   [2] Line 79, C:\Users\Moises\Downloads\Compressed\sourcemod-1.11.0-git6968-windows\addons\sourcemod\scripting\ÒankrunFixhealth.sp::Event_PlayerDeath
L 12/22/2025 - 00:03:39: [SM] Exception reported: Invalid convar handle 0 (error 4)
L 12/22/2025 - 00:03:39: [SM] Blaming: ÒankrunFixhealth.smx
L 12/22/2025 - 00:03:39: [SM] Call stack trace:
L 12/22/2025 - 00:03:39: [SM]   [0] GetConVarString
L 12/22/2025 - 00:03:39: [SM]   [1] Line 138, C:\Users\Moises\Downloads\Compressed\sourcemod-1.11.0-git6968-windows\addons\sourcemod\scripting\ÒankrunFixhealth.sp::IsTankRunActive
L 12/22/2025 - 00:03:39: [SM]   [2] Line 36, C:\Users\Moises\Downloads\Compressed\sourcemod-1.11.0-git6968-windows\addons\sourcemod\scripting\ÒankrunFixhealth.sp::Timer_PeriodicCheck
L 12/22/2025 - 00:03:42: [SM] Exception reported: Invalid convar handle 0 (error 4)
L 12/22/2025 - 00:03:42: [SM] Blaming: ÒankrunFixhealth.smx
L 12/22/2025 - 00:03:42: [SM] Call stack trace:
L 12/22/2025 - 00:03:42: [SM]   [0] GetConVarString
L 12/22/2025 - 00:03:42: [SM]   [1] Line 138, C:\Users\Moises\Downloads\Compressed\sourcemod-1.11.0-git6968-windows\addons\sourcemod\scripting\ÒankrunFixhealth.sp::IsTankRunActive
L 12/22/2025 - 00:03:42: [SM]   [2] Line 79, C:\Users\Moises\Downloads\Compressed\sourcemod-1.11.0-git6968-windows\addons\sourcemod\scripting\ÒankrunFixhealth.sp::Event_PlayerDeath
L 12/22/2025 - 00:03:49: [SM] Exception reported: Invalid convar handle 0 (error 4)
L 12/22/2025 - 00:03:49: [SM] Blaming: ÒankrunFixhealth.smx
L 12/22/2025 - 00:03:49: [SM] Call stack trace:
L 12/22/2025 - 00:03:49: [SM]   [0] GetConVarString
L 12/22/2025 - 00:03:49: [SM]   [1] Line 138, C:\Users\Moises\Downloads\Compressed\sourcemod-1.11.0-git6968-windows\addons\sourcemod\scripting\ÒankrunFixhealth.sp::IsTankRunActive
L 12/22/2025 - 00:03:49: [SM]   [2] Line 36, C:\Users\Moises\Downloads\Compressed\sourcemod-1.11.0-git6968-windows\addons\sourcemod\scripting\ÒankrunFixhealth.sp::Timer_PeriodicCheck
L 12/22/2025 - 00:03:51: [SM] Exception reported: Language phrase "Please wait to be revived or rescued" not found (arg 6)
L 12/22/2025 - 00:03:51: [SM] Blaming: l4dmultislots.smx
L 12/22/2025 - 00:03:51: [SM] Call stack trace:
L 12/22/2025 - 00:03:51: [SM]   [0] PrintToChat
L 12/22/2025 - 00:03:51: [SM]   [1] Line 953, d:\Github\Private-Work\L4D2-Êèí‰ª∂\scripting_1.11\l4dmultislots.sp::Timer_SpecCheck
L 12/22/2025 - 00:03:59: [SM] Exception reported: Invalid convar handle 0 (error 4)
L 12/22/2025 - 00:03:59: [SM] Blaming: ÒankrunFixhealth.smx
L 12/22/2025 - 00:03:59: [SM] Call stack trace:
L 12/22/2025 - 00:03:59: [SM]   [0] GetConVarString
L 12/22/2025 - 00:03:59: [SM]   [1] Line 138, C:\Users\Moises\Downloads\Compressed\sourcemod-1.11.0-git6968-windows\addons\sourcemod\scripting\ÒankrunFixhealth.sp::IsTankRunActive
L 12/22/2025 - 00:03:59: [SM]   [2] Line 36, C:\Users\Moises\Downloads\Compressed\sourcemod-1.11.0-git6968-windows\addons\sourcemod\scripting\ÒankrunFixhealth.sp::Timer_PeriodicCheck
L 12/22/2025 - 00:04:05: [SM] Exception reported: Invalid convar handle 0 (error 4)
L 12/22/2025 - 00:04:05: [SM] Blaming: ÒankrunFixhealth.smx
L 12/22/2025 - 00:04:05: [SM] Call stack trace:
L 12/22/2025 - 00:04:05: [SM]   [0] GetConVarString
L 12/22/2025 - 00:04:05: [SM]   [1] Line 138, C:\Users\Moises\Downloads\Compressed\sourcemod-1.11.0-git6968-windows\addons\sourcemod\scripting\ÒankrunFixhealth.sp::IsTankRunActive
L 12/22/2025 - 00:04:05: [SM]   [2] Line 79, C:\Users\Moises\Downloads\Compressed\sourcemod-1.11.0-git6968-windows\addons\sourcemod\scripting\ÒankrunFixhealth.sp::Event_PlayerDeath
L 12/22/2025 - 00:04:09: [SM] Exception reported: Invalid convar handle 0 (error 4)
L 12/22/2025 - 00:04:09: [SM] Blaming: ÒankrunFixhealth.smx
L 12/22/2025 - 00:04:09: [SM] Call stack trace:
L 12/22/2025 - 00:04:09: [SM]   [0] GetConVarString
L 12/22/2025 - 00:04:09: [SM]   [1] Line 138, C:\Users\Moises\Downloads\Compressed\sourcemod-1.11.0-git6968-windows\addons\sourcemod\scripting\ÒankrunFixhealth.sp::IsTankRunActive
L 12/22/2025 - 00:04:09: [SM]   [2] Line 36, C:\Users\Moises\Downloads\Compressed\sourcemod-1.11.0-git6968-windows\addons\sourcemod\scripting\ÒankrunFixhealth.sp::Timer_PeriodicCheck
L 12/22/2025 - 00:04:10: [SM] Exception reported: Invalid convar handle 0 (error 4)
L 12/22/2025 - 00:04:10: [SM] Blaming: ÒankrunFixhealth.smx
L 12/22/2025 - 00:04:10: [SM] Call stack trace:
L 12/22/2025 - 00:04:10: [SM]   [0] GetConVarString
L 12/22/2025 - 00:04:10: [SM]   [1] Line 138, C:\Users\Moises\Downloads\Compressed\sourcemod-1.11.0-git6968-windows\addons\sourcemod\scripting\ÒankrunFixhealth.sp::IsTankRunActive
L 12/22/2025 - 00:04:10: [SM]   [2] Line 79, C:\Users\Moises\Downloads\Compressed\sourcemod-1.11.0-git6968-windows\addons\sourcemod\scripting\ÒankrunFixhealth.sp::Event_PlayerDeath
L 12/22/2025 - 00:04:12: [SM] Exception reported: Invalid timer handle cb1003b7 (error 1)
L 12/22/2025 - 00:04:12: [SM] Blaming: l4d2_playerjoining_v2.smx
L 12/22/2025 - 00:04:12: [SM] Call stack trace:
L 12/22/2025 - 00:04:12: [SM]   [0] KillTimer
L 12/22/2025 - 00:04:12: [SM]   [1] Line 53, C:\Users\Moises\Downloads\Compressed\sourcemod-1.11.0-git6968-windows\addons\sourcemod\scripting\l4d2_playerjoining_v2.sp::OnClientDisconnect
L 12/22/2025 - 00:04:16: [SM] Exception reported: Language phrase "Please wait to be revived or rescued" not found (arg 6)
L 12/22/2025 - 00:04:16: [SM] Blaming: l4dmultislots.smx
L 12/22/2025 - 00:04:16: [SM] Call stack trace:
L 12/22/2025 - 00:04:16: [SM]   [0] PrintToChat
L 12/22/2025 - 00:04:16: [SM]   [1] Line 953, d:\Github\Private-Work\L4D2-Êèí‰ª∂\scripting_1.11\l4dmultislots.sp::Timer_SpecCheck
L 12/22/2025 - 00:04:19: [SM] Exception reported: Invalid convar handle 0 (error 4)
L 12/22/2025 - 00:04:19: [SM] Blaming: ÒankrunFixhealth.smx
L 12/22/2025 - 00:04:19: [SM] Call stack trace:
L 12/22/2025 - 00:04:19: [SM]   [0] GetConVarString
L 12/22/2025 - 00:04:19: [SM]   [1] Line 138, C:\Users\Moises\Downloads\Compressed\sourcemod-1.11.0-git6968-windows\addons\sourcemod\scripting\ÒankrunFixhealth.sp::IsTankRunActive
L 12/22/2025 - 00:04:19: [SM]   [2] Line 36, C:\Users\Moises\Downloads\Compressed\sourcemod-1.11.0-git6968-windows\addons\sourcemod\scripting\ÒankrunFixhealth.sp::Timer_PeriodicCheck
L 12/22/2025 - 00:04:29: [SM] Exception reported: Invalid convar handle 0 (error 4)
L 12/22/2025 - 00:04:29: [SM] Blaming: ÒankrunFixhealth.smx
L 12/22/2025 - 00:04:29: [SM] Call stack trace:
L 12/22/2025 - 00:04:29: [SM]   [0] GetConVarString
L 12/22/2025 - 00:04:29: [SM]   [1] Line 138, C:\Users\Moises\Downloads\Compressed\sourcemod-1.11.0-git6968-windows\addons\sourcemod\scripting\ÒankrunFixhealth.sp::IsTankRunActive
L 12/22/2025 - 00:04:29: [SM]   [2] Line 36, C:\Users\Moises\Downloads\Compressed\sourcemod-1.11.0-git6968-windows\addons\sourcemod\scripting\ÒankrunFixhealth.sp::Timer_PeriodicCheck
L 12/22/2025 - 00:04:39: [SM] Exception reported: Invalid convar handle 0 (error 4)
L 12/22/2025 - 00:04:39: [SM] Blaming: ÒankrunFixhealth.smx
L 12/22/2025 - 00:04:39: [SM] Call stack trace:
L 12/22/2025 - 00:04:39: [SM]   [0] GetConVarString
L 12/22/2025 - 00:04:39: [SM]   [1] Line 138, C:\Users\Moises\Downloads\Compressed\sourcemod-1.11.0-git6968-windows\addons\sourcemod\scripting\ÒankrunFixhealth.sp::IsTankRunActive
L 12/22/2025 - 00:04:39: [SM]   [2] Line 36, C:\Users\Moises\Downloads\Compressed\sourcemod-1.11.0-git6968-windows\addons\sourcemod\scripting\ÒankrunFixhealth.sp::Timer_PeriodicCheck
L 12/22/2025 - 00:04:41: [SM] Exception reported: Language phrase "Please wait to be revived or rescued" not found (arg 6)
L 12/22/2025 - 00:04:41: [SM] Blaming: l4dmultislots.smx
L 12/22/2025 - 00:04:41: [SM] Call stack trace:
L 12/22/2025 - 00:04:41: [SM]   [0] PrintToChat
L 12/22/2025 - 00:04:41: [SM]   [1] Line 953, d:\Github\Private-Work\L4D2-Êèí‰ª∂\scripting_1.11\l4dmultislots.sp::Timer_SpecCheck
L 12/22/2025 - 00:04:43: [SM] Exception reported: Invalid convar handle 0 (error 4)
L 12/22/2025 - 00:04:43: [SM] Blaming: ÒankrunFixhealth.smx
L 12/22/2025 - 00:04:43: [SM] Call stack trace:
L 12/22/2025 - 00:04:43: [SM]   [0] GetConVarString
L 12/22/2025 - 00:04:43: [SM]   [1] Line 138, C:\Users\Moises\Downloads\Compressed\sourcemod-1.11.0-git6968-windows\addons\sourcemod\scripting\ÒankrunFixhealth.sp::IsTankRunActive
L 12/22/2025 - 00:04:43: [SM]   [2] Line 79, C:\Users\Moises\Downloads\Compressed\sourcemod-1.11.0-git6968-windows\addons\sourcemod\scripting\ÒankrunFixhealth.sp::Event_PlayerDeath
L 12/22/2025 - 00:04:45: [SM] Exception reported: Invalid convar handle 0 (error 4)
L 12/22/2025 - 00:04:45: [SM] Blaming: ÒankrunFixhealth.smx
L 12/22/2025 - 00:04:45: [SM] Call stack trace:
L 12/22/2025 - 00:04:45: [SM]   [0] GetConVarString
L 12/22/2025 - 00:04:45: [SM]   [1] Line 138, C:\Users\Moises\Downloads\Compressed\sourcemod-1.11.0-git6968-windows\addons\sourcemod\scripting\ÒankrunFixhealth.sp::IsTankRunActive
L 12/22/2025 - 00:04:45: [SM]   [2] Line 79, C:\Users\Moises\Downloads\Compressed\sourcemod-1.11.0-git6968-windows\addons\sourcemod\scripting\ÒankrunFixhealth.sp::Event_PlayerDeath
L 12/22/2025 - 00:04:49: [SM] Exception reported: Invalid convar handle 0 (error 4)
L 12/22/2025 - 00:04:49: [SM] Blaming: ÒankrunFixhealth.smx
L 12/22/2025 - 00:04:49: [SM] Call stack trace:
L 12/22/2025 - 00:04:49: [SM]   [0] GetConVarString
L 12/22/2025 - 00:04:49: [SM]   [1] Line 138, C:\Users\Moises\Downloads\Compressed\sourcemod-1.11.0-git6968-windows\addons\sourcemod\scripting\ÒankrunFixhealth.sp::IsTankRunActive
L 12/22/2025 - 00:04:49: [SM]   [2] Line 36, C:\Users\Moises\Downloads\Compressed\sourcemod-1.11.0-git6968-windows\addons\sourcemod\scripting\ÒankrunFixhealth.sp::Timer_PeriodicCheck
L 12/22/2025 - 00:04:53: [SM] Exception reported: Invalid convar handle 0 (error 4)
L 12/22/2025 - 00:04:53: [SM] Blaming: ÒankrunFixhealth.smx
L 12/22/2025 - 00:04:53: [SM] Call stack trace:
L 12/22/2025 - 00:04:53: [SM]   [0] GetConVarString
L 12/22/2025 - 00:04:53: [SM]   [1] Line 138, C:\Users\Moises\Downloads\Compressed\sourcemod-1.11.0-git6968-windows\addons\sourcemod\scripting\ÒankrunFixhealth.sp::IsTankRunActive
L 12/22/2025 - 00:04:53: [SM]   [2] Line 79, C:\Users\Moises\Downloads\Compressed\sourcemod-1.11.0-git6968-windows\addons\sourcemod\scripting\ÒankrunFixhealth.sp::Event_PlayerDeath
L 12/22/2025 - 00:04:56: [SM] Exception reported: Invalid convar handle 0 (error 4)
L 12/22/2025 - 00:04:56: [SM] Blaming: ÒankrunFixhealth.smx
L 12/22/2025 - 00:04:56: [SM] Call stack trace:
L 12/22/2025 - 00:04:56: [SM]   [0] GetConVarString
L 12/22/2025 - 00:04:56: [SM]   [1] Line 138, C:\Users\Moises\Downloads\Compressed\sourcemod-1.11.0-git6968-windows\addons\sourcemod\scripting\ÒankrunFixhealth.sp::IsTankRunActive
L 12/22/2025 - 00:04:56: [SM]   [2] Line 79, C:\Users\Moises\Downloads\Compressed\sourcemod-1.11.0-git6968-windows\addons\sourcemod\scripting\ÒankrunFixhealth.sp::Event_PlayerDeath
L 12/22/2025 - 00:04:59: [SM] Exception reported: Invalid convar handle 0 (error 4)
L 12/22/2025 - 00:04:59: [SM] Blaming: ÒankrunFixhealth.smx
L 12/22/2025 - 00:04:59: [SM] Call stack trace:
L 12/22/2025 - 00:04:59: [SM]   [0] GetConVarString
L 12/22/2025 - 00:04:59: [SM]   [1] Line 138, C:\Users\Moises\Downloads\Compressed\sourcemod-1.11.0-git6968-windows\addons\sourcemod\scripting\ÒankrunFixhealth.sp::IsTankRunActive
L 12/22/2025 - 00:04:59: [SM]   [2] Line 36, C:\Users\Moises\Downloads\Compressed\sourcemod-1.11.0-git6968-windows\addons\sourcemod\scripting\ÒankrunFixhealth.sp::Timer_PeriodicCheck
L 12/22/2025 - 00:05:03: [SM] Exception reported: Invalid timer handle 12400485 (error 3)
L 12/22/2025 - 00:05:03: [SM] Blaming: l4d2_playerjoining_v2.smx
L 12/22/2025 - 00:05:03: [SM] Call stack trace:
L 12/22/2025 - 00:05:03: [SM]   [0] KillTimer
L 12/22/2025 - 00:05:03: [SM]   [1] Line 53, C:\Users\Moises\Downloads\Compressed\sourcemod-1.11.0-git6968-windows\addons\sourcemod\scripting\l4d2_playerjoining_v2.sp::OnClientDisconnect
L 12/22/2025 - 00:05:06: [SM] Exception reported: Language phrase "Please wait to be revived or rescued" not found (arg 6)
L 12/22/2025 - 00:05:06: [SM] Blaming: l4dmultislots.smx
L 12/22/2025 - 00:05:06: [SM] Call stack trace:
L 12/22/2025 - 00:05:06: [SM]   [0] PrintToChat
L 12/22/2025 - 00:05:06: [SM]   [1] Line 953, d:\Github\Private-Work\L4D2-Êèí‰ª∂\scripting_1.11\l4dmultislots.sp::Timer_SpecCheck
L 12/22/2025 - 00:05:09: [SM] Exception reported: Invalid convar handle 0 (error 4)
L 12/22/2025 - 00:05:09: [SM] Blaming: ÒankrunFixhealth.smx
L 12/22/2025 - 00:05:09: [SM] Call stack trace:
L 12/22/2025 - 00:05:09: [SM]   [0] GetConVarString
L 12/22/2025 - 00:05:09: [SM]   [1] Line 138, C:\Users\Moises\Downloads\Compressed\sourcemod-1.11.0-git6968-windows\addons\sourcemod\scripting\ÒankrunFixhealth.sp::IsTankRunActive
L 12/22/2025 - 00:05:09: [SM]   [2] Line 36, C:\Users\Moises\Downloads\Compressed\sourcemod-1.11.0-git6968-windows\addons\sourcemod\scripting\ÒankrunFixhealth.sp::Timer_PeriodicCheck
L 12/22/2025 - 00:05:13: [SM] Exception reported: Invalid convar handle 0 (error 4)
L 12/22/2025 - 00:05:13: [SM] Blaming: ÒankrunFixhealth.smx
L 12/22/2025 - 00:05:13: [SM] Call stack trace:
L 12/22/2025 - 00:05:13: [SM]   [0] GetConVarString
L 12/22/2025 - 00:05:13: [SM]   [1] Line 138, C:\Users\Moises\Downloads\Compressed\sourcemod-1.11.0-git6968-windows\addons\sourcemod\scripting\ÒankrunFixhealth.sp::IsTankRunActive
L 12/22/2025 - 00:05:13: [SM]   [2] Line 79, C:\Users\Moises\Downloads\Compressed\sourcemod-1.11.0-git6968-windows\addons\sourcemod\scripting\ÒankrunFixhealth.sp::Event_PlayerDeath
L 12/22/2025 - 00:05:17: [SM] Exception reported: Invalid convar handle 0 (error 4)
L 12/22/2025 - 00:05:17: [SM] Blaming: ÒankrunFixhealth.smx
L 12/22/2025 - 00:05:17: [SM] Call stack trace:
L 12/22/2025 - 00:05:17: [SM]   [0] GetConVarString
L 12/22/2025 - 00:05:17: [SM]   [1] Line 138, C:\Users\Moises\Downloads\Compressed\sourcemod-1.11.0-git6968-windows\addons\sourcemod\scripting\ÒankrunFixhealth.sp::IsTankRunActive
L 12/22/2025 - 00:05:17: [SM]   [2] Line 79, C:\Users\Moises\Downloads\Compressed\sourcemod-1.11.0-git6968-windows\addons\sourcemod\scripting\ÒankrunFixhealth.sp::Event_PlayerDeath
L 12/22/2025 - 00:05:19: [SM] Exception reported: Invalid convar handle 0 (error 4)
L 12/22/2025 - 00:05:19: [SM] Blaming: ÒankrunFixhealth.smx
L 12/22/2025 - 00:05:19: [SM] Call stack trace:
L 12/22/2025 - 00:05:19: [SM]   [0] GetConVarString
L 12/22/2025 - 00:05:19: [SM]   [1] Line 138, C:\Users\Moises\Downloads\Compressed\sourcemod-1.11.0-git6968-windows\addons\sourcemod\scripting\ÒankrunFixhealth.sp::IsTankRunActive
L 12/22/2025 - 00:05:19: [SM]   [2] Line 36, C:\Users\Moises\Downloads\Compressed\sourcemod-1.11.0-git6968-windows\addons\sourcemod\scripting\ÒankrunFixhealth.sp::Timer_PeriodicCheck
L 12/22/2025 - 00:05:20: [SM] Exception reported: Invalid timer handle e2700491 (error 3)
L 12/22/2025 - 00:05:20: [SM] Blaming: l4d2_playerjoining_v2.smx
L 12/22/2025 - 00:05:20: [SM] Call stack trace:
L 12/22/2025 - 00:05:20: [SM]   [0] KillTimer
L 12/22/2025 - 00:05:20: [SM]   [1] Line 53, C:\Users\Moises\Downloads\Compressed\sourcemod-1.11.0-git6968-windows\addons\sourcemod\scripting\l4d2_playerjoining_v2.sp::OnClientDisconnect
L 12/22/2025 - 00:05:29: [SM] Exception reported: Invalid convar handle 0 (error 4)
L 12/22/2025 - 00:05:29: [SM] Blaming: ÒankrunFixhealth.smx
L 12/22/2025 - 00:05:29: [SM] Call stack trace:
L 12/22/2025 - 00:05:29: [SM]   [0] GetConVarString
L 12/22/2025 - 00:05:29: [SM]   [1] Line 138, C:\Users\Moises\Downloads\Compressed\sourcemod-1.11.0-git6968-windows\addons\sourcemod\scripting\ÒankrunFixhealth.sp::IsTankRunActive
L 12/22/2025 - 00:05:29: [SM]   [2] Line 36, C:\Users\Moises\Downloads\Compressed\sourcemod-1.11.0-git6968-windows\addons\sourcemod\scripting\ÒankrunFixhealth.sp::Timer_PeriodicCheck
L 12/22/2025 - 00:05:31: [SM] Exception reported: Language phrase "Please wait to be revived or rescued" not found (arg 6)
L 12/22/2025 - 00:05:31: [SM] Blaming: l4dmultislots.smx
L 12/22/2025 - 00:05:31: [SM] Call stack trace:
L 12/22/2025 - 00:05:31: [SM]   [0] PrintToChat
L 12/22/2025 - 00:05:31: [SM]   [1] Line 953, d:\Github\Private-Work\L4D2-Êèí‰ª∂\scripting_1.11\l4dmultislots.sp::Timer_SpecCheck
L 12/22/2025 - 00:05:39: [SM] Exception reported: Invalid convar handle 0 (error 4)
L 12/22/2025 - 00:05:39: [SM] Blaming: ÒankrunFixhealth.smx
L 12/22/2025 - 00:05:39: [SM] Call stack trace:
L 12/22/2025 - 00:05:39: [SM]   [0] GetConVarString
L 12/22/2025 - 00:05:39: [SM]   [1] Line 138, C:\Users\Moises\Downloads\Compressed\sourcemod-1.11.0-git6968-windows\addons\sourcemod\scripting\ÒankrunFixhealth.sp::IsTankRunActive
L 12/22/2025 - 00:05:39: [SM]   [2] Line 36, C:\Users\Moises\Downloads\Compressed\sourcemod-1.11.0-git6968-windows\addons\sourcemod\scripting\ÒankrunFixhealth.sp::Timer_PeriodicCheck
L 12/22/2025 - 00:05:41: [SM] Exception reported: Invalid convar handle 0 (error 4)
L 12/22/2025 - 00:05:41: [SM] Blaming: ÒankrunFixhealth.smx
L 12/22/2025 - 00:05:41: [SM] Call stack trace:
L 12/22/2025 - 00:05:41: [SM]   [0] GetConVarString
L 12/22/2025 - 00:05:41: [SM]   [1] Line 138, C:\Users\Moises\Downloads\Compressed\sourcemod-1.11.0-git6968-windows\addons\sourcemod\scripting\ÒankrunFixhealth.sp::IsTankRunActive
L 12/22/2025 - 00:05:41: [SM]   [2] Line 79, C:\Users\Moises\Downloads\Compressed\sourcemod-1.11.0-git6968-windows\addons\sourcemod\scripting\ÒankrunFixhealth.sp::Event_PlayerDeath
L 12/22/2025 - 00:05:41: [SM] Exception reported: Invalid convar handle 0 (error 4)
L 12/22/2025 - 00:05:41: [SM] Blaming: ÒankrunFixhealth.smx
L 12/22/2025 - 00:05:41: [SM] Call stack trace:
L 12/22/2025 - 00:05:41: [SM]   [0] GetConVarString
L 12/22/2025 - 00:05:41: [SM]   [1] Line 138, C:\Users\Moises\Downloads\Compressed\sourcemod-1.11.0-git6968-windows\addons\sourcemod\scripting\ÒankrunFixhealth.sp::IsTankRunActive
L 12/22/2025 - 00:05:41: [SM]   [2] Line 79, C:\Users\Moises\Downloads\Compressed\sourcemod-1.11.0-git6968-windows\addons\sourcemod\scripting\ÒankrunFixhealth.sp::Event_PlayerDeath
L 12/22/2025 - 00:05:46: [SM] Exception reported: Invalid timer handle 12400485 (error 1)
L 12/22/2025 - 00:05:46: [SM] Blaming: l4d2_playerjoining_v2.smx
L 12/22/2025 - 00:05:46: [SM] Call stack trace:
L 12/22/2025 - 00:05:46: [SM]   [0] KillTimer
L 12/22/2025 - 00:05:46: [SM]   [1] Line 53, C:\Users\Moises\Downloads\Compressed\sourcemod-1.11.0-git6968-windows\addons\sourcemod\scripting\l4d2_playerjoining_v2.sp::OnClientDisconnect
L 12/22/2025 - 00:05:48: [SM] Exception reported: Invalid timer handle e2700491 (error 3)
L 12/22/2025 - 00:05:48: [SM] Blaming: l4d2_playerjoining_v2.smx
L 12/22/2025 - 00:05:48: [SM] Call stack trace:
L 12/22/2025 - 00:05:48: [SM]   [0] KillTimer
L 12/22/2025 - 00:05:48: [SM]   [1] Line 53, C:\Users\Moises\Downloads\Compressed\sourcemod-1.11.0-git6968-windows\addons\sourcemod\scripting\l4d2_playerjoining_v2.sp::OnClientDisconnect
L 12/22/2025 - 00:05:49: [SM] Exception reported: Invalid convar handle 0 (error 4)
L 12/22/2025 - 00:05:49: [SM] Blaming: ÒankrunFixhealth.smx
L 12/22/2025 - 00:05:49: [SM] Call stack trace:
L 12/22/2025 - 00:05:49: [SM]   [0] GetConVarString
L 12/22/2025 - 00:05:49: [SM]   [1] Line 138, C:\Users\Moises\Downloads\Compressed\sourcemod-1.11.0-git6968-windows\addons\sourcemod\scripting\ÒankrunFixhealth.sp::IsTankRunActive
L 12/22/2025 - 00:05:49: [SM]   [2] Line 36, C:\Users\Moises\Downloads\Compressed\sourcemod-1.11.0-git6968-windows\addons\sourcemod\scripting\ÒankrunFixhealth.sp::Timer_PeriodicCheck
L 12/22/2025 - 00:05:56: [SM] Exception reported: Language phrase "Please wait to be revived or rescued" not found (arg 6)
L 12/22/2025 - 00:05:56: [SM] Blaming: l4dmultislots.smx
L 12/22/2025 - 00:05:56: [SM] Call stack trace:
L 12/22/2025 - 00:05:56: [SM]   [0] PrintToChat
L 12/22/2025 - 00:05:56: [SM]   [1] Line 953, d:\Github\Private-Work\L4D2-Êèí‰ª∂\scripting_1.11\l4dmultislots.sp::Timer_SpecCheck
L 12/22/2025 - 00:05:59: [SM] Exception reported: Invalid convar handle 0 (error 4)
L 12/22/2025 - 00:05:59: [SM] Blaming: ÒankrunFixhealth.smx
L 12/22/2025 - 00:05:59: [SM] Call stack trace:
L 12/22/2025 - 00:05:59: [SM]   [0] GetConVarString
L 12/22/2025 - 00:05:59: [SM]   [1] Line 138, C:\Users\Moises\Downloads\Compressed\sourcemod-1.11.0-git6968-windows\addons\sourcemod\scripting\ÒankrunFixhealth.sp::IsTankRunActive
L 12/22/2025 - 00:05:59: [SM]   [2] Line 36, C:\Users\Moises\Downloads\Compressed\sourcemod-1.11.0-git6968-windows\addons\sourcemod\scripting\ÒankrunFixhealth.sp::Timer_PeriodicCheck
L 12/22/2025 - 00:05:59: [SM] Exception reported: Invalid convar handle 0 (error 4)
L 12/22/2025 - 00:05:59: [SM] Blaming: ÒankrunFixhealth.smx
L 12/22/2025 - 00:05:59: [SM] Call stack trace:
L 12/22/2025 - 00:05:59: [SM]   [0] GetConVarString
L 12/22/2025 - 00:05:59: [SM]   [1] Line 138, C:\Users\Moises\Downloads\Compressed\sourcemod-1.11.0-git6968-windows\addons\sourcemod\scripting\ÒankrunFixhealth.sp::IsTankRunActive
L 12/22/2025 - 00:05:59: [SM]   [2] Line 79, C:\Users\Moises\Downloads\Compressed\sourcemod-1.11.0-git6968-windows\addons\sourcemod\scripting\ÒankrunFixhealth.sp::Event_PlayerDeath
L 12/22/2025 - 00:06:06: [SM] Exception reported: Invalid convar handle 0 (error 4)
L 12/22/2025 - 00:06:06: [SM] Blaming: ÒankrunFixhealth.smx
L 12/22/2025 - 00:06:06: [SM] Call stack trace:
L 12/22/2025 - 00:06:06: [SM]   [0] GetConVarString
L 12/22/2025 - 00:06:06: [SM]   [1] Line 138, C:\Users\Moises\Downloads\Compressed\sourcemod-1.11.0-git6968-windows\addons\sourcemod\scripting\ÒankrunFixhealth.sp::IsTankRunActive
L 12/22/2025 - 00:06:06: [SM]   [2] Line 79, C:\Users\Moises\Downloads\Compressed\sourcemod-1.11.0-git6968-windows\addons\sourcemod\scripting\ÒankrunFixhealth.sp::Event_PlayerDeath
L 12/22/2025 - 00:06:09: [SM] Exception reported: Invalid convar handle 0 (error 4)
L 12/22/2025 - 00:06:09: [SM] Blaming: ÒankrunFixhealth.smx
L 12/22/2025 - 00:06:09: [SM] Call stack trace:
L 12/22/2025 - 00:06:09: [SM]   [0] GetConVarString
L 12/22/2025 - 00:06:09: [SM]   [1] Line 138, C:\Users\Moises\Downloads\Compressed\sourcemod-1.11.0-git6968-windows\addons\sourcemod\scripting\ÒankrunFixhealth.sp::IsTankRunActive
L 12/22/2025 - 00:06:09: [SM]   [2] Line 36, C:\Users\Moises\Downloads\Compressed\sourcemod-1.11.0-git6968-windows\addons\sourcemod\scripting\ÒankrunFixhealth.sp::Timer_PeriodicCheck
L 12/22/2025 - 00:06:18: [SM] Exception reported: Invalid convar handle 0 (error 4)
L 12/22/2025 - 00:06:18: [SM] Blaming: ÒankrunFixhealth.smx
L 12/22/2025 - 00:06:18: [SM] Call stack trace:
L 12/22/2025 - 00:06:18: [SM]   [0] GetConVarString
L 12/22/2025 - 00:06:18: [SM]   [1] Line 138, C:\Users\Moises\Downloads\Compressed\sourcemod-1.11.0-git6968-windows\addons\sourcemod\scripting\ÒankrunFixhealth.sp::IsTankRunActive
L 12/22/2025 - 00:06:18: [SM]   [2] Line 79, C:\Users\Moises\Downloads\Compressed\sourcemod-1.11.0-git6968-windows\addons\sourcemod\scripting\ÒankrunFixhealth.sp::Event_PlayerDeath
L 12/22/2025 - 00:06:18: [SM] Exception reported: Invalid convar handle 0 (error 4)
L 12/22/2025 - 00:06:18: [SM] Blaming: ÒankrunFixhealth.smx
L 12/22/2025 - 00:06:18: [SM] Call stack trace:
L 12/22/2025 - 00:06:18: [SM]   [0] GetConVarString
L 12/22/2025 - 00:06:18: [SM]   [1] Line 138, C:\Users\Moises\Downloads\Compressed\sourcemod-1.11.0-git6968-windows\addons\sourcemod\scripting\ÒankrunFixhealth.sp::IsTankRunActive
L 12/22/2025 - 00:06:18: [SM]   [2] Line 79, C:\Users\Moises\Downloads\Compressed\sourcemod-1.11.0-git6968-windows\addons\sourcemod\scripting\ÒankrunFixhealth.sp::Event_PlayerDeath
L 12/22/2025 - 00:06:19: [SM] Exception reported: Invalid convar handle 0 (error 4)
L 12/22/2025 - 00:06:19: [SM] Blaming: ÒankrunFixhealth.smx
L 12/22/2025 - 00:06:19: [SM] Call stack trace:
L 12/22/2025 - 00:06:19: [SM]   [0] GetConVarString
L 12/22/2025 - 00:06:19: [SM]   [1] Line 138, C:\Users\Moises\Downloads\Compressed\sourcemod-1.11.0-git6968-windows\addons\sourcemod\scripting\ÒankrunFixhealth.sp::IsTankRunActive
L 12/22/2025 - 00:06:19: [SM]   [2] Line 36, C:\Users\Moises\Downloads\Compressed\sourcemod-1.11.0-git6968-windows\addons\sourcemod\scripting\ÒankrunFixhealth.sp::Timer_PeriodicCheck
L 12/22/2025 - 00:06:20: [SM] Exception reported: Language phrase "Not enough player slots" not found (arg 5)
L 12/22/2025 - 00:06:20: [SM] Blaming: all4dead2.smx
L 12/22/2025 - 00:06:20: [SM] Call stack trace:
L 12/22/2025 - 00:06:20: [SM]   [0] VFormat
L 12/22/2025 - 00:06:20: [SM]   [1] Line 71, D:\Github\Private-Work\L4D2-Êèí‰ª∂\scripting_1.11\include\multicolors.inc::CPrintToChat
L 12/22/2025 - 00:06:20: [SM]   [2] Line 484, d:\Github\Private-Work\L4D2-Êèí‰ª∂\scripting_1.11\all4dead2.sp::Do_SpawnInfected
L 12/22/2025 - 00:06:20: [SM]   [3] Line 314, d:\Github\Private-Work\L4D2-Êèí‰ª∂\scripting_1.11\all4dead2.sp::Menu_SpawnSInfectedHandler
L 12/22/2025 - 00:06:21: [SM] Exception reported: Language phrase "Please wait to be revived or rescued" not found (arg 6)
L 12/22/2025 - 00:06:21: [SM] Blaming: l4dmultislots.smx
L 12/22/2025 - 00:06:21: [SM] Call stack trace:
L 12/22/2025 - 00:06:21: [SM]   [0] PrintToChat
L 12/22/2025 - 00:06:21: [SM]   [1] Line 953, d:\Github\Private-Work\L4D2-Êèí‰ª∂\scripting_1.11\l4dmultislots.sp::Timer_SpecCheck
L 12/22/2025 - 00:06:29: [SM] Exception reported: Invalid convar handle 0 (error 4)
L 12/22/2025 - 00:06:29: [SM] Blaming: ÒankrunFixhealth.smx
L 12/22/2025 - 00:06:29: [SM] Call stack trace:
L 12/22/2025 - 00:06:29: [SM]   [0] GetConVarString
L 12/22/2025 - 00:06:29: [SM]   [1] Line 138, C:\Users\Moises\Downloads\Compressed\sourcemod-1.11.0-git6968-windows\addons\sourcemod\scripting\ÒankrunFixhealth.sp::IsTankRunActive
L 12/22/2025 - 00:06:29: [SM]   [2] Line 36, C:\Users\Moises\Downloads\Compressed\sourcemod-1.11.0-git6968-windows\addons\sourcemod\scripting\ÒankrunFixhealth.sp::Timer_PeriodicCheck
L 12/22/2025 - 00:06:30: [SM] Exception reported: Invalid convar handle 0 (error 4)
L 12/22/2025 - 00:06:30: [SM] Blaming: ÒankrunFixhealth.smx
L 12/22/2025 - 00:06:30: [SM] Call stack trace:
L 12/22/2025 - 00:06:30: [SM]   [0] GetConVarString
L 12/22/2025 - 00:06:30: [SM]   [1] Line 138, C:\Users\Moises\Downloads\Compressed\sourcemod-1.11.0-git6968-windows\addons\sourcemod\scripting\ÒankrunFixhealth.sp::IsTankRunActive
L 12/22/2025 - 00:06:30: [SM]   [2] Line 79, C:\Users\Moises\Downloads\Compressed\sourcemod-1.11.0-git6968-windows\addons\sourcemod\scripting\ÒankrunFixhealth.sp::Event_PlayerDeath
L 12/22/2025 - 00:06:35: [SM] Exception reported: Invalid timer handle cb1003b7 (error 1)
L 12/22/2025 - 00:06:35: [SM] Blaming: l4d2_playerjoining_v2.smx
L 12/22/2025 - 00:06:35: [SM] Call stack trace:
L 12/22/2025 - 00:06:35: [SM]   [0] KillTimer
L 12/22/2025 - 00:06:35: [SM]   [1] Line 53, C:\Users\Moises\Downloads\Compressed\sourcemod-1.11.0-git6968-windows\addons\sourcemod\scripting\l4d2_playerjoining_v2.sp::OnClientDisconnect
L 12/22/2025 - 00:06:35: [SM] Exception reported: Invalid timer handle a4b00477 (error 1)
L 12/22/2025 - 00:06:35: [SM] Blaming: l4d2_playerjoining_v2.smx
L 12/22/2025 - 00:06:35: [SM] Call stack trace:
L 12/22/2025 - 00:06:35: [SM]   [0] KillTimer
L 12/22/2025 - 00:06:35: [SM]   [1] Line 53, C:\Users\Moises\Downloads\Compressed\sourcemod-1.11.0-git6968-windows\addons\sourcemod\scripting\l4d2_playerjoining_v2.sp::OnClientDisconnect
L 12/22/2025 - 00:06:35: [SM] Exception reported: Invalid timer handle e2700491 (error 3)
L 12/22/2025 - 00:06:35: [SM] Blaming: l4d2_playerjoining_v2.smx
L 12/22/2025 - 00:06:35: [SM] Call stack trace:
L 12/22/2025 - 00:06:35: [SM]   [0] KillTimer
L 12/22/2025 - 00:06:35: [SM]   [1] Line 53, C:\Users\Moises\Downloads\Compressed\sourcemod-1.11.0-git6968-windows\addons\sourcemod\scripting\l4d2_playerjoining_v2.sp::OnClientDisconnect
L 12/22/2025 - 00:06:35: [SM] Exception reported: Invalid timer handle 12400485 (error 1)
L 12/22/2025 - 00:06:35: [SM] Blaming: l4d2_playerjoining_v2.smx
L 12/22/2025 - 00:06:35: [SM] Call stack trace:
L 12/22/2025 - 00:06:35: [SM]   [0] KillTimer
L 12/22/2025 - 00:06:35: [SM]   [1] Line 53, C:\Users\Moises\Downloads\Compressed\sourcemod-1.11.0-git6968-windows\addons\sourcemod\scripting\l4d2_playerjoining_v2.sp::OnClientDisconnect
L 12/22/2025 - 00:06:35: [SM] Exception reported: Invalid timer handle a4d0047e (error 1)
L 12/22/2025 - 00:06:35: [SM] Blaming: l4d2_playerjoining_v2.smx
L 12/22/2025 - 00:06:35: [SM] Call stack trace:
L 12/22/2025 - 00:06:35: [SM]   [0] KillTimer
L 12/22/2025 - 00:06:35: [SM]   [1] Line 53, C:\Users\Moises\Downloads\Compressed\sourcemod-1.11.0-git6968-windows\addons\sourcemod\scripting\l4d2_playerjoining_v2.sp::OnClientDisconnect
L 12/22/2025 - 00:06:35: [SM] Exception reported: Invalid timer handle 8380049c (error 3)
L 12/22/2025 - 00:06:35: [SM] Blaming: l4d2_playerjoining_v2.smx
L 12/22/2025 - 00:06:35: [SM] Call stack trace:
L 12/22/2025 - 00:06:35: [SM]   [0] KillTimer
L 12/22/2025 - 00:06:35: [SM]   [1] Line 53, C:\Users\Moises\Downloads\Compressed\sourcemod-1.11.0-git6968-windows\addons\sourcemod\scripting\l4d2_playerjoining_v2.sp::OnClientDisconnect
L 12/22/2025 - 00:06:35: [SM] Exception reported: Invalid timer handle df5004bd (error 3)
L 12/22/2025 - 00:06:35: [SM] Blaming: l4d2_playerjoining_v2.smx
L 12/22/2025 - 00:06:35: [SM] Call stack trace:
L 12/22/2025 - 00:06:35: [SM]   [0] KillTimer
L 12/22/2025 - 00:06:35: [SM]   [1] Line 53, C:\Users\Moises\Downloads\Compressed\sourcemod-1.11.0-git6968-windows\addons\sourcemod\scripting\l4d2_playerjoining_v2.sp::OnClientDisconnect
L 12/22/2025 - 00:06:38: Error log file session closed.
