L 06/23/2026 - 22:48:44: SourceMod error session started
L 06/23/2026 - 22:48:44: Info (map "Glubtastic2_1") (file "d:\steamlibrary\steamapps\common\left 4 dead 2\left4dead2\addons\sourcemod\logs\errors_20260623.log")
L 06/23/2026 - 22:48:44: [SM] Failed to load plugin "cannounce.smx": Get a dedicated server. This plugin does not work on Listen servers..
L 06/23/2026 - 22:48:44: [SM] Failed to load plugin "LMCL4D1CDeathHandler.smx": Plugin only supports Left 4 Dead.
L 06/23/2026 - 22:48:44: [SM] Failed to load plugin "LMCL4D1SetTransmit.smx": Plugin only supports Left 4 Dead.
L 06/23/2026 - 22:48:44: [SM] Failed to load plugin "LMC_L4D1_Menu_Choosing.smx": Plugin only supports Left 4 Dead.
L 06/23/2026 - 22:48:44: [SM] Failed to load plugin "LMC_L4D1_RandomSpawns.smx": Plugin only supports Left 4 Dead.
L 06/23/2026 - 22:48:44: [SM] Failed to load plugin "nextmap.smx": Nextmap is incompatible with this game.
L 06/23/2026 - 22:48:44: [SM] Failed to load plugin "[L4D2] Left4dhooks.smx": 
====================
This plugin replaces Left4Downtown. Delete the extension to run.
====================.
L 06/23/2026 - 22:48:44: [SM] Fatal error encountered parsing translation file "l4d_nth.phrases.txt"
L 06/23/2026 - 22:48:44: [SM] Error (line 0, column 0): Stream failed to open
L 06/23/2026 - 22:48:44: [SM] Fatal error encountered parsing translation file "chargersteering.phrases.txt"
L 06/23/2026 - 22:48:44: [SM] Error (line 0, column 0): Stream failed to open
L 06/23/2026 - 22:48:44: [l4d2_publicity.smx] [Publicity] No se encontraron mensajes en el archivo de configuración
L 06/23/2026 - 22:48:44: [SM] Fatal error encountered parsing translation file "l4dmultislots.phrases.txt"
L 06/23/2026 - 22:48:44: [SM] Error (line 0, column 0): Stream failed to open
L 06/23/2026 - 22:48:46: [SM] Unable to load plugin "lilac_by_l4d2.smx": Native "IRC_MsgFlaggedChannels" was not found
L 06/23/2026 - 22:48:54: [l4d2_publicity.smx] [Publicity] No se encontraron mensajes en el archivo de configuración
L 06/23/2026 - 22:49:12: [SM] Exception reported: Language phrase "Impossible to generate a bot at the moment." not found (arg 5)
L 06/23/2026 - 22:49:12: [SM] Blaming: l4dmultislots.smx
L 06/23/2026 - 22:49:12: [SM] Call stack trace:
L 06/23/2026 - 22:49:12: [SM]   [0] PrintHintText
L 06/23/2026 - 22:49:12: [SM]   [1] Line 765, d:\Github\Private-Work\L4D2-插件\scripting_1.11\l4dmultislots.sp::JoinTeam_ColdDown
L 06/23/2026 - 22:54:41: Error log file session closed.
L 06/23/2026 - 22:54:41: SourceMod error session started
L 06/23/2026 - 22:54:41: Info (map "Glubtastic2_1") (file "d:\steamlibrary\steamapps\common\left 4 dead 2\left4dead2\addons\sourcemod\logs\errors_20260623.log")
L 06/23/2026 - 22:54:41: [SM] Fatal error encountered parsing translation file "l4d_nth.phrases.txt"
L 06/23/2026 - 22:54:41: [SM] Error (line 0, column 0): Stream failed to open
L 06/23/2026 - 22:54:41: [SM] Fatal error encountered parsing translation file "chargersteering.phrases.txt"
L 06/23/2026 - 22:54:41: [SM] Error (line 0, column 0): Stream failed to open
L 06/23/2026 - 22:54:41: [SM] Fatal error encountered parsing translation file "l4dmultislots.phrases.txt"
L 06/23/2026 - 22:54:41: [SM] Error (line 0, column 0): Stream failed to open
L 06/23/2026 - 22:54:43: [l4d2_publicity.smx] [Publicity] No se encontraron mensajes en el archivo de configuración
L 06/23/2026 - 22:54:58: [SM] Exception reported: Language phrase "Impossible to generate a bot at the moment." not found (arg 5)
L 06/23/2026 - 22:54:58: [SM] Blaming: l4dmultislots.smx
L 06/23/2026 - 22:54:58: [SM] Call stack trace:
L 06/23/2026 - 22:54:58: [SM]   [0] PrintHintText
L 06/23/2026 - 22:54:58: [SM]   [1] Line 765, d:\Github\Private-Work\L4D2-插件\scripting_1.11\l4dmultislots.sp::JoinTeam_ColdDown
L 06/23/2026 - 22:56:14: [SM] Exception reported: Invalid timer handle a8a00500 (error 1)
L 06/23/2026 - 22:56:14: [SM] Blaming: l4d2_playerjoining_v2.smx
L 06/23/2026 - 22:56:14: [SM] Call stack trace:
L 06/23/2026 - 22:56:14: [SM]   [0] KillTimer
L 06/23/2026 - 22:56:14: [SM]   [1] Line 53, C:\Users\Moises\Downloads\Compressed\sourcemod-1.11.0-git6968-windows\addons\sourcemod\scripting\l4d2_playerjoining_v2.sp::OnClientDisconnect
L 06/23/2026 - 22:56:24: [SM] Exception reported: Invalid timer handle a8a00500 (error 1)
L 06/23/2026 - 22:56:24: [SM] Blaming: l4d2_playerjoining_v2.smx
L 06/23/2026 - 22:56:24: [SM] Call stack trace:
L 06/23/2026 - 22:56:24: [SM]   [0] KillTimer
L 06/23/2026 - 22:56:24: [SM]   [1] Line 53, C:\Users\Moises\Downloads\Compressed\sourcemod-1.11.0-git6968-windows\addons\sourcemod\scripting\l4d2_playerjoining_v2.sp::OnClientDisconnect
L 06/23/2026 - 23:02:17: Error log file session closed.
L 06/23/2026 - 23:02:17: SourceMod error session started
L 06/23/2026 - 23:02:17: Info (map "glubtastic4_1") (file "d:\steamlibrary\steamapps\common\left 4 dead 2\left4dead2\addons\sourcemod\logs\errors_20260623.log")
L 06/23/2026 - 23:02:17: [SM] Fatal error encountered parsing translation file "l4d_nth.phrases.txt"
L 06/23/2026 - 23:02:17: [SM] Error (line 0, column 0): Stream failed to open
L 06/23/2026 - 23:02:17: [SM] Fatal error encountered parsing translation file "chargersteering.phrases.txt"
L 06/23/2026 - 23:02:17: [SM] Error (line 0, column 0): Stream failed to open
L 06/23/2026 - 23:02:17: [SM] Fatal error encountered parsing translation file "l4dmultislots.phrases.txt"
L 06/23/2026 - 23:02:17: [SM] Error (line 0, column 0): Stream failed to open
L 06/23/2026 - 23:02:20: [l4d2_publicity.smx] [Publicity] No se encontraron mensajes en el archivo de configuración
L 06/23/2026 - 23:14:05: Error log file session closed.
L 06/23/2026 - 23:14:05: SourceMod error session started
L 06/23/2026 - 23:14:05: Info (map "glubtastic4_2") (file "d:\steamlibrary\steamapps\common\left 4 dead 2\left4dead2\addons\sourcemod\logs\errors_20260623.log")
L 06/23/2026 - 23:14:05: [SM] Fatal error encountered parsing translation file "l4d_nth.phrases.txt"
L 06/23/2026 - 23:14:05: [SM] Error (line 0, column 0): Stream failed to open
L 06/23/2026 - 23:14:05: [SM] Fatal error encountered parsing translation file "chargersteering.phrases.txt"
L 06/23/2026 - 23:14:05: [SM] Error (line 0, column 0): Stream failed to open
L 06/23/2026 - 23:14:05: [SM] Fatal error encountered parsing translation file "l4dmultislots.phrases.txt"
L 06/23/2026 - 23:14:05: [SM] Error (line 0, column 0): Stream failed to open
L 06/23/2026 - 23:14:08: [l4d2_publicity.smx] [Publicity] No se encontraron mensajes en el archivo de configuración
L 06/23/2026 - 23:14:41: [SM] Exception reported: Language phrase "Please wait to be revived or rescued" not found (arg 6)
L 06/23/2026 - 23:14:41: [SM] Blaming: l4dmultislots.smx
L 06/23/2026 - 23:14:41: [SM] Call stack trace:
L 06/23/2026 - 23:14:41: [SM]   [0] PrintToChat
L 06/23/2026 - 23:14:41: [SM]   [1] Line 953, d:\Github\Private-Work\L4D2-插件\scripting_1.11\l4dmultislots.sp::Timer_SpecCheck
L 06/23/2026 - 23:15:06: [SM] Exception reported: Language phrase "Please wait to be revived or rescued" not found (arg 6)
L 06/23/2026 - 23:15:06: [SM] Blaming: l4dmultislots.smx
L 06/23/2026 - 23:15:06: [SM] Call stack trace:
L 06/23/2026 - 23:15:06: [SM]   [0] PrintToChat
L 06/23/2026 - 23:15:06: [SM]   [1] Line 953, d:\Github\Private-Work\L4D2-插件\scripting_1.11\l4dmultislots.sp::Timer_SpecCheck
L 06/23/2026 - 23:15:35: [SM] Exception reported: Invalid timer handle a8a00500 (error 1)
L 06/23/2026 - 23:15:35: [SM] Blaming: l4d2_playerjoining_v2.smx
L 06/23/2026 - 23:15:35: [SM] Call stack trace:
L 06/23/2026 - 23:15:35: [SM]   [0] KillTimer
L 06/23/2026 - 23:15:35: [SM]   [1] Line 53, C:\Users\Moises\Downloads\Compressed\sourcemod-1.11.0-git6968-windows\addons\sourcemod\scripting\l4d2_playerjoining_v2.sp::OnClientDisconnect
L 06/23/2026 - 23:16:20: [SM] Exception reported: Language phrase "Impossible to generate a bot at the moment." not found (arg 5)
L 06/23/2026 - 23:16:20: [SM] Blaming: l4dmultislots.smx
L 06/23/2026 - 23:16:20: [SM] Call stack trace:
L 06/23/2026 - 23:16:20: [SM]   [0] PrintHintText
L 06/23/2026 - 23:16:20: [SM]   [1] Line 765, d:\Github\Private-Work\L4D2-插件\scripting_1.11\l4dmultislots.sp::JoinTeam_ColdDown
L 06/23/2026 - 23:16:23: [SM] Exception reported: Language phrase "Impossible to generate a bot at the moment." not found (arg 5)
L 06/23/2026 - 23:16:23: [SM] Blaming: l4dmultislots.smx
L 06/23/2026 - 23:16:23: [SM] Call stack trace:
L 06/23/2026 - 23:16:23: [SM]   [0] PrintHintText
L 06/23/2026 - 23:16:23: [SM]   [1] Line 765, d:\Github\Private-Work\L4D2-插件\scripting_1.11\l4dmultislots.sp::JoinTeam_ColdDown
L 06/23/2026 - 23:16:25: [SM] Exception reported: Language phrase "Type in chat !join To join the survivors" not found (arg 6)
L 06/23/2026 - 23:16:25: [SM] Blaming: l4dmultislots.smx
L 06/23/2026 - 23:16:25: [SM] Call stack trace:
L 06/23/2026 - 23:16:25: [SM]   [0] VFormat
L 06/23/2026 - 23:16:25: [SM]   [1] Line 71, D:\Github\Private-Work\L4D2-插件\scripting_1.11\include\multicolors.inc::CPrintToChat
L 06/23/2026 - 23:16:25: [SM]   [2] Line 938, d:\Github\Private-Work\L4D2-插件\scripting_1.11\l4dmultislots.sp::Timer_SpecCheck
L 06/23/2026 - 23:16:27: [SM] Exception reported: Language phrase "Impossible to generate a bot at the moment." not found (arg 5)
L 06/23/2026 - 23:16:27: [SM] Blaming: l4dmultislots.smx
L 06/23/2026 - 23:16:27: [SM] Call stack trace:
L 06/23/2026 - 23:16:27: [SM]   [0] PrintHintText
L 06/23/2026 - 23:16:27: [SM]   [1] Line 765, d:\Github\Private-Work\L4D2-插件\scripting_1.11\l4dmultislots.sp::JoinTeam_ColdDown
L 06/23/2026 - 23:16:30: [SM] Exception reported: Language phrase "Impossible to generate a bot at the moment." not found (arg 5)
L 06/23/2026 - 23:16:30: [SM] Blaming: l4dmultislots.smx
L 06/23/2026 - 23:16:30: [SM] Call stack trace:
L 06/23/2026 - 23:16:30: [SM]   [0] PrintHintText
L 06/23/2026 - 23:16:30: [SM]   [1] Line 765, d:\Github\Private-Work\L4D2-插件\scripting_1.11\l4dmultislots.sp::JoinTeam_ColdDown
L 06/23/2026 - 23:16:34: [SM] Exception reported: Language phrase "Impossible to generate a bot at the moment." not found (arg 5)
L 06/23/2026 - 23:16:34: [SM] Blaming: l4dmultislots.smx
L 06/23/2026 - 23:16:34: [SM] Call stack trace:
L 06/23/2026 - 23:16:34: [SM]   [0] PrintHintText
L 06/23/2026 - 23:16:34: [SM]   [1] Line 765, d:\Github\Private-Work\L4D2-插件\scripting_1.11\l4dmultislots.sp::JoinTeam_ColdDown
L 06/23/2026 - 23:16:34: [SM] Exception reported: Invalid timer handle a8a00500 (error 1)
L 06/23/2026 - 23:16:34: [SM] Blaming: l4d2_playerjoining_v2.smx
L 06/23/2026 - 23:16:34: [SM] Call stack trace:
L 06/23/2026 - 23:16:34: [SM]   [0] KillTimer
L 06/23/2026 - 23:16:34: [SM]   [1] Line 53, C:\Users\Moises\Downloads\Compressed\sourcemod-1.11.0-git6968-windows\addons\sourcemod\scripting\l4d2_playerjoining_v2.sp::OnClientDisconnect
L 06/23/2026 - 23:17:15: [SM] Exception reported: Language phrase "Please wait to be revived or rescued" not found (arg 6)
L 06/23/2026 - 23:17:15: [SM] Blaming: l4dmultislots.smx
L 06/23/2026 - 23:17:15: [SM] Call stack trace:
L 06/23/2026 - 23:17:15: [SM]   [0] PrintToChat
L 06/23/2026 - 23:17:15: [SM]   [1] Line 953, d:\Github\Private-Work\L4D2-插件\scripting_1.11\l4dmultislots.sp::Timer_SpecCheck
L 06/23/2026 - 23:17:21: [SM] Exception reported: Invalid timer handle a8a00500 (error 1)
L 06/23/2026 - 23:17:21: [SM] Blaming: l4d2_playerjoining_v2.smx
L 06/23/2026 - 23:17:21: [SM] Call stack trace:
L 06/23/2026 - 23:17:21: [SM]   [0] KillTimer
L 06/23/2026 - 23:17:21: [SM]   [1] Line 53, C:\Users\Moises\Downloads\Compressed\sourcemod-1.11.0-git6968-windows\addons\sourcemod\scripting\l4d2_playerjoining_v2.sp::OnClientDisconnect
L 06/23/2026 - 23:19:11: [SM] Exception reported: Invalid timer handle a8a00500 (error 3)
L 06/23/2026 - 23:19:11: [SM] Blaming: l4d2_playerjoining_v2.smx
L 06/23/2026 - 23:19:11: [SM] Call stack trace:
L 06/23/2026 - 23:19:11: [SM]   [0] KillTimer
L 06/23/2026 - 23:19:11: [SM]   [1] Line 53, C:\Users\Moises\Downloads\Compressed\sourcemod-1.11.0-git6968-windows\addons\sourcemod\scripting\l4d2_playerjoining_v2.sp::OnClientDisconnect
L 06/23/2026 - 23:20:01: [SM] Exception reported: Invalid timer handle a8a00500 (error 3)
L 06/23/2026 - 23:20:01: [SM] Blaming: l4d2_playerjoining_v2.smx
L 06/23/2026 - 23:20:01: [SM] Call stack trace:
L 06/23/2026 - 23:20:01: [SM]   [0] KillTimer
L 06/23/2026 - 23:20:01: [SM]   [1] Line 53, C:\Users\Moises\Downloads\Compressed\sourcemod-1.11.0-git6968-windows\addons\sourcemod\scripting\l4d2_playerjoining_v2.sp::OnClientDisconnect
L 06/23/2026 - 23:20:22: [SM] Exception reported: Invalid timer handle a8a00500 (error 3)
L 06/23/2026 - 23:20:22: [SM] Blaming: l4d2_playerjoining_v2.smx
L 06/23/2026 - 23:20:22: [SM] Call stack trace:
L 06/23/2026 - 23:20:22: [SM]   [0] KillTimer
L 06/23/2026 - 23:20:22: [SM]   [1] Line 53, C:\Users\Moises\Downloads\Compressed\sourcemod-1.11.0-git6968-windows\addons\sourcemod\scripting\l4d2_playerjoining_v2.sp::OnClientDisconnect
L 06/23/2026 - 23:20:46: [SM] Exception reported: Language phrase "Please wait to be revived or rescued" not found (arg 6)
L 06/23/2026 - 23:20:46: [SM] Blaming: l4dmultislots.smx
L 06/23/2026 - 23:20:46: [SM] Call stack trace:
L 06/23/2026 - 23:20:46: [SM]   [0] PrintToChat
L 06/23/2026 - 23:20:46: [SM]   [1] Line 953, d:\Github\Private-Work\L4D2-插件\scripting_1.11\l4dmultislots.sp::Timer_SpecCheck
L 06/23/2026 - 23:21:11: [SM] Exception reported: Language phrase "Please wait to be revived or rescued" not found (arg 6)
L 06/23/2026 - 23:21:11: [SM] Blaming: l4dmultislots.smx
L 06/23/2026 - 23:21:11: [SM] Call stack trace:
L 06/23/2026 - 23:21:11: [SM]   [0] PrintToChat
L 06/23/2026 - 23:21:11: [SM]   [1] Line 953, d:\Github\Private-Work\L4D2-插件\scripting_1.11\l4dmultislots.sp::Timer_SpecCheck
L 06/23/2026 - 23:21:36: [SM] Exception reported: Language phrase "Please wait to be revived or rescued" not found (arg 6)
L 06/23/2026 - 23:21:36: [SM] Blaming: l4dmultislots.smx
L 06/23/2026 - 23:21:36: [SM] Call stack trace:
L 06/23/2026 - 23:21:36: [SM]   [0] PrintToChat
L 06/23/2026 - 23:21:36: [SM]   [1] Line 953, d:\Github\Private-Work\L4D2-插件\scripting_1.11\l4dmultislots.sp::Timer_SpecCheck
L 06/23/2026 - 23:22:12: [SM] Exception reported: Invalid timer handle a8a00500 (error 3)
L 06/23/2026 - 23:22:12: [SM] Blaming: l4d2_playerjoining_v2.smx
L 06/23/2026 - 23:22:12: [SM] Call stack trace:
L 06/23/2026 - 23:22:12: [SM]   [0] KillTimer
L 06/23/2026 - 23:22:12: [SM]   [1] Line 53, C:\Users\Moises\Downloads\Compressed\sourcemod-1.11.0-git6968-windows\addons\sourcemod\scripting\l4d2_playerjoining_v2.sp::OnClientDisconnect
L 06/23/2026 - 23:23:53: [SM] Exception reported: Invalid timer handle a8a00500 (error 3)
L 06/23/2026 - 23:23:53: [SM] Blaming: l4d2_playerjoining_v2.smx
L 06/23/2026 - 23:23:53: [SM] Call stack trace:
L 06/23/2026 - 23:23:53: [SM]   [0] KillTimer
L 06/23/2026 - 23:23:53: [SM]   [1] Line 53, C:\Users\Moises\Downloads\Compressed\sourcemod-1.11.0-git6968-windows\addons\sourcemod\scripting\l4d2_playerjoining_v2.sp::OnClientDisconnect
L 06/23/2026 - 23:24:11: [SM] Exception reported: Invalid timer handle a8a00500 (error 1)
L 06/23/2026 - 23:24:11: [SM] Blaming: l4d2_playerjoining_v2.smx
L 06/23/2026 - 23:24:11: [SM] Call stack trace:
L 06/23/2026 - 23:24:11: [SM]   [0] KillTimer
L 06/23/2026 - 23:24:11: [SM]   [1] Line 53, C:\Users\Moises\Downloads\Compressed\sourcemod-1.11.0-git6968-windows\addons\sourcemod\scripting\l4d2_playerjoining_v2.sp::OnClientDisconnect
L 06/23/2026 - 23:25:01: [SM] Exception reported: Language phrase "Please wait to be revived or rescued" not found (arg 6)
L 06/23/2026 - 23:25:01: [SM] Blaming: l4dmultislots.smx
L 06/23/2026 - 23:25:01: [SM] Call stack trace:
L 06/23/2026 - 23:25:01: [SM]   [0] PrintToChat
L 06/23/2026 - 23:25:01: [SM]   [1] Line 953, d:\Github\Private-Work\L4D2-插件\scripting_1.11\l4dmultislots.sp::Timer_SpecCheck
L 06/23/2026 - 23:25:11: [SM] Exception reported: Invalid timer handle a8a00500 (error 3)
L 06/23/2026 - 23:25:11: [SM] Blaming: l4d2_playerjoining_v2.smx
L 06/23/2026 - 23:25:11: [SM] Call stack trace:
L 06/23/2026 - 23:25:11: [SM]   [0] KillTimer
L 06/23/2026 - 23:25:11: [SM]   [1] Line 53, C:\Users\Moises\Downloads\Compressed\sourcemod-1.11.0-git6968-windows\addons\sourcemod\scripting\l4d2_playerjoining_v2.sp::OnClientDisconnect
L 06/23/2026 - 23:25:26: [SM] Exception reported: Language phrase "Please wait to be revived or rescued" not found (arg 6)
L 06/23/2026 - 23:25:26: [SM] Blaming: l4dmultislots.smx
L 06/23/2026 - 23:25:26: [SM] Call stack trace:
L 06/23/2026 - 23:25:26: [SM]   [0] PrintToChat
L 06/23/2026 - 23:25:26: [SM]   [1] Line 953, d:\Github\Private-Work\L4D2-插件\scripting_1.11\l4dmultislots.sp::Timer_SpecCheck
L 06/23/2026 - 23:25:43: [SM] Exception reported: Invalid timer handle a8a00500 (error 3)
L 06/23/2026 - 23:25:43: [SM] Blaming: l4d2_playerjoining_v2.smx
L 06/23/2026 - 23:25:43: [SM] Call stack trace:
L 06/23/2026 - 23:25:43: [SM]   [0] KillTimer
L 06/23/2026 - 23:25:43: [SM]   [1] Line 53, C:\Users\Moises\Downloads\Compressed\sourcemod-1.11.0-git6968-windows\addons\sourcemod\scripting\l4d2_playerjoining_v2.sp::OnClientDisconnect
L 06/23/2026 - 23:25:51: [SM] Exception reported: Language phrase "Please wait to be revived or rescued" not found (arg 6)
L 06/23/2026 - 23:25:51: [SM] Blaming: l4dmultislots.smx
L 06/23/2026 - 23:25:51: [SM] Call stack trace:
L 06/23/2026 - 23:25:51: [SM]   [0] PrintToChat
L 06/23/2026 - 23:25:51: [SM]   [1] Line 953, d:\Github\Private-Work\L4D2-插件\scripting_1.11\l4dmultislots.sp::Timer_SpecCheck
L 06/23/2026 - 23:26:25: Error log file session closed.
L 06/23/2026 - 23:26:25: SourceMod error session started
L 06/23/2026 - 23:26:25: Info (map "glubtastic4_3") (file "d:\steamlibrary\steamapps\common\left 4 dead 2\left4dead2\addons\sourcemod\logs\errors_20260623.log")
L 06/23/2026 - 23:26:25: [SM] Fatal error encountered parsing translation file "l4d_nth.phrases.txt"
L 06/23/2026 - 23:26:25: [SM] Error (line 0, column 0): Stream failed to open
L 06/23/2026 - 23:26:25: [SM] Fatal error encountered parsing translation file "chargersteering.phrases.txt"
L 06/23/2026 - 23:26:25: [SM] Error (line 0, column 0): Stream failed to open
L 06/23/2026 - 23:26:25: [SM] Fatal error encountered parsing translation file "l4dmultislots.phrases.txt"
L 06/23/2026 - 23:26:25: [SM] Error (line 0, column 0): Stream failed to open
L 06/23/2026 - 23:26:27: [l4d2_publicity.smx] [Publicity] No se encontraron mensajes en el archivo de configuración
L 06/23/2026 - 23:27:00: [SM] Exception reported: Language phrase "Type in chat !join To join the survivors" not found (arg 6)
L 06/23/2026 - 23:27:00: [SM] Blaming: l4dmultislots.smx
L 06/23/2026 - 23:27:00: [SM] Call stack trace:
L 06/23/2026 - 23:27:00: [SM]   [0] VFormat
L 06/23/2026 - 23:27:00: [SM]   [1] Line 71, D:\Github\Private-Work\L4D2-插件\scripting_1.11\include\multicolors.inc::CPrintToChat
L 06/23/2026 - 23:27:00: [SM]   [2] Line 938, d:\Github\Private-Work\L4D2-插件\scripting_1.11\l4dmultislots.sp::Timer_SpecCheck
L 06/23/2026 - 23:27:25: [SM] Exception reported: Language phrase "Type in chat !join To join the survivors" not found (arg 6)
L 06/23/2026 - 23:27:25: [SM] Blaming: l4dmultislots.smx
L 06/23/2026 - 23:27:25: [SM] Call stack trace:
L 06/23/2026 - 23:27:25: [SM]   [0] VFormat
L 06/23/2026 - 23:27:25: [SM]   [1] Line 71, D:\Github\Private-Work\L4D2-插件\scripting_1.11\include\multicolors.inc::CPrintToChat
L 06/23/2026 - 23:27:25: [SM]   [2] Line 938, d:\Github\Private-Work\L4D2-插件\scripting_1.11\l4dmultislots.sp::Timer_SpecCheck
L 06/23/2026 - 23:27:50: [SM] Exception reported: Language phrase "Type in chat !join To join the survivors" not found (arg 6)
L 06/23/2026 - 23:27:50: [SM] Blaming: l4dmultislots.smx
L 06/23/2026 - 23:27:50: [SM] Call stack trace:
L 06/23/2026 - 23:27:50: [SM]   [0] VFormat
L 06/23/2026 - 23:27:50: [SM]   [1] Line 71, D:\Github\Private-Work\L4D2-插件\scripting_1.11\include\multicolors.inc::CPrintToChat
L 06/23/2026 - 23:27:50: [SM]   [2] Line 938, d:\Github\Private-Work\L4D2-插件\scripting_1.11\l4dmultislots.sp::Timer_SpecCheck
L 06/23/2026 - 23:28:08: [SM] Exception reported: Invalid Handle 0 (error 4)
L 06/23/2026 - 23:28:08: [SM] Blaming: l4dafkfix.smx
L 06/23/2026 - 23:28:08: [SM] Call stack trace:
L 06/23/2026 - 23:28:08: [SM]   [0] SDKCall
L 06/23/2026 - 23:28:08: [SM]   [1] Line 235, /home/forums/content/files/4/8/2/4/5/73422.attach::TakeOverBot
L 06/23/2026 - 23:28:08: [SM]   [2] Line 148, /home/forums/content/files/4/8/2/4/5/73422.attach::Event_PlayerDeath
L 06/23/2026 - 23:28:15: [SM] Exception reported: Language phrase "Please wait to be revived or rescued" not found (arg 6)
L 06/23/2026 - 23:28:15: [SM] Blaming: l4dmultislots.smx
L 06/23/2026 - 23:28:15: [SM] Call stack trace:
L 06/23/2026 - 23:28:15: [SM]   [0] PrintToChat
L 06/23/2026 - 23:28:15: [SM]   [1] Line 953, d:\Github\Private-Work\L4D2-插件\scripting_1.11\l4dmultislots.sp::Timer_SpecCheck
L 06/23/2026 - 23:28:40: [SM] Exception reported: Language phrase "Please wait to be revived or rescued" not found (arg 6)
L 06/23/2026 - 23:28:40: [SM] Blaming: l4dmultislots.smx
L 06/23/2026 - 23:28:40: [SM] Call stack trace:
L 06/23/2026 - 23:28:40: [SM]   [0] PrintToChat
L 06/23/2026 - 23:28:40: [SM]   [1] Line 953, d:\Github\Private-Work\L4D2-插件\scripting_1.11\l4dmultislots.sp::Timer_SpecCheck
L 06/23/2026 - 23:29:05: [SM] Exception reported: Language phrase "Please wait to be revived or rescued" not found (arg 6)
L 06/23/2026 - 23:29:05: [SM] Blaming: l4dmultislots.smx
L 06/23/2026 - 23:29:05: [SM] Call stack trace:
L 06/23/2026 - 23:29:05: [SM]   [0] PrintToChat
L 06/23/2026 - 23:29:05: [SM]   [1] Line 953, d:\Github\Private-Work\L4D2-插件\scripting_1.11\l4dmultislots.sp::Timer_SpecCheck
L 06/23/2026 - 23:29:30: [SM] Exception reported: Language phrase "Please wait to be revived or rescued" not found (arg 6)
L 06/23/2026 - 23:29:30: [SM] Blaming: l4dmultislots.smx
L 06/23/2026 - 23:29:30: [SM] Call stack trace:
L 06/23/2026 - 23:29:30: [SM]   [0] PrintToChat
L 06/23/2026 - 23:29:30: [SM]   [1] Line 953, d:\Github\Private-Work\L4D2-插件\scripting_1.11\l4dmultislots.sp::Timer_SpecCheck
L 06/23/2026 - 23:29:41: [SM] Exception reported: Language phrase "No Any Dead Survivor" not found (arg 6)
L 06/23/2026 - 23:29:41: [SM] Blaming: l4d_sm_respawn.smx
L 06/23/2026 - 23:29:41: [SM] Call stack trace:
L 06/23/2026 - 23:29:41: [SM]   [0] FormatEx
L 06/23/2026 - 23:29:41: [SM]   [1] Line 202, d:\Github\Private-Work\L4D2-插件\scripting_1.11\l4d_sm_respawn.sp::MenuClientsToSpawn
L 06/23/2026 - 23:29:41: [SM]   [2] Line 239, d:\Github\Private-Work\L4D2-插件\scripting_1.11\l4d_sm_respawn.sp::MenuHandler_MenuList
L 06/23/2026 - 23:29:49: [SM] Exception reported: Invalid timer handle 8d00050e (error 3)
L 06/23/2026 - 23:29:49: [SM] Blaming: l4d2_playerjoining_v2.smx
L 06/23/2026 - 23:29:49: [SM] Call stack trace:
L 06/23/2026 - 23:29:49: [SM]   [0] KillTimer
L 06/23/2026 - 23:29:49: [SM]   [1] Line 53, C:\Users\Moises\Downloads\Compressed\sourcemod-1.11.0-git6968-windows\addons\sourcemod\scripting\l4d2_playerjoining_v2.sp::OnClientDisconnect
L 06/23/2026 - 23:30:28: [SM] Exception reported: Invalid timer handle 670053a (error 3)
L 06/23/2026 - 23:30:28: [SM] Blaming: l4d2_playerjoining_v2.smx
L 06/23/2026 - 23:30:28: [SM] Call stack trace:
L 06/23/2026 - 23:30:28: [SM]   [0] KillTimer
L 06/23/2026 - 23:30:28: [SM]   [1] Line 53, C:\Users\Moises\Downloads\Compressed\sourcemod-1.11.0-git6968-windows\addons\sourcemod\scripting\l4d2_playerjoining_v2.sp::OnClientDisconnect
L 06/23/2026 - 23:31:07: [SM] Exception reported: Invalid Handle 0 (error 4)
L 06/23/2026 - 23:31:07: [SM] Blaming: l4dafkfix.smx
L 06/23/2026 - 23:31:07: [SM] Call stack trace:
L 06/23/2026 - 23:31:07: [SM]   [0] SDKCall
L 06/23/2026 - 23:31:07: [SM]   [1] Line 235, /home/forums/content/files/4/8/2/4/5/73422.attach::TakeOverBot
L 06/23/2026 - 23:31:07: [SM]   [2] Line 148, /home/forums/content/files/4/8/2/4/5/73422.attach::Event_PlayerDeath
L 06/23/2026 - 23:31:10: [SM] Exception reported: Language phrase "Type in chat !join To join the survivors" not found (arg 6)
L 06/23/2026 - 23:31:10: [SM] Blaming: l4dmultislots.smx
L 06/23/2026 - 23:31:10: [SM] Call stack trace:
L 06/23/2026 - 23:31:10: [SM]   [0] VFormat
L 06/23/2026 - 23:31:10: [SM]   [1] Line 71, D:\Github\Private-Work\L4D2-插件\scripting_1.11\include\multicolors.inc::CPrintToChat
L 06/23/2026 - 23:31:10: [SM]   [2] Line 938, d:\Github\Private-Work\L4D2-插件\scripting_1.11\l4dmultislots.sp::Timer_SpecCheck
L 06/23/2026 - 23:31:10: [SM] Exception reported: Invalid Handle 0 (error 4)
L 06/23/2026 - 23:31:10: [SM] Blaming: l4dafkfix.smx
L 06/23/2026 - 23:31:10: [SM] Call stack trace:
L 06/23/2026 - 23:31:10: [SM]   [0] SDKCall
L 06/23/2026 - 23:31:10: [SM]   [1] Line 235, /home/forums/content/files/4/8/2/4/5/73422.attach::TakeOverBot
L 06/23/2026 - 23:31:10: [SM]   [2] Line 148, /home/forums/content/files/4/8/2/4/5/73422.attach::Event_PlayerDeath
L 06/23/2026 - 23:31:35: [SM] Exception reported: Language phrase "Please wait to be revived or rescued" not found (arg 6)
L 06/23/2026 - 23:31:35: [SM] Blaming: l4dmultislots.smx
L 06/23/2026 - 23:31:35: [SM] Call stack trace:
L 06/23/2026 - 23:31:35: [SM]   [0] PrintToChat
L 06/23/2026 - 23:31:35: [SM]   [1] Line 953, d:\Github\Private-Work\L4D2-插件\scripting_1.11\l4dmultislots.sp::Timer_SpecCheck
L 06/23/2026 - 23:31:52: [SM] Exception reported: Invalid Handle 0 (error 4)
L 06/23/2026 - 23:31:52: [SM] Blaming: l4dafkfix.smx
L 06/23/2026 - 23:31:52: [SM] Call stack trace:
L 06/23/2026 - 23:31:52: [SM]   [0] SDKCall
L 06/23/2026 - 23:31:52: [SM]   [1] Line 235, /home/forums/content/files/4/8/2/4/5/73422.attach::TakeOverBot
L 06/23/2026 - 23:31:52: [SM]   [2] Line 148, /home/forums/content/files/4/8/2/4/5/73422.attach::Event_PlayerDeath
L 06/23/2026 - 23:32:00: [SM] Exception reported: Language phrase "Type in chat !join To join the survivors" not found (arg 6)
L 06/23/2026 - 23:32:00: [SM] Blaming: l4dmultislots.smx
L 06/23/2026 - 23:32:00: [SM] Call stack trace:
L 06/23/2026 - 23:32:00: [SM]   [0] VFormat
L 06/23/2026 - 23:32:00: [SM]   [1] Line 71, D:\Github\Private-Work\L4D2-插件\scripting_1.11\include\multicolors.inc::CPrintToChat
L 06/23/2026 - 23:32:00: [SM]   [2] Line 938, d:\Github\Private-Work\L4D2-插件\scripting_1.11\l4dmultislots.sp::Timer_SpecCheck
L 06/23/2026 - 23:32:39: [SM] Exception reported: Language phrase "Please wait to be revived or rescued" not found (arg 6)
L 06/23/2026 - 23:32:39: [SM] Blaming: l4dmultislots.smx
L 06/23/2026 - 23:32:39: [SM] Call stack trace:
L 06/23/2026 - 23:32:39: [SM]   [0] PrintToChat
L 06/23/2026 - 23:32:39: [SM]   [1] Line 953, d:\Github\Private-Work\L4D2-插件\scripting_1.11\l4dmultislots.sp::Timer_SpecCheck
L 06/23/2026 - 23:33:04: [SM] Exception reported: Language phrase "Please wait to be revived or rescued" not found (arg 6)
L 06/23/2026 - 23:33:04: [SM] Blaming: l4dmultislots.smx
L 06/23/2026 - 23:33:04: [SM] Call stack trace:
L 06/23/2026 - 23:33:04: [SM]   [0] PrintToChat
L 06/23/2026 - 23:33:04: [SM]   [1] Line 953, d:\Github\Private-Work\L4D2-插件\scripting_1.11\l4dmultislots.sp::Timer_SpecCheck
L 06/23/2026 - 23:33:29: [SM] Exception reported: Language phrase "Please wait to be revived or rescued" not found (arg 6)
L 06/23/2026 - 23:33:29: [SM] Blaming: l4dmultislots.smx
L 06/23/2026 - 23:33:29: [SM] Call stack trace:
L 06/23/2026 - 23:33:29: [SM]   [0] PrintToChat
L 06/23/2026 - 23:33:29: [SM]   [1] Line 953, d:\Github\Private-Work\L4D2-插件\scripting_1.11\l4dmultislots.sp::Timer_SpecCheck
L 06/23/2026 - 23:33:54: [SM] Exception reported: Language phrase "Please wait to be revived or rescued" not found (arg 6)
L 06/23/2026 - 23:33:54: [SM] Blaming: l4dmultislots.smx
L 06/23/2026 - 23:33:54: [SM] Call stack trace:
L 06/23/2026 - 23:33:54: [SM]   [0] PrintToChat
L 06/23/2026 - 23:33:54: [SM]   [1] Line 953, d:\Github\Private-Work\L4D2-插件\scripting_1.11\l4dmultislots.sp::Timer_SpecCheck
L 06/23/2026 - 23:34:19: [SM] Exception reported: Language phrase "Please wait to be revived or rescued" not found (arg 6)
L 06/23/2026 - 23:34:19: [SM] Blaming: l4dmultislots.smx
L 06/23/2026 - 23:34:19: [SM] Call stack trace:
L 06/23/2026 - 23:34:19: [SM]   [0] PrintToChat
L 06/23/2026 - 23:34:19: [SM]   [1] Line 953, d:\Github\Private-Work\L4D2-插件\scripting_1.11\l4dmultislots.sp::Timer_SpecCheck
L 06/23/2026 - 23:35:17: [SM] Exception reported: Language phrase "Please wait to be revived or rescued" not found (arg 6)
L 06/23/2026 - 23:35:17: [SM] Blaming: l4dmultislots.smx
L 06/23/2026 - 23:35:17: [SM] Call stack trace:
L 06/23/2026 - 23:35:17: [SM]   [0] PrintToChat
L 06/23/2026 - 23:35:17: [SM]   [1] Line 953, d:\Github\Private-Work\L4D2-插件\scripting_1.11\l4dmultislots.sp::Timer_SpecCheck
L 06/23/2026 - 23:35:42: [SM] Exception reported: Language phrase "Please wait to be revived or rescued" not found (arg 6)
L 06/23/2026 - 23:35:42: [SM] Blaming: l4dmultislots.smx
L 06/23/2026 - 23:35:42: [SM] Call stack trace:
L 06/23/2026 - 23:35:42: [SM]   [0] PrintToChat
L 06/23/2026 - 23:35:42: [SM]   [1] Line 953, d:\Github\Private-Work\L4D2-插件\scripting_1.11\l4dmultislots.sp::Timer_SpecCheck
L 06/23/2026 - 23:36:07: [SM] Exception reported: Language phrase "Please wait to be revived or rescued" not found (arg 6)
L 06/23/2026 - 23:36:07: [SM] Blaming: l4dmultislots.smx
L 06/23/2026 - 23:36:07: [SM] Call stack trace:
L 06/23/2026 - 23:36:07: [SM]   [0] PrintToChat
L 06/23/2026 - 23:36:07: [SM]   [1] Line 953, d:\Github\Private-Work\L4D2-插件\scripting_1.11\l4dmultislots.sp::Timer_SpecCheck
L 06/23/2026 - 23:36:32: [SM] Exception reported: Language phrase "Please wait to be revived or rescued" not found (arg 6)
L 06/23/2026 - 23:36:32: [SM] Blaming: l4dmultislots.smx
L 06/23/2026 - 23:36:32: [SM] Call stack trace:
L 06/23/2026 - 23:36:32: [SM]   [0] PrintToChat
L 06/23/2026 - 23:36:32: [SM]   [1] Line 953, d:\Github\Private-Work\L4D2-插件\scripting_1.11\l4dmultislots.sp::Timer_SpecCheck
L 06/23/2026 - 23:36:57: [SM] Exception reported: Language phrase "Please wait to be revived or rescued" not found (arg 6)
L 06/23/2026 - 23:36:57: [SM] Blaming: l4dmultislots.smx
L 06/23/2026 - 23:36:57: [SM] Call stack trace:
L 06/23/2026 - 23:36:57: [SM]   [0] PrintToChat
L 06/23/2026 - 23:36:57: [SM]   [1] Line 953, d:\Github\Private-Work\L4D2-插件\scripting_1.11\l4dmultislots.sp::Timer_SpecCheck
L 06/23/2026 - 23:37:02: [SM] Exception reported: Invalid timer handle 3a20053c (error 3)
L 06/23/2026 - 23:37:02: [SM] Blaming: l4d2_playerjoining_v2.smx
L 06/23/2026 - 23:37:02: [SM] Call stack trace:
L 06/23/2026 - 23:37:02: [SM]   [0] KillTimer
L 06/23/2026 - 23:37:02: [SM]   [1] Line 53, C:\Users\Moises\Downloads\Compressed\sourcemod-1.11.0-git6968-windows\addons\sourcemod\scripting\l4d2_playerjoining_v2.sp::OnClientDisconnect
L 06/23/2026 - 23:37:22: [SM] Exception reported: Language phrase "Please wait to be revived or rescued" not found (arg 6)
L 06/23/2026 - 23:37:22: [SM] Blaming: l4dmultislots.smx
L 06/23/2026 - 23:37:22: [SM] Call stack trace:
L 06/23/2026 - 23:37:22: [SM]   [0] PrintToChat
L 06/23/2026 - 23:37:22: [SM]   [1] Line 953, d:\Github\Private-Work\L4D2-插件\scripting_1.11\l4dmultislots.sp::Timer_SpecCheck
L 06/23/2026 - 23:37:47: [SM] Exception reported: Language phrase "Please wait to be revived or rescued" not found (arg 6)
L 06/23/2026 - 23:37:47: [SM] Blaming: l4dmultislots.smx
L 06/23/2026 - 23:37:47: [SM] Call stack trace:
L 06/23/2026 - 23:37:47: [SM]   [0] PrintToChat
L 06/23/2026 - 23:37:47: [SM]   [1] Line 953, d:\Github\Private-Work\L4D2-插件\scripting_1.11\l4dmultislots.sp::Timer_SpecCheck
L 06/23/2026 - 23:38:12: [SM] Exception reported: Language phrase "Please wait to be revived or rescued" not found (arg 6)
L 06/23/2026 - 23:38:12: [SM] Blaming: l4dmultislots.smx
L 06/23/2026 - 23:38:12: [SM] Call stack trace:
L 06/23/2026 - 23:38:12: [SM]   [0] PrintToChat
L 06/23/2026 - 23:38:12: [SM]   [1] Line 953, d:\Github\Private-Work\L4D2-插件\scripting_1.11\l4dmultislots.sp::Timer_SpecCheck
L 06/23/2026 - 23:38:37: [SM] Exception reported: Language phrase "Please wait to be revived or rescued" not found (arg 6)
L 06/23/2026 - 23:38:37: [SM] Blaming: l4dmultislots.smx
L 06/23/2026 - 23:38:37: [SM] Call stack trace:
L 06/23/2026 - 23:38:37: [SM]   [0] PrintToChat
L 06/23/2026 - 23:38:37: [SM]   [1] Line 953, d:\Github\Private-Work\L4D2-插件\scripting_1.11\l4dmultislots.sp::Timer_SpecCheck
L 06/23/2026 - 23:38:56: [SM] Exception reported: Invalid timer handle d8e0055c (error 1)
L 06/23/2026 - 23:38:56: [SM] Blaming: l4d2_playerjoining_v2.smx
L 06/23/2026 - 23:38:56: [SM] Call stack trace:
L 06/23/2026 - 23:38:56: [SM]   [0] KillTimer
L 06/23/2026 - 23:38:56: [SM]   [1] Line 53, C:\Users\Moises\Downloads\Compressed\sourcemod-1.11.0-git6968-windows\addons\sourcemod\scripting\l4d2_playerjoining_v2.sp::OnClientDisconnect
L 06/23/2026 - 23:39:04: Error log file session closed.
L 06/23/2026 - 23:39:04: SourceMod error session started
L 06/23/2026 - 23:39:04: Info (map "glubtastic4_4") (file "d:\steamlibrary\steamapps\common\left 4 dead 2\left4dead2\addons\sourcemod\logs\errors_20260623.log")
L 06/23/2026 - 23:39:04: [SM] Fatal error encountered parsing translation file "l4d_nth.phrases.txt"
L 06/23/2026 - 23:39:04: [SM] Error (line 0, column 0): Stream failed to open
L 06/23/2026 - 23:39:04: [SM] Fatal error encountered parsing translation file "chargersteering.phrases.txt"
L 06/23/2026 - 23:39:04: [SM] Error (line 0, column 0): Stream failed to open
L 06/23/2026 - 23:39:04: [SM] Fatal error encountered parsing translation file "l4dmultislots.phrases.txt"
L 06/23/2026 - 23:39:04: [SM] Error (line 0, column 0): Stream failed to open
L 06/23/2026 - 23:39:08: [l4d2_publicity.smx] [Publicity] No se encontraron mensajes en el archivo de configuración
L 06/23/2026 - 23:39:14: [SM] Exception reported: Invalid timer handle 4aa00537 (error 1)
L 06/23/2026 - 23:39:14: [SM] Blaming: l4d2_playerjoining_v2.smx
L 06/23/2026 - 23:39:14: [SM] Call stack trace:
L 06/23/2026 - 23:39:14: [SM]   [0] KillTimer
L 06/23/2026 - 23:39:14: [SM]   [1] Line 53, C:\Users\Moises\Downloads\Compressed\sourcemod-1.11.0-git6968-windows\addons\sourcemod\scripting\l4d2_playerjoining_v2.sp::OnClientDisconnect
L 06/23/2026 - 23:40:19: [SM] Exception reported: Invalid timer handle 4aa00537 (error 3)
L 06/23/2026 - 23:40:19: [SM] Blaming: l4d2_playerjoining_v2.smx
L 06/23/2026 - 23:40:19: [SM] Call stack trace:
L 06/23/2026 - 23:40:19: [SM]   [0] KillTimer
L 06/23/2026 - 23:40:19: [SM]   [1] Line 53, C:\Users\Moises\Downloads\Compressed\sourcemod-1.11.0-git6968-windows\addons\sourcemod\scripting\l4d2_playerjoining_v2.sp::OnClientDisconnect
L 06/23/2026 - 23:40:21: [SM] Exception reported: Invalid timer handle d8e0055c (error 1)
L 06/23/2026 - 23:40:21: [SM] Blaming: l4d2_playerjoining_v2.smx
L 06/23/2026 - 23:40:21: [SM] Call stack trace:
L 06/23/2026 - 23:40:21: [SM]   [0] KillTimer
L 06/23/2026 - 23:40:21: [SM]   [1] Line 53, C:\Users\Moises\Downloads\Compressed\sourcemod-1.11.0-git6968-windows\addons\sourcemod\scripting\l4d2_playerjoining_v2.sp::OnClientDisconnect
L 06/23/2026 - 23:41:05: [SM] Exception reported: Invalid timer handle 4aa00537 (error 3)
L 06/23/2026 - 23:41:05: [SM] Blaming: l4d2_playerjoining_v2.smx
L 06/23/2026 - 23:41:05: [SM] Call stack trace:
L 06/23/2026 - 23:41:05: [SM]   [0] KillTimer
L 06/23/2026 - 23:41:05: [SM]   [1] Line 53, C:\Users\Moises\Downloads\Compressed\sourcemod-1.11.0-git6968-windows\addons\sourcemod\scripting\l4d2_playerjoining_v2.sp::OnClientDisconnect
L 06/23/2026 - 23:41:07: [SM] Exception reported: Invalid timer handle d8e0055c (error 1)
L 06/23/2026 - 23:41:07: [SM] Blaming: l4d2_playerjoining_v2.smx
L 06/23/2026 - 23:41:07: [SM] Call stack trace:
L 06/23/2026 - 23:41:07: [SM]   [0] KillTimer
L 06/23/2026 - 23:41:07: [SM]   [1] Line 53, C:\Users\Moises\Downloads\Compressed\sourcemod-1.11.0-git6968-windows\addons\sourcemod\scripting\l4d2_playerjoining_v2.sp::OnClientDisconnect
L 06/23/2026 - 23:41:23: [SM] Exception reported: Invalid timer handle 4aa00537 (error 3)
L 06/23/2026 - 23:41:23: [SM] Blaming: l4d2_playerjoining_v2.smx
L 06/23/2026 - 23:41:23: [SM] Call stack trace:
L 06/23/2026 - 23:41:23: [SM]   [0] KillTimer
L 06/23/2026 - 23:41:23: [SM]   [1] Line 53, C:\Users\Moises\Downloads\Compressed\sourcemod-1.11.0-git6968-windows\addons\sourcemod\scripting\l4d2_playerjoining_v2.sp::OnClientDisconnect
L 06/23/2026 - 23:42:05: Error log file session closed.
