L 06/26/2025 - 23:56:12: SourceMod error session started
L 06/26/2025 - 23:56:12: Info (map "glubtastic4_1") (file "e:\steamlibrary\steamapps\common\left 4 dead 2\left4dead2\addons\sourcemod\logs\errors_20250626.log")
L 06/26/2025 - 23:56:12: [SM] Failed to load plugin "cannounce.smx": Get a dedicated server. This plugin does not work on Listen servers..
L 06/26/2025 - 23:56:12: [SM] Failed to load plugin "nextmap.smx": Nextmap is incompatible with this game.
L 06/26/2025 - 23:56:12: [SM] Failed to load plugin "[L4D2] Left4dhooks.smx": 
====================
This plugin replaces Left4Downtown. Delete the extension to run.
====================.
L 06/26/2025 - 23:56:13: [SM] Fatal error encountered parsing translation file "l4d_nth.phrases.txt"
L 06/26/2025 - 23:56:13: [SM] Error (line 0, column 0): Stream failed to open
L 06/26/2025 - 23:56:13: [SM] Fatal error encountered parsing translation file "chargersteering.phrases.txt"
L 06/26/2025 - 23:56:13: [SM] Error (line 0, column 0): Stream failed to open
L 06/26/2025 - 23:56:13: [SM] Fatal error encountered parsing translation file "l4dmultislots.phrases.txt"
L 06/26/2025 - 23:56:13: [SM] Error (line 0, column 0): Stream failed to open
L 06/26/2025 - 23:56:13: [SM] Fatal error encountered parsing translation file "l4d_votemute.phrases.txt"
L 06/26/2025 - 23:56:13: [SM] Error (line 0, column 0): Stream failed to open
L 06/26/2025 - 23:56:14: [SM] Fatal error encountered parsing translation file "lilac.phrases.txt"
L 06/26/2025 - 23:56:14: [SM] Error (line 0, column 0): Stream failed to open
L 06/26/2025 - 23:56:14: [admin-flatfile.smx] Error(s) detected parsing addons\sourcemod\configs\admins.cfg
L 06/26/2025 - 23:56:14: [admin-flatfile.smx]  (line 37) A property was declared outside of a section
L 06/26/2025 - 23:56:17: [SM] Exception reported: Invalid convar handle 0 (error 4)
L 06/26/2025 - 23:56:17: [SM] Blaming: ñankrunFixhealth.smx
L 06/26/2025 - 23:56:17: [SM] Call stack trace:
L 06/26/2025 - 23:56:17: [SM]   [0] GetConVarString
L 06/26/2025 - 23:56:17: [SM]   [1] Line 138, C:\Users\Moises\Downloads\Compressed\sourcemod-1.11.0-git6968-windows\addons\sourcemod\scripting\ñankrunFixhealth.sp::IsTankRunActive
L 06/26/2025 - 23:56:17: [SM]   [2] Line 54, C:\Users\Moises\Downloads\Compressed\sourcemod-1.11.0-git6968-windows\addons\sourcemod\scripting\ñankrunFixhealth.sp::Event_RoundStart
L 06/26/2025 - 23:56:32: [SM] Exception reported: Invalid convar handle 0 (error 4)
L 06/26/2025 - 23:56:32: [SM] Blaming: ñankrunFixhealth.smx
L 06/26/2025 - 23:56:32: [SM] Call stack trace:
L 06/26/2025 - 23:56:32: [SM]   [0] GetConVarString
L 06/26/2025 - 23:56:32: [SM]   [1] Line 138, C:\Users\Moises\Downloads\Compressed\sourcemod-1.11.0-git6968-windows\addons\sourcemod\scripting\ñankrunFixhealth.sp::IsTankRunActive
L 06/26/2025 - 23:56:32: [SM]   [2] Line 36, C:\Users\Moises\Downloads\Compressed\sourcemod-1.11.0-git6968-windows\addons\sourcemod\scripting\ñankrunFixhealth.sp::Timer_PeriodicCheck
L 06/26/2025 - 23:56:42: [SM] Exception reported: Invalid convar handle 0 (error 4)
L 06/26/2025 - 23:56:42: [SM] Blaming: ñankrunFixhealth.smx
L 06/26/2025 - 23:56:42: [SM] Call stack trace:
L 06/26/2025 - 23:56:42: [SM]   [0] GetConVarString
L 06/26/2025 - 23:56:42: [SM]   [1] Line 138, C:\Users\Moises\Downloads\Compressed\sourcemod-1.11.0-git6968-windows\addons\sourcemod\scripting\ñankrunFixhealth.sp::IsTankRunActive
L 06/26/2025 - 23:56:42: [SM]   [2] Line 36, C:\Users\Moises\Downloads\Compressed\sourcemod-1.11.0-git6968-windows\addons\sourcemod\scripting\ñankrunFixhealth.sp::Timer_PeriodicCheck
L 06/26/2025 - 23:56:52: [SM] Exception reported: Invalid convar handle 0 (error 4)
L 06/26/2025 - 23:56:52: [SM] Blaming: ñankrunFixhealth.smx
L 06/26/2025 - 23:56:52: [SM] Call stack trace:
L 06/26/2025 - 23:56:52: [SM]   [0] GetConVarString
L 06/26/2025 - 23:56:52: [SM]   [1] Line 138, C:\Users\Moises\Downloads\Compressed\sourcemod-1.11.0-git6968-windows\addons\sourcemod\scripting\ñankrunFixhealth.sp::IsTankRunActive
L 06/26/2025 - 23:56:52: [SM]   [2] Line 79, C:\Users\Moises\Downloads\Compressed\sourcemod-1.11.0-git6968-windows\addons\sourcemod\scripting\ñankrunFixhealth.sp::Event_PlayerDeath
L 06/26/2025 - 23:56:52: [SM] Exception reported: Invalid convar handle 0 (error 4)
L 06/26/2025 - 23:56:52: [SM] Blaming: ñankrunFixhealth.smx
L 06/26/2025 - 23:56:52: [SM] Call stack trace:
L 06/26/2025 - 23:56:52: [SM]   [0] GetConVarString
L 06/26/2025 - 23:56:52: [SM]   [1] Line 138, C:\Users\Moises\Downloads\Compressed\sourcemod-1.11.0-git6968-windows\addons\sourcemod\scripting\ñankrunFixhealth.sp::IsTankRunActive
L 06/26/2025 - 23:56:52: [SM]   [2] Line 36, C:\Users\Moises\Downloads\Compressed\sourcemod-1.11.0-git6968-windows\addons\sourcemod\scripting\ñankrunFixhealth.sp::Timer_PeriodicCheck
L 06/26/2025 - 23:56:59: [SM] Exception reported: Invalid convar handle 0 (error 4)
L 06/26/2025 - 23:56:59: [SM] Blaming: ñankrunFixhealth.smx
L 06/26/2025 - 23:56:59: [SM] Call stack trace:
L 06/26/2025 - 23:56:59: [SM]   [0] GetConVarString
L 06/26/2025 - 23:56:59: [SM]   [1] Line 138, C:\Users\Moises\Downloads\Compressed\sourcemod-1.11.0-git6968-windows\addons\sourcemod\scripting\ñankrunFixhealth.sp::IsTankRunActive
L 06/26/2025 - 23:56:59: [SM]   [2] Line 79, C:\Users\Moises\Downloads\Compressed\sourcemod-1.11.0-git6968-windows\addons\sourcemod\scripting\ñankrunFixhealth.sp::Event_PlayerDeath
L 06/26/2025 - 23:56:59: [SM] Exception reported: Invalid convar handle 0 (error 4)
L 06/26/2025 - 23:56:59: [SM] Blaming: ñankrunFixhealth.smx
L 06/26/2025 - 23:56:59: [SM] Call stack trace:
L 06/26/2025 - 23:56:59: [SM]   [0] GetConVarString
L 06/26/2025 - 23:56:59: [SM]   [1] Line 138, C:\Users\Moises\Downloads\Compressed\sourcemod-1.11.0-git6968-windows\addons\sourcemod\scripting\ñankrunFixhealth.sp::IsTankRunActive
L 06/26/2025 - 23:56:59: [SM]   [2] Line 79, C:\Users\Moises\Downloads\Compressed\sourcemod-1.11.0-git6968-windows\addons\sourcemod\scripting\ñankrunFixhealth.sp::Event_PlayerDeath
L 06/26/2025 - 23:56:59: [SM] Exception reported: Invalid convar handle 0 (error 4)
L 06/26/2025 - 23:56:59: [SM] Blaming: ñankrunFixhealth.smx
L 06/26/2025 - 23:56:59: [SM] Call stack trace:
L 06/26/2025 - 23:56:59: [SM]   [0] GetConVarString
L 06/26/2025 - 23:56:59: [SM]   [1] Line 138, C:\Users\Moises\Downloads\Compressed\sourcemod-1.11.0-git6968-windows\addons\sourcemod\scripting\ñankrunFixhealth.sp::IsTankRunActive
L 06/26/2025 - 23:56:59: [SM]   [2] Line 79, C:\Users\Moises\Downloads\Compressed\sourcemod-1.11.0-git6968-windows\addons\sourcemod\scripting\ñankrunFixhealth.sp::Event_PlayerDeath
L 06/26/2025 - 23:56:59: [SM] Exception reported: Invalid convar handle 0 (error 4)
L 06/26/2025 - 23:56:59: [SM] Blaming: ñankrunFixhealth.smx
L 06/26/2025 - 23:56:59: [SM] Call stack trace:
L 06/26/2025 - 23:56:59: [SM]   [0] GetConVarString
L 06/26/2025 - 23:56:59: [SM]   [1] Line 138, C:\Users\Moises\Downloads\Compressed\sourcemod-1.11.0-git6968-windows\addons\sourcemod\scripting\ñankrunFixhealth.sp::IsTankRunActive
L 06/26/2025 - 23:56:59: [SM]   [2] Line 79, C:\Users\Moises\Downloads\Compressed\sourcemod-1.11.0-git6968-windows\addons\sourcemod\scripting\ñankrunFixhealth.sp::Event_PlayerDeath
L 06/26/2025 - 23:56:59: [SM] Exception reported: Invalid convar handle 0 (error 4)
L 06/26/2025 - 23:56:59: [SM] Blaming: ñankrunFixhealth.smx
L 06/26/2025 - 23:56:59: [SM] Call stack trace:
L 06/26/2025 - 23:56:59: [SM]   [0] GetConVarString
L 06/26/2025 - 23:56:59: [SM]   [1] Line 138, C:\Users\Moises\Downloads\Compressed\sourcemod-1.11.0-git6968-windows\addons\sourcemod\scripting\ñankrunFixhealth.sp::IsTankRunActive
L 06/26/2025 - 23:56:59: [SM]   [2] Line 79, C:\Users\Moises\Downloads\Compressed\sourcemod-1.11.0-git6968-windows\addons\sourcemod\scripting\ñankrunFixhealth.sp::Event_PlayerDeath
L 06/26/2025 - 23:56:59: [SM] Exception reported: Invalid convar handle 0 (error 4)
L 06/26/2025 - 23:56:59: [SM] Blaming: ñankrunFixhealth.smx
L 06/26/2025 - 23:56:59: [SM] Call stack trace:
L 06/26/2025 - 23:56:59: [SM]   [0] GetConVarString
L 06/26/2025 - 23:56:59: [SM]   [1] Line 138, C:\Users\Moises\Downloads\Compressed\sourcemod-1.11.0-git6968-windows\addons\sourcemod\scripting\ñankrunFixhealth.sp::IsTankRunActive
L 06/26/2025 - 23:56:59: [SM]   [2] Line 79, C:\Users\Moises\Downloads\Compressed\sourcemod-1.11.0-git6968-windows\addons\sourcemod\scripting\ñankrunFixhealth.sp::Event_PlayerDeath
L 06/26/2025 - 23:56:59: [SM] Exception reported: Invalid convar handle 0 (error 4)
L 06/26/2025 - 23:56:59: [SM] Blaming: ñankrunFixhealth.smx
L 06/26/2025 - 23:56:59: [SM] Call stack trace:
L 06/26/2025 - 23:56:59: [SM]   [0] GetConVarString
L 06/26/2025 - 23:56:59: [SM]   [1] Line 138, C:\Users\Moises\Downloads\Compressed\sourcemod-1.11.0-git6968-windows\addons\sourcemod\scripting\ñankrunFixhealth.sp::IsTankRunActive
L 06/26/2025 - 23:56:59: [SM]   [2] Line 79, C:\Users\Moises\Downloads\Compressed\sourcemod-1.11.0-git6968-windows\addons\sourcemod\scripting\ñankrunFixhealth.sp::Event_PlayerDeath
L 06/26/2025 - 23:56:59: [SM] Exception reported: Invalid convar handle 0 (error 4)
L 06/26/2025 - 23:56:59: [SM] Blaming: ñankrunFixhealth.smx
L 06/26/2025 - 23:56:59: [SM] Call stack trace:
L 06/26/2025 - 23:56:59: [SM]   [0] GetConVarString
L 06/26/2025 - 23:56:59: [SM]   [1] Line 138, C:\Users\Moises\Downloads\Compressed\sourcemod-1.11.0-git6968-windows\addons\sourcemod\scripting\ñankrunFixhealth.sp::IsTankRunActive
L 06/26/2025 - 23:56:59: [SM]   [2] Line 79, C:\Users\Moises\Downloads\Compressed\sourcemod-1.11.0-git6968-windows\addons\sourcemod\scripting\ñankrunFixhealth.sp::Event_PlayerDeath
L 06/26/2025 - 23:57:00: [SM] Exception reported: Invalid convar handle 0 (error 4)
L 06/26/2025 - 23:57:00: [SM] Blaming: ñankrunFixhealth.smx
L 06/26/2025 - 23:57:00: [SM] Call stack trace:
L 06/26/2025 - 23:57:00: [SM]   [0] GetConVarString
L 06/26/2025 - 23:57:00: [SM]   [1] Line 138, C:\Users\Moises\Downloads\Compressed\sourcemod-1.11.0-git6968-windows\addons\sourcemod\scripting\ñankrunFixhealth.sp::IsTankRunActive
L 06/26/2025 - 23:57:00: [SM]   [2] Line 79, C:\Users\Moises\Downloads\Compressed\sourcemod-1.11.0-git6968-windows\addons\sourcemod\scripting\ñankrunFixhealth.sp::Event_PlayerDeath
L 06/26/2025 - 23:57:00: [SM] Exception reported: Invalid convar handle 0 (error 4)
L 06/26/2025 - 23:57:00: [SM] Blaming: ñankrunFixhealth.smx
L 06/26/2025 - 23:57:00: [SM] Call stack trace:
L 06/26/2025 - 23:57:00: [SM]   [0] GetConVarString
L 06/26/2025 - 23:57:00: [SM]   [1] Line 138, C:\Users\Moises\Downloads\Compressed\sourcemod-1.11.0-git6968-windows\addons\sourcemod\scripting\ñankrunFixhealth.sp::IsTankRunActive
L 06/26/2025 - 23:57:00: [SM]   [2] Line 79, C:\Users\Moises\Downloads\Compressed\sourcemod-1.11.0-git6968-windows\addons\sourcemod\scripting\ñankrunFixhealth.sp::Event_PlayerDeath
L 06/26/2025 - 23:57:01: [SM] Exception reported: Invalid convar handle 0 (error 4)
L 06/26/2025 - 23:57:01: [SM] Blaming: ñankrunFixhealth.smx
L 06/26/2025 - 23:57:01: [SM] Call stack trace:
L 06/26/2025 - 23:57:01: [SM]   [0] GetConVarString
L 06/26/2025 - 23:57:01: [SM]   [1] Line 138, C:\Users\Moises\Downloads\Compressed\sourcemod-1.11.0-git6968-windows\addons\sourcemod\scripting\ñankrunFixhealth.sp::IsTankRunActive
L 06/26/2025 - 23:57:01: [SM]   [2] Line 79, C:\Users\Moises\Downloads\Compressed\sourcemod-1.11.0-git6968-windows\addons\sourcemod\scripting\ñankrunFixhealth.sp::Event_PlayerDeath
L 06/26/2025 - 23:57:01: [SM] Exception reported: Invalid convar handle 0 (error 4)
L 06/26/2025 - 23:57:01: [SM] Blaming: ñankrunFixhealth.smx
L 06/26/2025 - 23:57:01: [SM] Call stack trace:
L 06/26/2025 - 23:57:01: [SM]   [0] GetConVarString
L 06/26/2025 - 23:57:01: [SM]   [1] Line 138, C:\Users\Moises\Downloads\Compressed\sourcemod-1.11.0-git6968-windows\addons\sourcemod\scripting\ñankrunFixhealth.sp::IsTankRunActive
L 06/26/2025 - 23:57:01: [SM]   [2] Line 79, C:\Users\Moises\Downloads\Compressed\sourcemod-1.11.0-git6968-windows\addons\sourcemod\scripting\ñankrunFixhealth.sp::Event_PlayerDeath
L 06/26/2025 - 23:57:02: [SM] Exception reported: Invalid convar handle 0 (error 4)
L 06/26/2025 - 23:57:02: [SM] Blaming: ñankrunFixhealth.smx
L 06/26/2025 - 23:57:02: [SM] Call stack trace:
L 06/26/2025 - 23:57:02: [SM]   [0] GetConVarString
L 06/26/2025 - 23:57:02: [SM]   [1] Line 138, C:\Users\Moises\Downloads\Compressed\sourcemod-1.11.0-git6968-windows\addons\sourcemod\scripting\ñankrunFixhealth.sp::IsTankRunActive
L 06/26/2025 - 23:57:02: [SM]   [2] Line 79, C:\Users\Moises\Downloads\Compressed\sourcemod-1.11.0-git6968-windows\addons\sourcemod\scripting\ñankrunFixhealth.sp::Event_PlayerDeath
L 06/26/2025 - 23:57:02: [SM] Exception reported: Invalid convar handle 0 (error 4)
L 06/26/2025 - 23:57:02: [SM] Blaming: ñankrunFixhealth.smx
L 06/26/2025 - 23:57:02: [SM] Call stack trace:
L 06/26/2025 - 23:57:02: [SM]   [0] GetConVarString
L 06/26/2025 - 23:57:02: [SM]   [1] Line 138, C:\Users\Moises\Downloads\Compressed\sourcemod-1.11.0-git6968-windows\addons\sourcemod\scripting\ñankrunFixhealth.sp::IsTankRunActive
L 06/26/2025 - 23:57:02: [SM]   [2] Line 36, C:\Users\Moises\Downloads\Compressed\sourcemod-1.11.0-git6968-windows\addons\sourcemod\scripting\ñankrunFixhealth.sp::Timer_PeriodicCheck
L 06/26/2025 - 23:57:02: [SM] Exception reported: Invalid convar handle 0 (error 4)
L 06/26/2025 - 23:57:02: [SM] Blaming: ñankrunFixhealth.smx
L 06/26/2025 - 23:57:02: [SM] Call stack trace:
L 06/26/2025 - 23:57:02: [SM]   [0] GetConVarString
L 06/26/2025 - 23:57:02: [SM]   [1] Line 138, C:\Users\Moises\Downloads\Compressed\sourcemod-1.11.0-git6968-windows\addons\sourcemod\scripting\ñankrunFixhealth.sp::IsTankRunActive
L 06/26/2025 - 23:57:02: [SM]   [2] Line 79, C:\Users\Moises\Downloads\Compressed\sourcemod-1.11.0-git6968-windows\addons\sourcemod\scripting\ñankrunFixhealth.sp::Event_PlayerDeath
L 06/26/2025 - 23:57:03: [SM] Exception reported: Invalid convar handle 0 (error 4)
L 06/26/2025 - 23:57:03: [SM] Blaming: ñankrunFixhealth.smx
L 06/26/2025 - 23:57:03: [SM] Call stack trace:
L 06/26/2025 - 23:57:03: [SM]   [0] GetConVarString
L 06/26/2025 - 23:57:03: [SM]   [1] Line 138, C:\Users\Moises\Downloads\Compressed\sourcemod-1.11.0-git6968-windows\addons\sourcemod\scripting\ñankrunFixhealth.sp::IsTankRunActive
L 06/26/2025 - 23:57:03: [SM]   [2] Line 79, C:\Users\Moises\Downloads\Compressed\sourcemod-1.11.0-git6968-windows\addons\sourcemod\scripting\ñankrunFixhealth.sp::Event_PlayerDeath
L 06/26/2025 - 23:57:03: [SM] Exception reported: Invalid convar handle 0 (error 4)
L 06/26/2025 - 23:57:03: [SM] Blaming: ñankrunFixhealth.smx
L 06/26/2025 - 23:57:03: [SM] Call stack trace:
L 06/26/2025 - 23:57:03: [SM]   [0] GetConVarString
L 06/26/2025 - 23:57:03: [SM]   [1] Line 138, C:\Users\Moises\Downloads\Compressed\sourcemod-1.11.0-git6968-windows\addons\sourcemod\scripting\ñankrunFixhealth.sp::IsTankRunActive
L 06/26/2025 - 23:57:03: [SM]   [2] Line 79, C:\Users\Moises\Downloads\Compressed\sourcemod-1.11.0-git6968-windows\addons\sourcemod\scripting\ñankrunFixhealth.sp::Event_PlayerDeath
L 06/26/2025 - 23:57:03: [SM] Exception reported: Invalid convar handle 0 (error 4)
L 06/26/2025 - 23:57:03: [SM] Blaming: ñankrunFixhealth.smx
L 06/26/2025 - 23:57:03: [SM] Call stack trace:
L 06/26/2025 - 23:57:03: [SM]   [0] GetConVarString
L 06/26/2025 - 23:57:03: [SM]   [1] Line 138, C:\Users\Moises\Downloads\Compressed\sourcemod-1.11.0-git6968-windows\addons\sourcemod\scripting\ñankrunFixhealth.sp::IsTankRunActive
L 06/26/2025 - 23:57:03: [SM]   [2] Line 79, C:\Users\Moises\Downloads\Compressed\sourcemod-1.11.0-git6968-windows\addons\sourcemod\scripting\ñankrunFixhealth.sp::Event_PlayerDeath
L 06/26/2025 - 23:57:04: [SM] Exception reported: Invalid convar handle 0 (error 4)
L 06/26/2025 - 23:57:04: [SM] Blaming: ñankrunFixhealth.smx
L 06/26/2025 - 23:57:04: [SM] Call stack trace:
L 06/26/2025 - 23:57:04: [SM]   [0] GetConVarString
L 06/26/2025 - 23:57:04: [SM]   [1] Line 138, C:\Users\Moises\Downloads\Compressed\sourcemod-1.11.0-git6968-windows\addons\sourcemod\scripting\ñankrunFixhealth.sp::IsTankRunActive
L 06/26/2025 - 23:57:04: [SM]   [2] Line 79, C:\Users\Moises\Downloads\Compressed\sourcemod-1.11.0-git6968-windows\addons\sourcemod\scripting\ñankrunFixhealth.sp::Event_PlayerDeath
L 06/26/2025 - 23:57:04: [SM] Exception reported: Invalid convar handle 0 (error 4)
L 06/26/2025 - 23:57:04: [SM] Blaming: ñankrunFixhealth.smx
L 06/26/2025 - 23:57:04: [SM] Call stack trace:
L 06/26/2025 - 23:57:04: [SM]   [0] GetConVarString
L 06/26/2025 - 23:57:04: [SM]   [1] Line 138, C:\Users\Moises\Downloads\Compressed\sourcemod-1.11.0-git6968-windows\addons\sourcemod\scripting\ñankrunFixhealth.sp::IsTankRunActive
L 06/26/2025 - 23:57:04: [SM]   [2] Line 79, C:\Users\Moises\Downloads\Compressed\sourcemod-1.11.0-git6968-windows\addons\sourcemod\scripting\ñankrunFixhealth.sp::Event_PlayerDeath
L 06/26/2025 - 23:57:05: [SM] Exception reported: Invalid convar handle 0 (error 4)
L 06/26/2025 - 23:57:05: [SM] Blaming: ñankrunFixhealth.smx
L 06/26/2025 - 23:57:05: [SM] Call stack trace:
L 06/26/2025 - 23:57:05: [SM]   [0] GetConVarString
L 06/26/2025 - 23:57:05: [SM]   [1] Line 138, C:\Users\Moises\Downloads\Compressed\sourcemod-1.11.0-git6968-windows\addons\sourcemod\scripting\ñankrunFixhealth.sp::IsTankRunActive
L 06/26/2025 - 23:57:05: [SM]   [2] Line 79, C:\Users\Moises\Downloads\Compressed\sourcemod-1.11.0-git6968-windows\addons\sourcemod\scripting\ñankrunFixhealth.sp::Event_PlayerDeath
L 06/26/2025 - 23:57:05: [SM] Exception reported: Invalid convar handle 0 (error 4)
L 06/26/2025 - 23:57:05: [SM] Blaming: ñankrunFixhealth.smx
L 06/26/2025 - 23:57:05: [SM] Call stack trace:
L 06/26/2025 - 23:57:05: [SM]   [0] GetConVarString
L 06/26/2025 - 23:57:05: [SM]   [1] Line 138, C:\Users\Moises\Downloads\Compressed\sourcemod-1.11.0-git6968-windows\addons\sourcemod\scripting\ñankrunFixhealth.sp::IsTankRunActive
L 06/26/2025 - 23:57:05: [SM]   [2] Line 79, C:\Users\Moises\Downloads\Compressed\sourcemod-1.11.0-git6968-windows\addons\sourcemod\scripting\ñankrunFixhealth.sp::Event_PlayerDeath
L 06/26/2025 - 23:57:06: [SM] Exception reported: Invalid convar handle 0 (error 4)
L 06/26/2025 - 23:57:06: [SM] Blaming: ñankrunFixhealth.smx
L 06/26/2025 - 23:57:06: [SM] Call stack trace:
L 06/26/2025 - 23:57:06: [SM]   [0] GetConVarString
L 06/26/2025 - 23:57:06: [SM]   [1] Line 138, C:\Users\Moises\Downloads\Compressed\sourcemod-1.11.0-git6968-windows\addons\sourcemod\scripting\ñankrunFixhealth.sp::IsTankRunActive
L 06/26/2025 - 23:57:06: [SM]   [2] Line 79, C:\Users\Moises\Downloads\Compressed\sourcemod-1.11.0-git6968-windows\addons\sourcemod\scripting\ñankrunFixhealth.sp::Event_PlayerDeath
L 06/26/2025 - 23:57:06: [SM] Exception reported: Invalid convar handle 0 (error 4)
L 06/26/2025 - 23:57:06: [SM] Blaming: ñankrunFixhealth.smx
L 06/26/2025 - 23:57:06: [SM] Call stack trace:
L 06/26/2025 - 23:57:06: [SM]   [0] GetConVarString
L 06/26/2025 - 23:57:06: [SM]   [1] Line 138, C:\Users\Moises\Downloads\Compressed\sourcemod-1.11.0-git6968-windows\addons\sourcemod\scripting\ñankrunFixhealth.sp::IsTankRunActive
L 06/26/2025 - 23:57:06: [SM]   [2] Line 79, C:\Users\Moises\Downloads\Compressed\sourcemod-1.11.0-git6968-windows\addons\sourcemod\scripting\ñankrunFixhealth.sp::Event_PlayerDeath
L 06/26/2025 - 23:57:07: [SM] Exception reported: Invalid convar handle 0 (error 4)
L 06/26/2025 - 23:57:07: [SM] Blaming: ñankrunFixhealth.smx
L 06/26/2025 - 23:57:07: [SM] Call stack trace:
L 06/26/2025 - 23:57:07: [SM]   [0] GetConVarString
L 06/26/2025 - 23:57:07: [SM]   [1] Line 138, C:\Users\Moises\Downloads\Compressed\sourcemod-1.11.0-git6968-windows\addons\sourcemod\scripting\ñankrunFixhealth.sp::IsTankRunActive
L 06/26/2025 - 23:57:07: [SM]   [2] Line 79, C:\Users\Moises\Downloads\Compressed\sourcemod-1.11.0-git6968-windows\addons\sourcemod\scripting\ñankrunFixhealth.sp::Event_PlayerDeath
L 06/26/2025 - 23:57:08: [SM] Exception reported: Invalid convar handle 0 (error 4)
L 06/26/2025 - 23:57:08: [SM] Blaming: ñankrunFixhealth.smx
L 06/26/2025 - 23:57:08: [SM] Call stack trace:
L 06/26/2025 - 23:57:08: [SM]   [0] GetConVarString
L 06/26/2025 - 23:57:08: [SM]   [1] Line 138, C:\Users\Moises\Downloads\Compressed\sourcemod-1.11.0-git6968-windows\addons\sourcemod\scripting\ñankrunFixhealth.sp::IsTankRunActive
L 06/26/2025 - 23:57:08: [SM]   [2] Line 79, C:\Users\Moises\Downloads\Compressed\sourcemod-1.11.0-git6968-windows\addons\sourcemod\scripting\ñankrunFixhealth.sp::Event_PlayerDeath
L 06/26/2025 - 23:57:08: [SM] Exception reported: Invalid convar handle 0 (error 4)
L 06/26/2025 - 23:57:08: [SM] Blaming: ñankrunFixhealth.smx
L 06/26/2025 - 23:57:08: [SM] Call stack trace:
L 06/26/2025 - 23:57:08: [SM]   [0] GetConVarString
L 06/26/2025 - 23:57:08: [SM]   [1] Line 138, C:\Users\Moises\Downloads\Compressed\sourcemod-1.11.0-git6968-windows\addons\sourcemod\scripting\ñankrunFixhealth.sp::IsTankRunActive
L 06/26/2025 - 23:57:08: [SM]   [2] Line 79, C:\Users\Moises\Downloads\Compressed\sourcemod-1.11.0-git6968-windows\addons\sourcemod\scripting\ñankrunFixhealth.sp::Event_PlayerDeath
L 06/26/2025 - 23:57:08: [SM] Exception reported: Invalid convar handle 0 (error 4)
L 06/26/2025 - 23:57:08: [SM] Blaming: ñankrunFixhealth.smx
L 06/26/2025 - 23:57:08: [SM] Call stack trace:
L 06/26/2025 - 23:57:08: [SM]   [0] GetConVarString
L 06/26/2025 - 23:57:08: [SM]   [1] Line 138, C:\Users\Moises\Downloads\Compressed\sourcemod-1.11.0-git6968-windows\addons\sourcemod\scripting\ñankrunFixhealth.sp::IsTankRunActive
L 06/26/2025 - 23:57:08: [SM]   [2] Line 79, C:\Users\Moises\Downloads\Compressed\sourcemod-1.11.0-git6968-windows\addons\sourcemod\scripting\ñankrunFixhealth.sp::Event_PlayerDeath
L 06/26/2025 - 23:57:09: [SM] Exception reported: Invalid convar handle 0 (error 4)
L 06/26/2025 - 23:57:09: [SM] Blaming: ñankrunFixhealth.smx
L 06/26/2025 - 23:57:09: [SM] Call stack trace:
L 06/26/2025 - 23:57:09: [SM]   [0] GetConVarString
L 06/26/2025 - 23:57:09: [SM]   [1] Line 138, C:\Users\Moises\Downloads\Compressed\sourcemod-1.11.0-git6968-windows\addons\sourcemod\scripting\ñankrunFixhealth.sp::IsTankRunActive
L 06/26/2025 - 23:57:09: [SM]   [2] Line 79, C:\Users\Moises\Downloads\Compressed\sourcemod-1.11.0-git6968-windows\addons\sourcemod\scripting\ñankrunFixhealth.sp::Event_PlayerDeath
L 06/26/2025 - 23:57:09: [SM] Exception reported: Invalid convar handle 0 (error 4)
L 06/26/2025 - 23:57:09: [SM] Blaming: ñankrunFixhealth.smx
L 06/26/2025 - 23:57:09: [SM] Call stack trace:
L 06/26/2025 - 23:57:09: [SM]   [0] GetConVarString
L 06/26/2025 - 23:57:09: [SM]   [1] Line 138, C:\Users\Moises\Downloads\Compressed\sourcemod-1.11.0-git6968-windows\addons\sourcemod\scripting\ñankrunFixhealth.sp::IsTankRunActive
L 06/26/2025 - 23:57:09: [SM]   [2] Line 79, C:\Users\Moises\Downloads\Compressed\sourcemod-1.11.0-git6968-windows\addons\sourcemod\scripting\ñankrunFixhealth.sp::Event_PlayerDeath
L 06/26/2025 - 23:57:10: [SM] Exception reported: Invalid convar handle 0 (error 4)
L 06/26/2025 - 23:57:10: [SM] Blaming: ñankrunFixhealth.smx
L 06/26/2025 - 23:57:10: [SM] Call stack trace:
L 06/26/2025 - 23:57:10: [SM]   [0] GetConVarString
L 06/26/2025 - 23:57:10: [SM]   [1] Line 138, C:\Users\Moises\Downloads\Compressed\sourcemod-1.11.0-git6968-windows\addons\sourcemod\scripting\ñankrunFixhealth.sp::IsTankRunActive
L 06/26/2025 - 23:57:10: [SM]   [2] Line 79, C:\Users\Moises\Downloads\Compressed\sourcemod-1.11.0-git6968-windows\addons\sourcemod\scripting\ñankrunFixhealth.sp::Event_PlayerDeath
L 06/26/2025 - 23:57:10: [SM] Exception reported: Invalid convar handle 0 (error 4)
L 06/26/2025 - 23:57:10: [SM] Blaming: ñankrunFixhealth.smx
L 06/26/2025 - 23:57:10: [SM] Call stack trace:
L 06/26/2025 - 23:57:10: [SM]   [0] GetConVarString
L 06/26/2025 - 23:57:10: [SM]   [1] Line 138, C:\Users\Moises\Downloads\Compressed\sourcemod-1.11.0-git6968-windows\addons\sourcemod\scripting\ñankrunFixhealth.sp::IsTankRunActive
L 06/26/2025 - 23:57:10: [SM]   [2] Line 79, C:\Users\Moises\Downloads\Compressed\sourcemod-1.11.0-git6968-windows\addons\sourcemod\scripting\ñankrunFixhealth.sp::Event_PlayerDeath
L 06/26/2025 - 23:57:11: [SM] Exception reported: Invalid convar handle 0 (error 4)
L 06/26/2025 - 23:57:11: [SM] Blaming: ñankrunFixhealth.smx
L 06/26/2025 - 23:57:11: [SM] Call stack trace:
L 06/26/2025 - 23:57:11: [SM]   [0] GetConVarString
L 06/26/2025 - 23:57:11: [SM]   [1] Line 138, C:\Users\Moises\Downloads\Compressed\sourcemod-1.11.0-git6968-windows\addons\sourcemod\scripting\ñankrunFixhealth.sp::IsTankRunActive
L 06/26/2025 - 23:57:11: [SM]   [2] Line 79, C:\Users\Moises\Downloads\Compressed\sourcemod-1.11.0-git6968-windows\addons\sourcemod\scripting\ñankrunFixhealth.sp::Event_PlayerDeath
L 06/26/2025 - 23:57:11: [SM] Exception reported: Invalid convar handle 0 (error 4)
L 06/26/2025 - 23:57:11: [SM] Blaming: ñankrunFixhealth.smx
L 06/26/2025 - 23:57:11: [SM] Call stack trace:
L 06/26/2025 - 23:57:11: [SM]   [0] GetConVarString
L 06/26/2025 - 23:57:11: [SM]   [1] Line 138, C:\Users\Moises\Downloads\Compressed\sourcemod-1.11.0-git6968-windows\addons\sourcemod\scripting\ñankrunFixhealth.sp::IsTankRunActive
L 06/26/2025 - 23:57:11: [SM]   [2] Line 79, C:\Users\Moises\Downloads\Compressed\sourcemod-1.11.0-git6968-windows\addons\sourcemod\scripting\ñankrunFixhealth.sp::Event_PlayerDeath
L 06/26/2025 - 23:57:12: [SM] Exception reported: Invalid convar handle 0 (error 4)
L 06/26/2025 - 23:57:12: [SM] Blaming: ñankrunFixhealth.smx
L 06/26/2025 - 23:57:12: [SM] Call stack trace:
L 06/26/2025 - 23:57:12: [SM]   [0] GetConVarString
L 06/26/2025 - 23:57:12: [SM]   [1] Line 138, C:\Users\Moises\Downloads\Compressed\sourcemod-1.11.0-git6968-windows\addons\sourcemod\scripting\ñankrunFixhealth.sp::IsTankRunActive
L 06/26/2025 - 23:57:12: [SM]   [2] Line 36, C:\Users\Moises\Downloads\Compressed\sourcemod-1.11.0-git6968-windows\addons\sourcemod\scripting\ñankrunFixhealth.sp::Timer_PeriodicCheck
L 06/26/2025 - 23:57:20: [SM] Exception reported: Invalid convar handle 0 (error 4)
L 06/26/2025 - 23:57:20: [SM] Blaming: ñankrunFixhealth.smx
L 06/26/2025 - 23:57:20: [SM] Call stack trace:
L 06/26/2025 - 23:57:20: [SM]   [0] GetConVarString
L 06/26/2025 - 23:57:20: [SM]   [1] Line 138, C:\Users\Moises\Downloads\Compressed\sourcemod-1.11.0-git6968-windows\addons\sourcemod\scripting\ñankrunFixhealth.sp::IsTankRunActive
L 06/26/2025 - 23:57:20: [SM]   [2] Line 79, C:\Users\Moises\Downloads\Compressed\sourcemod-1.11.0-git6968-windows\addons\sourcemod\scripting\ñankrunFixhealth.sp::Event_PlayerDeath
L 06/26/2025 - 23:57:22: [SM] Exception reported: Invalid convar handle 0 (error 4)
L 06/26/2025 - 23:57:22: [SM] Blaming: ñankrunFixhealth.smx
L 06/26/2025 - 23:57:22: [SM] Call stack trace:
L 06/26/2025 - 23:57:22: [SM]   [0] GetConVarString
L 06/26/2025 - 23:57:22: [SM]   [1] Line 138, C:\Users\Moises\Downloads\Compressed\sourcemod-1.11.0-git6968-windows\addons\sourcemod\scripting\ñankrunFixhealth.sp::IsTankRunActive
L 06/26/2025 - 23:57:22: [SM]   [2] Line 36, C:\Users\Moises\Downloads\Compressed\sourcemod-1.11.0-git6968-windows\addons\sourcemod\scripting\ñankrunFixhealth.sp::Timer_PeriodicCheck
L 06/26/2025 - 23:57:30: [SM] Exception reported: Invalid convar handle 0 (error 4)
L 06/26/2025 - 23:57:30: [SM] Blaming: ñankrunFixhealth.smx
L 06/26/2025 - 23:57:30: [SM] Call stack trace:
L 06/26/2025 - 23:57:30: [SM]   [0] GetConVarString
L 06/26/2025 - 23:57:30: [SM]   [1] Line 138, C:\Users\Moises\Downloads\Compressed\sourcemod-1.11.0-git6968-windows\addons\sourcemod\scripting\ñankrunFixhealth.sp::IsTankRunActive
L 06/26/2025 - 23:57:30: [SM]   [2] Line 79, C:\Users\Moises\Downloads\Compressed\sourcemod-1.11.0-git6968-windows\addons\sourcemod\scripting\ñankrunFixhealth.sp::Event_PlayerDeath
L 06/26/2025 - 23:57:30: [SM] Exception reported: Invalid convar handle 0 (error 4)
L 06/26/2025 - 23:57:30: [SM] Blaming: ñankrunFixhealth.smx
L 06/26/2025 - 23:57:30: [SM] Call stack trace:
L 06/26/2025 - 23:57:30: [SM]   [0] GetConVarString
L 06/26/2025 - 23:57:30: [SM]   [1] Line 138, C:\Users\Moises\Downloads\Compressed\sourcemod-1.11.0-git6968-windows\addons\sourcemod\scripting\ñankrunFixhealth.sp::IsTankRunActive
L 06/26/2025 - 23:57:30: [SM]   [2] Line 79, C:\Users\Moises\Downloads\Compressed\sourcemod-1.11.0-git6968-windows\addons\sourcemod\scripting\ñankrunFixhealth.sp::Event_PlayerDeath
L 06/26/2025 - 23:57:31: [SM] Exception reported: Invalid convar handle 0 (error 4)
L 06/26/2025 - 23:57:31: [SM] Blaming: ñankrunFixhealth.smx
L 06/26/2025 - 23:57:31: [SM] Call stack trace:
L 06/26/2025 - 23:57:31: [SM]   [0] GetConVarString
L 06/26/2025 - 23:57:31: [SM]   [1] Line 138, C:\Users\Moises\Downloads\Compressed\sourcemod-1.11.0-git6968-windows\addons\sourcemod\scripting\ñankrunFixhealth.sp::IsTankRunActive
L 06/26/2025 - 23:57:31: [SM]   [2] Line 79, C:\Users\Moises\Downloads\Compressed\sourcemod-1.11.0-git6968-windows\addons\sourcemod\scripting\ñankrunFixhealth.sp::Event_PlayerDeath
L 06/26/2025 - 23:57:31: [SM] Exception reported: Invalid convar handle 0 (error 4)
L 06/26/2025 - 23:57:31: [SM] Blaming: ñankrunFixhealth.smx
L 06/26/2025 - 23:57:31: [SM] Call stack trace:
L 06/26/2025 - 23:57:31: [SM]   [0] GetConVarString
L 06/26/2025 - 23:57:31: [SM]   [1] Line 138, C:\Users\Moises\Downloads\Compressed\sourcemod-1.11.0-git6968-windows\addons\sourcemod\scripting\ñankrunFixhealth.sp::IsTankRunActive
L 06/26/2025 - 23:57:31: [SM]   [2] Line 79, C:\Users\Moises\Downloads\Compressed\sourcemod-1.11.0-git6968-windows\addons\sourcemod\scripting\ñankrunFixhealth.sp::Event_PlayerDeath
L 06/26/2025 - 23:57:32: [SM] Exception reported: Invalid convar handle 0 (error 4)
L 06/26/2025 - 23:57:32: [SM] Blaming: ñankrunFixhealth.smx
L 06/26/2025 - 23:57:32: [SM] Call stack trace:
L 06/26/2025 - 23:57:32: [SM]   [0] GetConVarString
L 06/26/2025 - 23:57:32: [SM]   [1] Line 138, C:\Users\Moises\Downloads\Compressed\sourcemod-1.11.0-git6968-windows\addons\sourcemod\scripting\ñankrunFixhealth.sp::IsTankRunActive
L 06/26/2025 - 23:57:32: [SM]   [2] Line 36, C:\Users\Moises\Downloads\Compressed\sourcemod-1.11.0-git6968-windows\addons\sourcemod\scripting\ñankrunFixhealth.sp::Timer_PeriodicCheck
L 06/26/2025 - 23:57:32: [SM] Exception reported: Invalid convar handle 0 (error 4)
L 06/26/2025 - 23:57:32: [SM] Blaming: ñankrunFixhealth.smx
L 06/26/2025 - 23:57:32: [SM] Call stack trace:
L 06/26/2025 - 23:57:32: [SM]   [0] GetConVarString
L 06/26/2025 - 23:57:32: [SM]   [1] Line 138, C:\Users\Moises\Downloads\Compressed\sourcemod-1.11.0-git6968-windows\addons\sourcemod\scripting\ñankrunFixhealth.sp::IsTankRunActive
L 06/26/2025 - 23:57:32: [SM]   [2] Line 79, C:\Users\Moises\Downloads\Compressed\sourcemod-1.11.0-git6968-windows\addons\sourcemod\scripting\ñankrunFixhealth.sp::Event_PlayerDeath
L 06/26/2025 - 23:57:32: [SM] Exception reported: Invalid convar handle 0 (error 4)
L 06/26/2025 - 23:57:32: [SM] Blaming: ñankrunFixhealth.smx
L 06/26/2025 - 23:57:32: [SM] Call stack trace:
L 06/26/2025 - 23:57:32: [SM]   [0] GetConVarString
L 06/26/2025 - 23:57:32: [SM]   [1] Line 138, C:\Users\Moises\Downloads\Compressed\sourcemod-1.11.0-git6968-windows\addons\sourcemod\scripting\ñankrunFixhealth.sp::IsTankRunActive
L 06/26/2025 - 23:57:32: [SM]   [2] Line 79, C:\Users\Moises\Downloads\Compressed\sourcemod-1.11.0-git6968-windows\addons\sourcemod\scripting\ñankrunFixhealth.sp::Event_PlayerDeath
L 06/26/2025 - 23:57:33: [SM] Exception reported: Invalid convar handle 0 (error 4)
L 06/26/2025 - 23:57:33: [SM] Blaming: ñankrunFixhealth.smx
L 06/26/2025 - 23:57:33: [SM] Call stack trace:
L 06/26/2025 - 23:57:33: [SM]   [0] GetConVarString
L 06/26/2025 - 23:57:33: [SM]   [1] Line 138, C:\Users\Moises\Downloads\Compressed\sourcemod-1.11.0-git6968-windows\addons\sourcemod\scripting\ñankrunFixhealth.sp::IsTankRunActive
L 06/26/2025 - 23:57:33: [SM]   [2] Line 79, C:\Users\Moises\Downloads\Compressed\sourcemod-1.11.0-git6968-windows\addons\sourcemod\scripting\ñankrunFixhealth.sp::Event_PlayerDeath
L 06/26/2025 - 23:57:34: [SM] Exception reported: Invalid convar handle 0 (error 4)
L 06/26/2025 - 23:57:34: [SM] Blaming: ñankrunFixhealth.smx
L 06/26/2025 - 23:57:34: [SM] Call stack trace:
L 06/26/2025 - 23:57:34: [SM]   [0] GetConVarString
L 06/26/2025 - 23:57:34: [SM]   [1] Line 138, C:\Users\Moises\Downloads\Compressed\sourcemod-1.11.0-git6968-windows\addons\sourcemod\scripting\ñankrunFixhealth.sp::IsTankRunActive
L 06/26/2025 - 23:57:34: [SM]   [2] Line 79, C:\Users\Moises\Downloads\Compressed\sourcemod-1.11.0-git6968-windows\addons\sourcemod\scripting\ñankrunFixhealth.sp::Event_PlayerDeath
L 06/26/2025 - 23:57:36: [SM] Exception reported: Invalid convar handle 0 (error 4)
L 06/26/2025 - 23:57:36: [SM] Blaming: ñankrunFixhealth.smx
L 06/26/2025 - 23:57:36: [SM] Call stack trace:
L 06/26/2025 - 23:57:36: [SM]   [0] GetConVarString
L 06/26/2025 - 23:57:36: [SM]   [1] Line 138, C:\Users\Moises\Downloads\Compressed\sourcemod-1.11.0-git6968-windows\addons\sourcemod\scripting\ñankrunFixhealth.sp::IsTankRunActive
L 06/26/2025 - 23:57:36: [SM]   [2] Line 79, C:\Users\Moises\Downloads\Compressed\sourcemod-1.11.0-git6968-windows\addons\sourcemod\scripting\ñankrunFixhealth.sp::Event_PlayerDeath
L 06/26/2025 - 23:57:37: [SM] Exception reported: Invalid convar handle 0 (error 4)
L 06/26/2025 - 23:57:37: [SM] Blaming: ñankrunFixhealth.smx
L 06/26/2025 - 23:57:37: [SM] Call stack trace:
L 06/26/2025 - 23:57:37: [SM]   [0] GetConVarString
L 06/26/2025 - 23:57:37: [SM]   [1] Line 138, C:\Users\Moises\Downloads\Compressed\sourcemod-1.11.0-git6968-windows\addons\sourcemod\scripting\ñankrunFixhealth.sp::IsTankRunActive
L 06/26/2025 - 23:57:37: [SM]   [2] Line 79, C:\Users\Moises\Downloads\Compressed\sourcemod-1.11.0-git6968-windows\addons\sourcemod\scripting\ñankrunFixhealth.sp::Event_PlayerDeath
L 06/26/2025 - 23:57:37: [SM] Exception reported: Invalid convar handle 0 (error 4)
L 06/26/2025 - 23:57:37: [SM] Blaming: ñankrunFixhealth.smx
L 06/26/2025 - 23:57:37: [SM] Call stack trace:
L 06/26/2025 - 23:57:37: [SM]   [0] GetConVarString
L 06/26/2025 - 23:57:37: [SM]   [1] Line 138, C:\Users\Moises\Downloads\Compressed\sourcemod-1.11.0-git6968-windows\addons\sourcemod\scripting\ñankrunFixhealth.sp::IsTankRunActive
L 06/26/2025 - 23:57:37: [SM]   [2] Line 79, C:\Users\Moises\Downloads\Compressed\sourcemod-1.11.0-git6968-windows\addons\sourcemod\scripting\ñankrunFixhealth.sp::Event_PlayerDeath
L 06/26/2025 - 23:57:42: [SM] Exception reported: Invalid convar handle 0 (error 4)
L 06/26/2025 - 23:57:42: [SM] Blaming: ñankrunFixhealth.smx
L 06/26/2025 - 23:57:42: [SM] Call stack trace:
L 06/26/2025 - 23:57:42: [SM]   [0] GetConVarString
L 06/26/2025 - 23:57:42: [SM]   [1] Line 138, C:\Users\Moises\Downloads\Compressed\sourcemod-1.11.0-git6968-windows\addons\sourcemod\scripting\ñankrunFixhealth.sp::IsTankRunActive
L 06/26/2025 - 23:57:42: [SM]   [2] Line 36, C:\Users\Moises\Downloads\Compressed\sourcemod-1.11.0-git6968-windows\addons\sourcemod\scripting\ñankrunFixhealth.sp::Timer_PeriodicCheck
L 06/26/2025 - 23:57:44: [SM] Exception reported: Invalid convar handle 0 (error 4)
L 06/26/2025 - 23:57:44: [SM] Blaming: ñankrunFixhealth.smx
L 06/26/2025 - 23:57:44: [SM] Call stack trace:
L 06/26/2025 - 23:57:44: [SM]   [0] GetConVarString
L 06/26/2025 - 23:57:44: [SM]   [1] Line 138, C:\Users\Moises\Downloads\Compressed\sourcemod-1.11.0-git6968-windows\addons\sourcemod\scripting\ñankrunFixhealth.sp::IsTankRunActive
L 06/26/2025 - 23:57:44: [SM]   [2] Line 79, C:\Users\Moises\Downloads\Compressed\sourcemod-1.11.0-git6968-windows\addons\sourcemod\scripting\ñankrunFixhealth.sp::Event_PlayerDeath
L 06/26/2025 - 23:57:46: [SM] Exception reported: Invalid convar handle 0 (error 4)
L 06/26/2025 - 23:57:46: [SM] Blaming: ñankrunFixhealth.smx
L 06/26/2025 - 23:57:46: [SM] Call stack trace:
L 06/26/2025 - 23:57:46: [SM]   [0] GetConVarString
L 06/26/2025 - 23:57:46: [SM]   [1] Line 138, C:\Users\Moises\Downloads\Compressed\sourcemod-1.11.0-git6968-windows\addons\sourcemod\scripting\ñankrunFixhealth.sp::IsTankRunActive
L 06/26/2025 - 23:57:46: [SM]   [2] Line 79, C:\Users\Moises\Downloads\Compressed\sourcemod-1.11.0-git6968-windows\addons\sourcemod\scripting\ñankrunFixhealth.sp::Event_PlayerDeath
L 06/26/2025 - 23:57:46: [SM] Exception reported: Invalid convar handle 0 (error 4)
L 06/26/2025 - 23:57:46: [SM] Blaming: ñankrunFixhealth.smx
L 06/26/2025 - 23:57:46: [SM] Call stack trace:
L 06/26/2025 - 23:57:46: [SM]   [0] GetConVarString
L 06/26/2025 - 23:57:46: [SM]   [1] Line 138, C:\Users\Moises\Downloads\Compressed\sourcemod-1.11.0-git6968-windows\addons\sourcemod\scripting\ñankrunFixhealth.sp::IsTankRunActive
L 06/26/2025 - 23:57:46: [SM]   [2] Line 79, C:\Users\Moises\Downloads\Compressed\sourcemod-1.11.0-git6968-windows\addons\sourcemod\scripting\ñankrunFixhealth.sp::Event_PlayerDeath
L 06/26/2025 - 23:57:49: [SM] Exception reported: Invalid convar handle 0 (error 4)
L 06/26/2025 - 23:57:49: [SM] Blaming: ñankrunFixhealth.smx
L 06/26/2025 - 23:57:49: [SM] Call stack trace:
L 06/26/2025 - 23:57:49: [SM]   [0] GetConVarString
L 06/26/2025 - 23:57:49: [SM]   [1] Line 138, C:\Users\Moises\Downloads\Compressed\sourcemod-1.11.0-git6968-windows\addons\sourcemod\scripting\ñankrunFixhealth.sp::IsTankRunActive
L 06/26/2025 - 23:57:49: [SM]   [2] Line 79, C:\Users\Moises\Downloads\Compressed\sourcemod-1.11.0-git6968-windows\addons\sourcemod\scripting\ñankrunFixhealth.sp::Event_PlayerDeath
L 06/26/2025 - 23:57:51: [SM] Exception reported: Invalid convar handle 0 (error 4)
L 06/26/2025 - 23:57:51: [SM] Blaming: ñankrunFixhealth.smx
L 06/26/2025 - 23:57:51: [SM] Call stack trace:
L 06/26/2025 - 23:57:51: [SM]   [0] GetConVarString
L 06/26/2025 - 23:57:51: [SM]   [1] Line 138, C:\Users\Moises\Downloads\Compressed\sourcemod-1.11.0-git6968-windows\addons\sourcemod\scripting\ñankrunFixhealth.sp::IsTankRunActive
L 06/26/2025 - 23:57:51: [SM]   [2] Line 79, C:\Users\Moises\Downloads\Compressed\sourcemod-1.11.0-git6968-windows\addons\sourcemod\scripting\ñankrunFixhealth.sp::Event_PlayerDeath
L 06/26/2025 - 23:57:52: [SM] Exception reported: Invalid convar handle 0 (error 4)
L 06/26/2025 - 23:57:52: [SM] Blaming: ñankrunFixhealth.smx
L 06/26/2025 - 23:57:52: [SM] Call stack trace:
L 06/26/2025 - 23:57:52: [SM]   [0] GetConVarString
L 06/26/2025 - 23:57:52: [SM]   [1] Line 138, C:\Users\Moises\Downloads\Compressed\sourcemod-1.11.0-git6968-windows\addons\sourcemod\scripting\ñankrunFixhealth.sp::IsTankRunActive
L 06/26/2025 - 23:57:52: [SM]   [2] Line 36, C:\Users\Moises\Downloads\Compressed\sourcemod-1.11.0-git6968-windows\addons\sourcemod\scripting\ñankrunFixhealth.sp::Timer_PeriodicCheck
L 06/26/2025 - 23:57:52: [SM] Exception reported: Invalid convar handle 0 (error 4)
L 06/26/2025 - 23:57:52: [SM] Blaming: ñankrunFixhealth.smx
L 06/26/2025 - 23:57:52: [SM] Call stack trace:
L 06/26/2025 - 23:57:52: [SM]   [0] GetConVarString
L 06/26/2025 - 23:57:52: [SM]   [1] Line 138, C:\Users\Moises\Downloads\Compressed\sourcemod-1.11.0-git6968-windows\addons\sourcemod\scripting\ñankrunFixhealth.sp::IsTankRunActive
L 06/26/2025 - 23:57:52: [SM]   [2] Line 79, C:\Users\Moises\Downloads\Compressed\sourcemod-1.11.0-git6968-windows\addons\sourcemod\scripting\ñankrunFixhealth.sp::Event_PlayerDeath
L 06/26/2025 - 23:57:53: [SM] Exception reported: Invalid convar handle 0 (error 4)
L 06/26/2025 - 23:57:54: [SM] Blaming: ñankrunFixhealth.smx
L 06/26/2025 - 23:57:54: [SM] Call stack trace:
L 06/26/2025 - 23:57:54: [SM]   [0] GetConVarString
L 06/26/2025 - 23:57:54: [SM]   [1] Line 138, C:\Users\Moises\Downloads\Compressed\sourcemod-1.11.0-git6968-windows\addons\sourcemod\scripting\ñankrunFixhealth.sp::IsTankRunActive
L 06/26/2025 - 23:57:54: [SM]   [2] Line 79, C:\Users\Moises\Downloads\Compressed\sourcemod-1.11.0-git6968-windows\addons\sourcemod\scripting\ñankrunFixhealth.sp::Event_PlayerDeath
L 06/26/2025 - 23:57:55: [SM] Exception reported: Invalid convar handle 0 (error 4)
L 06/26/2025 - 23:57:55: [SM] Blaming: ñankrunFixhealth.smx
L 06/26/2025 - 23:57:55: [SM] Call stack trace:
L 06/26/2025 - 23:57:55: [SM]   [0] GetConVarString
L 06/26/2025 - 23:57:55: [SM]   [1] Line 138, C:\Users\Moises\Downloads\Compressed\sourcemod-1.11.0-git6968-windows\addons\sourcemod\scripting\ñankrunFixhealth.sp::IsTankRunActive
L 06/26/2025 - 23:57:55: [SM]   [2] Line 79, C:\Users\Moises\Downloads\Compressed\sourcemod-1.11.0-git6968-windows\addons\sourcemod\scripting\ñankrunFixhealth.sp::Event_PlayerDeath
L 06/26/2025 - 23:57:55: [SM] Exception reported: Invalid convar handle 0 (error 4)
L 06/26/2025 - 23:57:55: [SM] Blaming: ñankrunFixhealth.smx
L 06/26/2025 - 23:57:55: [SM] Call stack trace:
L 06/26/2025 - 23:57:55: [SM]   [0] GetConVarString
L 06/26/2025 - 23:57:55: [SM]   [1] Line 138, C:\Users\Moises\Downloads\Compressed\sourcemod-1.11.0-git6968-windows\addons\sourcemod\scripting\ñankrunFixhealth.sp::IsTankRunActive
L 06/26/2025 - 23:57:55: [SM]   [2] Line 79, C:\Users\Moises\Downloads\Compressed\sourcemod-1.11.0-git6968-windows\addons\sourcemod\scripting\ñankrunFixhealth.sp::Event_PlayerDeath
L 06/26/2025 - 23:57:57: [SM] Exception reported: Invalid convar handle 0 (error 4)
L 06/26/2025 - 23:57:57: [SM] Blaming: ñankrunFixhealth.smx
L 06/26/2025 - 23:57:57: [SM] Call stack trace:
L 06/26/2025 - 23:57:57: [SM]   [0] GetConVarString
L 06/26/2025 - 23:57:57: [SM]   [1] Line 138, C:\Users\Moises\Downloads\Compressed\sourcemod-1.11.0-git6968-windows\addons\sourcemod\scripting\ñankrunFixhealth.sp::IsTankRunActive
L 06/26/2025 - 23:57:57: [SM]   [2] Line 79, C:\Users\Moises\Downloads\Compressed\sourcemod-1.11.0-git6968-windows\addons\sourcemod\scripting\ñankrunFixhealth.sp::Event_PlayerDeath
L 06/26/2025 - 23:57:59: [SM] Exception reported: Invalid convar handle 0 (error 4)
L 06/26/2025 - 23:57:59: [SM] Blaming: ñankrunFixhealth.smx
L 06/26/2025 - 23:57:59: [SM] Call stack trace:
L 06/26/2025 - 23:57:59: [SM]   [0] GetConVarString
L 06/26/2025 - 23:57:59: [SM]   [1] Line 138, C:\Users\Moises\Downloads\Compressed\sourcemod-1.11.0-git6968-windows\addons\sourcemod\scripting\ñankrunFixhealth.sp::IsTankRunActive
L 06/26/2025 - 23:57:59: [SM]   [2] Line 79, C:\Users\Moises\Downloads\Compressed\sourcemod-1.11.0-git6968-windows\addons\sourcemod\scripting\ñankrunFixhealth.sp::Event_PlayerDeath
L 06/26/2025 - 23:58:00: [SM] Exception reported: Invalid convar handle 0 (error 4)
L 06/26/2025 - 23:58:00: [SM] Blaming: ñankrunFixhealth.smx
L 06/26/2025 - 23:58:00: [SM] Call stack trace:
L 06/26/2025 - 23:58:00: [SM]   [0] GetConVarString
L 06/26/2025 - 23:58:00: [SM]   [1] Line 138, C:\Users\Moises\Downloads\Compressed\sourcemod-1.11.0-git6968-windows\addons\sourcemod\scripting\ñankrunFixhealth.sp::IsTankRunActive
L 06/26/2025 - 23:58:00: [SM]   [2] Line 79, C:\Users\Moises\Downloads\Compressed\sourcemod-1.11.0-git6968-windows\addons\sourcemod\scripting\ñankrunFixhealth.sp::Event_PlayerDeath
L 06/26/2025 - 23:58:02: [SM] Exception reported: Invalid convar handle 0 (error 4)
L 06/26/2025 - 23:58:02: [SM] Blaming: ñankrunFixhealth.smx
L 06/26/2025 - 23:58:02: [SM] Call stack trace:
L 06/26/2025 - 23:58:02: [SM]   [0] GetConVarString
L 06/26/2025 - 23:58:02: [SM]   [1] Line 138, C:\Users\Moises\Downloads\Compressed\sourcemod-1.11.0-git6968-windows\addons\sourcemod\scripting\ñankrunFixhealth.sp::IsTankRunActive
L 06/26/2025 - 23:58:02: [SM]   [2] Line 36, C:\Users\Moises\Downloads\Compressed\sourcemod-1.11.0-git6968-windows\addons\sourcemod\scripting\ñankrunFixhealth.sp::Timer_PeriodicCheck
L 06/26/2025 - 23:58:12: [SM] Exception reported: Invalid convar handle 0 (error 4)
L 06/26/2025 - 23:58:12: [SM] Blaming: ñankrunFixhealth.smx
L 06/26/2025 - 23:58:12: [SM] Call stack trace:
L 06/26/2025 - 23:58:12: [SM]   [0] GetConVarString
L 06/26/2025 - 23:58:12: [SM]   [1] Line 138, C:\Users\Moises\Downloads\Compressed\sourcemod-1.11.0-git6968-windows\addons\sourcemod\scripting\ñankrunFixhealth.sp::IsTankRunActive
L 06/26/2025 - 23:58:12: [SM]   [2] Line 36, C:\Users\Moises\Downloads\Compressed\sourcemod-1.11.0-git6968-windows\addons\sourcemod\scripting\ñankrunFixhealth.sp::Timer_PeriodicCheck
L 06/26/2025 - 23:58:22: [SM] Exception reported: Invalid convar handle 0 (error 4)
L 06/26/2025 - 23:58:22: [SM] Blaming: ñankrunFixhealth.smx
L 06/26/2025 - 23:58:22: [SM] Call stack trace:
L 06/26/2025 - 23:58:22: [SM]   [0] GetConVarString
L 06/26/2025 - 23:58:22: [SM]   [1] Line 138, C:\Users\Moises\Downloads\Compressed\sourcemod-1.11.0-git6968-windows\addons\sourcemod\scripting\ñankrunFixhealth.sp::IsTankRunActive
L 06/26/2025 - 23:58:22: [SM]   [2] Line 36, C:\Users\Moises\Downloads\Compressed\sourcemod-1.11.0-git6968-windows\addons\sourcemod\scripting\ñankrunFixhealth.sp::Timer_PeriodicCheck
L 06/26/2025 - 23:58:32: [SM] Exception reported: Invalid convar handle 0 (error 4)
L 06/26/2025 - 23:58:32: [SM] Blaming: ñankrunFixhealth.smx
L 06/26/2025 - 23:58:32: [SM] Call stack trace:
L 06/26/2025 - 23:58:32: [SM]   [0] GetConVarString
L 06/26/2025 - 23:58:32: [SM]   [1] Line 138, C:\Users\Moises\Downloads\Compressed\sourcemod-1.11.0-git6968-windows\addons\sourcemod\scripting\ñankrunFixhealth.sp::IsTankRunActive
L 06/26/2025 - 23:58:32: [SM]   [2] Line 36, C:\Users\Moises\Downloads\Compressed\sourcemod-1.11.0-git6968-windows\addons\sourcemod\scripting\ñankrunFixhealth.sp::Timer_PeriodicCheck
L 06/26/2025 - 23:58:38: [SM] Exception reported: Invalid convar handle 0 (error 4)
L 06/26/2025 - 23:58:38: [SM] Blaming: ñankrunFixhealth.smx
L 06/26/2025 - 23:58:38: [SM] Call stack trace:
L 06/26/2025 - 23:58:38: [SM]   [0] GetConVarString
L 06/26/2025 - 23:58:38: [SM]   [1] Line 138, C:\Users\Moises\Downloads\Compressed\sourcemod-1.11.0-git6968-windows\addons\sourcemod\scripting\ñankrunFixhealth.sp::IsTankRunActive
L 06/26/2025 - 23:58:38: [SM]   [2] Line 79, C:\Users\Moises\Downloads\Compressed\sourcemod-1.11.0-git6968-windows\addons\sourcemod\scripting\ñankrunFixhealth.sp::Event_PlayerDeath
L 06/26/2025 - 23:58:38: [SM] Exception reported: Invalid convar handle 0 (error 4)
L 06/26/2025 - 23:58:38: [SM] Blaming: ñankrunFixhealth.smx
L 06/26/2025 - 23:58:38: [SM] Call stack trace:
L 06/26/2025 - 23:58:38: [SM]   [0] GetConVarString
L 06/26/2025 - 23:58:38: [SM]   [1] Line 138, C:\Users\Moises\Downloads\Compressed\sourcemod-1.11.0-git6968-windows\addons\sourcemod\scripting\ñankrunFixhealth.sp::IsTankRunActive
L 06/26/2025 - 23:58:38: [SM]   [2] Line 79, C:\Users\Moises\Downloads\Compressed\sourcemod-1.11.0-git6968-windows\addons\sourcemod\scripting\ñankrunFixhealth.sp::Event_PlayerDeath
L 06/26/2025 - 23:58:38: [SM] Exception reported: Invalid convar handle 0 (error 4)
L 06/26/2025 - 23:58:38: [SM] Blaming: ñankrunFixhealth.smx
L 06/26/2025 - 23:58:38: [SM] Call stack trace:
L 06/26/2025 - 23:58:38: [SM]   [0] GetConVarString
L 06/26/2025 - 23:58:38: [SM]   [1] Line 138, C:\Users\Moises\Downloads\Compressed\sourcemod-1.11.0-git6968-windows\addons\sourcemod\scripting\ñankrunFixhealth.sp::IsTankRunActive
L 06/26/2025 - 23:58:38: [SM]   [2] Line 79, C:\Users\Moises\Downloads\Compressed\sourcemod-1.11.0-git6968-windows\addons\sourcemod\scripting\ñankrunFixhealth.sp::Event_PlayerDeath
L 06/26/2025 - 23:58:40: [SM] Exception reported: Invalid convar handle 0 (error 4)
L 06/26/2025 - 23:58:40: [SM] Blaming: ñankrunFixhealth.smx
L 06/26/2025 - 23:58:40: [SM] Call stack trace:
L 06/26/2025 - 23:58:40: [SM]   [0] GetConVarString
L 06/26/2025 - 23:58:40: [SM]   [1] Line 138, C:\Users\Moises\Downloads\Compressed\sourcemod-1.11.0-git6968-windows\addons\sourcemod\scripting\ñankrunFixhealth.sp::IsTankRunActive
L 06/26/2025 - 23:58:40: [SM]   [2] Line 79, C:\Users\Moises\Downloads\Compressed\sourcemod-1.11.0-git6968-windows\addons\sourcemod\scripting\ñankrunFixhealth.sp::Event_PlayerDeath
L 06/26/2025 - 23:58:40: [SM] Exception reported: Invalid convar handle 0 (error 4)
L 06/26/2025 - 23:58:40: [SM] Blaming: ñankrunFixhealth.smx
L 06/26/2025 - 23:58:40: [SM] Call stack trace:
L 06/26/2025 - 23:58:40: [SM]   [0] GetConVarString
L 06/26/2025 - 23:58:40: [SM]   [1] Line 138, C:\Users\Moises\Downloads\Compressed\sourcemod-1.11.0-git6968-windows\addons\sourcemod\scripting\ñankrunFixhealth.sp::IsTankRunActive
L 06/26/2025 - 23:58:40: [SM]   [2] Line 79, C:\Users\Moises\Downloads\Compressed\sourcemod-1.11.0-git6968-windows\addons\sourcemod\scripting\ñankrunFixhealth.sp::Event_PlayerDeath
L 06/26/2025 - 23:58:40: [SM] Exception reported: Invalid convar handle 0 (error 4)
L 06/26/2025 - 23:58:40: [SM] Blaming: ñankrunFixhealth.smx
L 06/26/2025 - 23:58:40: [SM] Call stack trace:
L 06/26/2025 - 23:58:40: [SM]   [0] GetConVarString
L 06/26/2025 - 23:58:40: [SM]   [1] Line 138, C:\Users\Moises\Downloads\Compressed\sourcemod-1.11.0-git6968-windows\addons\sourcemod\scripting\ñankrunFixhealth.sp::IsTankRunActive
L 06/26/2025 - 23:58:40: [SM]   [2] Line 79, C:\Users\Moises\Downloads\Compressed\sourcemod-1.11.0-git6968-windows\addons\sourcemod\scripting\ñankrunFixhealth.sp::Event_PlayerDeath
L 06/26/2025 - 23:58:40: [SM] Exception reported: Invalid convar handle 0 (error 4)
L 06/26/2025 - 23:58:40: [SM] Blaming: ñankrunFixhealth.smx
L 06/26/2025 - 23:58:40: [SM] Call stack trace:
L 06/26/2025 - 23:58:40: [SM]   [0] GetConVarString
L 06/26/2025 - 23:58:40: [SM]   [1] Line 138, C:\Users\Moises\Downloads\Compressed\sourcemod-1.11.0-git6968-windows\addons\sourcemod\scripting\ñankrunFixhealth.sp::IsTankRunActive
L 06/26/2025 - 23:58:40: [SM]   [2] Line 79, C:\Users\Moises\Downloads\Compressed\sourcemod-1.11.0-git6968-windows\addons\sourcemod\scripting\ñankrunFixhealth.sp::Event_PlayerDeath
L 06/26/2025 - 23:58:42: [SM] Exception reported: Invalid convar handle 0 (error 4)
L 06/26/2025 - 23:58:42: [SM] Blaming: ñankrunFixhealth.smx
L 06/26/2025 - 23:58:42: [SM] Call stack trace:
L 06/26/2025 - 23:58:42: [SM]   [0] GetConVarString
L 06/26/2025 - 23:58:42: [SM]   [1] Line 138, C:\Users\Moises\Downloads\Compressed\sourcemod-1.11.0-git6968-windows\addons\sourcemod\scripting\ñankrunFixhealth.sp::IsTankRunActive
L 06/26/2025 - 23:58:42: [SM]   [2] Line 36, C:\Users\Moises\Downloads\Compressed\sourcemod-1.11.0-git6968-windows\addons\sourcemod\scripting\ñankrunFixhealth.sp::Timer_PeriodicCheck
L 06/26/2025 - 23:58:43: [SM] Exception reported: Invalid convar handle 0 (error 4)
L 06/26/2025 - 23:58:43: [SM] Blaming: ñankrunFixhealth.smx
L 06/26/2025 - 23:58:43: [SM] Call stack trace:
L 06/26/2025 - 23:58:43: [SM]   [0] GetConVarString
L 06/26/2025 - 23:58:43: [SM]   [1] Line 138, C:\Users\Moises\Downloads\Compressed\sourcemod-1.11.0-git6968-windows\addons\sourcemod\scripting\ñankrunFixhealth.sp::IsTankRunActive
L 06/26/2025 - 23:58:43: [SM]   [2] Line 79, C:\Users\Moises\Downloads\Compressed\sourcemod-1.11.0-git6968-windows\addons\sourcemod\scripting\ñankrunFixhealth.sp::Event_PlayerDeath
L 06/26/2025 - 23:58:46: [SM] Exception reported: Invalid convar handle 0 (error 4)
L 06/26/2025 - 23:58:46: [SM] Blaming: ñankrunFixhealth.smx
L 06/26/2025 - 23:58:46: [SM] Call stack trace:
L 06/26/2025 - 23:58:46: [SM]   [0] GetConVarString
L 06/26/2025 - 23:58:46: [SM]   [1] Line 138, C:\Users\Moises\Downloads\Compressed\sourcemod-1.11.0-git6968-windows\addons\sourcemod\scripting\ñankrunFixhealth.sp::IsTankRunActive
L 06/26/2025 - 23:58:46: [SM]   [2] Line 79, C:\Users\Moises\Downloads\Compressed\sourcemod-1.11.0-git6968-windows\addons\sourcemod\scripting\ñankrunFixhealth.sp::Event_PlayerDeath
L 06/26/2025 - 23:58:48: [SM] Exception reported: Invalid convar handle 0 (error 4)
L 06/26/2025 - 23:58:48: [SM] Blaming: ñankrunFixhealth.smx
L 06/26/2025 - 23:58:48: [SM] Call stack trace:
L 06/26/2025 - 23:58:48: [SM]   [0] GetConVarString
L 06/26/2025 - 23:58:48: [SM]   [1] Line 138, C:\Users\Moises\Downloads\Compressed\sourcemod-1.11.0-git6968-windows\addons\sourcemod\scripting\ñankrunFixhealth.sp::IsTankRunActive
L 06/26/2025 - 23:58:48: [SM]   [2] Line 79, C:\Users\Moises\Downloads\Compressed\sourcemod-1.11.0-git6968-windows\addons\sourcemod\scripting\ñankrunFixhealth.sp::Event_PlayerDeath
L 06/26/2025 - 23:58:50: [SM] Exception reported: Invalid convar handle 0 (error 4)
L 06/26/2025 - 23:58:50: [SM] Blaming: ñankrunFixhealth.smx
L 06/26/2025 - 23:58:50: [SM] Call stack trace:
L 06/26/2025 - 23:58:50: [SM]   [0] GetConVarString
L 06/26/2025 - 23:58:50: [SM]   [1] Line 138, C:\Users\Moises\Downloads\Compressed\sourcemod-1.11.0-git6968-windows\addons\sourcemod\scripting\ñankrunFixhealth.sp::IsTankRunActive
L 06/26/2025 - 23:58:50: [SM]   [2] Line 79, C:\Users\Moises\Downloads\Compressed\sourcemod-1.11.0-git6968-windows\addons\sourcemod\scripting\ñankrunFixhealth.sp::Event_PlayerDeath
L 06/26/2025 - 23:58:51: [SM] Exception reported: Invalid convar handle 0 (error 4)
L 06/26/2025 - 23:58:51: [SM] Blaming: ñankrunFixhealth.smx
L 06/26/2025 - 23:58:51: [SM] Call stack trace:
L 06/26/2025 - 23:58:51: [SM]   [0] GetConVarString
L 06/26/2025 - 23:58:51: [SM]   [1] Line 138, C:\Users\Moises\Downloads\Compressed\sourcemod-1.11.0-git6968-windows\addons\sourcemod\scripting\ñankrunFixhealth.sp::IsTankRunActive
L 06/26/2025 - 23:58:51: [SM]   [2] Line 79, C:\Users\Moises\Downloads\Compressed\sourcemod-1.11.0-git6968-windows\addons\sourcemod\scripting\ñankrunFixhealth.sp::Event_PlayerDeath
L 06/26/2025 - 23:58:51: [SM] Exception reported: Invalid convar handle 0 (error 4)
L 06/26/2025 - 23:58:51: [SM] Blaming: ñankrunFixhealth.smx
L 06/26/2025 - 23:58:51: [SM] Call stack trace:
L 06/26/2025 - 23:58:51: [SM]   [0] GetConVarString
L 06/26/2025 - 23:58:51: [SM]   [1] Line 138, C:\Users\Moises\Downloads\Compressed\sourcemod-1.11.0-git6968-windows\addons\sourcemod\scripting\ñankrunFixhealth.sp::IsTankRunActive
L 06/26/2025 - 23:58:51: [SM]   [2] Line 79, C:\Users\Moises\Downloads\Compressed\sourcemod-1.11.0-git6968-windows\addons\sourcemod\scripting\ñankrunFixhealth.sp::Event_PlayerDeath
L 06/26/2025 - 23:58:52: [SM] Exception reported: Invalid convar handle 0 (error 4)
L 06/26/2025 - 23:58:52: [SM] Blaming: ñankrunFixhealth.smx
L 06/26/2025 - 23:58:52: [SM] Call stack trace:
L 06/26/2025 - 23:58:52: [SM]   [0] GetConVarString
L 06/26/2025 - 23:58:52: [SM]   [1] Line 138, C:\Users\Moises\Downloads\Compressed\sourcemod-1.11.0-git6968-windows\addons\sourcemod\scripting\ñankrunFixhealth.sp::IsTankRunActive
L 06/26/2025 - 23:58:52: [SM]   [2] Line 79, C:\Users\Moises\Downloads\Compressed\sourcemod-1.11.0-git6968-windows\addons\sourcemod\scripting\ñankrunFixhealth.sp::Event_PlayerDeath
L 06/26/2025 - 23:58:52: [SM] Exception reported: Invalid convar handle 0 (error 4)
L 06/26/2025 - 23:58:52: [SM] Blaming: ñankrunFixhealth.smx
L 06/26/2025 - 23:58:52: [SM] Call stack trace:
L 06/26/2025 - 23:58:52: [SM]   [0] GetConVarString
L 06/26/2025 - 23:58:52: [SM]   [1] Line 138, C:\Users\Moises\Downloads\Compressed\sourcemod-1.11.0-git6968-windows\addons\sourcemod\scripting\ñankrunFixhealth.sp::IsTankRunActive
L 06/26/2025 - 23:58:52: [SM]   [2] Line 79, C:\Users\Moises\Downloads\Compressed\sourcemod-1.11.0-git6968-windows\addons\sourcemod\scripting\ñankrunFixhealth.sp::Event_PlayerDeath
L 06/26/2025 - 23:58:52: [SM] Exception reported: Invalid convar handle 0 (error 4)
L 06/26/2025 - 23:58:52: [SM] Blaming: ñankrunFixhealth.smx
L 06/26/2025 - 23:58:52: [SM] Call stack trace:
L 06/26/2025 - 23:58:52: [SM]   [0] GetConVarString
L 06/26/2025 - 23:58:52: [SM]   [1] Line 138, C:\Users\Moises\Downloads\Compressed\sourcemod-1.11.0-git6968-windows\addons\sourcemod\scripting\ñankrunFixhealth.sp::IsTankRunActive
L 06/26/2025 - 23:58:52: [SM]   [2] Line 36, C:\Users\Moises\Downloads\Compressed\sourcemod-1.11.0-git6968-windows\addons\sourcemod\scripting\ñankrunFixhealth.sp::Timer_PeriodicCheck
L 06/26/2025 - 23:58:53: [SM] Exception reported: Invalid convar handle 0 (error 4)
L 06/26/2025 - 23:58:53: [SM] Blaming: ñankrunFixhealth.smx
L 06/26/2025 - 23:58:53: [SM] Call stack trace:
L 06/26/2025 - 23:58:53: [SM]   [0] GetConVarString
L 06/26/2025 - 23:58:53: [SM]   [1] Line 138, C:\Users\Moises\Downloads\Compressed\sourcemod-1.11.0-git6968-windows\addons\sourcemod\scripting\ñankrunFixhealth.sp::IsTankRunActive
L 06/26/2025 - 23:58:53: [SM]   [2] Line 79, C:\Users\Moises\Downloads\Compressed\sourcemod-1.11.0-git6968-windows\addons\sourcemod\scripting\ñankrunFixhealth.sp::Event_PlayerDeath
L 06/26/2025 - 23:58:55: [SM] Exception reported: Invalid convar handle 0 (error 4)
L 06/26/2025 - 23:58:55: [SM] Blaming: ñankrunFixhealth.smx
L 06/26/2025 - 23:58:55: [SM] Call stack trace:
L 06/26/2025 - 23:58:55: [SM]   [0] GetConVarString
L 06/26/2025 - 23:58:55: [SM]   [1] Line 138, C:\Users\Moises\Downloads\Compressed\sourcemod-1.11.0-git6968-windows\addons\sourcemod\scripting\ñankrunFixhealth.sp::IsTankRunActive
L 06/26/2025 - 23:58:55: [SM]   [2] Line 79, C:\Users\Moises\Downloads\Compressed\sourcemod-1.11.0-git6968-windows\addons\sourcemod\scripting\ñankrunFixhealth.sp::Event_PlayerDeath
L 06/26/2025 - 23:58:55: [SM] Exception reported: Invalid convar handle 0 (error 4)
L 06/26/2025 - 23:58:55: [SM] Blaming: ñankrunFixhealth.smx
L 06/26/2025 - 23:58:55: [SM] Call stack trace:
L 06/26/2025 - 23:58:55: [SM]   [0] GetConVarString
L 06/26/2025 - 23:58:55: [SM]   [1] Line 138, C:\Users\Moises\Downloads\Compressed\sourcemod-1.11.0-git6968-windows\addons\sourcemod\scripting\ñankrunFixhealth.sp::IsTankRunActive
L 06/26/2025 - 23:58:55: [SM]   [2] Line 79, C:\Users\Moises\Downloads\Compressed\sourcemod-1.11.0-git6968-windows\addons\sourcemod\scripting\ñankrunFixhealth.sp::Event_PlayerDeath
L 06/26/2025 - 23:58:55: [SM] Exception reported: Invalid convar handle 0 (error 4)
L 06/26/2025 - 23:58:55: [SM] Blaming: ñankrunFixhealth.smx
L 06/26/2025 - 23:58:55: [SM] Call stack trace:
L 06/26/2025 - 23:58:55: [SM]   [0] GetConVarString
L 06/26/2025 - 23:58:55: [SM]   [1] Line 138, C:\Users\Moises\Downloads\Compressed\sourcemod-1.11.0-git6968-windows\addons\sourcemod\scripting\ñankrunFixhealth.sp::IsTankRunActive
L 06/26/2025 - 23:58:55: [SM]   [2] Line 79, C:\Users\Moises\Downloads\Compressed\sourcemod-1.11.0-git6968-windows\addons\sourcemod\scripting\ñankrunFixhealth.sp::Event_PlayerDeath
L 06/26/2025 - 23:58:55: [SM] Exception reported: Invalid convar handle 0 (error 4)
L 06/26/2025 - 23:58:55: [SM] Blaming: ñankrunFixhealth.smx
L 06/26/2025 - 23:58:55: [SM] Call stack trace:
L 06/26/2025 - 23:58:55: [SM]   [0] GetConVarString
L 06/26/2025 - 23:58:55: [SM]   [1] Line 138, C:\Users\Moises\Downloads\Compressed\sourcemod-1.11.0-git6968-windows\addons\sourcemod\scripting\ñankrunFixhealth.sp::IsTankRunActive
L 06/26/2025 - 23:58:55: [SM]   [2] Line 79, C:\Users\Moises\Downloads\Compressed\sourcemod-1.11.0-git6968-windows\addons\sourcemod\scripting\ñankrunFixhealth.sp::Event_PlayerDeath
L 06/26/2025 - 23:58:57: [SM] Exception reported: Invalid convar handle 0 (error 4)
L 06/26/2025 - 23:58:57: [SM] Blaming: ñankrunFixhealth.smx
L 06/26/2025 - 23:58:57: [SM] Call stack trace:
L 06/26/2025 - 23:58:57: [SM]   [0] GetConVarString
L 06/26/2025 - 23:58:57: [SM]   [1] Line 138, C:\Users\Moises\Downloads\Compressed\sourcemod-1.11.0-git6968-windows\addons\sourcemod\scripting\ñankrunFixhealth.sp::IsTankRunActive
L 06/26/2025 - 23:58:57: [SM]   [2] Line 79, C:\Users\Moises\Downloads\Compressed\sourcemod-1.11.0-git6968-windows\addons\sourcemod\scripting\ñankrunFixhealth.sp::Event_PlayerDeath
L 06/26/2025 - 23:58:57: [SM] Exception reported: Invalid convar handle 0 (error 4)
L 06/26/2025 - 23:58:57: [SM] Blaming: ñankrunFixhealth.smx
L 06/26/2025 - 23:58:57: [SM] Call stack trace:
L 06/26/2025 - 23:58:57: [SM]   [0] GetConVarString
L 06/26/2025 - 23:58:57: [SM]   [1] Line 138, C:\Users\Moises\Downloads\Compressed\sourcemod-1.11.0-git6968-windows\addons\sourcemod\scripting\ñankrunFixhealth.sp::IsTankRunActive
L 06/26/2025 - 23:58:57: [SM]   [2] Line 79, C:\Users\Moises\Downloads\Compressed\sourcemod-1.11.0-git6968-windows\addons\sourcemod\scripting\ñankrunFixhealth.sp::Event_PlayerDeath
L 06/26/2025 - 23:58:58: [SM] Exception reported: Invalid convar handle 0 (error 4)
L 06/26/2025 - 23:58:58: [SM] Blaming: ñankrunFixhealth.smx
L 06/26/2025 - 23:58:58: [SM] Call stack trace:
L 06/26/2025 - 23:58:58: [SM]   [0] GetConVarString
L 06/26/2025 - 23:58:58: [SM]   [1] Line 138, C:\Users\Moises\Downloads\Compressed\sourcemod-1.11.0-git6968-windows\addons\sourcemod\scripting\ñankrunFixhealth.sp::IsTankRunActive
L 06/26/2025 - 23:58:58: [SM]   [2] Line 79, C:\Users\Moises\Downloads\Compressed\sourcemod-1.11.0-git6968-windows\addons\sourcemod\scripting\ñankrunFixhealth.sp::Event_PlayerDeath
L 06/26/2025 - 23:58:58: [SM] Exception reported: Invalid convar handle 0 (error 4)
L 06/26/2025 - 23:58:58: [SM] Blaming: ñankrunFixhealth.smx
L 06/26/2025 - 23:58:58: [SM] Call stack trace:
L 06/26/2025 - 23:58:58: [SM]   [0] GetConVarString
L 06/26/2025 - 23:58:58: [SM]   [1] Line 138, C:\Users\Moises\Downloads\Compressed\sourcemod-1.11.0-git6968-windows\addons\sourcemod\scripting\ñankrunFixhealth.sp::IsTankRunActive
L 06/26/2025 - 23:58:58: [SM]   [2] Line 79, C:\Users\Moises\Downloads\Compressed\sourcemod-1.11.0-git6968-windows\addons\sourcemod\scripting\ñankrunFixhealth.sp::Event_PlayerDeath
L 06/26/2025 - 23:58:58: [SM] Exception reported: Invalid convar handle 0 (error 4)
L 06/26/2025 - 23:58:58: [SM] Blaming: ñankrunFixhealth.smx
L 06/26/2025 - 23:58:58: [SM] Call stack trace:
L 06/26/2025 - 23:58:58: [SM]   [0] GetConVarString
L 06/26/2025 - 23:58:58: [SM]   [1] Line 138, C:\Users\Moises\Downloads\Compressed\sourcemod-1.11.0-git6968-windows\addons\sourcemod\scripting\ñankrunFixhealth.sp::IsTankRunActive
L 06/26/2025 - 23:58:58: [SM]   [2] Line 79, C:\Users\Moises\Downloads\Compressed\sourcemod-1.11.0-git6968-windows\addons\sourcemod\scripting\ñankrunFixhealth.sp::Event_PlayerDeath
L 06/26/2025 - 23:58:58: [SM] Exception reported: Invalid convar handle 0 (error 4)
L 06/26/2025 - 23:58:58: [SM] Blaming: ñankrunFixhealth.smx
L 06/26/2025 - 23:58:58: [SM] Call stack trace:
L 06/26/2025 - 23:58:58: [SM]   [0] GetConVarString
L 06/26/2025 - 23:58:58: [SM]   [1] Line 138, C:\Users\Moises\Downloads\Compressed\sourcemod-1.11.0-git6968-windows\addons\sourcemod\scripting\ñankrunFixhealth.sp::IsTankRunActive
L 06/26/2025 - 23:58:58: [SM]   [2] Line 79, C:\Users\Moises\Downloads\Compressed\sourcemod-1.11.0-git6968-windows\addons\sourcemod\scripting\ñankrunFixhealth.sp::Event_PlayerDeath
L 06/26/2025 - 23:58:58: [SM] Exception reported: Invalid convar handle 0 (error 4)
L 06/26/2025 - 23:58:58: [SM] Blaming: ñankrunFixhealth.smx
L 06/26/2025 - 23:58:58: [SM] Call stack trace:
L 06/26/2025 - 23:58:58: [SM]   [0] GetConVarString
L 06/26/2025 - 23:58:58: [SM]   [1] Line 138, C:\Users\Moises\Downloads\Compressed\sourcemod-1.11.0-git6968-windows\addons\sourcemod\scripting\ñankrunFixhealth.sp::IsTankRunActive
L 06/26/2025 - 23:58:58: [SM]   [2] Line 79, C:\Users\Moises\Downloads\Compressed\sourcemod-1.11.0-git6968-windows\addons\sourcemod\scripting\ñankrunFixhealth.sp::Event_PlayerDeath
L 06/26/2025 - 23:58:58: [SM] Exception reported: Invalid convar handle 0 (error 4)
L 06/26/2025 - 23:58:58: [SM] Blaming: ñankrunFixhealth.smx
L 06/26/2025 - 23:58:58: [SM] Call stack trace:
L 06/26/2025 - 23:58:58: [SM]   [0] GetConVarString
L 06/26/2025 - 23:58:58: [SM]   [1] Line 138, C:\Users\Moises\Downloads\Compressed\sourcemod-1.11.0-git6968-windows\addons\sourcemod\scripting\ñankrunFixhealth.sp::IsTankRunActive
L 06/26/2025 - 23:58:58: [SM]   [2] Line 79, C:\Users\Moises\Downloads\Compressed\sourcemod-1.11.0-git6968-windows\addons\sourcemod\scripting\ñankrunFixhealth.sp::Event_PlayerDeath
L 06/26/2025 - 23:59:00: [SM] Exception reported: Invalid convar handle 0 (error 4)
L 06/26/2025 - 23:59:00: [SM] Blaming: ñankrunFixhealth.smx
L 06/26/2025 - 23:59:00: [SM] Call stack trace:
L 06/26/2025 - 23:59:00: [SM]   [0] GetConVarString
L 06/26/2025 - 23:59:00: [SM]   [1] Line 138, C:\Users\Moises\Downloads\Compressed\sourcemod-1.11.0-git6968-windows\addons\sourcemod\scripting\ñankrunFixhealth.sp::IsTankRunActive
L 06/26/2025 - 23:59:00: [SM]   [2] Line 79, C:\Users\Moises\Downloads\Compressed\sourcemod-1.11.0-git6968-windows\addons\sourcemod\scripting\ñankrunFixhealth.sp::Event_PlayerDeath
L 06/26/2025 - 23:59:00: [SM] Exception reported: Invalid convar handle 0 (error 4)
L 06/26/2025 - 23:59:00: [SM] Blaming: ñankrunFixhealth.smx
L 06/26/2025 - 23:59:00: [SM] Call stack trace:
L 06/26/2025 - 23:59:00: [SM]   [0] GetConVarString
L 06/26/2025 - 23:59:00: [SM]   [1] Line 138, C:\Users\Moises\Downloads\Compressed\sourcemod-1.11.0-git6968-windows\addons\sourcemod\scripting\ñankrunFixhealth.sp::IsTankRunActive
L 06/26/2025 - 23:59:00: [SM]   [2] Line 79, C:\Users\Moises\Downloads\Compressed\sourcemod-1.11.0-git6968-windows\addons\sourcemod\scripting\ñankrunFixhealth.sp::Event_PlayerDeath
L 06/26/2025 - 23:59:00: [SM] Exception reported: Invalid convar handle 0 (error 4)
L 06/26/2025 - 23:59:00: [SM] Blaming: ñankrunFixhealth.smx
L 06/26/2025 - 23:59:00: [SM] Call stack trace:
L 06/26/2025 - 23:59:00: [SM]   [0] GetConVarString
L 06/26/2025 - 23:59:00: [SM]   [1] Line 138, C:\Users\Moises\Downloads\Compressed\sourcemod-1.11.0-git6968-windows\addons\sourcemod\scripting\ñankrunFixhealth.sp::IsTankRunActive
L 06/26/2025 - 23:59:00: [SM]   [2] Line 79, C:\Users\Moises\Downloads\Compressed\sourcemod-1.11.0-git6968-windows\addons\sourcemod\scripting\ñankrunFixhealth.sp::Event_PlayerDeath
L 06/26/2025 - 23:59:00: [SM] Exception reported: Invalid convar handle 0 (error 4)
L 06/26/2025 - 23:59:00: [SM] Blaming: ñankrunFixhealth.smx
L 06/26/2025 - 23:59:00: [SM] Call stack trace:
L 06/26/2025 - 23:59:00: [SM]   [0] GetConVarString
L 06/26/2025 - 23:59:00: [SM]   [1] Line 138, C:\Users\Moises\Downloads\Compressed\sourcemod-1.11.0-git6968-windows\addons\sourcemod\scripting\ñankrunFixhealth.sp::IsTankRunActive
L 06/26/2025 - 23:59:00: [SM]   [2] Line 79, C:\Users\Moises\Downloads\Compressed\sourcemod-1.11.0-git6968-windows\addons\sourcemod\scripting\ñankrunFixhealth.sp::Event_PlayerDeath
L 06/26/2025 - 23:59:01: [SM] Exception reported: Invalid convar handle 0 (error 4)
L 06/26/2025 - 23:59:01: [SM] Blaming: ñankrunFixhealth.smx
L 06/26/2025 - 23:59:01: [SM] Call stack trace:
L 06/26/2025 - 23:59:01: [SM]   [0] GetConVarString
L 06/26/2025 - 23:59:01: [SM]   [1] Line 138, C:\Users\Moises\Downloads\Compressed\sourcemod-1.11.0-git6968-windows\addons\sourcemod\scripting\ñankrunFixhealth.sp::IsTankRunActive
L 06/26/2025 - 23:59:01: [SM]   [2] Line 79, C:\Users\Moises\Downloads\Compressed\sourcemod-1.11.0-git6968-windows\addons\sourcemod\scripting\ñankrunFixhealth.sp::Event_PlayerDeath
L 06/26/2025 - 23:59:01: [SM] Exception reported: Invalid convar handle 0 (error 4)
L 06/26/2025 - 23:59:01: [SM] Blaming: ñankrunFixhealth.smx
L 06/26/2025 - 23:59:01: [SM] Call stack trace:
L 06/26/2025 - 23:59:01: [SM]   [0] GetConVarString
L 06/26/2025 - 23:59:01: [SM]   [1] Line 138, C:\Users\Moises\Downloads\Compressed\sourcemod-1.11.0-git6968-windows\addons\sourcemod\scripting\ñankrunFixhealth.sp::IsTankRunActive
L 06/26/2025 - 23:59:01: [SM]   [2] Line 79, C:\Users\Moises\Downloads\Compressed\sourcemod-1.11.0-git6968-windows\addons\sourcemod\scripting\ñankrunFixhealth.sp::Event_PlayerDeath
L 06/26/2025 - 23:59:02: [SM] Exception reported: Invalid convar handle 0 (error 4)
L 06/26/2025 - 23:59:02: [SM] Blaming: ñankrunFixhealth.smx
L 06/26/2025 - 23:59:02: [SM] Call stack trace:
L 06/26/2025 - 23:59:02: [SM]   [0] GetConVarString
L 06/26/2025 - 23:59:02: [SM]   [1] Line 138, C:\Users\Moises\Downloads\Compressed\sourcemod-1.11.0-git6968-windows\addons\sourcemod\scripting\ñankrunFixhealth.sp::IsTankRunActive
L 06/26/2025 - 23:59:02: [SM]   [2] Line 79, C:\Users\Moises\Downloads\Compressed\sourcemod-1.11.0-git6968-windows\addons\sourcemod\scripting\ñankrunFixhealth.sp::Event_PlayerDeath
L 06/26/2025 - 23:59:02: [SM] Exception reported: Invalid convar handle 0 (error 4)
L 06/26/2025 - 23:59:02: [SM] Blaming: ñankrunFixhealth.smx
L 06/26/2025 - 23:59:02: [SM] Call stack trace:
L 06/26/2025 - 23:59:02: [SM]   [0] GetConVarString
L 06/26/2025 - 23:59:02: [SM]   [1] Line 138, C:\Users\Moises\Downloads\Compressed\sourcemod-1.11.0-git6968-windows\addons\sourcemod\scripting\ñankrunFixhealth.sp::IsTankRunActive
L 06/26/2025 - 23:59:02: [SM]   [2] Line 36, C:\Users\Moises\Downloads\Compressed\sourcemod-1.11.0-git6968-windows\addons\sourcemod\scripting\ñankrunFixhealth.sp::Timer_PeriodicCheck
L 06/26/2025 - 23:59:02: [SM] Exception reported: Invalid convar handle 0 (error 4)
L 06/26/2025 - 23:59:02: [SM] Blaming: ñankrunFixhealth.smx
L 06/26/2025 - 23:59:02: [SM] Call stack trace:
L 06/26/2025 - 23:59:02: [SM]   [0] GetConVarString
L 06/26/2025 - 23:59:02: [SM]   [1] Line 138, C:\Users\Moises\Downloads\Compressed\sourcemod-1.11.0-git6968-windows\addons\sourcemod\scripting\ñankrunFixhealth.sp::IsTankRunActive
L 06/26/2025 - 23:59:02: [SM]   [2] Line 79, C:\Users\Moises\Downloads\Compressed\sourcemod-1.11.0-git6968-windows\addons\sourcemod\scripting\ñankrunFixhealth.sp::Event_PlayerDeath
L 06/26/2025 - 23:59:02: [SM] Exception reported: Invalid convar handle 0 (error 4)
L 06/26/2025 - 23:59:02: [SM] Blaming: ñankrunFixhealth.smx
L 06/26/2025 - 23:59:02: [SM] Call stack trace:
L 06/26/2025 - 23:59:02: [SM]   [0] GetConVarString
L 06/26/2025 - 23:59:02: [SM]   [1] Line 138, C:\Users\Moises\Downloads\Compressed\sourcemod-1.11.0-git6968-windows\addons\sourcemod\scripting\ñankrunFixhealth.sp::IsTankRunActive
L 06/26/2025 - 23:59:02: [SM]   [2] Line 79, C:\Users\Moises\Downloads\Compressed\sourcemod-1.11.0-git6968-windows\addons\sourcemod\scripting\ñankrunFixhealth.sp::Event_PlayerDeath
L 06/26/2025 - 23:59:02: [SM] Exception reported: Invalid convar handle 0 (error 4)
L 06/26/2025 - 23:59:02: [SM] Blaming: ñankrunFixhealth.smx
L 06/26/2025 - 23:59:02: [SM] Call stack trace:
L 06/26/2025 - 23:59:02: [SM]   [0] GetConVarString
L 06/26/2025 - 23:59:02: [SM]   [1] Line 138, C:\Users\Moises\Downloads\Compressed\sourcemod-1.11.0-git6968-windows\addons\sourcemod\scripting\ñankrunFixhealth.sp::IsTankRunActive
L 06/26/2025 - 23:59:02: [SM]   [2] Line 79, C:\Users\Moises\Downloads\Compressed\sourcemod-1.11.0-git6968-windows\addons\sourcemod\scripting\ñankrunFixhealth.sp::Event_PlayerDeath
L 06/26/2025 - 23:59:03: [SM] Exception reported: Invalid convar handle 0 (error 4)
L 06/26/2025 - 23:59:03: [SM] Blaming: ñankrunFixhealth.smx
L 06/26/2025 - 23:59:03: [SM] Call stack trace:
L 06/26/2025 - 23:59:03: [SM]   [0] GetConVarString
L 06/26/2025 - 23:59:03: [SM]   [1] Line 138, C:\Users\Moises\Downloads\Compressed\sourcemod-1.11.0-git6968-windows\addons\sourcemod\scripting\ñankrunFixhealth.sp::IsTankRunActive
L 06/26/2025 - 23:59:03: [SM]   [2] Line 79, C:\Users\Moises\Downloads\Compressed\sourcemod-1.11.0-git6968-windows\addons\sourcemod\scripting\ñankrunFixhealth.sp::Event_PlayerDeath
L 06/26/2025 - 23:59:04: [SM] Exception reported: Invalid convar handle 0 (error 4)
L 06/26/2025 - 23:59:04: [SM] Blaming: ñankrunFixhealth.smx
L 06/26/2025 - 23:59:04: [SM] Call stack trace:
L 06/26/2025 - 23:59:04: [SM]   [0] GetConVarString
L 06/26/2025 - 23:59:04: [SM]   [1] Line 138, C:\Users\Moises\Downloads\Compressed\sourcemod-1.11.0-git6968-windows\addons\sourcemod\scripting\ñankrunFixhealth.sp::IsTankRunActive
L 06/26/2025 - 23:59:04: [SM]   [2] Line 79, C:\Users\Moises\Downloads\Compressed\sourcemod-1.11.0-git6968-windows\addons\sourcemod\scripting\ñankrunFixhealth.sp::Event_PlayerDeath
L 06/26/2025 - 23:59:04: [SM] Exception reported: Invalid convar handle 0 (error 4)
L 06/26/2025 - 23:59:04: [SM] Blaming: ñankrunFixhealth.smx
L 06/26/2025 - 23:59:04: [SM] Call stack trace:
L 06/26/2025 - 23:59:04: [SM]   [0] GetConVarString
L 06/26/2025 - 23:59:04: [SM]   [1] Line 138, C:\Users\Moises\Downloads\Compressed\sourcemod-1.11.0-git6968-windows\addons\sourcemod\scripting\ñankrunFixhealth.sp::IsTankRunActive
L 06/26/2025 - 23:59:04: [SM]   [2] Line 79, C:\Users\Moises\Downloads\Compressed\sourcemod-1.11.0-git6968-windows\addons\sourcemod\scripting\ñankrunFixhealth.sp::Event_PlayerDeath
L 06/26/2025 - 23:59:05: [SM] Exception reported: Invalid convar handle 0 (error 4)
L 06/26/2025 - 23:59:05: [SM] Blaming: ñankrunFixhealth.smx
L 06/26/2025 - 23:59:05: [SM] Call stack trace:
L 06/26/2025 - 23:59:05: [SM]   [0] GetConVarString
L 06/26/2025 - 23:59:05: [SM]   [1] Line 138, C:\Users\Moises\Downloads\Compressed\sourcemod-1.11.0-git6968-windows\addons\sourcemod\scripting\ñankrunFixhealth.sp::IsTankRunActive
L 06/26/2025 - 23:59:05: [SM]   [2] Line 79, C:\Users\Moises\Downloads\Compressed\sourcemod-1.11.0-git6968-windows\addons\sourcemod\scripting\ñankrunFixhealth.sp::Event_PlayerDeath
L 06/26/2025 - 23:59:05: [SM] Exception reported: Invalid convar handle 0 (error 4)
L 06/26/2025 - 23:59:05: [SM] Blaming: ñankrunFixhealth.smx
L 06/26/2025 - 23:59:05: [SM] Call stack trace:
L 06/26/2025 - 23:59:05: [SM]   [0] GetConVarString
L 06/26/2025 - 23:59:05: [SM]   [1] Line 138, C:\Users\Moises\Downloads\Compressed\sourcemod-1.11.0-git6968-windows\addons\sourcemod\scripting\ñankrunFixhealth.sp::IsTankRunActive
L 06/26/2025 - 23:59:05: [SM]   [2] Line 79, C:\Users\Moises\Downloads\Compressed\sourcemod-1.11.0-git6968-windows\addons\sourcemod\scripting\ñankrunFixhealth.sp::Event_PlayerDeath
L 06/26/2025 - 23:59:05: [SM] Exception reported: Invalid convar handle 0 (error 4)
L 06/26/2025 - 23:59:05: [SM] Blaming: ñankrunFixhealth.smx
L 06/26/2025 - 23:59:05: [SM] Call stack trace:
L 06/26/2025 - 23:59:05: [SM]   [0] GetConVarString
L 06/26/2025 - 23:59:05: [SM]   [1] Line 138, C:\Users\Moises\Downloads\Compressed\sourcemod-1.11.0-git6968-windows\addons\sourcemod\scripting\ñankrunFixhealth.sp::IsTankRunActive
L 06/26/2025 - 23:59:05: [SM]   [2] Line 79, C:\Users\Moises\Downloads\Compressed\sourcemod-1.11.0-git6968-windows\addons\sourcemod\scripting\ñankrunFixhealth.sp::Event_PlayerDeath
L 06/26/2025 - 23:59:05: [SM] Exception reported: Invalid convar handle 0 (error 4)
L 06/26/2025 - 23:59:05: [SM] Blaming: ñankrunFixhealth.smx
L 06/26/2025 - 23:59:05: [SM] Call stack trace:
L 06/26/2025 - 23:59:05: [SM]   [0] GetConVarString
L 06/26/2025 - 23:59:05: [SM]   [1] Line 138, C:\Users\Moises\Downloads\Compressed\sourcemod-1.11.0-git6968-windows\addons\sourcemod\scripting\ñankrunFixhealth.sp::IsTankRunActive
L 06/26/2025 - 23:59:05: [SM]   [2] Line 79, C:\Users\Moises\Downloads\Compressed\sourcemod-1.11.0-git6968-windows\addons\sourcemod\scripting\ñankrunFixhealth.sp::Event_PlayerDeath
L 06/26/2025 - 23:59:06: [SM] Exception reported: Invalid convar handle 0 (error 4)
L 06/26/2025 - 23:59:06: [SM] Blaming: ñankrunFixhealth.smx
L 06/26/2025 - 23:59:06: [SM] Call stack trace:
L 06/26/2025 - 23:59:06: [SM]   [0] GetConVarString
L 06/26/2025 - 23:59:06: [SM]   [1] Line 138, C:\Users\Moises\Downloads\Compressed\sourcemod-1.11.0-git6968-windows\addons\sourcemod\scripting\ñankrunFixhealth.sp::IsTankRunActive
L 06/26/2025 - 23:59:06: [SM]   [2] Line 79, C:\Users\Moises\Downloads\Compressed\sourcemod-1.11.0-git6968-windows\addons\sourcemod\scripting\ñankrunFixhealth.sp::Event_PlayerDeath
L 06/26/2025 - 23:59:06: [SM] Exception reported: Invalid convar handle 0 (error 4)
L 06/26/2025 - 23:59:06: [SM] Blaming: ñankrunFixhealth.smx
L 06/26/2025 - 23:59:06: [SM] Call stack trace:
L 06/26/2025 - 23:59:06: [SM]   [0] GetConVarString
L 06/26/2025 - 23:59:06: [SM]   [1] Line 138, C:\Users\Moises\Downloads\Compressed\sourcemod-1.11.0-git6968-windows\addons\sourcemod\scripting\ñankrunFixhealth.sp::IsTankRunActive
L 06/26/2025 - 23:59:06: [SM]   [2] Line 79, C:\Users\Moises\Downloads\Compressed\sourcemod-1.11.0-git6968-windows\addons\sourcemod\scripting\ñankrunFixhealth.sp::Event_PlayerDeath
L 06/26/2025 - 23:59:06: [SM] Exception reported: Invalid convar handle 0 (error 4)
L 06/26/2025 - 23:59:06: [SM] Blaming: ñankrunFixhealth.smx
L 06/26/2025 - 23:59:06: [SM] Call stack trace:
L 06/26/2025 - 23:59:06: [SM]   [0] GetConVarString
L 06/26/2025 - 23:59:06: [SM]   [1] Line 138, C:\Users\Moises\Downloads\Compressed\sourcemod-1.11.0-git6968-windows\addons\sourcemod\scripting\ñankrunFixhealth.sp::IsTankRunActive
L 06/26/2025 - 23:59:06: [SM]   [2] Line 79, C:\Users\Moises\Downloads\Compressed\sourcemod-1.11.0-git6968-windows\addons\sourcemod\scripting\ñankrunFixhealth.sp::Event_PlayerDeath
L 06/26/2025 - 23:59:06: [SM] Exception reported: Invalid convar handle 0 (error 4)
L 06/26/2025 - 23:59:06: [SM] Blaming: ñankrunFixhealth.smx
L 06/26/2025 - 23:59:06: [SM] Call stack trace:
L 06/26/2025 - 23:59:06: [SM]   [0] GetConVarString
L 06/26/2025 - 23:59:06: [SM]   [1] Line 138, C:\Users\Moises\Downloads\Compressed\sourcemod-1.11.0-git6968-windows\addons\sourcemod\scripting\ñankrunFixhealth.sp::IsTankRunActive
L 06/26/2025 - 23:59:06: [SM]   [2] Line 79, C:\Users\Moises\Downloads\Compressed\sourcemod-1.11.0-git6968-windows\addons\sourcemod\scripting\ñankrunFixhealth.sp::Event_PlayerDeath
L 06/26/2025 - 23:59:06: [SM] Exception reported: Invalid convar handle 0 (error 4)
L 06/26/2025 - 23:59:06: [SM] Blaming: ñankrunFixhealth.smx
L 06/26/2025 - 23:59:06: [SM] Call stack trace:
L 06/26/2025 - 23:59:06: [SM]   [0] GetConVarString
L 06/26/2025 - 23:59:06: [SM]   [1] Line 138, C:\Users\Moises\Downloads\Compressed\sourcemod-1.11.0-git6968-windows\addons\sourcemod\scripting\ñankrunFixhealth.sp::IsTankRunActive
L 06/26/2025 - 23:59:06: [SM]   [2] Line 79, C:\Users\Moises\Downloads\Compressed\sourcemod-1.11.0-git6968-windows\addons\sourcemod\scripting\ñankrunFixhealth.sp::Event_PlayerDeath
L 06/26/2025 - 23:59:07: [SM] Exception reported: Invalid convar handle 0 (error 4)
L 06/26/2025 - 23:59:07: [SM] Blaming: ñankrunFixhealth.smx
L 06/26/2025 - 23:59:07: [SM] Call stack trace:
L 06/26/2025 - 23:59:07: [SM]   [0] GetConVarString
L 06/26/2025 - 23:59:07: [SM]   [1] Line 138, C:\Users\Moises\Downloads\Compressed\sourcemod-1.11.0-git6968-windows\addons\sourcemod\scripting\ñankrunFixhealth.sp::IsTankRunActive
L 06/26/2025 - 23:59:07: [SM]   [2] Line 79, C:\Users\Moises\Downloads\Compressed\sourcemod-1.11.0-git6968-windows\addons\sourcemod\scripting\ñankrunFixhealth.sp::Event_PlayerDeath
L 06/26/2025 - 23:59:07: [SM] Exception reported: Invalid convar handle 0 (error 4)
L 06/26/2025 - 23:59:07: [SM] Blaming: ñankrunFixhealth.smx
L 06/26/2025 - 23:59:07: [SM] Call stack trace:
L 06/26/2025 - 23:59:07: [SM]   [0] GetConVarString
L 06/26/2025 - 23:59:07: [SM]   [1] Line 138, C:\Users\Moises\Downloads\Compressed\sourcemod-1.11.0-git6968-windows\addons\sourcemod\scripting\ñankrunFixhealth.sp::IsTankRunActive
L 06/26/2025 - 23:59:07: [SM]   [2] Line 79, C:\Users\Moises\Downloads\Compressed\sourcemod-1.11.0-git6968-windows\addons\sourcemod\scripting\ñankrunFixhealth.sp::Event_PlayerDeath
L 06/26/2025 - 23:59:08: [SM] Exception reported: Invalid convar handle 0 (error 4)
L 06/26/2025 - 23:59:08: [SM] Blaming: ñankrunFixhealth.smx
L 06/26/2025 - 23:59:08: [SM] Call stack trace:
L 06/26/2025 - 23:59:08: [SM]   [0] GetConVarString
L 06/26/2025 - 23:59:08: [SM]   [1] Line 138, C:\Users\Moises\Downloads\Compressed\sourcemod-1.11.0-git6968-windows\addons\sourcemod\scripting\ñankrunFixhealth.sp::IsTankRunActive
L 06/26/2025 - 23:59:08: [SM]   [2] Line 79, C:\Users\Moises\Downloads\Compressed\sourcemod-1.11.0-git6968-windows\addons\sourcemod\scripting\ñankrunFixhealth.sp::Event_PlayerDeath
L 06/26/2025 - 23:59:08: [SM] Exception reported: Invalid convar handle 0 (error 4)
L 06/26/2025 - 23:59:08: [SM] Blaming: ñankrunFixhealth.smx
L 06/26/2025 - 23:59:08: [SM] Call stack trace:
L 06/26/2025 - 23:59:08: [SM]   [0] GetConVarString
L 06/26/2025 - 23:59:08: [SM]   [1] Line 138, C:\Users\Moises\Downloads\Compressed\sourcemod-1.11.0-git6968-windows\addons\sourcemod\scripting\ñankrunFixhealth.sp::IsTankRunActive
L 06/26/2025 - 23:59:08: [SM]   [2] Line 79, C:\Users\Moises\Downloads\Compressed\sourcemod-1.11.0-git6968-windows\addons\sourcemod\scripting\ñankrunFixhealth.sp::Event_PlayerDeath
L 06/26/2025 - 23:59:09: [SM] Exception reported: Invalid convar handle 0 (error 4)
L 06/26/2025 - 23:59:09: [SM] Blaming: ñankrunFixhealth.smx
L 06/26/2025 - 23:59:09: [SM] Call stack trace:
L 06/26/2025 - 23:59:09: [SM]   [0] GetConVarString
L 06/26/2025 - 23:59:09: [SM]   [1] Line 138, C:\Users\Moises\Downloads\Compressed\sourcemod-1.11.0-git6968-windows\addons\sourcemod\scripting\ñankrunFixhealth.sp::IsTankRunActive
L 06/26/2025 - 23:59:09: [SM]   [2] Line 79, C:\Users\Moises\Downloads\Compressed\sourcemod-1.11.0-git6968-windows\addons\sourcemod\scripting\ñankrunFixhealth.sp::Event_PlayerDeath
L 06/26/2025 - 23:59:12: [SM] Exception reported: Invalid convar handle 0 (error 4)
L 06/26/2025 - 23:59:12: [SM] Blaming: ñankrunFixhealth.smx
L 06/26/2025 - 23:59:12: [SM] Call stack trace:
L 06/26/2025 - 23:59:12: [SM]   [0] GetConVarString
L 06/26/2025 - 23:59:12: [SM]   [1] Line 138, C:\Users\Moises\Downloads\Compressed\sourcemod-1.11.0-git6968-windows\addons\sourcemod\scripting\ñankrunFixhealth.sp::IsTankRunActive
L 06/26/2025 - 23:59:12: [SM]   [2] Line 79, C:\Users\Moises\Downloads\Compressed\sourcemod-1.11.0-git6968-windows\addons\sourcemod\scripting\ñankrunFixhealth.sp::Event_PlayerDeath
L 06/26/2025 - 23:59:12: [SM] Exception reported: Invalid convar handle 0 (error 4)
L 06/26/2025 - 23:59:12: [SM] Blaming: ñankrunFixhealth.smx
L 06/26/2025 - 23:59:12: [SM] Call stack trace:
L 06/26/2025 - 23:59:12: [SM]   [0] GetConVarString
L 06/26/2025 - 23:59:12: [SM]   [1] Line 138, C:\Users\Moises\Downloads\Compressed\sourcemod-1.11.0-git6968-windows\addons\sourcemod\scripting\ñankrunFixhealth.sp::IsTankRunActive
L 06/26/2025 - 23:59:12: [SM]   [2] Line 36, C:\Users\Moises\Downloads\Compressed\sourcemod-1.11.0-git6968-windows\addons\sourcemod\scripting\ñankrunFixhealth.sp::Timer_PeriodicCheck
L 06/26/2025 - 23:59:15: [SM] Exception reported: Invalid convar handle 0 (error 4)
L 06/26/2025 - 23:59:15: [SM] Blaming: ñankrunFixhealth.smx
L 06/26/2025 - 23:59:15: [SM] Call stack trace:
L 06/26/2025 - 23:59:15: [SM]   [0] GetConVarString
L 06/26/2025 - 23:59:15: [SM]   [1] Line 138, C:\Users\Moises\Downloads\Compressed\sourcemod-1.11.0-git6968-windows\addons\sourcemod\scripting\ñankrunFixhealth.sp::IsTankRunActive
L 06/26/2025 - 23:59:15: [SM]   [2] Line 79, C:\Users\Moises\Downloads\Compressed\sourcemod-1.11.0-git6968-windows\addons\sourcemod\scripting\ñankrunFixhealth.sp::Event_PlayerDeath
L 06/26/2025 - 23:59:15: [SM] Exception reported: Invalid convar handle 0 (error 4)
L 06/26/2025 - 23:59:15: [SM] Blaming: ñankrunFixhealth.smx
L 06/26/2025 - 23:59:15: [SM] Call stack trace:
L 06/26/2025 - 23:59:15: [SM]   [0] GetConVarString
L 06/26/2025 - 23:59:15: [SM]   [1] Line 138, C:\Users\Moises\Downloads\Compressed\sourcemod-1.11.0-git6968-windows\addons\sourcemod\scripting\ñankrunFixhealth.sp::IsTankRunActive
L 06/26/2025 - 23:59:15: [SM]   [2] Line 79, C:\Users\Moises\Downloads\Compressed\sourcemod-1.11.0-git6968-windows\addons\sourcemod\scripting\ñankrunFixhealth.sp::Event_PlayerDeath
L 06/26/2025 - 23:59:16: [SM] Exception reported: Invalid convar handle 0 (error 4)
L 06/26/2025 - 23:59:16: [SM] Blaming: ñankrunFixhealth.smx
L 06/26/2025 - 23:59:16: [SM] Call stack trace:
L 06/26/2025 - 23:59:16: [SM]   [0] GetConVarString
L 06/26/2025 - 23:59:16: [SM]   [1] Line 138, C:\Users\Moises\Downloads\Compressed\sourcemod-1.11.0-git6968-windows\addons\sourcemod\scripting\ñankrunFixhealth.sp::IsTankRunActive
L 06/26/2025 - 23:59:16: [SM]   [2] Line 79, C:\Users\Moises\Downloads\Compressed\sourcemod-1.11.0-git6968-windows\addons\sourcemod\scripting\ñankrunFixhealth.sp::Event_PlayerDeath
L 06/26/2025 - 23:59:22: [SM] Exception reported: Invalid convar handle 0 (error 4)
L 06/26/2025 - 23:59:22: [SM] Blaming: ñankrunFixhealth.smx
L 06/26/2025 - 23:59:22: [SM] Call stack trace:
L 06/26/2025 - 23:59:22: [SM]   [0] GetConVarString
L 06/26/2025 - 23:59:22: [SM]   [1] Line 138, C:\Users\Moises\Downloads\Compressed\sourcemod-1.11.0-git6968-windows\addons\sourcemod\scripting\ñankrunFixhealth.sp::IsTankRunActive
L 06/26/2025 - 23:59:22: [SM]   [2] Line 36, C:\Users\Moises\Downloads\Compressed\sourcemod-1.11.0-git6968-windows\addons\sourcemod\scripting\ñankrunFixhealth.sp::Timer_PeriodicCheck
L 06/26/2025 - 23:59:28: [SM] Exception reported: Invalid convar handle 0 (error 4)
L 06/26/2025 - 23:59:28: [SM] Blaming: ñankrunFixhealth.smx
L 06/26/2025 - 23:59:28: [SM] Call stack trace:
L 06/26/2025 - 23:59:28: [SM]   [0] GetConVarString
L 06/26/2025 - 23:59:28: [SM]   [1] Line 138, C:\Users\Moises\Downloads\Compressed\sourcemod-1.11.0-git6968-windows\addons\sourcemod\scripting\ñankrunFixhealth.sp::IsTankRunActive
L 06/26/2025 - 23:59:28: [SM]   [2] Line 79, C:\Users\Moises\Downloads\Compressed\sourcemod-1.11.0-git6968-windows\addons\sourcemod\scripting\ñankrunFixhealth.sp::Event_PlayerDeath
L 06/26/2025 - 23:59:32: [SM] Exception reported: Invalid convar handle 0 (error 4)
L 06/26/2025 - 23:59:32: [SM] Blaming: ñankrunFixhealth.smx
L 06/26/2025 - 23:59:32: [SM] Call stack trace:
L 06/26/2025 - 23:59:32: [SM]   [0] GetConVarString
L 06/26/2025 - 23:59:32: [SM]   [1] Line 138, C:\Users\Moises\Downloads\Compressed\sourcemod-1.11.0-git6968-windows\addons\sourcemod\scripting\ñankrunFixhealth.sp::IsTankRunActive
L 06/26/2025 - 23:59:32: [SM]   [2] Line 36, C:\Users\Moises\Downloads\Compressed\sourcemod-1.11.0-git6968-windows\addons\sourcemod\scripting\ñankrunFixhealth.sp::Timer_PeriodicCheck
L 06/26/2025 - 23:59:42: [SM] Exception reported: Invalid convar handle 0 (error 4)
L 06/26/2025 - 23:59:42: [SM] Blaming: ñankrunFixhealth.smx
L 06/26/2025 - 23:59:42: [SM] Call stack trace:
L 06/26/2025 - 23:59:42: [SM]   [0] GetConVarString
L 06/26/2025 - 23:59:42: [SM]   [1] Line 138, C:\Users\Moises\Downloads\Compressed\sourcemod-1.11.0-git6968-windows\addons\sourcemod\scripting\ñankrunFixhealth.sp::IsTankRunActive
L 06/26/2025 - 23:59:42: [SM]   [2] Line 36, C:\Users\Moises\Downloads\Compressed\sourcemod-1.11.0-git6968-windows\addons\sourcemod\scripting\ñankrunFixhealth.sp::Timer_PeriodicCheck
L 06/26/2025 - 23:59:52: [SM] Exception reported: Invalid convar handle 0 (error 4)
L 06/26/2025 - 23:59:52: [SM] Blaming: ñankrunFixhealth.smx
L 06/26/2025 - 23:59:52: [SM] Call stack trace:
L 06/26/2025 - 23:59:52: [SM]   [0] GetConVarString
L 06/26/2025 - 23:59:52: [SM]   [1] Line 138, C:\Users\Moises\Downloads\Compressed\sourcemod-1.11.0-git6968-windows\addons\sourcemod\scripting\ñankrunFixhealth.sp::IsTankRunActive
L 06/26/2025 - 23:59:52: [SM]   [2] Line 36, C:\Users\Moises\Downloads\Compressed\sourcemod-1.11.0-git6968-windows\addons\sourcemod\scripting\ñankrunFixhealth.sp::Timer_PeriodicCheck
L 06/27/2025 - 00:00:02: Error log file session closed.
