L 07/30/2026 - 02:17:20: SourceMod error session started
L 07/30/2026 - 02:17:20: Info (map "c1m1_hotel") (file "d:\steamlibrary\steamapps\common\left 4 dead 2\left4dead2\addons\sourcemod\logs\errors_20260730.log")
L 07/30/2026 - 02:17:20: [SM] Failed to load plugin "cannounce.smx": Get a dedicated server. This plugin does not work on Listen servers..
L 07/30/2026 - 02:17:20: [SM] Failed to load plugin "LMCL4D1CDeathHandler.smx": Plugin only supports Left 4 Dead.
L 07/30/2026 - 02:17:20: [SM] Failed to load plugin "LMCL4D1SetTransmit.smx": Plugin only supports Left 4 Dead.
L 07/30/2026 - 02:17:21: [SM] Failed to load plugin "LMC_L4D1_Menu_Choosing.smx": Plugin only supports Left 4 Dead.
L 07/30/2026 - 02:17:21: [SM] Failed to load plugin "LMC_L4D1_RandomSpawns.smx": Plugin only supports Left 4 Dead.
L 07/30/2026 - 02:17:21: [SM] Failed to load plugin "nextmap.smx": Nextmap is incompatible with this game.
L 07/30/2026 - 02:17:21: [SM] Failed to load plugin "[L4D2] Left4dhooks.smx": 
====================
This plugin replaces Left4Downtown. Delete the extension to run.
====================.
L 07/30/2026 - 02:17:21: [SM] Fatal error encountered parsing translation file "l4d_nth.phrases.txt"
L 07/30/2026 - 02:17:21: [SM] Error (line 0, column 0): Stream failed to open
L 07/30/2026 - 02:17:21: [SM] Fatal error encountered parsing translation file "chargersteering.phrases.txt"
L 07/30/2026 - 02:17:21: [SM] Error (line 0, column 0): Stream failed to open
L 07/30/2026 - 02:17:21: [l4d2_publicity.smx] [Publicity] No se encontraron mensajes en el archivo de configuración
L 07/30/2026 - 02:17:22: [SM] Unable to load plugin "lilac_by_l4d2.smx": Native "IRC_MsgFlaggedChannels" was not found
L 07/30/2026 - 02:17:25: [l4d2_publicity.smx] [Publicity] No se encontraron mensajes en el archivo de configuración
L 07/30/2026 - 02:22:22: Error log file session closed.
L 07/30/2026 - 02:22:22: SourceMod error session started
L 07/30/2026 - 02:22:22: Info (map "c2m1_highway") (file "d:\steamlibrary\steamapps\common\left 4 dead 2\left4dead2\addons\sourcemod\logs\errors_20260730.log")
L 07/30/2026 - 02:22:22: [SM] Fatal error encountered parsing translation file "l4d_nth.phrases.txt"
L 07/30/2026 - 02:22:22: [SM] Error (line 0, column 0): Stream failed to open
L 07/30/2026 - 02:22:22: [SM] Fatal error encountered parsing translation file "chargersteering.phrases.txt"
L 07/30/2026 - 02:22:22: [SM] Error (line 0, column 0): Stream failed to open
L 07/30/2026 - 02:22:25: [l4d2_publicity.smx] [Publicity] No se encontraron mensajes en el archivo de configuración
L 07/30/2026 - 02:25:07: Error log file session closed.
L 07/30/2026 - 02:25:07: SourceMod error session started
L 07/30/2026 - 02:25:07: Info (map "c2m2_fairgrounds") (file "d:\steamlibrary\steamapps\common\left 4 dead 2\left4dead2\addons\sourcemod\logs\errors_20260730.log")
L 07/30/2026 - 02:25:07: [SM] Fatal error encountered parsing translation file "l4d_nth.phrases.txt"
L 07/30/2026 - 02:25:07: [SM] Error (line 0, column 0): Stream failed to open
L 07/30/2026 - 02:25:07: [SM] Fatal error encountered parsing translation file "chargersteering.phrases.txt"
L 07/30/2026 - 02:25:07: [SM] Error (line 0, column 0): Stream failed to open
L 07/30/2026 - 02:25:09: [l4d2_publicity.smx] [Publicity] No se encontraron mensajes en el archivo de configuración
L 07/30/2026 - 02:27:02: [SM] Exception reported: Language phrase "Please wait to be revived or rescued" not found (arg 6)
L 07/30/2026 - 02:27:02: [SM] Blaming: l4dmultislots.smx
L 07/30/2026 - 02:27:02: [SM] Call stack trace:
L 07/30/2026 - 02:27:02: [SM]   [0] PrintToChat
L 07/30/2026 - 02:27:02: [SM]   [1] Line 953, d:\Github\Private-Work\L4D2-插件\scripting_1.11\l4dmultislots.sp::Timer_SpecCheck
L 07/30/2026 - 02:27:27: [SM] Exception reported: Language phrase "Please wait to be revived or rescued" not found (arg 6)
L 07/30/2026 - 02:27:27: [SM] Blaming: l4dmultislots.smx
L 07/30/2026 - 02:27:27: [SM] Call stack trace:
L 07/30/2026 - 02:27:27: [SM]   [0] PrintToChat
L 07/30/2026 - 02:27:27: [SM]   [1] Line 953, d:\Github\Private-Work\L4D2-插件\scripting_1.11\l4dmultislots.sp::Timer_SpecCheck
L 07/30/2026 - 02:27:52: [SM] Exception reported: Language phrase "Please wait to be revived or rescued" not found (arg 6)
L 07/30/2026 - 02:27:52: [SM] Blaming: l4dmultislots.smx
L 07/30/2026 - 02:27:52: [SM] Call stack trace:
L 07/30/2026 - 02:27:52: [SM]   [0] PrintToChat
L 07/30/2026 - 02:27:52: [SM]   [1] Line 953, d:\Github\Private-Work\L4D2-插件\scripting_1.11\l4dmultislots.sp::Timer_SpecCheck
L 07/30/2026 - 02:29:56: [SM] Exception reported: Invalid timer handle f6000588 (error 1)
L 07/30/2026 - 02:29:56: [SM] Blaming: l4d2_playerjoining_v3.smx
L 07/30/2026 - 02:29:56: [SM] Call stack trace:
L 07/30/2026 - 02:29:56: [SM]   [0] KillTimer
L 07/30/2026 - 02:29:56: [SM]   [1] Line 56, D:\SteamLibrary\steamapps\common\Left 4 Dead 2\left4dead2\addons\sourcemod\scripting\l4d2_playerjoining_v3.sp::OnClientDisconnect
L 07/30/2026 - 02:30:21: Error log file session closed.
L 07/30/2026 - 13:39:04: SourceMod error session started
L 07/30/2026 - 13:39:04: Info (map "c1m1_hotel") (file "d:\steamlibrary\steamapps\common\left 4 dead 2\left4dead2\addons\sourcemod\logs\errors_20260730.log")
L 07/30/2026 - 13:39:04: [SM] Failed to load plugin "cannounce.smx": Get a dedicated server. This plugin does not work on Listen servers..
L 07/30/2026 - 13:39:04: [SM] Failed to load plugin "LMCL4D1CDeathHandler.smx": Plugin only supports Left 4 Dead.
L 07/30/2026 - 13:39:04: [SM] Failed to load plugin "LMCL4D1SetTransmit.smx": Plugin only supports Left 4 Dead.
L 07/30/2026 - 13:39:04: [SM] Failed to load plugin "LMC_L4D1_Menu_Choosing.smx": Plugin only supports Left 4 Dead.
L 07/30/2026 - 13:39:04: [SM] Failed to load plugin "LMC_L4D1_RandomSpawns.smx": Plugin only supports Left 4 Dead.
L 07/30/2026 - 13:39:04: [SM] Failed to load plugin "nextmap.smx": Nextmap is incompatible with this game.
L 07/30/2026 - 13:39:04: [SM] Failed to load plugin "[L4D2] Left4dhooks.smx": 
====================
This plugin replaces Left4Downtown. Delete the extension to run.
====================.
L 07/30/2026 - 13:39:04: [SM] Fatal error encountered parsing translation file "l4d_nth.phrases.txt"
L 07/30/2026 - 13:39:04: [SM] Error (line 0, column 0): Stream failed to open
L 07/30/2026 - 13:39:04: [SM] Fatal error encountered parsing translation file "chargersteering.phrases.txt"
L 07/30/2026 - 13:39:04: [SM] Error (line 0, column 0): Stream failed to open
L 07/30/2026 - 13:39:04: [l4d2_publicity.smx] [Publicity] No se encontraron mensajes en el archivo de configuración
L 07/30/2026 - 13:39:06: [SM] Unable to load plugin "lilac_by_l4d2.smx": Native "IRC_MsgFlaggedChannels" was not found
L 07/30/2026 - 13:39:13: [l4d2_publicity.smx] [Publicity] No se encontraron mensajes en el archivo de configuración
L 07/30/2026 - 13:41:47: Error log file session closed.
L 07/30/2026 - 13:41:47: SourceMod error session started
L 07/30/2026 - 13:41:47: Info (map "Glubtastic3_1") (file "d:\steamlibrary\steamapps\common\left 4 dead 2\left4dead2\addons\sourcemod\logs\errors_20260730.log")
L 07/30/2026 - 13:41:47: [SM] Fatal error encountered parsing translation file "l4d_nth.phrases.txt"
L 07/30/2026 - 13:41:47: [SM] Error (line 0, column 0): Stream failed to open
L 07/30/2026 - 13:41:47: [SM] Fatal error encountered parsing translation file "chargersteering.phrases.txt"
L 07/30/2026 - 13:41:47: [SM] Error (line 0, column 0): Stream failed to open
L 07/30/2026 - 13:41:49: [l4d2_publicity.smx] [Publicity] No se encontraron mensajes en el archivo de configuración
L 07/30/2026 - 13:48:44: [SM] Exception reported: Invalid timer handle 28d00515 (error 3)
L 07/30/2026 - 13:48:44: [SM] Blaming: l4d2_playerjoining_v3.smx
L 07/30/2026 - 13:48:44: [SM] Call stack trace:
L 07/30/2026 - 13:48:44: [SM]   [0] KillTimer
L 07/30/2026 - 13:48:44: [SM]   [1] Line 56, D:\SteamLibrary\steamapps\common\Left 4 Dead 2\left4dead2\addons\sourcemod\scripting\l4d2_playerjoining_v3.sp::OnClientDisconnect
L 07/30/2026 - 13:50:55: [SM] Exception reported: Invalid timer handle 8d00491 (error 1)
L 07/30/2026 - 13:50:55: [SM] Blaming: l4d2_playerjoining_v3.smx
L 07/30/2026 - 13:50:55: [SM] Call stack trace:
L 07/30/2026 - 13:50:55: [SM]   [0] KillTimer
L 07/30/2026 - 13:50:55: [SM]   [1] Line 56, D:\SteamLibrary\steamapps\common\Left 4 Dead 2\left4dead2\addons\sourcemod\scripting\l4d2_playerjoining_v3.sp::OnClientDisconnect
L 07/30/2026 - 13:54:01: [SM] Exception reported: Language phrase "Please wait to be revived or rescued" not found (arg 6)
L 07/30/2026 - 13:54:01: [SM] Blaming: l4dmultislots.smx
L 07/30/2026 - 13:54:01: [SM] Call stack trace:
L 07/30/2026 - 13:54:01: [SM]   [0] PrintToChat
L 07/30/2026 - 13:54:01: [SM]   [1] Line 953, d:\Github\Private-Work\L4D2-插件\scripting_1.11\l4dmultislots.sp::Timer_SpecCheck
L 07/30/2026 - 13:54:26: [SM] Exception reported: Language phrase "Please wait to be revived or rescued" not found (arg 6)
L 07/30/2026 - 13:54:26: [SM] Blaming: l4dmultislots.smx
L 07/30/2026 - 13:54:26: [SM] Call stack trace:
L 07/30/2026 - 13:54:26: [SM]   [0] PrintToChat
L 07/30/2026 - 13:54:26: [SM]   [1] Line 953, d:\Github\Private-Work\L4D2-插件\scripting_1.11\l4dmultislots.sp::Timer_SpecCheck
L 07/30/2026 - 13:54:51: [SM] Exception reported: Language phrase "Please wait to be revived or rescued" not found (arg 6)
L 07/30/2026 - 13:54:51: [SM] Blaming: l4dmultislots.smx
L 07/30/2026 - 13:54:51: [SM] Call stack trace:
L 07/30/2026 - 13:54:51: [SM]   [0] PrintToChat
L 07/30/2026 - 13:54:51: [SM]   [1] Line 953, d:\Github\Private-Work\L4D2-插件\scripting_1.11\l4dmultislots.sp::Timer_SpecCheck
L 07/30/2026 - 13:55:16: [SM] Exception reported: Language phrase "Please wait to be revived or rescued" not found (arg 6)
L 07/30/2026 - 13:55:16: [SM] Blaming: l4dmultislots.smx
L 07/30/2026 - 13:55:16: [SM] Call stack trace:
L 07/30/2026 - 13:55:16: [SM]   [0] PrintToChat
L 07/30/2026 - 13:55:16: [SM]   [1] Line 953, d:\Github\Private-Work\L4D2-插件\scripting_1.11\l4dmultislots.sp::Timer_SpecCheck
L 07/30/2026 - 13:55:48: [SM] Exception reported: Invalid timer handle 4b00559 (error 3)
L 07/30/2026 - 13:55:48: [SM] Blaming: l4d2_playerjoining_v3.smx
L 07/30/2026 - 13:55:48: [SM] Call stack trace:
L 07/30/2026 - 13:55:48: [SM]   [0] KillTimer
L 07/30/2026 - 13:55:48: [SM]   [1] Line 56, D:\SteamLibrary\steamapps\common\Left 4 Dead 2\left4dead2\addons\sourcemod\scripting\l4d2_playerjoining_v3.sp::OnClientDisconnect
L 07/30/2026 - 13:56:06: [SM] Exception reported: Language phrase "Please wait to be revived or rescued" not found (arg 6)
L 07/30/2026 - 13:56:06: [SM] Blaming: l4dmultislots.smx
L 07/30/2026 - 13:56:06: [SM] Call stack trace:
L 07/30/2026 - 13:56:06: [SM]   [0] PrintToChat
L 07/30/2026 - 13:56:06: [SM]   [1] Line 953, d:\Github\Private-Work\L4D2-插件\scripting_1.11\l4dmultislots.sp::Timer_SpecCheck
L 07/30/2026 - 13:56:26: [SM] Exception reported: Invalid timer handle 28d00515 (error 1)
L 07/30/2026 - 13:56:26: [SM] Blaming: l4d2_playerjoining_v3.smx
L 07/30/2026 - 13:56:26: [SM] Call stack trace:
L 07/30/2026 - 13:56:26: [SM]   [0] KillTimer
L 07/30/2026 - 13:56:26: [SM]   [1] Line 56, D:\SteamLibrary\steamapps\common\Left 4 Dead 2\left4dead2\addons\sourcemod\scripting\l4d2_playerjoining_v3.sp::OnClientDisconnect
L 07/30/2026 - 13:56:28: Error log file session closed.
L 07/30/2026 - 13:56:28: SourceMod error session started
L 07/30/2026 - 13:56:28: Info (map "Glubtastic3_2") (file "d:\steamlibrary\steamapps\common\left 4 dead 2\left4dead2\addons\sourcemod\logs\errors_20260730.log")
L 07/30/2026 - 13:56:28: [SM] Fatal error encountered parsing translation file "l4d_nth.phrases.txt"
L 07/30/2026 - 13:56:28: [SM] Error (line 0, column 0): Stream failed to open
L 07/30/2026 - 13:56:28: [SM] Fatal error encountered parsing translation file "chargersteering.phrases.txt"
L 07/30/2026 - 13:56:28: [SM] Error (line 0, column 0): Stream failed to open
L 07/30/2026 - 13:56:31: [l4d2_publicity.smx] [Publicity] No se encontraron mensajes en el archivo de configuración
L 07/30/2026 - 13:57:57: [SM] Exception reported: Invalid timer handle 28d00515 (error 1)
L 07/30/2026 - 13:57:57: [SM] Blaming: l4d2_playerjoining_v3.smx
L 07/30/2026 - 13:57:57: [SM] Call stack trace:
L 07/30/2026 - 13:57:57: [SM]   [0] KillTimer
L 07/30/2026 - 13:57:57: [SM]   [1] Line 56, D:\SteamLibrary\steamapps\common\Left 4 Dead 2\left4dead2\addons\sourcemod\scripting\l4d2_playerjoining_v3.sp::OnClientDisconnect
L 07/30/2026 - 13:58:23: [SM] Exception reported: Invalid timer handle 28d00515 (error 1)
L 07/30/2026 - 13:58:23: [SM] Blaming: l4d2_playerjoining_v3.smx
L 07/30/2026 - 13:58:23: [SM] Call stack trace:
L 07/30/2026 - 13:58:23: [SM]   [0] KillTimer
L 07/30/2026 - 13:58:23: [SM]   [1] Line 56, D:\SteamLibrary\steamapps\common\Left 4 Dead 2\left4dead2\addons\sourcemod\scripting\l4d2_playerjoining_v3.sp::OnClientDisconnect
L 07/30/2026 - 13:58:40: [SM] Exception reported: Invalid timer handle 28d00515 (error 1)
L 07/30/2026 - 13:58:40: [SM] Blaming: l4d2_playerjoining_v3.smx
L 07/30/2026 - 13:58:40: [SM] Call stack trace:
L 07/30/2026 - 13:58:40: [SM]   [0] KillTimer
L 07/30/2026 - 13:58:40: [SM]   [1] Line 56, D:\SteamLibrary\steamapps\common\Left 4 Dead 2\left4dead2\addons\sourcemod\scripting\l4d2_playerjoining_v3.sp::OnClientDisconnect
L 07/30/2026 - 14:00:22: [SM] Exception reported: Invalid timer handle 28d00515 (error 1)
L 07/30/2026 - 14:00:22: [SM] Blaming: l4d2_playerjoining_v3.smx
L 07/30/2026 - 14:00:22: [SM] Call stack trace:
L 07/30/2026 - 14:00:22: [SM]   [0] KillTimer
L 07/30/2026 - 14:00:22: [SM]   [1] Line 56, D:\SteamLibrary\steamapps\common\Left 4 Dead 2\left4dead2\addons\sourcemod\scripting\l4d2_playerjoining_v3.sp::OnClientDisconnect
L 07/30/2026 - 14:00:43: [SM] Exception reported: Invalid timer handle 28d00515 (error 1)
L 07/30/2026 - 14:00:43: [SM] Blaming: l4d2_playerjoining_v3.smx
L 07/30/2026 - 14:00:43: [SM] Call stack trace:
L 07/30/2026 - 14:00:43: [SM]   [0] KillTimer
L 07/30/2026 - 14:00:43: [SM]   [1] Line 56, D:\SteamLibrary\steamapps\common\Left 4 Dead 2\left4dead2\addons\sourcemod\scripting\l4d2_playerjoining_v3.sp::OnClientDisconnect
L 07/30/2026 - 14:00:55: [SM] Exception reported: Invalid timer handle 28d00515 (error 1)
L 07/30/2026 - 14:00:55: [SM] Blaming: l4d2_playerjoining_v3.smx
L 07/30/2026 - 14:00:55: [SM] Call stack trace:
L 07/30/2026 - 14:00:55: [SM]   [0] KillTimer
L 07/30/2026 - 14:00:55: [SM]   [1] Line 56, D:\SteamLibrary\steamapps\common\Left 4 Dead 2\left4dead2\addons\sourcemod\scripting\l4d2_playerjoining_v3.sp::OnClientDisconnect
L 07/30/2026 - 14:01:50: [SM] Exception reported: Invalid timer handle c7c00566 (error 3)
L 07/30/2026 - 14:01:50: [SM] Blaming: l4d2_playerjoining_v3.smx
L 07/30/2026 - 14:01:50: [SM] Call stack trace:
L 07/30/2026 - 14:01:50: [SM]   [0] KillTimer
L 07/30/2026 - 14:01:50: [SM]   [1] Line 56, D:\SteamLibrary\steamapps\common\Left 4 Dead 2\left4dead2\addons\sourcemod\scripting\l4d2_playerjoining_v3.sp::OnClientDisconnect
L 07/30/2026 - 14:01:52: [SM] Exception reported: Invalid timer handle 28d00515 (error 1)
L 07/30/2026 - 14:01:52: [SM] Blaming: l4d2_playerjoining_v3.smx
L 07/30/2026 - 14:01:52: [SM] Call stack trace:
L 07/30/2026 - 14:01:52: [SM]   [0] KillTimer
L 07/30/2026 - 14:01:52: [SM]   [1] Line 56, D:\SteamLibrary\steamapps\common\Left 4 Dead 2\left4dead2\addons\sourcemod\scripting\l4d2_playerjoining_v3.sp::OnClientDisconnect
L 07/30/2026 - 14:02:17: [SM] Exception reported: Invalid timer handle 28d00515 (error 1)
L 07/30/2026 - 14:02:17: [SM] Blaming: l4d2_playerjoining_v3.smx
L 07/30/2026 - 14:02:17: [SM] Call stack trace:
L 07/30/2026 - 14:02:17: [SM]   [0] KillTimer
L 07/30/2026 - 14:02:17: [SM]   [1] Line 56, D:\SteamLibrary\steamapps\common\Left 4 Dead 2\left4dead2\addons\sourcemod\scripting\l4d2_playerjoining_v3.sp::OnClientDisconnect
L 07/30/2026 - 14:02:34: [SM] Exception reported: Invalid timer handle c7c00566 (error 3)
L 07/30/2026 - 14:02:34: [SM] Blaming: l4d2_playerjoining_v3.smx
L 07/30/2026 - 14:02:34: [SM] Call stack trace:
L 07/30/2026 - 14:02:34: [SM]   [0] KillTimer
L 07/30/2026 - 14:02:34: [SM]   [1] Line 56, D:\SteamLibrary\steamapps\common\Left 4 Dead 2\left4dead2\addons\sourcemod\scripting\l4d2_playerjoining_v3.sp::OnClientDisconnect
L 07/30/2026 - 14:02:58: [SM] Exception reported: Language phrase "Please wait to be revived or rescued" not found (arg 6)
L 07/30/2026 - 14:02:58: [SM] Blaming: l4dmultislots.smx
L 07/30/2026 - 14:02:58: [SM] Call stack trace:
L 07/30/2026 - 14:02:58: [SM]   [0] PrintToChat
L 07/30/2026 - 14:02:58: [SM]   [1] Line 953, d:\Github\Private-Work\L4D2-插件\scripting_1.11\l4dmultislots.sp::Timer_SpecCheck
L 07/30/2026 - 14:03:06: [SM] Exception reported: Invalid timer handle 28d00515 (error 1)
L 07/30/2026 - 14:03:06: [SM] Blaming: l4d2_playerjoining_v3.smx
L 07/30/2026 - 14:03:06: [SM] Call stack trace:
L 07/30/2026 - 14:03:06: [SM]   [0] KillTimer
L 07/30/2026 - 14:03:06: [SM]   [1] Line 56, D:\SteamLibrary\steamapps\common\Left 4 Dead 2\left4dead2\addons\sourcemod\scripting\l4d2_playerjoining_v3.sp::OnClientDisconnect
L 07/30/2026 - 14:03:08: [SM] Exception reported: Invalid timer handle 4b00559 (error 1)
L 07/30/2026 - 14:03:08: [SM] Blaming: l4d2_playerjoining_v3.smx
L 07/30/2026 - 14:03:08: [SM] Call stack trace:
L 07/30/2026 - 14:03:08: [SM]   [0] KillTimer
L 07/30/2026 - 14:03:08: [SM]   [1] Line 56, D:\SteamLibrary\steamapps\common\Left 4 Dead 2\left4dead2\addons\sourcemod\scripting\l4d2_playerjoining_v3.sp::OnClientDisconnect
L 07/30/2026 - 14:03:25: [SM] Exception reported: Invalid timer handle 4b00559 (error 1)
L 07/30/2026 - 14:03:25: [SM] Blaming: l4d2_playerjoining_v3.smx
L 07/30/2026 - 14:03:25: [SM] Call stack trace:
L 07/30/2026 - 14:03:25: [SM]   [0] KillTimer
L 07/30/2026 - 14:03:25: [SM]   [1] Line 56, D:\SteamLibrary\steamapps\common\Left 4 Dead 2\left4dead2\addons\sourcemod\scripting\l4d2_playerjoining_v3.sp::OnClientDisconnect
L 07/30/2026 - 14:03:25: [SM] Exception reported: Invalid timer handle c7c00566 (error 1)
L 07/30/2026 - 14:03:25: [SM] Blaming: l4d2_playerjoining_v3.smx
L 07/30/2026 - 14:03:25: [SM] Call stack trace:
L 07/30/2026 - 14:03:25: [SM]   [0] KillTimer
L 07/30/2026 - 14:03:25: [SM]   [1] Line 56, D:\SteamLibrary\steamapps\common\Left 4 Dead 2\left4dead2\addons\sourcemod\scripting\l4d2_playerjoining_v3.sp::OnClientDisconnect
L 07/30/2026 - 14:03:38: [SM] Exception reported: Invalid timer handle 4b00559 (error 1)
L 07/30/2026 - 14:03:38: [SM] Blaming: l4d2_playerjoining_v3.smx
L 07/30/2026 - 14:03:38: [SM] Call stack trace:
L 07/30/2026 - 14:03:38: [SM]   [0] KillTimer
L 07/30/2026 - 14:03:38: [SM]   [1] Line 56, D:\SteamLibrary\steamapps\common\Left 4 Dead 2\left4dead2\addons\sourcemod\scripting\l4d2_playerjoining_v3.sp::OnClientDisconnect
L 07/30/2026 - 14:03:43: [SM] Exception reported: Language phrase "No Any Dead Survivor" not found (arg 6)
L 07/30/2026 - 14:03:43: [SM] Blaming: l4d_sm_respawn.smx
L 07/30/2026 - 14:03:43: [SM] Call stack trace:
L 07/30/2026 - 14:03:43: [SM]   [0] FormatEx
L 07/30/2026 - 14:03:43: [SM]   [1] Line 202, d:\Github\Private-Work\L4D2-插件\scripting_1.11\l4d_sm_respawn.sp::MenuClientsToSpawn
L 07/30/2026 - 14:03:43: [SM]   [2] Line 239, d:\Github\Private-Work\L4D2-插件\scripting_1.11\l4d_sm_respawn.sp::MenuHandler_MenuList
L 07/30/2026 - 14:05:09: [SM] Exception reported: Invalid timer handle 4b00559 (error 1)
L 07/30/2026 - 14:05:09: [SM] Blaming: l4d2_playerjoining_v3.smx
L 07/30/2026 - 14:05:09: [SM] Call stack trace:
L 07/30/2026 - 14:05:09: [SM]   [0] KillTimer
L 07/30/2026 - 14:05:09: [SM]   [1] Line 56, D:\SteamLibrary\steamapps\common\Left 4 Dead 2\left4dead2\addons\sourcemod\scripting\l4d2_playerjoining_v3.sp::OnClientDisconnect
L 07/30/2026 - 14:05:27: [SM] Exception reported: Invalid timer handle 4b00559 (error 1)
L 07/30/2026 - 14:05:27: [SM] Blaming: l4d2_playerjoining_v3.smx
L 07/30/2026 - 14:05:27: [SM] Call stack trace:
L 07/30/2026 - 14:05:27: [SM]   [0] KillTimer
L 07/30/2026 - 14:05:27: [SM]   [1] Line 56, D:\SteamLibrary\steamapps\common\Left 4 Dead 2\left4dead2\addons\sourcemod\scripting\l4d2_playerjoining_v3.sp::OnClientDisconnect
L 07/30/2026 - 14:06:07: [SM] Exception reported: Invalid timer handle c7c00566 (error 1)
L 07/30/2026 - 14:06:07: [SM] Blaming: l4d2_playerjoining_v3.smx
L 07/30/2026 - 14:06:07: [SM] Call stack trace:
L 07/30/2026 - 14:06:07: [SM]   [0] KillTimer
L 07/30/2026 - 14:06:07: [SM]   [1] Line 56, D:\SteamLibrary\steamapps\common\Left 4 Dead 2\left4dead2\addons\sourcemod\scripting\l4d2_playerjoining_v3.sp::OnClientDisconnect
L 07/30/2026 - 14:06:10: [SM] Exception reported: Invalid timer handle 4b00559 (error 1)
L 07/30/2026 - 14:06:10: [SM] Blaming: l4d2_playerjoining_v3.smx
L 07/30/2026 - 14:06:10: [SM] Call stack trace:
L 07/30/2026 - 14:06:10: [SM]   [0] KillTimer
L 07/30/2026 - 14:06:10: [SM]   [1] Line 56, D:\SteamLibrary\steamapps\common\Left 4 Dead 2\left4dead2\addons\sourcemod\scripting\l4d2_playerjoining_v3.sp::OnClientDisconnect
L 07/30/2026 - 14:07:33: [SM] Exception reported: Language phrase "Type in chat !join To join the survivors" not found (arg 6)
L 07/30/2026 - 14:07:33: [SM] Blaming: l4dmultislots.smx
L 07/30/2026 - 14:07:33: [SM] Call stack trace:
L 07/30/2026 - 14:07:33: [SM]   [0] VFormat
L 07/30/2026 - 14:07:33: [SM]   [1] Line 71, D:\Github\Private-Work\L4D2-插件\scripting_1.11\include\multicolors.inc::CPrintToChat
L 07/30/2026 - 14:07:33: [SM]   [2] Line 938, d:\Github\Private-Work\L4D2-插件\scripting_1.11\l4dmultislots.sp::Timer_SpecCheck
L 07/30/2026 - 14:07:47: [SM] Exception reported: Invalid timer handle 4b00559 (error 1)
L 07/30/2026 - 14:07:47: [SM] Blaming: l4d2_playerjoining_v3.smx
L 07/30/2026 - 14:07:47: [SM] Call stack trace:
L 07/30/2026 - 14:07:47: [SM]   [0] KillTimer
L 07/30/2026 - 14:07:47: [SM]   [1] Line 56, D:\SteamLibrary\steamapps\common\Left 4 Dead 2\left4dead2\addons\sourcemod\scripting\l4d2_playerjoining_v3.sp::OnClientDisconnect
L 07/30/2026 - 14:08:38: [SM] Exception reported: Invalid timer handle 4b00559 (error 1)
L 07/30/2026 - 14:08:38: [SM] Blaming: l4d2_playerjoining_v3.smx
L 07/30/2026 - 14:08:38: [SM] Call stack trace:
L 07/30/2026 - 14:08:38: [SM]   [0] KillTimer
L 07/30/2026 - 14:08:38: [SM]   [1] Line 56, D:\SteamLibrary\steamapps\common\Left 4 Dead 2\left4dead2\addons\sourcemod\scripting\l4d2_playerjoining_v3.sp::OnClientDisconnect
L 07/30/2026 - 14:09:33: [SM] Exception reported: Invalid timer handle 4b00559 (error 1)
L 07/30/2026 - 14:09:33: [SM] Blaming: l4d2_playerjoining_v3.smx
L 07/30/2026 - 14:09:33: [SM] Call stack trace:
L 07/30/2026 - 14:09:33: [SM]   [0] KillTimer
L 07/30/2026 - 14:09:33: [SM]   [1] Line 56, D:\SteamLibrary\steamapps\common\Left 4 Dead 2\left4dead2\addons\sourcemod\scripting\l4d2_playerjoining_v3.sp::OnClientDisconnect
L 07/30/2026 - 14:10:50: [SM] Exception reported: Invalid timer handle 4b00559 (error 1)
L 07/30/2026 - 14:10:50: [SM] Blaming: l4d2_playerjoining_v3.smx
L 07/30/2026 - 14:10:50: [SM] Call stack trace:
L 07/30/2026 - 14:10:50: [SM]   [0] KillTimer
L 07/30/2026 - 14:10:50: [SM]   [1] Line 56, D:\SteamLibrary\steamapps\common\Left 4 Dead 2\left4dead2\addons\sourcemod\scripting\l4d2_playerjoining_v3.sp::OnClientDisconnect
L 07/30/2026 - 14:11:30: [SM] Exception reported: Invalid timer handle 4b00559 (error 1)
L 07/30/2026 - 14:11:30: [SM] Blaming: l4d2_playerjoining_v3.smx
L 07/30/2026 - 14:11:30: [SM] Call stack trace:
L 07/30/2026 - 14:11:30: [SM]   [0] KillTimer
L 07/30/2026 - 14:11:30: [SM]   [1] Line 56, D:\SteamLibrary\steamapps\common\Left 4 Dead 2\left4dead2\addons\sourcemod\scripting\l4d2_playerjoining_v3.sp::OnClientDisconnect
L 07/30/2026 - 14:11:42: [SM] Exception reported: Invalid timer handle 4b00559 (error 1)
L 07/30/2026 - 14:11:42: [SM] Blaming: l4d2_playerjoining_v3.smx
L 07/30/2026 - 14:11:42: [SM] Call stack trace:
L 07/30/2026 - 14:11:42: [SM]   [0] KillTimer
L 07/30/2026 - 14:11:42: [SM]   [1] Line 56, D:\SteamLibrary\steamapps\common\Left 4 Dead 2\left4dead2\addons\sourcemod\scripting\l4d2_playerjoining_v3.sp::OnClientDisconnect
L 07/30/2026 - 14:12:33: [SM] Exception reported: Invalid timer handle 4b00559 (error 1)
L 07/30/2026 - 14:12:33: [SM] Blaming: l4d2_playerjoining_v3.smx
L 07/30/2026 - 14:12:33: [SM] Call stack trace:
L 07/30/2026 - 14:12:33: [SM]   [0] KillTimer
L 07/30/2026 - 14:12:33: [SM]   [1] Line 56, D:\SteamLibrary\steamapps\common\Left 4 Dead 2\left4dead2\addons\sourcemod\scripting\l4d2_playerjoining_v3.sp::OnClientDisconnect
L 07/30/2026 - 14:12:33: [SM] Exception reported: Language phrase "Please wait to be revived or rescued" not found (arg 6)
L 07/30/2026 - 14:12:33: [SM] Blaming: l4dmultislots.smx
L 07/30/2026 - 14:12:33: [SM] Call stack trace:
L 07/30/2026 - 14:12:33: [SM]   [0] PrintToChat
L 07/30/2026 - 14:12:33: [SM]   [1] Line 953, d:\Github\Private-Work\L4D2-插件\scripting_1.11\l4dmultislots.sp::Timer_SpecCheck
L 07/30/2026 - 14:12:56: [SM] Exception reported: Invalid timer handle 4b00559 (error 1)
L 07/30/2026 - 14:12:56: [SM] Blaming: l4d2_playerjoining_v3.smx
L 07/30/2026 - 14:12:56: [SM] Call stack trace:
L 07/30/2026 - 14:12:56: [SM]   [0] KillTimer
L 07/30/2026 - 14:12:56: [SM]   [1] Line 56, D:\SteamLibrary\steamapps\common\Left 4 Dead 2\left4dead2\addons\sourcemod\scripting\l4d2_playerjoining_v3.sp::OnClientDisconnect
L 07/30/2026 - 14:13:16: [SM] Exception reported: Invalid timer handle 4b00559 (error 1)
L 07/30/2026 - 14:13:16: [SM] Blaming: l4d2_playerjoining_v3.smx
L 07/30/2026 - 14:13:16: [SM] Call stack trace:
L 07/30/2026 - 14:13:16: [SM]   [0] KillTimer
L 07/30/2026 - 14:13:16: [SM]   [1] Line 56, D:\SteamLibrary\steamapps\common\Left 4 Dead 2\left4dead2\addons\sourcemod\scripting\l4d2_playerjoining_v3.sp::OnClientDisconnect
L 07/30/2026 - 14:13:48: [SM] Exception reported: Language phrase "Please wait to be revived or rescued" not found (arg 6)
L 07/30/2026 - 14:13:48: [SM] Blaming: l4dmultislots.smx
L 07/30/2026 - 14:13:48: [SM] Call stack trace:
L 07/30/2026 - 14:13:48: [SM]   [0] PrintToChat
L 07/30/2026 - 14:13:48: [SM]   [1] Line 953, d:\Github\Private-Work\L4D2-插件\scripting_1.11\l4dmultislots.sp::Timer_SpecCheck
L 07/30/2026 - 14:14:13: [SM] Exception reported: Language phrase "Please wait to be revived or rescued" not found (arg 6)
L 07/30/2026 - 14:14:13: [SM] Blaming: l4dmultislots.smx
L 07/30/2026 - 14:14:13: [SM] Call stack trace:
L 07/30/2026 - 14:14:13: [SM]   [0] PrintToChat
L 07/30/2026 - 14:14:13: [SM]   [1] Line 953, d:\Github\Private-Work\L4D2-插件\scripting_1.11\l4dmultislots.sp::Timer_SpecCheck
L 07/30/2026 - 14:14:29: Error log file session closed.
L 07/30/2026 - 14:14:29: SourceMod error session started
L 07/30/2026 - 14:14:29: Info (map "Glubtastic3_3") (file "d:\steamlibrary\steamapps\common\left 4 dead 2\left4dead2\addons\sourcemod\logs\errors_20260730.log")
L 07/30/2026 - 14:14:29: [SM] Fatal error encountered parsing translation file "l4d_nth.phrases.txt"
L 07/30/2026 - 14:14:29: [SM] Error (line 0, column 0): Stream failed to open
L 07/30/2026 - 14:14:29: [SM] Fatal error encountered parsing translation file "chargersteering.phrases.txt"
L 07/30/2026 - 14:14:29: [SM] Error (line 0, column 0): Stream failed to open
L 07/30/2026 - 14:14:31: [l4d2_publicity.smx] [Publicity] No se encontraron mensajes en el archivo de configuración
L 07/30/2026 - 14:16:49: [SM] Exception reported: Language phrase "Please wait to be revived or rescued" not found (arg 6)
L 07/30/2026 - 14:16:49: [SM] Blaming: l4dmultislots.smx
L 07/30/2026 - 14:16:49: [SM] Call stack trace:
L 07/30/2026 - 14:16:49: [SM]   [0] PrintToChat
L 07/30/2026 - 14:16:49: [SM]   [1] Line 953, d:\Github\Private-Work\L4D2-插件\scripting_1.11\l4dmultislots.sp::Timer_SpecCheck
L 07/30/2026 - 14:17:14: [SM] Exception reported: Language phrase "Please wait to be revived or rescued" not found (arg 6)
L 07/30/2026 - 14:17:14: [SM] Blaming: l4dmultislots.smx
L 07/30/2026 - 14:17:14: [SM] Call stack trace:
L 07/30/2026 - 14:17:14: [SM]   [0] PrintToChat
L 07/30/2026 - 14:17:14: [SM]   [1] Line 953, d:\Github\Private-Work\L4D2-插件\scripting_1.11\l4dmultislots.sp::Timer_SpecCheck
L 07/30/2026 - 14:17:23: [SM] Exception reported: Invalid timer handle 8c300526 (error 1)
L 07/30/2026 - 14:17:23: [SM] Blaming: l4d2_playerjoining_v3.smx
L 07/30/2026 - 14:17:23: [SM] Call stack trace:
L 07/30/2026 - 14:17:23: [SM]   [0] KillTimer
L 07/30/2026 - 14:17:23: [SM]   [1] Line 56, D:\SteamLibrary\steamapps\common\Left 4 Dead 2\left4dead2\addons\sourcemod\scripting\l4d2_playerjoining_v3.sp::OnClientDisconnect
L 07/30/2026 - 14:17:39: [SM] Exception reported: Language phrase "Please wait to be revived or rescued" not found (arg 6)
L 07/30/2026 - 14:17:39: [SM] Blaming: l4dmultislots.smx
L 07/30/2026 - 14:17:39: [SM] Call stack trace:
L 07/30/2026 - 14:17:39: [SM]   [0] PrintToChat
L 07/30/2026 - 14:17:39: [SM]   [1] Line 953, d:\Github\Private-Work\L4D2-插件\scripting_1.11\l4dmultislots.sp::Timer_SpecCheck
L 07/30/2026 - 14:17:47: [SM] Exception reported: Invalid timer handle 8c300526 (error 3)
L 07/30/2026 - 14:17:47: [SM] Blaming: l4d2_playerjoining_v3.smx
L 07/30/2026 - 14:17:47: [SM] Call stack trace:
L 07/30/2026 - 14:17:47: [SM]   [0] KillTimer
L 07/30/2026 - 14:17:47: [SM]   [1] Line 56, D:\SteamLibrary\steamapps\common\Left 4 Dead 2\left4dead2\addons\sourcemod\scripting\l4d2_playerjoining_v3.sp::OnClientDisconnect
L 07/30/2026 - 14:17:55: [SM] Exception reported: Invalid timer handle 8c300526 (error 1)
L 07/30/2026 - 14:17:55: [SM] Blaming: l4d2_playerjoining_v3.smx
L 07/30/2026 - 14:17:55: [SM] Call stack trace:
L 07/30/2026 - 14:17:55: [SM]   [0] KillTimer
L 07/30/2026 - 14:17:55: [SM]   [1] Line 56, D:\SteamLibrary\steamapps\common\Left 4 Dead 2\left4dead2\addons\sourcemod\scripting\l4d2_playerjoining_v3.sp::OnClientDisconnect
L 07/30/2026 - 14:18:52: [SM] Exception reported: Invalid timer handle 8c300526 (error 1)
L 07/30/2026 - 14:18:52: [SM] Blaming: l4d2_playerjoining_v3.smx
L 07/30/2026 - 14:18:52: [SM] Call stack trace:
L 07/30/2026 - 14:18:52: [SM]   [0] KillTimer
L 07/30/2026 - 14:18:52: [SM]   [1] Line 56, D:\SteamLibrary\steamapps\common\Left 4 Dead 2\left4dead2\addons\sourcemod\scripting\l4d2_playerjoining_v3.sp::OnClientDisconnect
L 07/30/2026 - 14:20:02: [SM] Exception reported: Invalid timer handle 8c300526 (error 1)
L 07/30/2026 - 14:20:02: [SM] Blaming: l4d2_playerjoining_v3.smx
L 07/30/2026 - 14:20:02: [SM] Call stack trace:
L 07/30/2026 - 14:20:02: [SM]   [0] KillTimer
L 07/30/2026 - 14:20:02: [SM]   [1] Line 56, D:\SteamLibrary\steamapps\common\Left 4 Dead 2\left4dead2\addons\sourcemod\scripting\l4d2_playerjoining_v3.sp::OnClientDisconnect
L 07/30/2026 - 14:20:21: [SM] Exception reported: Invalid timer handle 4b00559 (error 3)
L 07/30/2026 - 14:20:21: [SM] Blaming: l4d2_playerjoining_v3.smx
L 07/30/2026 - 14:20:21: [SM] Call stack trace:
L 07/30/2026 - 14:20:21: [SM]   [0] KillTimer
L 07/30/2026 - 14:20:21: [SM]   [1] Line 56, D:\SteamLibrary\steamapps\common\Left 4 Dead 2\left4dead2\addons\sourcemod\scripting\l4d2_playerjoining_v3.sp::OnClientDisconnect
L 07/30/2026 - 14:20:27: [SM] Exception reported: Invalid timer handle 4b00559 (error 3)
L 07/30/2026 - 14:20:27: [SM] Blaming: l4d2_playerjoining_v3.smx
L 07/30/2026 - 14:20:27: [SM] Call stack trace:
L 07/30/2026 - 14:20:27: [SM]   [0] KillTimer
L 07/30/2026 - 14:20:27: [SM]   [1] Line 56, D:\SteamLibrary\steamapps\common\Left 4 Dead 2\left4dead2\addons\sourcemod\scripting\l4d2_playerjoining_v3.sp::OnClientDisconnect
L 07/30/2026 - 14:20:36: [SM] Exception reported: Invalid timer handle 4b00559 (error 3)
L 07/30/2026 - 14:20:36: [SM] Blaming: l4d2_playerjoining_v3.smx
L 07/30/2026 - 14:20:36: [SM] Call stack trace:
L 07/30/2026 - 14:20:36: [SM]   [0] KillTimer
L 07/30/2026 - 14:20:36: [SM]   [1] Line 56, D:\SteamLibrary\steamapps\common\Left 4 Dead 2\left4dead2\addons\sourcemod\scripting\l4d2_playerjoining_v3.sp::OnClientDisconnect
L 07/30/2026 - 14:20:59: [SM] Exception reported: Language phrase "Please wait to be revived or rescued" not found (arg 6)
L 07/30/2026 - 14:20:59: [SM] Blaming: l4dmultislots.smx
L 07/30/2026 - 14:20:59: [SM] Call stack trace:
L 07/30/2026 - 14:20:59: [SM]   [0] PrintToChat
L 07/30/2026 - 14:20:59: [SM]   [1] Line 953, d:\Github\Private-Work\L4D2-插件\scripting_1.11\l4dmultislots.sp::Timer_SpecCheck
L 07/30/2026 - 14:21:26: Error log file session closed.
L 07/30/2026 - 14:21:26: SourceMod error session started
L 07/30/2026 - 14:21:26: Info (map "glubtastic3_vince") (file "d:\steamlibrary\steamapps\common\left 4 dead 2\left4dead2\addons\sourcemod\logs\errors_20260730.log")
L 07/30/2026 - 14:21:26: [SM] Fatal error encountered parsing translation file "l4d_nth.phrases.txt"
L 07/30/2026 - 14:21:26: [SM] Error (line 0, column 0): Stream failed to open
L 07/30/2026 - 14:21:26: [SM] Fatal error encountered parsing translation file "chargersteering.phrases.txt"
L 07/30/2026 - 14:21:26: [SM] Error (line 0, column 0): Stream failed to open
L 07/30/2026 - 14:21:28: [l4d2_publicity.smx] [Publicity] No se encontraron mensajes en el archivo de configuración
L 07/30/2026 - 14:22:36: [SM] Exception reported: Invalid timer handle 3c80054d (error 3)
L 07/30/2026 - 14:22:36: [SM] Blaming: l4d2_playerjoining_v3.smx
L 07/30/2026 - 14:22:36: [SM] Call stack trace:
L 07/30/2026 - 14:22:36: [SM]   [0] KillTimer
L 07/30/2026 - 14:22:36: [SM]   [1] Line 56, D:\SteamLibrary\steamapps\common\Left 4 Dead 2\left4dead2\addons\sourcemod\scripting\l4d2_playerjoining_v3.sp::OnClientDisconnect
L 07/30/2026 - 14:22:52: [SM] Exception reported: Invalid timer handle 8c300526 (error 3)
L 07/30/2026 - 14:22:52: [SM] Blaming: l4d2_playerjoining_v3.smx
L 07/30/2026 - 14:22:52: [SM] Call stack trace:
L 07/30/2026 - 14:22:52: [SM]   [0] KillTimer
L 07/30/2026 - 14:22:52: [SM]   [1] Line 56, D:\SteamLibrary\steamapps\common\Left 4 Dead 2\left4dead2\addons\sourcemod\scripting\l4d2_playerjoining_v3.sp::OnClientDisconnect
L 07/30/2026 - 14:23:30: [SM] Exception reported: Invalid timer handle 3f100499 (error 3)
L 07/30/2026 - 14:23:30: [SM] Blaming: l4d2_playerjoining_v3.smx
L 07/30/2026 - 14:23:30: [SM] Call stack trace:
L 07/30/2026 - 14:23:30: [SM]   [0] KillTimer
L 07/30/2026 - 14:23:30: [SM]   [1] Line 56, D:\SteamLibrary\steamapps\common\Left 4 Dead 2\left4dead2\addons\sourcemod\scripting\l4d2_playerjoining_v3.sp::OnClientDisconnect
L 07/30/2026 - 14:23:30: [SM] Exception reported: Invalid timer handle 470053a (error 3)
L 07/30/2026 - 14:23:30: [SM] Blaming: l4d2_playerjoining_v3.smx
L 07/30/2026 - 14:23:30: [SM] Call stack trace:
L 07/30/2026 - 14:23:30: [SM]   [0] KillTimer
L 07/30/2026 - 14:23:30: [SM]   [1] Line 56, D:\SteamLibrary\steamapps\common\Left 4 Dead 2\left4dead2\addons\sourcemod\scripting\l4d2_playerjoining_v3.sp::OnClientDisconnect
L 07/30/2026 - 14:23:30: [SM] Exception reported: Invalid timer handle 3f100499 (error 3)
L 07/30/2026 - 14:23:30: [SM] Blaming: l4d2_playerjoining_v3.smx
L 07/30/2026 - 14:23:30: [SM] Call stack trace:
L 07/30/2026 - 14:23:30: [SM]   [0] KillTimer
L 07/30/2026 - 14:23:30: [SM]   [1] Line 56, D:\SteamLibrary\steamapps\common\Left 4 Dead 2\left4dead2\addons\sourcemod\scripting\l4d2_playerjoining_v3.sp::OnClientDisconnect
L 07/30/2026 - 14:23:35: [SM] Exception reported: Invalid timer handle 3f100499 (error 3)
L 07/30/2026 - 14:23:35: [SM] Blaming: l4d2_playerjoining_v3.smx
L 07/30/2026 - 14:23:35: [SM] Call stack trace:
L 07/30/2026 - 14:23:35: [SM]   [0] KillTimer
L 07/30/2026 - 14:23:35: [SM]   [1] Line 56, D:\SteamLibrary\steamapps\common\Left 4 Dead 2\left4dead2\addons\sourcemod\scripting\l4d2_playerjoining_v3.sp::OnClientDisconnect
L 07/30/2026 - 14:23:35: [SM] Exception reported: Invalid timer handle 470053a (error 1)
L 07/30/2026 - 14:23:35: [SM] Blaming: l4d2_playerjoining_v3.smx
L 07/30/2026 - 14:23:35: [SM] Call stack trace:
L 07/30/2026 - 14:23:35: [SM]   [0] KillTimer
L 07/30/2026 - 14:23:35: [SM]   [1] Line 56, D:\SteamLibrary\steamapps\common\Left 4 Dead 2\left4dead2\addons\sourcemod\scripting\l4d2_playerjoining_v3.sp::OnClientDisconnect
L 07/30/2026 - 14:23:35: [SM] Exception reported: Invalid timer handle 3f100499 (error 1)
L 07/30/2026 - 14:23:35: [SM] Blaming: l4d2_playerjoining_v3.smx
L 07/30/2026 - 14:23:35: [SM] Call stack trace:
L 07/30/2026 - 14:23:35: [SM]   [0] KillTimer
L 07/30/2026 - 14:23:35: [SM]   [1] Line 56, D:\SteamLibrary\steamapps\common\Left 4 Dead 2\left4dead2\addons\sourcemod\scripting\l4d2_playerjoining_v3.sp::OnClientDisconnect
L 07/30/2026 - 14:23:35: [SM] Exception reported: Invalid timer handle 8c300526 (error 1)
L 07/30/2026 - 14:23:35: [SM] Blaming: l4d2_playerjoining_v3.smx
L 07/30/2026 - 14:23:35: [SM] Call stack trace:
L 07/30/2026 - 14:23:35: [SM]   [0] KillTimer
L 07/30/2026 - 14:23:35: [SM]   [1] Line 56, D:\SteamLibrary\steamapps\common\Left 4 Dead 2\left4dead2\addons\sourcemod\scripting\l4d2_playerjoining_v3.sp::OnClientDisconnect
L 07/30/2026 - 14:24:17: [SM] Exception reported: Invalid timer handle 3c80054d (error 3)
L 07/30/2026 - 14:24:17: [SM] Blaming: l4d2_playerjoining_v3.smx
L 07/30/2026 - 14:24:17: [SM] Call stack trace:
L 07/30/2026 - 14:24:17: [SM]   [0] KillTimer
L 07/30/2026 - 14:24:17: [SM]   [1] Line 56, D:\SteamLibrary\steamapps\common\Left 4 Dead 2\left4dead2\addons\sourcemod\scripting\l4d2_playerjoining_v3.sp::OnClientDisconnect
L 07/30/2026 - 14:24:33: [SM] Exception reported: Invalid timer handle 8c300526 (error 1)
L 07/30/2026 - 14:24:33: [SM] Blaming: l4d2_playerjoining_v3.smx
L 07/30/2026 - 14:24:33: [SM] Call stack trace:
L 07/30/2026 - 14:24:33: [SM]   [0] KillTimer
L 07/30/2026 - 14:24:33: [SM]   [1] Line 56, D:\SteamLibrary\steamapps\common\Left 4 Dead 2\left4dead2\addons\sourcemod\scripting\l4d2_playerjoining_v3.sp::OnClientDisconnect
L 07/30/2026 - 14:25:51: [SM] Exception reported: Language phrase "Please wait to be revived or rescued" not found (arg 6)
L 07/30/2026 - 14:25:51: [SM] Blaming: l4dmultislots.smx
L 07/30/2026 - 14:25:51: [SM] Call stack trace:
L 07/30/2026 - 14:25:51: [SM]   [0] PrintToChat
L 07/30/2026 - 14:25:51: [SM]   [1] Line 953, d:\Github\Private-Work\L4D2-插件\scripting_1.11\l4dmultislots.sp::Timer_SpecCheck
L 07/30/2026 - 14:26:16: [SM] Exception reported: Language phrase "Please wait to be revived or rescued" not found (arg 6)
L 07/30/2026 - 14:26:16: [SM] Blaming: l4dmultislots.smx
L 07/30/2026 - 14:26:16: [SM] Call stack trace:
L 07/30/2026 - 14:26:16: [SM]   [0] PrintToChat
L 07/30/2026 - 14:26:16: [SM]   [1] Line 953, d:\Github\Private-Work\L4D2-插件\scripting_1.11\l4dmultislots.sp::Timer_SpecCheck
L 07/30/2026 - 14:26:31: [SM] Exception reported: Invalid timer handle 4b00559 (error 3)
L 07/30/2026 - 14:26:31: [SM] Blaming: l4d2_playerjoining_v3.smx
L 07/30/2026 - 14:26:31: [SM] Call stack trace:
L 07/30/2026 - 14:26:31: [SM]   [0] KillTimer
L 07/30/2026 - 14:26:31: [SM]   [1] Line 56, D:\SteamLibrary\steamapps\common\Left 4 Dead 2\left4dead2\addons\sourcemod\scripting\l4d2_playerjoining_v3.sp::OnClientDisconnect
L 07/30/2026 - 14:26:38: [SM] Exception reported: Invalid timer handle 3c80054d (error 1)
L 07/30/2026 - 14:26:38: [SM] Blaming: l4d2_playerjoining_v3.smx
L 07/30/2026 - 14:26:38: [SM] Call stack trace:
L 07/30/2026 - 14:26:38: [SM]   [0] KillTimer
L 07/30/2026 - 14:26:38: [SM]   [1] Line 56, D:\SteamLibrary\steamapps\common\Left 4 Dead 2\left4dead2\addons\sourcemod\scripting\l4d2_playerjoining_v3.sp::OnClientDisconnect
L 07/30/2026 - 14:27:28: [SM] Exception reported: Invalid timer handle 4b00559 (error 3)
L 07/30/2026 - 14:27:28: [SM] Blaming: l4d2_playerjoining_v3.smx
L 07/30/2026 - 14:27:28: [SM] Call stack trace:
L 07/30/2026 - 14:27:28: [SM]   [0] KillTimer
L 07/30/2026 - 14:27:28: [SM]   [1] Line 56, D:\SteamLibrary\steamapps\common\Left 4 Dead 2\left4dead2\addons\sourcemod\scripting\l4d2_playerjoining_v3.sp::OnClientDisconnect
L 07/30/2026 - 14:27:35: [SM] Exception reported: Invalid timer handle 3c80054d (error 3)
L 07/30/2026 - 14:27:35: [SM] Blaming: l4d2_playerjoining_v3.smx
L 07/30/2026 - 14:27:35: [SM] Call stack trace:
L 07/30/2026 - 14:27:35: [SM]   [0] KillTimer
L 07/30/2026 - 14:27:35: [SM]   [1] Line 56, D:\SteamLibrary\steamapps\common\Left 4 Dead 2\left4dead2\addons\sourcemod\scripting\l4d2_playerjoining_v3.sp::OnClientDisconnect
L 07/30/2026 - 14:28:13: [SM] Exception reported: Invalid timer handle 3f100499 (error 1)
L 07/30/2026 - 14:28:13: [SM] Blaming: l4d2_playerjoining_v3.smx
L 07/30/2026 - 14:28:13: [SM] Call stack trace:
L 07/30/2026 - 14:28:13: [SM]   [0] KillTimer
L 07/30/2026 - 14:28:13: [SM]   [1] Line 56, D:\SteamLibrary\steamapps\common\Left 4 Dead 2\left4dead2\addons\sourcemod\scripting\l4d2_playerjoining_v3.sp::OnClientDisconnect
L 07/30/2026 - 14:28:13: [SM] Exception reported: Invalid timer handle 470053a (error 3)
L 07/30/2026 - 14:28:13: [SM] Blaming: l4d2_playerjoining_v3.smx
L 07/30/2026 - 14:28:13: [SM] Call stack trace:
L 07/30/2026 - 14:28:13: [SM]   [0] KillTimer
L 07/30/2026 - 14:28:13: [SM]   [1] Line 56, D:\SteamLibrary\steamapps\common\Left 4 Dead 2\left4dead2\addons\sourcemod\scripting\l4d2_playerjoining_v3.sp::OnClientDisconnect
L 07/30/2026 - 14:28:13: [SM] Exception reported: Invalid timer handle 1f900544 (error 3)
L 07/30/2026 - 14:28:13: [SM] Blaming: l4d2_playerjoining_v3.smx
L 07/30/2026 - 14:28:13: [SM] Call stack trace:
L 07/30/2026 - 14:28:13: [SM]   [0] KillTimer
L 07/30/2026 - 14:28:13: [SM]   [1] Line 56, D:\SteamLibrary\steamapps\common\Left 4 Dead 2\left4dead2\addons\sourcemod\scripting\l4d2_playerjoining_v3.sp::OnClientDisconnect
L 07/30/2026 - 14:28:15: [SM] Exception reported: Invalid timer handle 3c80054d (error 3)
L 07/30/2026 - 14:28:15: [SM] Blaming: l4d2_playerjoining_v3.smx
L 07/30/2026 - 14:28:15: [SM] Call stack trace:
L 07/30/2026 - 14:28:15: [SM]   [0] KillTimer
L 07/30/2026 - 14:28:15: [SM]   [1] Line 56, D:\SteamLibrary\steamapps\common\Left 4 Dead 2\left4dead2\addons\sourcemod\scripting\l4d2_playerjoining_v3.sp::OnClientDisconnect
L 07/30/2026 - 14:28:15: [SM] Exception reported: Invalid timer handle 8c300526 (error 3)
L 07/30/2026 - 14:28:15: [SM] Blaming: l4d2_playerjoining_v3.smx
L 07/30/2026 - 14:28:15: [SM] Call stack trace:
L 07/30/2026 - 14:28:15: [SM]   [0] KillTimer
L 07/30/2026 - 14:28:15: [SM]   [1] Line 56, D:\SteamLibrary\steamapps\common\Left 4 Dead 2\left4dead2\addons\sourcemod\scripting\l4d2_playerjoining_v3.sp::OnClientDisconnect
L 07/30/2026 - 14:28:28: [SM] Exception reported: Invalid timer handle 3c80054d (error 3)
L 07/30/2026 - 14:28:28: [SM] Blaming: l4d2_playerjoining_v3.smx
L 07/30/2026 - 14:28:28: [SM] Call stack trace:
L 07/30/2026 - 14:28:28: [SM]   [0] KillTimer
L 07/30/2026 - 14:28:28: [SM]   [1] Line 56, D:\SteamLibrary\steamapps\common\Left 4 Dead 2\left4dead2\addons\sourcemod\scripting\l4d2_playerjoining_v3.sp::OnClientDisconnect
L 07/30/2026 - 14:28:43: [SM] Exception reported: Language phrase "Please wait to be revived or rescued" not found (arg 6)
L 07/30/2026 - 14:28:43: [SM] Blaming: l4dmultislots.smx
L 07/30/2026 - 14:28:43: [SM] Call stack trace:
L 07/30/2026 - 14:28:43: [SM]   [0] PrintToChat
L 07/30/2026 - 14:28:43: [SM]   [1] Line 953, d:\Github\Private-Work\L4D2-插件\scripting_1.11\l4dmultislots.sp::Timer_SpecCheck
L 07/30/2026 - 14:28:53: [SM] Exception reported: Invalid timer handle 4b00559 (error 3)
L 07/30/2026 - 14:28:53: [SM] Blaming: l4d2_playerjoining_v3.smx
L 07/30/2026 - 14:28:53: [SM] Call stack trace:
L 07/30/2026 - 14:28:53: [SM]   [0] KillTimer
L 07/30/2026 - 14:28:53: [SM]   [1] Line 56, D:\SteamLibrary\steamapps\common\Left 4 Dead 2\left4dead2\addons\sourcemod\scripting\l4d2_playerjoining_v3.sp::OnClientDisconnect
L 07/30/2026 - 14:29:08: [SM] Exception reported: Language phrase "Please wait to be revived or rescued" not found (arg 6)
L 07/30/2026 - 14:29:08: [SM] Blaming: l4dmultislots.smx
L 07/30/2026 - 14:29:08: [SM] Call stack trace:
L 07/30/2026 - 14:29:08: [SM]   [0] PrintToChat
L 07/30/2026 - 14:29:08: [SM]   [1] Line 953, d:\Github\Private-Work\L4D2-插件\scripting_1.11\l4dmultislots.sp::Timer_SpecCheck
L 07/30/2026 - 14:29:29: [SM] Exception reported: Invalid timer handle 3c80054d (error 1)
L 07/30/2026 - 14:29:29: [SM] Blaming: l4d2_playerjoining_v3.smx
L 07/30/2026 - 14:29:29: [SM] Call stack trace:
L 07/30/2026 - 14:29:29: [SM]   [0] KillTimer
L 07/30/2026 - 14:29:29: [SM]   [1] Line 56, D:\SteamLibrary\steamapps\common\Left 4 Dead 2\left4dead2\addons\sourcemod\scripting\l4d2_playerjoining_v3.sp::OnClientDisconnect
L 07/30/2026 - 14:29:33: [SM] Exception reported: Language phrase "Please wait to be revived or rescued" not found (arg 6)
L 07/30/2026 - 14:29:33: [SM] Blaming: l4dmultislots.smx
L 07/30/2026 - 14:29:33: [SM] Call stack trace:
L 07/30/2026 - 14:29:33: [SM]   [0] PrintToChat
L 07/30/2026 - 14:29:33: [SM]   [1] Line 953, d:\Github\Private-Work\L4D2-插件\scripting_1.11\l4dmultislots.sp::Timer_SpecCheck
L 07/30/2026 - 14:29:43: [SM] Exception reported: Invalid timer handle 3c80054d (error 1)
L 07/30/2026 - 14:29:43: [SM] Blaming: l4d2_playerjoining_v3.smx
L 07/30/2026 - 14:29:43: [SM] Call stack trace:
L 07/30/2026 - 14:29:43: [SM]   [0] KillTimer
L 07/30/2026 - 14:29:43: [SM]   [1] Line 56, D:\SteamLibrary\steamapps\common\Left 4 Dead 2\left4dead2\addons\sourcemod\scripting\l4d2_playerjoining_v3.sp::OnClientDisconnect
L 07/30/2026 - 14:29:49: [SM] Exception reported: Invalid timer handle 3f100499 (error 1)
L 07/30/2026 - 14:29:49: [SM] Blaming: l4d2_playerjoining_v3.smx
L 07/30/2026 - 14:29:49: [SM] Call stack trace:
L 07/30/2026 - 14:29:49: [SM]   [0] KillTimer
L 07/30/2026 - 14:29:49: [SM]   [1] Line 56, D:\SteamLibrary\steamapps\common\Left 4 Dead 2\left4dead2\addons\sourcemod\scripting\l4d2_playerjoining_v3.sp::OnClientDisconnect
L 07/30/2026 - 14:29:58: [SM] Exception reported: Language phrase "Please wait to be revived or rescued" not found (arg 6)
L 07/30/2026 - 14:29:58: [SM] Blaming: l4dmultislots.smx
L 07/30/2026 - 14:29:58: [SM] Call stack trace:
L 07/30/2026 - 14:29:58: [SM]   [0] PrintToChat
L 07/30/2026 - 14:29:58: [SM]   [1] Line 953, d:\Github\Private-Work\L4D2-插件\scripting_1.11\l4dmultislots.sp::Timer_SpecCheck
L 07/30/2026 - 14:29:59: [SM] Exception reported: Invalid timer handle 8c300526 (error 3)
L 07/30/2026 - 14:29:59: [SM] Blaming: l4d2_playerjoining_v3.smx
L 07/30/2026 - 14:29:59: [SM] Call stack trace:
L 07/30/2026 - 14:29:59: [SM]   [0] KillTimer
L 07/30/2026 - 14:29:59: [SM]   [1] Line 56, D:\SteamLibrary\steamapps\common\Left 4 Dead 2\left4dead2\addons\sourcemod\scripting\l4d2_playerjoining_v3.sp::OnClientDisconnect
L 07/30/2026 - 14:30:23: [SM] Exception reported: Language phrase "Please wait to be revived or rescued" not found (arg 6)
L 07/30/2026 - 14:30:23: [SM] Blaming: l4dmultislots.smx
L 07/30/2026 - 14:30:23: [SM] Call stack trace:
L 07/30/2026 - 14:30:23: [SM]   [0] PrintToChat
L 07/30/2026 - 14:30:23: [SM]   [1] Line 953, d:\Github\Private-Work\L4D2-插件\scripting_1.11\l4dmultislots.sp::Timer_SpecCheck
L 07/30/2026 - 14:30:45: [SM] Exception reported: Invalid timer handle 3c80054d (error 1)
L 07/30/2026 - 14:30:45: [SM] Blaming: l4d2_playerjoining_v3.smx
L 07/30/2026 - 14:30:45: [SM] Call stack trace:
L 07/30/2026 - 14:30:45: [SM]   [0] KillTimer
L 07/30/2026 - 14:30:45: [SM]   [1] Line 56, D:\SteamLibrary\steamapps\common\Left 4 Dead 2\left4dead2\addons\sourcemod\scripting\l4d2_playerjoining_v3.sp::OnClientDisconnect
L 07/30/2026 - 14:30:48: [SM] Exception reported: Language phrase "Please wait to be revived or rescued" not found (arg 6)
L 07/30/2026 - 14:30:48: [SM] Blaming: l4dmultislots.smx
L 07/30/2026 - 14:30:48: [SM] Call stack trace:
L 07/30/2026 - 14:30:48: [SM]   [0] PrintToChat
L 07/30/2026 - 14:30:48: [SM]   [1] Line 953, d:\Github\Private-Work\L4D2-插件\scripting_1.11\l4dmultislots.sp::Timer_SpecCheck
L 07/30/2026 - 14:30:50: [SM] Exception reported: Invalid timer handle 8c300526 (error 3)
L 07/30/2026 - 14:30:50: [SM] Blaming: l4d2_playerjoining_v3.smx
L 07/30/2026 - 14:30:50: [SM] Call stack trace:
L 07/30/2026 - 14:30:50: [SM]   [0] KillTimer
L 07/30/2026 - 14:30:50: [SM]   [1] Line 56, D:\SteamLibrary\steamapps\common\Left 4 Dead 2\left4dead2\addons\sourcemod\scripting\l4d2_playerjoining_v3.sp::OnClientDisconnect
L 07/30/2026 - 14:30:57: [SM] Exception reported: Invalid timer handle 3f100499 (error 1)
L 07/30/2026 - 14:30:57: [SM] Blaming: l4d2_playerjoining_v3.smx
L 07/30/2026 - 14:30:57: [SM] Call stack trace:
L 07/30/2026 - 14:30:57: [SM]   [0] KillTimer
L 07/30/2026 - 14:30:57: [SM]   [1] Line 56, D:\SteamLibrary\steamapps\common\Left 4 Dead 2\left4dead2\addons\sourcemod\scripting\l4d2_playerjoining_v3.sp::OnClientDisconnect
L 07/30/2026 - 14:31:05: [SM] Exception reported: Invalid timer handle 3c80054d (error 1)
L 07/30/2026 - 14:31:05: [SM] Blaming: l4d2_playerjoining_v3.smx
L 07/30/2026 - 14:31:05: [SM] Call stack trace:
L 07/30/2026 - 14:31:05: [SM]   [0] KillTimer
L 07/30/2026 - 14:31:05: [SM]   [1] Line 56, D:\SteamLibrary\steamapps\common\Left 4 Dead 2\left4dead2\addons\sourcemod\scripting\l4d2_playerjoining_v3.sp::OnClientDisconnect
L 07/30/2026 - 14:31:13: [SM] Exception reported: Language phrase "Please wait to be revived or rescued" not found (arg 6)
L 07/30/2026 - 14:31:13: [SM] Blaming: l4dmultislots.smx
L 07/30/2026 - 14:31:13: [SM] Call stack trace:
L 07/30/2026 - 14:31:13: [SM]   [0] PrintToChat
L 07/30/2026 - 14:31:13: [SM]   [1] Line 953, d:\Github\Private-Work\L4D2-插件\scripting_1.11\l4dmultislots.sp::Timer_SpecCheck
L 07/30/2026 - 14:31:41: [SM] Exception reported: Invalid timer handle 470053a (error 1)
L 07/30/2026 - 14:31:41: [SM] Blaming: l4d2_playerjoining_v3.smx
L 07/30/2026 - 14:31:41: [SM] Call stack trace:
L 07/30/2026 - 14:31:41: [SM]   [0] KillTimer
L 07/30/2026 - 14:31:41: [SM]   [1] Line 56, D:\SteamLibrary\steamapps\common\Left 4 Dead 2\left4dead2\addons\sourcemod\scripting\l4d2_playerjoining_v3.sp::OnClientDisconnect
L 07/30/2026 - 14:32:32: [SM] Exception reported: Invalid timer handle 3c80054d (error 3)
L 07/30/2026 - 14:32:32: [SM] Blaming: l4d2_playerjoining_v3.smx
L 07/30/2026 - 14:32:32: [SM] Call stack trace:
L 07/30/2026 - 14:32:32: [SM]   [0] KillTimer
L 07/30/2026 - 14:32:32: [SM]   [1] Line 56, D:\SteamLibrary\steamapps\common\Left 4 Dead 2\left4dead2\addons\sourcemod\scripting\l4d2_playerjoining_v3.sp::OnClientDisconnect
L 07/30/2026 - 14:32:48: [SM] Exception reported: Invalid timer handle 8c300526 (error 3)
L 07/30/2026 - 14:32:48: [SM] Blaming: l4d2_playerjoining_v3.smx
L 07/30/2026 - 14:32:48: [SM] Call stack trace:
L 07/30/2026 - 14:32:48: [SM]   [0] KillTimer
L 07/30/2026 - 14:32:48: [SM]   [1] Line 56, D:\SteamLibrary\steamapps\common\Left 4 Dead 2\left4dead2\addons\sourcemod\scripting\l4d2_playerjoining_v3.sp::OnClientDisconnect
L 07/30/2026 - 14:32:54: [SM] Exception reported: Invalid timer handle 9860056c (error 3)
L 07/30/2026 - 14:32:54: [SM] Blaming: l4d2_playerjoining_v3.smx
L 07/30/2026 - 14:32:54: [SM] Call stack trace:
L 07/30/2026 - 14:32:54: [SM]   [0] KillTimer
L 07/30/2026 - 14:32:54: [SM]   [1] Line 56, D:\SteamLibrary\steamapps\common\Left 4 Dead 2\left4dead2\addons\sourcemod\scripting\l4d2_playerjoining_v3.sp::OnClientDisconnect
L 07/30/2026 - 14:33:32: [SM] Exception reported: Invalid timer handle 3f100499 (error 3)
L 07/30/2026 - 14:33:32: [SM] Blaming: l4d2_playerjoining_v3.smx
L 07/30/2026 - 14:33:32: [SM] Call stack trace:
L 07/30/2026 - 14:33:32: [SM]   [0] KillTimer
L 07/30/2026 - 14:33:32: [SM]   [1] Line 56, D:\SteamLibrary\steamapps\common\Left 4 Dead 2\left4dead2\addons\sourcemod\scripting\l4d2_playerjoining_v3.sp::OnClientDisconnect
L 07/30/2026 - 14:33:32: [SM] Exception reported: Invalid timer handle 470053a (error 3)
L 07/30/2026 - 14:33:32: [SM] Blaming: l4d2_playerjoining_v3.smx
L 07/30/2026 - 14:33:32: [SM] Call stack trace:
L 07/30/2026 - 14:33:32: [SM]   [0] KillTimer
L 07/30/2026 - 14:33:32: [SM]   [1] Line 56, D:\SteamLibrary\steamapps\common\Left 4 Dead 2\left4dead2\addons\sourcemod\scripting\l4d2_playerjoining_v3.sp::OnClientDisconnect
L 07/30/2026 - 14:33:32: [SM] Exception reported: Invalid timer handle 1f900544 (error 3)
L 07/30/2026 - 14:33:32: [SM] Blaming: l4d2_playerjoining_v3.smx
L 07/30/2026 - 14:33:32: [SM] Call stack trace:
L 07/30/2026 - 14:33:32: [SM]   [0] KillTimer
L 07/30/2026 - 14:33:32: [SM]   [1] Line 56, D:\SteamLibrary\steamapps\common\Left 4 Dead 2\left4dead2\addons\sourcemod\scripting\l4d2_playerjoining_v3.sp::OnClientDisconnect
L 07/30/2026 - 14:33:32: [SM] Exception reported: Invalid timer handle 9860056c (error 1)
L 07/30/2026 - 14:33:32: [SM] Blaming: l4d2_playerjoining_v3.smx
L 07/30/2026 - 14:33:32: [SM] Call stack trace:
L 07/30/2026 - 14:33:32: [SM]   [0] KillTimer
L 07/30/2026 - 14:33:32: [SM]   [1] Line 56, D:\SteamLibrary\steamapps\common\Left 4 Dead 2\left4dead2\addons\sourcemod\scripting\l4d2_playerjoining_v3.sp::OnClientDisconnect
L 07/30/2026 - 14:33:36: [SM] Exception reported: Invalid timer handle 8c300526 (error 3)
L 07/30/2026 - 14:33:36: [SM] Blaming: l4d2_playerjoining_v3.smx
L 07/30/2026 - 14:33:36: [SM] Call stack trace:
L 07/30/2026 - 14:33:36: [SM]   [0] KillTimer
L 07/30/2026 - 14:33:36: [SM]   [1] Line 56, D:\SteamLibrary\steamapps\common\Left 4 Dead 2\left4dead2\addons\sourcemod\scripting\l4d2_playerjoining_v3.sp::OnClientDisconnect
L 07/30/2026 - 14:33:44: [SM] Exception reported: Invalid timer handle 3c80054d (error 3)
L 07/30/2026 - 14:33:44: [SM] Blaming: l4d2_playerjoining_v3.smx
L 07/30/2026 - 14:33:44: [SM] Call stack trace:
L 07/30/2026 - 14:33:44: [SM]   [0] KillTimer
L 07/30/2026 - 14:33:44: [SM]   [1] Line 56, D:\SteamLibrary\steamapps\common\Left 4 Dead 2\left4dead2\addons\sourcemod\scripting\l4d2_playerjoining_v3.sp::OnClientDisconnect
L 07/30/2026 - 14:34:23: [SM] Exception reported: Invalid timer handle 9860056c (error 3)
L 07/30/2026 - 14:34:23: [SM] Blaming: l4d2_playerjoining_v3.smx
L 07/30/2026 - 14:34:23: [SM] Call stack trace:
L 07/30/2026 - 14:34:23: [SM]   [0] KillTimer
L 07/30/2026 - 14:34:23: [SM]   [1] Line 56, D:\SteamLibrary\steamapps\common\Left 4 Dead 2\left4dead2\addons\sourcemod\scripting\l4d2_playerjoining_v3.sp::OnClientDisconnect
L 07/30/2026 - 14:35:00: [SM] Exception reported: Invalid timer handle 3c80054d (error 3)
L 07/30/2026 - 14:35:00: [SM] Blaming: l4d2_playerjoining_v3.smx
L 07/30/2026 - 14:35:00: [SM] Call stack trace:
L 07/30/2026 - 14:35:00: [SM]   [0] KillTimer
L 07/30/2026 - 14:35:00: [SM]   [1] Line 56, D:\SteamLibrary\steamapps\common\Left 4 Dead 2\left4dead2\addons\sourcemod\scripting\l4d2_playerjoining_v3.sp::OnClientDisconnect
L 07/30/2026 - 14:35:12: [SM] Exception reported: Invalid timer handle 9860056c (error 1)
L 07/30/2026 - 14:35:12: [SM] Blaming: l4d2_playerjoining_v3.smx
L 07/30/2026 - 14:35:12: [SM] Call stack trace:
L 07/30/2026 - 14:35:12: [SM]   [0] KillTimer
L 07/30/2026 - 14:35:12: [SM]   [1] Line 56, D:\SteamLibrary\steamapps\common\Left 4 Dead 2\left4dead2\addons\sourcemod\scripting\l4d2_playerjoining_v3.sp::OnClientDisconnect
L 07/30/2026 - 14:35:14: [SM] Exception reported: Invalid timer handle 3c80054d (error 3)
L 07/30/2026 - 14:35:14: [SM] Blaming: l4d2_playerjoining_v3.smx
L 07/30/2026 - 14:35:14: [SM] Call stack trace:
L 07/30/2026 - 14:35:14: [SM]   [0] KillTimer
L 07/30/2026 - 14:35:14: [SM]   [1] Line 56, D:\SteamLibrary\steamapps\common\Left 4 Dead 2\left4dead2\addons\sourcemod\scripting\l4d2_playerjoining_v3.sp::OnClientDisconnect
L 07/30/2026 - 14:36:27: [SM] Exception reported: Invalid timer handle 3c80054d (error 3)
L 07/30/2026 - 14:36:27: [SM] Blaming: l4d2_playerjoining_v3.smx
L 07/30/2026 - 14:36:27: [SM] Call stack trace:
L 07/30/2026 - 14:36:27: [SM]   [0] KillTimer
L 07/30/2026 - 14:36:27: [SM]   [1] Line 56, D:\SteamLibrary\steamapps\common\Left 4 Dead 2\left4dead2\addons\sourcemod\scripting\l4d2_playerjoining_v3.sp::OnClientDisconnect
L 07/30/2026 - 14:37:57: [SM] Exception reported: Invalid timer handle 3c80054d (error 3)
L 07/30/2026 - 14:37:57: [SM] Blaming: l4d2_playerjoining_v3.smx
L 07/30/2026 - 14:37:57: [SM] Call stack trace:
L 07/30/2026 - 14:37:57: [SM]   [0] KillTimer
L 07/30/2026 - 14:37:57: [SM]   [1] Line 56, D:\SteamLibrary\steamapps\common\Left 4 Dead 2\left4dead2\addons\sourcemod\scripting\l4d2_playerjoining_v3.sp::OnClientDisconnect
L 07/30/2026 - 14:38:44: [SM] Exception reported: Invalid timer handle 3c80054d (error 3)
L 07/30/2026 - 14:38:44: [SM] Blaming: l4d2_playerjoining_v3.smx
L 07/30/2026 - 14:38:44: [SM] Call stack trace:
L 07/30/2026 - 14:38:44: [SM]   [0] KillTimer
L 07/30/2026 - 14:38:44: [SM]   [1] Line 56, D:\SteamLibrary\steamapps\common\Left 4 Dead 2\left4dead2\addons\sourcemod\scripting\l4d2_playerjoining_v3.sp::OnClientDisconnect
L 07/30/2026 - 14:38:46: [SM] Exception reported: Invalid timer handle 8c300526 (error 3)
L 07/30/2026 - 14:38:46: [SM] Blaming: l4d2_playerjoining_v3.smx
L 07/30/2026 - 14:38:46: [SM] Call stack trace:
L 07/30/2026 - 14:38:46: [SM]   [0] KillTimer
L 07/30/2026 - 14:38:46: [SM]   [1] Line 56, D:\SteamLibrary\steamapps\common\Left 4 Dead 2\left4dead2\addons\sourcemod\scripting\l4d2_playerjoining_v3.sp::OnClientDisconnect
L 07/30/2026 - 14:38:47: [SM] Exception reported: Invalid timer handle 3f100499 (error 3)
L 07/30/2026 - 14:38:47: [SM] Blaming: l4d2_playerjoining_v3.smx
L 07/30/2026 - 14:38:47: [SM] Call stack trace:
L 07/30/2026 - 14:38:47: [SM]   [0] KillTimer
L 07/30/2026 - 14:38:47: [SM]   [1] Line 56, D:\SteamLibrary\steamapps\common\Left 4 Dead 2\left4dead2\addons\sourcemod\scripting\l4d2_playerjoining_v3.sp::OnClientDisconnect
L 07/30/2026 - 14:39:00: [SM] Exception reported: Invalid timer handle 18000565 (error 3)
L 07/30/2026 - 14:39:00: [SM] Blaming: l4d2_playerjoining_v3.smx
L 07/30/2026 - 14:39:00: [SM] Call stack trace:
L 07/30/2026 - 14:39:00: [SM]   [0] KillTimer
L 07/30/2026 - 14:39:00: [SM]   [1] Line 56, D:\SteamLibrary\steamapps\common\Left 4 Dead 2\left4dead2\addons\sourcemod\scripting\l4d2_playerjoining_v3.sp::OnClientDisconnect
L 07/30/2026 - 14:40:04: [SM] Exception reported: Invalid timer handle 3c80054d (error 3)
L 07/30/2026 - 14:40:04: [SM] Blaming: l4d2_playerjoining_v3.smx
L 07/30/2026 - 14:40:04: [SM] Call stack trace:
L 07/30/2026 - 14:40:04: [SM]   [0] KillTimer
L 07/30/2026 - 14:40:04: [SM]   [1] Line 56, D:\SteamLibrary\steamapps\common\Left 4 Dead 2\left4dead2\addons\sourcemod\scripting\l4d2_playerjoining_v3.sp::OnClientDisconnect
L 07/30/2026 - 14:40:59: [SM] Exception reported: Invalid timer handle 3f100499 (error 3)
L 07/30/2026 - 14:40:59: [SM] Blaming: l4d2_playerjoining_v3.smx
L 07/30/2026 - 14:40:59: [SM] Call stack trace:
L 07/30/2026 - 14:40:59: [SM]   [0] KillTimer
L 07/30/2026 - 14:40:59: [SM]   [1] Line 56, D:\SteamLibrary\steamapps\common\Left 4 Dead 2\left4dead2\addons\sourcemod\scripting\l4d2_playerjoining_v3.sp::OnClientDisconnect
L 07/30/2026 - 14:41:00: [SM] Exception reported: Invalid timer handle 18000565 (error 3)
L 07/30/2026 - 14:41:00: [SM] Blaming: l4d2_playerjoining_v3.smx
L 07/30/2026 - 14:41:00: [SM] Call stack trace:
L 07/30/2026 - 14:41:00: [SM]   [0] KillTimer
L 07/30/2026 - 14:41:00: [SM]   [1] Line 56, D:\SteamLibrary\steamapps\common\Left 4 Dead 2\left4dead2\addons\sourcemod\scripting\l4d2_playerjoining_v3.sp::OnClientDisconnect
L 07/30/2026 - 14:41:38: [SM] Exception reported: Invalid timer handle 18000565 (error 3)
L 07/30/2026 - 14:41:38: [SM] Blaming: l4d2_playerjoining_v3.smx
L 07/30/2026 - 14:41:38: [SM] Call stack trace:
L 07/30/2026 - 14:41:38: [SM]   [0] KillTimer
L 07/30/2026 - 14:41:38: [SM]   [1] Line 56, D:\SteamLibrary\steamapps\common\Left 4 Dead 2\left4dead2\addons\sourcemod\scripting\l4d2_playerjoining_v3.sp::OnClientDisconnect
L 07/30/2026 - 14:41:43: [SM] Exception reported: Invalid timer handle 3f100499 (error 3)
L 07/30/2026 - 14:41:43: [SM] Blaming: l4d2_playerjoining_v3.smx
L 07/30/2026 - 14:41:43: [SM] Call stack trace:
L 07/30/2026 - 14:41:43: [SM]   [0] KillTimer
L 07/30/2026 - 14:41:43: [SM]   [1] Line 56, D:\SteamLibrary\steamapps\common\Left 4 Dead 2\left4dead2\addons\sourcemod\scripting\l4d2_playerjoining_v3.sp::OnClientDisconnect
L 07/30/2026 - 14:41:58: [SM] Exception reported: Invalid timer handle 18000565 (error 3)
L 07/30/2026 - 14:41:58: [SM] Blaming: l4d2_playerjoining_v3.smx
L 07/30/2026 - 14:41:58: [SM] Call stack trace:
L 07/30/2026 - 14:41:58: [SM]   [0] KillTimer
L 07/30/2026 - 14:41:58: [SM]   [1] Line 56, D:\SteamLibrary\steamapps\common\Left 4 Dead 2\left4dead2\addons\sourcemod\scripting\l4d2_playerjoining_v3.sp::OnClientDisconnect
L 07/30/2026 - 14:42:11: Error log file session closed.
L 07/30/2026 - 14:42:11: SourceMod error session started
L 07/30/2026 - 14:42:11: Info (map "Glubtastic3_4") (file "d:\steamlibrary\steamapps\common\left 4 dead 2\left4dead2\addons\sourcemod\logs\errors_20260730.log")
L 07/30/2026 - 14:42:11: [SM] Fatal error encountered parsing translation file "l4d_nth.phrases.txt"
L 07/30/2026 - 14:42:11: [SM] Error (line 0, column 0): Stream failed to open
L 07/30/2026 - 14:42:11: [SM] Fatal error encountered parsing translation file "chargersteering.phrases.txt"
L 07/30/2026 - 14:42:11: [SM] Error (line 0, column 0): Stream failed to open
L 07/30/2026 - 14:42:13: [l4d2_publicity.smx] [Publicity] No se encontraron mensajes en el archivo de configuración
L 07/30/2026 - 14:42:24: [SM] Exception reported: Invalid timer handle 18000565 (error 3)
L 07/30/2026 - 14:42:24: [SM] Blaming: l4d2_playerjoining_v3.smx
L 07/30/2026 - 14:42:24: [SM] Call stack trace:
L 07/30/2026 - 14:42:24: [SM]   [0] KillTimer
L 07/30/2026 - 14:42:24: [SM]   [1] Line 56, D:\SteamLibrary\steamapps\common\Left 4 Dead 2\left4dead2\addons\sourcemod\scripting\l4d2_playerjoining_v3.sp::OnClientDisconnect
L 07/30/2026 - 14:43:18: [SM] Exception reported: Invalid timer handle 470053a (error 3)
L 07/30/2026 - 14:43:18: [SM] Blaming: l4d2_playerjoining_v3.smx
L 07/30/2026 - 14:43:18: [SM] Call stack trace:
L 07/30/2026 - 14:43:18: [SM]   [0] KillTimer
L 07/30/2026 - 14:43:18: [SM]   [1] Line 56, D:\SteamLibrary\steamapps\common\Left 4 Dead 2\left4dead2\addons\sourcemod\scripting\l4d2_playerjoining_v3.sp::OnClientDisconnect
L 07/30/2026 - 14:43:23: [SM] Exception reported: Invalid timer handle 3f100499 (error 3)
L 07/30/2026 - 14:43:23: [SM] Blaming: l4d2_playerjoining_v3.smx
L 07/30/2026 - 14:43:23: [SM] Call stack trace:
L 07/30/2026 - 14:43:23: [SM]   [0] KillTimer
L 07/30/2026 - 14:43:23: [SM]   [1] Line 56, D:\SteamLibrary\steamapps\common\Left 4 Dead 2\left4dead2\addons\sourcemod\scripting\l4d2_playerjoining_v3.sp::OnClientDisconnect
L 07/30/2026 - 14:44:00: [SM] Exception reported: Invalid timer handle 3f100499 (error 3)
L 07/30/2026 - 14:44:00: [SM] Blaming: l4d2_playerjoining_v3.smx
L 07/30/2026 - 14:44:00: [SM] Call stack trace:
L 07/30/2026 - 14:44:00: [SM]   [0] KillTimer
L 07/30/2026 - 14:44:00: [SM]   [1] Line 56, D:\SteamLibrary\steamapps\common\Left 4 Dead 2\left4dead2\addons\sourcemod\scripting\l4d2_playerjoining_v3.sp::OnClientDisconnect
L 07/30/2026 - 14:44:04: [SM] Exception reported: Invalid timer handle 8710056f (error 3)
L 07/30/2026 - 14:44:04: [SM] Blaming: l4d2_playerjoining_v3.smx
L 07/30/2026 - 14:44:04: [SM] Call stack trace:
L 07/30/2026 - 14:44:04: [SM]   [0] KillTimer
L 07/30/2026 - 14:44:04: [SM]   [1] Line 56, D:\SteamLibrary\steamapps\common\Left 4 Dead 2\left4dead2\addons\sourcemod\scripting\l4d2_playerjoining_v3.sp::OnClientDisconnect
L 07/30/2026 - 14:44:06: [SM] Exception reported: Invalid timer handle 470053a (error 3)
L 07/30/2026 - 14:44:06: [SM] Blaming: l4d2_playerjoining_v3.smx
L 07/30/2026 - 14:44:06: [SM] Call stack trace:
L 07/30/2026 - 14:44:06: [SM]   [0] KillTimer
L 07/30/2026 - 14:44:06: [SM]   [1] Line 56, D:\SteamLibrary\steamapps\common\Left 4 Dead 2\left4dead2\addons\sourcemod\scripting\l4d2_playerjoining_v3.sp::OnClientDisconnect
L 07/30/2026 - 14:44:23: [SM] Exception reported: Invalid timer handle 18000565 (error 3)
L 07/30/2026 - 14:44:23: [SM] Blaming: l4d2_playerjoining_v3.smx
L 07/30/2026 - 14:44:23: [SM] Call stack trace:
L 07/30/2026 - 14:44:23: [SM]   [0] KillTimer
L 07/30/2026 - 14:44:23: [SM]   [1] Line 56, D:\SteamLibrary\steamapps\common\Left 4 Dead 2\left4dead2\addons\sourcemod\scripting\l4d2_playerjoining_v3.sp::OnClientDisconnect
L 07/30/2026 - 14:44:24: [SM] Exception reported: Invalid timer handle 8710056f (error 3)
L 07/30/2026 - 14:44:24: [SM] Blaming: l4d2_playerjoining_v3.smx
L 07/30/2026 - 14:44:24: [SM] Call stack trace:
L 07/30/2026 - 14:44:24: [SM]   [0] KillTimer
L 07/30/2026 - 14:44:24: [SM]   [1] Line 56, D:\SteamLibrary\steamapps\common\Left 4 Dead 2\left4dead2\addons\sourcemod\scripting\l4d2_playerjoining_v3.sp::OnClientDisconnect
L 07/30/2026 - 14:44:24: [SM] Exception reported: Invalid timer handle 3f100499 (error 3)
L 07/30/2026 - 14:44:24: [SM] Blaming: l4d2_playerjoining_v3.smx
L 07/30/2026 - 14:44:24: [SM] Call stack trace:
L 07/30/2026 - 14:44:24: [SM]   [0] KillTimer
L 07/30/2026 - 14:44:24: [SM]   [1] Line 56, D:\SteamLibrary\steamapps\common\Left 4 Dead 2\left4dead2\addons\sourcemod\scripting\l4d2_playerjoining_v3.sp::OnClientDisconnect
L 07/30/2026 - 14:44:31: [SM] Exception reported: Language phrase "No Any Dead Survivor" not found (arg 6)
L 07/30/2026 - 14:44:31: [SM] Blaming: l4d_sm_respawn.smx
L 07/30/2026 - 14:44:31: [SM] Call stack trace:
L 07/30/2026 - 14:44:31: [SM]   [0] FormatEx
L 07/30/2026 - 14:44:31: [SM]   [1] Line 202, d:\Github\Private-Work\L4D2-插件\scripting_1.11\l4d_sm_respawn.sp::MenuClientsToSpawn
L 07/30/2026 - 14:44:31: [SM]   [2] Line 170, d:\Github\Private-Work\L4D2-插件\scripting_1.11\l4d_sm_respawn.sp::AdminMenuSpawnHandler
L 07/30/2026 - 14:44:33: [SM] Exception reported: Invalid timer handle 1f30057c (error 1)
L 07/30/2026 - 14:44:33: [SM] Blaming: l4d2_playerjoining_v3.smx
L 07/30/2026 - 14:44:33: [SM] Call stack trace:
L 07/30/2026 - 14:44:33: [SM]   [0] KillTimer
L 07/30/2026 - 14:44:33: [SM]   [1] Line 56, D:\SteamLibrary\steamapps\common\Left 4 Dead 2\left4dead2\addons\sourcemod\scripting\l4d2_playerjoining_v3.sp::OnClientDisconnect
L 07/30/2026 - 14:44:36: [SM] Exception reported: Invalid timer handle 470053a (error 1)
L 07/30/2026 - 14:44:36: [SM] Blaming: l4d2_playerjoining_v3.smx
L 07/30/2026 - 14:44:36: [SM] Call stack trace:
L 07/30/2026 - 14:44:36: [SM]   [0] KillTimer
L 07/30/2026 - 14:44:36: [SM]   [1] Line 56, D:\SteamLibrary\steamapps\common\Left 4 Dead 2\left4dead2\addons\sourcemod\scripting\l4d2_playerjoining_v3.sp::OnClientDisconnect
L 07/30/2026 - 14:44:37: [SM] Exception reported: Invalid timer handle 18000565 (error 3)
L 07/30/2026 - 14:44:37: [SM] Blaming: l4d2_playerjoining_v3.smx
L 07/30/2026 - 14:44:37: [SM] Call stack trace:
L 07/30/2026 - 14:44:37: [SM]   [0] KillTimer
L 07/30/2026 - 14:44:37: [SM]   [1] Line 56, D:\SteamLibrary\steamapps\common\Left 4 Dead 2\left4dead2\addons\sourcemod\scripting\l4d2_playerjoining_v3.sp::OnClientDisconnect
L 07/30/2026 - 14:44:40: [SM] Exception reported: Invalid timer handle 1f900544 (error 3)
L 07/30/2026 - 14:44:40: [SM] Blaming: l4d2_playerjoining_v3.smx
L 07/30/2026 - 14:44:40: [SM] Call stack trace:
L 07/30/2026 - 14:44:40: [SM]   [0] KillTimer
L 07/30/2026 - 14:44:40: [SM]   [1] Line 56, D:\SteamLibrary\steamapps\common\Left 4 Dead 2\left4dead2\addons\sourcemod\scripting\l4d2_playerjoining_v3.sp::OnClientDisconnect
L 07/30/2026 - 14:44:40: [SM] Exception reported: Invalid timer handle c7c00566 (error 3)
L 07/30/2026 - 14:44:40: [SM] Blaming: l4d2_playerjoining_v3.smx
L 07/30/2026 - 14:44:40: [SM] Call stack trace:
L 07/30/2026 - 14:44:40: [SM]   [0] KillTimer
L 07/30/2026 - 14:44:40: [SM]   [1] Line 56, D:\SteamLibrary\steamapps\common\Left 4 Dead 2\left4dead2\addons\sourcemod\scripting\l4d2_playerjoining_v3.sp::OnClientDisconnect
L 07/30/2026 - 14:44:56: [SM] Exception reported: Invalid timer handle 8710056f (error 3)
L 07/30/2026 - 14:44:56: [SM] Blaming: l4d2_playerjoining_v3.smx
L 07/30/2026 - 14:44:56: [SM] Call stack trace:
L 07/30/2026 - 14:44:56: [SM]   [0] KillTimer
L 07/30/2026 - 14:44:56: [SM]   [1] Line 56, D:\SteamLibrary\steamapps\common\Left 4 Dead 2\left4dead2\addons\sourcemod\scripting\l4d2_playerjoining_v3.sp::OnClientDisconnect
L 07/30/2026 - 14:44:56: [SM] Exception reported: Invalid timer handle 3f100499 (error 3)
L 07/30/2026 - 14:44:56: [SM] Blaming: l4d2_playerjoining_v3.smx
L 07/30/2026 - 14:44:56: [SM] Call stack trace:
L 07/30/2026 - 14:44:56: [SM]   [0] KillTimer
L 07/30/2026 - 14:44:56: [SM]   [1] Line 56, D:\SteamLibrary\steamapps\common\Left 4 Dead 2\left4dead2\addons\sourcemod\scripting\l4d2_playerjoining_v3.sp::OnClientDisconnect
L 07/30/2026 - 14:44:59: [SM] Exception reported: Invalid timer handle 1f30057c (error 3)
L 07/30/2026 - 14:44:59: [SM] Blaming: l4d2_playerjoining_v3.smx
L 07/30/2026 - 14:44:59: [SM] Call stack trace:
L 07/30/2026 - 14:44:59: [SM]   [0] KillTimer
L 07/30/2026 - 14:44:59: [SM]   [1] Line 56, D:\SteamLibrary\steamapps\common\Left 4 Dead 2\left4dead2\addons\sourcemod\scripting\l4d2_playerjoining_v3.sp::OnClientDisconnect
L 07/30/2026 - 14:45:00: [SM] Exception reported: Invalid timer handle 18000565 (error 3)
L 07/30/2026 - 14:45:00: [SM] Blaming: l4d2_playerjoining_v3.smx
L 07/30/2026 - 14:45:00: [SM] Call stack trace:
L 07/30/2026 - 14:45:00: [SM]   [0] KillTimer
L 07/30/2026 - 14:45:00: [SM]   [1] Line 56, D:\SteamLibrary\steamapps\common\Left 4 Dead 2\left4dead2\addons\sourcemod\scripting\l4d2_playerjoining_v3.sp::OnClientDisconnect
L 07/30/2026 - 14:45:03: [SM] Exception reported: Invalid timer handle 470053a (error 3)
L 07/30/2026 - 14:45:03: [SM] Blaming: l4d2_playerjoining_v3.smx
L 07/30/2026 - 14:45:03: [SM] Call stack trace:
L 07/30/2026 - 14:45:03: [SM]   [0] KillTimer
L 07/30/2026 - 14:45:03: [SM]   [1] Line 56, D:\SteamLibrary\steamapps\common\Left 4 Dead 2\left4dead2\addons\sourcemod\scripting\l4d2_playerjoining_v3.sp::OnClientDisconnect
L 07/30/2026 - 14:45:08: [SM] Exception reported: Invalid timer handle 1f30057c (error 3)
L 07/30/2026 - 14:45:08: [SM] Blaming: l4d2_playerjoining_v3.smx
L 07/30/2026 - 14:45:08: [SM] Call stack trace:
L 07/30/2026 - 14:45:08: [SM]   [0] KillTimer
L 07/30/2026 - 14:45:08: [SM]   [1] Line 56, D:\SteamLibrary\steamapps\common\Left 4 Dead 2\left4dead2\addons\sourcemod\scripting\l4d2_playerjoining_v3.sp::OnClientDisconnect
L 07/30/2026 - 14:45:44: Error log file session closed.
