L 02/12/2026 - 20:42:43: SourceMod log file session started (file "d:\steamlibrary\steamapps\common\left 4 dead 2\left4dead2\addons\sourcemod\logs\L20260212.log") (Version "1.12.0.7207")
L 02/12/2026 - 20:42:43: [GEOIP] GeoIP2 database loaded: GeoLite2-ASN (2024-08-21 08:15:21 UTC) (d:\steamlibrary\steamapps\common\left 4 dead 2\left4dead2\addons\sourcemod\configs\geoip\GeoLite2-ASN.mmdb)
L 02/12/2026 - 20:42:43: [GEOIP] GeoIP2 supported languages: en
L 02/12/2026 - 20:42:43: [GEOIP] Your database is older than 90 days. You should consider downloading a newer version from e.g. https://dev.maxmind.com/geoip/geolite2-free-geolocation-data
L 02/12/2026 - 20:42:43: [l4d2_map_rotation.smx] [Rotation] Lista cargada con 4 campañas.
L 02/12/2026 - 20:42:44: [l4d_extinguisher.smx] 
==========
Warning: You should install "[L4D2] Scavenge Score Fix - Gascan Pouring" to prevent affecting the score when filling gas in Scavenge style events: https://forums.alliedmods.net/showthread.php?t=187686
==========

L 02/12/2026 - 20:42:44: [l4d_extinguisher.smx] 
==========
Warning: You should install "[L4D & L4D2] Use Priority Patch" to fix attached models blocking +USE action: https://forums.alliedmods.net/showthread.php?t=327511
==========

L 02/12/2026 - 20:42:52: [basecommands.smx] "Console<0><Console><Console>" changed cvar (cvar "sv_consistency") (value "0")
L 02/12/2026 - 20:42:52: [basecommands.smx] "Console<0><Console><Console>" changed cvar (cvar "sv_allow_lobby_connect_only") (value "0")
L 02/12/2026 - 20:42:52: [basecommands.smx] "Console<0><Console><Console>" changed cvar (cvar "sv_maxplayers") (value "8")
L 02/12/2026 - 20:42:52: [basecommands.smx] "Console<0><Console><Console>" changed cvar (cvar "sv_visiblemaxplayers") (value "-1")
L 02/12/2026 - 20:42:52: [chat-processor.smx] Message formats generated for game 'left4dead2'.
L 02/12/2026 - 20:42:52: [chat-processor.smx] Successfully hooked a SayText2 chat hook.
L 02/12/2026 - 20:44:55: [basecommands.smx] "[T-T]MoY<2><STEAM_1:0:511491787><>" changed cvar (cvar "sv_gravity") (value "200")
L 02/12/2026 - 20:45:29: [basecommands.smx] "[T-T]MoY<2><STEAM_1:0:511491787><>" changed map to "c1m1_hotel"
L 02/12/2026 - 20:45:32: [SM] Changed map to "c1m1_hotel"
L 02/12/2026 - 20:45:41: -------- Mapchange to c1m1_hotel --------
L 02/12/2026 - 20:45:44: [basecommands.smx] "Console<0><Console><Console>" changed cvar (cvar "sv_consistency") (value "0")
L 02/12/2026 - 20:45:44: [basecommands.smx] "Console<0><Console><Console>" changed cvar (cvar "sv_allow_lobby_connect_only") (value "0")
L 02/12/2026 - 20:45:44: [basecommands.smx] "Console<0><Console><Console>" changed cvar (cvar "sv_maxplayers") (value "8")
L 02/12/2026 - 20:45:44: [basecommands.smx] "Console<0><Console><Console>" changed cvar (cvar "sv_visiblemaxplayers") (value "-1")
L 02/12/2026 - 20:45:44: [chat-processor.smx] Message formats generated for game 'left4dead2'.
L 02/12/2026 - 20:45:44: [chat-processor.smx] Successfully hooked a SayText2 chat hook.
L 02/12/2026 - 20:46:35: Log file closed.
