L 10/07/2025 - 00:00:16: SourceMod log file session started (file "z:\home\moy\.steam\debian-installation\steamapps\common\left 4 dead 2\left4dead2\addons\sourcemod\logs\L20251007.log") (Version "1.12.0.7207")
L 10/07/2025 - 00:00:16: -------- Mapchange to c2m5_concert --------
L 10/07/2025 - 00:00:22: [basecommands.smx] "Console<0><Console><Console>" changed cvar (cvar "sv_consistency") (value "0")
L 10/07/2025 - 00:00:22: [basecommands.smx] "Console<0><Console><Console>" changed cvar (cvar "sv_allow_lobby_connect_only") (value "0")
L 10/07/2025 - 00:00:22: [basecommands.smx] "Console<0><Console><Console>" changed cvar (cvar "sv_maxplayers") (value "8")
L 10/07/2025 - 00:00:22: [basecommands.smx] "Console<0><Console><Console>" changed cvar (cvar "sv_visiblemaxplayers") (value "-1")
L 10/07/2025 - 00:00:22: [chat-processor.smx] Message formats generated for game 'left4dead2'.
L 10/07/2025 - 00:00:22: [chat-processor.smx] Successfully hooked a SayText2 chat hook.
L 10/07/2025 - 00:01:28: [playercommands.smx] "[T-T]MoY<2><STEAM_1:0:511491787><>" slayed "LotKinbokBoziik<210><STEAM_1:1:67870829><>"
L 10/07/2025 - 00:03:06: [basevotes.smx] "[T-T]MoY<2><STEAM_1:0:511491787><>" initiated a kick vote against "LotKinbokBoziik<210><STEAM_1:1:67870829><>"
L 10/07/2025 - 00:03:27: [basevotes.smx] Vote successful. (Received "100" of 3 votes)
L 10/07/2025 - 00:03:27: [basevotes.smx] Vote kick failed, unable to kick "LotKinbokBoziik" (reason "Player no longer available")
L 10/07/2025 - 00:04:20: [l4d_sm_respawn.smx] "[T-T]MoY<2><STEAM_1:0:511491787><>" teleported "Antu uwu ♡<6><STEAM_1:1:180522051><>" after respawning him
L 10/07/2025 - 00:04:27: [l4d_sm_respawn.smx] "[T-T]MoY<2><STEAM_1:0:511491787><>" teleported "cannibal.<80><STEAM_1:1:526527514><>" after respawning him
L 10/07/2025 - 00:05:02: [l4d_sm_respawn.smx] "[T-T]MoY<2><STEAM_1:0:511491787><>" teleported "Antu uwu ♡<6><STEAM_1:1:180522051><>" after respawning him
L 10/07/2025 - 00:05:10: [l4d_sm_respawn.smx] "[T-T]MoY<2><STEAM_1:0:511491787><>" teleported "Antu uwu ♡<6><STEAM_1:1:180522051><>" after respawning him
L 10/07/2025 - 00:06:27: Log file closed.
L 10/07/2025 - 20:30:29: SourceMod log file session started (file "z:\home\moy\.steam\debian-installation\steamapps\common\left 4 dead 2\left4dead2\addons\sourcemod\logs\L20251007.log") (Version "1.12.0.7207")
L 10/07/2025 - 20:30:29: [GEOIP] GeoIP2 database loaded: GeoLite2-ASN (2024-08-21 08:15:21 UTC) (z:\home\moy\.steam\debian-installation\steamapps\common\left 4 dead 2\left4dead2\addons\sourcemod\configs\geoip\GeoLite2-ASN.mmdb)
L 10/07/2025 - 20:30:29: [GEOIP] GeoIP2 supported languages: en
L 10/07/2025 - 20:30:29: [GEOIP] Your database is older than 90 days. You should consider downloading a newer version from e.g. https://dev.maxmind.com/geoip/geolite2-free-geolocation-data
L 10/07/2025 - 20:30:42: [basecommands.smx] "Console<0><Console><Console>" changed cvar (cvar "sv_consistency") (value "0")
L 10/07/2025 - 20:30:42: [basecommands.smx] "Console<0><Console><Console>" changed cvar (cvar "sv_allow_lobby_connect_only") (value "0")
L 10/07/2025 - 20:30:42: [basecommands.smx] "Console<0><Console><Console>" changed cvar (cvar "sv_maxplayers") (value "8")
L 10/07/2025 - 20:30:42: [basecommands.smx] "Console<0><Console><Console>" changed cvar (cvar "sv_visiblemaxplayers") (value "-1")
L 10/07/2025 - 20:30:42: [chat-processor.smx] Message formats generated for game 'left4dead2'.
L 10/07/2025 - 20:30:42: [chat-processor.smx] Successfully hooked a SayText2 chat hook.
L 10/07/2025 - 20:35:08: SourceMod log file session started (file "z:\home\moy\.steam\debian-installation\steamapps\common\left 4 dead 2\left4dead2\addons\sourcemod\logs\L20251007.log") (Version "1.12.0.7207")
L 10/07/2025 - 20:35:08: [GEOIP] GeoIP2 database loaded: GeoLite2-ASN (2024-08-21 08:15:21 UTC) (z:\home\moy\.steam\debian-installation\steamapps\common\left 4 dead 2\left4dead2\addons\sourcemod\configs\geoip\GeoLite2-ASN.mmdb)
L 10/07/2025 - 20:35:08: [GEOIP] GeoIP2 supported languages: en
L 10/07/2025 - 20:35:08: [GEOIP] Your database is older than 90 days. You should consider downloading a newer version from e.g. https://dev.maxmind.com/geoip/geolite2-free-geolocation-data
L 10/07/2025 - 20:35:28: [basecommands.smx] "Console<0><Console><Console>" changed cvar (cvar "sv_consistency") (value "0")
L 10/07/2025 - 20:35:28: [basecommands.smx] "Console<0><Console><Console>" changed cvar (cvar "sv_allow_lobby_connect_only") (value "0")
L 10/07/2025 - 20:35:28: [basecommands.smx] "Console<0><Console><Console>" changed cvar (cvar "sv_maxplayers") (value "8")
L 10/07/2025 - 20:35:28: [basecommands.smx] "Console<0><Console><Console>" changed cvar (cvar "sv_visiblemaxplayers") (value "-1")
L 10/07/2025 - 20:35:28: [chat-processor.smx] Message formats generated for game 'left4dead2'.
L 10/07/2025 - 20:35:28: [chat-processor.smx] Successfully hooked a SayText2 chat hook.
L 10/07/2025 - 20:48:57: -------- Mapchange to Glubtastic_5 --------
L 10/07/2025 - 20:49:04: [basecommands.smx] "Console<0><Console><Console>" changed cvar (cvar "sv_consistency") (value "0")
L 10/07/2025 - 20:49:04: [basecommands.smx] "Console<0><Console><Console>" changed cvar (cvar "sv_allow_lobby_connect_only") (value "0")
L 10/07/2025 - 20:49:04: [basecommands.smx] "Console<0><Console><Console>" changed cvar (cvar "sv_maxplayers") (value "8")
L 10/07/2025 - 20:49:04: [basecommands.smx] "Console<0><Console><Console>" changed cvar (cvar "sv_visiblemaxplayers") (value "-1")
L 10/07/2025 - 20:49:04: [chat-processor.smx] Message formats generated for game 'left4dead2'.
L 10/07/2025 - 20:49:04: [chat-processor.smx] Successfully hooked a SayText2 chat hook.
L 10/07/2025 - 20:52:46: [l4d_sm_respawn.smx] "[T-T]MoY<2><STEAM_1:0:511491787><>" teleported "O.o<11><STEAM_1:1:780820147><>" after respawning him
L 10/07/2025 - 20:58:03: -------- Mapchange to Glubtastic2_1 --------
L 10/07/2025 - 20:58:25: [basecommands.smx] "Console<0><Console><Console>" changed cvar (cvar "sv_consistency") (value "0")
L 10/07/2025 - 20:58:25: [basecommands.smx] "Console<0><Console><Console>" changed cvar (cvar "sv_allow_lobby_connect_only") (value "0")
L 10/07/2025 - 20:58:25: [basecommands.smx] "Console<0><Console><Console>" changed cvar (cvar "sv_maxplayers") (value "8")
L 10/07/2025 - 20:58:25: [basecommands.smx] "Console<0><Console><Console>" changed cvar (cvar "sv_visiblemaxplayers") (value "-1")
L 10/07/2025 - 20:58:25: [chat-processor.smx] Message formats generated for game 'left4dead2'.
L 10/07/2025 - 20:58:25: [chat-processor.smx] Successfully hooked a SayText2 chat hook.
L 10/07/2025 - 21:16:26: [l4d_sm_respawn.smx] "[T-T]MoY<81><STEAM_1:0:511491787><>" teleported "Stow512<144><STEAM_1:0:950431464><>" after respawning him
L 10/07/2025 - 21:22:32: [l4d_sm_respawn.smx] "[T-T]MoY<81><STEAM_1:0:511491787><>" teleported "Stow512<144><STEAM_1:0:950431464><>" after respawning him
L 10/07/2025 - 21:24:56: [l4d_sm_respawn.smx] "[T-T]MoY<81><STEAM_1:0:511491787><>" teleported "Keku<95><STEAM_1:1:813781249><>" after respawning him
L 10/07/2025 - 21:27:00: -------- Mapchange to Glubtastic2_2 --------
L 10/07/2025 - 21:27:06: [basecommands.smx] "Console<0><Console><Console>" changed cvar (cvar "sv_consistency") (value "0")
L 10/07/2025 - 21:27:06: [basecommands.smx] "Console<0><Console><Console>" changed cvar (cvar "sv_allow_lobby_connect_only") (value "0")
L 10/07/2025 - 21:27:06: [basecommands.smx] "Console<0><Console><Console>" changed cvar (cvar "sv_maxplayers") (value "8")
L 10/07/2025 - 21:27:06: [basecommands.smx] "Console<0><Console><Console>" changed cvar (cvar "sv_visiblemaxplayers") (value "-1")
L 10/07/2025 - 21:27:06: [chat-processor.smx] Message formats generated for game 'left4dead2'.
L 10/07/2025 - 21:27:06: [chat-processor.smx] Successfully hooked a SayText2 chat hook.
L 10/07/2025 - 21:35:47: -------- Mapchange to Glubtastic2_3 --------
L 10/07/2025 - 21:36:21: [basecommands.smx] "Console<0><Console><Console>" changed cvar (cvar "sv_consistency") (value "0")
L 10/07/2025 - 21:36:21: [basecommands.smx] "Console<0><Console><Console>" changed cvar (cvar "sv_allow_lobby_connect_only") (value "0")
L 10/07/2025 - 21:36:21: [basecommands.smx] "Console<0><Console><Console>" changed cvar (cvar "sv_maxplayers") (value "8")
L 10/07/2025 - 21:36:21: [basecommands.smx] "Console<0><Console><Console>" changed cvar (cvar "sv_visiblemaxplayers") (value "-1")
L 10/07/2025 - 21:36:22: [chat-processor.smx] Message formats generated for game 'left4dead2'.
L 10/07/2025 - 21:36:22: [chat-processor.smx] Successfully hooked a SayText2 chat hook.
L 10/07/2025 - 21:44:11: -------- Mapchange to glubtastic2_4 --------
L 10/07/2025 - 21:44:47: [basecommands.smx] "Console<0><Console><Console>" changed cvar (cvar "sv_consistency") (value "0")
L 10/07/2025 - 21:44:47: [basecommands.smx] "Console<0><Console><Console>" changed cvar (cvar "sv_allow_lobby_connect_only") (value "0")
L 10/07/2025 - 21:44:47: [basecommands.smx] "Console<0><Console><Console>" changed cvar (cvar "sv_maxplayers") (value "8")
L 10/07/2025 - 21:44:47: [basecommands.smx] "Console<0><Console><Console>" changed cvar (cvar "sv_visiblemaxplayers") (value "-1")
L 10/07/2025 - 21:44:48: [chat-processor.smx] Message formats generated for game 'left4dead2'.
L 10/07/2025 - 21:44:48: [chat-processor.smx] Successfully hooked a SayText2 chat hook.
L 10/07/2025 - 21:50:55: [basecomm.smx] "[T-T]MoY<81><STEAM_1:0:511491787><>" silenced "gyraxmusic<175><STEAM_1:0:813106332><>"
L 10/07/2025 - 22:12:07: -------- Mapchange to glubtastic2_5 --------
L 10/07/2025 - 22:12:13: [basecommands.smx] "Console<0><Console><Console>" changed cvar (cvar "sv_consistency") (value "0")
L 10/07/2025 - 22:12:13: [basecommands.smx] "Console<0><Console><Console>" changed cvar (cvar "sv_allow_lobby_connect_only") (value "0")
L 10/07/2025 - 22:12:13: [basecommands.smx] "Console<0><Console><Console>" changed cvar (cvar "sv_maxplayers") (value "8")
L 10/07/2025 - 22:12:13: [basecommands.smx] "Console<0><Console><Console>" changed cvar (cvar "sv_visiblemaxplayers") (value "-1")
L 10/07/2025 - 22:12:13: [chat-processor.smx] Message formats generated for game 'left4dead2'.
L 10/07/2025 - 22:12:13: [chat-processor.smx] Successfully hooked a SayText2 chat hook.
L 10/07/2025 - 22:23:24: [funvotes.smx] "[T-T]MoY<81><STEAM_1:0:511491787><>" initiated a slay vote against "Stow512<144><STEAM_1:0:950431464><>"
L 10/07/2025 - 22:23:44: [funvotes.smx] Vote failed.
L 10/07/2025 - 22:24:27: [funvotes.smx] "[T-T]MoY<81><STEAM_1:0:511491787><>" initiated a slay vote against "Stow512<144><STEAM_1:0:950431464><>"
L 10/07/2025 - 22:24:41: -------- Mapchange to glubtastic2_6 --------
L 10/07/2025 - 22:24:49: [basecommands.smx] "Console<0><Console><Console>" changed cvar (cvar "sv_consistency") (value "0")
L 10/07/2025 - 22:24:49: [basecommands.smx] "Console<0><Console><Console>" changed cvar (cvar "sv_allow_lobby_connect_only") (value "0")
L 10/07/2025 - 22:24:49: [basecommands.smx] "Console<0><Console><Console>" changed cvar (cvar "sv_maxplayers") (value "8")
L 10/07/2025 - 22:24:49: [basecommands.smx] "Console<0><Console><Console>" changed cvar (cvar "sv_visiblemaxplayers") (value "-1")
L 10/07/2025 - 22:24:49: [chat-processor.smx] Message formats generated for game 'left4dead2'.
L 10/07/2025 - 22:24:49: [chat-processor.smx] Successfully hooked a SayText2 chat hook.
L 10/07/2025 - 22:27:40: [playercommands.smx] "[T-T]MoY<81><STEAM_1:0:511491787><>" slayed "Stow512<144><STEAM_1:0:950431464><>"
L 10/07/2025 - 22:27:40: [playercommands.smx] "[T-T]MoY<81><STEAM_1:0:511491787><>" slayed "Louis<578><BOT><>"
L 10/07/2025 - 22:27:41: [playercommands.smx] "[T-T]MoY<81><STEAM_1:0:511491787><>" slayed "Tank<579><BOT><>"
L 10/07/2025 - 22:27:41: [playercommands.smx] "[T-T]MoY<81><STEAM_1:0:511491787><>" slayed "NAangel<94><STEAM_1:1:225837088><>"
L 10/07/2025 - 22:27:41: [playercommands.smx] "[T-T]MoY<81><STEAM_1:0:511491787><>" slayed "Keku<95><STEAM_1:1:813781249><>"
L 10/07/2025 - 22:39:37: -------- Mapchange to glubtastic4_1 --------
L 10/07/2025 - 22:39:55: [basecommands.smx] "Console<0><Console><Console>" changed cvar (cvar "sv_consistency") (value "0")
L 10/07/2025 - 22:39:55: [basecommands.smx] "Console<0><Console><Console>" changed cvar (cvar "sv_allow_lobby_connect_only") (value "0")
L 10/07/2025 - 22:39:55: [basecommands.smx] "Console<0><Console><Console>" changed cvar (cvar "sv_maxplayers") (value "8")
L 10/07/2025 - 22:39:55: [basecommands.smx] "Console<0><Console><Console>" changed cvar (cvar "sv_visiblemaxplayers") (value "-1")
L 10/07/2025 - 22:39:57: [chat-processor.smx] Message formats generated for game 'left4dead2'.
L 10/07/2025 - 22:39:57: [chat-processor.smx] Successfully hooked a SayText2 chat hook.
L 10/07/2025 - 22:48:22: -------- Mapchange to glubtastic4_2 --------
L 10/07/2025 - 22:48:28: [basecommands.smx] "Console<0><Console><Console>" changed cvar (cvar "sv_consistency") (value "0")
L 10/07/2025 - 22:48:28: [basecommands.smx] "Console<0><Console><Console>" changed cvar (cvar "sv_allow_lobby_connect_only") (value "0")
L 10/07/2025 - 22:48:28: [basecommands.smx] "Console<0><Console><Console>" changed cvar (cvar "sv_maxplayers") (value "8")
L 10/07/2025 - 22:48:28: [basecommands.smx] "Console<0><Console><Console>" changed cvar (cvar "sv_visiblemaxplayers") (value "-1")
L 10/07/2025 - 22:48:28: [chat-processor.smx] Message formats generated for game 'left4dead2'.
L 10/07/2025 - 22:48:28: [chat-processor.smx] Successfully hooked a SayText2 chat hook.
L 10/07/2025 - 22:59:18: -------- Mapchange to glubtastic4_3 --------
L 10/07/2025 - 22:59:33: [basecommands.smx] "Console<0><Console><Console>" changed cvar (cvar "sv_consistency") (value "0")
L 10/07/2025 - 22:59:33: [basecommands.smx] "Console<0><Console><Console>" changed cvar (cvar "sv_allow_lobby_connect_only") (value "0")
L 10/07/2025 - 22:59:33: [basecommands.smx] "Console<0><Console><Console>" changed cvar (cvar "sv_maxplayers") (value "8")
L 10/07/2025 - 22:59:33: [basecommands.smx] "Console<0><Console><Console>" changed cvar (cvar "sv_visiblemaxplayers") (value "-1")
L 10/07/2025 - 22:59:33: [chat-processor.smx] Message formats generated for game 'left4dead2'.
L 10/07/2025 - 22:59:33: [chat-processor.smx] Successfully hooked a SayText2 chat hook.
L 10/07/2025 - 23:02:27: [funvotes.smx] "[T-T]MoY<605><STEAM_1:0:511491787><>" initiated a slay vote against "MainHela<617><STEAM_1:1:918662891><>"
L 10/07/2025 - 23:02:48: [funvotes.smx] Vote slay successful, slaying "MainHela<617><STEAM_1:1:918662891><>"
L 10/07/2025 - 23:11:53: -------- Mapchange to glubtastic4_4 --------
L 10/07/2025 - 23:12:00: [basecommands.smx] "Console<0><Console><Console>" changed cvar (cvar "sv_consistency") (value "0")
L 10/07/2025 - 23:12:00: [basecommands.smx] "Console<0><Console><Console>" changed cvar (cvar "sv_allow_lobby_connect_only") (value "0")
L 10/07/2025 - 23:12:00: [basecommands.smx] "Console<0><Console><Console>" changed cvar (cvar "sv_maxplayers") (value "8")
L 10/07/2025 - 23:12:00: [basecommands.smx] "Console<0><Console><Console>" changed cvar (cvar "sv_visiblemaxplayers") (value "-1")
L 10/07/2025 - 23:12:00: [chat-processor.smx] Message formats generated for game 'left4dead2'.
L 10/07/2025 - 23:12:00: [chat-processor.smx] Successfully hooked a SayText2 chat hook.
L 10/07/2025 - 23:12:25: [scc-bridge.smx] [SCC] Config file has been reloaded
L 10/07/2025 - 23:15:05: [scc-bridge.smx] [SCC] Config file has been reloaded
L 10/07/2025 - 23:25:49: -------- Mapchange to glubtastic4_5 --------
L 10/07/2025 - 23:25:55: [basecommands.smx] "Console<0><Console><Console>" changed cvar (cvar "sv_consistency") (value "0")
L 10/07/2025 - 23:25:55: [basecommands.smx] "Console<0><Console><Console>" changed cvar (cvar "sv_allow_lobby_connect_only") (value "0")
L 10/07/2025 - 23:25:55: [basecommands.smx] "Console<0><Console><Console>" changed cvar (cvar "sv_maxplayers") (value "8")
L 10/07/2025 - 23:25:55: [basecommands.smx] "Console<0><Console><Console>" changed cvar (cvar "sv_visiblemaxplayers") (value "-1")
L 10/07/2025 - 23:25:55: [chat-processor.smx] Message formats generated for game 'left4dead2'.
L 10/07/2025 - 23:25:55: [chat-processor.smx] Successfully hooked a SayText2 chat hook.
L 10/07/2025 - 23:27:16: [l4d_sm_respawn.smx] "[T-T]MoY<605><STEAM_1:0:511491787><>" teleported "master<607><STEAM_1:1:565936017><>" after respawning him
L 10/07/2025 - 23:30:17: [l4d_sm_respawn.smx] "[T-T]MoY<605><STEAM_1:0:511491787><>" teleported "Stow512<608><STEAM_1:0:950431464><>" after respawning him
L 10/07/2025 - 23:43:49: [playercommands.smx] "[T-T]MoY<605><STEAM_1:0:511491787><>" slayed "Stow512<608><STEAM_1:0:950431464><>"
L 10/07/2025 - 23:44:00: -------- Mapchange to glubtastic4_6 --------
L 10/07/2025 - 23:44:06: [basecommands.smx] "Console<0><Console><Console>" changed cvar (cvar "sv_consistency") (value "0")
L 10/07/2025 - 23:44:06: [basecommands.smx] "Console<0><Console><Console>" changed cvar (cvar "sv_allow_lobby_connect_only") (value "0")
L 10/07/2025 - 23:44:06: [basecommands.smx] "Console<0><Console><Console>" changed cvar (cvar "sv_maxplayers") (value "8")
L 10/07/2025 - 23:44:06: [basecommands.smx] "Console<0><Console><Console>" changed cvar (cvar "sv_visiblemaxplayers") (value "-1")
L 10/07/2025 - 23:44:07: [chat-processor.smx] Message formats generated for game 'left4dead2'.
L 10/07/2025 - 23:44:07: [chat-processor.smx] Successfully hooked a SayText2 chat hook.
L 10/07/2025 - 23:46:12: Log file closed.
