L 10/29/2025 - 23:09:34: SourceMod log file session started (file "d:\steamlibrary\steamapps\common\left 4 dead 2\left4dead2\addons\sourcemod\logs\L20251029.log") (Version "1.12.0.7207")
L 10/29/2025 - 23:09:34: [GEOIP] GeoIP2 database loaded: GeoLite2-ASN (2024-08-21 08:15:21 UTC) (d:\steamlibrary\steamapps\common\left 4 dead 2\left4dead2\addons\sourcemod\configs\geoip\GeoLite2-ASN.mmdb)
L 10/29/2025 - 23:09:34: [GEOIP] GeoIP2 supported languages: en
L 10/29/2025 - 23:09:34: [GEOIP] Your database is older than 90 days. You should consider downloading a newer version from e.g. https://dev.maxmind.com/geoip/geolite2-free-geolocation-data
L 10/29/2025 - 23:09:40: [basecommands.smx] "Console<0><Console><Console>" changed cvar (cvar "sv_consistency") (value "0")
L 10/29/2025 - 23:09:40: [basecommands.smx] "Console<0><Console><Console>" changed cvar (cvar "sv_allow_lobby_connect_only") (value "0")
L 10/29/2025 - 23:09:40: [basecommands.smx] "Console<0><Console><Console>" changed cvar (cvar "sv_maxplayers") (value "8")
L 10/29/2025 - 23:09:40: [basecommands.smx] "Console<0><Console><Console>" changed cvar (cvar "sv_visiblemaxplayers") (value "-1")
L 10/29/2025 - 23:09:40: [chat-processor.smx] Message formats generated for game 'left4dead2'.
L 10/29/2025 - 23:09:40: [chat-processor.smx] Successfully hooked a SayText2 chat hook.
L 10/29/2025 - 23:12:03: [basecommands.smx] "[T-T]MoY<2><STEAM_1:0:511491787><>" kicked "amarule1314<18><STEAM_1:1:768387522><>" (reason "")
L 10/29/2025 - 23:13:57: -------- Mapchange to c2m1_highway --------
L 10/29/2025 - 23:14:01: [basecommands.smx] "Console<0><Console><Console>" changed cvar (cvar "sv_consistency") (value "0")
L 10/29/2025 - 23:14:01: [basecommands.smx] "Console<0><Console><Console>" changed cvar (cvar "sv_allow_lobby_connect_only") (value "0")
L 10/29/2025 - 23:14:01: [basecommands.smx] "Console<0><Console><Console>" changed cvar (cvar "sv_maxplayers") (value "8")
L 10/29/2025 - 23:14:01: [basecommands.smx] "Console<0><Console><Console>" changed cvar (cvar "sv_visiblemaxplayers") (value "-1")
L 10/29/2025 - 23:14:01: [chat-processor.smx] Message formats generated for game 'left4dead2'.
L 10/29/2025 - 23:14:01: [chat-processor.smx] Successfully hooked a SayText2 chat hook.
L 10/29/2025 - 23:15:06: [basecommands.smx] "[T-T]MoY<33><STEAM_1:0:511491787><>" changed cvar (cvar "sv_gravity") (value "200")
L 10/29/2025 - 23:20:47: -------- Mapchange to c2m2_fairgrounds --------
L 10/29/2025 - 23:20:51: [basecommands.smx] "Console<0><Console><Console>" changed cvar (cvar "sv_consistency") (value "0")
L 10/29/2025 - 23:20:51: [basecommands.smx] "Console<0><Console><Console>" changed cvar (cvar "sv_allow_lobby_connect_only") (value "0")
L 10/29/2025 - 23:20:51: [basecommands.smx] "Console<0><Console><Console>" changed cvar (cvar "sv_maxplayers") (value "8")
L 10/29/2025 - 23:20:51: [basecommands.smx] "Console<0><Console><Console>" changed cvar (cvar "sv_visiblemaxplayers") (value "-1")
L 10/29/2025 - 23:20:51: [chat-processor.smx] Message formats generated for game 'left4dead2'.
L 10/29/2025 - 23:20:51: [chat-processor.smx] Successfully hooked a SayText2 chat hook.
L 10/29/2025 - 23:22:40: -------- Mapchange to bwm1_climb --------
L 10/29/2025 - 23:22:43: [basecommands.smx] "Console<0><Console><Console>" changed cvar (cvar "sv_consistency") (value "0")
L 10/29/2025 - 23:22:43: [basecommands.smx] "Console<0><Console><Console>" changed cvar (cvar "sv_allow_lobby_connect_only") (value "0")
L 10/29/2025 - 23:22:43: [basecommands.smx] "Console<0><Console><Console>" changed cvar (cvar "sv_maxplayers") (value "8")
L 10/29/2025 - 23:22:43: [basecommands.smx] "Console<0><Console><Console>" changed cvar (cvar "sv_visiblemaxplayers") (value "-1")
L 10/29/2025 - 23:22:43: [chat-processor.smx] Message formats generated for game 'left4dead2'.
L 10/29/2025 - 23:22:43: [chat-processor.smx] Successfully hooked a SayText2 chat hook.
L 10/29/2025 - 23:29:01: -------- Mapchange to bwm2_city --------
L 10/29/2025 - 23:29:04: [basecommands.smx] "Console<0><Console><Console>" changed cvar (cvar "sv_consistency") (value "0")
L 10/29/2025 - 23:29:04: [basecommands.smx] "Console<0><Console><Console>" changed cvar (cvar "sv_allow_lobby_connect_only") (value "0")
L 10/29/2025 - 23:29:04: [basecommands.smx] "Console<0><Console><Console>" changed cvar (cvar "sv_maxplayers") (value "8")
L 10/29/2025 - 23:29:04: [basecommands.smx] "Console<0><Console><Console>" changed cvar (cvar "sv_visiblemaxplayers") (value "-1")
L 10/29/2025 - 23:29:04: [chat-processor.smx] Message formats generated for game 'left4dead2'.
L 10/29/2025 - 23:29:04: [chat-processor.smx] Successfully hooked a SayText2 chat hook.
L 10/29/2025 - 23:31:33: Log file closed.
