L 02/02/2026 - 12:12:14: SourceMod log file session started (file "d:\steamlibrary\steamapps\common\left 4 dead 2\left4dead2\addons\sourcemod\logs\L20260202.log") (Version "1.12.0.7207")
L 02/02/2026 - 12:12:14: [GEOIP] GeoIP2 database loaded: GeoLite2-ASN (2024-08-21 08:15:21 UTC) (d:\steamlibrary\steamapps\common\left 4 dead 2\left4dead2\addons\sourcemod\configs\geoip\GeoLite2-ASN.mmdb)
L 02/02/2026 - 12:12:14: [GEOIP] GeoIP2 supported languages: en
L 02/02/2026 - 12:12:14: [GEOIP] Your database is older than 90 days. You should consider downloading a newer version from e.g. https://dev.maxmind.com/geoip/geolite2-free-geolocation-data
L 02/02/2026 - 12:12:16: [l4d_extinguisher.smx] 
==========
Warning: You should install "[L4D2] Scavenge Score Fix - Gascan Pouring" to prevent affecting the score when filling gas in Scavenge style events: https://forums.alliedmods.net/showthread.php?t=187686
==========

L 02/02/2026 - 12:12:16: [l4d_extinguisher.smx] 
==========
Warning: You should install "[L4D & L4D2] Use Priority Patch" to fix attached models blocking +USE action: https://forums.alliedmods.net/showthread.php?t=327511
==========

L 02/02/2026 - 12:12:24: [basecommands.smx] "Console<0><Console><Console>" changed cvar (cvar "sv_consistency") (value "0")
L 02/02/2026 - 12:12:24: [basecommands.smx] "Console<0><Console><Console>" changed cvar (cvar "sv_allow_lobby_connect_only") (value "0")
L 02/02/2026 - 12:12:24: [basecommands.smx] "Console<0><Console><Console>" changed cvar (cvar "sv_maxplayers") (value "8")
L 02/02/2026 - 12:12:24: [basecommands.smx] "Console<0><Console><Console>" changed cvar (cvar "sv_visiblemaxplayers") (value "-1")
L 02/02/2026 - 12:12:24: [chat-processor.smx] Message formats generated for game 'left4dead2'.
L 02/02/2026 - 12:12:24: [chat-processor.smx] Successfully hooked a SayText2 chat hook.
L 02/02/2026 - 12:13:28: [funcommands.smx] "[T-T]MoY<2><STEAM_1:0:511491787><>" toggled noclip on "[T-T]MoY<2><STEAM_1:0:511491787><>"
L 02/02/2026 - 12:13:31: [playercommands.smx] "[T-T]MoY<2><STEAM_1:0:511491787><>" slayed "Coach<3><BOT><>"
L 02/02/2026 - 12:13:31: [playercommands.smx] "[T-T]MoY<2><STEAM_1:0:511491787><>" slayed "Rochelle<4><BOT><>"
L 02/02/2026 - 12:13:32: [playercommands.smx] "[T-T]MoY<2><STEAM_1:0:511491787><>" slayed "Ellis<5><BOT><>"
L 02/02/2026 - 12:15:27: [all4dead2.smx] [NOTICE]: ([T-T]MoY<2><STEAM_1:0:511491787><>) has spawned a tank
L 02/02/2026 - 12:15:27: [all4dead2.smx] [NOTICE]: ([T-T]MoY<2><STEAM_1:0:511491787><>) has spawned a tank
L 02/02/2026 - 12:15:27: [all4dead2.smx] [NOTICE]: ([T-T]MoY<2><STEAM_1:0:511491787><>) has spawned a tank
L 02/02/2026 - 12:15:27: [all4dead2.smx] [NOTICE]: ([T-T]MoY<2><STEAM_1:0:511491787><>) has spawned a tank
L 02/02/2026 - 12:15:28: [all4dead2.smx] [NOTICE]: ([T-T]MoY<2><STEAM_1:0:511491787><>) has spawned a tank
L 02/02/2026 - 12:15:28: [all4dead2.smx] [NOTICE]: ([T-T]MoY<2><STEAM_1:0:511491787><>) has spawned a tank
L 02/02/2026 - 12:15:28: [all4dead2.smx] [NOTICE]: ([T-T]MoY<2><STEAM_1:0:511491787><>) has spawned a tank
L 02/02/2026 - 12:15:28: [all4dead2.smx] [NOTICE]: ([T-T]MoY<2><STEAM_1:0:511491787><>) has spawned a tank
L 02/02/2026 - 12:15:28: [all4dead2.smx] [NOTICE]: ([T-T]MoY<2><STEAM_1:0:511491787><>) has spawned a tank
L 02/02/2026 - 12:15:28: [all4dead2.smx] [NOTICE]: ([T-T]MoY<2><STEAM_1:0:511491787><>) has spawned a tank
L 02/02/2026 - 12:15:29: [all4dead2.smx] [NOTICE]: ([T-T]MoY<2><STEAM_1:0:511491787><>) has spawned a tank
L 02/02/2026 - 12:15:29: [all4dead2.smx] [NOTICE]: ([T-T]MoY<2><STEAM_1:0:511491787><>) has spawned a tank
L 02/02/2026 - 12:15:29: [all4dead2.smx] [NOTICE]: ([T-T]MoY<2><STEAM_1:0:511491787><>) has spawned a tank
L 02/02/2026 - 12:15:29: [all4dead2.smx] [NOTICE]: ([T-T]MoY<2><STEAM_1:0:511491787><>) has spawned a tank
L 02/02/2026 - 12:16:26: [all4dead2.smx] [NOTICE]: ([T-T]MoY<2><STEAM_1:0:511491787><>) has spawned a tank
L 02/02/2026 - 12:16:26: [all4dead2.smx] [NOTICE]: ([T-T]MoY<2><STEAM_1:0:511491787><>) has spawned a tank
L 02/02/2026 - 12:16:27: [all4dead2.smx] [NOTICE]: ([T-T]MoY<2><STEAM_1:0:511491787><>) has spawned a tank
L 02/02/2026 - 12:16:27: [all4dead2.smx] [NOTICE]: ([T-T]MoY<2><STEAM_1:0:511491787><>) has spawned a tank
L 02/02/2026 - 12:16:27: [all4dead2.smx] [NOTICE]: ([T-T]MoY<2><STEAM_1:0:511491787><>) has spawned a tank
L 02/02/2026 - 12:16:27: [all4dead2.smx] [NOTICE]: ([T-T]MoY<2><STEAM_1:0:511491787><>) has spawned a tank
L 02/02/2026 - 12:16:27: [all4dead2.smx] [NOTICE]: ([T-T]MoY<2><STEAM_1:0:511491787><>) has spawned a tank
L 02/02/2026 - 12:16:28: [all4dead2.smx] [NOTICE]: ([T-T]MoY<2><STEAM_1:0:511491787><>) has spawned a tank
L 02/02/2026 - 12:16:28: [all4dead2.smx] [NOTICE]: ([T-T]MoY<2><STEAM_1:0:511491787><>) has spawned a tank
L 02/02/2026 - 12:16:28: [all4dead2.smx] [NOTICE]: ([T-T]MoY<2><STEAM_1:0:511491787><>) has spawned a tank
L 02/02/2026 - 12:16:28: [all4dead2.smx] [NOTICE]: ([T-T]MoY<2><STEAM_1:0:511491787><>) has spawned a tank
L 02/02/2026 - 12:16:28: [all4dead2.smx] [NOTICE]: ([T-T]MoY<2><STEAM_1:0:511491787><>) has spawned a tank
L 02/02/2026 - 12:16:29: [all4dead2.smx] [NOTICE]: ([T-T]MoY<2><STEAM_1:0:511491787><>) has spawned a tank
L 02/02/2026 - 12:16:29: [all4dead2.smx] [NOTICE]: ([T-T]MoY<2><STEAM_1:0:511491787><>) has spawned a tank
L 02/02/2026 - 12:18:58: [playercommands.smx] "[T-T]MoY<2><STEAM_1:0:511491787><>" slayed "Jockey<59><BOT><>"
L 02/02/2026 - 12:19:06: [funcommands.smx] "[T-T]MoY<2><STEAM_1:0:511491787><>" toggled noclip on "[T-T]MoY<2><STEAM_1:0:511491787><>"
L 02/02/2026 - 12:19:44: [all4dead2.smx] [NOTICE]: ([T-T]MoY<2><STEAM_1:0:511491787><>) has spawned a tank
L 02/02/2026 - 12:19:45: [all4dead2.smx] [NOTICE]: ([T-T]MoY<2><STEAM_1:0:511491787><>) has spawned a tank
L 02/02/2026 - 12:19:45: [all4dead2.smx] [NOTICE]: ([T-T]MoY<2><STEAM_1:0:511491787><>) has spawned a tank
L 02/02/2026 - 12:19:45: [all4dead2.smx] [NOTICE]: ([T-T]MoY<2><STEAM_1:0:511491787><>) has spawned a tank
L 02/02/2026 - 12:19:45: [all4dead2.smx] [NOTICE]: ([T-T]MoY<2><STEAM_1:0:511491787><>) has spawned a tank
L 02/02/2026 - 12:19:46: [all4dead2.smx] [NOTICE]: ([T-T]MoY<2><STEAM_1:0:511491787><>) has spawned a tank
L 02/02/2026 - 12:19:46: [all4dead2.smx] [NOTICE]: ([T-T]MoY<2><STEAM_1:0:511491787><>) has spawned a tank
L 02/02/2026 - 12:19:46: [all4dead2.smx] [NOTICE]: ([T-T]MoY<2><STEAM_1:0:511491787><>) has spawned a tank
L 02/02/2026 - 12:19:46: [all4dead2.smx] [NOTICE]: ([T-T]MoY<2><STEAM_1:0:511491787><>) has spawned a tank
L 02/02/2026 - 12:19:46: [all4dead2.smx] [NOTICE]: ([T-T]MoY<2><STEAM_1:0:511491787><>) has spawned a tank
L 02/02/2026 - 12:19:46: [all4dead2.smx] [NOTICE]: ([T-T]MoY<2><STEAM_1:0:511491787><>) has spawned a tank
L 02/02/2026 - 12:19:47: [all4dead2.smx] [NOTICE]: ([T-T]MoY<2><STEAM_1:0:511491787><>) has spawned a tank
L 02/02/2026 - 12:19:47: [all4dead2.smx] [NOTICE]: ([T-T]MoY<2><STEAM_1:0:511491787><>) has spawned a tank
L 02/02/2026 - 12:20:25: [all4dead2.smx] [NOTICE]: ([T-T]MoY<2><STEAM_1:0:511491787><>) has spawned a tank
L 02/02/2026 - 12:20:26: [all4dead2.smx] [NOTICE]: ([T-T]MoY<2><STEAM_1:0:511491787><>) has spawned a tank
L 02/02/2026 - 12:20:26: [all4dead2.smx] [NOTICE]: ([T-T]MoY<2><STEAM_1:0:511491787><>) has spawned a tank
L 02/02/2026 - 12:20:26: [all4dead2.smx] [NOTICE]: ([T-T]MoY<2><STEAM_1:0:511491787><>) has spawned a tank
L 02/02/2026 - 12:20:26: [all4dead2.smx] [NOTICE]: ([T-T]MoY<2><STEAM_1:0:511491787><>) has spawned a tank
L 02/02/2026 - 12:20:26: [all4dead2.smx] [NOTICE]: ([T-T]MoY<2><STEAM_1:0:511491787><>) has spawned a tank
L 02/02/2026 - 12:20:27: [all4dead2.smx] [NOTICE]: ([T-T]MoY<2><STEAM_1:0:511491787><>) has spawned a tank
L 02/02/2026 - 12:20:27: [all4dead2.smx] [NOTICE]: ([T-T]MoY<2><STEAM_1:0:511491787><>) has spawned a tank
L 02/02/2026 - 12:20:27: [all4dead2.smx] [NOTICE]: ([T-T]MoY<2><STEAM_1:0:511491787><>) has spawned a tank
L 02/02/2026 - 12:20:27: [all4dead2.smx] [NOTICE]: ([T-T]MoY<2><STEAM_1:0:511491787><>) has spawned a tank
L 02/02/2026 - 12:20:27: [all4dead2.smx] [NOTICE]: ([T-T]MoY<2><STEAM_1:0:511491787><>) has spawned a tank
L 02/02/2026 - 12:20:28: [all4dead2.smx] [NOTICE]: ([T-T]MoY<2><STEAM_1:0:511491787><>) has spawned a tank
L 02/02/2026 - 12:20:42: [all4dead2.smx] [NOTICE]: ([T-T]MoY<2><STEAM_1:0:511491787><>) has spawned a tank
L 02/02/2026 - 12:20:43: [all4dead2.smx] [NOTICE]: ([T-T]MoY<2><STEAM_1:0:511491787><>) has spawned a tank
L 02/02/2026 - 12:20:54: [all4dead2.smx] [NOTICE]: ([T-T]MoY<2><STEAM_1:0:511491787><>) has spawned a tank
L 02/02/2026 - 12:20:57: [all4dead2.smx] [NOTICE]: ([T-T]MoY<2><STEAM_1:0:511491787><>) has spawned a tank
L 02/02/2026 - 12:22:37: Log file closed.
L 02/02/2026 - 12:38:24: SourceMod log file session started (file "d:\steamlibrary\steamapps\common\left 4 dead 2\left4dead2\addons\sourcemod\logs\L20260202.log") (Version "1.12.0.7207")
L 02/02/2026 - 12:38:24: [GEOIP] GeoIP2 database loaded: GeoLite2-ASN (2024-08-21 08:15:21 UTC) (d:\steamlibrary\steamapps\common\left 4 dead 2\left4dead2\addons\sourcemod\configs\geoip\GeoLite2-ASN.mmdb)
L 02/02/2026 - 12:38:24: [GEOIP] GeoIP2 supported languages: en
L 02/02/2026 - 12:38:24: [GEOIP] Your database is older than 90 days. You should consider downloading a newer version from e.g. https://dev.maxmind.com/geoip/geolite2-free-geolocation-data
L 02/02/2026 - 12:38:26: [l4d_extinguisher.smx] 
==========
Warning: You should install "[L4D2] Scavenge Score Fix - Gascan Pouring" to prevent affecting the score when filling gas in Scavenge style events: https://forums.alliedmods.net/showthread.php?t=187686
==========

L 02/02/2026 - 12:38:26: [l4d_extinguisher.smx] 
==========
Warning: You should install "[L4D & L4D2] Use Priority Patch" to fix attached models blocking +USE action: https://forums.alliedmods.net/showthread.php?t=327511
==========

L 02/02/2026 - 12:38:30: [basecommands.smx] "Console<0><Console><Console>" changed cvar (cvar "sv_consistency") (value "0")
L 02/02/2026 - 12:38:30: [basecommands.smx] "Console<0><Console><Console>" changed cvar (cvar "sv_allow_lobby_connect_only") (value "0")
L 02/02/2026 - 12:38:30: [basecommands.smx] "Console<0><Console><Console>" changed cvar (cvar "sv_maxplayers") (value "8")
L 02/02/2026 - 12:38:30: [basecommands.smx] "Console<0><Console><Console>" changed cvar (cvar "sv_visiblemaxplayers") (value "-1")
L 02/02/2026 - 12:38:30: [chat-processor.smx] Message formats generated for game 'left4dead2'.
L 02/02/2026 - 12:38:30: [chat-processor.smx] Successfully hooked a SayText2 chat hook.
L 02/02/2026 - 12:39:14: [basecommands.smx] "[T-T]MoY<2><STEAM_1:0:511491787><>" changed cvar (cvar "sv_gravity") (value "200")
L 02/02/2026 - 12:41:15: [l4d2_shop.smx] [UPDATE]: "[T-T]MoY<2><STEAM_1:0:511491787><>" saved. Points: "8"
L 02/02/2026 - 12:43:09: [l4d2_shop.smx] [UPDATE]: "[T-T]MoY<2><STEAM_1:0:511491787><>" saved. Points: "20"
L 02/02/2026 - 12:45:51: -------- Mapchange to c2m2_fairgrounds --------
L 02/02/2026 - 12:45:54: [basecommands.smx] "Console<0><Console><Console>" changed cvar (cvar "sv_consistency") (value "0")
L 02/02/2026 - 12:45:54: [basecommands.smx] "Console<0><Console><Console>" changed cvar (cvar "sv_allow_lobby_connect_only") (value "0")
L 02/02/2026 - 12:45:54: [basecommands.smx] "Console<0><Console><Console>" changed cvar (cvar "sv_maxplayers") (value "8")
L 02/02/2026 - 12:45:54: [basecommands.smx] "Console<0><Console><Console>" changed cvar (cvar "sv_visiblemaxplayers") (value "-1")
L 02/02/2026 - 12:45:54: [chat-processor.smx] Message formats generated for game 'left4dead2'.
L 02/02/2026 - 12:45:54: [chat-processor.smx] Successfully hooked a SayText2 chat hook.
L 02/02/2026 - 12:48:44: [l4d2_shop.smx] [UPDATE]: "[T-T]MoY<2><STEAM_1:0:511491787><>" saved. Points: "48"
L 02/02/2026 - 12:51:12: [l4d2_shop.smx] [UPDATE]: "[T-T]MoY<2><STEAM_1:0:511491787><>" saved. Points: "68"
L 02/02/2026 - 12:51:40: [l4d2_shop.smx] [Buy]: "[T-T]MoY<2><STEAM_1:0:511491787><>" bought "extinguisher" (price: "40"), remaining points: "28"
L 02/02/2026 - 12:53:07: [l4d2_shop.smx] [UPDATE]: "[T-T]MoY<2><STEAM_1:0:511491787><>" saved. Points: "35"
L 02/02/2026 - 12:53:34: [l4d2_shop.smx] [UPDATE]: "[T-T]MoY<2><STEAM_1:0:511491787><>" saved. Points: "35"
L 02/02/2026 - 12:56:23: -------- Mapchange to c2m3_coaster --------
L 02/02/2026 - 12:56:26: [basecommands.smx] "Console<0><Console><Console>" changed cvar (cvar "sv_consistency") (value "0")
L 02/02/2026 - 12:56:26: [basecommands.smx] "Console<0><Console><Console>" changed cvar (cvar "sv_allow_lobby_connect_only") (value "0")
L 02/02/2026 - 12:56:26: [basecommands.smx] "Console<0><Console><Console>" changed cvar (cvar "sv_maxplayers") (value "8")
L 02/02/2026 - 12:56:26: [basecommands.smx] "Console<0><Console><Console>" changed cvar (cvar "sv_visiblemaxplayers") (value "-1")
L 02/02/2026 - 12:56:26: [chat-processor.smx] Message formats generated for game 'left4dead2'.
L 02/02/2026 - 12:56:26: [chat-processor.smx] Successfully hooked a SayText2 chat hook.
L 02/02/2026 - 12:57:42: [l4d2_shop.smx] [UPDATE]: "[T-T]MoY<2><STEAM_1:0:511491787><>" saved. Points: "54"
L 02/02/2026 - 12:58:08: [l4d2_shop.smx] [UPDATE]: "[T-T]MoY<2><STEAM_1:0:511491787><>" saved. Points: "56"
L 02/02/2026 - 12:59:45: [l4d2_shop.smx] [UPDATE]: "[T-T]MoY<2><STEAM_1:0:511491787><>" saved. Points: "58"
L 02/02/2026 - 13:00:14: [l4d2_shop.smx] [UPDATE]: "[T-T]MoY<2><STEAM_1:0:511491787><>" saved. Points: "63"
L 02/02/2026 - 13:01:15: [l4d2_shop.smx] [UPDATE]: "[T-T]MoY<2><STEAM_1:0:511491787><>" saved. Points: "70"
L 02/02/2026 - 13:02:16: [l4d2_shop.smx] [UPDATE]: "[T-T]MoY<2><STEAM_1:0:511491787><>" saved. Points: "75"
L 02/02/2026 - 13:03:02: [l4d2_shop.smx] [UPDATE]: "[T-T]MoY<2><STEAM_1:0:511491787><>" saved. Points: "78"
L 02/02/2026 - 13:04:32: [l4d2_shop.smx] [UPDATE]: "[T-T]MoY<2><STEAM_1:0:511491787><>" saved. Points: "93"
L 02/02/2026 - 13:04:52: Log file closed.
L 02/02/2026 - 19:21:28: SourceMod log file session started (file "d:\steamlibrary\steamapps\common\left 4 dead 2\left4dead2\addons\sourcemod\logs\L20260202.log") (Version "1.12.0.7207")
L 02/02/2026 - 19:21:28: [GEOIP] GeoIP2 database loaded: GeoLite2-ASN (2024-08-21 08:15:21 UTC) (d:\steamlibrary\steamapps\common\left 4 dead 2\left4dead2\addons\sourcemod\configs\geoip\GeoLite2-ASN.mmdb)
L 02/02/2026 - 19:21:28: [GEOIP] GeoIP2 supported languages: en
L 02/02/2026 - 19:21:28: [GEOIP] Your database is older than 90 days. You should consider downloading a newer version from e.g. https://dev.maxmind.com/geoip/geolite2-free-geolocation-data
L 02/02/2026 - 19:21:29: [l4d_extinguisher.smx] 
==========
Warning: You should install "[L4D2] Scavenge Score Fix - Gascan Pouring" to prevent affecting the score when filling gas in Scavenge style events: https://forums.alliedmods.net/showthread.php?t=187686
==========

L 02/02/2026 - 19:21:29: [l4d_extinguisher.smx] 
==========
Warning: You should install "[L4D & L4D2] Use Priority Patch" to fix attached models blocking +USE action: https://forums.alliedmods.net/showthread.php?t=327511
==========

L 02/02/2026 - 19:21:40: [basecommands.smx] "Console<0><Console><Console>" changed cvar (cvar "sv_consistency") (value "0")
L 02/02/2026 - 19:21:40: [basecommands.smx] "Console<0><Console><Console>" changed cvar (cvar "sv_allow_lobby_connect_only") (value "0")
L 02/02/2026 - 19:21:40: [basecommands.smx] "Console<0><Console><Console>" changed cvar (cvar "sv_maxplayers") (value "8")
L 02/02/2026 - 19:21:40: [basecommands.smx] "Console<0><Console><Console>" changed cvar (cvar "sv_visiblemaxplayers") (value "-1")
L 02/02/2026 - 19:21:40: [chat-processor.smx] Message formats generated for game 'left4dead2'.
L 02/02/2026 - 19:21:40: [chat-processor.smx] Successfully hooked a SayText2 chat hook.
L 02/02/2026 - 19:22:31: [basecommands.smx] "[T-T]MoY<2><STEAM_1:0:511491787><>" changed cvar (cvar "sv_gravity") (value "200")
L 02/02/2026 - 19:24:27: [l4d2_shop.smx] [UPDATE]: "[T-T]MoY<2><STEAM_1:0:511491787><>" saved. Points: "8"
L 02/02/2026 - 19:25:51: [l4d2_shop.smx] [UPDATE]: "[T-T]MoY<2><STEAM_1:0:511491787><>" saved. Points: "14"
L 02/02/2026 - 19:28:59: -------- Mapchange to c1m2_streets --------
L 02/02/2026 - 19:29:02: [basecommands.smx] "Console<0><Console><Console>" changed cvar (cvar "sv_consistency") (value "0")
L 02/02/2026 - 19:29:02: [basecommands.smx] "Console<0><Console><Console>" changed cvar (cvar "sv_allow_lobby_connect_only") (value "0")
L 02/02/2026 - 19:29:02: [basecommands.smx] "Console<0><Console><Console>" changed cvar (cvar "sv_maxplayers") (value "8")
L 02/02/2026 - 19:29:02: [basecommands.smx] "Console<0><Console><Console>" changed cvar (cvar "sv_visiblemaxplayers") (value "-1")
L 02/02/2026 - 19:29:03: [chat-processor.smx] Message formats generated for game 'left4dead2'.
L 02/02/2026 - 19:29:03: [chat-processor.smx] Successfully hooked a SayText2 chat hook.
L 02/02/2026 - 19:33:05: [l4d2_shop.smx] [UPDATE]: "[T-T]MoY<2><STEAM_1:0:511491787><>" saved. Points: "38"
L 02/02/2026 - 19:38:15: [l4d2_shop.smx] [Buy]: "[T-T]MoY<2><STEAM_1:0:511491787><>" bought "Revivir (Costo actual: 50)" (price: "50"), remaining points: "11"
L 02/02/2026 - 19:41:17: -------- Mapchange to c1m3_mall --------
L 02/02/2026 - 19:41:21: [basecommands.smx] "Console<0><Console><Console>" changed cvar (cvar "sv_consistency") (value "0")
L 02/02/2026 - 19:41:21: [basecommands.smx] "Console<0><Console><Console>" changed cvar (cvar "sv_allow_lobby_connect_only") (value "0")
L 02/02/2026 - 19:41:21: [basecommands.smx] "Console<0><Console><Console>" changed cvar (cvar "sv_maxplayers") (value "8")
L 02/02/2026 - 19:41:21: [basecommands.smx] "Console<0><Console><Console>" changed cvar (cvar "sv_visiblemaxplayers") (value "-1")
L 02/02/2026 - 19:41:21: [chat-processor.smx] Message formats generated for game 'left4dead2'.
L 02/02/2026 - 19:41:21: [chat-processor.smx] Successfully hooked a SayText2 chat hook.
L 02/02/2026 - 19:44:29: [l4d2_shop.smx] [Buy]: "ElTfutero_06<6><STEAM_1:0:550690786><>" bought "pain_pills" (price: "43"), remaining points: "37"
L 02/02/2026 - 19:45:45: [l4d2_shop.smx] [Buy]: "[T-T]MoY<2><STEAM_1:0:511491787><>" bought "Revivir (Costo actual: 50)" (price: "50"), remaining points: "3"
L 02/02/2026 - 19:46:08: [l4d2_shop.smx] [UPDATE]: "[T-T]MoY<2><STEAM_1:0:511491787><>" saved. Points: "3"
L 02/02/2026 - 19:49:14: [l4d2_shop.smx] [Buy]: "juanxd<48><STEAM_1:1:753661207><>" bought "Revivir (Costo actual: 50)" (price: "50"), remaining points: "14"
L 02/02/2026 - 19:50:34: [l4d2_shop.smx] [UPDATE]: "[T-T]MoY<2><STEAM_1:0:511491787><>" saved. Points: "10036"
L 02/02/2026 - 19:50:34: [l4d2_shop.smx] [Admin]: "[T-T]MoY<2><STEAM_1:0:511491787><>" rewarded "10000" points for "[T-T]MoY<2><STEAM_1:0:511491787><>" (current: "10036")
L 02/02/2026 - 19:50:34: [l4d2_shop.smx] [Admin]: "[T-T]MoY<2><STEAM_1:0:511491787><>" rewarded "10000" points for "TUPAC AMARU<81><STEAM_1:1:491244110><>" (current: "10091")
L 02/02/2026 - 19:50:35: [l4d2_shop.smx] [Admin]: "[T-T]MoY<2><STEAM_1:0:511491787><>" rewarded "10000" points for "Dalexis<57><STEAM_1:1:648272336><>" (current: "10081")
L 02/02/2026 - 19:50:35: [l4d2_shop.smx] [Admin]: "[T-T]MoY<2><STEAM_1:0:511491787><>" rewarded "10000" points for "ElTfutero_06<6><STEAM_1:0:550690786><>" (current: "10067")
L 02/02/2026 - 19:50:36: [l4d2_shop.smx] [Admin]: "[T-T]MoY<2><STEAM_1:0:511491787><>" rewarded "10000" points for "elYOURDAnNNN<110><STEAM_1:1:779137514><>" (current: "10022")
L 02/02/2026 - 19:50:36: [l4d2_shop.smx] [Admin]: "[T-T]MoY<2><STEAM_1:0:511491787><>" rewarded "10000" points for "antimasistas<97><STEAM_1:1:772448582><>" (current: "10037")
L 02/02/2026 - 19:50:37: [l4d2_shop.smx] [Admin]: "[T-T]MoY<2><STEAM_1:0:511491787><>" rewarded "10000" points for "liligame22244<99><STEAM_1:1:932711899><>" (current: "10028")
L 02/02/2026 - 19:50:38: [l4d2_shop.smx] [Admin]: "[T-T]MoY<2><STEAM_1:0:511491787><>" rewarded "10000" points for "juanxd<48><STEAM_1:1:753661207><>" (current: "10022")
L 02/02/2026 - 19:50:50: [l4d2_shop.smx] [UPDATE]: "[T-T]MoY<2><STEAM_1:0:511491787><>" saved. Points: "10038"
L 02/02/2026 - 19:50:56: [l4d2_shop.smx] [Buy]: "Dalexis<57><STEAM_1:1:648272336><>" bought "Revivir (Costo actual: 50)" (price: "50"), remaining points: "10033"
L 02/02/2026 - 19:51:29: [l4d2_shop.smx] [Buy]: "Dalexis<57><STEAM_1:1:648272336><>" bought "grenade_launcher" (price: "38"), remaining points: "9995"
L 02/02/2026 - 19:51:31: [l4d2_shop.smx] [Buy]: "juanxd<48><STEAM_1:1:753661207><>" bought "autoshotgun" (price: "30"), remaining points: "9992"
L 02/02/2026 - 19:51:46: [l4d2_shop.smx] [Buy]: "Dalexis<57><STEAM_1:1:648272336><>" bought "Revivir (Costo actual: 50)" (price: "50"), remaining points: "9947"
L 02/02/2026 - 19:51:53: [l4d2_shop.smx] [Buy]: "juanxd<48><STEAM_1:1:753661207><>" bought "pipe_bomb" (price: "28"), remaining points: "9966"
L 02/02/2026 - 19:52:01: [l4d2_shop.smx] [Buy]: "[T-T]MoY<2><STEAM_1:0:511491787><>" bought "extinguisher" (price: "40"), remaining points: "10000"
L 02/02/2026 - 19:52:31: [l4d2_shop.smx] [Buy]: "Dalexis<57><STEAM_1:1:648272336><>" bought "health" (price: "98"), remaining points: "9851"
L 02/02/2026 - 19:52:37: [l4d2_shop.smx] [Buy]: "juanxd<48><STEAM_1:1:753661207><>" bought "Revivir (Costo actual: 50)" (price: "50"), remaining points: "9918"
L 02/02/2026 - 19:52:59: [l4d2_shop.smx] [Buy]: "juanxd<48><STEAM_1:1:753661207><>" bought "Revivir (Costo actual: 150)" (price: "150"), remaining points: "9772"
L 02/02/2026 - 19:53:04: [l4d2_shop.smx] [Buy]: "antimasistas<97><STEAM_1:1:772448582><>" bought "Revivir (Costo actual: 50)" (price: "50"), remaining points: "9995"
L 02/02/2026 - 19:53:10: [l4d2_shop.smx] [Buy]: "Dalexis<57><STEAM_1:1:648272336><>" bought "incendiary_ammo" (price: "12"), remaining points: "9843"
L 02/02/2026 - 19:53:23: [l4d2_shop.smx] [Buy]: "juanxd<48><STEAM_1:1:753661207><>" bought "autoshotgun" (price: "30"), remaining points: "9744"
L 02/02/2026 - 19:53:28: [l4d2_shop.smx] [Buy]: "Dalexis<57><STEAM_1:1:648272336><>" bought "lethal_ammo_3" (price: "60"), remaining points: "9785"
L 02/02/2026 - 19:53:39: [l4d2_shop.smx] [Buy]: "juanxd<48><STEAM_1:1:753661207><>" bought "pipe_bomb" (price: "28"), remaining points: "9716"
L 02/02/2026 - 19:53:58: [l4d2_shop.smx] [Buy]: "juanxd<48><STEAM_1:1:753661207><>" bought "laser_sight" (price: "10"), remaining points: "9708"
L 02/02/2026 - 19:54:10: [l4d2_shop.smx] [Buy]: "Dalexis<57><STEAM_1:1:648272336><>" bought "extinguisher" (price: "40"), remaining points: "9747"
L 02/02/2026 - 19:54:11: [l4d2_shop.smx] [Buy]: "antimasistas<97><STEAM_1:1:772448582><>" bought "Revivir (Costo actual: 150)" (price: "150"), remaining points: "9853"
L 02/02/2026 - 19:55:00: [l4d2_shop.smx] [Buy]: "[T-T]MoY<2><STEAM_1:0:511491787><>" bought "extinguisher" (price: "40"), remaining points: "10000"
L 02/02/2026 - 19:55:04: [l4d2_shop.smx] [Buy]: "juanxd<48><STEAM_1:1:753661207><>" bought "explosive_ammo" (price: "12"), remaining points: "9704"
L 02/02/2026 - 19:55:23: [l4d2_shop.smx] [Buy]: "elYOURDAnNNN<110><STEAM_1:1:779137514><>" bought "grenade_launcher" (price: "38"), remaining points: "10004"
L 02/02/2026 - 19:55:39: [l4d2_shop.smx] [Buy]: "juanxd<48><STEAM_1:1:753661207><>" bought "adrenaline" (price: "43"), remaining points: "9663"
L 02/02/2026 - 19:55:47: [l4d2_shop.smx] [Buy]: "juanxd<48><STEAM_1:1:753661207><>" bought "first_aid_kit" (price: "88"), remaining points: "9575"
L 02/02/2026 - 19:55:55: [l4d2_shop.smx] [Buy]: "elYOURDAnNNN<110><STEAM_1:1:779137514><>" bought "first_aid_kit" (price: "88"), remaining points: "9918"
L 02/02/2026 - 19:56:04: [l4d2_shop.smx] [Buy]: "juanxd<48><STEAM_1:1:753661207><>" bought "katana" (price: "9"), remaining points: "9566"
L 02/02/2026 - 19:56:21: [l4d2_shop.smx] [Buy]: "Dalexis<57><STEAM_1:1:648272336><>" bought "health" (price: "98"), remaining points: "9666"
L 02/02/2026 - 19:56:26: [l4d2_shop.smx] [Buy]: "[T-T]MoY<2><STEAM_1:0:511491787><>" bought "Revivir (Costo actual: 50)" (price: "50"), remaining points: "9961"
L 02/02/2026 - 19:56:36: [l4d2_shop.smx] [Buy]: "Dalexis<57><STEAM_1:1:648272336><>" bought "health" (price: "98"), remaining points: "9572"
L 02/02/2026 - 19:56:48: [l4d2_shop.smx] [Buy]: "[T-T]MoY<2><STEAM_1:0:511491787><>" bought "extinguisher" (price: "40"), remaining points: "9925"
L 02/02/2026 - 19:57:24: [funvotes.smx] "[T-T]MoY<2><STEAM_1:0:511491787><>" initiated a slay vote against "juanxd<48><STEAM_1:1:753661207><>"
L 02/02/2026 - 19:57:34: [funvotes.smx] Vote slay successful, slaying "juanxd<48><STEAM_1:1:753661207><>"
L 02/02/2026 - 19:57:36: -------- Mapchange to c1m4_atrium --------
L 02/02/2026 - 19:57:40: [basecommands.smx] "Console<0><Console><Console>" changed cvar (cvar "sv_consistency") (value "0")
L 02/02/2026 - 19:57:40: [basecommands.smx] "Console<0><Console><Console>" changed cvar (cvar "sv_allow_lobby_connect_only") (value "0")
L 02/02/2026 - 19:57:40: [basecommands.smx] "Console<0><Console><Console>" changed cvar (cvar "sv_maxplayers") (value "8")
L 02/02/2026 - 19:57:40: [basecommands.smx] "Console<0><Console><Console>" changed cvar (cvar "sv_visiblemaxplayers") (value "-1")
L 02/02/2026 - 19:57:40: [chat-processor.smx] Message formats generated for game 'left4dead2'.
L 02/02/2026 - 19:57:40: [chat-processor.smx] Successfully hooked a SayText2 chat hook.
L 02/02/2026 - 19:58:20: [l4d2_shop.smx] [Buy]: "[T-T]MoY<2><STEAM_1:0:511491787><>" bought "extinguisher" (price: "40"), remaining points: "9887"
L 02/02/2026 - 19:58:31: [l4d2_shop.smx] [Buy]: "juanxd<48><STEAM_1:1:753661207><>" bought "adrenaline" (price: "43"), remaining points: "9533"
L 02/02/2026 - 19:58:39: [l4d2_shop.smx] [Buy]: "juanxd<48><STEAM_1:1:753661207><>" bought "laser_sight" (price: "10"), remaining points: "9523"
L 02/02/2026 - 19:58:47: [l4d2_shop.smx] [Buy]: "juanxd<48><STEAM_1:1:753661207><>" bought "katana" (price: "9"), remaining points: "9514"
L 02/02/2026 - 19:58:53: [l4d2_shop.smx] [Buy]: "antimasistas<97><STEAM_1:1:772448582><>" bought "extinguisher" (price: "40"), remaining points: "9833"
L 02/02/2026 - 19:58:55: [l4d2_shop.smx] [Buy]: "elYOURDAnNNN<110><STEAM_1:1:779137514><>" bought "extinguisher" (price: "40"), remaining points: "9888"
L 02/02/2026 - 19:59:16: [l4d2_shop.smx] [Buy]: "juanxd<48><STEAM_1:1:753661207><>" bought "Revivir (Costo actual: 50)" (price: "50"), remaining points: "9464"
L 02/02/2026 - 19:59:23: [l4d2_shop.smx] [Buy]: "[T-T]MoY<2><STEAM_1:0:511491787><>" bought "Revivir (Costo actual: 50)" (price: "50"), remaining points: "9840"
L 02/02/2026 - 19:59:32: [l4d2_shop.smx] [Buy]: "Dalexis<57><STEAM_1:1:648272336><>" bought "health" (price: "98"), remaining points: "9478"
L 02/02/2026 - 19:59:39: [l4d2_shop.smx] [Buy]: "Dalexis<57><STEAM_1:1:648272336><>" bought "Revivir (Costo actual: 50)" (price: "50"), remaining points: "9428"
L 02/02/2026 - 20:00:25: [l4d2_shop.smx] [Buy]: "juanxd<48><STEAM_1:1:753661207><>" bought "incendiary_ammo" (price: "12"), remaining points: "9460"
L 02/02/2026 - 20:00:25: [basevotes.smx] "[T-T]MoY<2><STEAM_1:0:511491787><>" initiated a generic vote (question "su micro de tupac esta distorsionado?" / answers "Yes" "No").
L 02/02/2026 - 20:00:31: [l4d2_shop.smx] [Buy]: "Dalexis<57><STEAM_1:1:648272336><>" bought "explosive_ammo" (price: "12"), remaining points: "9422"
L 02/02/2026 - 20:00:46: [basevotes.smx] Vote successful. (Received "80" of 5 votes)
L 02/02/2026 - 20:00:46: [basevotes.smx] The answer to su micro de tupac esta distorsionado? is: Yes.
L 02/02/2026 - 20:00:48: [l4d2_shop.smx] [Buy]: "antimasistas<97><STEAM_1:1:772448582><>" bought "Revivir (Costo actual: 50)" (price: "50"), remaining points: "9806"
L 02/02/2026 - 20:00:50: [l4d2_shop.smx] [Buy]: "Dalexis<57><STEAM_1:1:648272336><>" bought "Revivir (Costo actual: 150)" (price: "150"), remaining points: "9272"
L 02/02/2026 - 20:00:52: [basevotes.smx] "[T-T]MoY<2><STEAM_1:0:511491787><>" initiated a generic vote (question "consideras mutearlo?" / answers "Yes" "No").
L 02/02/2026 - 20:01:08: [l4d2_shop.smx] [Buy]: "juanxd<48><STEAM_1:1:753661207><>" bought "katana" (price: "9"), remaining points: "9453"
L 02/02/2026 - 20:01:13: [basevotes.smx] Vote successful. (Received "67" of 6 votes)
L 02/02/2026 - 20:01:13: [basevotes.smx] The answer to consideras mutearlo? is: Yes.
L 02/02/2026 - 20:01:21: [basecomm.smx] "[T-T]MoY<2><STEAM_1:0:511491787><>" muted "TUPAC AMARU<81><STEAM_1:1:491244110><>"
L 02/02/2026 - 20:02:03: [l4d2_shop.smx] [Buy]: "antimasistas<97><STEAM_1:1:772448582><>" bought "sniper_military" (price: "25"), remaining points: "9785"
L 02/02/2026 - 20:02:12: [l4d2_shop.smx] [Buy]: "[T-T]MoY<2><STEAM_1:0:511491787><>" bought "Revivir (Costo actual: 150)" (price: "150"), remaining points: "9703"
L 02/02/2026 - 20:03:05: [l4d2_shop.smx] [Buy]: "[T-T]MoY<2><STEAM_1:0:511491787><>" bought "health" (price: "98"), remaining points: "9609"
L 02/02/2026 - 20:04:03: [l4d2_shop.smx] [Buy]: "Dalexis<57><STEAM_1:1:648272336><>" bought "defibrillator" (price: "50"), remaining points: "9236"
L 02/02/2026 - 20:04:17: [l4d2_shop.smx] [Buy]: "antimasistas<97><STEAM_1:1:772448582><>" bought "health" (price: "98"), remaining points: "9697"
L 02/02/2026 - 20:04:20: [l4d2_shop.smx] [Buy]: "Dalexis<57><STEAM_1:1:648272336><>" bought "health" (price: "98"), remaining points: "9138"
L 02/02/2026 - 20:04:30: [l4d2_shop.smx] [Buy]: "[T-T]MoY<2><STEAM_1:0:511491787><>" bought "health" (price: "98"), remaining points: "9519"
L 02/02/2026 - 20:04:46: [l4d2_shop.smx] [Buy]: "[T-T]MoY<2><STEAM_1:0:511491787><>" bought "extinguisher" (price: "40"), remaining points: "9479"
L 02/02/2026 - 20:05:59: [basecommands.smx] "[T-T]MoY<2><STEAM_1:0:511491787><>" changed map to "c2m1_highway"
L 02/02/2026 - 20:06:02: [SM] Changed map to "c2m1_highway"
L 02/02/2026 - 20:06:04: -------- Mapchange to c2m1_highway --------
L 02/02/2026 - 20:06:07: [basecommands.smx] "Console<0><Console><Console>" changed cvar (cvar "sv_consistency") (value "0")
L 02/02/2026 - 20:06:07: [basecommands.smx] "Console<0><Console><Console>" changed cvar (cvar "sv_allow_lobby_connect_only") (value "0")
L 02/02/2026 - 20:06:07: [basecommands.smx] "Console<0><Console><Console>" changed cvar (cvar "sv_maxplayers") (value "8")
L 02/02/2026 - 20:06:07: [basecommands.smx] "Console<0><Console><Console>" changed cvar (cvar "sv_visiblemaxplayers") (value "-1")
L 02/02/2026 - 20:06:08: [chat-processor.smx] Message formats generated for game 'left4dead2'.
L 02/02/2026 - 20:06:08: [chat-processor.smx] Successfully hooked a SayText2 chat hook.
L 02/02/2026 - 20:07:00: [l4d2_shop.smx] [Buy]: "juanxd<48><STEAM_1:1:753661207><>" bought "autoshotgun" (price: "30"), remaining points: "9454"
L 02/02/2026 - 20:07:05: [l4d2_shop.smx] [Buy]: "antimasistas<97><STEAM_1:1:772448582><>" bought "pistol_magnum" (price: "13"), remaining points: "9700"
L 02/02/2026 - 20:07:23: [l4d2_shop.smx] [Buy]: "antimasistas<97><STEAM_1:1:772448582><>" bought "lethal_ammo_3" (price: "60"), remaining points: "9642"
L 02/02/2026 - 20:07:36: [l4d2_shop.smx] [Buy]: "Dicam27<185><STEAM_1:1:195528356><>" bought "grenade_launcher" (price: "38"), remaining points: "10111"
L 02/02/2026 - 20:07:44: [l4d2_shop.smx] [Buy]: "antimasistas<97><STEAM_1:1:772448582><>" bought "BLUE_AMMO (1 Ronda)" (price: "400"), remaining points: "9242"
L 02/02/2026 - 20:07:53: [l4d2_shop.smx] [Buy]: "Dicam27<185><STEAM_1:1:195528356><>" bought "laser_sight" (price: "10"), remaining points: "10101"
L 02/02/2026 - 20:08:01: [l4d2_shop.smx] [Buy]: "elYOURDAnNNN<110><STEAM_1:1:779137514><>" bought "Revivir (Costo actual: 50)" (price: "50"), remaining points: "9892"
L 02/02/2026 - 20:08:03: [l4d2_shop.smx] [Buy]: "antimasistas<97><STEAM_1:1:772448582><>" bought "rifle_m60" (price: "160"), remaining points: "9084"
L 02/02/2026 - 20:08:11: [l4d2_shop.smx] [Buy]: "Dicam27<185><STEAM_1:1:195528356><>" bought "lethal_ammo_3" (price: "60"), remaining points: "10045"
L 02/02/2026 - 20:08:27: [l4d2_shop.smx] [Buy]: "antimasistas<97><STEAM_1:1:772448582><>" bought "lethal_ammo_3" (price: "60"), remaining points: "9028"
L 02/02/2026 - 20:08:33: [l4d2_shop.smx] [Buy]: "Dicam27<185><STEAM_1:1:195528356><>" bought "adrenaline" (price: "43"), remaining points: "10004"
L 02/02/2026 - 20:08:50: [l4d2_shop.smx] [Buy]: "[T-T]MoY<2><STEAM_1:0:511491787><>" bought "extinguisher" (price: "40"), remaining points: "9478"
L 02/02/2026 - 20:08:51: [l4d2_shop.smx] [Buy]: "elYOURDAnNNN<110><STEAM_1:1:779137514><>" bought "lethal_ammo_3" (price: "60"), remaining points: "9838"
L 02/02/2026 - 20:09:16: [l4d2_shop.smx] [Buy]: "Dicam27<185><STEAM_1:1:195528356><>" bought "rifle_m60" (price: "160"), remaining points: "9850"
L 02/02/2026 - 20:09:37: -------- Mapchange to c2m2_fairgrounds --------
L 02/02/2026 - 20:09:41: [basecommands.smx] "Console<0><Console><Console>" changed cvar (cvar "sv_consistency") (value "0")
L 02/02/2026 - 20:09:41: [basecommands.smx] "Console<0><Console><Console>" changed cvar (cvar "sv_allow_lobby_connect_only") (value "0")
L 02/02/2026 - 20:09:41: [basecommands.smx] "Console<0><Console><Console>" changed cvar (cvar "sv_maxplayers") (value "8")
L 02/02/2026 - 20:09:41: [basecommands.smx] "Console<0><Console><Console>" changed cvar (cvar "sv_visiblemaxplayers") (value "-1")
L 02/02/2026 - 20:09:41: [chat-processor.smx] Message formats generated for game 'left4dead2'.
L 02/02/2026 - 20:09:41: [chat-processor.smx] Successfully hooked a SayText2 chat hook.
L 02/02/2026 - 20:10:15: [l4d2_shop.smx] [Buy]: "[T-T]MoY<2><STEAM_1:0:511491787><>" bought "health" (price: "98"), remaining points: "9384"
L 02/02/2026 - 20:10:20: [l4d2_shop.smx] [Buy]: "[T-T]MoY<2><STEAM_1:0:511491787><>" bought "extinguisher" (price: "40"), remaining points: "9344"
L 02/02/2026 - 20:10:25: [l4d2_shop.smx] [Buy]: "Dalexis<57><STEAM_1:1:648272336><>" bought "rifle" (price: "30"), remaining points: "9159"
L 02/02/2026 - 20:10:26: [l4d2_shop.smx] [Buy]: "antimasistas<97><STEAM_1:1:772448582><>" bought "rifle_m60" (price: "160"), remaining points: "8874"
L 02/02/2026 - 20:10:38: [l4d2_shop.smx] [Buy]: "antimasistas<97><STEAM_1:1:772448582><>" bought "lethal_ammo_3" (price: "60"), remaining points: "8814"
L 02/02/2026 - 20:10:42: [l4d2_shop.smx] [Buy]: "Dalexis<57><STEAM_1:1:648272336><>" bought "rifle_m60" (price: "160"), remaining points: "8999"
L 02/02/2026 - 20:10:48: [l4d2_shop.smx] [Buy]: "antimasistas<97><STEAM_1:1:772448582><>" bought "health" (price: "98"), remaining points: "8716"
L 02/02/2026 - 20:10:59: [l4d2_shop.smx] [Buy]: "Dicam27<185><STEAM_1:1:195528356><>" bought "molotov" (price: "28"), remaining points: "9822"
L 02/02/2026 - 20:11:04: [l4d2_shop.smx] [Buy]: "antimasistas<97><STEAM_1:1:772448582><>" bought "adrenaline" (price: "43"), remaining points: "8675"
L 02/02/2026 - 20:11:29: [l4d2_shop.smx] [Buy]: "elYOURDAnNNN<110><STEAM_1:1:779137514><>" bought "upgradepack_explosive" (price: "18"), remaining points: "9828"
L 02/02/2026 - 20:11:50: [l4d2_shop.smx] [Buy]: "Dicam27<185><STEAM_1:1:195528356><>" bought "ammo" (price: "12"), remaining points: "9816"
L 02/02/2026 - 20:12:18: [l4d2_shop.smx] [UPDATE]: "[T-T]MoY<2><STEAM_1:0:511491787><>" saved. Points: "9256"
L 02/02/2026 - 20:12:18: [l4d2_shop.smx] [Admin]: "[T-T]MoY<2><STEAM_1:0:511491787><>" reduced "100" points for "[T-T]MoY<2><STEAM_1:0:511491787><>" (current: "9256")
L 02/02/2026 - 20:12:19: [l4d2_shop.smx] [Buy]: "Dicam27<185><STEAM_1:1:195528356><>" bought "grenade_launcher" (price: "38"), remaining points: "9778"
L 02/02/2026 - 20:12:19: [l4d2_shop.smx] [Admin]: "[T-T]MoY<2><STEAM_1:0:511491787><>" reduced "100" points for "Dicam27<185><STEAM_1:1:195528356><>" (current: "9678")
L 02/02/2026 - 20:12:20: [l4d2_shop.smx] [Admin]: "[T-T]MoY<2><STEAM_1:0:511491787><>" reduced "100" points for "Dalexis<57><STEAM_1:1:648272336><>" (current: "8905")
L 02/02/2026 - 20:12:20: [l4d2_shop.smx] [Admin]: "[T-T]MoY<2><STEAM_1:0:511491787><>" reduced "100" points for "elYOURDAnNNN<110><STEAM_1:1:779137514><>" (current: "9730")
L 02/02/2026 - 20:12:20: [l4d2_shop.smx] [Admin]: "[T-T]MoY<2><STEAM_1:0:511491787><>" reduced "100" points for "antimasistas<97><STEAM_1:1:772448582><>" (current: "8579")
L 02/02/2026 - 20:12:21: [l4d2_shop.smx] [Admin]: "[T-T]MoY<2><STEAM_1:0:511491787><>" reduced "100" points for "Tio HANS<172><STEAM_1:1:561390472><>" (current: "9994")
L 02/02/2026 - 20:12:22: [l4d2_shop.smx] [Admin]: "[T-T]MoY<2><STEAM_1:0:511491787><>" reduced "100" points for "juanxd<48><STEAM_1:1:753661207><>" (current: "9374")
L 02/02/2026 - 20:12:25: [l4d2_shop.smx] [UPDATE]: "[T-T]MoY<2><STEAM_1:0:511491787><>" saved. Points: "9158"
L 02/02/2026 - 20:12:25: [l4d2_shop.smx] [Admin]: "[T-T]MoY<2><STEAM_1:0:511491787><>" reduced "100" points for "[T-T]MoY<2><STEAM_1:0:511491787><>" (current: "9158")
L 02/02/2026 - 20:12:26: [l4d2_shop.smx] [Admin]: "[T-T]MoY<2><STEAM_1:0:511491787><>" reduced "100" points for "Dicam27<185><STEAM_1:1:195528356><>" (current: "9580")
L 02/02/2026 - 20:12:26: [l4d2_shop.smx] [Admin]: "[T-T]MoY<2><STEAM_1:0:511491787><>" reduced "100" points for "Dalexis<57><STEAM_1:1:648272336><>" (current: "8807")
L 02/02/2026 - 20:12:26: [l4d2_shop.smx] [Admin]: "[T-T]MoY<2><STEAM_1:0:511491787><>" reduced "100" points for "elYOURDAnNNN<110><STEAM_1:1:779137514><>" (current: "9632")
L 02/02/2026 - 20:12:27: [l4d2_shop.smx] [Admin]: "[T-T]MoY<2><STEAM_1:0:511491787><>" reduced "100" points for "antimasistas<97><STEAM_1:1:772448582><>" (current: "8481")
L 02/02/2026 - 20:12:27: [l4d2_shop.smx] [Admin]: "[T-T]MoY<2><STEAM_1:0:511491787><>" reduced "100" points for "Tio HANS<172><STEAM_1:1:561390472><>" (current: "9896")
L 02/02/2026 - 20:12:35: [l4d2_shop.smx] [UPDATE]: "[T-T]MoY<2><STEAM_1:0:511491787><>" saved. Points: "8158"
L 02/02/2026 - 20:12:35: [l4d2_shop.smx] [Admin]: "[T-T]MoY<2><STEAM_1:0:511491787><>" reduced "1000" points for "[T-T]MoY<2><STEAM_1:0:511491787><>" (current: "8158")
L 02/02/2026 - 20:12:36: [l4d2_shop.smx] [Admin]: "[T-T]MoY<2><STEAM_1:0:511491787><>" reduced "1000" points for "Dicam27<185><STEAM_1:1:195528356><>" (current: "8580")
L 02/02/2026 - 20:12:36: [l4d2_shop.smx] [Admin]: "[T-T]MoY<2><STEAM_1:0:511491787><>" reduced "1000" points for "Dalexis<57><STEAM_1:1:648272336><>" (current: "7807")
L 02/02/2026 - 20:12:37: [l4d2_shop.smx] [Admin]: "[T-T]MoY<2><STEAM_1:0:511491787><>" reduced "1000" points for "elYOURDAnNNN<110><STEAM_1:1:779137514><>" (current: "8632")
L 02/02/2026 - 20:12:37: [l4d2_shop.smx] [Admin]: "[T-T]MoY<2><STEAM_1:0:511491787><>" reduced "1000" points for "antimasistas<97><STEAM_1:1:772448582><>" (current: "7483")
L 02/02/2026 - 20:12:38: [l4d2_shop.smx] [Admin]: "[T-T]MoY<2><STEAM_1:0:511491787><>" reduced "1000" points for "Tio HANS<172><STEAM_1:1:561390472><>" (current: "8898")
L 02/02/2026 - 20:12:39: [l4d2_shop.smx] [Admin]: "[T-T]MoY<2><STEAM_1:0:511491787><>" reduced "1000" points for "juanxd<48><STEAM_1:1:753661207><>" (current: "8378")
L 02/02/2026 - 20:14:11: -------- Mapchange to c2m3_coaster --------
L 02/02/2026 - 20:14:14: [basecommands.smx] "Console<0><Console><Console>" changed cvar (cvar "sv_consistency") (value "0")
L 02/02/2026 - 20:14:14: [basecommands.smx] "Console<0><Console><Console>" changed cvar (cvar "sv_allow_lobby_connect_only") (value "0")
L 02/02/2026 - 20:14:14: [basecommands.smx] "Console<0><Console><Console>" changed cvar (cvar "sv_maxplayers") (value "8")
L 02/02/2026 - 20:14:14: [basecommands.smx] "Console<0><Console><Console>" changed cvar (cvar "sv_visiblemaxplayers") (value "-1")
L 02/02/2026 - 20:14:14: [chat-processor.smx] Message formats generated for game 'left4dead2'.
L 02/02/2026 - 20:14:14: [chat-processor.smx] Successfully hooked a SayText2 chat hook.
L 02/02/2026 - 20:15:12: [l4d2_shop.smx] [Buy]: "antimasistas<97><STEAM_1:1:772448582><>" bought "health" (price: "98"), remaining points: "7405"
L 02/02/2026 - 20:15:21: [l4d2_shop.smx] [Buy]: "antimasistas<97><STEAM_1:1:772448582><>" bought "rifle_m60" (price: "160"), remaining points: "7245"
L 02/02/2026 - 20:15:39: [l4d2_shop.smx] [Buy]: "antimasistas<97><STEAM_1:1:772448582><>" bought "lethal_ammo_3" (price: "60"), remaining points: "7187"
L 02/02/2026 - 20:15:47: [l4d2_shop.smx] [Buy]: "Dalexis<57><STEAM_1:1:648272336><>" bought "Revivir (Costo actual: 50)" (price: "50"), remaining points: "7775"
L 02/02/2026 - 20:15:51: [l4d2_shop.smx] [Buy]: "antimasistas<97><STEAM_1:1:772448582><>" bought "upgradepack_incendiary" (price: "18"), remaining points: "7169"
L 02/02/2026 - 20:16:01: [l4d2_shop.smx] [Buy]: "Dalexis<57><STEAM_1:1:648272336><>" bought "health" (price: "98"), remaining points: "7679"
L 02/02/2026 - 20:16:10: [l4d2_shop.smx] [Buy]: "[T-T]MoY<2><STEAM_1:0:511491787><>" bought "Revivir (Costo actual: 50)" (price: "50"), remaining points: "8138"
L 02/02/2026 - 20:16:55: [l4d2_shop.smx] [Buy]: "juanxd<48><STEAM_1:1:753661207><>" bought "first_aid_kit" (price: "88"), remaining points: "8314"
L 02/02/2026 - 20:16:57: [l4d2_shop.smx] [Buy]: "Dicam27<185><STEAM_1:1:195528356><>" bought "Revivir (Costo actual: 50)" (price: "50"), remaining points: "8557"
L 02/02/2026 - 20:17:02: [l4d2_shop.smx] [Buy]: "juanxd<48><STEAM_1:1:753661207><>" bought "adrenaline" (price: "43"), remaining points: "8271"
L 02/02/2026 - 20:17:35: [l4d2_shop.smx] [Buy]: "juanxd<48><STEAM_1:1:753661207><>" bought "Revivir (Costo actual: 50)" (price: "50"), remaining points: "8223"
L 02/02/2026 - 20:18:23: [l4d2_shop.smx] [Buy]: "Dicam27<185><STEAM_1:1:195528356><>" bought "adrenaline" (price: "43"), remaining points: "8524"
L 02/02/2026 - 20:18:40: [l4d2_shop.smx] [Buy]: "Dicam27<185><STEAM_1:1:195528356><>" bought "molotov" (price: "28"), remaining points: "8496"
L 02/02/2026 - 20:18:59: [l4d2_shop.smx] [Buy]: "juanxd<48><STEAM_1:1:753661207><>" bought "autoshotgun" (price: "30"), remaining points: "8197"
L 02/02/2026 - 20:19:00: [l4d2_shop.smx] [Buy]: "[T-T]MoY<2><STEAM_1:0:511491787><>" bought "health" (price: "98"), remaining points: "8052"
L 02/02/2026 - 20:19:05: [l4d2_shop.smx] [Buy]: "[T-T]MoY<2><STEAM_1:0:511491787><>" bought "extinguisher" (price: "40"), remaining points: "8012"
L 02/02/2026 - 20:19:08: [l4d2_shop.smx] [Buy]: "juanxd<48><STEAM_1:1:753661207><>" bought "adrenaline" (price: "43"), remaining points: "8154"
L 02/02/2026 - 20:19:29: -------- Mapchange to c2m4_barns --------
L 02/02/2026 - 20:19:32: [basecommands.smx] "Console<0><Console><Console>" changed cvar (cvar "sv_consistency") (value "0")
L 02/02/2026 - 20:19:32: [basecommands.smx] "Console<0><Console><Console>" changed cvar (cvar "sv_allow_lobby_connect_only") (value "0")
L 02/02/2026 - 20:19:32: [basecommands.smx] "Console<0><Console><Console>" changed cvar (cvar "sv_maxplayers") (value "8")
L 02/02/2026 - 20:19:32: [basecommands.smx] "Console<0><Console><Console>" changed cvar (cvar "sv_visiblemaxplayers") (value "-1")
L 02/02/2026 - 20:19:32: [chat-processor.smx] Message formats generated for game 'left4dead2'.
L 02/02/2026 - 20:19:32: [chat-processor.smx] Successfully hooked a SayText2 chat hook.
L 02/02/2026 - 20:20:20: [l4d2_shop.smx] [Buy]: "[T-T]MoY<2><STEAM_1:0:511491787><>" bought "extinguisher" (price: "40"), remaining points: "7978"
L 02/02/2026 - 20:20:33: [l4d2_shop.smx] [Buy]: "Dicam27<185><STEAM_1:1:195528356><>" bought "extinguisher" (price: "40"), remaining points: "8464"
L 02/02/2026 - 20:20:35: [l4d2_shop.smx] [Buy]: "elYOURDAnNNN<110><STEAM_1:1:779137514><>" bought "smg_silenced" (price: "13"), remaining points: "8657"
L 02/02/2026 - 20:20:38: [l4d2_shop.smx] [Buy]: "[T-T]MoY<2><STEAM_1:0:511491787><>" bought "health" (price: "98"), remaining points: "7880"
L 02/02/2026 - 20:20:45: [l4d2_shop.smx] [Buy]: "juanxd<48><STEAM_1:1:753661207><>" bought "katana" (price: "9"), remaining points: "8151"
L 02/02/2026 - 20:20:52: [l4d2_shop.smx] [Buy]: "juanxd<48><STEAM_1:1:753661207><>" bought "pipe_bomb" (price: "28"), remaining points: "8123"
L 02/02/2026 - 20:20:56: [l4d2_shop.smx] [Buy]: "Dalexis<57><STEAM_1:1:648272336><>" bought "Revivir (Costo actual: 50)" (price: "50"), remaining points: "7647"
L 02/02/2026 - 20:21:06: [l4d2_shop.smx] [Buy]: "Dicam27<185><STEAM_1:1:195528356><>" bought "Revivir (Costo actual: 50)" (price: "50"), remaining points: "8414"
L 02/02/2026 - 20:21:11: [l4d2_shop.smx] [Buy]: "Dalexis<57><STEAM_1:1:648272336><>" bought "Revivir (Costo actual: 150)" (price: "150"), remaining points: "7499"
L 02/02/2026 - 20:21:43: [l4d2_shop.smx] [Buy]: "Dicam27<185><STEAM_1:1:195528356><>" bought "extinguisher" (price: "40"), remaining points: "8378"
L 02/02/2026 - 20:21:51: [l4d2_shop.smx] [Buy]: "antimasistas<97><STEAM_1:1:772448582><>" bought "lethal_ammo_3" (price: "60"), remaining points: "7144"
L 02/02/2026 - 20:21:52: [l4d2_shop.smx] [Buy]: "Dalexis<57><STEAM_1:1:648272336><>" bought "molotov" (price: "28"), remaining points: "7475"
L 02/02/2026 - 20:21:55: [l4d2_shop.smx] [Buy]: "Dicam27<185><STEAM_1:1:195528356><>" bought "molotov" (price: "28"), remaining points: "8352"
L 02/02/2026 - 20:22:19: [l4d2_shop.smx] [Buy]: "[T-T]MoY<2><STEAM_1:0:511491787><>" bought "health" (price: "98"), remaining points: "7804"
L 02/02/2026 - 20:22:54: [l4d2_shop.smx] [Buy]: "Dalexis<57><STEAM_1:1:648272336><>" bought "Revivir (Costo actual: 250)" (price: "250"), remaining points: "7237"
L 02/02/2026 - 20:23:22: -------- Mapchange to c2m5_concert --------
L 02/02/2026 - 20:23:26: [basecommands.smx] "Console<0><Console><Console>" changed cvar (cvar "sv_consistency") (value "0")
L 02/02/2026 - 20:23:26: [basecommands.smx] "Console<0><Console><Console>" changed cvar (cvar "sv_allow_lobby_connect_only") (value "0")
L 02/02/2026 - 20:23:26: [basecommands.smx] "Console<0><Console><Console>" changed cvar (cvar "sv_maxplayers") (value "8")
L 02/02/2026 - 20:23:26: [basecommands.smx] "Console<0><Console><Console>" changed cvar (cvar "sv_visiblemaxplayers") (value "-1")
L 02/02/2026 - 20:23:26: [chat-processor.smx] Message formats generated for game 'left4dead2'.
L 02/02/2026 - 20:23:26: [chat-processor.smx] Successfully hooked a SayText2 chat hook.
L 02/02/2026 - 20:23:57: [l4d2_shop.smx] [Buy]: "juanxd<48><STEAM_1:1:753661207><>" bought "autoshotgun" (price: "30"), remaining points: "8107"
L 02/02/2026 - 20:24:00: [l4d2_shop.smx] [Buy]: "antimasistas<97><STEAM_1:1:772448582><>" bought "health" (price: "98"), remaining points: "7054"
L 02/02/2026 - 20:24:14: [l4d2_shop.smx] [Buy]: "elYOURDAnNNN<110><STEAM_1:1:779137514><>" bought "grenade_launcher" (price: "38"), remaining points: "8633"
L 02/02/2026 - 20:24:15: [l4d2_shop.smx] [Buy]: "[T-T]MoY<2><STEAM_1:0:511491787><>" bought "extinguisher" (price: "40"), remaining points: "7774"
L 02/02/2026 - 20:24:15: [l4d2_shop.smx] [Buy]: "antimasistas<97><STEAM_1:1:772448582><>" bought "pitchfork" (price: "9"), remaining points: "7045"
L 02/02/2026 - 20:24:18: [l4d2_shop.smx] [Buy]: "Dicam27<185><STEAM_1:1:195528356><>" bought "extinguisher" (price: "40"), remaining points: "8326"
L 02/02/2026 - 20:24:35: [l4d2_shop.smx] [Buy]: "antimasistas<97><STEAM_1:1:772448582><>" bought "fireworkcrate" (price: "18"), remaining points: "7027"
L 02/02/2026 - 20:24:42: [l4d2_shop.smx] [Buy]: "Dicam27<185><STEAM_1:1:195528356><>" bought "health" (price: "98"), remaining points: "8231"
L 02/02/2026 - 20:24:55: [l4d2_shop.smx] [Buy]: "Dicam27<185><STEAM_1:1:195528356><>" bought "molotov" (price: "28"), remaining points: "8207"
L 02/02/2026 - 20:25:08: [l4d2_shop.smx] [Buy]: "Dicam27<185><STEAM_1:1:195528356><>" bought "first_aid_kit" (price: "88"), remaining points: "8119"
L 02/02/2026 - 20:25:22: [l4d2_shop.smx] [Buy]: "antimasistas<97><STEAM_1:1:772448582><>" bought "rifle_m60" (price: "160"), remaining points: "6881"
L 02/02/2026 - 20:25:34: [l4d2_shop.smx] [Buy]: "antimasistas<97><STEAM_1:1:772448582><>" bought "lethal_ammo_3" (price: "60"), remaining points: "6821"
L 02/02/2026 - 20:27:01: [l4d2_shop.smx] [Admin]: "[T-T]MoY<2><STEAM_1:0:511491787><>" reduced "10000" points for "antimasistas<97><STEAM_1:1:772448582><>" (current: "-3171")
L 02/02/2026 - 20:27:02: [l4d2_shop.smx] [Admin]: "[T-T]MoY<2><STEAM_1:0:511491787><>" reduced "10000" points for "antimasistas<97><STEAM_1:1:772448582><>" (current: "-13171")
L 02/02/2026 - 20:27:02: [l4d2_shop.smx] [Admin]: "[T-T]MoY<2><STEAM_1:0:511491787><>" reduced "10000" points for "antimasistas<97><STEAM_1:1:772448582><>" (current: "-23171")
L 02/02/2026 - 20:27:02: [l4d2_shop.smx] [Admin]: "[T-T]MoY<2><STEAM_1:0:511491787><>" reduced "10000" points for "antimasistas<97><STEAM_1:1:772448582><>" (current: "-33171")
L 02/02/2026 - 20:27:02: [l4d2_shop.smx] [Admin]: "[T-T]MoY<2><STEAM_1:0:511491787><>" reduced "10000" points for "antimasistas<97><STEAM_1:1:772448582><>" (current: "-43171")
L 02/02/2026 - 20:27:03: [l4d2_shop.smx] [Admin]: "[T-T]MoY<2><STEAM_1:0:511491787><>" reduced "10000" points for "antimasistas<97><STEAM_1:1:772448582><>" (current: "-53171")
L 02/02/2026 - 20:27:03: [l4d2_shop.smx] [Admin]: "[T-T]MoY<2><STEAM_1:0:511491787><>" reduced "10000" points for "antimasistas<97><STEAM_1:1:772448582><>" (current: "-63171")
L 02/02/2026 - 20:27:03: [l4d2_shop.smx] [Admin]: "[T-T]MoY<2><STEAM_1:0:511491787><>" reduced "10000" points for "antimasistas<97><STEAM_1:1:772448582><>" (current: "-73171")
L 02/02/2026 - 20:27:03: [l4d2_shop.smx] [Admin]: "[T-T]MoY<2><STEAM_1:0:511491787><>" reduced "10000" points for "antimasistas<97><STEAM_1:1:772448582><>" (current: "-83171")
L 02/02/2026 - 20:27:03: [l4d2_shop.smx] [Admin]: "[T-T]MoY<2><STEAM_1:0:511491787><>" reduced "10000" points for "antimasistas<97><STEAM_1:1:772448582><>" (current: "-93171")
L 02/02/2026 - 20:27:04: [l4d2_shop.smx] [Admin]: "[T-T]MoY<2><STEAM_1:0:511491787><>" reduced "10000" points for "antimasistas<97><STEAM_1:1:772448582><>" (current: "-103171")
L 02/02/2026 - 20:27:04: [l4d2_shop.smx] [Admin]: "[T-T]MoY<2><STEAM_1:0:511491787><>" reduced "10000" points for "antimasistas<97><STEAM_1:1:772448582><>" (current: "-113171")
L 02/02/2026 - 20:27:04: [l4d2_shop.smx] [Admin]: "[T-T]MoY<2><STEAM_1:0:511491787><>" reduced "10000" points for "antimasistas<97><STEAM_1:1:772448582><>" (current: "-123171")
L 02/02/2026 - 20:27:04: [l4d2_shop.smx] [Admin]: "[T-T]MoY<2><STEAM_1:0:511491787><>" reduced "10000" points for "antimasistas<97><STEAM_1:1:772448582><>" (current: "-133171")
L 02/02/2026 - 20:27:04: [l4d2_shop.smx] [Admin]: "[T-T]MoY<2><STEAM_1:0:511491787><>" reduced "10000" points for "antimasistas<97><STEAM_1:1:772448582><>" (current: "-143171")
L 02/02/2026 - 20:27:04: [l4d2_shop.smx] [Admin]: "[T-T]MoY<2><STEAM_1:0:511491787><>" reduced "10000" points for "antimasistas<97><STEAM_1:1:772448582><>" (current: "-153171")
L 02/02/2026 - 20:27:05: [l4d2_shop.smx] [Admin]: "[T-T]MoY<2><STEAM_1:0:511491787><>" reduced "10000" points for "antimasistas<97><STEAM_1:1:772448582><>" (current: "-163171")
L 02/02/2026 - 20:27:05: [l4d2_shop.smx] [Admin]: "[T-T]MoY<2><STEAM_1:0:511491787><>" reduced "10000" points for "antimasistas<97><STEAM_1:1:772448582><>" (current: "-173171")
L 02/02/2026 - 20:27:05: [l4d2_shop.smx] [Admin]: "[T-T]MoY<2><STEAM_1:0:511491787><>" reduced "10000" points for "antimasistas<97><STEAM_1:1:772448582><>" (current: "-183171")
L 02/02/2026 - 20:27:05: [l4d2_shop.smx] [Admin]: "[T-T]MoY<2><STEAM_1:0:511491787><>" reduced "10000" points for "antimasistas<97><STEAM_1:1:772448582><>" (current: "-193171")
L 02/02/2026 - 20:27:05: [l4d2_shop.smx] [Admin]: "[T-T]MoY<2><STEAM_1:0:511491787><>" reduced "10000" points for "antimasistas<97><STEAM_1:1:772448582><>" (current: "-203171")
L 02/02/2026 - 20:27:24: [l4d2_shop.smx] [Buy]: "elYOURDAnNNN<110><STEAM_1:1:779137514><>" bought "Revivir (Costo actual: 50)" (price: "50"), remaining points: "8601"
L 02/02/2026 - 20:27:31: [l4d2_shop.smx] [Buy]: "[T-T]MoY<2><STEAM_1:0:511491787><>" bought "Revivir (Costo actual: 50)" (price: "50"), remaining points: "7742"
L 02/02/2026 - 20:28:32: [l4d_sm_respawn.smx] "[T-T]MoY<2><STEAM_1:0:511491787><>" teleported "[T-T]MoY<2><STEAM_1:0:511491787><>" after respawning him
L 02/02/2026 - 20:28:34: [l4d2_shop.smx] [Buy]: "Dicam27<185><STEAM_1:1:195528356><>" bought "health" (price: "98"), remaining points: "8045"
L 02/02/2026 - 20:28:55: [l4d2_shop.smx] [Buy]: "Dicam27<185><STEAM_1:1:195528356><>" bought "molotov" (price: "28"), remaining points: "8023"
L 02/02/2026 - 20:28:57: [l4d2_shop.smx] [Buy]: "juanxd<48><STEAM_1:1:753661207><>" bought "first_aid_kit" (price: "88"), remaining points: "8050"
L 02/02/2026 - 20:29:07: [playercommands.smx] "[T-T]MoY<2><STEAM_1:0:511491787><>" slayed "antimasistas<97><STEAM_1:1:772448582><>"
L 02/02/2026 - 20:29:12: [l4d_sm_respawn.smx] "[T-T]MoY<2><STEAM_1:0:511491787><>" teleported "[T-T]MoY<2><STEAM_1:0:511491787><>" after respawning him
L 02/02/2026 - 20:29:13: [l4d_sm_respawn.smx] "[T-T]MoY<2><STEAM_1:0:511491787><>" teleported "elYOURDAnNNN<110><STEAM_1:1:779137514><>" after respawning him
L 02/02/2026 - 20:29:35: [l4d2_shop.smx] [Buy]: "Dicam27<185><STEAM_1:1:195528356><>" bought "molotov" (price: "28"), remaining points: "8005"
L 02/02/2026 - 20:29:46: [l4d2_shop.smx] [Buy]: "Dicam27<185><STEAM_1:1:195528356><>" bought "adrenaline" (price: "43"), remaining points: "7962"
L 02/02/2026 - 20:30:06: [l4d2_shop.smx] [Admin]: "[T-T]MoY<2><STEAM_1:0:511491787><>" set "1" points for "Dicam27<185><STEAM_1:1:195528356><>" (current: "1")
L 02/02/2026 - 20:30:26: [l4d2_shop.smx] [Buy]: "Dalexis<57><STEAM_1:1:648272336><>" bought "health" (price: "98"), remaining points: "7173"
L 02/02/2026 - 20:30:49: [playercommands.smx] "[T-T]MoY<2><STEAM_1:0:511491787><>" slayed "Dicam27<185><STEAM_1:1:195528356><>"
L 02/02/2026 - 20:30:53: [l4d2_shop.smx] [Buy]: "elYOURDAnNNN<110><STEAM_1:1:779137514><>" bought "grenade_launcher" (price: "38"), remaining points: "8590"
L 02/02/2026 - 20:30:58: [l4d_sm_respawn.smx] "[T-T]MoY<2><STEAM_1:0:511491787><>" teleported "[T-T]MoY<2><STEAM_1:0:511491787><>" after respawning him
L 02/02/2026 - 20:31:30: [basecommands.smx] "[T-T]MoY<2><STEAM_1:0:511491787><>" kicked "Dicam27<185><STEAM_1:1:195528356><>" (reason "")
L 02/02/2026 - 20:31:45: [playercommands.smx] "[T-T]MoY<2><STEAM_1:0:511491787><>" slayed "antimasistas<295><STEAM_1:1:772448582><>"
L 02/02/2026 - 20:31:48: [l4d_sm_respawn.smx] "[T-T]MoY<2><STEAM_1:0:511491787><>" teleported "[T-T]MoY<2><STEAM_1:0:511491787><>" after respawning him
L 02/02/2026 - 20:32:38: [l4d2_shop.smx] [Buy]: "juanxd<48><STEAM_1:1:753661207><>" bought "Revivir (Costo actual: 50)" (price: "50"), remaining points: "8012"
L 02/02/2026 - 20:32:45: [basecommands.smx] "[T-T]MoY<2><STEAM_1:0:511491787><>" changed map to "c5m1_waterfront"
L 02/02/2026 - 20:32:48: [SM] Changed map to "c5m1_waterfront"
L 02/02/2026 - 20:32:50: -------- Mapchange to c5m1_waterfront --------
L 02/02/2026 - 20:32:54: [basecommands.smx] "Console<0><Console><Console>" changed cvar (cvar "sv_consistency") (value "0")
L 02/02/2026 - 20:32:54: [basecommands.smx] "Console<0><Console><Console>" changed cvar (cvar "sv_allow_lobby_connect_only") (value "0")
L 02/02/2026 - 20:32:54: [basecommands.smx] "Console<0><Console><Console>" changed cvar (cvar "sv_maxplayers") (value "8")
L 02/02/2026 - 20:32:54: [basecommands.smx] "Console<0><Console><Console>" changed cvar (cvar "sv_visiblemaxplayers") (value "-1")
L 02/02/2026 - 20:32:54: [chat-processor.smx] Message formats generated for game 'left4dead2'.
L 02/02/2026 - 20:32:54: [chat-processor.smx] Successfully hooked a SayText2 chat hook.
L 02/02/2026 - 20:33:45: [l4d2_shop.smx] [Buy]: "juanxd<48><STEAM_1:1:753661207><>" bought "autoshotgun" (price: "30"), remaining points: "7982"
L 02/02/2026 - 20:34:09: [l4d2_shop.smx] [Buy]: "Dalexis<57><STEAM_1:1:648272336><>" bought "Revivir (Costo actual: 50)" (price: "50"), remaining points: "7131"
L 02/02/2026 - 20:34:13: [l4d2_shop.smx] [Buy]: "juanxd<48><STEAM_1:1:753661207><>" bought "adrenaline" (price: "43"), remaining points: "7939"
L 02/02/2026 - 20:34:43: [l4d2_shop.smx] [Buy]: "elYOURDAnNNN<110><STEAM_1:1:779137514><>" bought "molotov" (price: "28"), remaining points: "8570"
L 02/02/2026 - 20:34:50: [l4d2_shop.smx] [Buy]: "Dalexis<57><STEAM_1:1:648272336><>" bought "defibrillator" (price: "50"), remaining points: "7087"
L 02/02/2026 - 20:35:17: [l4d2_shop.smx] [Admin]: "[T-T]MoY<2><STEAM_1:0:511491787><>" set "1000" points for "[T-T]MoY<2><STEAM_1:0:511491787><>" (current: "1000")
L 02/02/2026 - 20:35:17: [l4d2_shop.smx] [Admin]: "[T-T]MoY<2><STEAM_1:0:511491787><>" set "1000" points for "Dalexis<57><STEAM_1:1:648272336><>" (current: "1000")
L 02/02/2026 - 20:35:18: [l4d2_shop.smx] [Admin]: "[T-T]MoY<2><STEAM_1:0:511491787><>" set "1000" points for "elYOURDAnNNN<110><STEAM_1:1:779137514><>" (current: "1000")
L 02/02/2026 - 20:35:18: [l4d2_shop.smx] [Admin]: "[T-T]MoY<2><STEAM_1:0:511491787><>" set "1000" points for "antimasistas<305><STEAM_1:1:772448582><>" (current: "1000")
L 02/02/2026 - 20:35:18: [l4d2_shop.smx] [Admin]: "[T-T]MoY<2><STEAM_1:0:511491787><>" set "1000" points for "Tio HANS<172><STEAM_1:1:561390472><>" (current: "1000")
L 02/02/2026 - 20:35:19: [l4d2_shop.smx] [Admin]: "[T-T]MoY<2><STEAM_1:0:511491787><>" set "1000" points for "juanxd<48><STEAM_1:1:753661207><>" (current: "1000")
L 02/02/2026 - 20:35:30: [l4d2_shop.smx] [Buy]: "juanxd<48><STEAM_1:1:753661207><>" bought "pumpshotgun" (price: "13"), remaining points: "991"
L 02/02/2026 - 20:35:40: -------- Mapchange to c5m2_park --------
L 02/02/2026 - 20:35:44: [basecommands.smx] "Console<0><Console><Console>" changed cvar (cvar "sv_consistency") (value "0")
L 02/02/2026 - 20:35:44: [basecommands.smx] "Console<0><Console><Console>" changed cvar (cvar "sv_allow_lobby_connect_only") (value "0")
L 02/02/2026 - 20:35:44: [basecommands.smx] "Console<0><Console><Console>" changed cvar (cvar "sv_maxplayers") (value "8")
L 02/02/2026 - 20:35:44: [basecommands.smx] "Console<0><Console><Console>" changed cvar (cvar "sv_visiblemaxplayers") (value "-1")
L 02/02/2026 - 20:35:44: [chat-processor.smx] Message formats generated for game 'left4dead2'.
L 02/02/2026 - 20:35:44: [chat-processor.smx] Successfully hooked a SayText2 chat hook.
L 02/02/2026 - 20:36:33: [l4d2_shop.smx] [Buy]: "elYOURDAnNNN<110><STEAM_1:1:779137514><>" bought "grenade_launcher" (price: "38"), remaining points: "969"
L 02/02/2026 - 20:36:43: [l4d2_shop.smx] [Buy]: "juanxd<48><STEAM_1:1:753661207><>" bought "autoshotgun" (price: "30"), remaining points: "961"
L 02/02/2026 - 20:36:55: [l4d2_shop.smx] [Buy]: "elYOURDAnNNN<110><STEAM_1:1:779137514><>" bought "explosive_ammo" (price: "12"), remaining points: "957"
L 02/02/2026 - 20:37:14: [l4d2_shop.smx] [Buy]: "Dalexis<57><STEAM_1:1:648272336><>" bought "Revivir (Costo actual: 50)" (price: "50"), remaining points: "954"
L 02/02/2026 - 20:37:15: [l4d2_shop.smx] [Buy]: "elYOURDAnNNN<110><STEAM_1:1:779137514><>" bought "Revivir (Costo actual: 50)" (price: "50"), remaining points: "907"
L 02/02/2026 - 20:37:30: [l4d2_shop.smx] [Buy]: "[T-T]MoY<2><STEAM_1:0:511491787><>" bought "first_aid_kit" (price: "88"), remaining points: "921"
L 02/02/2026 - 20:38:26: [l4d2_shop.smx] [Buy]: "[T-T]MoY<2><STEAM_1:0:511491787><>" bought "extinguisher" (price: "40"), remaining points: "885"
L 02/02/2026 - 20:38:34: [l4d2_shop.smx] [Buy]: "[T-T]MoY<2><STEAM_1:0:511491787><>" bought "health" (price: "98"), remaining points: "787"
L 02/02/2026 - 20:39:32: [l4d2_shop.smx] [Buy]: "elYOURDAnNNN<110><STEAM_1:1:779137514><>" bought "molotov" (price: "28"), remaining points: "893"
L 02/02/2026 - 20:39:52: -------- Mapchange to c5m3_cemetery --------
L 02/02/2026 - 20:39:56: [basecommands.smx] "Console<0><Console><Console>" changed cvar (cvar "sv_consistency") (value "0")
L 02/02/2026 - 20:39:56: [basecommands.smx] "Console<0><Console><Console>" changed cvar (cvar "sv_allow_lobby_connect_only") (value "0")
L 02/02/2026 - 20:39:56: [basecommands.smx] "Console<0><Console><Console>" changed cvar (cvar "sv_maxplayers") (value "8")
L 02/02/2026 - 20:39:56: [basecommands.smx] "Console<0><Console><Console>" changed cvar (cvar "sv_visiblemaxplayers") (value "-1")
L 02/02/2026 - 20:39:56: [chat-processor.smx] Message formats generated for game 'left4dead2'.
L 02/02/2026 - 20:39:56: [chat-processor.smx] Successfully hooked a SayText2 chat hook.
L 02/02/2026 - 20:40:51: [l4d2_shop.smx] [Buy]: "antimasistas<305><STEAM_1:1:772448582><>" bought "rifle_m60" (price: "160"), remaining points: "862"
L 02/02/2026 - 20:41:22: [l4d2_shop.smx] [Buy]: "juanxd<48><STEAM_1:1:753661207><>" bought "adrenaline" (price: "43"), remaining points: "936"
L 02/02/2026 - 20:41:29: [l4d2_shop.smx] [Buy]: "juanxd<48><STEAM_1:1:753661207><>" bought "first_aid_kit" (price: "88"), remaining points: "850"
L 02/02/2026 - 20:41:31: [l4d2_shop.smx] [Buy]: "Dalexis<57><STEAM_1:1:648272336><>" bought "adrenaline" (price: "43"), remaining points: "931"
L 02/02/2026 - 20:42:10: [l4d2_shop.smx] [Buy]: "Dalexis<57><STEAM_1:1:648272336><>" bought "Revivir (Costo actual: 50)" (price: "50"), remaining points: "883"
L 02/02/2026 - 20:42:29: [l4d2_shop.smx] [Buy]: "[T-T]MoY<2><STEAM_1:0:511491787><>" bought "Revivir (Costo actual: 50)" (price: "50"), remaining points: "765"
L 02/02/2026 - 20:42:33: [l4d2_shop.smx] [Buy]: "juanxd<48><STEAM_1:1:753661207><>" bought "Revivir (Costo actual: 50)" (price: "50"), remaining points: "802"
L 02/02/2026 - 20:42:42: [l4d2_shop.smx] [Buy]: "juanxd<48><STEAM_1:1:753661207><>" bought "Revivir (Costo actual: 150)" (price: "150"), remaining points: "654"
L 02/02/2026 - 20:42:42: [l4d2_shop.smx] [Buy]: "antimasistas<305><STEAM_1:1:772448582><>" bought "health" (price: "98"), remaining points: "770"
L 02/02/2026 - 20:43:05: [l4d2_shop.smx] [Buy]: "antimasistas<305><STEAM_1:1:772448582><>" bought "rifle_desert" (price: "30"), remaining points: "742"
L 02/02/2026 - 20:43:05: [l4d2_shop.smx] [Buy]: "[T-T]MoY<2><STEAM_1:0:511491787><>" bought "Revivir (Costo actual: 150)" (price: "150"), remaining points: "621"
L 02/02/2026 - 20:43:07: [l4d2_shop.smx] [Buy]: "juanxd<48><STEAM_1:1:753661207><>" bought "Revivir (Costo actual: 250)" (price: "250"), remaining points: "406"
L 02/02/2026 - 20:43:13: [l4d2_shop.smx] [Buy]: "Dalexis<57><STEAM_1:1:648272336><>" bought "Revivir (Costo actual: 150)" (price: "150"), remaining points: "739"
L 02/02/2026 - 20:43:24: [l4d2_shop.smx] [Buy]: "antimasistas<305><STEAM_1:1:772448582><>" bought "Revivir (Costo actual: 50)" (price: "50"), remaining points: "694"
L 02/02/2026 - 20:43:40: [l4d2_shop.smx] [Buy]: "[T-T]MoY<2><STEAM_1:0:511491787><>" bought "Revivir (Costo actual: 250)" (price: "250"), remaining points: "375"
L 02/02/2026 - 20:43:41: [l4d2_shop.smx] [Buy]: "Dalexis<57><STEAM_1:1:648272336><>" bought "Revivir (Costo actual: 250)" (price: "250"), remaining points: "491"
L 02/02/2026 - 20:44:09: [l4d2_shop.smx] [Buy]: "antimasistas<305><STEAM_1:1:772448582><>" bought "Revivir (Costo actual: 150)" (price: "150"), remaining points: "548"
L 02/02/2026 - 20:44:23: [l4d2_shop.smx] [Buy]: "juanxd<48><STEAM_1:1:753661207><>" bought "GRAY_AMMO (1 Ronda)" (price: "200"), remaining points: "216"
L 02/02/2026 - 20:44:33: [l4d2_shop.smx] [Buy]: "[T-T]MoY<2><STEAM_1:0:511491787><>" bought "health" (price: "98"), remaining points: "283"
L 02/02/2026 - 20:44:40: [l4d2_shop.smx] [Buy]: "antimasistas<305><STEAM_1:1:772448582><>" bought "Revivir (Costo actual: 250)" (price: "250"), remaining points: "302"
L 02/02/2026 - 20:46:19: [l4d2_shop.smx] [Buy]: "elYOURDAnNNN<110><STEAM_1:1:779137514><>" bought "Revivir (Costo actual: 50)" (price: "50"), remaining points: "886"
L 02/02/2026 - 20:47:17: -------- Mapchange to c5m4_quarter --------
L 02/02/2026 - 20:47:21: [basecommands.smx] "Console<0><Console><Console>" changed cvar (cvar "sv_consistency") (value "0")
L 02/02/2026 - 20:47:21: [basecommands.smx] "Console<0><Console><Console>" changed cvar (cvar "sv_allow_lobby_connect_only") (value "0")
L 02/02/2026 - 20:47:21: [basecommands.smx] "Console<0><Console><Console>" changed cvar (cvar "sv_maxplayers") (value "8")
L 02/02/2026 - 20:47:21: [basecommands.smx] "Console<0><Console><Console>" changed cvar (cvar "sv_visiblemaxplayers") (value "-1")
L 02/02/2026 - 20:47:21: [chat-processor.smx] Message formats generated for game 'left4dead2'.
L 02/02/2026 - 20:47:21: [chat-processor.smx] Successfully hooked a SayText2 chat hook.
L 02/02/2026 - 20:48:16: [l4d2_shop.smx] [Buy]: "elYOURDAnNNN<110><STEAM_1:1:779137514><>" bought "grenade_launcher" (price: "38"), remaining points: "854"
L 02/02/2026 - 20:48:35: [l4d2_shop.smx] [Buy]: "antimasistas<305><STEAM_1:1:772448582><>" bought "lethal_ammo_3" (price: "60"), remaining points: "265"
L 02/02/2026 - 20:49:28: [l4d2_shop.smx] [Buy]: "elYOURDAnNNN<110><STEAM_1:1:779137514><>" bought "upgradepack_incendiary" (price: "18"), remaining points: "838"
L 02/02/2026 - 20:50:10: [l4d2_shop.smx] [Buy]: "Dalexis<57><STEAM_1:1:648272336><>" bought "Revivir (Costo actual: 50)" (price: "50"), remaining points: "494"
L 02/02/2026 - 20:50:35: [l4d2_shop.smx] [Buy]: "antimasistas<305><STEAM_1:1:772448582><>" bought "Revivir (Costo actual: 50)" (price: "50"), remaining points: "226"
L 02/02/2026 - 20:51:02: [l4d2_shop.smx] [Buy]: "elYOURDAnNNN<110><STEAM_1:1:779137514><>" bought "Revivir (Costo actual: 50)" (price: "50"), remaining points: "802"
L 02/02/2026 - 20:51:17: [l4d2_shop.smx] [Buy]: "antimasistas<305><STEAM_1:1:772448582><>" bought "Revivir (Costo actual: 150)" (price: "150"), remaining points: "95"
L 02/02/2026 - 20:51:38: [l4d2_shop.smx] [Buy]: "[T-T]MoY<2><STEAM_1:0:511491787><>" bought "first_aid_kit" (price: "88"), remaining points: "233"
L 02/02/2026 - 20:52:51: -------- Mapchange to c5m5_bridge --------
L 02/02/2026 - 20:52:55: [basecommands.smx] "Console<0><Console><Console>" changed cvar (cvar "sv_consistency") (value "0")
L 02/02/2026 - 20:52:55: [basecommands.smx] "Console<0><Console><Console>" changed cvar (cvar "sv_allow_lobby_connect_only") (value "0")
L 02/02/2026 - 20:52:55: [basecommands.smx] "Console<0><Console><Console>" changed cvar (cvar "sv_maxplayers") (value "8")
L 02/02/2026 - 20:52:55: [basecommands.smx] "Console<0><Console><Console>" changed cvar (cvar "sv_visiblemaxplayers") (value "-1")
L 02/02/2026 - 20:52:56: [chat-processor.smx] Message formats generated for game 'left4dead2'.
L 02/02/2026 - 20:52:56: [chat-processor.smx] Successfully hooked a SayText2 chat hook.
L 02/02/2026 - 20:53:50: [l4d2_shop.smx] [Buy]: "[T-T]MoY<2><STEAM_1:0:511491787><>" bought "extinguisher" (price: "40"), remaining points: "199"
L 02/02/2026 - 20:53:59: [l4d2_shop.smx] [Buy]: "elYOURDAnNNN<110><STEAM_1:1:779137514><>" bought "grenade_launcher" (price: "38"), remaining points: "780"
L 02/02/2026 - 20:55:41: [l4d2_shop.smx] [Buy]: "elYOURDAnNNN<110><STEAM_1:1:779137514><>" bought "Revivir (Costo actual: 50)" (price: "50"), remaining points: "734"
L 02/02/2026 - 20:56:06: [l4d2_shop.smx] [Buy]: "elYOURDAnNNN<110><STEAM_1:1:779137514><>" bought "health" (price: "98"), remaining points: "640"
L 02/02/2026 - 20:56:14: [l4d2_shop.smx] [Buy]: "[T-T]MoY<2><STEAM_1:0:511491787><>" bought "health" (price: "98"), remaining points: "115"
L 02/02/2026 - 20:57:08: [basecommands.smx] "[T-T]MoY<2><STEAM_1:0:511491787><>" changed map to "c1m1_hotel"
L 02/02/2026 - 20:57:11: [SM] Changed map to "c1m1_hotel"
L 02/02/2026 - 20:57:13: -------- Mapchange to c1m1_hotel --------
L 02/02/2026 - 20:57:16: [basecommands.smx] "Console<0><Console><Console>" changed cvar (cvar "sv_consistency") (value "0")
L 02/02/2026 - 20:57:16: [basecommands.smx] "Console<0><Console><Console>" changed cvar (cvar "sv_allow_lobby_connect_only") (value "0")
L 02/02/2026 - 20:57:16: [basecommands.smx] "Console<0><Console><Console>" changed cvar (cvar "sv_maxplayers") (value "8")
L 02/02/2026 - 20:57:16: [basecommands.smx] "Console<0><Console><Console>" changed cvar (cvar "sv_visiblemaxplayers") (value "-1")
L 02/02/2026 - 20:57:16: [chat-processor.smx] Message formats generated for game 'left4dead2'.
L 02/02/2026 - 20:57:16: [chat-processor.smx] Successfully hooked a SayText2 chat hook.
L 02/02/2026 - 20:58:09: [basecommands.smx] "[T-T]MoY<2><STEAM_1:0:511491787><>" changed map to "c7m1_docks"
L 02/02/2026 - 20:58:12: [SM] Changed map to "c7m1_docks"
L 02/02/2026 - 20:58:15: -------- Mapchange to c7m1_docks --------
L 02/02/2026 - 20:58:19: [basecommands.smx] "Console<0><Console><Console>" changed cvar (cvar "sv_consistency") (value "0")
L 02/02/2026 - 20:58:19: [basecommands.smx] "Console<0><Console><Console>" changed cvar (cvar "sv_allow_lobby_connect_only") (value "0")
L 02/02/2026 - 20:58:19: [basecommands.smx] "Console<0><Console><Console>" changed cvar (cvar "sv_maxplayers") (value "8")
L 02/02/2026 - 20:58:19: [basecommands.smx] "Console<0><Console><Console>" changed cvar (cvar "sv_visiblemaxplayers") (value "-1")
L 02/02/2026 - 20:58:19: [chat-processor.smx] Message formats generated for game 'left4dead2'.
L 02/02/2026 - 20:58:19: [chat-processor.smx] Successfully hooked a SayText2 chat hook.
L 02/02/2026 - 21:00:45: [l4d2_shop.smx] [Buy]: "elYOURDAnNNN<110><STEAM_1:1:779137514><>" bought "molotov" (price: "28"), remaining points: "624"
L 02/02/2026 - 21:01:16: [l4d2_shop.smx] [UPDATE]: "[T-T]MoY<2><STEAM_1:0:511491787><>" saved. Points: "234"
L 02/02/2026 - 21:01:16: [l4d2_shop.smx] [Admin]: "[T-T]MoY<2><STEAM_1:0:511491787><>" rewarded "99" points for "[T-T]MoY<2><STEAM_1:0:511491787><>" (current: "234")
L 02/02/2026 - 21:01:16: [l4d2_shop.smx] [Admin]: "[T-T]MoY<2><STEAM_1:0:511491787><>" rewarded "99" points for "Frankthon45<338><STEAM_1:1:411144581><>" (current: "208")
L 02/02/2026 - 21:01:16: [l4d2_shop.smx] [Admin]: "[T-T]MoY<2><STEAM_1:0:511491787><>" rewarded "99" points for "Dalexis<57><STEAM_1:1:648272336><>" (current: "633")
L 02/02/2026 - 21:01:17: [l4d2_shop.smx] [Admin]: "[T-T]MoY<2><STEAM_1:0:511491787><>" rewarded "99" points for "THISSROCK<408><STEAM_1:1:154002340><>" (current: "10220")
L 02/02/2026 - 21:01:17: [l4d2_shop.smx] [Admin]: "[T-T]MoY<2><STEAM_1:0:511491787><>" rewarded "99" points for "elYOURDAnNNN<110><STEAM_1:1:779137514><>" (current: "728")
L 02/02/2026 - 21:01:18: [l4d2_shop.smx] [Admin]: "[T-T]MoY<2><STEAM_1:0:511491787><>" rewarded "99" points for "Tio HANS<172><STEAM_1:1:561390472><>" (current: "1205")
L 02/02/2026 - 21:01:39: [l4d2_shop.smx] [Buy]: "[T-T]MoY<2><STEAM_1:0:511491787><>" bought "Revivir (Costo actual: 50)" (price: "50"), remaining points: "190"
L 02/02/2026 - 21:03:40: [l4d2_shop.smx] [UPDATE]: "[T-T]MoY<2><STEAM_1:0:511491787><>" saved. Points: "200"
L 02/02/2026 - 21:05:10: [l4d2_shop.smx] [Buy]: "[T-T]MoY<2><STEAM_1:0:511491787><>" bought "Revivir (Costo actual: 50)" (price: "50"), remaining points: "156"
L 02/02/2026 - 21:06:17: [l4d_sm_respawn.smx] "[T-T]MoY<2><STEAM_1:0:511491787><>" teleported "[T-T]MoY<2><STEAM_1:0:511491787><>" after respawning him
L 02/02/2026 - 21:06:17: [l4d_sm_respawn.smx] "[T-T]MoY<2><STEAM_1:0:511491787><>" teleported "THISSROCK<408><STEAM_1:1:154002340><>" after respawning him
L 02/02/2026 - 21:06:18: [l4d_sm_respawn.smx] "[T-T]MoY<2><STEAM_1:0:511491787><>" teleported "elYOURDAnNNN<110><STEAM_1:1:779137514><>" after respawning him
L 02/02/2026 - 21:07:28: [l4d2_shop.smx] [Buy]: "elYOURDAnNNN<110><STEAM_1:1:779137514><>" bought "Revivir (Costo actual: 50)" (price: "50"), remaining points: "712"
L 02/02/2026 - 21:07:41: [l4d2_shop.smx] [Buy]: "[T-T]MoY<2><STEAM_1:0:511491787><>" bought "extinguisher" (price: "40"), remaining points: "124"
L 02/02/2026 - 21:08:00: -------- Mapchange to c7m2_barge --------
L 02/02/2026 - 21:08:03: [basecommands.smx] "Console<0><Console><Console>" changed cvar (cvar "sv_consistency") (value "0")
L 02/02/2026 - 21:08:03: [basecommands.smx] "Console<0><Console><Console>" changed cvar (cvar "sv_allow_lobby_connect_only") (value "0")
L 02/02/2026 - 21:08:03: [basecommands.smx] "Console<0><Console><Console>" changed cvar (cvar "sv_maxplayers") (value "8")
L 02/02/2026 - 21:08:03: [basecommands.smx] "Console<0><Console><Console>" changed cvar (cvar "sv_visiblemaxplayers") (value "-1")
L 02/02/2026 - 21:08:04: [chat-processor.smx] Message formats generated for game 'left4dead2'.
L 02/02/2026 - 21:08:04: [chat-processor.smx] Successfully hooked a SayText2 chat hook.
L 02/02/2026 - 21:12:50: [l4d2_shop.smx] [Buy]: "[T-T]MoY<2><STEAM_1:0:511491787><>" bought "extinguisher" (price: "40"), remaining points: "100"
L 02/02/2026 - 21:13:18: -------- Mapchange to c7m3_port --------
L 02/02/2026 - 21:13:21: [basecommands.smx] "Console<0><Console><Console>" changed cvar (cvar "sv_consistency") (value "0")
L 02/02/2026 - 21:13:21: [basecommands.smx] "Console<0><Console><Console>" changed cvar (cvar "sv_allow_lobby_connect_only") (value "0")
L 02/02/2026 - 21:13:21: [basecommands.smx] "Console<0><Console><Console>" changed cvar (cvar "sv_maxplayers") (value "8")
L 02/02/2026 - 21:13:21: [basecommands.smx] "Console<0><Console><Console>" changed cvar (cvar "sv_visiblemaxplayers") (value "-1")
L 02/02/2026 - 21:13:21: [chat-processor.smx] Message formats generated for game 'left4dead2'.
L 02/02/2026 - 21:13:21: [chat-processor.smx] Successfully hooked a SayText2 chat hook.
L 02/02/2026 - 21:19:19: [l4d2_shop.smx] [Buy]: "[T-T]MoY<2><STEAM_1:0:511491787><>" bought "first_aid_kit" (price: "88"), remaining points: "63"
L 02/02/2026 - 21:19:54: [l4d_sm_respawn.smx] "[T-T]MoY<2><STEAM_1:0:511491787><>" teleported "[T-T]MoY<2><STEAM_1:0:511491787><>" after respawning him
L 02/02/2026 - 21:19:54: [l4d_sm_respawn.smx] "[T-T]MoY<2><STEAM_1:0:511491787><>" teleported "GENERAL (zhukov)<478><STEAM_1:0:897593397><>" after respawning him
L 02/02/2026 - 21:20:32: [l4d2_shop.smx] [Buy]: "[T-T]MoY<2><STEAM_1:0:511491787><>" bought "extinguisher" (price: "40"), remaining points: "27"
L 02/02/2026 - 21:21:58: [l4d2_shop.smx] [Buy]: "Frankthon45<338><STEAM_1:1:411144581><>" bought "Revivir (Costo actual: 50)" (price: "50"), remaining points: "259"
L 02/02/2026 - 21:22:14: Log file closed.
