L 12/21/2025 - 22:22:41: SourceMod log file session started (file "d:\steamlibrary\steamapps\common\left 4 dead 2\left4dead2\addons\sourcemod\logs\L20251221.log") (Version "1.12.0.7207")
L 12/21/2025 - 22:22:41: [GEOIP] GeoIP2 database loaded: GeoLite2-ASN (2024-08-21 08:15:21 UTC) (d:\steamlibrary\steamapps\common\left 4 dead 2\left4dead2\addons\sourcemod\configs\geoip\GeoLite2-ASN.mmdb)
L 12/21/2025 - 22:22:41: [GEOIP] GeoIP2 supported languages: en
L 12/21/2025 - 22:22:41: [GEOIP] Your database is older than 90 days. You should consider downloading a newer version from e.g. https://dev.maxmind.com/geoip/geolite2-free-geolocation-data
L 12/21/2025 - 22:22:51: [basecommands.smx] "Console<0><Console><Console>" changed cvar (cvar "sv_consistency") (value "0")
L 12/21/2025 - 22:22:51: [basecommands.smx] "Console<0><Console><Console>" changed cvar (cvar "sv_allow_lobby_connect_only") (value "0")
L 12/21/2025 - 22:22:51: [basecommands.smx] "Console<0><Console><Console>" changed cvar (cvar "sv_maxplayers") (value "8")
L 12/21/2025 - 22:22:51: [basecommands.smx] "Console<0><Console><Console>" changed cvar (cvar "sv_visiblemaxplayers") (value "-1")
L 12/21/2025 - 22:22:52: [chat-processor.smx] Message formats generated for game 'left4dead2'.
L 12/21/2025 - 22:22:52: [chat-processor.smx] Successfully hooked a SayText2 chat hook.
L 12/21/2025 - 22:24:07: [basecommands.smx] "[T-T]MoY<2><STEAM_1:0:511491787><>" changed cvar (cvar "sv_gravity") (value "200")
L 12/21/2025 - 22:26:11: [test_1.smx] "[T-T]MoY<2><STEAM_1:0:511491787><>" cambió la dificultad a impossible
L 12/21/2025 - 22:27:28: [l4d_sm_respawn.smx] "[T-T]MoY<2><STEAM_1:0:511491787><>" teleported "Rochelle<3><BOT><>" after respawning him
L 12/21/2025 - 22:28:35: -------- Mapchange to c1m2_streets --------
L 12/21/2025 - 22:28:39: [basecommands.smx] "Console<0><Console><Console>" changed cvar (cvar "sv_consistency") (value "0")
L 12/21/2025 - 22:28:39: [basecommands.smx] "Console<0><Console><Console>" changed cvar (cvar "sv_allow_lobby_connect_only") (value "0")
L 12/21/2025 - 22:28:39: [basecommands.smx] "Console<0><Console><Console>" changed cvar (cvar "sv_maxplayers") (value "8")
L 12/21/2025 - 22:28:39: [basecommands.smx] "Console<0><Console><Console>" changed cvar (cvar "sv_visiblemaxplayers") (value "-1")
L 12/21/2025 - 22:28:39: [chat-processor.smx] Message formats generated for game 'left4dead2'.
L 12/21/2025 - 22:28:39: [chat-processor.smx] Successfully hooked a SayText2 chat hook.
L 12/21/2025 - 22:35:01: [test_1.smx] "[T-T]MoY<2><STEAM_1:0:511491787><>" cambió la dificultad a hard
L 12/21/2025 - 22:49:10: -------- Mapchange to c1m3_mall --------
L 12/21/2025 - 22:49:13: [basecommands.smx] "Console<0><Console><Console>" changed cvar (cvar "sv_consistency") (value "0")
L 12/21/2025 - 22:49:13: [basecommands.smx] "Console<0><Console><Console>" changed cvar (cvar "sv_allow_lobby_connect_only") (value "0")
L 12/21/2025 - 22:49:13: [basecommands.smx] "Console<0><Console><Console>" changed cvar (cvar "sv_maxplayers") (value "8")
L 12/21/2025 - 22:49:13: [basecommands.smx] "Console<0><Console><Console>" changed cvar (cvar "sv_visiblemaxplayers") (value "-1")
L 12/21/2025 - 22:49:13: [chat-processor.smx] Message formats generated for game 'left4dead2'.
L 12/21/2025 - 22:49:13: [chat-processor.smx] Successfully hooked a SayText2 chat hook.
L 12/21/2025 - 22:54:16: -------- Mapchange to c1m4_atrium --------
L 12/21/2025 - 22:54:19: [basecommands.smx] "Console<0><Console><Console>" changed cvar (cvar "sv_consistency") (value "0")
L 12/21/2025 - 22:54:19: [basecommands.smx] "Console<0><Console><Console>" changed cvar (cvar "sv_allow_lobby_connect_only") (value "0")
L 12/21/2025 - 22:54:19: [basecommands.smx] "Console<0><Console><Console>" changed cvar (cvar "sv_maxplayers") (value "8")
L 12/21/2025 - 22:54:19: [basecommands.smx] "Console<0><Console><Console>" changed cvar (cvar "sv_visiblemaxplayers") (value "-1")
L 12/21/2025 - 22:54:20: [chat-processor.smx] Message formats generated for game 'left4dead2'.
L 12/21/2025 - 22:54:20: [chat-processor.smx] Successfully hooked a SayText2 chat hook.
L 12/21/2025 - 22:55:48: [l4d_sm_respawn.smx] "[T-T]MoY<2><STEAM_1:0:511491787><>" teleported "chilito<40><STEAM_1:0:792582102><>" after respawning him
L 12/21/2025 - 22:55:48: [l4d_sm_respawn.smx] "[T-T]MoY<2><STEAM_1:0:511491787><>" teleported "thiagodamiangonzalezhonor<99><STEAM_1:1:814613683><>" after respawning him
L 12/21/2025 - 22:55:48: [l4d_sm_respawn.smx] "[T-T]MoY<2><STEAM_1:0:511491787><>" teleported "MI MICROPENE<52><STEAM_1:0:777648965><>" after respawning him
L 12/21/2025 - 22:55:48: [l4d_sm_respawn.smx] "[T-T]MoY<2><STEAM_1:0:511491787><>" teleported "PATRON<73><STEAM_1:1:920716781><>" after respawning him
L 12/21/2025 - 22:55:49: [l4d_sm_respawn.smx] "[T-T]MoY<2><STEAM_1:0:511491787><>" teleported "IN ❥<83><STEAM_1:0:842972901><>" after respawning him
L 12/21/2025 - 22:56:39: [l4d_sm_respawn.smx] "[T-T]MoY<2><STEAM_1:0:511491787><>" teleported "IN ❥<83><STEAM_1:0:842972901><>" after respawning him
L 12/21/2025 - 23:00:10: [basecommands.smx] "[T-T]MoY<2><STEAM_1:0:511491787><>" changed map to "c2m1_highway"
L 12/21/2025 - 23:00:13: [SM] Changed map to "c2m1_highway"
L 12/21/2025 - 23:00:15: -------- Mapchange to c2m1_highway --------
L 12/21/2025 - 23:00:19: [basecommands.smx] "Console<0><Console><Console>" changed cvar (cvar "sv_consistency") (value "0")
L 12/21/2025 - 23:00:19: [basecommands.smx] "Console<0><Console><Console>" changed cvar (cvar "sv_allow_lobby_connect_only") (value "0")
L 12/21/2025 - 23:00:19: [basecommands.smx] "Console<0><Console><Console>" changed cvar (cvar "sv_maxplayers") (value "8")
L 12/21/2025 - 23:00:19: [basecommands.smx] "Console<0><Console><Console>" changed cvar (cvar "sv_visiblemaxplayers") (value "-1")
L 12/21/2025 - 23:00:19: [chat-processor.smx] Message formats generated for game 'left4dead2'.
L 12/21/2025 - 23:00:19: [chat-processor.smx] Successfully hooked a SayText2 chat hook.
L 12/21/2025 - 23:04:10: -------- Mapchange to c2m2_fairgrounds --------
L 12/21/2025 - 23:04:13: [basecommands.smx] "Console<0><Console><Console>" changed cvar (cvar "sv_consistency") (value "0")
L 12/21/2025 - 23:04:13: [basecommands.smx] "Console<0><Console><Console>" changed cvar (cvar "sv_allow_lobby_connect_only") (value "0")
L 12/21/2025 - 23:04:13: [basecommands.smx] "Console<0><Console><Console>" changed cvar (cvar "sv_maxplayers") (value "8")
L 12/21/2025 - 23:04:13: [basecommands.smx] "Console<0><Console><Console>" changed cvar (cvar "sv_visiblemaxplayers") (value "-1")
L 12/21/2025 - 23:04:13: [chat-processor.smx] Message formats generated for game 'left4dead2'.
L 12/21/2025 - 23:04:13: [chat-processor.smx] Successfully hooked a SayText2 chat hook.
L 12/21/2025 - 23:08:21: -------- Mapchange to c2m3_coaster --------
L 12/21/2025 - 23:08:24: [basecommands.smx] "Console<0><Console><Console>" changed cvar (cvar "sv_consistency") (value "0")
L 12/21/2025 - 23:08:24: [basecommands.smx] "Console<0><Console><Console>" changed cvar (cvar "sv_allow_lobby_connect_only") (value "0")
L 12/21/2025 - 23:08:24: [basecommands.smx] "Console<0><Console><Console>" changed cvar (cvar "sv_maxplayers") (value "8")
L 12/21/2025 - 23:08:24: [basecommands.smx] "Console<0><Console><Console>" changed cvar (cvar "sv_visiblemaxplayers") (value "-1")
L 12/21/2025 - 23:08:24: [chat-processor.smx] Message formats generated for game 'left4dead2'.
L 12/21/2025 - 23:08:24: [chat-processor.smx] Successfully hooked a SayText2 chat hook.
L 12/21/2025 - 23:11:53: [l4d_sm_respawn.smx] "[T-T]MoY<2><STEAM_1:0:511491787><>" teleported "[T-T]MoY<2><STEAM_1:0:511491787><>" after respawning him
L 12/21/2025 - 23:11:53: [l4d_sm_respawn.smx] "[T-T]MoY<2><STEAM_1:0:511491787><>" teleported "⌞CN⌝ VanALF<58><STEAM_1:1:920156770><>" after respawning him
L 12/21/2025 - 23:11:53: [l4d_sm_respawn.smx] "[T-T]MoY<2><STEAM_1:0:511491787><>" teleported "alexmeds4697<38><STEAM_1:1:558253042><>" after respawning him
L 12/21/2025 - 23:11:54: [l4d_sm_respawn.smx] "[T-T]MoY<2><STEAM_1:0:511491787><>" teleported "MI MICROPENE<52><STEAM_1:0:777648965><>" after respawning him
L 12/21/2025 - 23:11:54: [l4d_sm_respawn.smx] "[T-T]MoY<2><STEAM_1:0:511491787><>" teleported "PATRON<73><STEAM_1:1:920716781><>" after respawning him
L 12/21/2025 - 23:11:54: [l4d_sm_respawn.smx] "[T-T]MoY<2><STEAM_1:0:511491787><>" teleported "IN ❥<83><STEAM_1:0:842972901><>" after respawning him
L 12/21/2025 - 23:12:33: [playercommands.smx] "[T-T]MoY<2><STEAM_1:0:511491787><>" slayed "PATRON<73><STEAM_1:1:920716781><>"
L 12/21/2025 - 23:12:47: [l4d_sm_respawn.smx] "[T-T]MoY<2><STEAM_1:0:511491787><>" teleported "PATRON<73><STEAM_1:1:920716781><>" after respawning him
L 12/21/2025 - 23:14:00: [playercommands.smx] "[T-T]MoY<2><STEAM_1:0:511491787><>" slayed "PATRON<73><STEAM_1:1:920716781><>"
L 12/21/2025 - 23:14:14: [playercommands.smx] "[T-T]MoY<2><STEAM_1:0:511491787><>" slayed "PATRON<73><STEAM_1:1:920716781><>"
L 12/21/2025 - 23:14:36: [l4d_sm_respawn.smx] "[T-T]MoY<2><STEAM_1:0:511491787><>" teleported "PATRON<73><STEAM_1:1:920716781><>" after respawning him
L 12/21/2025 - 23:14:43: [funcommands.smx] "[T-T]MoY<2><STEAM_1:0:511491787><>" set gravity on "PATRON<73><STEAM_1:1:920716781><>" (amount "4.000000")
L 12/21/2025 - 23:14:56: [playercommands.smx] "[T-T]MoY<2><STEAM_1:0:511491787><>" slayed "PATRON<73><STEAM_1:1:920716781><>"
L 12/21/2025 - 23:15:06: [l4d_sm_respawn.smx] "[T-T]MoY<2><STEAM_1:0:511491787><>" teleported "PATRON<73><STEAM_1:1:920716781><>" after respawning him
L 12/21/2025 - 23:15:13: [funcommands.smx] "[T-T]MoY<2><STEAM_1:0:511491787><>" froze "PATRON<73><STEAM_1:1:920716781><>"
L 12/21/2025 - 23:15:27: [funcommands.smx] "[T-T]MoY<2><STEAM_1:0:511491787><>" froze "PATRON<73><STEAM_1:1:920716781><>"
L 12/21/2025 - 23:15:37: [funcommands.smx] "[T-T]MoY<2><STEAM_1:0:511491787><>" set a TimeBomb on "PATRON<73><STEAM_1:1:920716781><>"
L 12/21/2025 - 23:16:04: [basecomm.smx] "[T-T]MoY<2><STEAM_1:0:511491787><>" silenced "PATRON<73><STEAM_1:1:920716781><>"
L 12/21/2025 - 23:16:23: [playercommands.smx] "[T-T]MoY<2><STEAM_1:0:511491787><>" slayed "PATRON<73><STEAM_1:1:920716781><>"
L 12/21/2025 - 23:17:01: [l4d_sm_respawn.smx] "[T-T]MoY<2><STEAM_1:0:511491787><>" teleported "PATRON<73><STEAM_1:1:920716781><>" after respawning him
L 12/21/2025 - 23:17:27: [funcommands.smx] "[T-T]MoY<2><STEAM_1:0:511491787><>" set a TimeBomb on "PATRON<73><STEAM_1:1:920716781><>"
L 12/21/2025 - 23:17:50: [playercommands.smx] "[T-T]MoY<2><STEAM_1:0:511491787><>" slayed "PATRON<73><STEAM_1:1:920716781><>"
L 12/21/2025 - 23:18:53: [basebans.smx] "[T-T]MoY<2><STEAM_1:0:511491787><>" banned "PATRON<73><STEAM_1:1:920716781><>" (minutes "0") (reason "Bro en otra aver si piensas en no ser troll XD")
L 12/21/2025 - 23:21:17: -------- Mapchange to c2m4_barns --------
L 12/21/2025 - 23:21:20: [basecommands.smx] "Console<0><Console><Console>" changed cvar (cvar "sv_consistency") (value "0")
L 12/21/2025 - 23:21:20: [basecommands.smx] "Console<0><Console><Console>" changed cvar (cvar "sv_allow_lobby_connect_only") (value "0")
L 12/21/2025 - 23:21:20: [basecommands.smx] "Console<0><Console><Console>" changed cvar (cvar "sv_maxplayers") (value "8")
L 12/21/2025 - 23:21:20: [basecommands.smx] "Console<0><Console><Console>" changed cvar (cvar "sv_visiblemaxplayers") (value "-1")
L 12/21/2025 - 23:21:21: [chat-processor.smx] Message formats generated for game 'left4dead2'.
L 12/21/2025 - 23:21:21: [chat-processor.smx] Successfully hooked a SayText2 chat hook.
L 12/21/2025 - 23:24:54: -------- Mapchange to c2m5_concert --------
L 12/21/2025 - 23:24:57: [basecommands.smx] "Console<0><Console><Console>" changed cvar (cvar "sv_consistency") (value "0")
L 12/21/2025 - 23:24:57: [basecommands.smx] "Console<0><Console><Console>" changed cvar (cvar "sv_allow_lobby_connect_only") (value "0")
L 12/21/2025 - 23:24:57: [basecommands.smx] "Console<0><Console><Console>" changed cvar (cvar "sv_maxplayers") (value "8")
L 12/21/2025 - 23:24:57: [basecommands.smx] "Console<0><Console><Console>" changed cvar (cvar "sv_visiblemaxplayers") (value "-1")
L 12/21/2025 - 23:24:58: [chat-processor.smx] Message formats generated for game 'left4dead2'.
L 12/21/2025 - 23:24:58: [chat-processor.smx] Successfully hooked a SayText2 chat hook.
L 12/21/2025 - 23:28:00: [all4dead2.smx] [NOTICE]: ([T-T]MoY<2><STEAM_1:0:511491787><>) has spawned a tank
L 12/21/2025 - 23:28:00: [all4dead2.smx] [NOTICE]: ([T-T]MoY<2><STEAM_1:0:511491787><>) has spawned a tank
L 12/21/2025 - 23:28:01: [all4dead2.smx] [NOTICE]: ([T-T]MoY<2><STEAM_1:0:511491787><>) has spawned a tank
L 12/21/2025 - 23:29:02: [all4dead2.smx] [NOTICE]: ([T-T]MoY<2><STEAM_1:0:511491787><>) has spawned a tank
L 12/21/2025 - 23:29:02: [all4dead2.smx] [NOTICE]: ([T-T]MoY<2><STEAM_1:0:511491787><>) has spawned a tank
L 12/21/2025 - 23:29:03: [all4dead2.smx] [NOTICE]: ([T-T]MoY<2><STEAM_1:0:511491787><>) has spawned a tank
L 12/21/2025 - 23:29:10: [l4d_sm_respawn.smx] "[T-T]MoY<2><STEAM_1:0:511491787><>" teleported "chilito<40><STEAM_1:0:792582102><>" after respawning him
L 12/21/2025 - 23:29:10: [l4d_sm_respawn.smx] "[T-T]MoY<2><STEAM_1:0:511491787><>" teleported "alexmeds4697<38><STEAM_1:1:558253042><>" after respawning him
L 12/21/2025 - 23:30:55: [l4d_sm_respawn.smx] "[T-T]MoY<2><STEAM_1:0:511491787><>" teleported "chilito<40><STEAM_1:0:792582102><>" after respawning him
L 12/21/2025 - 23:30:55: [l4d_sm_respawn.smx] "[T-T]MoY<2><STEAM_1:0:511491787><>" teleported "⌞CN⌝ VanALF<58><STEAM_1:1:920156770><>" after respawning him
L 12/21/2025 - 23:30:55: [l4d_sm_respawn.smx] "[T-T]MoY<2><STEAM_1:0:511491787><>" teleported "IN ❥<83><STEAM_1:0:842972901><>" after respawning him
L 12/21/2025 - 23:32:01: [all4dead2.smx] [NOTICE]: ([T-T]MoY<2><STEAM_1:0:511491787><>) has spawned a tank
L 12/21/2025 - 23:32:01: [all4dead2.smx] [NOTICE]: ([T-T]MoY<2><STEAM_1:0:511491787><>) has spawned a tank
L 12/21/2025 - 23:32:01: [all4dead2.smx] [NOTICE]: ([T-T]MoY<2><STEAM_1:0:511491787><>) has spawned a tank
L 12/21/2025 - 23:32:02: [all4dead2.smx] [NOTICE]: ([T-T]MoY<2><STEAM_1:0:511491787><>) has spawned a tank
L 12/21/2025 - 23:32:02: [all4dead2.smx] [NOTICE]: ([T-T]MoY<2><STEAM_1:0:511491787><>) has spawned a tank
L 12/21/2025 - 23:32:02: [all4dead2.smx] [NOTICE]: ([T-T]MoY<2><STEAM_1:0:511491787><>) has spawned a tank
L 12/21/2025 - 23:32:02: [all4dead2.smx] [NOTICE]: ([T-T]MoY<2><STEAM_1:0:511491787><>) has spawned a tank
L 12/21/2025 - 23:33:18: [l4d_sm_respawn.smx] "[T-T]MoY<2><STEAM_1:0:511491787><>" teleported ".1,1<264><STEAM_1:0:693481505><>" after respawning him
L 12/21/2025 - 23:33:19: [l4d_sm_respawn.smx] "[T-T]MoY<2><STEAM_1:0:511491787><>" teleported "IN ❥<83><STEAM_1:0:842972901><>" after respawning him
L 12/21/2025 - 23:34:36: [basecommands.smx] "[T-T]MoY<2><STEAM_1:0:511491787><>" changed map to "c3m1_plankcountry"
L 12/21/2025 - 23:34:39: [SM] Changed map to "c3m1_plankcountry"
L 12/21/2025 - 23:34:41: -------- Mapchange to c3m1_plankcountry --------
L 12/21/2025 - 23:34:45: [basecommands.smx] "Console<0><Console><Console>" changed cvar (cvar "sv_consistency") (value "0")
L 12/21/2025 - 23:34:45: [basecommands.smx] "Console<0><Console><Console>" changed cvar (cvar "sv_allow_lobby_connect_only") (value "0")
L 12/21/2025 - 23:34:45: [basecommands.smx] "Console<0><Console><Console>" changed cvar (cvar "sv_maxplayers") (value "8")
L 12/21/2025 - 23:34:45: [basecommands.smx] "Console<0><Console><Console>" changed cvar (cvar "sv_visiblemaxplayers") (value "-1")
L 12/21/2025 - 23:34:45: [chat-processor.smx] Message formats generated for game 'left4dead2'.
L 12/21/2025 - 23:34:45: [chat-processor.smx] Successfully hooked a SayText2 chat hook.
L 12/21/2025 - 23:41:01: [l4d_sm_respawn.smx] "[T-T]MoY<2><STEAM_1:0:511491787><>" teleported "[T-T]MoY<2><STEAM_1:0:511491787><>" after respawning him
L 12/21/2025 - 23:41:01: [l4d_sm_respawn.smx] "[T-T]MoY<2><STEAM_1:0:511491787><>" teleported "chilito<40><STEAM_1:0:792582102><>" after respawning him
L 12/21/2025 - 23:41:01: [l4d_sm_respawn.smx] "[T-T]MoY<2><STEAM_1:0:511491787><>" teleported "ɆⱠł₳₴<274><STEAM_1:1:615375185><>" after respawning him
L 12/21/2025 - 23:41:02: [l4d_sm_respawn.smx] "[T-T]MoY<2><STEAM_1:0:511491787><>" teleported "⌞CN⌝ VanALF<58><STEAM_1:1:920156770><>" after respawning him
L 12/21/2025 - 23:41:02: [l4d_sm_respawn.smx] "[T-T]MoY<2><STEAM_1:0:511491787><>" teleported "alexmeds4697<38><STEAM_1:1:558253042><>" after respawning him
L 12/21/2025 - 23:45:05: [l4d_sm_respawn.smx] "[T-T]MoY<2><STEAM_1:0:511491787><>" teleported "ɆⱠł₳₴<274><STEAM_1:1:615375185><>" after respawning him
L 12/21/2025 - 23:45:06: [l4d_sm_respawn.smx] "[T-T]MoY<2><STEAM_1:0:511491787><>" teleported "⌞CN⌝ VanALF<58><STEAM_1:1:920156770><>" after respawning him
L 12/21/2025 - 23:47:40: [l4d_sm_respawn.smx] "[T-T]MoY<2><STEAM_1:0:511491787><>" teleported "[T-T]MoY<2><STEAM_1:0:511491787><>" after respawning him
L 12/21/2025 - 23:49:45: -------- Mapchange to c3m2_swamp --------
L 12/21/2025 - 23:49:49: [basecommands.smx] "Console<0><Console><Console>" changed cvar (cvar "sv_consistency") (value "0")
L 12/21/2025 - 23:49:49: [basecommands.smx] "Console<0><Console><Console>" changed cvar (cvar "sv_allow_lobby_connect_only") (value "0")
L 12/21/2025 - 23:49:49: [basecommands.smx] "Console<0><Console><Console>" changed cvar (cvar "sv_maxplayers") (value "8")
L 12/21/2025 - 23:49:49: [basecommands.smx] "Console<0><Console><Console>" changed cvar (cvar "sv_visiblemaxplayers") (value "-1")
L 12/21/2025 - 23:49:49: [chat-processor.smx] Message formats generated for game 'left4dead2'.
L 12/21/2025 - 23:49:49: [chat-processor.smx] Successfully hooked a SayText2 chat hook.
L 12/21/2025 - 23:53:29: -------- Mapchange to c3m3_shantytown --------
L 12/21/2025 - 23:53:33: [basecommands.smx] "Console<0><Console><Console>" changed cvar (cvar "sv_consistency") (value "0")
L 12/21/2025 - 23:53:33: [basecommands.smx] "Console<0><Console><Console>" changed cvar (cvar "sv_allow_lobby_connect_only") (value "0")
L 12/21/2025 - 23:53:33: [basecommands.smx] "Console<0><Console><Console>" changed cvar (cvar "sv_maxplayers") (value "8")
L 12/21/2025 - 23:53:33: [basecommands.smx] "Console<0><Console><Console>" changed cvar (cvar "sv_visiblemaxplayers") (value "-1")
L 12/21/2025 - 23:53:33: [chat-processor.smx] Message formats generated for game 'left4dead2'.
L 12/21/2025 - 23:53:33: [chat-processor.smx] Successfully hooked a SayText2 chat hook.
L 12/21/2025 - 23:54:17: [l4d_sm_respawn.smx] "[T-T]MoY<2><STEAM_1:0:511491787><>" teleported "alexmeds4697<38><STEAM_1:1:558253042><>" after respawning him
L 12/21/2025 - 23:54:53: [basevotes.smx] "[T-T]MoY<2><STEAM_1:0:511491787><>" initiated a kick vote against "ɆⱠł₳₴<274><STEAM_1:1:615375185><>"
L 12/21/2025 - 23:55:14: [basevotes.smx] Vote failed. 60% vote required. (Received "33" of 3 votes)
L 12/21/2025 - 23:57:34: -------- Mapchange to c3m4_plantation --------
L 12/21/2025 - 23:57:38: [basecommands.smx] "Console<0><Console><Console>" changed cvar (cvar "sv_consistency") (value "0")
L 12/21/2025 - 23:57:38: [basecommands.smx] "Console<0><Console><Console>" changed cvar (cvar "sv_allow_lobby_connect_only") (value "0")
L 12/21/2025 - 23:57:38: [basecommands.smx] "Console<0><Console><Console>" changed cvar (cvar "sv_maxplayers") (value "8")
L 12/21/2025 - 23:57:38: [basecommands.smx] "Console<0><Console><Console>" changed cvar (cvar "sv_visiblemaxplayers") (value "-1")
L 12/21/2025 - 23:57:38: [chat-processor.smx] Message formats generated for game 'left4dead2'.
L 12/21/2025 - 23:57:38: [chat-processor.smx] Successfully hooked a SayText2 chat hook.
L 12/22/2025 - 00:00:01: Log file closed.
