L 01/25/2026 - 11:34:26: SourceMod log file session started (file "d:\steamlibrary\steamapps\common\left 4 dead 2\left4dead2\addons\sourcemod\logs\L20260125.log") (Version "1.12.0.7207")
L 01/25/2026 - 11:34:26: [GEOIP] GeoIP2 database loaded: GeoLite2-ASN (2024-08-21 08:15:21 UTC) (d:\steamlibrary\steamapps\common\left 4 dead 2\left4dead2\addons\sourcemod\configs\geoip\GeoLite2-ASN.mmdb)
L 01/25/2026 - 11:34:26: [GEOIP] GeoIP2 supported languages: en
L 01/25/2026 - 11:34:26: [GEOIP] Your database is older than 90 days. You should consider downloading a newer version from e.g. https://dev.maxmind.com/geoip/geolite2-free-geolocation-data
L 01/25/2026 - 11:34:35: [basecommands.smx] "Console<0><Console><Console>" changed cvar (cvar "sv_consistency") (value "0")
L 01/25/2026 - 11:34:35: [basecommands.smx] "Console<0><Console><Console>" changed cvar (cvar "sv_allow_lobby_connect_only") (value "0")
L 01/25/2026 - 11:34:35: [basecommands.smx] "Console<0><Console><Console>" changed cvar (cvar "sv_maxplayers") (value "8")
L 01/25/2026 - 11:34:35: [basecommands.smx] "Console<0><Console><Console>" changed cvar (cvar "sv_visiblemaxplayers") (value "-1")
L 01/25/2026 - 11:34:35: [chat-processor.smx] Message formats generated for game 'left4dead2'.
L 01/25/2026 - 11:34:35: [chat-processor.smx] Successfully hooked a SayText2 chat hook.
L 01/25/2026 - 11:35:42: [basecommands.smx] "[T-T]MoY<2><STEAM_1:0:511491787><>" changed cvar (cvar "sv_gravity") (value "200")
L 01/25/2026 - 11:38:20: -------- Mapchange to c1m2_streets --------
L 01/25/2026 - 11:38:23: [basecommands.smx] "Console<0><Console><Console>" changed cvar (cvar "sv_consistency") (value "0")
L 01/25/2026 - 11:38:23: [basecommands.smx] "Console<0><Console><Console>" changed cvar (cvar "sv_allow_lobby_connect_only") (value "0")
L 01/25/2026 - 11:38:23: [basecommands.smx] "Console<0><Console><Console>" changed cvar (cvar "sv_maxplayers") (value "8")
L 01/25/2026 - 11:38:23: [basecommands.smx] "Console<0><Console><Console>" changed cvar (cvar "sv_visiblemaxplayers") (value "-1")
L 01/25/2026 - 11:38:24: [chat-processor.smx] Message formats generated for game 'left4dead2'.
L 01/25/2026 - 11:38:24: [chat-processor.smx] Successfully hooked a SayText2 chat hook.
L 01/25/2026 - 11:44:41: -------- Mapchange to c1m3_mall --------
L 01/25/2026 - 11:44:44: [basecommands.smx] "Console<0><Console><Console>" changed cvar (cvar "sv_consistency") (value "0")
L 01/25/2026 - 11:44:44: [basecommands.smx] "Console<0><Console><Console>" changed cvar (cvar "sv_allow_lobby_connect_only") (value "0")
L 01/25/2026 - 11:44:44: [basecommands.smx] "Console<0><Console><Console>" changed cvar (cvar "sv_maxplayers") (value "8")
L 01/25/2026 - 11:44:44: [basecommands.smx] "Console<0><Console><Console>" changed cvar (cvar "sv_visiblemaxplayers") (value "-1")
L 01/25/2026 - 11:44:44: [chat-processor.smx] Message formats generated for game 'left4dead2'.
L 01/25/2026 - 11:44:44: [chat-processor.smx] Successfully hooked a SayText2 chat hook.
L 01/25/2026 - 11:54:44: -------- Mapchange to c1m4_atrium --------
L 01/25/2026 - 11:54:47: [basecommands.smx] "Console<0><Console><Console>" changed cvar (cvar "sv_consistency") (value "0")
L 01/25/2026 - 11:54:47: [basecommands.smx] "Console<0><Console><Console>" changed cvar (cvar "sv_allow_lobby_connect_only") (value "0")
L 01/25/2026 - 11:54:47: [basecommands.smx] "Console<0><Console><Console>" changed cvar (cvar "sv_maxplayers") (value "8")
L 01/25/2026 - 11:54:47: [basecommands.smx] "Console<0><Console><Console>" changed cvar (cvar "sv_visiblemaxplayers") (value "-1")
L 01/25/2026 - 11:54:48: [chat-processor.smx] Message formats generated for game 'left4dead2'.
L 01/25/2026 - 11:54:48: [chat-processor.smx] Successfully hooked a SayText2 chat hook.
L 01/25/2026 - 11:56:24: [l4d_sm_respawn.smx] "[T-T]MoY<2><STEAM_1:0:511491787><>" teleported "[T-T]MoY<2><STEAM_1:0:511491787><>" after respawning him
L 01/25/2026 - 11:56:24: [l4d_sm_respawn.smx] "[T-T]MoY<2><STEAM_1:0:511491787><>" teleported "EL VIBRADOR DE TU HERMANA<81><STEAM_1:0:845114698><>" after respawning him
L 01/25/2026 - 11:57:03: [l4d_sm_respawn.smx] "[T-T]MoY<2><STEAM_1:0:511491787><>" teleported "lautaroruizdiaz118<69><STEAM_1:1:953982125><>" after respawning him
L 01/25/2026 - 11:57:04: [l4d_sm_respawn.smx] "[T-T]MoY<2><STEAM_1:0:511491787><>" teleported "EL VIBRADOR DE TU HERMANA<81><STEAM_1:0:845114698><>" after respawning him
L 01/25/2026 - 11:59:31: [basecommands.smx] "[T-T]MoY<2><STEAM_1:0:511491787><>" changed map to "c2m1_highway"
L 01/25/2026 - 11:59:34: [SM] Changed map to "c2m1_highway"
L 01/25/2026 - 11:59:36: -------- Mapchange to c2m1_highway --------
L 01/25/2026 - 11:59:39: [basecommands.smx] "Console<0><Console><Console>" changed cvar (cvar "sv_consistency") (value "0")
L 01/25/2026 - 11:59:39: [basecommands.smx] "Console<0><Console><Console>" changed cvar (cvar "sv_allow_lobby_connect_only") (value "0")
L 01/25/2026 - 11:59:39: [basecommands.smx] "Console<0><Console><Console>" changed cvar (cvar "sv_maxplayers") (value "8")
L 01/25/2026 - 11:59:39: [basecommands.smx] "Console<0><Console><Console>" changed cvar (cvar "sv_visiblemaxplayers") (value "-1")
L 01/25/2026 - 11:59:40: [chat-processor.smx] Message formats generated for game 'left4dead2'.
L 01/25/2026 - 11:59:40: [chat-processor.smx] Successfully hooked a SayText2 chat hook.
L 01/25/2026 - 12:07:17: -------- Mapchange to c2m2_fairgrounds --------
L 01/25/2026 - 12:07:20: [basecommands.smx] "Console<0><Console><Console>" changed cvar (cvar "sv_consistency") (value "0")
L 01/25/2026 - 12:07:20: [basecommands.smx] "Console<0><Console><Console>" changed cvar (cvar "sv_allow_lobby_connect_only") (value "0")
L 01/25/2026 - 12:07:20: [basecommands.smx] "Console<0><Console><Console>" changed cvar (cvar "sv_maxplayers") (value "8")
L 01/25/2026 - 12:07:20: [basecommands.smx] "Console<0><Console><Console>" changed cvar (cvar "sv_visiblemaxplayers") (value "-1")
L 01/25/2026 - 12:07:20: [chat-processor.smx] Message formats generated for game 'left4dead2'.
L 01/25/2026 - 12:07:20: [chat-processor.smx] Successfully hooked a SayText2 chat hook.
L 01/25/2026 - 12:11:01: -------- Mapchange to c2m3_coaster --------
L 01/25/2026 - 12:11:05: [basecommands.smx] "Console<0><Console><Console>" changed cvar (cvar "sv_consistency") (value "0")
L 01/25/2026 - 12:11:05: [basecommands.smx] "Console<0><Console><Console>" changed cvar (cvar "sv_allow_lobby_connect_only") (value "0")
L 01/25/2026 - 12:11:05: [basecommands.smx] "Console<0><Console><Console>" changed cvar (cvar "sv_maxplayers") (value "8")
L 01/25/2026 - 12:11:05: [basecommands.smx] "Console<0><Console><Console>" changed cvar (cvar "sv_visiblemaxplayers") (value "-1")
L 01/25/2026 - 12:11:05: [chat-processor.smx] Message formats generated for game 'left4dead2'.
L 01/25/2026 - 12:11:05: [chat-processor.smx] Successfully hooked a SayText2 chat hook.
L 01/25/2026 - 12:20:13: -------- Mapchange to c2m4_barns --------
L 01/25/2026 - 12:20:16: [basecommands.smx] "Console<0><Console><Console>" changed cvar (cvar "sv_consistency") (value "0")
L 01/25/2026 - 12:20:16: [basecommands.smx] "Console<0><Console><Console>" changed cvar (cvar "sv_allow_lobby_connect_only") (value "0")
L 01/25/2026 - 12:20:16: [basecommands.smx] "Console<0><Console><Console>" changed cvar (cvar "sv_maxplayers") (value "8")
L 01/25/2026 - 12:20:16: [basecommands.smx] "Console<0><Console><Console>" changed cvar (cvar "sv_visiblemaxplayers") (value "-1")
L 01/25/2026 - 12:20:17: [chat-processor.smx] Message formats generated for game 'left4dead2'.
L 01/25/2026 - 12:20:17: [chat-processor.smx] Successfully hooked a SayText2 chat hook.
L 01/25/2026 - 12:23:58: -------- Mapchange to c2m5_concert --------
L 01/25/2026 - 12:24:01: [basecommands.smx] "Console<0><Console><Console>" changed cvar (cvar "sv_consistency") (value "0")
L 01/25/2026 - 12:24:01: [basecommands.smx] "Console<0><Console><Console>" changed cvar (cvar "sv_allow_lobby_connect_only") (value "0")
L 01/25/2026 - 12:24:01: [basecommands.smx] "Console<0><Console><Console>" changed cvar (cvar "sv_maxplayers") (value "8")
L 01/25/2026 - 12:24:01: [basecommands.smx] "Console<0><Console><Console>" changed cvar (cvar "sv_visiblemaxplayers") (value "-1")
L 01/25/2026 - 12:24:02: [chat-processor.smx] Message formats generated for game 'left4dead2'.
L 01/25/2026 - 12:24:02: [chat-processor.smx] Successfully hooked a SayText2 chat hook.
L 01/25/2026 - 12:25:17: [l4d_sm_respawn.smx] "[T-T]MoY<2><STEAM_1:0:511491787><>" teleported "[T-T]MoY<2><STEAM_1:0:511491787><>" after respawning him
L 01/25/2026 - 12:25:17: [l4d_sm_respawn.smx] "[T-T]MoY<2><STEAM_1:0:511491787><>" teleported "SR. [ K o N G ]<9><STEAM_1:0:646277278><>" after respawning him
L 01/25/2026 - 12:25:17: [l4d_sm_respawn.smx] "[T-T]MoY<2><STEAM_1:0:511491787><>" teleported "Gahtitw<126><STEAM_1:1:182960800><>" after respawning him
L 01/25/2026 - 12:25:34: [l4d_sm_respawn.smx] "[T-T]MoY<2><STEAM_1:0:511491787><>" teleported "Luger<194><STEAM_1:1:524848444><>" after respawning him
L 01/25/2026 - 12:26:51: [l4d_sm_respawn.smx] "[T-T]MoY<2><STEAM_1:0:511491787><>" teleported "RICK<207><STEAM_1:0:838584537><>" after respawning him
L 01/25/2026 - 12:26:52: [l4d_sm_respawn.smx] "[T-T]MoY<2><STEAM_1:0:511491787><>" teleported "Luger<194><STEAM_1:1:524848444><>" after respawning him
L 01/25/2026 - 12:29:28: [l4d_sm_respawn.smx] "[T-T]MoY<2><STEAM_1:0:511491787><>" teleported "Gahtitw<126><STEAM_1:1:182960800><>" after respawning him
L 01/25/2026 - 12:30:33: [l4d_sm_respawn.smx] "[T-T]MoY<2><STEAM_1:0:511491787><>" teleported "Gahtitw<126><STEAM_1:1:182960800><>" after respawning him
L 01/25/2026 - 12:30:39: [l4d_sm_respawn.smx] "[T-T]MoY<2><STEAM_1:0:511491787><>" teleported "SR. [ K o N G ]<9><STEAM_1:0:646277278><>" after respawning him
L 01/25/2026 - 12:31:22: [l4d_sm_respawn.smx] "[T-T]MoY<2><STEAM_1:0:511491787><>" teleported "SR. [ K o N G ]<9><STEAM_1:0:646277278><>" after respawning him
L 01/25/2026 - 12:31:42: [l4d_sm_respawn.smx] "[T-T]MoY<2><STEAM_1:0:511491787><>" teleported "SR. [ K o N G ]<9><STEAM_1:0:646277278><>" after respawning him
L 01/25/2026 - 12:32:02: [l4d_sm_respawn.smx] "[T-T]MoY<2><STEAM_1:0:511491787><>" teleported "Lord_Airbag<121><STEAM_1:0:734532731><>" after respawning him
L 01/25/2026 - 12:32:07: [l4d_sm_respawn.smx] "[T-T]MoY<2><STEAM_1:0:511491787><>" teleported "Luger<194><STEAM_1:1:524848444><>" after respawning him
L 01/25/2026 - 12:32:23: [l4d_sm_respawn.smx] "[T-T]MoY<2><STEAM_1:0:511491787><>" teleported "SR. [ K o N G ]<9><STEAM_1:0:646277278><>" after respawning him
L 01/25/2026 - 12:33:13: [basecommands.smx] "[T-T]MoY<2><STEAM_1:0:511491787><>" changed map to "c5m1_waterfront"
L 01/25/2026 - 12:33:16: [SM] Changed map to "c5m1_waterfront"
L 01/25/2026 - 12:33:18: -------- Mapchange to c5m1_waterfront --------
L 01/25/2026 - 12:33:21: [basecommands.smx] "Console<0><Console><Console>" changed cvar (cvar "sv_consistency") (value "0")
L 01/25/2026 - 12:33:21: [basecommands.smx] "Console<0><Console><Console>" changed cvar (cvar "sv_allow_lobby_connect_only") (value "0")
L 01/25/2026 - 12:33:21: [basecommands.smx] "Console<0><Console><Console>" changed cvar (cvar "sv_maxplayers") (value "8")
L 01/25/2026 - 12:33:21: [basecommands.smx] "Console<0><Console><Console>" changed cvar (cvar "sv_visiblemaxplayers") (value "-1")
L 01/25/2026 - 12:33:22: [chat-processor.smx] Message formats generated for game 'left4dead2'.
L 01/25/2026 - 12:33:22: [chat-processor.smx] Successfully hooked a SayText2 chat hook.
L 01/25/2026 - 12:36:27: -------- Mapchange to c5m2_park --------
L 01/25/2026 - 12:36:30: [basecommands.smx] "Console<0><Console><Console>" changed cvar (cvar "sv_consistency") (value "0")
L 01/25/2026 - 12:36:30: [basecommands.smx] "Console<0><Console><Console>" changed cvar (cvar "sv_allow_lobby_connect_only") (value "0")
L 01/25/2026 - 12:36:30: [basecommands.smx] "Console<0><Console><Console>" changed cvar (cvar "sv_maxplayers") (value "8")
L 01/25/2026 - 12:36:30: [basecommands.smx] "Console<0><Console><Console>" changed cvar (cvar "sv_visiblemaxplayers") (value "-1")
L 01/25/2026 - 12:36:30: [chat-processor.smx] Message formats generated for game 'left4dead2'.
L 01/25/2026 - 12:36:30: [chat-processor.smx] Successfully hooked a SayText2 chat hook.
L 01/25/2026 - 12:41:28: -------- Mapchange to c5m3_cemetery --------
L 01/25/2026 - 12:41:31: [basecommands.smx] "Console<0><Console><Console>" changed cvar (cvar "sv_consistency") (value "0")
L 01/25/2026 - 12:41:31: [basecommands.smx] "Console<0><Console><Console>" changed cvar (cvar "sv_allow_lobby_connect_only") (value "0")
L 01/25/2026 - 12:41:31: [basecommands.smx] "Console<0><Console><Console>" changed cvar (cvar "sv_maxplayers") (value "8")
L 01/25/2026 - 12:41:31: [basecommands.smx] "Console<0><Console><Console>" changed cvar (cvar "sv_visiblemaxplayers") (value "-1")
L 01/25/2026 - 12:41:31: [chat-processor.smx] Message formats generated for game 'left4dead2'.
L 01/25/2026 - 12:41:31: [chat-processor.smx] Successfully hooked a SayText2 chat hook.
L 01/25/2026 - 12:44:52: [basevotes.smx] "[T-T]MoY<2><STEAM_1:0:511491787><>" initiated a generic vote (question "expulsar a elias" / answers "Yes" "No").
L 01/25/2026 - 12:45:13: [basevotes.smx] Vote successful. (Received "50" of 4 votes)
L 01/25/2026 - 12:45:13: [basevotes.smx] The answer to expulsar a elias is: Yes.
L 01/25/2026 - 12:45:33: [basevotes.smx] "[T-T]MoY<2><STEAM_1:0:511491787><>" initiated a generic vote (question "sela creyeron" / answers "Yes" "No").
L 01/25/2026 - 12:45:54: [basevotes.smx] Vote successful. (Received "50" of 2 votes)
L 01/25/2026 - 12:45:54: [basevotes.smx] The answer to sela creyeron is: Yes.
L 01/25/2026 - 12:48:18: [l4d_sm_respawn.smx] "[T-T]MoY<2><STEAM_1:0:511491787><>" teleported "Luger<194><STEAM_1:1:524848444><>" after respawning him
L 01/25/2026 - 12:48:19: [l4d_sm_respawn.smx] "[T-T]MoY<2><STEAM_1:0:511491787><>" teleported "Gahtitw<126><STEAM_1:1:182960800><>" after respawning him
L 01/25/2026 - 12:52:29: -------- Mapchange to c5m4_quarter --------
L 01/25/2026 - 12:52:32: [basecommands.smx] "Console<0><Console><Console>" changed cvar (cvar "sv_consistency") (value "0")
L 01/25/2026 - 12:52:32: [basecommands.smx] "Console<0><Console><Console>" changed cvar (cvar "sv_allow_lobby_connect_only") (value "0")
L 01/25/2026 - 12:52:32: [basecommands.smx] "Console<0><Console><Console>" changed cvar (cvar "sv_maxplayers") (value "8")
L 01/25/2026 - 12:52:32: [basecommands.smx] "Console<0><Console><Console>" changed cvar (cvar "sv_visiblemaxplayers") (value "-1")
L 01/25/2026 - 12:52:32: [chat-processor.smx] Message formats generated for game 'left4dead2'.
L 01/25/2026 - 12:52:32: [chat-processor.smx] Successfully hooked a SayText2 chat hook.
L 01/25/2026 - 13:03:49: -------- Mapchange to c5m5_bridge --------
L 01/25/2026 - 13:03:53: [basecommands.smx] "Console<0><Console><Console>" changed cvar (cvar "sv_consistency") (value "0")
L 01/25/2026 - 13:03:53: [basecommands.smx] "Console<0><Console><Console>" changed cvar (cvar "sv_allow_lobby_connect_only") (value "0")
L 01/25/2026 - 13:03:53: [basecommands.smx] "Console<0><Console><Console>" changed cvar (cvar "sv_maxplayers") (value "8")
L 01/25/2026 - 13:03:53: [basecommands.smx] "Console<0><Console><Console>" changed cvar (cvar "sv_visiblemaxplayers") (value "-1")
L 01/25/2026 - 13:03:54: [chat-processor.smx] Message formats generated for game 'left4dead2'.
L 01/25/2026 - 13:03:54: [chat-processor.smx] Successfully hooked a SayText2 chat hook.
L 01/25/2026 - 13:05:00: [playercommands.smx] "[T-T]MoY<2><STEAM_1:0:511491787><>" slayed "Gian :D<348><STEAM_1:1:519410811><>"
L 01/25/2026 - 13:05:06: [l4d_sm_respawn.smx] "[T-T]MoY<2><STEAM_1:0:511491787><>" teleported "[T-T]MoY<2><STEAM_1:0:511491787><>" after respawning him
L 01/25/2026 - 13:08:39: Log file closed.
L 01/25/2026 - 15:48:03: SourceMod log file session started (file "d:\steamlibrary\steamapps\common\left 4 dead 2\left4dead2\addons\sourcemod\logs\L20260125.log") (Version "1.12.0.7207")
L 01/25/2026 - 15:48:03: [GEOIP] GeoIP2 database loaded: GeoLite2-ASN (2024-08-21 08:15:21 UTC) (d:\steamlibrary\steamapps\common\left 4 dead 2\left4dead2\addons\sourcemod\configs\geoip\GeoLite2-ASN.mmdb)
L 01/25/2026 - 15:48:03: [GEOIP] GeoIP2 supported languages: en
L 01/25/2026 - 15:48:03: [GEOIP] Your database is older than 90 days. You should consider downloading a newer version from e.g. https://dev.maxmind.com/geoip/geolite2-free-geolocation-data
L 01/25/2026 - 15:48:12: [basecommands.smx] "Console<0><Console><Console>" changed cvar (cvar "sv_consistency") (value "0")
L 01/25/2026 - 15:48:12: [basecommands.smx] "Console<0><Console><Console>" changed cvar (cvar "sv_allow_lobby_connect_only") (value "0")
L 01/25/2026 - 15:48:12: [basecommands.smx] "Console<0><Console><Console>" changed cvar (cvar "sv_maxplayers") (value "8")
L 01/25/2026 - 15:48:12: [basecommands.smx] "Console<0><Console><Console>" changed cvar (cvar "sv_visiblemaxplayers") (value "-1")
L 01/25/2026 - 15:48:12: [chat-processor.smx] Message formats generated for game 'left4dead2'.
L 01/25/2026 - 15:48:12: [chat-processor.smx] Successfully hooked a SayText2 chat hook.
L 01/25/2026 - 15:48:49: [basecommands.smx] "[T-T]MoY<2><STEAM_1:0:511491787><>" changed cvar (cvar "sv_gravity") (value "200")
L 01/25/2026 - 16:00:02: -------- Mapchange to c7m2_barge --------
L 01/25/2026 - 16:00:05: [basecommands.smx] "Console<0><Console><Console>" changed cvar (cvar "sv_consistency") (value "0")
L 01/25/2026 - 16:00:05: [basecommands.smx] "Console<0><Console><Console>" changed cvar (cvar "sv_allow_lobby_connect_only") (value "0")
L 01/25/2026 - 16:00:05: [basecommands.smx] "Console<0><Console><Console>" changed cvar (cvar "sv_maxplayers") (value "8")
L 01/25/2026 - 16:00:05: [basecommands.smx] "Console<0><Console><Console>" changed cvar (cvar "sv_visiblemaxplayers") (value "-1")
L 01/25/2026 - 16:00:06: [chat-processor.smx] Message formats generated for game 'left4dead2'.
L 01/25/2026 - 16:00:06: [chat-processor.smx] Successfully hooked a SayText2 chat hook.
L 01/25/2026 - 16:05:10: -------- Mapchange to c7m3_port --------
L 01/25/2026 - 16:05:13: [basecommands.smx] "Console<0><Console><Console>" changed cvar (cvar "sv_consistency") (value "0")
L 01/25/2026 - 16:05:13: [basecommands.smx] "Console<0><Console><Console>" changed cvar (cvar "sv_allow_lobby_connect_only") (value "0")
L 01/25/2026 - 16:05:13: [basecommands.smx] "Console<0><Console><Console>" changed cvar (cvar "sv_maxplayers") (value "8")
L 01/25/2026 - 16:05:13: [basecommands.smx] "Console<0><Console><Console>" changed cvar (cvar "sv_visiblemaxplayers") (value "-1")
L 01/25/2026 - 16:05:13: [chat-processor.smx] Message formats generated for game 'left4dead2'.
L 01/25/2026 - 16:05:13: [chat-processor.smx] Successfully hooked a SayText2 chat hook.
L 01/25/2026 - 16:10:32: [l4d_sm_respawn.smx] "[T-T]MoY<2><STEAM_1:0:511491787><>" teleported "JERRY SAN<8><STEAM_1:0:515399578><>" after respawning him
L 01/25/2026 - 16:10:32: [l4d_sm_respawn.smx] "[T-T]MoY<2><STEAM_1:0:511491787><>" teleported "Pakyn<74><STEAM_1:0:160203023><>" after respawning him
L 01/25/2026 - 16:13:54: [l4d_sm_respawn.smx] "[T-T]MoY<2><STEAM_1:0:511491787><>" teleported "JERRY SAN<8><STEAM_1:0:515399578><>" after respawning him
L 01/25/2026 - 16:14:47: [l4d_sm_respawn.smx] "[T-T]MoY<2><STEAM_1:0:511491787><>" teleported "Mapu06<90><STEAM_1:0:566315152><>" after respawning him
L 01/25/2026 - 16:14:58: [l4d_sm_respawn.smx] "[T-T]MoY<2><STEAM_1:0:511491787><>" teleported "Pakyn<74><STEAM_1:0:160203023><>" after respawning him
L 01/25/2026 - 16:16:15: [basecommands.smx] "[T-T]MoY<2><STEAM_1:0:511491787><>" changed map to "c1m1_hotel"
L 01/25/2026 - 16:16:18: [SM] Changed map to "c1m1_hotel"
L 01/25/2026 - 16:16:20: -------- Mapchange to c1m1_hotel --------
L 01/25/2026 - 16:16:24: [basecommands.smx] "Console<0><Console><Console>" changed cvar (cvar "sv_consistency") (value "0")
L 01/25/2026 - 16:16:24: [basecommands.smx] "Console<0><Console><Console>" changed cvar (cvar "sv_allow_lobby_connect_only") (value "0")
L 01/25/2026 - 16:16:24: [basecommands.smx] "Console<0><Console><Console>" changed cvar (cvar "sv_maxplayers") (value "8")
L 01/25/2026 - 16:16:24: [basecommands.smx] "Console<0><Console><Console>" changed cvar (cvar "sv_visiblemaxplayers") (value "-1")
L 01/25/2026 - 16:16:24: [chat-processor.smx] Message formats generated for game 'left4dead2'.
L 01/25/2026 - 16:16:24: [chat-processor.smx] Successfully hooked a SayText2 chat hook.
L 01/25/2026 - 16:20:02: -------- Mapchange to c1m2_streets --------
L 01/25/2026 - 16:20:06: [basecommands.smx] "Console<0><Console><Console>" changed cvar (cvar "sv_consistency") (value "0")
L 01/25/2026 - 16:20:06: [basecommands.smx] "Console<0><Console><Console>" changed cvar (cvar "sv_allow_lobby_connect_only") (value "0")
L 01/25/2026 - 16:20:06: [basecommands.smx] "Console<0><Console><Console>" changed cvar (cvar "sv_maxplayers") (value "8")
L 01/25/2026 - 16:20:06: [basecommands.smx] "Console<0><Console><Console>" changed cvar (cvar "sv_visiblemaxplayers") (value "-1")
L 01/25/2026 - 16:20:06: [chat-processor.smx] Message formats generated for game 'left4dead2'.
L 01/25/2026 - 16:20:06: [chat-processor.smx] Successfully hooked a SayText2 chat hook.
L 01/25/2026 - 16:25:58: -------- Mapchange to c1m3_mall --------
L 01/25/2026 - 16:26:01: [basecommands.smx] "Console<0><Console><Console>" changed cvar (cvar "sv_consistency") (value "0")
L 01/25/2026 - 16:26:01: [basecommands.smx] "Console<0><Console><Console>" changed cvar (cvar "sv_allow_lobby_connect_only") (value "0")
L 01/25/2026 - 16:26:01: [basecommands.smx] "Console<0><Console><Console>" changed cvar (cvar "sv_maxplayers") (value "8")
L 01/25/2026 - 16:26:01: [basecommands.smx] "Console<0><Console><Console>" changed cvar (cvar "sv_visiblemaxplayers") (value "-1")
L 01/25/2026 - 16:26:02: [chat-processor.smx] Message formats generated for game 'left4dead2'.
L 01/25/2026 - 16:26:02: [chat-processor.smx] Successfully hooked a SayText2 chat hook.
L 01/25/2026 - 16:39:28: [l4d_sm_respawn.smx] "[T-T]MoY<2><STEAM_1:0:511491787><>" teleported "[T-T]MoY<2><STEAM_1:0:511491787><>" after respawning him
L 01/25/2026 - 16:39:28: [l4d_sm_respawn.smx] "[T-T]MoY<2><STEAM_1:0:511491787><>" teleported "KaruroSan4<71><STEAM_1:1:459600706><>" after respawning him
L 01/25/2026 - 16:39:29: [l4d_sm_respawn.smx] "[T-T]MoY<2><STEAM_1:0:511491787><>" teleported "♱Le4an47♱<187><STEAM_1:1:609131032><>" after respawning him
L 01/25/2026 - 16:39:29: [l4d_sm_respawn.smx] "[T-T]MoY<2><STEAM_1:0:511491787><>" teleported "JERRY SAN<8><STEAM_1:0:515399578><>" after respawning him
L 01/25/2026 - 16:39:29: [l4d_sm_respawn.smx] "[T-T]MoY<2><STEAM_1:0:511491787><>" teleported "MAO<120><STEAM_1:1:413654557><>" after respawning him
L 01/25/2026 - 16:39:29: [l4d_sm_respawn.smx] "[T-T]MoY<2><STEAM_1:0:511491787><>" teleported "BRCA<23><STEAM_1:0:170592827><>" after respawning him
L 01/25/2026 - 16:40:52: -------- Mapchange to c1m4_atrium --------
L 01/25/2026 - 16:40:56: [basecommands.smx] "Console<0><Console><Console>" changed cvar (cvar "sv_consistency") (value "0")
L 01/25/2026 - 16:40:56: [basecommands.smx] "Console<0><Console><Console>" changed cvar (cvar "sv_allow_lobby_connect_only") (value "0")
L 01/25/2026 - 16:40:56: [basecommands.smx] "Console<0><Console><Console>" changed cvar (cvar "sv_maxplayers") (value "8")
L 01/25/2026 - 16:40:56: [basecommands.smx] "Console<0><Console><Console>" changed cvar (cvar "sv_visiblemaxplayers") (value "-1")
L 01/25/2026 - 16:40:56: [chat-processor.smx] Message formats generated for game 'left4dead2'.
L 01/25/2026 - 16:40:56: [chat-processor.smx] Successfully hooked a SayText2 chat hook.
L 01/25/2026 - 16:42:27: [l4d_sm_respawn.smx] "[T-T]MoY<2><STEAM_1:0:511491787><>" teleported "KaruroSan4<71><STEAM_1:1:459600706><>" after respawning him
L 01/25/2026 - 16:42:28: [l4d_sm_respawn.smx] "[T-T]MoY<2><STEAM_1:0:511491787><>" teleported "karlitos<135><STEAM_1:1:76783681><>" after respawning him
L 01/25/2026 - 16:45:16: [l4d_sm_respawn.smx] "[T-T]MoY<2><STEAM_1:0:511491787><>" teleported "ositonogominola<200><STEAM_1:1:404812432><>" after respawning him
L 01/25/2026 - 16:45:17: [l4d_sm_respawn.smx] "[T-T]MoY<2><STEAM_1:0:511491787><>" teleported "karlitos<135><STEAM_1:1:76783681><>" after respawning him
L 01/25/2026 - 16:47:53: [basecommands.smx] "[T-T]MoY<2><STEAM_1:0:511491787><>" changed map to "c2m1_highway"
L 01/25/2026 - 16:47:56: [SM] Changed map to "c2m1_highway"
L 01/25/2026 - 16:47:58: -------- Mapchange to c2m1_highway --------
L 01/25/2026 - 16:48:01: [basecommands.smx] "Console<0><Console><Console>" changed cvar (cvar "sv_consistency") (value "0")
L 01/25/2026 - 16:48:01: [basecommands.smx] "Console<0><Console><Console>" changed cvar (cvar "sv_allow_lobby_connect_only") (value "0")
L 01/25/2026 - 16:48:01: [basecommands.smx] "Console<0><Console><Console>" changed cvar (cvar "sv_maxplayers") (value "8")
L 01/25/2026 - 16:48:01: [basecommands.smx] "Console<0><Console><Console>" changed cvar (cvar "sv_visiblemaxplayers") (value "-1")
L 01/25/2026 - 16:48:01: [chat-processor.smx] Message formats generated for game 'left4dead2'.
L 01/25/2026 - 16:48:01: [chat-processor.smx] Successfully hooked a SayText2 chat hook.
L 01/25/2026 - 16:51:08: -------- Mapchange to c2m2_fairgrounds --------
L 01/25/2026 - 16:51:11: [basecommands.smx] "Console<0><Console><Console>" changed cvar (cvar "sv_consistency") (value "0")
L 01/25/2026 - 16:51:11: [basecommands.smx] "Console<0><Console><Console>" changed cvar (cvar "sv_allow_lobby_connect_only") (value "0")
L 01/25/2026 - 16:51:11: [basecommands.smx] "Console<0><Console><Console>" changed cvar (cvar "sv_maxplayers") (value "8")
L 01/25/2026 - 16:51:11: [basecommands.smx] "Console<0><Console><Console>" changed cvar (cvar "sv_visiblemaxplayers") (value "-1")
L 01/25/2026 - 16:51:12: [chat-processor.smx] Message formats generated for game 'left4dead2'.
L 01/25/2026 - 16:51:12: [chat-processor.smx] Successfully hooked a SayText2 chat hook.
L 01/25/2026 - 16:54:08: [basevotes.smx] "[T-T]MoY<2><STEAM_1:0:511491787><>" initiated a generic vote (question "soy malo con el kid muteanlo el micro ?" / answers "si mutealo" "no").
L 01/25/2026 - 16:54:28: [basevotes.smx] Vote successful. (Received "75" of 4 votes)
L 01/25/2026 - 16:54:28: [basevotes.smx] The answer to soy malo con el kid muteanlo el micro ? is: si mutealo.
L 01/25/2026 - 16:55:06: -------- Mapchange to c2m3_coaster --------
L 01/25/2026 - 16:55:09: [basecommands.smx] "Console<0><Console><Console>" changed cvar (cvar "sv_consistency") (value "0")
L 01/25/2026 - 16:55:09: [basecommands.smx] "Console<0><Console><Console>" changed cvar (cvar "sv_allow_lobby_connect_only") (value "0")
L 01/25/2026 - 16:55:09: [basecommands.smx] "Console<0><Console><Console>" changed cvar (cvar "sv_maxplayers") (value "8")
L 01/25/2026 - 16:55:09: [basecommands.smx] "Console<0><Console><Console>" changed cvar (cvar "sv_visiblemaxplayers") (value "-1")
L 01/25/2026 - 16:55:09: [chat-processor.smx] Message formats generated for game 'left4dead2'.
L 01/25/2026 - 16:55:09: [chat-processor.smx] Successfully hooked a SayText2 chat hook.
L 01/25/2026 - 16:55:44: [basecomm.smx] "[T-T]MoY<2><STEAM_1:0:511491787><>" silenced "karlitos<135><STEAM_1:1:76783681><>"
L 01/25/2026 - 17:00:38: -------- Mapchange to c2m4_barns --------
L 01/25/2026 - 17:00:41: [basecommands.smx] "Console<0><Console><Console>" changed cvar (cvar "sv_consistency") (value "0")
L 01/25/2026 - 17:00:41: [basecommands.smx] "Console<0><Console><Console>" changed cvar (cvar "sv_allow_lobby_connect_only") (value "0")
L 01/25/2026 - 17:00:41: [basecommands.smx] "Console<0><Console><Console>" changed cvar (cvar "sv_maxplayers") (value "8")
L 01/25/2026 - 17:00:41: [basecommands.smx] "Console<0><Console><Console>" changed cvar (cvar "sv_visiblemaxplayers") (value "-1")
L 01/25/2026 - 17:00:41: [chat-processor.smx] Message formats generated for game 'left4dead2'.
L 01/25/2026 - 17:00:41: [chat-processor.smx] Successfully hooked a SayText2 chat hook.
L 01/25/2026 - 17:04:24: -------- Mapchange to c2m5_concert --------
L 01/25/2026 - 17:04:27: [basecommands.smx] "Console<0><Console><Console>" changed cvar (cvar "sv_consistency") (value "0")
L 01/25/2026 - 17:04:27: [basecommands.smx] "Console<0><Console><Console>" changed cvar (cvar "sv_allow_lobby_connect_only") (value "0")
L 01/25/2026 - 17:04:27: [basecommands.smx] "Console<0><Console><Console>" changed cvar (cvar "sv_maxplayers") (value "8")
L 01/25/2026 - 17:04:27: [basecommands.smx] "Console<0><Console><Console>" changed cvar (cvar "sv_visiblemaxplayers") (value "-1")
L 01/25/2026 - 17:04:27: [chat-processor.smx] Message formats generated for game 'left4dead2'.
L 01/25/2026 - 17:04:27: [chat-processor.smx] Successfully hooked a SayText2 chat hook.
L 01/25/2026 - 17:05:34: [l4d_sm_respawn.smx] "[T-T]MoY<2><STEAM_1:0:511491787><>" teleported "Striker_483<265><STEAM_1:0:958954906><>" after respawning him
L 01/25/2026 - 17:05:34: [l4d_sm_respawn.smx] "[T-T]MoY<2><STEAM_1:0:511491787><>" teleported "JERRY SAN<8><STEAM_1:0:515399578><>" after respawning him
L 01/25/2026 - 17:05:34: [l4d_sm_respawn.smx] "[T-T]MoY<2><STEAM_1:0:511491787><>" teleported "BRCA<23><STEAM_1:0:170592827><>" after respawning him
L 01/25/2026 - 17:05:43: [l4d_sm_respawn.smx] "[T-T]MoY<2><STEAM_1:0:511491787><>" teleported "♱Le4an47♱<187><STEAM_1:1:609131032><>" after respawning him
L 01/25/2026 - 17:05:48: [l4d_sm_respawn.smx] "[T-T]MoY<2><STEAM_1:0:511491787><>" teleported "karlitos<135><STEAM_1:1:76783681><>" after respawning him
L 01/25/2026 - 17:08:40: [l4d_sm_respawn.smx] "[T-T]MoY<2><STEAM_1:0:511491787><>" teleported "Striker_483<265><STEAM_1:0:958954906><>" after respawning him
L 01/25/2026 - 17:08:40: [l4d_sm_respawn.smx] "[T-T]MoY<2><STEAM_1:0:511491787><>" teleported "♱Le4an47♱<187><STEAM_1:1:609131032><>" after respawning him
L 01/25/2026 - 17:08:40: [l4d_sm_respawn.smx] "[T-T]MoY<2><STEAM_1:0:511491787><>" teleported "BRCA<23><STEAM_1:0:170592827><>" after respawning him
L 01/25/2026 - 17:08:40: [l4d_sm_respawn.smx] "[T-T]MoY<2><STEAM_1:0:511491787><>" teleported "karlitos<135><STEAM_1:1:76783681><>" after respawning him
L 01/25/2026 - 17:08:54: [l4d_sm_respawn.smx] "[T-T]MoY<2><STEAM_1:0:511491787><>" teleported "JERRY SAN<8><STEAM_1:0:515399578><>" after respawning him
L 01/25/2026 - 17:09:38: [l4d_sm_respawn.smx] "[T-T]MoY<2><STEAM_1:0:511491787><>" teleported "Striker_483<265><STEAM_1:0:958954906><>" after respawning him
L 01/25/2026 - 17:09:38: [l4d_sm_respawn.smx] "[T-T]MoY<2><STEAM_1:0:511491787><>" teleported "motocarlos809<315><STEAM_1:1:921628218><>" after respawning him
L 01/25/2026 - 17:10:03: [l4d_sm_respawn.smx] "[T-T]MoY<2><STEAM_1:0:511491787><>" teleported "♱Le4an47♱<187><STEAM_1:1:609131032><>" after respawning him
L 01/25/2026 - 17:10:03: [l4d_sm_respawn.smx] "[T-T]MoY<2><STEAM_1:0:511491787><>" teleported "JERRY SAN<8><STEAM_1:0:515399578><>" after respawning him
L 01/25/2026 - 17:10:30: [l4d_sm_respawn.smx] "[T-T]MoY<2><STEAM_1:0:511491787><>" teleported "Striker_483<265><STEAM_1:0:958954906><>" after respawning him
L 01/25/2026 - 17:11:22: [l4d_sm_respawn.smx] "[T-T]MoY<2><STEAM_1:0:511491787><>" teleported "karlitos<135><STEAM_1:1:76783681><>" after respawning him
L 01/25/2026 - 17:11:53: [l4d_sm_respawn.smx] "[T-T]MoY<2><STEAM_1:0:511491787><>" teleported "motocarlos809<315><STEAM_1:1:921628218><>" after respawning him
L 01/25/2026 - 17:12:45: [basevotes.smx] "[T-T]MoY<2><STEAM_1:0:511491787><>" initiated a generic vote (question "quieres adelantar al mapa del diluvio ?" / answers "Yes" "No").
L 01/25/2026 - 17:13:05: [basevotes.smx] Vote successful. (Received "100" of 3 votes)
L 01/25/2026 - 17:13:05: [basevotes.smx] The answer to quieres adelantar al mapa del diluvio ? is: Yes.
L 01/25/2026 - 17:13:08: [basecommands.smx] "[T-T]MoY<2><STEAM_1:0:511491787><>" changed map to "c4m1_milltown_a"
L 01/25/2026 - 17:13:11: [SM] Changed map to "c4m1_milltown_a"
L 01/25/2026 - 17:13:13: -------- Mapchange to c4m1_milltown_a --------
L 01/25/2026 - 17:13:17: [basecommands.smx] "Console<0><Console><Console>" changed cvar (cvar "sv_consistency") (value "0")
L 01/25/2026 - 17:13:17: [basecommands.smx] "Console<0><Console><Console>" changed cvar (cvar "sv_allow_lobby_connect_only") (value "0")
L 01/25/2026 - 17:13:17: [basecommands.smx] "Console<0><Console><Console>" changed cvar (cvar "sv_maxplayers") (value "8")
L 01/25/2026 - 17:13:17: [basecommands.smx] "Console<0><Console><Console>" changed cvar (cvar "sv_visiblemaxplayers") (value "-1")
L 01/25/2026 - 17:13:17: [chat-processor.smx] Message formats generated for game 'left4dead2'.
L 01/25/2026 - 17:13:17: [chat-processor.smx] Successfully hooked a SayText2 chat hook.
L 01/25/2026 - 17:14:32: [playercommands.smx] "[T-T]MoY<2><STEAM_1:0:511491787><>" slayed "JERRY SAN<8><STEAM_1:0:515399578><>"
L 01/25/2026 - 17:14:35: [l4d_sm_respawn.smx] "[T-T]MoY<2><STEAM_1:0:511491787><>" teleported "JERRY SAN<8><STEAM_1:0:515399578><>" after respawning him
L 01/25/2026 - 17:15:24: [basecomm.smx] "[T-T]MoY<2><STEAM_1:0:511491787><>" unmuted "karlitos<135><STEAM_1:1:76783681><>"
L 01/25/2026 - 17:18:05: -------- Mapchange to c4m2_sugarmill_a --------
L 01/25/2026 - 17:18:08: [basecommands.smx] "Console<0><Console><Console>" changed cvar (cvar "sv_consistency") (value "0")
L 01/25/2026 - 17:18:08: [basecommands.smx] "Console<0><Console><Console>" changed cvar (cvar "sv_allow_lobby_connect_only") (value "0")
L 01/25/2026 - 17:18:08: [basecommands.smx] "Console<0><Console><Console>" changed cvar (cvar "sv_maxplayers") (value "8")
L 01/25/2026 - 17:18:08: [basecommands.smx] "Console<0><Console><Console>" changed cvar (cvar "sv_visiblemaxplayers") (value "-1")
L 01/25/2026 - 17:18:09: [chat-processor.smx] Message formats generated for game 'left4dead2'.
L 01/25/2026 - 17:18:09: [chat-processor.smx] Successfully hooked a SayText2 chat hook.
L 01/25/2026 - 17:23:02: -------- Mapchange to c4m3_sugarmill_b --------
L 01/25/2026 - 17:23:05: [basecommands.smx] "Console<0><Console><Console>" changed cvar (cvar "sv_consistency") (value "0")
L 01/25/2026 - 17:23:05: [basecommands.smx] "Console<0><Console><Console>" changed cvar (cvar "sv_allow_lobby_connect_only") (value "0")
L 01/25/2026 - 17:23:05: [basecommands.smx] "Console<0><Console><Console>" changed cvar (cvar "sv_maxplayers") (value "8")
L 01/25/2026 - 17:23:05: [basecommands.smx] "Console<0><Console><Console>" changed cvar (cvar "sv_visiblemaxplayers") (value "-1")
L 01/25/2026 - 17:23:06: [chat-processor.smx] Message formats generated for game 'left4dead2'.
L 01/25/2026 - 17:23:06: [chat-processor.smx] Successfully hooked a SayText2 chat hook.
L 01/25/2026 - 17:27:29: -------- Mapchange to c4m4_milltown_b --------
L 01/25/2026 - 17:27:32: [basecommands.smx] "Console<0><Console><Console>" changed cvar (cvar "sv_consistency") (value "0")
L 01/25/2026 - 17:27:32: [basecommands.smx] "Console<0><Console><Console>" changed cvar (cvar "sv_allow_lobby_connect_only") (value "0")
L 01/25/2026 - 17:27:32: [basecommands.smx] "Console<0><Console><Console>" changed cvar (cvar "sv_maxplayers") (value "8")
L 01/25/2026 - 17:27:32: [basecommands.smx] "Console<0><Console><Console>" changed cvar (cvar "sv_visiblemaxplayers") (value "-1")
L 01/25/2026 - 17:27:32: [chat-processor.smx] Message formats generated for game 'left4dead2'.
L 01/25/2026 - 17:27:32: [chat-processor.smx] Successfully hooked a SayText2 chat hook.
L 01/25/2026 - 17:30:12: -------- Mapchange to c4m5_milltown_escape --------
L 01/25/2026 - 17:30:16: [basecommands.smx] "Console<0><Console><Console>" changed cvar (cvar "sv_consistency") (value "0")
L 01/25/2026 - 17:30:16: [basecommands.smx] "Console<0><Console><Console>" changed cvar (cvar "sv_allow_lobby_connect_only") (value "0")
L 01/25/2026 - 17:30:16: [basecommands.smx] "Console<0><Console><Console>" changed cvar (cvar "sv_maxplayers") (value "8")
L 01/25/2026 - 17:30:16: [basecommands.smx] "Console<0><Console><Console>" changed cvar (cvar "sv_visiblemaxplayers") (value "-1")
L 01/25/2026 - 17:30:16: [chat-processor.smx] Message formats generated for game 'left4dead2'.
L 01/25/2026 - 17:30:16: [chat-processor.smx] Successfully hooked a SayText2 chat hook.
L 01/25/2026 - 17:30:58: [basevotes.smx] "[T-T]MoY<2><STEAM_1:0:511491787><>" initiated a generic vote (question "quieres adelantar ala parroquia?" / answers "Yes" "No").
L 01/25/2026 - 17:31:18: [basevotes.smx] Vote successful. (Received "60" of 5 votes)
L 01/25/2026 - 17:31:18: [basevotes.smx] The answer to quieres adelantar ala parroquia? is: Yes.
L 01/25/2026 - 17:31:39: [basecommands.smx] "[T-T]MoY<2><STEAM_1:0:511491787><>" changed map to "c5m1_waterfront"
L 01/25/2026 - 17:31:42: [SM] Changed map to "c5m1_waterfront"
L 01/25/2026 - 17:31:44: -------- Mapchange to c5m1_waterfront --------
L 01/25/2026 - 17:31:47: [basecommands.smx] "Console<0><Console><Console>" changed cvar (cvar "sv_consistency") (value "0")
L 01/25/2026 - 17:31:47: [basecommands.smx] "Console<0><Console><Console>" changed cvar (cvar "sv_allow_lobby_connect_only") (value "0")
L 01/25/2026 - 17:31:47: [basecommands.smx] "Console<0><Console><Console>" changed cvar (cvar "sv_maxplayers") (value "8")
L 01/25/2026 - 17:31:47: [basecommands.smx] "Console<0><Console><Console>" changed cvar (cvar "sv_visiblemaxplayers") (value "-1")
L 01/25/2026 - 17:31:47: [chat-processor.smx] Message formats generated for game 'left4dead2'.
L 01/25/2026 - 17:31:47: [chat-processor.smx] Successfully hooked a SayText2 chat hook.
L 01/25/2026 - 17:34:11: -------- Mapchange to c5m2_park --------
L 01/25/2026 - 17:34:14: [basecommands.smx] "Console<0><Console><Console>" changed cvar (cvar "sv_consistency") (value "0")
L 01/25/2026 - 17:34:14: [basecommands.smx] "Console<0><Console><Console>" changed cvar (cvar "sv_allow_lobby_connect_only") (value "0")
L 01/25/2026 - 17:34:14: [basecommands.smx] "Console<0><Console><Console>" changed cvar (cvar "sv_maxplayers") (value "8")
L 01/25/2026 - 17:34:14: [basecommands.smx] "Console<0><Console><Console>" changed cvar (cvar "sv_visiblemaxplayers") (value "-1")
L 01/25/2026 - 17:34:14: [chat-processor.smx] Message formats generated for game 'left4dead2'.
L 01/25/2026 - 17:34:14: [chat-processor.smx] Successfully hooked a SayText2 chat hook.
L 01/25/2026 - 17:37:56: -------- Mapchange to c5m3_cemetery --------
L 01/25/2026 - 17:38:00: [basecommands.smx] "Console<0><Console><Console>" changed cvar (cvar "sv_consistency") (value "0")
L 01/25/2026 - 17:38:00: [basecommands.smx] "Console<0><Console><Console>" changed cvar (cvar "sv_allow_lobby_connect_only") (value "0")
L 01/25/2026 - 17:38:00: [basecommands.smx] "Console<0><Console><Console>" changed cvar (cvar "sv_maxplayers") (value "8")
L 01/25/2026 - 17:38:00: [basecommands.smx] "Console<0><Console><Console>" changed cvar (cvar "sv_visiblemaxplayers") (value "-1")
L 01/25/2026 - 17:38:00: [chat-processor.smx] Message formats generated for game 'left4dead2'.
L 01/25/2026 - 17:38:00: [chat-processor.smx] Successfully hooked a SayText2 chat hook.
L 01/25/2026 - 17:48:17: [basevotes.smx] "[T-T]MoY<2><STEAM_1:0:511491787><>" initiated a generic vote (question "encuesta: seria bueno integrar una tienda a base de matar tanks ?? en el server" / answers "Yes" "No").
L 01/25/2026 - 17:48:37: [basevotes.smx] Vote successful. (Received "100" of 3 votes)
L 01/25/2026 - 17:48:37: [basevotes.smx] The answer to encuesta: seria bueno integrar una tienda a base de matar tanks ?? en el server is: Yes.
L 01/25/2026 - 17:49:35: -------- Mapchange to c5m4_quarter --------
L 01/25/2026 - 17:49:39: [basecommands.smx] "Console<0><Console><Console>" changed cvar (cvar "sv_consistency") (value "0")
L 01/25/2026 - 17:49:39: [basecommands.smx] "Console<0><Console><Console>" changed cvar (cvar "sv_allow_lobby_connect_only") (value "0")
L 01/25/2026 - 17:49:39: [basecommands.smx] "Console<0><Console><Console>" changed cvar (cvar "sv_maxplayers") (value "8")
L 01/25/2026 - 17:49:39: [basecommands.smx] "Console<0><Console><Console>" changed cvar (cvar "sv_visiblemaxplayers") (value "-1")
L 01/25/2026 - 17:49:39: [chat-processor.smx] Message formats generated for game 'left4dead2'.
L 01/25/2026 - 17:49:39: [chat-processor.smx] Successfully hooked a SayText2 chat hook.
L 01/25/2026 - 17:56:17: -------- Mapchange to c5m5_bridge --------
L 01/25/2026 - 17:56:21: [basecommands.smx] "Console<0><Console><Console>" changed cvar (cvar "sv_consistency") (value "0")
L 01/25/2026 - 17:56:21: [basecommands.smx] "Console<0><Console><Console>" changed cvar (cvar "sv_allow_lobby_connect_only") (value "0")
L 01/25/2026 - 17:56:21: [basecommands.smx] "Console<0><Console><Console>" changed cvar (cvar "sv_maxplayers") (value "8")
L 01/25/2026 - 17:56:21: [basecommands.smx] "Console<0><Console><Console>" changed cvar (cvar "sv_visiblemaxplayers") (value "-1")
L 01/25/2026 - 17:56:22: [chat-processor.smx] Message formats generated for game 'left4dead2'.
L 01/25/2026 - 17:56:22: [chat-processor.smx] Successfully hooked a SayText2 chat hook.
L 01/25/2026 - 17:57:13: [l4d_sm_respawn.smx] "[T-T]MoY<2><STEAM_1:0:511491787><>" teleported "GosthMatryx<506><STEAM_1:0:112740357><>" after respawning him
L 01/25/2026 - 17:57:49: [playercommands.smx] "[T-T]MoY<2><STEAM_1:0:511491787><>" slayed "[T-T]MoY<2><STEAM_1:0:511491787><>"
L 01/25/2026 - 17:57:49: [playercommands.smx] "[T-T]MoY<2><STEAM_1:0:511491787><>" slayed "Nick<520><BOT><>"
L 01/25/2026 - 17:57:49: [playercommands.smx] "[T-T]MoY<2><STEAM_1:0:511491787><>" slayed "BART<417><STEAM_1:0:85226857><>"
L 01/25/2026 - 17:57:49: [playercommands.smx] "[T-T]MoY<2><STEAM_1:0:511491787><>" slayed "KaitoTsukuyomi<394><STEAM_1:0:237454452><>"
L 01/25/2026 - 17:57:49: [playercommands.smx] "[T-T]MoY<2><STEAM_1:0:511491787><>" slayed "JERRY SAN<8><STEAM_1:0:515399578><>"
L 01/25/2026 - 17:57:50: [playercommands.smx] "[T-T]MoY<2><STEAM_1:0:511491787><>" slayed "GosthMatryx<506><STEAM_1:0:112740357><>"
L 01/25/2026 - 17:57:50: [playercommands.smx] "[T-T]MoY<2><STEAM_1:0:511491787><>" slayed "BRCA<23><STEAM_1:0:170592827><>"
L 01/25/2026 - 17:57:50: [playercommands.smx] "[T-T]MoY<2><STEAM_1:0:511491787><>" slayed "Luger<351><STEAM_1:1:524848444><>"
L 01/25/2026 - 17:58:10: [l4d_sm_respawn.smx] "[T-T]MoY<2><STEAM_1:0:511491787><>" teleported "BART<417><STEAM_1:0:85226857><>" after respawning him
L 01/25/2026 - 18:01:40: [basecommands.smx] "[T-T]MoY<2><STEAM_1:0:511491787><>" changed map to "c13m1_alpinecreek"
L 01/25/2026 - 18:01:43: [SM] Changed map to "c13m1_alpinecreek"
L 01/25/2026 - 18:01:45: -------- Mapchange to c13m1_alpinecreek --------
L 01/25/2026 - 18:01:49: [basecommands.smx] "Console<0><Console><Console>" changed cvar (cvar "sv_consistency") (value "0")
L 01/25/2026 - 18:01:49: [basecommands.smx] "Console<0><Console><Console>" changed cvar (cvar "sv_allow_lobby_connect_only") (value "0")
L 01/25/2026 - 18:01:49: [basecommands.smx] "Console<0><Console><Console>" changed cvar (cvar "sv_maxplayers") (value "8")
L 01/25/2026 - 18:01:49: [basecommands.smx] "Console<0><Console><Console>" changed cvar (cvar "sv_visiblemaxplayers") (value "-1")
L 01/25/2026 - 18:01:49: [chat-processor.smx] Message formats generated for game 'left4dead2'.
L 01/25/2026 - 18:01:49: [chat-processor.smx] Successfully hooked a SayText2 chat hook.
L 01/25/2026 - 18:04:43: -------- Mapchange to c13m2_southpinestream --------
L 01/25/2026 - 18:04:47: [basecommands.smx] "Console<0><Console><Console>" changed cvar (cvar "sv_consistency") (value "0")
L 01/25/2026 - 18:04:47: [basecommands.smx] "Console<0><Console><Console>" changed cvar (cvar "sv_allow_lobby_connect_only") (value "0")
L 01/25/2026 - 18:04:47: [basecommands.smx] "Console<0><Console><Console>" changed cvar (cvar "sv_maxplayers") (value "8")
L 01/25/2026 - 18:04:47: [basecommands.smx] "Console<0><Console><Console>" changed cvar (cvar "sv_visiblemaxplayers") (value "-1")
L 01/25/2026 - 18:04:47: [chat-processor.smx] Message formats generated for game 'left4dead2'.
L 01/25/2026 - 18:04:47: [chat-processor.smx] Successfully hooked a SayText2 chat hook.
L 01/25/2026 - 18:08:21: -------- Mapchange to c13m3_memorialbridge --------
L 01/25/2026 - 18:08:25: [basecommands.smx] "Console<0><Console><Console>" changed cvar (cvar "sv_consistency") (value "0")
L 01/25/2026 - 18:08:25: [basecommands.smx] "Console<0><Console><Console>" changed cvar (cvar "sv_allow_lobby_connect_only") (value "0")
L 01/25/2026 - 18:08:25: [basecommands.smx] "Console<0><Console><Console>" changed cvar (cvar "sv_maxplayers") (value "8")
L 01/25/2026 - 18:08:25: [basecommands.smx] "Console<0><Console><Console>" changed cvar (cvar "sv_visiblemaxplayers") (value "-1")
L 01/25/2026 - 18:08:25: [chat-processor.smx] Message formats generated for game 'left4dead2'.
L 01/25/2026 - 18:08:25: [chat-processor.smx] Successfully hooked a SayText2 chat hook.
L 01/25/2026 - 18:12:14: -------- Mapchange to c13m4_cutthroatcreek --------
L 01/25/2026 - 18:12:18: [basecommands.smx] "Console<0><Console><Console>" changed cvar (cvar "sv_consistency") (value "0")
L 01/25/2026 - 18:12:18: [basecommands.smx] "Console<0><Console><Console>" changed cvar (cvar "sv_allow_lobby_connect_only") (value "0")
L 01/25/2026 - 18:12:18: [basecommands.smx] "Console<0><Console><Console>" changed cvar (cvar "sv_maxplayers") (value "8")
L 01/25/2026 - 18:12:18: [basecommands.smx] "Console<0><Console><Console>" changed cvar (cvar "sv_visiblemaxplayers") (value "-1")
L 01/25/2026 - 18:12:18: [chat-processor.smx] Message formats generated for game 'left4dead2'.
L 01/25/2026 - 18:12:18: [chat-processor.smx] Successfully hooked a SayText2 chat hook.
L 01/25/2026 - 18:15:55: [basecommands.smx] "[T-T]MoY<2><STEAM_1:0:511491787><>" changed map to "c11m1_greenhouse"
L 01/25/2026 - 18:15:58: [SM] Changed map to "c11m1_greenhouse"
L 01/25/2026 - 18:16:00: -------- Mapchange to c11m1_greenhouse --------
L 01/25/2026 - 18:16:04: [basecommands.smx] "Console<0><Console><Console>" changed cvar (cvar "sv_consistency") (value "0")
L 01/25/2026 - 18:16:04: [basecommands.smx] "Console<0><Console><Console>" changed cvar (cvar "sv_allow_lobby_connect_only") (value "0")
L 01/25/2026 - 18:16:04: [basecommands.smx] "Console<0><Console><Console>" changed cvar (cvar "sv_maxplayers") (value "8")
L 01/25/2026 - 18:16:04: [basecommands.smx] "Console<0><Console><Console>" changed cvar (cvar "sv_visiblemaxplayers") (value "-1")
L 01/25/2026 - 18:16:04: [chat-processor.smx] Message formats generated for game 'left4dead2'.
L 01/25/2026 - 18:16:04: [chat-processor.smx] Successfully hooked a SayText2 chat hook.
L 01/25/2026 - 18:20:21: -------- Mapchange to c11m2_offices --------
L 01/25/2026 - 18:20:24: [basecommands.smx] "Console<0><Console><Console>" changed cvar (cvar "sv_consistency") (value "0")
L 01/25/2026 - 18:20:24: [basecommands.smx] "Console<0><Console><Console>" changed cvar (cvar "sv_allow_lobby_connect_only") (value "0")
L 01/25/2026 - 18:20:24: [basecommands.smx] "Console<0><Console><Console>" changed cvar (cvar "sv_maxplayers") (value "8")
L 01/25/2026 - 18:20:24: [basecommands.smx] "Console<0><Console><Console>" changed cvar (cvar "sv_visiblemaxplayers") (value "-1")
L 01/25/2026 - 18:20:24: [chat-processor.smx] Message formats generated for game 'left4dead2'.
L 01/25/2026 - 18:20:24: [chat-processor.smx] Successfully hooked a SayText2 chat hook.
L 01/25/2026 - 18:23:03: [playercommands.smx] "[T-T]MoY<2><STEAM_1:0:511491787><>" slayed "(4)Tank<632><BOT><>"
L 01/25/2026 - 18:23:06: [playercommands.smx] "[T-T]MoY<2><STEAM_1:0:511491787><>" slayed "Tank<625><BOT><>"
L 01/25/2026 - 18:23:09: [playercommands.smx] "[T-T]MoY<2><STEAM_1:0:511491787><>" slayed "(2)Tank<630><BOT><>"
L 01/25/2026 - 18:23:14: [playercommands.smx] "[T-T]MoY<2><STEAM_1:0:511491787><>" slayed "(1)Tank<627><BOT><>"
L 01/25/2026 - 18:23:15: [playercommands.smx] "[T-T]MoY<2><STEAM_1:0:511491787><>" slayed "Tank<633><BOT><>"
L 01/25/2026 - 18:23:17: [playercommands.smx] "[T-T]MoY<2><STEAM_1:0:511491787><>" slayed "(3)Tank<631><BOT><>"
L 01/25/2026 - 18:24:38: -------- Mapchange to c11m3_garage --------
L 01/25/2026 - 18:24:42: [basecommands.smx] "Console<0><Console><Console>" changed cvar (cvar "sv_consistency") (value "0")
L 01/25/2026 - 18:24:42: [basecommands.smx] "Console<0><Console><Console>" changed cvar (cvar "sv_allow_lobby_connect_only") (value "0")
L 01/25/2026 - 18:24:42: [basecommands.smx] "Console<0><Console><Console>" changed cvar (cvar "sv_maxplayers") (value "8")
L 01/25/2026 - 18:24:42: [basecommands.smx] "Console<0><Console><Console>" changed cvar (cvar "sv_visiblemaxplayers") (value "-1")
L 01/25/2026 - 18:24:42: [chat-processor.smx] Message formats generated for game 'left4dead2'.
L 01/25/2026 - 18:24:42: [chat-processor.smx] Successfully hooked a SayText2 chat hook.
L 01/25/2026 - 18:30:50: -------- Mapchange to c11m4_terminal --------
L 01/25/2026 - 18:30:53: [basecommands.smx] "Console<0><Console><Console>" changed cvar (cvar "sv_consistency") (value "0")
L 01/25/2026 - 18:30:53: [basecommands.smx] "Console<0><Console><Console>" changed cvar (cvar "sv_allow_lobby_connect_only") (value "0")
L 01/25/2026 - 18:30:53: [basecommands.smx] "Console<0><Console><Console>" changed cvar (cvar "sv_maxplayers") (value "8")
L 01/25/2026 - 18:30:53: [basecommands.smx] "Console<0><Console><Console>" changed cvar (cvar "sv_visiblemaxplayers") (value "-1")
L 01/25/2026 - 18:30:54: [chat-processor.smx] Message formats generated for game 'left4dead2'.
L 01/25/2026 - 18:30:54: [chat-processor.smx] Successfully hooked a SayText2 chat hook.
L 01/25/2026 - 18:34:03: -------- Mapchange to c11m5_runway --------
L 01/25/2026 - 18:34:06: [basecommands.smx] "Console<0><Console><Console>" changed cvar (cvar "sv_consistency") (value "0")
L 01/25/2026 - 18:34:06: [basecommands.smx] "Console<0><Console><Console>" changed cvar (cvar "sv_allow_lobby_connect_only") (value "0")
L 01/25/2026 - 18:34:06: [basecommands.smx] "Console<0><Console><Console>" changed cvar (cvar "sv_maxplayers") (value "8")
L 01/25/2026 - 18:34:06: [basecommands.smx] "Console<0><Console><Console>" changed cvar (cvar "sv_visiblemaxplayers") (value "-1")
L 01/25/2026 - 18:34:07: [chat-processor.smx] Message formats generated for game 'left4dead2'.
L 01/25/2026 - 18:34:07: [chat-processor.smx] Successfully hooked a SayText2 chat hook.
L 01/25/2026 - 18:34:56: [all4dead2.smx] [NOTICE]: ([T-T]MoY<2><STEAM_1:0:511491787><>) has spawned a defibrillator
L 01/25/2026 - 18:34:56: [all4dead2.smx] [NOTICE]: ([T-T]MoY<2><STEAM_1:0:511491787><>) has spawned a defibrillator
L 01/25/2026 - 18:34:57: [all4dead2.smx] [NOTICE]: ([T-T]MoY<2><STEAM_1:0:511491787><>) has spawned a defibrillator
L 01/25/2026 - 18:34:57: [all4dead2.smx] [NOTICE]: ([T-T]MoY<2><STEAM_1:0:511491787><>) has spawned a defibrillator
L 01/25/2026 - 18:34:57: [all4dead2.smx] [NOTICE]: ([T-T]MoY<2><STEAM_1:0:511491787><>) has spawned a defibrillator
L 01/25/2026 - 18:34:57: [all4dead2.smx] [NOTICE]: ([T-T]MoY<2><STEAM_1:0:511491787><>) has spawned a defibrillator
L 01/25/2026 - 18:34:57: [all4dead2.smx] [NOTICE]: ([T-T]MoY<2><STEAM_1:0:511491787><>) has spawned a defibrillator
L 01/25/2026 - 18:34:58: [all4dead2.smx] [NOTICE]: ([T-T]MoY<2><STEAM_1:0:511491787><>) has spawned a defibrillator
L 01/25/2026 - 18:34:58: [all4dead2.smx] [NOTICE]: ([T-T]MoY<2><STEAM_1:0:511491787><>) has spawned a defibrillator
L 01/25/2026 - 18:34:59: [all4dead2.smx] [NOTICE]: ([T-T]MoY<2><STEAM_1:0:511491787><>) has spawned a defibrillator
L 01/25/2026 - 18:34:59: [all4dead2.smx] [NOTICE]: ([T-T]MoY<2><STEAM_1:0:511491787><>) has spawned a defibrillator
L 01/25/2026 - 18:35:01: [all4dead2.smx] [NOTICE]: ([T-T]MoY<2><STEAM_1:0:511491787><>) has spawned a defibrillator
L 01/25/2026 - 18:35:01: [all4dead2.smx] [NOTICE]: ([T-T]MoY<2><STEAM_1:0:511491787><>) has spawned a defibrillator
L 01/25/2026 - 18:35:02: [all4dead2.smx] [NOTICE]: ([T-T]MoY<2><STEAM_1:0:511491787><>) has spawned a defibrillator
L 01/25/2026 - 18:35:02: [all4dead2.smx] [NOTICE]: ([T-T]MoY<2><STEAM_1:0:511491787><>) has spawned a defibrillator
L 01/25/2026 - 18:35:02: [all4dead2.smx] [NOTICE]: ([T-T]MoY<2><STEAM_1:0:511491787><>) has spawned a defibrillator
L 01/25/2026 - 18:35:02: [all4dead2.smx] [NOTICE]: ([T-T]MoY<2><STEAM_1:0:511491787><>) has spawned a defibrillator
L 01/25/2026 - 18:35:03: [all4dead2.smx] [NOTICE]: ([T-T]MoY<2><STEAM_1:0:511491787><>) has spawned a defibrillator
L 01/25/2026 - 18:35:05: [all4dead2.smx] [NOTICE]: ([T-T]MoY<2><STEAM_1:0:511491787><>) has spawned a first_aid_kit
L 01/25/2026 - 18:35:05: [all4dead2.smx] [NOTICE]: ([T-T]MoY<2><STEAM_1:0:511491787><>) has spawned a first_aid_kit
L 01/25/2026 - 18:35:05: [all4dead2.smx] [NOTICE]: ([T-T]MoY<2><STEAM_1:0:511491787><>) has spawned a first_aid_kit
L 01/25/2026 - 18:35:06: [all4dead2.smx] [NOTICE]: ([T-T]MoY<2><STEAM_1:0:511491787><>) has spawned a first_aid_kit
L 01/25/2026 - 18:35:06: [all4dead2.smx] [NOTICE]: ([T-T]MoY<2><STEAM_1:0:511491787><>) has spawned a first_aid_kit
L 01/25/2026 - 18:35:06: [all4dead2.smx] [NOTICE]: ([T-T]MoY<2><STEAM_1:0:511491787><>) has spawned a first_aid_kit
L 01/25/2026 - 18:35:08: [all4dead2.smx] [NOTICE]: ([T-T]MoY<2><STEAM_1:0:511491787><>) has spawned a first_aid_kit
L 01/25/2026 - 18:35:08: [all4dead2.smx] [NOTICE]: ([T-T]MoY<2><STEAM_1:0:511491787><>) has spawned a first_aid_kit
L 01/25/2026 - 18:35:08: [all4dead2.smx] [NOTICE]: ([T-T]MoY<2><STEAM_1:0:511491787><>) has spawned a first_aid_kit
L 01/25/2026 - 18:35:08: [all4dead2.smx] [NOTICE]: ([T-T]MoY<2><STEAM_1:0:511491787><>) has spawned a first_aid_kit
L 01/25/2026 - 18:35:09: [all4dead2.smx] [NOTICE]: ([T-T]MoY<2><STEAM_1:0:511491787><>) has spawned a first_aid_kit
L 01/25/2026 - 18:35:09: [all4dead2.smx] [NOTICE]: ([T-T]MoY<2><STEAM_1:0:511491787><>) has spawned a first_aid_kit
L 01/25/2026 - 18:35:09: [all4dead2.smx] [NOTICE]: ([T-T]MoY<2><STEAM_1:0:511491787><>) has spawned a first_aid_kit
L 01/25/2026 - 18:35:09: [all4dead2.smx] [NOTICE]: ([T-T]MoY<2><STEAM_1:0:511491787><>) has spawned a first_aid_kit
L 01/25/2026 - 18:35:12: [all4dead2.smx] [NOTICE]: ([T-T]MoY<2><STEAM_1:0:511491787><>) has spawned a first_aid_kit
L 01/25/2026 - 18:35:13: [all4dead2.smx] [NOTICE]: ([T-T]MoY<2><STEAM_1:0:511491787><>) has spawned a first_aid_kit
L 01/25/2026 - 18:35:13: [all4dead2.smx] [NOTICE]: ([T-T]MoY<2><STEAM_1:0:511491787><>) has spawned a first_aid_kit
L 01/25/2026 - 18:35:15: [all4dead2.smx] [NOTICE]: ([T-T]MoY<2><STEAM_1:0:511491787><>) has spawned a first_aid_kit
L 01/25/2026 - 18:35:15: [all4dead2.smx] [NOTICE]: ([T-T]MoY<2><STEAM_1:0:511491787><>) has spawned a first_aid_kit
L 01/25/2026 - 18:35:16: [all4dead2.smx] [NOTICE]: ([T-T]MoY<2><STEAM_1:0:511491787><>) has spawned a first_aid_kit
L 01/25/2026 - 18:35:16: [all4dead2.smx] [NOTICE]: ([T-T]MoY<2><STEAM_1:0:511491787><>) has spawned a first_aid_kit
L 01/25/2026 - 18:35:16: [all4dead2.smx] [NOTICE]: ([T-T]MoY<2><STEAM_1:0:511491787><>) has spawned a first_aid_kit
L 01/25/2026 - 18:35:16: [all4dead2.smx] [NOTICE]: ([T-T]MoY<2><STEAM_1:0:511491787><>) has spawned a first_aid_kit
L 01/25/2026 - 18:35:16: [all4dead2.smx] [NOTICE]: ([T-T]MoY<2><STEAM_1:0:511491787><>) has spawned a first_aid_kit
L 01/25/2026 - 18:35:18: [all4dead2.smx] [NOTICE]: ([T-T]MoY<2><STEAM_1:0:511491787><>) has spawned a first_aid_kit
L 01/25/2026 - 18:35:18: [all4dead2.smx] [NOTICE]: ([T-T]MoY<2><STEAM_1:0:511491787><>) has spawned a first_aid_kit
L 01/25/2026 - 18:35:19: [all4dead2.smx] [NOTICE]: ([T-T]MoY<2><STEAM_1:0:511491787><>) has spawned a first_aid_kit
L 01/25/2026 - 18:35:19: [all4dead2.smx] [NOTICE]: ([T-T]MoY<2><STEAM_1:0:511491787><>) has spawned a first_aid_kit
L 01/25/2026 - 18:35:19: [all4dead2.smx] [NOTICE]: ([T-T]MoY<2><STEAM_1:0:511491787><>) has spawned a first_aid_kit
L 01/25/2026 - 18:35:19: [all4dead2.smx] [NOTICE]: ([T-T]MoY<2><STEAM_1:0:511491787><>) has spawned a first_aid_kit
L 01/25/2026 - 18:35:19: [all4dead2.smx] [NOTICE]: ([T-T]MoY<2><STEAM_1:0:511491787><>) has spawned a first_aid_kit
L 01/25/2026 - 18:35:20: [all4dead2.smx] [NOTICE]: ([T-T]MoY<2><STEAM_1:0:511491787><>) has spawned a first_aid_kit
L 01/25/2026 - 18:35:20: [all4dead2.smx] [NOTICE]: ([T-T]MoY<2><STEAM_1:0:511491787><>) has spawned a first_aid_kit
L 01/25/2026 - 18:35:22: [all4dead2.smx] [NOTICE]: ([T-T]MoY<2><STEAM_1:0:511491787><>) has spawned a first_aid_kit
L 01/25/2026 - 18:35:22: [all4dead2.smx] [NOTICE]: ([T-T]MoY<2><STEAM_1:0:511491787><>) has spawned a first_aid_kit
L 01/25/2026 - 18:35:22: [all4dead2.smx] [NOTICE]: ([T-T]MoY<2><STEAM_1:0:511491787><>) has spawned a first_aid_kit
L 01/25/2026 - 18:35:22: [all4dead2.smx] [NOTICE]: ([T-T]MoY<2><STEAM_1:0:511491787><>) has spawned a first_aid_kit
L 01/25/2026 - 18:35:23: [all4dead2.smx] [NOTICE]: ([T-T]MoY<2><STEAM_1:0:511491787><>) has spawned a first_aid_kit
L 01/25/2026 - 18:35:23: [all4dead2.smx] [NOTICE]: ([T-T]MoY<2><STEAM_1:0:511491787><>) has spawned a first_aid_kit
L 01/25/2026 - 18:35:23: [all4dead2.smx] [NOTICE]: ([T-T]MoY<2><STEAM_1:0:511491787><>) has spawned a first_aid_kit
L 01/25/2026 - 18:35:25: [all4dead2.smx] [NOTICE]: ([T-T]MoY<2><STEAM_1:0:511491787><>) has spawned a first_aid_kit
L 01/25/2026 - 18:35:26: [all4dead2.smx] [NOTICE]: ([T-T]MoY<2><STEAM_1:0:511491787><>) has spawned a first_aid_kit
L 01/25/2026 - 18:35:26: [all4dead2.smx] [NOTICE]: ([T-T]MoY<2><STEAM_1:0:511491787><>) has spawned a first_aid_kit
L 01/25/2026 - 18:35:26: [all4dead2.smx] [NOTICE]: ([T-T]MoY<2><STEAM_1:0:511491787><>) has spawned a first_aid_kit
L 01/25/2026 - 18:35:26: [all4dead2.smx] [NOTICE]: ([T-T]MoY<2><STEAM_1:0:511491787><>) has spawned a first_aid_kit
L 01/25/2026 - 18:35:27: [all4dead2.smx] [NOTICE]: ([T-T]MoY<2><STEAM_1:0:511491787><>) has spawned a first_aid_kit
L 01/25/2026 - 18:35:27: [all4dead2.smx] [NOTICE]: ([T-T]MoY<2><STEAM_1:0:511491787><>) has spawned a first_aid_kit
L 01/25/2026 - 18:35:29: [all4dead2.smx] [NOTICE]: ([T-T]MoY<2><STEAM_1:0:511491787><>) has spawned a first_aid_kit
L 01/25/2026 - 18:35:29: [all4dead2.smx] [NOTICE]: ([T-T]MoY<2><STEAM_1:0:511491787><>) has spawned a first_aid_kit
L 01/25/2026 - 18:35:29: [all4dead2.smx] [NOTICE]: ([T-T]MoY<2><STEAM_1:0:511491787><>) has spawned a first_aid_kit
L 01/25/2026 - 18:35:29: [all4dead2.smx] [NOTICE]: ([T-T]MoY<2><STEAM_1:0:511491787><>) has spawned a first_aid_kit
L 01/25/2026 - 18:35:30: [all4dead2.smx] [NOTICE]: ([T-T]MoY<2><STEAM_1:0:511491787><>) has spawned a first_aid_kit
L 01/25/2026 - 18:35:30: [all4dead2.smx] [NOTICE]: ([T-T]MoY<2><STEAM_1:0:511491787><>) has spawned a first_aid_kit
L 01/25/2026 - 18:35:30: [all4dead2.smx] [NOTICE]: ([T-T]MoY<2><STEAM_1:0:511491787><>) has spawned a first_aid_kit
L 01/25/2026 - 18:35:30: [all4dead2.smx] [NOTICE]: ([T-T]MoY<2><STEAM_1:0:511491787><>) has spawned a first_aid_kit
L 01/25/2026 - 18:35:31: [all4dead2.smx] [NOTICE]: ([T-T]MoY<2><STEAM_1:0:511491787><>) has spawned a first_aid_kit
L 01/25/2026 - 18:35:31: [all4dead2.smx] [NOTICE]: ([T-T]MoY<2><STEAM_1:0:511491787><>) has spawned a first_aid_kit
L 01/25/2026 - 18:35:31: [all4dead2.smx] [NOTICE]: ([T-T]MoY<2><STEAM_1:0:511491787><>) has spawned a first_aid_kit
L 01/25/2026 - 18:35:35: [all4dead2.smx] [NOTICE]: ([T-T]MoY<2><STEAM_1:0:511491787><>) has spawned a first_aid_kit
L 01/25/2026 - 18:35:35: [all4dead2.smx] [NOTICE]: ([T-T]MoY<2><STEAM_1:0:511491787><>) has spawned a first_aid_kit
L 01/25/2026 - 18:35:35: [all4dead2.smx] [NOTICE]: ([T-T]MoY<2><STEAM_1:0:511491787><>) has spawned a first_aid_kit
L 01/25/2026 - 18:35:36: [all4dead2.smx] [NOTICE]: ([T-T]MoY<2><STEAM_1:0:511491787><>) has spawned a first_aid_kit
L 01/25/2026 - 18:35:36: [all4dead2.smx] [NOTICE]: ([T-T]MoY<2><STEAM_1:0:511491787><>) has spawned a first_aid_kit
L 01/25/2026 - 18:35:36: [all4dead2.smx] [NOTICE]: ([T-T]MoY<2><STEAM_1:0:511491787><>) has spawned a first_aid_kit
L 01/25/2026 - 18:35:36: [all4dead2.smx] [NOTICE]: ([T-T]MoY<2><STEAM_1:0:511491787><>) has spawned a first_aid_kit
L 01/25/2026 - 18:35:36: [all4dead2.smx] [NOTICE]: ([T-T]MoY<2><STEAM_1:0:511491787><>) has spawned a first_aid_kit
L 01/25/2026 - 18:35:37: [all4dead2.smx] [NOTICE]: ([T-T]MoY<2><STEAM_1:0:511491787><>) has spawned a first_aid_kit
L 01/25/2026 - 18:35:39: [all4dead2.smx] [NOTICE]: ([T-T]MoY<2><STEAM_1:0:511491787><>) has spawned a adrenaline
L 01/25/2026 - 18:35:39: [all4dead2.smx] [NOTICE]: ([T-T]MoY<2><STEAM_1:0:511491787><>) has spawned a adrenaline
L 01/25/2026 - 18:35:39: [all4dead2.smx] [NOTICE]: ([T-T]MoY<2><STEAM_1:0:511491787><>) has spawned a adrenaline
L 01/25/2026 - 18:35:39: [all4dead2.smx] [NOTICE]: ([T-T]MoY<2><STEAM_1:0:511491787><>) has spawned a adrenaline
L 01/25/2026 - 18:35:40: [all4dead2.smx] [NOTICE]: ([T-T]MoY<2><STEAM_1:0:511491787><>) has spawned a adrenaline
L 01/25/2026 - 18:35:40: [all4dead2.smx] [NOTICE]: ([T-T]MoY<2><STEAM_1:0:511491787><>) has spawned a adrenaline
L 01/25/2026 - 18:35:40: [all4dead2.smx] [NOTICE]: ([T-T]MoY<2><STEAM_1:0:511491787><>) has spawned a adrenaline
L 01/25/2026 - 18:35:40: [all4dead2.smx] [NOTICE]: ([T-T]MoY<2><STEAM_1:0:511491787><>) has spawned a adrenaline
L 01/25/2026 - 18:35:41: [all4dead2.smx] [NOTICE]: ([T-T]MoY<2><STEAM_1:0:511491787><>) has spawned a adrenaline
L 01/25/2026 - 18:35:42: [all4dead2.smx] [NOTICE]: ([T-T]MoY<2><STEAM_1:0:511491787><>) has spawned a adrenaline
L 01/25/2026 - 18:35:42: [all4dead2.smx] [NOTICE]: ([T-T]MoY<2><STEAM_1:0:511491787><>) has spawned a adrenaline
L 01/25/2026 - 18:35:42: [all4dead2.smx] [NOTICE]: ([T-T]MoY<2><STEAM_1:0:511491787><>) has spawned a adrenaline
L 01/25/2026 - 18:35:46: [all4dead2.smx] [NOTICE]: ([T-T]MoY<2><STEAM_1:0:511491787><>) has spawned a adrenaline
L 01/25/2026 - 18:35:46: [all4dead2.smx] [NOTICE]: ([T-T]MoY<2><STEAM_1:0:511491787><>) has spawned a adrenaline
L 01/25/2026 - 18:35:47: [all4dead2.smx] [NOTICE]: ([T-T]MoY<2><STEAM_1:0:511491787><>) has spawned a adrenaline
L 01/25/2026 - 18:35:47: [all4dead2.smx] [NOTICE]: ([T-T]MoY<2><STEAM_1:0:511491787><>) has spawned a adrenaline
L 01/25/2026 - 18:35:47: [all4dead2.smx] [NOTICE]: ([T-T]MoY<2><STEAM_1:0:511491787><>) has spawned a adrenaline
L 01/25/2026 - 18:35:47: [all4dead2.smx] [NOTICE]: ([T-T]MoY<2><STEAM_1:0:511491787><>) has spawned a adrenaline
L 01/25/2026 - 18:35:47: [all4dead2.smx] [NOTICE]: ([T-T]MoY<2><STEAM_1:0:511491787><>) has spawned a adrenaline
L 01/25/2026 - 18:35:48: [all4dead2.smx] [NOTICE]: ([T-T]MoY<2><STEAM_1:0:511491787><>) has spawned a adrenaline
L 01/25/2026 - 18:35:49: [all4dead2.smx] [NOTICE]: ([T-T]MoY<2><STEAM_1:0:511491787><>) has spawned a adrenaline
L 01/25/2026 - 18:35:51: [all4dead2.smx] [NOTICE]: ([T-T]MoY<2><STEAM_1:0:511491787><>) has spawned a adrenaline
L 01/25/2026 - 18:35:51: [all4dead2.smx] [NOTICE]: ([T-T]MoY<2><STEAM_1:0:511491787><>) has spawned a adrenaline
L 01/25/2026 - 18:35:51: [all4dead2.smx] [NOTICE]: ([T-T]MoY<2><STEAM_1:0:511491787><>) has spawned a adrenaline
L 01/25/2026 - 18:35:52: [all4dead2.smx] [NOTICE]: ([T-T]MoY<2><STEAM_1:0:511491787><>) has spawned a adrenaline
L 01/25/2026 - 18:35:53: [all4dead2.smx] [NOTICE]: ([T-T]MoY<2><STEAM_1:0:511491787><>) has spawned a adrenaline
L 01/25/2026 - 18:35:53: [all4dead2.smx] [NOTICE]: ([T-T]MoY<2><STEAM_1:0:511491787><>) has spawned a adrenaline
L 01/25/2026 - 18:35:53: [all4dead2.smx] [NOTICE]: ([T-T]MoY<2><STEAM_1:0:511491787><>) has spawned a adrenaline
L 01/25/2026 - 18:35:53: [all4dead2.smx] [NOTICE]: ([T-T]MoY<2><STEAM_1:0:511491787><>) has spawned a adrenaline
L 01/25/2026 - 18:38:18: [all4dead2.smx] [NOTICE]: ([T-T]MoY<2><STEAM_1:0:511491787><>) has spawned a defibrillator
L 01/25/2026 - 18:38:18: [all4dead2.smx] [NOTICE]: ([T-T]MoY<2><STEAM_1:0:511491787><>) has spawned a defibrillator
L 01/25/2026 - 18:38:19: [all4dead2.smx] [NOTICE]: ([T-T]MoY<2><STEAM_1:0:511491787><>) has spawned a defibrillator
L 01/25/2026 - 18:38:19: [all4dead2.smx] [NOTICE]: ([T-T]MoY<2><STEAM_1:0:511491787><>) has spawned a defibrillator
L 01/25/2026 - 18:38:19: [all4dead2.smx] [NOTICE]: ([T-T]MoY<2><STEAM_1:0:511491787><>) has spawned a defibrillator
L 01/25/2026 - 18:38:19: [all4dead2.smx] [NOTICE]: ([T-T]MoY<2><STEAM_1:0:511491787><>) has spawned a defibrillator
L 01/25/2026 - 18:38:19: [all4dead2.smx] [NOTICE]: ([T-T]MoY<2><STEAM_1:0:511491787><>) has spawned a defibrillator
L 01/25/2026 - 18:38:20: [all4dead2.smx] [NOTICE]: ([T-T]MoY<2><STEAM_1:0:511491787><>) has spawned a defibrillator
L 01/25/2026 - 18:38:20: [all4dead2.smx] [NOTICE]: ([T-T]MoY<2><STEAM_1:0:511491787><>) has spawned a defibrillator
L 01/25/2026 - 18:38:20: [all4dead2.smx] [NOTICE]: ([T-T]MoY<2><STEAM_1:0:511491787><>) has spawned a defibrillator
L 01/25/2026 - 18:38:20: [all4dead2.smx] [NOTICE]: ([T-T]MoY<2><STEAM_1:0:511491787><>) has spawned a defibrillator
L 01/25/2026 - 18:38:21: [all4dead2.smx] [NOTICE]: ([T-T]MoY<2><STEAM_1:0:511491787><>) has spawned a defibrillator
L 01/25/2026 - 18:39:26: [l4d_sm_respawn.smx] "[T-T]MoY<2><STEAM_1:0:511491787><>" teleported "[T-T]MoY<2><STEAM_1:0:511491787><>" after respawning him
L 01/25/2026 - 18:39:26: [l4d_sm_respawn.smx] "[T-T]MoY<2><STEAM_1:0:511491787><>" teleported "DoomNald Trump<690><STEAM_1:0:590370145><>" after respawning him
L 01/25/2026 - 18:39:26: [l4d_sm_respawn.smx] "[T-T]MoY<2><STEAM_1:0:511491787><>" teleported "Quebuendoby<666><STEAM_1:1:601841727><>" after respawning him
L 01/25/2026 - 18:41:05: Log file closed.
