L 03/06/2026 - 18:46:04: SourceMod log file session started (file "d:\steamlibrary\steamapps\common\left 4 dead 2\left4dead2\addons\sourcemod\logs\L20260306.log") (Version "1.12.0.7207")
L 03/06/2026 - 18:46:04: [GEOIP] GeoIP2 database loaded: GeoLite2-ASN (2024-08-21 08:15:21 UTC) (d:\steamlibrary\steamapps\common\left 4 dead 2\left4dead2\addons\sourcemod\configs\geoip\GeoLite2-ASN.mmdb)
L 03/06/2026 - 18:46:04: [GEOIP] GeoIP2 supported languages: en
L 03/06/2026 - 18:46:04: [GEOIP] Your database is older than 90 days. You should consider downloading a newer version from e.g. https://dev.maxmind.com/geoip/geolite2-free-geolocation-data
L 03/06/2026 - 18:46:05: [l4d2_map_rotation.smx] [Rotation] Lista cargada con 4 campañas.
L 03/06/2026 - 18:46:06: [l4d_extinguisher.smx] 
==========
Warning: You should install "[L4D2] Scavenge Score Fix - Gascan Pouring" to prevent affecting the score when filling gas in Scavenge style events: https://forums.alliedmods.net/showthread.php?t=187686
==========

L 03/06/2026 - 18:46:06: [l4d_extinguisher.smx] 
==========
Warning: You should install "[L4D & L4D2] Use Priority Patch" to fix attached models blocking +USE action: https://forums.alliedmods.net/showthread.php?t=327511
==========

L 03/06/2026 - 18:46:17: [basecommands.smx] "Console<0><Console><Console>" changed cvar (cvar "sv_consistency") (value "0")
L 03/06/2026 - 18:46:17: [basecommands.smx] "Console<0><Console><Console>" changed cvar (cvar "sv_allow_lobby_connect_only") (value "0")
L 03/06/2026 - 18:46:17: [basecommands.smx] "Console<0><Console><Console>" changed cvar (cvar "sv_maxplayers") (value "8")
L 03/06/2026 - 18:46:17: [basecommands.smx] "Console<0><Console><Console>" changed cvar (cvar "sv_visiblemaxplayers") (value "-1")
L 03/06/2026 - 18:46:17: [chat-processor.smx] Message formats generated for game 'left4dead2'.
L 03/06/2026 - 18:46:17: [chat-processor.smx] Successfully hooked a SayText2 chat hook.
L 03/06/2026 - 18:49:25: -------- Mapchange to c1m1_hotel --------
L 03/06/2026 - 18:49:30: [basecommands.smx] "Console<0><Console><Console>" changed cvar (cvar "sv_consistency") (value "0")
L 03/06/2026 - 18:49:30: [basecommands.smx] "Console<0><Console><Console>" changed cvar (cvar "sv_allow_lobby_connect_only") (value "0")
L 03/06/2026 - 18:49:30: [basecommands.smx] "Console<0><Console><Console>" changed cvar (cvar "sv_maxplayers") (value "8")
L 03/06/2026 - 18:49:30: [basecommands.smx] "Console<0><Console><Console>" changed cvar (cvar "sv_visiblemaxplayers") (value "-1")
L 03/06/2026 - 18:49:30: [chat-processor.smx] Message formats generated for game 'left4dead2'.
L 03/06/2026 - 18:49:30: [chat-processor.smx] Successfully hooked a SayText2 chat hook.
L 03/06/2026 - 18:53:16: [l4d2_shop.smx] [UPDATE]: "[T-T]MoY<64><STEAM_1:0:511491787><>" saved. Points: "1"
L 03/06/2026 - 18:55:36: [l4d2_shop.smx] [UPDATE]: "[T-T]MoY<64><STEAM_1:0:511491787><>" saved. Points: "5"
L 03/06/2026 - 18:58:48: -------- Mapchange to c1m2_streets --------
L 03/06/2026 - 18:58:53: [basecommands.smx] "Console<0><Console><Console>" changed cvar (cvar "sv_consistency") (value "0")
L 03/06/2026 - 18:58:53: [basecommands.smx] "Console<0><Console><Console>" changed cvar (cvar "sv_allow_lobby_connect_only") (value "0")
L 03/06/2026 - 18:58:53: [basecommands.smx] "Console<0><Console><Console>" changed cvar (cvar "sv_maxplayers") (value "8")
L 03/06/2026 - 18:58:53: [basecommands.smx] "Console<0><Console><Console>" changed cvar (cvar "sv_visiblemaxplayers") (value "-1")
L 03/06/2026 - 18:58:53: [chat-processor.smx] Message formats generated for game 'left4dead2'.
L 03/06/2026 - 18:58:53: [chat-processor.smx] Successfully hooked a SayText2 chat hook.
L 03/06/2026 - 19:02:33: [l4d2_shop.smx] [UPDATE]: "[T-T]MoY<64><STEAM_1:0:511491787><>" saved. Points: "45"
L 03/06/2026 - 19:05:41: [l4d2_shop.smx] [UPDATE]: "[T-T]MoY<64><STEAM_1:0:511491787><>" saved. Points: "77"
L 03/06/2026 - 19:11:52: -------- Mapchange to c1m3_mall --------
L 03/06/2026 - 19:11:57: [basecommands.smx] "Console<0><Console><Console>" changed cvar (cvar "sv_consistency") (value "0")
L 03/06/2026 - 19:11:57: [basecommands.smx] "Console<0><Console><Console>" changed cvar (cvar "sv_allow_lobby_connect_only") (value "0")
L 03/06/2026 - 19:11:57: [basecommands.smx] "Console<0><Console><Console>" changed cvar (cvar "sv_maxplayers") (value "8")
L 03/06/2026 - 19:11:57: [basecommands.smx] "Console<0><Console><Console>" changed cvar (cvar "sv_visiblemaxplayers") (value "-1")
L 03/06/2026 - 19:11:57: [chat-processor.smx] Message formats generated for game 'left4dead2'.
L 03/06/2026 - 19:11:57: [chat-processor.smx] Successfully hooked a SayText2 chat hook.
L 03/06/2026 - 19:15:53: -------- Mapchange to c1m4_atrium --------
L 03/06/2026 - 19:15:58: [basecommands.smx] "Console<0><Console><Console>" changed cvar (cvar "sv_consistency") (value "0")
L 03/06/2026 - 19:15:58: [basecommands.smx] "Console<0><Console><Console>" changed cvar (cvar "sv_allow_lobby_connect_only") (value "0")
L 03/06/2026 - 19:15:58: [basecommands.smx] "Console<0><Console><Console>" changed cvar (cvar "sv_maxplayers") (value "8")
L 03/06/2026 - 19:15:58: [basecommands.smx] "Console<0><Console><Console>" changed cvar (cvar "sv_visiblemaxplayers") (value "-1")
L 03/06/2026 - 19:15:58: [chat-processor.smx] Message formats generated for game 'left4dead2'.
L 03/06/2026 - 19:15:58: [chat-processor.smx] Successfully hooked a SayText2 chat hook.
L 03/06/2026 - 19:17:21: [basecommands.smx] "[T-T]MoY<64><STEAM_1:0:511491787><>" kicked "꧁乂✰♕himiko toga<180><STEAM_1:1:406537126><>" (reason "")
L 03/06/2026 - 19:20:08: [l4d_sm_respawn.smx] "[T-T]MoY<64><STEAM_1:0:511491787><>" teleported "Cassian Andor<126><STEAM_1:0:85466684><>" after respawning him
L 03/06/2026 - 19:21:02: [funcommands.smx] "[T-T]MoY<64><STEAM_1:0:511491787><>" froze "Compartamos Banco<144><STEAM_1:1:550132470><>"
L 03/06/2026 - 19:21:09: [basecommands.smx] "[T-T]MoY<64><STEAM_1:0:511491787><>" kicked "Compartamos Banco<144><STEAM_1:1:550132470><>" (reason "")
L 03/06/2026 - 19:21:22: [l4d_sm_respawn.smx] "[T-T]MoY<64><STEAM_1:0:511491787><>" teleported "GoranMarkes<129><STEAM_1:0:782590027><>" after respawning him
L 03/06/2026 - 19:21:52: [funcommands.smx] "[T-T]MoY<64><STEAM_1:0:511491787><>" froze "GoranMarkes<129><STEAM_1:0:782590027><>"
L 03/06/2026 - 19:22:06: [basebans.smx] "[T-T]MoY<64><STEAM_1:0:511491787><>" banned "GoranMarkes<129><STEAM_1:0:782590027><>" (minutes "0") (reason "Abusive")
L 03/06/2026 - 19:22:23: [l4d_sm_respawn.smx] "[T-T]MoY<64><STEAM_1:0:511491787><>" teleported "lobo z<196><STEAM_1:0:396224938><>" after respawning him
L 03/06/2026 - 19:22:23: [l4d_sm_respawn.smx] "[T-T]MoY<64><STEAM_1:0:511491787><>" teleported "arturitovt678<207><STEAM_1:1:390730926><>" after respawning him
L 03/06/2026 - 19:22:24: [l4d_sm_respawn.smx] "[T-T]MoY<64><STEAM_1:0:511491787><>" teleported "Cassian Andor<126><STEAM_1:0:85466684><>" after respawning him
L 03/06/2026 - 19:22:39: [l4d_sm_respawn.smx] "[T-T]MoY<64><STEAM_1:0:511491787><>" teleported "[T-T]MoY<64><STEAM_1:0:511491787><>" after respawning him
L 03/06/2026 - 19:23:31: [basecommands.smx] "[T-T]MoY<64><STEAM_1:0:511491787><>" kicked "Cassian Andor<126><STEAM_1:0:85466684><>" (reason "")
L 03/06/2026 - 19:23:33: [basecommands.smx] "[T-T]MoY<64><STEAM_1:0:511491787><>" kicked "(5)Tank<216><BOT><>" (reason "")
L 03/06/2026 - 19:23:34: [basecommands.smx] "[T-T]MoY<64><STEAM_1:0:511491787><>" kicked "(4)Tank<211><BOT><>" (reason "")
L 03/06/2026 - 19:23:34: [basecommands.smx] "[T-T]MoY<64><STEAM_1:0:511491787><>" kicked "Tank<212><BOT><>" (reason "")
L 03/06/2026 - 19:23:35: [basecommands.smx] "[T-T]MoY<64><STEAM_1:0:511491787><>" kicked "(1)Tank<214><BOT><>" (reason "")
L 03/06/2026 - 19:23:35: [basecommands.smx] "[T-T]MoY<64><STEAM_1:0:511491787><>" kicked "lobo z<196><STEAM_1:0:396224938><>" (reason "")
L 03/06/2026 - 19:23:35: [basecommands.smx] "[T-T]MoY<64><STEAM_1:0:511491787><>" kicked "(2)Tank<215><BOT><>" (reason "")
L 03/06/2026 - 19:23:35: [basecommands.smx] "[T-T]MoY<64><STEAM_1:0:511491787><>" kicked "Nick<218><BOT><>" (reason "")
L 03/06/2026 - 19:23:35: [basecommands.smx] "[T-T]MoY<64><STEAM_1:0:511491787><>" kicked "arturitovt678<207><STEAM_1:1:390730926><>" (reason "")
L 03/06/2026 - 19:23:35: [basecommands.smx] "[T-T]MoY<64><STEAM_1:0:511491787><>" kicked "(3)Tank<209><BOT><>" (reason "")
L 03/06/2026 - 19:23:36: [basecommands.smx] "[T-T]MoY<64><STEAM_1:0:511491787><>" kicked "Francis<219><BOT><>" (reason "")
L 03/06/2026 - 19:23:36: [basecommands.smx] "[T-T]MoY<64><STEAM_1:0:511491787><>" kicked "Coach<217><BOT><>" (reason "")
L 03/06/2026 - 19:23:47: Log file closed.
