L 10/16/2025 - 21:58:34: SourceMod log file session started (file "z:\home\moy\.steam\debian-installation\steamapps\common\left 4 dead 2\left4dead2\addons\sourcemod\logs\L20251016.log") (Version "1.12.0.7207")
L 10/16/2025 - 21:58:34: [GEOIP] GeoIP2 database loaded: GeoLite2-ASN (2024-08-21 08:15:21 UTC) (z:\home\moy\.steam\debian-installation\steamapps\common\left 4 dead 2\left4dead2\addons\sourcemod\configs\geoip\GeoLite2-ASN.mmdb)
L 10/16/2025 - 21:58:34: [GEOIP] GeoIP2 supported languages: en
L 10/16/2025 - 21:58:34: [GEOIP] Your database is older than 90 days. You should consider downloading a newer version from e.g. https://dev.maxmind.com/geoip/geolite2-free-geolocation-data
L 10/16/2025 - 21:59:02: [basecommands.smx] "Console<0><Console><Console>" changed cvar (cvar "sv_consistency") (value "0")
L 10/16/2025 - 21:59:02: [basecommands.smx] "Console<0><Console><Console>" changed cvar (cvar "sv_allow_lobby_connect_only") (value "0")
L 10/16/2025 - 21:59:02: [basecommands.smx] "Console<0><Console><Console>" changed cvar (cvar "sv_maxplayers") (value "8")
L 10/16/2025 - 21:59:02: [basecommands.smx] "Console<0><Console><Console>" changed cvar (cvar "sv_visiblemaxplayers") (value "-1")
L 10/16/2025 - 22:15:57: [l4d_sm_respawn.smx] "[T-T]MoY<2><STEAM_1:0:511491787><>" teleported "Jason killer<41><STEAM_1:0:431895782><>" after respawning him
L 10/16/2025 - 22:21:31: [l4d_sm_respawn.smx] "[T-T]MoY<2><STEAM_1:0:511491787><>" teleported "Jason killer<41><STEAM_1:0:431895782><>" after respawning him
L 10/16/2025 - 22:21:34: [l4d_sm_respawn.smx] "[T-T]MoY<2><STEAM_1:0:511491787><>" teleported "Antu uwu ♡<52><STEAM_1:1:180522051><>" after respawning him
L 10/16/2025 - 22:21:43: [l4d_sm_respawn.smx] "[T-T]MoY<2><STEAM_1:0:511491787><>" teleported "[T-T]MoY<2><STEAM_1:0:511491787><>" after respawning him
L 10/16/2025 - 22:23:44: [basevotes.smx] "[T-T]MoY<2><STEAM_1:0:511491787><>" initiated a ban vote against "grillo<104><STEAM_1:1:174158430><>"
L 10/16/2025 - 22:24:05: [basevotes.smx] Vote successful. (Received "67" of 3 votes)
L 10/16/2025 - 22:24:05: [basevotes.smx] Vote ban successful, banned "grillo<104><STEAM_1:1:174158430><>" (minutes "30") (reason "Votebanned")
L 10/16/2025 - 22:27:37: [l4d_sm_respawn.smx] "[T-T]MoY<2><STEAM_1:0:511491787><>" teleported "Jason killer<41><STEAM_1:0:431895782><>" after respawning him
L 10/16/2025 - 22:29:58: [l4d_sm_respawn.smx] "[T-T]MoY<2><STEAM_1:0:511491787><>" teleported "[T-T]MoY<2><STEAM_1:0:511491787><>" after respawning him
L 10/16/2025 - 22:31:47: -------- Mapchange to Glubtastic2_2 --------
L 10/16/2025 - 22:31:54: [basecommands.smx] "Console<0><Console><Console>" changed cvar (cvar "sv_consistency") (value "0")
L 10/16/2025 - 22:31:54: [basecommands.smx] "Console<0><Console><Console>" changed cvar (cvar "sv_allow_lobby_connect_only") (value "0")
L 10/16/2025 - 22:31:54: [basecommands.smx] "Console<0><Console><Console>" changed cvar (cvar "sv_maxplayers") (value "8")
L 10/16/2025 - 22:31:54: [basecommands.smx] "Console<0><Console><Console>" changed cvar (cvar "sv_visiblemaxplayers") (value "-1")
L 10/16/2025 - 22:41:34: -------- Mapchange to Glubtastic2_3 --------
L 10/16/2025 - 22:41:56: [basecommands.smx] "Console<0><Console><Console>" changed cvar (cvar "sv_consistency") (value "0")
L 10/16/2025 - 22:41:56: [basecommands.smx] "Console<0><Console><Console>" changed cvar (cvar "sv_allow_lobby_connect_only") (value "0")
L 10/16/2025 - 22:41:56: [basecommands.smx] "Console<0><Console><Console>" changed cvar (cvar "sv_maxplayers") (value "8")
L 10/16/2025 - 22:41:56: [basecommands.smx] "Console<0><Console><Console>" changed cvar (cvar "sv_visiblemaxplayers") (value "-1")
L 10/16/2025 - 22:50:16: [playercommands.smx] "[T-T]MoY<2><STEAM_1:0:511491787><>" slayed "Jockey<272><BOT><>"
L 10/16/2025 - 22:52:09: [playercommands.smx] "[T-T]MoY<2><STEAM_1:0:511491787><>" slayed "Smoker<277><BOT><>"
L 10/16/2025 - 22:55:52: -------- Mapchange to glubtastic2_4 --------
L 10/16/2025 - 22:56:20: [basecommands.smx] "Console<0><Console><Console>" changed cvar (cvar "sv_consistency") (value "0")
L 10/16/2025 - 22:56:21: [basecommands.smx] "Console<0><Console><Console>" changed cvar (cvar "sv_allow_lobby_connect_only") (value "0")
L 10/16/2025 - 22:56:21: [basecommands.smx] "Console<0><Console><Console>" changed cvar (cvar "sv_maxplayers") (value "8")
L 10/16/2025 - 22:56:21: [basecommands.smx] "Console<0><Console><Console>" changed cvar (cvar "sv_visiblemaxplayers") (value "-1")
L 10/16/2025 - 23:06:02: [playercommands.smx] "[T-T]MoY<2><STEAM_1:0:511491787><>" slayed "Jason killer<41><STEAM_1:0:431895782><>"
L 10/16/2025 - 23:06:03: [l4d_sm_respawn.smx] "[T-T]MoY<2><STEAM_1:0:511491787><>" teleported "Jason killer<41><STEAM_1:0:431895782><>" after respawning him
L 10/16/2025 - 23:09:33: -------- Mapchange to glubtastic2_5 --------
L 10/16/2025 - 23:09:38: [basecommands.smx] "Console<0><Console><Console>" changed cvar (cvar "sv_consistency") (value "0")
L 10/16/2025 - 23:09:38: [basecommands.smx] "Console<0><Console><Console>" changed cvar (cvar "sv_allow_lobby_connect_only") (value "0")
L 10/16/2025 - 23:09:38: [basecommands.smx] "Console<0><Console><Console>" changed cvar (cvar "sv_maxplayers") (value "8")
L 10/16/2025 - 23:09:38: [basecommands.smx] "Console<0><Console><Console>" changed cvar (cvar "sv_visiblemaxplayers") (value "-1")
L 10/16/2025 - 23:12:39: Log file closed.
