L 07/27/2025 - 20:00:52: SourceMod log file session started (file "e:\steamlibrary\steamapps\common\left 4 dead 2\left4dead2\addons\sourcemod\logs\L20250727.log") (Version "1.12.0.7207")
L 07/27/2025 - 20:00:52: [GEOIP] GeoIP2 database loaded: GeoLite2-ASN (2024-08-21 08:15:21 UTC) (e:\steamlibrary\steamapps\common\left 4 dead 2\left4dead2\addons\sourcemod\configs\geoip\GeoLite2-ASN.mmdb)
L 07/27/2025 - 20:00:52: [GEOIP] GeoIP2 supported languages: en
L 07/27/2025 - 20:00:52: [GEOIP] Your database is older than 90 days. You should consider downloading a newer version from e.g. https://dev.maxmind.com/geoip/geolite2-free-geolocation-data
L 07/27/2025 - 20:01:06: [basecommands.smx] "Console<0><Console><Console>" changed cvar (cvar "sv_consistency") (value "0")
L 07/27/2025 - 20:01:06: [basecommands.smx] "Console<0><Console><Console>" changed cvar (cvar "sv_allow_lobby_connect_only") (value "0")
L 07/27/2025 - 20:01:06: [basecommands.smx] "Console<0><Console><Console>" changed cvar (cvar "sv_maxplayers") (value "8")
L 07/27/2025 - 20:01:06: [basecommands.smx] "Console<0><Console><Console>" changed cvar (cvar "sv_visiblemaxplayers") (value "-1")
L 07/27/2025 - 20:01:54: [basecommands.smx] "[T-T]MoY<2><STEAM_1:0:511491787><>" changed cvar (cvar "sv_gravity") (value "200")
L 07/27/2025 - 20:12:15: -------- Mapchange to c1m2_streets --------
L 07/27/2025 - 20:12:18: [basecommands.smx] "Console<0><Console><Console>" changed cvar (cvar "sv_consistency") (value "0")
L 07/27/2025 - 20:12:18: [basecommands.smx] "Console<0><Console><Console>" changed cvar (cvar "sv_allow_lobby_connect_only") (value "0")
L 07/27/2025 - 20:12:18: [basecommands.smx] "Console<0><Console><Console>" changed cvar (cvar "sv_maxplayers") (value "8")
L 07/27/2025 - 20:12:18: [basecommands.smx] "Console<0><Console><Console>" changed cvar (cvar "sv_visiblemaxplayers") (value "-1")
L 07/27/2025 - 20:13:41: [funvotes.smx] "[T-T]MoY<2><STEAM_1:0:511491787><>" initiated a slay vote against "coca cola espuma<7><STEAM_1:1:642356345><>"
L 07/27/2025 - 20:14:02: [funvotes.smx] Vote slay successful, slaying "coca cola espuma<7><STEAM_1:1:642356345><>"
L 07/27/2025 - 20:15:14: [funvotes.smx] "[T-T]MoY<2><STEAM_1:0:511491787><>" initiated a slay vote against "Bloxd0p<15><STEAM_1:0:753539458><>"
L 07/27/2025 - 20:15:34: [funvotes.smx] Vote slay successful, slaying "Bloxd0p<15><STEAM_1:0:753539458><>"
L 07/27/2025 - 20:19:48: -------- Mapchange to c1m3_mall --------
L 07/27/2025 - 20:19:52: [basecommands.smx] "Console<0><Console><Console>" changed cvar (cvar "sv_consistency") (value "0")
L 07/27/2025 - 20:19:52: [basecommands.smx] "Console<0><Console><Console>" changed cvar (cvar "sv_allow_lobby_connect_only") (value "0")
L 07/27/2025 - 20:19:52: [basecommands.smx] "Console<0><Console><Console>" changed cvar (cvar "sv_maxplayers") (value "8")
L 07/27/2025 - 20:19:52: [basecommands.smx] "Console<0><Console><Console>" changed cvar (cvar "sv_visiblemaxplayers") (value "-1")
L 07/27/2025 - 20:25:47: [basevotes.smx] "[T-T]MoY<2><STEAM_1:0:511491787><>" initiated a generic vote (question "quieren un reto?" / answers "Yes" "No").
L 07/27/2025 - 20:26:08: [basevotes.smx] Vote successful. (Received "75" of 4 votes)
L 07/27/2025 - 20:26:08: [basevotes.smx] The answer to quieren un reto? is: Yes.
L 07/27/2025 - 20:27:23: [playercommands.smx] "[T-T]MoY<2><STEAM_1:0:511491787><>" slayed "(5)Tank<102><BOT><>"
L 07/27/2025 - 20:27:24: [playercommands.smx] "[T-T]MoY<2><STEAM_1:0:511491787><>" slayed "(6)Tank<103><BOT><>"
L 07/27/2025 - 20:27:24: [playercommands.smx] "[T-T]MoY<2><STEAM_1:0:511491787><>" slayed "(7)Tank<104><BOT><>"
L 07/27/2025 - 20:27:27: [playercommands.smx] "[T-T]MoY<2><STEAM_1:0:511491787><>" slayed "(1)Tank<98><BOT><>"
L 07/27/2025 - 20:27:28: [playercommands.smx] "[T-T]MoY<2><STEAM_1:0:511491787><>" slayed "Tank<97><BOT><>"
L 07/27/2025 - 20:27:28: [playercommands.smx] "[T-T]MoY<2><STEAM_1:0:511491787><>" slayed "(2)Tank<99><BOT><>"
L 07/27/2025 - 20:27:29: [playercommands.smx] "[T-T]MoY<2><STEAM_1:0:511491787><>" slayed "(3)Tank<100><BOT><>"
L 07/27/2025 - 20:27:29: [playercommands.smx] "[T-T]MoY<2><STEAM_1:0:511491787><>" slayed "(4)Tank<101><BOT><>"
L 07/27/2025 - 20:27:29: [playercommands.smx] "[T-T]MoY<2><STEAM_1:0:511491787><>" slayed "(8)Tank<107><BOT><>"
L 07/27/2025 - 20:35:50: [funvotes.smx] "[T-T]MoY<2><STEAM_1:0:511491787><>" initiated a slay vote against "EL TROLL<11><STEAM_1:0:851049382><>"
L 07/27/2025 - 20:36:11: [funvotes.smx] Vote slay successful, slaying "EL TROLL<11><STEAM_1:0:851049382><>"
L 07/27/2025 - 20:40:14: -------- Mapchange to c1m4_atrium --------
L 07/27/2025 - 20:40:18: [basecommands.smx] "Console<0><Console><Console>" changed cvar (cvar "sv_consistency") (value "0")
L 07/27/2025 - 20:40:18: [basecommands.smx] "Console<0><Console><Console>" changed cvar (cvar "sv_allow_lobby_connect_only") (value "0")
L 07/27/2025 - 20:40:18: [basecommands.smx] "Console<0><Console><Console>" changed cvar (cvar "sv_maxplayers") (value "8")
L 07/27/2025 - 20:40:18: [basecommands.smx] "Console<0><Console><Console>" changed cvar (cvar "sv_visiblemaxplayers") (value "-1")
L 07/27/2025 - 20:42:23: [funvotes.smx] "[T-T]MoY<2><STEAM_1:0:511491787><>" initiated a slay vote against "Riko-Chan<24><STEAM_1:1:532600634><>"
L 07/27/2025 - 20:42:43: [funvotes.smx] Vote slay successful, slaying "Riko-Chan<24><STEAM_1:1:532600634><>"
L 07/27/2025 - 20:45:13: -------- Mapchange to c2m1_highway --------
L 07/27/2025 - 20:45:16: [basecommands.smx] "Console<0><Console><Console>" changed cvar (cvar "sv_consistency") (value "0")
L 07/27/2025 - 20:45:16: [basecommands.smx] "Console<0><Console><Console>" changed cvar (cvar "sv_allow_lobby_connect_only") (value "0")
L 07/27/2025 - 20:45:16: [basecommands.smx] "Console<0><Console><Console>" changed cvar (cvar "sv_maxplayers") (value "8")
L 07/27/2025 - 20:45:16: [basecommands.smx] "Console<0><Console><Console>" changed cvar (cvar "sv_visiblemaxplayers") (value "-1")
L 07/27/2025 - 20:49:25: -------- Mapchange to c2m2_fairgrounds --------
L 07/27/2025 - 20:49:29: [basecommands.smx] "Console<0><Console><Console>" changed cvar (cvar "sv_consistency") (value "0")
L 07/27/2025 - 20:49:29: [basecommands.smx] "Console<0><Console><Console>" changed cvar (cvar "sv_allow_lobby_connect_only") (value "0")
L 07/27/2025 - 20:49:29: [basecommands.smx] "Console<0><Console><Console>" changed cvar (cvar "sv_maxplayers") (value "8")
L 07/27/2025 - 20:49:29: [basecommands.smx] "Console<0><Console><Console>" changed cvar (cvar "sv_visiblemaxplayers") (value "-1")
L 07/27/2025 - 20:52:33: [funvotes.smx] "[T-T]MoY<2><STEAM_1:0:511491787><>" initiated a slay vote against "columbina<167><STEAM_1:0:555070420><>"
L 07/27/2025 - 20:52:44: -------- Mapchange to c2m3_coaster --------
L 07/27/2025 - 20:52:47: [basecommands.smx] "Console<0><Console><Console>" changed cvar (cvar "sv_consistency") (value "0")
L 07/27/2025 - 20:52:47: [basecommands.smx] "Console<0><Console><Console>" changed cvar (cvar "sv_allow_lobby_connect_only") (value "0")
L 07/27/2025 - 20:52:47: [basecommands.smx] "Console<0><Console><Console>" changed cvar (cvar "sv_maxplayers") (value "8")
L 07/27/2025 - 20:52:47: [basecommands.smx] "Console<0><Console><Console>" changed cvar (cvar "sv_visiblemaxplayers") (value "-1")
L 07/27/2025 - 21:12:12: [basevotes.smx] "[T-T]MoY<2><STEAM_1:0:511491787><>" initiated a kick vote against "sicsaz18121<275><STEAM_1:0:554775515><>"
L 07/27/2025 - 21:12:33: [basevotes.smx] Vote failed. 60% vote required. (Received "25" of 4 votes)
L 07/27/2025 - 21:13:18: -------- Mapchange to c2m4_barns --------
L 07/27/2025 - 21:13:21: [basecommands.smx] "Console<0><Console><Console>" changed cvar (cvar "sv_consistency") (value "0")
L 07/27/2025 - 21:13:21: [basecommands.smx] "Console<0><Console><Console>" changed cvar (cvar "sv_allow_lobby_connect_only") (value "0")
L 07/27/2025 - 21:13:21: [basecommands.smx] "Console<0><Console><Console>" changed cvar (cvar "sv_maxplayers") (value "8")
L 07/27/2025 - 21:13:21: [basecommands.smx] "Console<0><Console><Console>" changed cvar (cvar "sv_visiblemaxplayers") (value "-1")
L 07/27/2025 - 21:14:32: [playercommands.smx] "[T-T]MoY<2><STEAM_1:0:511491787><>" slayed "[T-T]MoY<2><STEAM_1:0:511491787><>"
L 07/27/2025 - 21:14:32: [playercommands.smx] "[T-T]MoY<2><STEAM_1:0:511491787><>" slayed "Tank<297><BOT><>"
L 07/27/2025 - 21:14:32: [playercommands.smx] "[T-T]MoY<2><STEAM_1:0:511491787><>" slayed "Riko-Chan<24><STEAM_1:1:532600634><>"
L 07/27/2025 - 21:14:33: [playercommands.smx] "[T-T]MoY<2><STEAM_1:0:511491787><>" slayed "coca cola espuma<117><STEAM_1:1:642356345><>"
L 07/27/2025 - 21:14:33: [playercommands.smx] "[T-T]MoY<2><STEAM_1:0:511491787><>" slayed "ga ;3<35><STEAM_1:1:535318569><>"
L 07/27/2025 - 21:14:33: [playercommands.smx] "[T-T]MoY<2><STEAM_1:0:511491787><>" slayed "sicsaz18121<275><STEAM_1:0:554775515><>"
L 07/27/2025 - 21:14:33: [playercommands.smx] "[T-T]MoY<2><STEAM_1:0:511491787><>" slayed "Bloxd0p<228><STEAM_1:0:753539458><>"
L 07/27/2025 - 21:14:33: [playercommands.smx] "[T-T]MoY<2><STEAM_1:0:511491787><>" slayed "JOSH :()<93><STEAM_1:0:74572512><>"
L 07/27/2025 - 21:17:18: -------- Mapchange to c2m5_concert --------
L 07/27/2025 - 21:17:21: [basecommands.smx] "Console<0><Console><Console>" changed cvar (cvar "sv_consistency") (value "0")
L 07/27/2025 - 21:17:21: [basecommands.smx] "Console<0><Console><Console>" changed cvar (cvar "sv_allow_lobby_connect_only") (value "0")
L 07/27/2025 - 21:17:21: [basecommands.smx] "Console<0><Console><Console>" changed cvar (cvar "sv_maxplayers") (value "8")
L 07/27/2025 - 21:17:21: [basecommands.smx] "Console<0><Console><Console>" changed cvar (cvar "sv_visiblemaxplayers") (value "-1")
L 07/27/2025 - 21:30:33: -------- Mapchange to c13m1_alpinecreek --------
L 07/27/2025 - 21:30:36: [basecommands.smx] "Console<0><Console><Console>" changed cvar (cvar "sv_consistency") (value "0")
L 07/27/2025 - 21:30:36: [basecommands.smx] "Console<0><Console><Console>" changed cvar (cvar "sv_allow_lobby_connect_only") (value "0")
L 07/27/2025 - 21:30:36: [basecommands.smx] "Console<0><Console><Console>" changed cvar (cvar "sv_maxplayers") (value "8")
L 07/27/2025 - 21:30:36: [basecommands.smx] "Console<0><Console><Console>" changed cvar (cvar "sv_visiblemaxplayers") (value "-1")
L 07/27/2025 - 21:33:24: -------- Mapchange to c13m2_southpinestream --------
L 07/27/2025 - 21:33:27: [basecommands.smx] "Console<0><Console><Console>" changed cvar (cvar "sv_consistency") (value "0")
L 07/27/2025 - 21:33:27: [basecommands.smx] "Console<0><Console><Console>" changed cvar (cvar "sv_allow_lobby_connect_only") (value "0")
L 07/27/2025 - 21:33:27: [basecommands.smx] "Console<0><Console><Console>" changed cvar (cvar "sv_maxplayers") (value "8")
L 07/27/2025 - 21:33:27: [basecommands.smx] "Console<0><Console><Console>" changed cvar (cvar "sv_visiblemaxplayers") (value "-1")
L 07/27/2025 - 21:34:05: [playercommands.smx] "[T-T]MoY<2><STEAM_1:0:511491787><>" slayed "[T-T]MoY<2><STEAM_1:0:511491787><>"
L 07/27/2025 - 21:34:05: [playercommands.smx] "[T-T]MoY<2><STEAM_1:0:511491787><>" slayed "Riko-Chan<24><STEAM_1:1:532600634><>"
L 07/27/2025 - 21:34:05: [playercommands.smx] "[T-T]MoY<2><STEAM_1:0:511491787><>" slayed "Tedd<318><STEAM_1:0:909964730><>"
L 07/27/2025 - 21:34:05: [playercommands.smx] "[T-T]MoY<2><STEAM_1:0:511491787><>" slayed "ga ;3<35><STEAM_1:1:535318569><>"
L 07/27/2025 - 21:34:05: [playercommands.smx] "[T-T]MoY<2><STEAM_1:0:511491787><>" slayed "Bloxd0p<228><STEAM_1:0:753539458><>"
L 07/27/2025 - 21:34:06: [playercommands.smx] "[T-T]MoY<2><STEAM_1:0:511491787><>" slayed "Francis<356><BOT><>"
L 07/27/2025 - 21:34:06: [playercommands.smx] "[T-T]MoY<2><STEAM_1:0:511491787><>" slayed "JOSH :()<93><STEAM_1:0:74572512><>"
L 07/27/2025 - 21:36:57: -------- Mapchange to c13m3_memorialbridge --------
L 07/27/2025 - 21:37:01: [basecommands.smx] "Console<0><Console><Console>" changed cvar (cvar "sv_consistency") (value "0")
L 07/27/2025 - 21:37:01: [basecommands.smx] "Console<0><Console><Console>" changed cvar (cvar "sv_allow_lobby_connect_only") (value "0")
L 07/27/2025 - 21:37:01: [basecommands.smx] "Console<0><Console><Console>" changed cvar (cvar "sv_maxplayers") (value "8")
L 07/27/2025 - 21:37:01: [basecommands.smx] "Console<0><Console><Console>" changed cvar (cvar "sv_visiblemaxplayers") (value "-1")
L 07/27/2025 - 21:38:15: [playercommands.smx] "[T-T]MoY<2><STEAM_1:0:511491787><>" slayed "Tank<373><BOT><>"
L 07/27/2025 - 21:38:15: [playercommands.smx] "[T-T]MoY<2><STEAM_1:0:511491787><>" slayed "(1)Tank<374><BOT><>"
L 07/27/2025 - 21:38:15: [playercommands.smx] "[T-T]MoY<2><STEAM_1:0:511491787><>" slayed "Tedd<318><STEAM_1:0:909964730><>"
L 07/27/2025 - 21:38:15: [playercommands.smx] "[T-T]MoY<2><STEAM_1:0:511491787><>" slayed "coca cola espuma<117><STEAM_1:1:642356345><>"
L 07/27/2025 - 21:38:15: [playercommands.smx] "[T-T]MoY<2><STEAM_1:0:511491787><>" slayed "ga ;3<35><STEAM_1:1:535318569><>"
L 07/27/2025 - 21:38:15: [playercommands.smx] "[T-T]MoY<2><STEAM_1:0:511491787><>" slayed "sicsaz18121<275><STEAM_1:0:554775515><>"
L 07/27/2025 - 21:38:16: [playercommands.smx] "[T-T]MoY<2><STEAM_1:0:511491787><>" slayed "(3)Tank<376><BOT><>"
L 07/27/2025 - 21:38:16: [playercommands.smx] "[T-T]MoY<2><STEAM_1:0:511491787><>" slayed "JOSH :()<93><STEAM_1:0:74572512><>"
L 07/27/2025 - 21:40:46: -------- Mapchange to c13m4_cutthroatcreek --------
L 07/27/2025 - 21:40:49: [basecommands.smx] "Console<0><Console><Console>" changed cvar (cvar "sv_consistency") (value "0")
L 07/27/2025 - 21:40:49: [basecommands.smx] "Console<0><Console><Console>" changed cvar (cvar "sv_allow_lobby_connect_only") (value "0")
L 07/27/2025 - 21:40:49: [basecommands.smx] "Console<0><Console><Console>" changed cvar (cvar "sv_maxplayers") (value "8")
L 07/27/2025 - 21:40:49: [basecommands.smx] "Console<0><Console><Console>" changed cvar (cvar "sv_visiblemaxplayers") (value "-1")
L 07/27/2025 - 21:42:16: [funcommands.smx] "[T-T]MoY<2><STEAM_1:0:511491787><>" set a TimeBomb on "Riko-Chan<24><STEAM_1:1:532600634><>"
L 07/27/2025 - 21:49:57: -------- Mapchange to bwm1_climb --------
L 07/27/2025 - 21:50:00: [basecommands.smx] "Console<0><Console><Console>" changed cvar (cvar "sv_consistency") (value "0")
L 07/27/2025 - 21:50:00: [basecommands.smx] "Console<0><Console><Console>" changed cvar (cvar "sv_allow_lobby_connect_only") (value "0")
L 07/27/2025 - 21:50:00: [basecommands.smx] "Console<0><Console><Console>" changed cvar (cvar "sv_maxplayers") (value "8")
L 07/27/2025 - 21:50:00: [basecommands.smx] "Console<0><Console><Console>" changed cvar (cvar "sv_visiblemaxplayers") (value "-1")
L 07/27/2025 - 21:51:22: [basevotes.smx] "[T-T]MoY<413><STEAM_1:0:511491787><>" initiated a generic vote (question "o quieren vs de tanks" / answers "Yes" "No").
L 07/27/2025 - 21:51:43: [basevotes.smx] Vote failed. 0% vote required. (Received "33" of 3 votes)
L 07/27/2025 - 21:56:43: [playercommands.smx] "[T-T]MoY<413><STEAM_1:0:511491787><>" slayed "coca cola espuma<414><STEAM_1:1:642356345><>"
L 07/27/2025 - 21:56:43: [playercommands.smx] "[T-T]MoY<413><STEAM_1:0:511491787><>" slayed "(2)Tank<447><BOT><>"
L 07/27/2025 - 21:56:43: [playercommands.smx] "[T-T]MoY<413><STEAM_1:0:511491787><>" slayed "JOSH :()<417><STEAM_1:0:74572512><>"
L 07/27/2025 - 21:56:43: [playercommands.smx] "[T-T]MoY<413><STEAM_1:0:511491787><>" slayed "Riko-Chan<425><STEAM_1:1:532600634><>"
L 07/27/2025 - 21:56:43: [playercommands.smx] "[T-T]MoY<413><STEAM_1:0:511491787><>" slayed "Tank<448><BOT><>"
L 07/27/2025 - 21:56:43: [playercommands.smx] "[T-T]MoY<413><STEAM_1:0:511491787><>" slayed "(1)Tank<444><BOT><>"
L 07/27/2025 - 21:56:44: [playercommands.smx] "[T-T]MoY<413><STEAM_1:0:511491787><>" slayed "give me you heart<445><STEAM_1:0:627988527><>"
L 07/27/2025 - 21:56:44: [playercommands.smx] "[T-T]MoY<413><STEAM_1:0:511491787><>" slayed "(3)Tank<449><BOT><>"
L 07/27/2025 - 21:56:44: [playercommands.smx] "[T-T]MoY<413><STEAM_1:0:511491787><>" slayed "(4)Tank<450><BOT><>"
L 07/27/2025 - 21:56:59: [playercommands.smx] "[T-T]MoY<413><STEAM_1:0:511491787><>" slayed "coca cola espuma<414><STEAM_1:1:642356345><>"
L 07/27/2025 - 21:58:46: -------- Mapchange to bwm2_city --------
L 07/27/2025 - 21:58:49: [basecommands.smx] "Console<0><Console><Console>" changed cvar (cvar "sv_consistency") (value "0")
L 07/27/2025 - 21:58:49: [basecommands.smx] "Console<0><Console><Console>" changed cvar (cvar "sv_allow_lobby_connect_only") (value "0")
L 07/27/2025 - 21:58:49: [basecommands.smx] "Console<0><Console><Console>" changed cvar (cvar "sv_maxplayers") (value "8")
L 07/27/2025 - 21:58:49: [basecommands.smx] "Console<0><Console><Console>" changed cvar (cvar "sv_visiblemaxplayers") (value "-1")
L 07/27/2025 - 21:59:12: [funcommands.smx] "[T-T]MoY<413><STEAM_1:0:511491787><>" set blind on "coca cola espuma<458><STEAM_1:1:642356345><>" (amount "255")
L 07/27/2025 - 22:01:01: [funcommands.smx] "[T-T]MoY<413><STEAM_1:0:511491787><>" set blind on "coca cola espuma<458><STEAM_1:1:642356345><>" (amount "255")
L 07/27/2025 - 22:04:00: [funcommands.smx] "[T-T]MoY<413><STEAM_1:0:511491787><>" set blind on "Riko-Chan<460><STEAM_1:1:532600634><>" (amount "255")
L 07/27/2025 - 22:06:01: [funcommands.smx] "[T-T]MoY<413><STEAM_1:0:511491787><>" set blind on "Riko-Chan<460><STEAM_1:1:532600634><>" (amount "0")
L 07/27/2025 - 22:10:48: [l4d_sm_respawn.smx] "[T-T]MoY<413><STEAM_1:0:511491787><>" teleported "???<498><STEAM_1:0:635236332><>" after respawning him
L 07/27/2025 - 22:11:05: [playercommands.smx] "[T-T]MoY<413><STEAM_1:0:511491787><>" slayed "coca cola espuma<458><STEAM_1:1:642356345><>"
L 07/27/2025 - 22:14:24: -------- Mapchange to bwm3_forest --------
L 07/27/2025 - 22:14:27: [basecommands.smx] "Console<0><Console><Console>" changed cvar (cvar "sv_consistency") (value "0")
L 07/27/2025 - 22:14:27: [basecommands.smx] "Console<0><Console><Console>" changed cvar (cvar "sv_allow_lobby_connect_only") (value "0")
L 07/27/2025 - 22:14:27: [basecommands.smx] "Console<0><Console><Console>" changed cvar (cvar "sv_maxplayers") (value "8")
L 07/27/2025 - 22:14:27: [basecommands.smx] "Console<0><Console><Console>" changed cvar (cvar "sv_visiblemaxplayers") (value "-1")
L 07/27/2025 - 22:19:20: -------- Mapchange to bwm4_rooftops --------
L 07/27/2025 - 22:19:23: [basecommands.smx] "Console<0><Console><Console>" changed cvar (cvar "sv_consistency") (value "0")
L 07/27/2025 - 22:19:23: [basecommands.smx] "Console<0><Console><Console>" changed cvar (cvar "sv_allow_lobby_connect_only") (value "0")
L 07/27/2025 - 22:19:23: [basecommands.smx] "Console<0><Console><Console>" changed cvar (cvar "sv_maxplayers") (value "8")
L 07/27/2025 - 22:19:23: [basecommands.smx] "Console<0><Console><Console>" changed cvar (cvar "sv_visiblemaxplayers") (value "-1")
L 07/27/2025 - 22:22:28: -------- Mapchange to bwm5_bridge --------
L 07/27/2025 - 22:22:31: [basecommands.smx] "Console<0><Console><Console>" changed cvar (cvar "sv_consistency") (value "0")
L 07/27/2025 - 22:22:31: [basecommands.smx] "Console<0><Console><Console>" changed cvar (cvar "sv_allow_lobby_connect_only") (value "0")
L 07/27/2025 - 22:22:31: [basecommands.smx] "Console<0><Console><Console>" changed cvar (cvar "sv_maxplayers") (value "8")
L 07/27/2025 - 22:22:31: [basecommands.smx] "Console<0><Console><Console>" changed cvar (cvar "sv_visiblemaxplayers") (value "-1")
L 07/27/2025 - 22:24:59: -------- Mapchange to bwm1_climb --------
L 07/27/2025 - 22:25:02: [basecommands.smx] "Console<0><Console><Console>" changed cvar (cvar "sv_consistency") (value "0")
L 07/27/2025 - 22:25:02: [basecommands.smx] "Console<0><Console><Console>" changed cvar (cvar "sv_allow_lobby_connect_only") (value "0")
L 07/27/2025 - 22:25:02: [basecommands.smx] "Console<0><Console><Console>" changed cvar (cvar "sv_maxplayers") (value "8")
L 07/27/2025 - 22:25:02: [basecommands.smx] "Console<0><Console><Console>" changed cvar (cvar "sv_visiblemaxplayers") (value "-1")
L 07/27/2025 - 22:26:39: [L4d2_changemode.smx] "[T-T]MoY<413><STEAM_1:0:511491787><>" cambió el modo a "mutation19" y mapa a "bwm1_climb"
L 07/27/2025 - 22:26:39: [basecommands.smx] "[T-T]MoY<413><STEAM_1:0:511491787><>" changed cvar (cvar "versus_tank_chance") (value "100")
L 07/27/2025 - 22:26:42: [SM] Changed map to "bwm1_climb"
L 07/27/2025 - 22:26:43: -------- Mapchange to bwm1_climb --------
L 07/27/2025 - 22:26:45: [basecommands.smx] "Console<0><Console><Console>" changed cvar (cvar "sv_consistency") (value "0")
L 07/27/2025 - 22:26:45: [basecommands.smx] "Console<0><Console><Console>" changed cvar (cvar "sv_allow_lobby_connect_only") (value "0")
L 07/27/2025 - 22:26:45: [basecommands.smx] "Console<0><Console><Console>" changed cvar (cvar "sv_maxplayers") (value "8")
L 07/27/2025 - 22:26:45: [basecommands.smx] "Console<0><Console><Console>" changed cvar (cvar "sv_visiblemaxplayers") (value "-1")
L 07/27/2025 - 22:27:07: [basecommands.smx] "[T-T]MoY<413><STEAM_1:0:511491787><>" changed cvar (cvar "sv_gravity") (value "800")
L 07/27/2025 - 22:27:07: [basecommands.smx] "[T-T]MoY<413><STEAM_1:0:511491787><>" changed cvar (cvar "mp_gamemode") (value "versus")
L 07/27/2025 - 22:27:19: [basecommands.smx] "[T-T]MoY<413><STEAM_1:0:511491787><>" changed cvar (cvar "sv_gravity") (value "200")
L 07/27/2025 - 22:28:46: [L4d2_changemode.smx] "[T-T]MoY<413><STEAM_1:0:511491787><>" cambió el modo a "mutation19" y mapa a "bwm1_climb"
L 07/27/2025 - 22:28:46: [basecommands.smx] "[T-T]MoY<413><STEAM_1:0:511491787><>" changed cvar (cvar "versus_tank_chance") (value "100")
L 07/27/2025 - 22:28:49: [SM] Changed map to "bwm1_climb"
L 07/27/2025 - 22:28:50: -------- Mapchange to bwm1_climb --------
L 07/27/2025 - 22:28:52: [basecommands.smx] "Console<0><Console><Console>" changed cvar (cvar "sv_consistency") (value "0")
L 07/27/2025 - 22:28:52: [basecommands.smx] "Console<0><Console><Console>" changed cvar (cvar "sv_allow_lobby_connect_only") (value "0")
L 07/27/2025 - 22:28:52: [basecommands.smx] "Console<0><Console><Console>" changed cvar (cvar "sv_maxplayers") (value "8")
L 07/27/2025 - 22:28:52: [basecommands.smx] "Console<0><Console><Console>" changed cvar (cvar "sv_visiblemaxplayers") (value "-1")
L 07/27/2025 - 22:29:09: [basecommands.smx] "[T-T]MoY<413><STEAM_1:0:511491787><>" changed cvar (cvar "sv_gravity") (value "200")
L 07/27/2025 - 22:35:26: -------- Mapchange to bwm2_city --------
L 07/27/2025 - 22:35:29: [basecommands.smx] "Console<0><Console><Console>" changed cvar (cvar "sv_consistency") (value "0")
L 07/27/2025 - 22:35:29: [basecommands.smx] "Console<0><Console><Console>" changed cvar (cvar "sv_allow_lobby_connect_only") (value "0")
L 07/27/2025 - 22:35:29: [basecommands.smx] "Console<0><Console><Console>" changed cvar (cvar "sv_maxplayers") (value "8")
L 07/27/2025 - 22:35:29: [basecommands.smx] "Console<0><Console><Console>" changed cvar (cvar "sv_visiblemaxplayers") (value "-1")
L 07/27/2025 - 22:42:41: -------- Mapchange to bwm3_forest --------
L 07/27/2025 - 22:42:44: [basecommands.smx] "Console<0><Console><Console>" changed cvar (cvar "sv_consistency") (value "0")
L 07/27/2025 - 22:42:44: [basecommands.smx] "Console<0><Console><Console>" changed cvar (cvar "sv_allow_lobby_connect_only") (value "0")
L 07/27/2025 - 22:42:44: [basecommands.smx] "Console<0><Console><Console>" changed cvar (cvar "sv_maxplayers") (value "8")
L 07/27/2025 - 22:42:44: [basecommands.smx] "Console<0><Console><Console>" changed cvar (cvar "sv_visiblemaxplayers") (value "-1")
L 07/27/2025 - 22:45:54: -------- Mapchange to bwm4_rooftops --------
L 07/27/2025 - 22:45:56: [basecommands.smx] "Console<0><Console><Console>" changed cvar (cvar "sv_consistency") (value "0")
L 07/27/2025 - 22:45:56: [basecommands.smx] "Console<0><Console><Console>" changed cvar (cvar "sv_allow_lobby_connect_only") (value "0")
L 07/27/2025 - 22:45:56: [basecommands.smx] "Console<0><Console><Console>" changed cvar (cvar "sv_maxplayers") (value "8")
L 07/27/2025 - 22:45:56: [basecommands.smx] "Console<0><Console><Console>" changed cvar (cvar "sv_visiblemaxplayers") (value "-1")
L 07/27/2025 - 22:51:45: Log file closed.
