L 01/07/2026 - 15:00:35: SourceMod log file session started (file "d:\steamlibrary\steamapps\common\left 4 dead 2\left4dead2\addons\sourcemod\logs\L20260107.log") (Version "1.12.0.7207")
L 01/07/2026 - 15:00:35: [GEOIP] GeoIP2 database loaded: GeoLite2-ASN (2024-08-21 08:15:21 UTC) (d:\steamlibrary\steamapps\common\left 4 dead 2\left4dead2\addons\sourcemod\configs\geoip\GeoLite2-ASN.mmdb)
L 01/07/2026 - 15:00:35: [GEOIP] GeoIP2 supported languages: en
L 01/07/2026 - 15:00:35: [GEOIP] Your database is older than 90 days. You should consider downloading a newer version from e.g. https://dev.maxmind.com/geoip/geolite2-free-geolocation-data
L 01/07/2026 - 15:00:44: [basecommands.smx] "Console<0><Console><Console>" changed cvar (cvar "sv_consistency") (value "0")
L 01/07/2026 - 15:00:44: [basecommands.smx] "Console<0><Console><Console>" changed cvar (cvar "sv_allow_lobby_connect_only") (value "0")
L 01/07/2026 - 15:00:44: [basecommands.smx] "Console<0><Console><Console>" changed cvar (cvar "sv_maxplayers") (value "8")
L 01/07/2026 - 15:00:44: [basecommands.smx] "Console<0><Console><Console>" changed cvar (cvar "sv_visiblemaxplayers") (value "-1")
L 01/07/2026 - 15:00:45: [chat-processor.smx] Message formats generated for game 'left4dead2'.
L 01/07/2026 - 15:00:45: [chat-processor.smx] Successfully hooked a SayText2 chat hook.
L 01/07/2026 - 15:02:04: [basecommands.smx] "[T-T]MoY<2><STEAM_1:0:511491787><>" changed cvar (cvar "sv_gravity") (value "200")
L 01/07/2026 - 15:06:03: -------- Mapchange to c2m1_highway --------
L 01/07/2026 - 15:06:07: [basecommands.smx] "Console<0><Console><Console>" changed cvar (cvar "sv_consistency") (value "0")
L 01/07/2026 - 15:06:07: [basecommands.smx] "Console<0><Console><Console>" changed cvar (cvar "sv_allow_lobby_connect_only") (value "0")
L 01/07/2026 - 15:06:07: [basecommands.smx] "Console<0><Console><Console>" changed cvar (cvar "sv_maxplayers") (value "8")
L 01/07/2026 - 15:06:07: [basecommands.smx] "Console<0><Console><Console>" changed cvar (cvar "sv_visiblemaxplayers") (value "-1")
L 01/07/2026 - 15:06:07: [chat-processor.smx] Message formats generated for game 'left4dead2'.
L 01/07/2026 - 15:06:07: [chat-processor.smx] Successfully hooked a SayText2 chat hook.
L 01/07/2026 - 15:07:26: [basecommands.smx] "[T-T]MoY<12><STEAM_1:0:511491787><>" changed cvar (cvar "sv_gravity") (value "200")
L 01/07/2026 - 15:07:26: [basecommands.smx] "[T-T]MoY<12><STEAM_1:0:511491787><>" changed cvar (cvar "versus_tank_chance") (value "100")
L 01/07/2026 - 15:07:30: [basecommands.smx] "[T-T]MoY<12><STEAM_1:0:511491787><>" changed cvar (cvar "sv_gravity") (value "800")
L 01/07/2026 - 15:14:53: -------- Mapchange to c2m1_highway --------
L 01/07/2026 - 15:14:56: [basecommands.smx] "Console<0><Console><Console>" changed cvar (cvar "sv_consistency") (value "0")
L 01/07/2026 - 15:14:56: [basecommands.smx] "Console<0><Console><Console>" changed cvar (cvar "sv_allow_lobby_connect_only") (value "0")
L 01/07/2026 - 15:14:56: [basecommands.smx] "Console<0><Console><Console>" changed cvar (cvar "sv_maxplayers") (value "8")
L 01/07/2026 - 15:14:56: [basecommands.smx] "Console<0><Console><Console>" changed cvar (cvar "sv_visiblemaxplayers") (value "-1")
L 01/07/2026 - 15:14:56: [chat-processor.smx] Message formats generated for game 'left4dead2'.
L 01/07/2026 - 15:14:56: [chat-processor.smx] Successfully hooked a SayText2 chat hook.
L 01/07/2026 - 15:33:09: -------- Mapchange to c2m2_fairgrounds --------
L 01/07/2026 - 15:33:13: [basecommands.smx] "Console<0><Console><Console>" changed cvar (cvar "sv_consistency") (value "0")
L 01/07/2026 - 15:33:13: [basecommands.smx] "Console<0><Console><Console>" changed cvar (cvar "sv_allow_lobby_connect_only") (value "0")
L 01/07/2026 - 15:33:13: [basecommands.smx] "Console<0><Console><Console>" changed cvar (cvar "sv_maxplayers") (value "8")
L 01/07/2026 - 15:33:13: [basecommands.smx] "Console<0><Console><Console>" changed cvar (cvar "sv_visiblemaxplayers") (value "-1")
L 01/07/2026 - 15:33:13: [chat-processor.smx] Message formats generated for game 'left4dead2'.
L 01/07/2026 - 15:33:13: [chat-processor.smx] Successfully hooked a SayText2 chat hook.
L 01/07/2026 - 15:41:14: [all4dead2.smx] [NOTICE]: ([T-T]MoY<22><STEAM_1:0:511491787><>) has spawned a tank
L 01/07/2026 - 15:42:58: Log file closed.
