L 06/28/2025 - 13:51:39: SourceMod log file session started (file "e:\steamlibrary\steamapps\common\left 4 dead 2\left4dead2\addons\sourcemod\logs\L20250628.log") (Version "1.12.0.7207")
L 06/28/2025 - 13:51:39: [GEOIP] GeoIP2 database loaded: GeoLite2-ASN (2024-08-21 08:15:21 UTC) (e:\steamlibrary\steamapps\common\left 4 dead 2\left4dead2\addons\sourcemod\configs\geoip\GeoLite2-ASN.mmdb)
L 06/28/2025 - 13:51:39: [GEOIP] GeoIP2 supported languages: en
L 06/28/2025 - 13:51:39: [GEOIP] Your database is older than 90 days. You should consider downloading a newer version from e.g. https://dev.maxmind.com/geoip/geolite2-free-geolocation-data
L 06/28/2025 - 13:51:47: [basecommands.smx] "Console<0><Console><Console>" changed cvar (cvar "sv_consistency") (value "0")
L 06/28/2025 - 13:51:47: [basecommands.smx] "Console<0><Console><Console>" changed cvar (cvar "sv_allow_lobby_connect_only") (value "0")
L 06/28/2025 - 13:51:47: [basecommands.smx] "Console<0><Console><Console>" changed cvar (cvar "sv_maxplayers") (value "8")
L 06/28/2025 - 13:51:47: [basecommands.smx] "Console<0><Console><Console>" changed cvar (cvar "sv_visiblemaxplayers") (value "-1")
L 06/28/2025 - 13:52:23: [basecommands.smx] "[T-T]MoY<2><STEAM_1:0:511491787><>" changed cvar (cvar "sv_gravity") (value "200")
L 06/28/2025 - 14:01:08: Log file closed.
L 06/28/2025 - 14:26:31: SourceMod log file session started (file "e:\steamlibrary\steamapps\common\left 4 dead 2\left4dead2\addons\sourcemod\logs\L20250628.log") (Version "1.12.0.7207")
L 06/28/2025 - 14:26:31: [GEOIP] GeoIP2 database loaded: GeoLite2-ASN (2024-08-21 08:15:21 UTC) (e:\steamlibrary\steamapps\common\left 4 dead 2\left4dead2\addons\sourcemod\configs\geoip\GeoLite2-ASN.mmdb)
L 06/28/2025 - 14:26:31: [GEOIP] GeoIP2 supported languages: en
L 06/28/2025 - 14:26:31: [GEOIP] Your database is older than 90 days. You should consider downloading a newer version from e.g. https://dev.maxmind.com/geoip/geolite2-free-geolocation-data
L 06/28/2025 - 14:27:03: [basecommands.smx] "Console<0><Console><Console>" changed cvar (cvar "sv_consistency") (value "0")
L 06/28/2025 - 14:27:03: [basecommands.smx] "Console<0><Console><Console>" changed cvar (cvar "sv_allow_lobby_connect_only") (value "0")
L 06/28/2025 - 14:27:03: [basecommands.smx] "Console<0><Console><Console>" changed cvar (cvar "sv_maxplayers") (value "8")
L 06/28/2025 - 14:27:03: [basecommands.smx] "Console<0><Console><Console>" changed cvar (cvar "sv_visiblemaxplayers") (value "-1")
L 06/28/2025 - 14:31:50: [basecommands.smx] "[T-T]MoY<2><STEAM_1:0:511491787><>" changed cvar (cvar "sv_gravity") (value "200")
L 06/28/2025 - 14:33:40: [l4d_sm_respawn.smx] "[T-T]MoY<2><STEAM_1:0:511491787><>" teleported "NAangel<9><STEAM_1:1:225837088><>" after respawning him
L 06/28/2025 - 14:36:53: -------- Mapchange to c1m2_streets --------
L 06/28/2025 - 14:37:00: [basecommands.smx] "Console<0><Console><Console>" changed cvar (cvar "sv_consistency") (value "0")
L 06/28/2025 - 14:37:00: [basecommands.smx] "Console<0><Console><Console>" changed cvar (cvar "sv_allow_lobby_connect_only") (value "0")
L 06/28/2025 - 14:37:00: [basecommands.smx] "Console<0><Console><Console>" changed cvar (cvar "sv_maxplayers") (value "8")
L 06/28/2025 - 14:37:00: [basecommands.smx] "Console<0><Console><Console>" changed cvar (cvar "sv_visiblemaxplayers") (value "-1")
L 06/28/2025 - 14:39:09: [basecomm.smx] "[T-T]MoY<2><STEAM_1:0:511491787><>" silenced "MIKI_UWU<19><STEAM_1:0:702821112><>"
L 06/28/2025 - 14:39:30: [basecomm.smx] "[T-T]MoY<2><STEAM_1:0:511491787><>" silenced "licenciado SEXO<24><STEAM_1:1:459807868><>"
L 06/28/2025 - 14:39:56: [basecomm.smx] "[T-T]MoY<2><STEAM_1:0:511491787><>" unsilenced "licenciado SEXO<24><STEAM_1:1:459807868><>"
L 06/28/2025 - 14:40:05: [basecomm.smx] "[T-T]MoY<2><STEAM_1:0:511491787><>" unsilenced "MIKI_UWU<19><STEAM_1:0:702821112><>"
L 06/28/2025 - 15:08:55: [basecomm.smx] "[T-T]MoY<2><STEAM_1:0:511491787><>" silenced "licenciado SEXO<24><STEAM_1:1:459807868><>"
L 06/28/2025 - 15:09:50: [basecomm.smx] "[T-T]MoY<2><STEAM_1:0:511491787><>" unsilenced "licenciado SEXO<24><STEAM_1:1:459807868><>"
L 06/28/2025 - 15:16:14: -------- Mapchange to c1m3_mall --------
L 06/28/2025 - 15:16:16: [basecommands.smx] "Console<0><Console><Console>" changed cvar (cvar "sv_consistency") (value "0")
L 06/28/2025 - 15:16:16: [basecommands.smx] "Console<0><Console><Console>" changed cvar (cvar "sv_allow_lobby_connect_only") (value "0")
L 06/28/2025 - 15:16:16: [basecommands.smx] "Console<0><Console><Console>" changed cvar (cvar "sv_maxplayers") (value "8")
L 06/28/2025 - 15:16:16: [basecommands.smx] "Console<0><Console><Console>" changed cvar (cvar "sv_visiblemaxplayers") (value "-1")
L 06/28/2025 - 15:20:11: -------- Mapchange to c1m4_atrium --------
L 06/28/2025 - 15:20:13: [basecommands.smx] "Console<0><Console><Console>" changed cvar (cvar "sv_consistency") (value "0")
L 06/28/2025 - 15:20:13: [basecommands.smx] "Console<0><Console><Console>" changed cvar (cvar "sv_allow_lobby_connect_only") (value "0")
L 06/28/2025 - 15:20:13: [basecommands.smx] "Console<0><Console><Console>" changed cvar (cvar "sv_maxplayers") (value "8")
L 06/28/2025 - 15:20:13: [basecommands.smx] "Console<0><Console><Console>" changed cvar (cvar "sv_visiblemaxplayers") (value "-1")
L 06/28/2025 - 15:26:00: [basecommands.smx] "[T-T]MoY<2><STEAM_1:0:511491787><>" refreshed the admin cache.
L 06/28/2025 - 15:26:30: [l4d_sm_respawn.smx] "[T-T]MoY<2><STEAM_1:0:511491787><>" teleported "Madman<68><STEAM_1:0:194222757><>" after respawning him
L 06/28/2025 - 15:27:11: [l4d_sm_respawn.smx] "[T-T]MoY<2><STEAM_1:0:511491787><>" teleported "Madman<68><STEAM_1:0:194222757><>" after respawning him
L 06/28/2025 - 15:27:32: [l4d_sm_respawn.smx] "[T-T]MoY<2><STEAM_1:0:511491787><>" teleported "Madman<68><STEAM_1:0:194222757><>" after respawning him
L 06/28/2025 - 15:27:43: [l4d_sm_respawn.smx] "[T-T]MoY<2><STEAM_1:0:511491787><>" teleported "NAangel<9><STEAM_1:1:225837088><>" after respawning him
L 06/28/2025 - 15:27:57: [l4d_sm_respawn.smx] "[T-T]MoY<2><STEAM_1:0:511491787><>" teleported "licenciado SEXO<24><STEAM_1:1:459807868><>" after respawning him
L 06/28/2025 - 15:28:18: [l4d_sm_respawn.smx] "[T-T]MoY<2><STEAM_1:0:511491787><>" teleported "Saul Goodman<37><STEAM_1:1:947227378><>" after respawning him
L 06/28/2025 - 15:28:41: [l4d_sm_respawn.smx] "[T-T]MoY<2><STEAM_1:0:511491787><>" teleported "NAangel<9><STEAM_1:1:225837088><>" after respawning him
L 06/28/2025 - 15:29:02: [l4d_sm_respawn.smx] "[T-T]MoY<2><STEAM_1:0:511491787><>" teleported "el mata abuelitas 3 mil >:(<7><STEAM_1:1:588078957><>" after respawning him
L 06/28/2025 - 15:29:11: [l4d_sm_respawn.smx] "[T-T]MoY<2><STEAM_1:0:511491787><>" teleported "licenciado SEXO<24><STEAM_1:1:459807868><>" after respawning him
L 06/28/2025 - 15:29:40: [l4d_sm_respawn.smx] "[T-T]MoY<2><STEAM_1:0:511491787><>" teleported "El Ultimo Romantico<182><STEAM_1:0:809940403><>" after respawning him
L 06/28/2025 - 15:30:33: [l4d_sm_respawn.smx] "[T-T]MoY<2><STEAM_1:0:511491787><>" teleported "licenciado SEXO<24><STEAM_1:1:459807868><>" after respawning him
L 06/28/2025 - 15:30:43: [l4d_sm_respawn.smx] "[T-T]MoY<2><STEAM_1:0:511491787><>" teleported "Madman<68><STEAM_1:0:194222757><>" after respawning him
L 06/28/2025 - 15:31:00: [l4d_sm_respawn.smx] "[T-T]MoY<2><STEAM_1:0:511491787><>" teleported "Saul Goodman<37><STEAM_1:1:947227378><>" after respawning him
L 06/28/2025 - 15:31:40: [l4d_sm_respawn.smx] "[T-T]MoY<2><STEAM_1:0:511491787><>" teleported "el mata abuelitas 3 mil >:(<7><STEAM_1:1:588078957><>" after respawning him
L 06/28/2025 - 15:32:21: [l4d_sm_respawn.smx] "[T-T]MoY<2><STEAM_1:0:511491787><>" teleported "El Ultimo Romantico<182><STEAM_1:0:809940403><>" after respawning him
L 06/28/2025 - 15:32:29: [l4d_sm_respawn.smx] "[T-T]MoY<2><STEAM_1:0:511491787><>" teleported "el mata abuelitas 3 mil >:(<7><STEAM_1:1:588078957><>" after respawning him
L 06/28/2025 - 15:32:37: [l4d_sm_respawn.smx] "[T-T]MoY<2><STEAM_1:0:511491787><>" teleported "Saul Goodman<37><STEAM_1:1:947227378><>" after respawning him
L 06/28/2025 - 15:32:52: [l4d_sm_respawn.smx] "[T-T]MoY<2><STEAM_1:0:511491787><>" teleported "Saul Goodman<37><STEAM_1:1:947227378><>" after respawning him
L 06/28/2025 - 15:33:02: [l4d_sm_respawn.smx] "[T-T]MoY<2><STEAM_1:0:511491787><>" teleported "Madman<68><STEAM_1:0:194222757><>" after respawning him
L 06/28/2025 - 15:33:09: [l4d_sm_respawn.smx] "[T-T]MoY<2><STEAM_1:0:511491787><>" teleported "licenciado SEXO<24><STEAM_1:1:459807868><>" after respawning him
L 06/28/2025 - 15:33:20: [l4d_sm_respawn.smx] "[T-T]MoY<2><STEAM_1:0:511491787><>" teleported "Saul Goodman<37><STEAM_1:1:947227378><>" after respawning him
L 06/28/2025 - 15:33:29: [l4d_sm_respawn.smx] "[T-T]MoY<2><STEAM_1:0:511491787><>" teleported "El que te Pone en 4<222><STEAM_1:0:444646967><>" after respawning him
L 06/28/2025 - 15:33:44: [l4d_sm_respawn.smx] "[T-T]MoY<2><STEAM_1:0:511491787><>" teleported "el mata abuelitas 3 mil >:(<7><STEAM_1:1:588078957><>" after respawning him
L 06/28/2025 - 15:34:10: [l4d_sm_respawn.smx] "NAangel<9><STEAM_1:1:225837088><>" teleported "licenciado SEXO<24><STEAM_1:1:459807868><>" after respawning him
L 06/28/2025 - 15:34:12: [l4d_sm_respawn.smx] "[T-T]MoY<2><STEAM_1:0:511491787><>" teleported "NAangel<9><STEAM_1:1:225837088><>" after respawning him
L 06/28/2025 - 15:34:20: [l4d_sm_respawn.smx] "NAangel<9><STEAM_1:1:225837088><>" teleported "licenciado SEXO<24><STEAM_1:1:459807868><>" after respawning him
L 06/28/2025 - 15:34:29: [l4d_sm_respawn.smx] "[T-T]MoY<2><STEAM_1:0:511491787><>" teleported "el mata abuelitas 3 mil >:(<7><STEAM_1:1:588078957><>" after respawning him
L 06/28/2025 - 15:34:36: [l4d_sm_respawn.smx] "[T-T]MoY<2><STEAM_1:0:511491787><>" teleported "Saul Goodman<37><STEAM_1:1:947227378><>" after respawning him
L 06/28/2025 - 15:34:53: [l4d_sm_respawn.smx] "[T-T]MoY<2><STEAM_1:0:511491787><>" teleported "El que te Pone en 4<222><STEAM_1:0:444646967><>" after respawning him
L 06/28/2025 - 15:34:53: [l4d_sm_respawn.smx] "NAangel<9><STEAM_1:1:225837088><>" teleported "El que te Pone en 4<222><STEAM_1:0:444646967><>" after respawning him
L 06/28/2025 - 15:35:02: [l4d_sm_respawn.smx] "NAangel<9><STEAM_1:1:225837088><>" teleported "licenciado SEXO<24><STEAM_1:1:459807868><>" after respawning him
L 06/28/2025 - 15:35:22: [l4d_sm_respawn.smx] "NAangel<9><STEAM_1:1:225837088><>" teleported "el mata abuelitas 3 mil >:(<7><STEAM_1:1:588078957><>" after respawning him
L 06/28/2025 - 15:35:33: [l4d_sm_respawn.smx] "[T-T]MoY<2><STEAM_1:0:511491787><>" teleported "el mata abuelitas 3 mil >:(<7><STEAM_1:1:588078957><>" after respawning him
L 06/28/2025 - 15:36:23: [basevotes.smx] "[T-T]MoY<2><STEAM_1:0:511491787><>" initiated a map vote for c2m1_highway.
L 06/28/2025 - 15:36:43: [basevotes.smx] Vote successful. (Received "60" of 5 votes)
L 06/28/2025 - 15:36:43: [basevotes.smx] Changing map to c2m1_highway due to vote.
L 06/28/2025 - 15:36:48: [SM] Changed map to "c2m1_highway"
L 06/28/2025 - 15:36:50: -------- Mapchange to c2m1_highway --------
L 06/28/2025 - 15:36:53: [basecommands.smx] "Console<0><Console><Console>" changed cvar (cvar "sv_consistency") (value "0")
L 06/28/2025 - 15:36:53: [basecommands.smx] "Console<0><Console><Console>" changed cvar (cvar "sv_allow_lobby_connect_only") (value "0")
L 06/28/2025 - 15:36:53: [basecommands.smx] "Console<0><Console><Console>" changed cvar (cvar "sv_maxplayers") (value "8")
L 06/28/2025 - 15:36:53: [basecommands.smx] "Console<0><Console><Console>" changed cvar (cvar "sv_visiblemaxplayers") (value "-1")
L 06/28/2025 - 15:39:28: -------- Mapchange to c2m2_fairgrounds --------
L 06/28/2025 - 15:39:31: [basecommands.smx] "Console<0><Console><Console>" changed cvar (cvar "sv_consistency") (value "0")
L 06/28/2025 - 15:39:31: [basecommands.smx] "Console<0><Console><Console>" changed cvar (cvar "sv_allow_lobby_connect_only") (value "0")
L 06/28/2025 - 15:39:31: [basecommands.smx] "Console<0><Console><Console>" changed cvar (cvar "sv_maxplayers") (value "8")
L 06/28/2025 - 15:39:31: [basecommands.smx] "Console<0><Console><Console>" changed cvar (cvar "sv_visiblemaxplayers") (value "-1")
L 06/28/2025 - 15:42:55: [funvotes.smx] "[T-T]MoY<2><STEAM_1:0:511491787><>" initiated a burn vote against "NAangel<276><STEAM_1:1:225837088><>"
L 06/28/2025 - 15:43:16: [funvotes.smx] Vote burn successful, igniting "NAangel<276><STEAM_1:1:225837088><>"
L 06/28/2025 - 15:43:47: [playercommands.smx] "[T-T]MoY<2><STEAM_1:0:511491787><>" slapped "NAangel<276><STEAM_1:1:225837088><>" (damage "20")
L 06/28/2025 - 15:43:54: [playercommands.smx] "[T-T]MoY<2><STEAM_1:0:511491787><>" slapped "NAangel<276><STEAM_1:1:225837088><>" (damage "20")
L 06/28/2025 - 15:45:37: -------- Mapchange to c2m3_coaster --------
L 06/28/2025 - 15:45:39: [basecommands.smx] "Console<0><Console><Console>" changed cvar (cvar "sv_consistency") (value "0")
L 06/28/2025 - 15:45:39: [basecommands.smx] "Console<0><Console><Console>" changed cvar (cvar "sv_allow_lobby_connect_only") (value "0")
L 06/28/2025 - 15:45:39: [basecommands.smx] "Console<0><Console><Console>" changed cvar (cvar "sv_maxplayers") (value "8")
L 06/28/2025 - 15:45:39: [basecommands.smx] "Console<0><Console><Console>" changed cvar (cvar "sv_visiblemaxplayers") (value "-1")
L 06/28/2025 - 15:56:41: [basevotes.smx] "NAangel<303><STEAM_1:1:225837088><>" initiated a map vote for c2m3_coaster.
L 06/28/2025 - 15:57:01: [basevotes.smx] Vote failed. 60% vote required. (Received "0" of 1 votes)
L 06/28/2025 - 15:57:40: [basecommands.smx] "[T-T]MoY<2><STEAM_1:0:511491787><>" changed map to "c5m1_waterfront"
L 06/28/2025 - 15:57:43: [SM] Changed map to "c5m1_waterfront"
L 06/28/2025 - 15:57:44: -------- Mapchange to c5m1_waterfront --------
L 06/28/2025 - 15:57:47: [basecommands.smx] "Console<0><Console><Console>" changed cvar (cvar "sv_consistency") (value "0")
L 06/28/2025 - 15:57:47: [basecommands.smx] "Console<0><Console><Console>" changed cvar (cvar "sv_allow_lobby_connect_only") (value "0")
L 06/28/2025 - 15:57:47: [basecommands.smx] "Console<0><Console><Console>" changed cvar (cvar "sv_maxplayers") (value "8")
L 06/28/2025 - 15:57:47: [basecommands.smx] "Console<0><Console><Console>" changed cvar (cvar "sv_visiblemaxplayers") (value "-1")
L 06/28/2025 - 15:58:59: [playercommands.smx] "[T-T]MoY<2><STEAM_1:0:511491787><>" renamed "NAangel<303><STEAM_1:1:225837088><>" (to "ANNgAAg")
L 06/28/2025 - 15:59:00: [playercommands.smx] "[T-T]MoY<2><STEAM_1:0:511491787><>" renamed "ANNgAAg<303><STEAM_1:1:225837088><>" (to "gggAgAA")
L 06/28/2025 - 15:59:00: [playercommands.smx] "[T-T]MoY<2><STEAM_1:0:511491787><>" renamed "don. facha<273><STEAM_1:0:891685735><>" (to "  oah.c.nc")
L 06/28/2025 - 15:59:01: [playercommands.smx] "[T-T]MoY<2><STEAM_1:0:511491787><>" renamed "  oah.c.nc<273><STEAM_1:0:891685735><>" (to "   nacn co")
L 06/28/2025 - 15:59:01: [playercommands.smx] "[T-T]MoY<2><STEAM_1:0:511491787><>" renamed "(2)Tank<346><BOT><>" (to "2((Taaa")
L 06/28/2025 - 15:59:01: [playercommands.smx] "[T-T]MoY<2><STEAM_1:0:511491787><>" renamed "2((Taaa<346><BOT><>" (to "2aTaa2a")
L 06/28/2025 - 16:00:24: -------- Mapchange to c5m2_park --------
L 06/28/2025 - 16:00:26: [basecommands.smx] "Console<0><Console><Console>" changed cvar (cvar "sv_consistency") (value "0")
L 06/28/2025 - 16:00:26: [basecommands.smx] "Console<0><Console><Console>" changed cvar (cvar "sv_allow_lobby_connect_only") (value "0")
L 06/28/2025 - 16:00:26: [basecommands.smx] "Console<0><Console><Console>" changed cvar (cvar "sv_maxplayers") (value "8")
L 06/28/2025 - 16:00:26: [basecommands.smx] "Console<0><Console><Console>" changed cvar (cvar "sv_visiblemaxplayers") (value "-1")
L 06/28/2025 - 16:04:00: -------- Mapchange to c5m3_cemetery --------
L 06/28/2025 - 16:04:02: [basecommands.smx] "Console<0><Console><Console>" changed cvar (cvar "sv_consistency") (value "0")
L 06/28/2025 - 16:04:02: [basecommands.smx] "Console<0><Console><Console>" changed cvar (cvar "sv_allow_lobby_connect_only") (value "0")
L 06/28/2025 - 16:04:02: [basecommands.smx] "Console<0><Console><Console>" changed cvar (cvar "sv_maxplayers") (value "8")
L 06/28/2025 - 16:04:02: [basecommands.smx] "Console<0><Console><Console>" changed cvar (cvar "sv_visiblemaxplayers") (value "-1")
L 06/28/2025 - 16:10:58: [basevotes.smx] "[T-T]MoY<2><STEAM_1:0:511491787><>" initiated a generic vote (question "selo violan ?" / answers "Yes" "No").
L 06/28/2025 - 16:11:19: [basevotes.smx] Vote successful. (Received "100" of 4 votes)
L 06/28/2025 - 16:11:19: [basevotes.smx] The answer to selo violan ? is: Yes.
L 06/28/2025 - 16:13:15: [playercommands.smx] "[T-T]MoY<2><STEAM_1:0:511491787><>" slayed "Tank<399><BOT><>"
L 06/28/2025 - 16:13:16: [playercommands.smx] "[T-T]MoY<2><STEAM_1:0:511491787><>" slayed "(1)Tank<398><BOT><>"
L 06/28/2025 - 16:13:25: [playercommands.smx] "[T-T]MoY<2><STEAM_1:0:511491787><>" slayed "(2)Tank<401><BOT><>"
L 06/28/2025 - 16:13:49: [playercommands.smx] "[T-T]MoY<2><STEAM_1:0:511491787><>" slayed "Tank<403><BOT><>"
L 06/28/2025 - 16:17:11: [l4d_sm_respawn.smx] "[T-T]MoY<2><STEAM_1:0:511491787><>" teleported "coca cola espuma<338><STEAM_1:1:642356345><>" after respawning him
L 06/28/2025 - 16:17:19: [l4d_sm_respawn.smx] "[T-T]MoY<2><STEAM_1:0:511491787><>" teleported "BRCA<400><STEAM_1:0:170592827><>" after respawning him
L 06/28/2025 - 16:17:34: [l4d_sm_respawn.smx] "[T-T]MoY<2><STEAM_1:0:511491787><>" teleported "[T-T]MoY<2><STEAM_1:0:511491787><>" after respawning him
L 06/28/2025 - 16:21:33: [l4d_sm_respawn.smx] "NAangel<303><STEAM_1:1:225837088><>" teleported "BRCA<400><STEAM_1:0:170592827><>" after respawning him
L 06/28/2025 - 16:21:45: [l4d_sm_respawn.smx] "NAangel<303><STEAM_1:1:225837088><>" teleported "coca cola espuma<338><STEAM_1:1:642356345><>" after respawning him
L 06/28/2025 - 16:22:02: [l4d_sm_respawn.smx] "NAangel<303><STEAM_1:1:225837088><>" teleported "BRCA<400><STEAM_1:0:170592827><>" after respawning him
L 06/28/2025 - 16:22:11: [l4d_sm_respawn.smx] "NAangel<303><STEAM_1:1:225837088><>" teleported "BRCA<400><STEAM_1:0:170592827><>" after respawning him
L 06/28/2025 - 16:22:33: -------- Mapchange to c5m4_quarter --------
L 06/28/2025 - 16:22:35: [basecommands.smx] "Console<0><Console><Console>" changed cvar (cvar "sv_consistency") (value "0")
L 06/28/2025 - 16:22:35: [basecommands.smx] "Console<0><Console><Console>" changed cvar (cvar "sv_allow_lobby_connect_only") (value "0")
L 06/28/2025 - 16:22:35: [basecommands.smx] "Console<0><Console><Console>" changed cvar (cvar "sv_maxplayers") (value "8")
L 06/28/2025 - 16:22:35: [basecommands.smx] "Console<0><Console><Console>" changed cvar (cvar "sv_visiblemaxplayers") (value "-1")
L 06/28/2025 - 16:24:43: [l4d_sm_respawn.smx] "NAangel<303><STEAM_1:1:225837088><>" teleported "NAangel<303><STEAM_1:1:225837088><>" after respawning him
L 06/28/2025 - 16:24:55: [l4d_sm_respawn.smx] "NAangel<303><STEAM_1:1:225837088><>" teleported "NAangel<303><STEAM_1:1:225837088><>" after respawning him
L 06/28/2025 - 16:25:08: [l4d_sm_respawn.smx] "NAangel<303><STEAM_1:1:225837088><>" teleported "NAangel<303><STEAM_1:1:225837088><>" after respawning him
L 06/28/2025 - 16:25:18: [l4d_sm_respawn.smx] "NAangel<303><STEAM_1:1:225837088><>" teleported "NAangel<303><STEAM_1:1:225837088><>" after respawning him
L 06/28/2025 - 16:25:28: [l4d_sm_respawn.smx] "NAangel<303><STEAM_1:1:225837088><>" teleported "NAangel<303><STEAM_1:1:225837088><>" after respawning him
L 06/28/2025 - 16:26:02: [basecommands.smx] "NAangel<303><STEAM_1:1:225837088><>" kicked "NAangel<303><STEAM_1:1:225837088><>" (reason "")
L 06/28/2025 - 16:34:55: -------- Mapchange to c5m5_bridge --------
L 06/28/2025 - 16:34:58: [basecommands.smx] "Console<0><Console><Console>" changed cvar (cvar "sv_consistency") (value "0")
L 06/28/2025 - 16:34:58: [basecommands.smx] "Console<0><Console><Console>" changed cvar (cvar "sv_allow_lobby_connect_only") (value "0")
L 06/28/2025 - 16:34:58: [basecommands.smx] "Console<0><Console><Console>" changed cvar (cvar "sv_maxplayers") (value "8")
L 06/28/2025 - 16:34:58: [basecommands.smx] "Console<0><Console><Console>" changed cvar (cvar "sv_visiblemaxplayers") (value "-1")
L 06/28/2025 - 16:40:01: -------- Mapchange to c13m1_alpinecreek --------
L 06/28/2025 - 16:40:03: [basecommands.smx] "Console<0><Console><Console>" changed cvar (cvar "sv_consistency") (value "0")
L 06/28/2025 - 16:40:03: [basecommands.smx] "Console<0><Console><Console>" changed cvar (cvar "sv_allow_lobby_connect_only") (value "0")
L 06/28/2025 - 16:40:03: [basecommands.smx] "Console<0><Console><Console>" changed cvar (cvar "sv_maxplayers") (value "8")
L 06/28/2025 - 16:40:03: [basecommands.smx] "Console<0><Console><Console>" changed cvar (cvar "sv_visiblemaxplayers") (value "-1")
L 06/28/2025 - 16:42:02: -------- Mapchange to c13m1_alpinecreek --------
L 06/28/2025 - 16:42:04: [basecommands.smx] "Console<0><Console><Console>" changed cvar (cvar "sv_consistency") (value "0")
L 06/28/2025 - 16:42:04: [basecommands.smx] "Console<0><Console><Console>" changed cvar (cvar "sv_allow_lobby_connect_only") (value "0")
L 06/28/2025 - 16:42:04: [basecommands.smx] "Console<0><Console><Console>" changed cvar (cvar "sv_maxplayers") (value "8")
L 06/28/2025 - 16:42:04: [basecommands.smx] "Console<0><Console><Console>" changed cvar (cvar "sv_visiblemaxplayers") (value "-1")
L 06/28/2025 - 16:42:46: [basecommands.smx] "[T-T]MoY<532><STEAM_1:0:511491787><>" changed cvar (cvar "sv_gravity") (value "200")
L 06/28/2025 - 16:47:51: -------- Mapchange to c13m2_southpinestream --------
L 06/28/2025 - 16:47:54: [basecommands.smx] "Console<0><Console><Console>" changed cvar (cvar "sv_consistency") (value "0")
L 06/28/2025 - 16:47:54: [basecommands.smx] "Console<0><Console><Console>" changed cvar (cvar "sv_allow_lobby_connect_only") (value "0")
L 06/28/2025 - 16:47:54: [basecommands.smx] "Console<0><Console><Console>" changed cvar (cvar "sv_maxplayers") (value "8")
L 06/28/2025 - 16:47:54: [basecommands.smx] "Console<0><Console><Console>" changed cvar (cvar "sv_visiblemaxplayers") (value "-1")
L 06/28/2025 - 16:52:55: -------- Mapchange to c13m3_memorialbridge --------
L 06/28/2025 - 16:52:57: [basecommands.smx] "Console<0><Console><Console>" changed cvar (cvar "sv_consistency") (value "0")
L 06/28/2025 - 16:52:57: [basecommands.smx] "Console<0><Console><Console>" changed cvar (cvar "sv_allow_lobby_connect_only") (value "0")
L 06/28/2025 - 16:52:57: [basecommands.smx] "Console<0><Console><Console>" changed cvar (cvar "sv_maxplayers") (value "8")
L 06/28/2025 - 16:52:57: [basecommands.smx] "Console<0><Console><Console>" changed cvar (cvar "sv_visiblemaxplayers") (value "-1")
L 06/28/2025 - 17:04:20: -------- Mapchange to c13m4_cutthroatcreek --------
L 06/28/2025 - 17:04:23: [basecommands.smx] "Console<0><Console><Console>" changed cvar (cvar "sv_consistency") (value "0")
L 06/28/2025 - 17:04:23: [basecommands.smx] "Console<0><Console><Console>" changed cvar (cvar "sv_allow_lobby_connect_only") (value "0")
L 06/28/2025 - 17:04:23: [basecommands.smx] "Console<0><Console><Console>" changed cvar (cvar "sv_maxplayers") (value "8")
L 06/28/2025 - 17:04:23: [basecommands.smx] "Console<0><Console><Console>" changed cvar (cvar "sv_visiblemaxplayers") (value "-1")
L 06/28/2025 - 17:07:25: [playercommands.smx] "[T-T]MoY<532><STEAM_1:0:511491787><>" slayed "Meridiano de Greenwich<565><STEAM_1:1:927149158><>"
L 06/28/2025 - 17:07:25: [playercommands.smx] "[T-T]MoY<532><STEAM_1:0:511491787><>" slayed "Jimmy Butcher<634><STEAM_1:0:34664664><>"
L 06/28/2025 - 17:07:25: [playercommands.smx] "[T-T]MoY<532><STEAM_1:0:511491787><>" slayed "don. facha<633><STEAM_1:0:891685735><>"
L 06/28/2025 - 17:07:26: [playercommands.smx] "[T-T]MoY<532><STEAM_1:0:511491787><>" slayed "Tank<640><BOT><>"
L 06/28/2025 - 17:07:26: [playercommands.smx] "[T-T]MoY<532><STEAM_1:0:511491787><>" slayed "(2)Tank<648><BOT><>"
L 06/28/2025 - 17:07:26: [playercommands.smx] "[T-T]MoY<532><STEAM_1:0:511491787><>" slayed "(1)Tank<643><BOT><>"
L 06/28/2025 - 17:07:26: [playercommands.smx] "[T-T]MoY<532><STEAM_1:0:511491787><>" slayed "(3)Tank<645><BOT><>"
L 06/28/2025 - 17:07:26: [playercommands.smx] "[T-T]MoY<532><STEAM_1:0:511491787><>" slayed "(4)Tank<646><BOT><>"
L 06/28/2025 - 17:07:26: [playercommands.smx] "[T-T]MoY<532><STEAM_1:0:511491787><>" slayed "(5)Tank<647><BOT><>"
L 06/28/2025 - 17:07:40: [basevotes.smx] "[T-T]MoY<532><STEAM_1:0:511491787><>" initiated a ban vote against "Jimmy Butcher<634><STEAM_1:0:34664664><>"
L 06/28/2025 - 17:08:01: [basevotes.smx] Vote failed. 60% vote required. (Received "25" of 4 votes)
L 06/28/2025 - 17:13:57: -------- Mapchange to c3m1_plankcountry --------
L 06/28/2025 - 17:13:59: [basecommands.smx] "Console<0><Console><Console>" changed cvar (cvar "sv_consistency") (value "0")
L 06/28/2025 - 17:13:59: [basecommands.smx] "Console<0><Console><Console>" changed cvar (cvar "sv_allow_lobby_connect_only") (value "0")
L 06/28/2025 - 17:13:59: [basecommands.smx] "Console<0><Console><Console>" changed cvar (cvar "sv_maxplayers") (value "8")
L 06/28/2025 - 17:13:59: [basecommands.smx] "Console<0><Console><Console>" changed cvar (cvar "sv_visiblemaxplayers") (value "-1")
L 06/28/2025 - 17:26:12: [basevotes.smx] "[T-T]MoY<666><STEAM_1:0:511491787><>" initiated a generic vote (question "los revivo? (voto unanime)" / answers "Yes" "No").
L 06/28/2025 - 17:26:32: [basevotes.smx] Vote successful. (Received "67" of 3 votes)
L 06/28/2025 - 17:26:32: [basevotes.smx] The answer to los revivo? (voto unanime) is: Yes.
L 06/28/2025 - 17:27:18: [playercommands.smx] "[T-T]MoY<666><STEAM_1:0:511491787><>" slayed "(1)Tank<723><BOT><>"
L 06/28/2025 - 17:27:19: [playercommands.smx] "[T-T]MoY<666><STEAM_1:0:511491787><>" slayed "(2)Tank<724><BOT><>"
L 06/28/2025 - 17:28:33: [playercommands.smx] "[T-T]MoY<666><STEAM_1:0:511491787><>" slayed "Tank<725><BOT><>"
L 06/28/2025 - 17:28:35: [playercommands.smx] "[T-T]MoY<666><STEAM_1:0:511491787><>" slayed "(2)Tank<728><BOT><>"
L 06/28/2025 - 17:28:36: [playercommands.smx] "[T-T]MoY<666><STEAM_1:0:511491787><>" slayed "(1)Tank<726><BOT><>"
L 06/28/2025 - 17:30:57: [basevotes.smx] "[T-T]MoY<666><STEAM_1:0:511491787><>" initiated a generic vote (question "los revivo? (voto unanime)" / answers "Yes" "No").
L 06/28/2025 - 17:31:17: [basevotes.smx] Vote successful. (Received "67" of 3 votes)
L 06/28/2025 - 17:31:17: [basevotes.smx] The answer to los revivo? (voto unanime) is: Yes.
L 06/28/2025 - 17:34:32: -------- Mapchange to c3m2_swamp --------
L 06/28/2025 - 17:34:35: [basecommands.smx] "Console<0><Console><Console>" changed cvar (cvar "sv_consistency") (value "0")
L 06/28/2025 - 17:34:35: [basecommands.smx] "Console<0><Console><Console>" changed cvar (cvar "sv_allow_lobby_connect_only") (value "0")
L 06/28/2025 - 17:34:35: [basecommands.smx] "Console<0><Console><Console>" changed cvar (cvar "sv_maxplayers") (value "8")
L 06/28/2025 - 17:34:35: [basecommands.smx] "Console<0><Console><Console>" changed cvar (cvar "sv_visiblemaxplayers") (value "-1")
L 06/28/2025 - 17:37:49: -------- Mapchange to c3m3_shantytown --------
L 06/28/2025 - 17:37:52: [basecommands.smx] "Console<0><Console><Console>" changed cvar (cvar "sv_consistency") (value "0")
L 06/28/2025 - 17:37:52: [basecommands.smx] "Console<0><Console><Console>" changed cvar (cvar "sv_allow_lobby_connect_only") (value "0")
L 06/28/2025 - 17:37:52: [basecommands.smx] "Console<0><Console><Console>" changed cvar (cvar "sv_maxplayers") (value "8")
L 06/28/2025 - 17:37:52: [basecommands.smx] "Console<0><Console><Console>" changed cvar (cvar "sv_visiblemaxplayers") (value "-1")
L 06/28/2025 - 17:41:50: -------- Mapchange to c3m4_plantation --------
L 06/28/2025 - 17:41:53: [basecommands.smx] "Console<0><Console><Console>" changed cvar (cvar "sv_consistency") (value "0")
L 06/28/2025 - 17:41:53: [basecommands.smx] "Console<0><Console><Console>" changed cvar (cvar "sv_allow_lobby_connect_only") (value "0")
L 06/28/2025 - 17:41:53: [basecommands.smx] "Console<0><Console><Console>" changed cvar (cvar "sv_maxplayers") (value "8")
L 06/28/2025 - 17:41:53: [basecommands.smx] "Console<0><Console><Console>" changed cvar (cvar "sv_visiblemaxplayers") (value "-1")
L 06/28/2025 - 17:42:47: [playercommands.smx] "[T-T]MoY<666><STEAM_1:0:511491787><>" slayed "CHI YIUNG<667><STEAM_1:0:942816046><>"
L 06/28/2025 - 17:42:48: [playercommands.smx] "[T-T]MoY<666><STEAM_1:0:511491787><>" slayed "Tank<792><BOT><>"
L 06/28/2025 - 17:42:48: [playercommands.smx] "[T-T]MoY<666><STEAM_1:0:511491787><>" slayed "Jimmy Butcher<672><STEAM_1:0:34664664><>"
L 06/28/2025 - 17:42:48: [playercommands.smx] "[T-T]MoY<666><STEAM_1:0:511491787><>" slayed "EREN JAEGER<729><STEAM_1:1:418667434><>"
L 06/28/2025 - 17:42:48: [playercommands.smx] "[T-T]MoY<666><STEAM_1:0:511491787><>" slayed "H A B<758><STEAM_1:1:649249064><>"
L 06/28/2025 - 17:47:33: [basevotes.smx] "[T-T]MoY<666><STEAM_1:0:511491787><>" initiated a generic vote (question "los revivo? (voto unanime)" / answers "Yes" "No").
L 06/28/2025 - 17:47:54: [basevotes.smx] Vote successful. (Received "86" of 7 votes)
L 06/28/2025 - 17:47:54: [basevotes.smx] The answer to los revivo? (voto unanime) is: Yes.
L 06/28/2025 - 17:48:38: [basevotes.smx] "[T-T]MoY<666><STEAM_1:0:511491787><>" initiated a generic vote (question "los revivo? (voto unanime)" / answers "Yes" "No").
L 06/28/2025 - 17:48:58: [basevotes.smx] Vote successful. (Received "80" of 5 votes)
L 06/28/2025 - 17:48:58: [basevotes.smx] The answer to los revivo? (voto unanime) is: Yes.
L 06/28/2025 - 17:51:01: [basevotes.smx] "[T-T]MoY<666><STEAM_1:0:511491787><>" initiated a generic vote (question "los revivo? (voto unanime)" / answers "Yes" "No").
L 06/28/2025 - 17:51:22: [basevotes.smx] Vote successful. (Received "100" of 4 votes)
L 06/28/2025 - 17:51:22: [basevotes.smx] The answer to los revivo? (voto unanime) is: Yes.
L 06/28/2025 - 17:51:56: [l4d_sm_respawn.smx] "[T-T]MoY<666><STEAM_1:0:511491787><>" teleported "CHI YIUNG<667><STEAM_1:0:942816046><>" after respawning him
L 06/28/2025 - 17:52:15: [l4d_sm_respawn.smx] "[T-T]MoY<666><STEAM_1:0:511491787><>" teleported "merusfelix<669><STEAM_1:1:932398842><>" after respawning him
L 06/28/2025 - 17:52:30: [l4d_sm_respawn.smx] "[T-T]MoY<666><STEAM_1:0:511491787><>" teleported "Jimmy Butcher<672><STEAM_1:0:34664664><>" after respawning him
L 06/28/2025 - 17:52:56: [l4d_sm_respawn.smx] "[T-T]MoY<666><STEAM_1:0:511491787><>" teleported "H A B<758><STEAM_1:1:649249064><>" after respawning him
L 06/28/2025 - 17:53:05: [l4d_sm_respawn.smx] "[T-T]MoY<666><STEAM_1:0:511491787><>" teleported "coca cola espuma<764><STEAM_1:1:642356345><>" after respawning him
L 06/28/2025 - 17:53:12: [l4d_sm_respawn.smx] "[T-T]MoY<666><STEAM_1:0:511491787><>" teleported "CHI YIUNG<667><STEAM_1:0:942816046><>" after respawning him
L 06/28/2025 - 17:53:59: [l4d_sm_respawn.smx] "[T-T]MoY<666><STEAM_1:0:511491787><>" teleported "CHI YIUNG<667><STEAM_1:0:942816046><>" after respawning him
L 06/28/2025 - 17:54:23: [l4d_sm_respawn.smx] "[T-T]MoY<666><STEAM_1:0:511491787><>" teleported "CHI YIUNG<667><STEAM_1:0:942816046><>" after respawning him
L 06/28/2025 - 17:54:32: [l4d_sm_respawn.smx] "[T-T]MoY<666><STEAM_1:0:511491787><>" teleported "CHI YIUNG<667><STEAM_1:0:942816046><>" after respawning him
L 06/28/2025 - 17:54:40: [l4d_sm_respawn.smx] "[T-T]MoY<666><STEAM_1:0:511491787><>" teleported "merusfelix<669><STEAM_1:1:932398842><>" after respawning him
L 06/28/2025 - 17:54:46: [l4d_sm_respawn.smx] "[T-T]MoY<666><STEAM_1:0:511491787><>" teleported "Jimmy Butcher<672><STEAM_1:0:34664664><>" after respawning him
L 06/28/2025 - 17:55:01: [l4d_sm_respawn.smx] "[T-T]MoY<666><STEAM_1:0:511491787><>" teleported "coca cola espuma<764><STEAM_1:1:642356345><>" after respawning him
L 06/28/2025 - 17:55:47: [l4d_sm_respawn.smx] "[T-T]MoY<666><STEAM_1:0:511491787><>" teleported "[T-T]MoY<666><STEAM_1:0:511491787><>" after respawning him
L 06/28/2025 - 17:57:46: Log file closed.
L 06/28/2025 - 21:11:52: SourceMod log file session started (file "e:\steamlibrary\steamapps\common\left 4 dead 2\left4dead2\addons\sourcemod\logs\L20250628.log") (Version "1.12.0.7207")
L 06/28/2025 - 21:11:52: [GEOIP] GeoIP2 database loaded: GeoLite2-ASN (2024-08-21 08:15:21 UTC) (e:\steamlibrary\steamapps\common\left 4 dead 2\left4dead2\addons\sourcemod\configs\geoip\GeoLite2-ASN.mmdb)
L 06/28/2025 - 21:11:52: [GEOIP] GeoIP2 supported languages: en
L 06/28/2025 - 21:11:52: [GEOIP] Your database is older than 90 days. You should consider downloading a newer version from e.g. https://dev.maxmind.com/geoip/geolite2-free-geolocation-data
L 06/28/2025 - 21:12:03: [basecommands.smx] "Console<0><Console><Console>" changed cvar (cvar "sv_consistency") (value "0")
L 06/28/2025 - 21:12:03: [basecommands.smx] "Console<0><Console><Console>" changed cvar (cvar "sv_allow_lobby_connect_only") (value "0")
L 06/28/2025 - 21:12:03: [basecommands.smx] "Console<0><Console><Console>" changed cvar (cvar "sv_maxplayers") (value "8")
L 06/28/2025 - 21:12:03: [basecommands.smx] "Console<0><Console><Console>" changed cvar (cvar "sv_visiblemaxplayers") (value "-1")
L 06/28/2025 - 21:12:47: [basecommands.smx] "[T-T]MoY<2><STEAM_1:0:511491787><>" changed cvar (cvar "sv_gravity") (value "200")
L 06/28/2025 - 21:20:27: [playercommands.smx] "[T-T]MoY<2><STEAM_1:0:511491787><>" slayed "Coach<4><BOT><>"
L 06/28/2025 - 21:20:27: [playercommands.smx] "[T-T]MoY<2><STEAM_1:0:511491787><>" slayed "Rochelle<5><BOT><>"
L 06/28/2025 - 21:23:21: -------- Mapchange to plaza_espana --------
L 06/28/2025 - 21:23:24: [basecommands.smx] "Console<0><Console><Console>" changed cvar (cvar "sv_consistency") (value "0")
L 06/28/2025 - 21:23:24: [basecommands.smx] "Console<0><Console><Console>" changed cvar (cvar "sv_allow_lobby_connect_only") (value "0")
L 06/28/2025 - 21:23:24: [basecommands.smx] "Console<0><Console><Console>" changed cvar (cvar "sv_maxplayers") (value "8")
L 06/28/2025 - 21:23:24: [basecommands.smx] "Console<0><Console><Console>" changed cvar (cvar "sv_visiblemaxplayers") (value "-1")
L 06/28/2025 - 21:25:46: [basevotes.smx] "[T-T]MoY<2><STEAM_1:0:511491787><>" initiated a map vote for c1m1_hotel.
L 06/28/2025 - 21:25:52: [basevotes.smx] Vote successful. (Received "100" of 2 votes)
L 06/28/2025 - 21:25:52: [basevotes.smx] Changing map to c1m1_hotel due to vote.
L 06/28/2025 - 21:25:57: [SM] Changed map to "c1m1_hotel"
L 06/28/2025 - 21:25:59: -------- Mapchange to c1m1_hotel --------
L 06/28/2025 - 21:26:02: [basecommands.smx] "Console<0><Console><Console>" changed cvar (cvar "sv_consistency") (value "0")
L 06/28/2025 - 21:26:02: [basecommands.smx] "Console<0><Console><Console>" changed cvar (cvar "sv_allow_lobby_connect_only") (value "0")
L 06/28/2025 - 21:26:02: [basecommands.smx] "Console<0><Console><Console>" changed cvar (cvar "sv_maxplayers") (value "8")
L 06/28/2025 - 21:26:02: [basecommands.smx] "Console<0><Console><Console>" changed cvar (cvar "sv_visiblemaxplayers") (value "-1")
L 06/28/2025 - 21:27:40: -------- Mapchange to bwm1_climb --------
L 06/28/2025 - 21:27:42: [basecommands.smx] "Console<0><Console><Console>" changed cvar (cvar "sv_consistency") (value "0")
L 06/28/2025 - 21:27:42: [basecommands.smx] "Console<0><Console><Console>" changed cvar (cvar "sv_allow_lobby_connect_only") (value "0")
L 06/28/2025 - 21:27:42: [basecommands.smx] "Console<0><Console><Console>" changed cvar (cvar "sv_maxplayers") (value "8")
L 06/28/2025 - 21:27:42: [basecommands.smx] "Console<0><Console><Console>" changed cvar (cvar "sv_visiblemaxplayers") (value "-1")
L 06/28/2025 - 21:38:18: -------- Mapchange to bwm2_city --------
L 06/28/2025 - 21:38:20: [basecommands.smx] "Console<0><Console><Console>" changed cvar (cvar "sv_consistency") (value "0")
L 06/28/2025 - 21:38:20: [basecommands.smx] "Console<0><Console><Console>" changed cvar (cvar "sv_allow_lobby_connect_only") (value "0")
L 06/28/2025 - 21:38:20: [basecommands.smx] "Console<0><Console><Console>" changed cvar (cvar "sv_maxplayers") (value "8")
L 06/28/2025 - 21:38:20: [basecommands.smx] "Console<0><Console><Console>" changed cvar (cvar "sv_visiblemaxplayers") (value "-1")
L 06/28/2025 - 21:49:23: -------- Mapchange to bwm3_forest --------
L 06/28/2025 - 21:49:25: [basecommands.smx] "Console<0><Console><Console>" changed cvar (cvar "sv_consistency") (value "0")
L 06/28/2025 - 21:49:25: [basecommands.smx] "Console<0><Console><Console>" changed cvar (cvar "sv_allow_lobby_connect_only") (value "0")
L 06/28/2025 - 21:49:25: [basecommands.smx] "Console<0><Console><Console>" changed cvar (cvar "sv_maxplayers") (value "8")
L 06/28/2025 - 21:49:25: [basecommands.smx] "Console<0><Console><Console>" changed cvar (cvar "sv_visiblemaxplayers") (value "-1")
L 06/28/2025 - 21:53:02: -------- Mapchange to bwm4_rooftops --------
L 06/28/2025 - 21:53:04: [basecommands.smx] "Console<0><Console><Console>" changed cvar (cvar "sv_consistency") (value "0")
L 06/28/2025 - 21:53:04: [basecommands.smx] "Console<0><Console><Console>" changed cvar (cvar "sv_allow_lobby_connect_only") (value "0")
L 06/28/2025 - 21:53:04: [basecommands.smx] "Console<0><Console><Console>" changed cvar (cvar "sv_maxplayers") (value "8")
L 06/28/2025 - 21:53:04: [basecommands.smx] "Console<0><Console><Console>" changed cvar (cvar "sv_visiblemaxplayers") (value "-1")
L 06/28/2025 - 22:00:10: -------- Mapchange to bwm5_bridge --------
L 06/28/2025 - 22:00:12: [basecommands.smx] "Console<0><Console><Console>" changed cvar (cvar "sv_consistency") (value "0")
L 06/28/2025 - 22:00:12: [basecommands.smx] "Console<0><Console><Console>" changed cvar (cvar "sv_allow_lobby_connect_only") (value "0")
L 06/28/2025 - 22:00:12: [basecommands.smx] "Console<0><Console><Console>" changed cvar (cvar "sv_maxplayers") (value "8")
L 06/28/2025 - 22:00:12: [basecommands.smx] "Console<0><Console><Console>" changed cvar (cvar "sv_visiblemaxplayers") (value "-1")
L 06/28/2025 - 22:02:55: [funvotes.smx] "[T-T]MoY<31><STEAM_1:0:511491787><>" initiated a slay vote against "Bloxd0p.<164><STEAM_1:0:753539458><>"
L 06/28/2025 - 22:03:16: [funvotes.smx] Vote slay successful, slaying "Bloxd0p.<164><STEAM_1:0:753539458><>"
L 06/28/2025 - 22:05:50: -------- Mapchange to c8m1_apartment --------
L 06/28/2025 - 22:05:54: [basecommands.smx] "Console<0><Console><Console>" changed cvar (cvar "sv_consistency") (value "0")
L 06/28/2025 - 22:05:54: [basecommands.smx] "Console<0><Console><Console>" changed cvar (cvar "sv_allow_lobby_connect_only") (value "0")
L 06/28/2025 - 22:05:54: [basecommands.smx] "Console<0><Console><Console>" changed cvar (cvar "sv_maxplayers") (value "8")
L 06/28/2025 - 22:05:54: [basecommands.smx] "Console<0><Console><Console>" changed cvar (cvar "sv_visiblemaxplayers") (value "-1")
L 06/28/2025 - 22:08:38: -------- Mapchange to c8m2_subway --------
L 06/28/2025 - 22:08:41: [basecommands.smx] "Console<0><Console><Console>" changed cvar (cvar "sv_consistency") (value "0")
L 06/28/2025 - 22:08:41: [basecommands.smx] "Console<0><Console><Console>" changed cvar (cvar "sv_allow_lobby_connect_only") (value "0")
L 06/28/2025 - 22:08:41: [basecommands.smx] "Console<0><Console><Console>" changed cvar (cvar "sv_maxplayers") (value "8")
L 06/28/2025 - 22:08:41: [basecommands.smx] "Console<0><Console><Console>" changed cvar (cvar "sv_visiblemaxplayers") (value "-1")
L 06/28/2025 - 22:12:21: [basevotes.smx] "[T-T]MoY<181><STEAM_1:0:511491787><>" initiated a generic vote (question "crees que blox este jugando dos juego ?" / answers "Yes" "No").
L 06/28/2025 - 22:12:42: [basevotes.smx] Vote failed. 0% vote required. (Received "33" of 3 votes)
L 06/28/2025 - 22:13:51: -------- Mapchange to c8m3_sewers --------
L 06/28/2025 - 22:13:55: [basecommands.smx] "Console<0><Console><Console>" changed cvar (cvar "sv_consistency") (value "0")
L 06/28/2025 - 22:13:55: [basecommands.smx] "Console<0><Console><Console>" changed cvar (cvar "sv_allow_lobby_connect_only") (value "0")
L 06/28/2025 - 22:13:55: [basecommands.smx] "Console<0><Console><Console>" changed cvar (cvar "sv_maxplayers") (value "8")
L 06/28/2025 - 22:13:55: [basecommands.smx] "Console<0><Console><Console>" changed cvar (cvar "sv_visiblemaxplayers") (value "-1")
L 06/28/2025 - 22:20:19: -------- Mapchange to c8m4_interior --------
L 06/28/2025 - 22:20:23: [basecommands.smx] "Console<0><Console><Console>" changed cvar (cvar "sv_consistency") (value "0")
L 06/28/2025 - 22:20:23: [basecommands.smx] "Console<0><Console><Console>" changed cvar (cvar "sv_allow_lobby_connect_only") (value "0")
L 06/28/2025 - 22:20:23: [basecommands.smx] "Console<0><Console><Console>" changed cvar (cvar "sv_maxplayers") (value "8")
L 06/28/2025 - 22:20:23: [basecommands.smx] "Console<0><Console><Console>" changed cvar (cvar "sv_visiblemaxplayers") (value "-1")
L 06/28/2025 - 22:25:10: [playercommands.smx] "[T-T]MoY<181><STEAM_1:0:511491787><>" slayed "Tank<275><BOT><>"
L 06/28/2025 - 22:25:46: [playercommands.smx] "[T-T]MoY<181><STEAM_1:0:511491787><>" slayed "Tank<278><BOT><>"
L 06/28/2025 - 22:25:50: [playercommands.smx] "[T-T]MoY<181><STEAM_1:0:511491787><>" slayed "(1)Tank<280><BOT><>"
L 06/28/2025 - 22:26:29: [playercommands.smx] "[T-T]MoY<181><STEAM_1:0:511491787><>" slayed "(1)Tank<284><BOT><>"
L 06/28/2025 - 22:27:54: [l4d_sm_respawn.smx] "[T-T]MoY<181><STEAM_1:0:511491787><>" teleported "coca cola espuma<233><STEAM_1:1:642356345><>" after respawning him
L 06/28/2025 - 22:28:27: -------- Mapchange to c8m5_rooftop --------
L 06/28/2025 - 22:28:30: [basecommands.smx] "Console<0><Console><Console>" changed cvar (cvar "sv_consistency") (value "0")
L 06/28/2025 - 22:28:30: [basecommands.smx] "Console<0><Console><Console>" changed cvar (cvar "sv_allow_lobby_connect_only") (value "0")
L 06/28/2025 - 22:28:30: [basecommands.smx] "Console<0><Console><Console>" changed cvar (cvar "sv_maxplayers") (value "8")
L 06/28/2025 - 22:28:30: [basecommands.smx] "Console<0><Console><Console>" changed cvar (cvar "sv_visiblemaxplayers") (value "-1")
L 06/28/2025 - 22:34:16: [basevotes.smx] "[T-T]MoY<181><STEAM_1:0:511491787><>" initiated a map vote for c9m1_alleys.
L 06/28/2025 - 22:34:36: [basevotes.smx] Vote successful. (Received "50" of 4 votes)
L 06/28/2025 - 22:34:36: [basevotes.smx] Changing map to c9m1_alleys due to vote.
L 06/28/2025 - 22:34:41: [SM] Changed map to "c9m1_alleys"
L 06/28/2025 - 22:34:44: -------- Mapchange to c9m1_alleys --------
L 06/28/2025 - 22:34:47: [basecommands.smx] "Console<0><Console><Console>" changed cvar (cvar "sv_consistency") (value "0")
L 06/28/2025 - 22:34:47: [basecommands.smx] "Console<0><Console><Console>" changed cvar (cvar "sv_allow_lobby_connect_only") (value "0")
L 06/28/2025 - 22:34:47: [basecommands.smx] "Console<0><Console><Console>" changed cvar (cvar "sv_maxplayers") (value "8")
L 06/28/2025 - 22:34:47: [basecommands.smx] "Console<0><Console><Console>" changed cvar (cvar "sv_visiblemaxplayers") (value "-1")
L 06/28/2025 - 22:39:46: [basevotes.smx] "[T-T]MoY<181><STEAM_1:0:511491787><>" initiated a generic vote (question "quieren musica??" / answers "Yes" "No").
L 06/28/2025 - 22:40:07: [basevotes.smx] Vote successful. (Received "50" of 4 votes)
L 06/28/2025 - 22:40:07: [basevotes.smx] The answer to quieren musica?? is: Yes.
L 06/28/2025 - 22:40:09: [basevotes.smx] "[T-T]MoY<181><STEAM_1:0:511491787><>" initiated a generic vote (question "quieren musica??" / answers "Yes" "No").
L 06/28/2025 - 22:40:29: [basevotes.smx] Vote successful. (Received "75" of 4 votes)
L 06/28/2025 - 22:40:29: [basevotes.smx] The answer to quieren musica?? is: Yes.
L 06/28/2025 - 22:41:41: -------- Mapchange to c9m2_lots --------
L 06/28/2025 - 22:41:44: [basecommands.smx] "Console<0><Console><Console>" changed cvar (cvar "sv_consistency") (value "0")
L 06/28/2025 - 22:41:44: [basecommands.smx] "Console<0><Console><Console>" changed cvar (cvar "sv_allow_lobby_connect_only") (value "0")
L 06/28/2025 - 22:41:44: [basecommands.smx] "Console<0><Console><Console>" changed cvar (cvar "sv_maxplayers") (value "8")
L 06/28/2025 - 22:41:44: [basecommands.smx] "Console<0><Console><Console>" changed cvar (cvar "sv_visiblemaxplayers") (value "-1")
L 06/28/2025 - 22:46:17: [basecommands.smx] "[T-T]MoY<181><STEAM_1:0:511491787><>" changed map to "c10m1_caves"
L 06/28/2025 - 22:46:20: [SM] Changed map to "c10m1_caves"
L 06/28/2025 - 22:46:22: -------- Mapchange to c10m1_caves --------
L 06/28/2025 - 22:46:25: [basecommands.smx] "Console<0><Console><Console>" changed cvar (cvar "sv_consistency") (value "0")
L 06/28/2025 - 22:46:25: [basecommands.smx] "Console<0><Console><Console>" changed cvar (cvar "sv_allow_lobby_connect_only") (value "0")
L 06/28/2025 - 22:46:25: [basecommands.smx] "Console<0><Console><Console>" changed cvar (cvar "sv_maxplayers") (value "8")
L 06/28/2025 - 22:46:25: [basecommands.smx] "Console<0><Console><Console>" changed cvar (cvar "sv_visiblemaxplayers") (value "-1")
L 06/28/2025 - 22:49:15: -------- Mapchange to c10m2_drainage --------
L 06/28/2025 - 22:49:18: [basecommands.smx] "Console<0><Console><Console>" changed cvar (cvar "sv_consistency") (value "0")
L 06/28/2025 - 22:49:18: [basecommands.smx] "Console<0><Console><Console>" changed cvar (cvar "sv_allow_lobby_connect_only") (value "0")
L 06/28/2025 - 22:49:18: [basecommands.smx] "Console<0><Console><Console>" changed cvar (cvar "sv_maxplayers") (value "8")
L 06/28/2025 - 22:49:18: [basecommands.smx] "Console<0><Console><Console>" changed cvar (cvar "sv_visiblemaxplayers") (value "-1")
L 06/28/2025 - 22:52:30: -------- Mapchange to c10m3_ranchhouse --------
L 06/28/2025 - 22:52:34: [basecommands.smx] "Console<0><Console><Console>" changed cvar (cvar "sv_consistency") (value "0")
L 06/28/2025 - 22:52:34: [basecommands.smx] "Console<0><Console><Console>" changed cvar (cvar "sv_allow_lobby_connect_only") (value "0")
L 06/28/2025 - 22:52:34: [basecommands.smx] "Console<0><Console><Console>" changed cvar (cvar "sv_maxplayers") (value "8")
L 06/28/2025 - 22:52:34: [basecommands.smx] "Console<0><Console><Console>" changed cvar (cvar "sv_visiblemaxplayers") (value "-1")
L 06/28/2025 - 22:54:17: Log file closed.
