L 09/03/2026 - 23:28:59: SourceMod log file session started (file "d:\steamlibrary\steamapps\common\left 4 dead 2\left4dead2\addons\sourcemod\logs\L20260903.log") (Version "1.12.0.7207")
L 09/03/2026 - 23:28:59: [GEOIP] GeoIP2 database loaded: GeoLite2-ASN (2024-08-21 08:15:21 UTC) (d:\steamlibrary\steamapps\common\left 4 dead 2\left4dead2\addons\sourcemod\configs\geoip\GeoLite2-ASN.mmdb)
L 09/03/2026 - 23:28:59: [GEOIP] GeoIP2 supported languages: en
L 09/03/2026 - 23:28:59: [GEOIP] Your database is older than 90 days. You should consider downloading a newer version from e.g. https://dev.maxmind.com/geoip/geolite2-free-geolocation-data
L 09/03/2026 - 23:29:00: [l4d_extinguisher.smx] 
==========
Warning: You should install "[L4D2] Scavenge Score Fix - Gascan Pouring" to prevent affecting the score when filling gas in Scavenge style events: https://forums.alliedmods.net/showthread.php?t=187686
==========

L 09/03/2026 - 23:29:00: [l4d_extinguisher.smx] 
==========
Warning: You should install "[L4D & L4D2] Use Priority Patch" to fix attached models blocking +USE action: https://forums.alliedmods.net/showthread.php?t=327511
==========

L 09/03/2026 - 23:29:06: [basecommands.smx] "Console<0><Console><Console>" changed cvar (cvar "sv_consistency") (value "0")
L 09/03/2026 - 23:29:06: [basecommands.smx] "Console<0><Console><Console>" changed cvar (cvar "sv_allow_lobby_connect_only") (value "0")
L 09/03/2026 - 23:29:06: [basecommands.smx] "Console<0><Console><Console>" changed cvar (cvar "sv_maxplayers") (value "8")
L 09/03/2026 - 23:29:06: [basecommands.smx] "Console<0><Console><Console>" changed cvar (cvar "sv_visiblemaxplayers") (value "-1")
L 09/03/2026 - 23:29:06: [chat-processor.smx] Message formats generated for game 'left4dead2'.
L 09/03/2026 - 23:29:06: [chat-processor.smx] Successfully hooked a SayText2 chat hook.
L 09/03/2026 - 23:29:36: [l4d2_shop.smx] [LOAD]: "[T-T]MoY<2><STEAM_1:0:511491787><>" loaded the record successfully! Points: "570"
L 09/03/2026 - 23:29:55: [l4d2_shop.smx] [INSERT]: "Ханк<3><STEAM_1:0:548795687><>" is a new user!!
L 09/03/2026 - 23:30:54: [l4d2_shop.smx] [INSERT]: "SanguinWin<8><STEAM_1:1:457042303><>" is a new user!!
L 09/03/2026 - 23:31:02: [l4d2_shop.smx] [INSERT]: "Adolf Jackson<10><STEAM_1:0:771153430><>" is a new user!!
L 09/03/2026 - 23:31:17: [l4d2_shop.smx] [LOAD]: "Mr_vrv.Owl<7><STEAM_1:0:846680656><>" loaded the record successfully! Points: "10"
L 09/03/2026 - 23:32:07: [l4d2_shop.smx] [UPDATE]: "[T-T]MoY<2><STEAM_1:0:511491787><>" saved. Points: "572"
L 09/03/2026 - 23:32:07: [l4d2_shop.smx] UPDATE SpecialFunctions SET isEnabled = 1 WHERE steamId = 'STEAM_1:0:511491787' AND (functionNo = 'GRAY_AMMO' OR functionNo = 'BLUE_AMMO' OR functionNo = 'GOLD_AMMO')
L 09/03/2026 - 23:32:07: [l4d2_shop.smx] [UPDATE]: "Ханк<3><STEAM_1:0:548795687><>" saved. Points: "5"
L 09/03/2026 - 23:32:07: [l4d2_shop.smx] [UPDATE]: "Mr_vrv.Owl<7><STEAM_1:0:846680656><>" saved. Points: "10"
L 09/03/2026 - 23:32:07: [l4d2_shop.smx] [UPDATE]: "Adolf Jackson<10><STEAM_1:0:771153430><>" saved. Points: "0"
L 09/03/2026 - 23:33:46: [l4d2_shop.smx] [INSERT]: "God<20><STEAM_1:0:465600611><>" is a new user!!
L 09/03/2026 - 23:36:59: [l4d2_shop.smx] [INSERT]: "ariaslujan6079<34><STEAM_1:1:782851780><>" is a new user!!
L 09/03/2026 - 23:37:53: [l4d2_shop.smx] [UPDATE]: "[T-T]MoY<2><STEAM_1:0:511491787><>" saved. Points: "616"
L 09/03/2026 - 23:37:53: [l4d2_shop.smx] UPDATE SpecialFunctions SET isEnabled = 1 WHERE steamId = 'STEAM_1:0:511491787' AND (functionNo = 'GRAY_AMMO' OR functionNo = 'BLUE_AMMO' OR functionNo = 'GOLD_AMMO')
L 09/03/2026 - 23:37:53: [l4d2_shop.smx] [UPDATE]: "Ханк<3><STEAM_1:0:548795687><>" saved. Points: "36"
L 09/03/2026 - 23:37:53: [l4d2_shop.smx] [UPDATE]: "Mr_vrv.Owl<7><STEAM_1:0:846680656><>" saved. Points: "40"
L 09/03/2026 - 23:37:53: [l4d2_shop.smx] [UPDATE]: "Adolf Jackson<10><STEAM_1:0:771153430><>" saved. Points: "28"
L 09/03/2026 - 23:37:53: [l4d2_shop.smx] [UPDATE]: "ariaslujan6079<34><STEAM_1:1:782851780><>" saved. Points: "4"
L 09/03/2026 - 23:38:30: [basevotes.smx] "[T-T]MoY<2><STEAM_1:0:511491787><>" initiated a kick vote against "ariaslujan6079<34><STEAM_1:1:782851780><>"
L 09/03/2026 - 23:38:50: [basevotes.smx] Vote failed. 60% vote required. (Received "50" of 2 votes)
L 09/03/2026 - 23:39:35: [l4d2_shop.smx] [UPDATE]: "[T-T]MoY<2><STEAM_1:0:511491787><>" saved. Points: "616"
L 09/03/2026 - 23:39:35: [l4d2_shop.smx] UPDATE SpecialFunctions SET isEnabled = 1 WHERE steamId = 'STEAM_1:0:511491787' AND (functionNo = 'GRAY_AMMO' OR functionNo = 'BLUE_AMMO' OR functionNo = 'GOLD_AMMO')
L 09/03/2026 - 23:39:35: [l4d2_shop.smx] [UPDATE]: "Mr_vrv.Owl<7><STEAM_1:0:846680656><>" saved. Points: "40"
L 09/03/2026 - 23:39:35: [l4d2_shop.smx] [UPDATE]: "Adolf Jackson<10><STEAM_1:0:771153430><>" saved. Points: "28"
L 09/03/2026 - 23:39:35: [l4d2_shop.smx] [UPDATE]: "ariaslujan6079<34><STEAM_1:1:782851780><>" saved. Points: "7"
L 09/03/2026 - 23:40:20: [l4d2_shop.smx] [LOAD]: "jordan_<47><STEAM_1:0:613616625><>" loaded the record successfully! Points: "0"
L 09/03/2026 - 23:40:39: [l4d_sm_respawn.smx] "[T-T]MoY<2><STEAM_1:0:511491787><>" teleported "jordan_<47><STEAM_1:0:613616625><>" after respawning him
L 09/03/2026 - 23:40:39: [l4d2_shop.smx] [LOAD]: "dON_Adrix<49><STEAM_1:0:67181237><>" loaded the record successfully! Points: "45"
L 09/03/2026 - 23:41:07: [l4d2_shop.smx] [INSERT]: "<color=1/0/0>The_Cat<51><STEAM_1:1:814202351><>" is a new user!!
L 09/03/2026 - 23:42:50: [l4d2_shop.smx] [LOAD]: "LUXOK<54><STEAM_1:0:806609271><>" loaded the record successfully! Points: "12"
L 09/03/2026 - 23:43:26: [l4d2_shop.smx] [UPDATE]: "[T-T]MoY<2><STEAM_1:0:511491787><>" saved. Points: "624"
L 09/03/2026 - 23:43:26: [l4d2_shop.smx] UPDATE SpecialFunctions SET isEnabled = 1 WHERE steamId = 'STEAM_1:0:511491787' AND (functionNo = 'GRAY_AMMO' OR functionNo = 'BLUE_AMMO' OR functionNo = 'GOLD_AMMO')
L 09/03/2026 - 23:43:26: [l4d2_shop.smx] [UPDATE]: "Mr_vrv.Owl<7><STEAM_1:0:846680656><>" saved. Points: "48"
L 09/03/2026 - 23:43:26: [l4d2_shop.smx] [UPDATE]: "jordan_<47><STEAM_1:0:613616625><>" saved. Points: "15"
L 09/03/2026 - 23:43:26: [l4d2_shop.smx] [UPDATE]: "dON_Adrix<49><STEAM_1:0:67181237><>" saved. Points: "51"
L 09/03/2026 - 23:43:26: [l4d2_shop.smx] [UPDATE]: "LUXOK<54><STEAM_1:0:806609271><>" saved. Points: "12"
L 09/03/2026 - 23:43:26: [l4d2_shop.smx] [UPDATE]: "ariaslujan6079<34><STEAM_1:1:782851780><>" saved. Points: "15"
L 09/03/2026 - 23:44:25: [l4d2_shop.smx] [INSERT]: "melvscorpse<67><STEAM_1:0:703582461><>" is a new user!!
L 09/03/2026 - 23:45:08: [l4d2_shop.smx] [INSERT]: "ZEGION<71><STEAM_1:1:402380459><>" is a new user!!
L 09/03/2026 - 23:47:29: -------- Mapchange to c1m3_mall --------
L 09/03/2026 - 23:47:33: [basecommands.smx] "Console<0><Console><Console>" changed cvar (cvar "sv_consistency") (value "0")
L 09/03/2026 - 23:47:33: [basecommands.smx] "Console<0><Console><Console>" changed cvar (cvar "sv_allow_lobby_connect_only") (value "0")
L 09/03/2026 - 23:47:33: [basecommands.smx] "Console<0><Console><Console>" changed cvar (cvar "sv_maxplayers") (value "8")
L 09/03/2026 - 23:47:33: [basecommands.smx] "Console<0><Console><Console>" changed cvar (cvar "sv_visiblemaxplayers") (value "-1")
L 09/03/2026 - 23:47:34: [chat-processor.smx] Message formats generated for game 'left4dead2'.
L 09/03/2026 - 23:47:34: [chat-processor.smx] Successfully hooked a SayText2 chat hook.
L 09/03/2026 - 23:47:53: [l4d2_shop.smx] [LOAD]: "dON_Adrix<49><STEAM_1:0:67181237><>" loaded the record successfully! Points: "51"
L 09/03/2026 - 23:47:57: [l4d2_shop.smx] [LOAD]: "ariaslujan6079<34><STEAM_1:1:782851780><>" loaded the record successfully! Points: "15"
L 09/03/2026 - 23:48:04: [l4d2_shop.smx] [LOAD]: "[T-T]MoY<2><STEAM_1:0:511491787><>" loaded the record successfully! Points: "624"
L 09/03/2026 - 23:48:07: [l4d2_shop.smx] [LOAD]: "ZEGION<71><STEAM_1:1:402380459><>" loaded the record successfully! Points: "0"
L 09/03/2026 - 23:48:13: [l4d2_shop.smx] [LOAD]: "melvscorpse<67><STEAM_1:0:703582461><>" loaded the record successfully! Points: "0"
L 09/03/2026 - 23:48:38: [l4d2_shop.smx] [LOAD]: "Mr_vrv.Owl<7><STEAM_1:0:846680656><>" loaded the record successfully! Points: "48"
L 09/03/2026 - 23:48:43: [l4d2_shop.smx] [INSERT]: "PEPE EL POLLO<91><STEAM_1:1:504123249><>" is a new user!!
L 09/03/2026 - 23:49:55: [l4d2_shop.smx] [LOAD]: "jordan_<95><STEAM_1:0:613616625><>" loaded the record successfully! Points: "15"
L 09/03/2026 - 23:51:33: [l4d2_shop.smx] [UPDATE]: "[T-T]MoY<2><STEAM_1:0:511491787><>" saved. Points: "635"
L 09/03/2026 - 23:51:33: [l4d2_shop.smx] UPDATE SpecialFunctions SET isEnabled = 1 WHERE steamId = 'STEAM_1:0:511491787' AND (functionNo = 'GRAY_AMMO' OR functionNo = 'BLUE_AMMO' OR functionNo = 'GOLD_AMMO')
L 09/03/2026 - 23:51:33: [l4d2_shop.smx] [UPDATE]: "ZEGION<71><STEAM_1:1:402380459><>" saved. Points: "10"
L 09/03/2026 - 23:51:33: [l4d2_shop.smx] [UPDATE]: "Mr_vrv.Owl<7><STEAM_1:0:846680656><>" saved. Points: "61"
L 09/03/2026 - 23:51:33: [l4d2_shop.smx] [UPDATE]: "melvscorpse<67><STEAM_1:0:703582461><>" saved. Points: "14"
L 09/03/2026 - 23:51:33: [l4d2_shop.smx] [UPDATE]: "dON_Adrix<49><STEAM_1:0:67181237><>" saved. Points: "59"
L 09/03/2026 - 23:51:33: [l4d2_shop.smx] [UPDATE]: "ariaslujan6079<34><STEAM_1:1:782851780><>" saved. Points: "23"
L 09/03/2026 - 23:51:50: [l4d2_shop.smx] [INSERT]: "goldwolf2024<104><STEAM_1:1:796021722><>" is a new user!!
L 09/03/2026 - 23:53:07: [l4d2_shop.smx] [INSERT]: "JH<110><STEAM_1:0:375853929><>" is a new user!!
L 09/03/2026 - 23:56:13: -------- Mapchange to c1m4_atrium --------
L 09/03/2026 - 23:56:16: [basecommands.smx] "Console<0><Console><Console>" changed cvar (cvar "sv_consistency") (value "0")
L 09/03/2026 - 23:56:16: [basecommands.smx] "Console<0><Console><Console>" changed cvar (cvar "sv_allow_lobby_connect_only") (value "0")
L 09/03/2026 - 23:56:16: [basecommands.smx] "Console<0><Console><Console>" changed cvar (cvar "sv_maxplayers") (value "8")
L 09/03/2026 - 23:56:16: [basecommands.smx] "Console<0><Console><Console>" changed cvar (cvar "sv_visiblemaxplayers") (value "-1")
L 09/03/2026 - 23:56:16: [chat-processor.smx] Message formats generated for game 'left4dead2'.
L 09/03/2026 - 23:56:16: [chat-processor.smx] Successfully hooked a SayText2 chat hook.
L 09/03/2026 - 23:56:35: [l4d2_shop.smx] [LOAD]: "dON_Adrix<49><STEAM_1:0:67181237><>" loaded the record successfully! Points: "59"
L 09/03/2026 - 23:56:36: [l4d2_shop.smx] [LOAD]: "JH<110><STEAM_1:0:375853929><>" loaded the record successfully! Points: "0"
L 09/03/2026 - 23:56:39: [l4d2_shop.smx] [LOAD]: "ariaslujan6079<34><STEAM_1:1:782851780><>" loaded the record successfully! Points: "23"
L 09/03/2026 - 23:56:47: [l4d2_shop.smx] [LOAD]: "[T-T]MoY<2><STEAM_1:0:511491787><>" loaded the record successfully! Points: "635"
L 09/03/2026 - 23:56:47: [l4d2_shop.smx] [LOAD]: "goldwolf2024<104><STEAM_1:1:796021722><>" loaded the record successfully! Points: "0"
L 09/03/2026 - 23:56:49: [l4d2_shop.smx] [LOAD]: "ZEGION<71><STEAM_1:1:402380459><>" loaded the record successfully! Points: "10"
L 09/03/2026 - 23:56:55: [l4d2_shop.smx] [LOAD]: "melvscorpse<67><STEAM_1:0:703582461><>" loaded the record successfully! Points: "14"
L 09/03/2026 - 23:57:20: [l4d2_shop.smx] [LOAD]: "Mr_vrv.Owl<7><STEAM_1:0:846680656><>" loaded the record successfully! Points: "61"
L 09/03/2026 - 23:58:57: [l4d_sm_respawn.smx] "[T-T]MoY<2><STEAM_1:0:511491787><>" teleported "[T-T]MoY<2><STEAM_1:0:511491787><>" after respawning him
L 09/03/2026 - 23:59:15: [l4d2_shop.smx] [INSERT]: "Darkzzz<135><STEAM_1:1:630371416><>" is a new user!!
L 09/03/2026 - 23:59:47: [l4d_sm_respawn.smx] "[T-T]MoY<2><STEAM_1:0:511491787><>" teleported "goldwolf2024<104><STEAM_1:1:796021722><>" after respawning him
L 09/04/2026 - 00:00:14: Log file closed.
