L 08/09/2026 - 00:01:01: SourceMod log file session started (file "d:\steamlibrary\steamapps\common\left 4 dead 2\left4dead2\addons\sourcemod\logs\L20260809.log") (Version "1.12.0.7207")
L 08/09/2026 - 00:01:01: [l4d2_shop.smx] [UPDATE]: "[T-T]MoY<2><STEAM_1:0:511491787><>" saved. Points: "1234"
L 08/09/2026 - 00:01:01: [l4d2_shop.smx] UPDATE SpecialFunctions SET isEnabled = 1 WHERE steamId = 'STEAM_1:0:511491787' AND (functionNo = 'GRAY_AMMO' OR functionNo = 'BLUE_AMMO' OR functionNo = 'GOLD_AMMO')
L 08/09/2026 - 00:01:01: [l4d2_shop.smx] [UPDATE]: "Arthur<56><STEAM_1:0:568756615><>" saved. Points: "2163"
L 08/09/2026 - 00:01:01: [l4d2_shop.smx] [UPDATE]: "Bash<46><STEAM_1:0:592192666><>" saved. Points: "98"
L 08/09/2026 - 00:02:10: [l4d2_shop.smx] [UPDATE]: "[T-T]MoY<2><STEAM_1:0:511491787><>" saved. Points: "1234"
L 08/09/2026 - 00:02:10: [l4d2_shop.smx] UPDATE SpecialFunctions SET isEnabled = 1 WHERE steamId = 'STEAM_1:0:511491787' AND (functionNo = 'GRAY_AMMO' OR functionNo = 'BLUE_AMMO' OR functionNo = 'GOLD_AMMO')
L 08/09/2026 - 00:02:10: [l4d2_shop.smx] [UPDATE]: "Arthur<56><STEAM_1:0:568756615><>" saved. Points: "2163"
L 08/09/2026 - 00:02:10: [l4d2_shop.smx] [UPDATE]: "Bash<46><STEAM_1:0:592192666><>" saved. Points: "98"
L 08/09/2026 - 00:02:47: [l4d2_shop.smx] [INSERT]: "TU MACHETE<219><STEAM_1:1:934358392><>" is a new user!!
L 08/09/2026 - 00:04:55: [l4d2_shop.smx] [UPDATE]: "[T-T]MoY<2><STEAM_1:0:511491787><>" saved. Points: "1240"
L 08/09/2026 - 00:04:55: [l4d2_shop.smx] UPDATE SpecialFunctions SET isEnabled = 1 WHERE steamId = 'STEAM_1:0:511491787' AND (functionNo = 'GRAY_AMMO' OR functionNo = 'BLUE_AMMO' OR functionNo = 'GOLD_AMMO')
L 08/09/2026 - 00:04:55: [l4d2_shop.smx] [UPDATE]: "TU MACHETE<219><STEAM_1:1:934358392><>" saved. Points: "8"
L 08/09/2026 - 00:04:55: [l4d2_shop.smx] [UPDATE]: "Arthur<56><STEAM_1:0:568756615><>" saved. Points: "2178"
L 08/09/2026 - 00:04:55: [l4d2_shop.smx] [UPDATE]: "Bash<46><STEAM_1:0:592192666><>" saved. Points: "104"
L 08/09/2026 - 00:08:14: [l4d_sm_respawn.smx] "[T-T]MoY<2><STEAM_1:0:511491787><>" teleported "Arthur<56><STEAM_1:0:568756615><>" after respawning him
L 08/09/2026 - 00:08:40: [l4d2_shop.smx] [Buy]: "[T-T]MoY<2><STEAM_1:0:511491787><>" bought "Revivir (Costo actual: 50)" (price: "50"), remaining points: "1198"
L 08/09/2026 - 00:09:20: -------- Mapchange to c2m4_barns --------
L 08/09/2026 - 00:09:24: [chat-processor.smx] Message formats generated for game 'left4dead2'.
L 08/09/2026 - 00:09:24: [chat-processor.smx] Successfully hooked a SayText2 chat hook.
L 08/09/2026 - 00:09:41: [l4d2_shop.smx] [LOAD]: "[T-T]MoY<2><STEAM_1:0:511491787><>" loaded the record successfully! Points: "1240"
L 08/09/2026 - 00:09:49: [l4d2_shop.smx] [LOAD]: "Bash<46><STEAM_1:0:592192666><>" loaded the record successfully! Points: "104"
L 08/09/2026 - 00:09:49: [l4d2_shop.smx] [LOAD]: "Arthur<56><STEAM_1:0:568756615><>" loaded the record successfully! Points: "2178"
L 08/09/2026 - 00:10:50: [l4d2_shop.smx] [UPDATE]: "[T-T]MoY<2><STEAM_1:0:511491787><>" saved. Points: "1240"
L 08/09/2026 - 00:10:50: [l4d2_shop.smx] UPDATE SpecialFunctions SET isEnabled = 1 WHERE steamId = 'STEAM_1:0:511491787' AND (functionNo = 'GRAY_AMMO' OR functionNo = 'BLUE_AMMO' OR functionNo = 'GOLD_AMMO')
L 08/09/2026 - 00:10:50: [l4d2_shop.smx] [UPDATE]: "Arthur<56><STEAM_1:0:568756615><>" saved. Points: "2178"
L 08/09/2026 - 00:10:50: [l4d2_shop.smx] [UPDATE]: "Bash<46><STEAM_1:0:592192666><>" saved. Points: "104"
L 08/09/2026 - 00:12:28: Log file closed.
