L 08/06/2025 - 00:01:36: SourceMod log file session started (file "e:\steamlibrary\steamapps\common\left 4 dead 2\left4dead2\addons\sourcemod\logs\L20250806.log") (Version "1.12.0.7207")
L 08/06/2025 - 00:01:36: -------- Mapchange to C1_mario1_1 --------
L 08/06/2025 - 00:01:39: [basecommands.smx] "Console<0><Console><Console>" changed cvar (cvar "sv_consistency") (value "0")
L 08/06/2025 - 00:01:39: [basecommands.smx] "Console<0><Console><Console>" changed cvar (cvar "sv_allow_lobby_connect_only") (value "0")
L 08/06/2025 - 00:01:39: [basecommands.smx] "Console<0><Console><Console>" changed cvar (cvar "sv_maxplayers") (value "8")
L 08/06/2025 - 00:01:39: [basecommands.smx] "Console<0><Console><Console>" changed cvar (cvar "sv_visiblemaxplayers") (value "-1")
L 08/06/2025 - 00:05:20: -------- Mapchange to C1_mario1_2 --------
L 08/06/2025 - 00:05:23: [basecommands.smx] "Console<0><Console><Console>" changed cvar (cvar "sv_consistency") (value "0")
L 08/06/2025 - 00:05:23: [basecommands.smx] "Console<0><Console><Console>" changed cvar (cvar "sv_allow_lobby_connect_only") (value "0")
L 08/06/2025 - 00:05:23: [basecommands.smx] "Console<0><Console><Console>" changed cvar (cvar "sv_maxplayers") (value "8")
L 08/06/2025 - 00:05:23: [basecommands.smx] "Console<0><Console><Console>" changed cvar (cvar "sv_visiblemaxplayers") (value "-1")
L 08/06/2025 - 00:07:41: -------- Mapchange to C1_mario1_3 --------
L 08/06/2025 - 00:07:45: [basecommands.smx] "Console<0><Console><Console>" changed cvar (cvar "sv_consistency") (value "0")
L 08/06/2025 - 00:07:45: [basecommands.smx] "Console<0><Console><Console>" changed cvar (cvar "sv_allow_lobby_connect_only") (value "0")
L 08/06/2025 - 00:07:45: [basecommands.smx] "Console<0><Console><Console>" changed cvar (cvar "sv_maxplayers") (value "8")
L 08/06/2025 - 00:07:45: [basecommands.smx] "Console<0><Console><Console>" changed cvar (cvar "sv_visiblemaxplayers") (value "-1")
L 08/06/2025 - 00:09:57: Log file closed.
L 08/06/2025 - 17:20:55: SourceMod log file session started (file "e:\steamlibrary\steamapps\common\left 4 dead 2\left4dead2\addons\sourcemod\logs\L20250806.log") (Version "1.12.0.7207")
L 08/06/2025 - 17:20:55: [GEOIP] GeoIP2 database loaded: GeoLite2-ASN (2024-08-21 08:15:21 UTC) (e:\steamlibrary\steamapps\common\left 4 dead 2\left4dead2\addons\sourcemod\configs\geoip\GeoLite2-ASN.mmdb)
L 08/06/2025 - 17:20:55: [GEOIP] GeoIP2 supported languages: en
L 08/06/2025 - 17:20:55: [GEOIP] Your database is older than 90 days. You should consider downloading a newer version from e.g. https://dev.maxmind.com/geoip/geolite2-free-geolocation-data
L 08/06/2025 - 17:21:10: [basecommands.smx] "Console<0><Console><Console>" changed cvar (cvar "sv_consistency") (value "0")
L 08/06/2025 - 17:21:10: [basecommands.smx] "Console<0><Console><Console>" changed cvar (cvar "sv_allow_lobby_connect_only") (value "0")
L 08/06/2025 - 17:21:10: [basecommands.smx] "Console<0><Console><Console>" changed cvar (cvar "sv_maxplayers") (value "8")
L 08/06/2025 - 17:21:10: [basecommands.smx] "Console<0><Console><Console>" changed cvar (cvar "sv_visiblemaxplayers") (value "-1")
L 08/06/2025 - 17:25:51: [funcommands.smx] "[T-T]MoY<2><STEAM_1:0:511491787><>" toggled noclip on "[T-T]MoY<2><STEAM_1:0:511491787><>"
L 08/06/2025 - 17:26:17: [basecommands.smx] "[T-T]MoY<2><STEAM_1:0:511491787><>" kicked "MIANET<9><STEAM_1:0:654055446><>" (reason "")
L 08/06/2025 - 17:26:18: [basecommands.smx] "[T-T]MoY<2><STEAM_1:0:511491787><>" kicked "SETH_<10><STEAM_1:1:933055407><>" (reason "")
L 08/06/2025 - 17:27:04: [funcommands.smx] "[T-T]MoY<2><STEAM_1:0:511491787><>" toggled noclip on "[T-T]MoY<2><STEAM_1:0:511491787><>"
L 08/06/2025 - 17:27:06: [funcommands.smx] "[T-T]MoY<2><STEAM_1:0:511491787><>" toggled noclip on "[T-T]MoY<2><STEAM_1:0:511491787><>"
L 08/06/2025 - 17:27:06: [funcommands.smx] "[T-T]MoY<2><STEAM_1:0:511491787><>" toggled noclip on "[T-T]MoY<2><STEAM_1:0:511491787><>"
L 08/06/2025 - 17:27:15: [basecommands.smx] "[T-T]MoY<2><STEAM_1:0:511491787><>" changed cvar (cvar "sv_gravity") (value "200")
L 08/06/2025 - 17:31:51: -------- Mapchange to c1m2_streets --------
L 08/06/2025 - 17:31:59: [basecommands.smx] "Console<0><Console><Console>" changed cvar (cvar "sv_consistency") (value "0")
L 08/06/2025 - 17:31:59: [basecommands.smx] "Console<0><Console><Console>" changed cvar (cvar "sv_allow_lobby_connect_only") (value "0")
L 08/06/2025 - 17:31:59: [basecommands.smx] "Console<0><Console><Console>" changed cvar (cvar "sv_maxplayers") (value "8")
L 08/06/2025 - 17:31:59: [basecommands.smx] "Console<0><Console><Console>" changed cvar (cvar "sv_visiblemaxplayers") (value "-1")
L 08/06/2025 - 17:37:32: -------- Mapchange to c1m3_mall --------
L 08/06/2025 - 17:37:39: [basecommands.smx] "Console<0><Console><Console>" changed cvar (cvar "sv_consistency") (value "0")
L 08/06/2025 - 17:37:39: [basecommands.smx] "Console<0><Console><Console>" changed cvar (cvar "sv_allow_lobby_connect_only") (value "0")
L 08/06/2025 - 17:37:39: [basecommands.smx] "Console<0><Console><Console>" changed cvar (cvar "sv_maxplayers") (value "8")
L 08/06/2025 - 17:37:39: [basecommands.smx] "Console<0><Console><Console>" changed cvar (cvar "sv_visiblemaxplayers") (value "-1")
L 08/06/2025 - 17:45:37: [basevotes.smx] "[T-T]MoY<2><STEAM_1:0:511491787><>" initiated a generic vote (question "nos kacharon?" / answers "Yes" "No").
L 08/06/2025 - 17:45:58: [basevotes.smx] Vote successful. (Received "50" of 4 votes)
L 08/06/2025 - 17:45:58: [basevotes.smx] The answer to nos kacharon? is: Yes.
L 08/06/2025 - 17:46:15: -------- Mapchange to c1m4_atrium --------
L 08/06/2025 - 17:46:22: [basecommands.smx] "Console<0><Console><Console>" changed cvar (cvar "sv_consistency") (value "0")
L 08/06/2025 - 17:46:22: [basecommands.smx] "Console<0><Console><Console>" changed cvar (cvar "sv_allow_lobby_connect_only") (value "0")
L 08/06/2025 - 17:46:22: [basecommands.smx] "Console<0><Console><Console>" changed cvar (cvar "sv_maxplayers") (value "8")
L 08/06/2025 - 17:46:22: [basecommands.smx] "Console<0><Console><Console>" changed cvar (cvar "sv_visiblemaxplayers") (value "-1")
L 08/06/2025 - 17:51:07: [basevotes.smx] "[T-T]MoY<2><STEAM_1:0:511491787><>" initiated a generic vote (question "los revivo?" / answers "Yes" "No").
L 08/06/2025 - 17:51:27: [basevotes.smx] Vote successful. (Received "100" of 1 votes)
L 08/06/2025 - 17:51:27: [basevotes.smx] The answer to los revivo? is: Yes.
L 08/06/2025 - 17:51:58: [basevotes.smx] "[T-T]MoY<2><STEAM_1:0:511491787><>" initiated a generic vote (question "los revivo?" / answers "Yes" "No").
L 08/06/2025 - 17:52:19: [basevotes.smx] Vote successful. (Received "100" of 3 votes)
L 08/06/2025 - 17:52:19: [basevotes.smx] The answer to los revivo? is: Yes.
L 08/06/2025 - 17:52:36: [l4d_sm_respawn.smx] "[T-T]MoY<2><STEAM_1:0:511491787><>" teleported "papá*<21><STEAM_1:0:780560877><>" after respawning him
L 08/06/2025 - 17:52:42: [l4d_sm_respawn.smx] "[T-T]MoY<2><STEAM_1:0:511491787><>" teleported "JAZZ DAG<47><STEAM_1:1:612886814><>" after respawning him
L 08/06/2025 - 17:52:45: [l4d_sm_respawn.smx] "[T-T]MoY<2><STEAM_1:0:511491787><>" teleported "JOSH :()<84><STEAM_1:0:74572512><>" after respawning him
L 08/06/2025 - 17:52:52: [l4d_sm_respawn.smx] "[T-T]MoY<2><STEAM_1:0:511491787><>" teleported "redwolf<110><STEAM_1:0:659064498><>" after respawning him
L 08/06/2025 - 17:53:04: [l4d_sm_respawn.smx] "[T-T]MoY<2><STEAM_1:0:511491787><>" teleported "alejandromedina5912<23><STEAM_1:0:661882102><>" after respawning him
L 08/06/2025 - 17:53:46: [l4d_sm_respawn.smx] "[T-T]MoY<2><STEAM_1:0:511491787><>" teleported "alejandromedina5912<23><STEAM_1:0:661882102><>" after respawning him
L 08/06/2025 - 17:53:55: [l4d_sm_respawn.smx] "[T-T]MoY<2><STEAM_1:0:511491787><>" teleported "JAZZ DAG<47><STEAM_1:1:612886814><>" after respawning him
L 08/06/2025 - 17:53:57: [l4d_sm_respawn.smx] "[T-T]MoY<2><STEAM_1:0:511491787><>" teleported "papá*<21><STEAM_1:0:780560877><>" after respawning him
L 08/06/2025 - 17:54:01: [l4d_sm_respawn.smx] "[T-T]MoY<2><STEAM_1:0:511491787><>" teleported "JOSH :()<84><STEAM_1:0:74572512><>" after respawning him
L 08/06/2025 - 17:55:41: [l4d_sm_respawn.smx] "[T-T]MoY<2><STEAM_1:0:511491787><>" teleported "alejandromedina5912<23><STEAM_1:0:661882102><>" after respawning him
L 08/06/2025 - 17:55:45: [l4d_sm_respawn.smx] "[T-T]MoY<2><STEAM_1:0:511491787><>" teleported "papá*<21><STEAM_1:0:780560877><>" after respawning him
L 08/06/2025 - 17:55:47: [l4d_sm_respawn.smx] "[T-T]MoY<2><STEAM_1:0:511491787><>" teleported "[T-T]MoY<2><STEAM_1:0:511491787><>" after respawning him
L 08/06/2025 - 17:56:49: [l4d_sm_respawn.smx] "[T-T]MoY<2><STEAM_1:0:511491787><>" teleported "papá*<21><STEAM_1:0:780560877><>" after respawning him
L 08/06/2025 - 17:56:53: [l4d_sm_respawn.smx] "[T-T]MoY<2><STEAM_1:0:511491787><>" teleported "alejandromedina5912<23><STEAM_1:0:661882102><>" after respawning him
L 08/06/2025 - 17:56:57: [l4d_sm_respawn.smx] "[T-T]MoY<2><STEAM_1:0:511491787><>" teleported "JAZZ DAG<47><STEAM_1:1:612886814><>" after respawning him
L 08/06/2025 - 17:59:26: -------- Mapchange to c2m1_highway --------
L 08/06/2025 - 17:59:33: [basecommands.smx] "Console<0><Console><Console>" changed cvar (cvar "sv_consistency") (value "0")
L 08/06/2025 - 17:59:33: [basecommands.smx] "Console<0><Console><Console>" changed cvar (cvar "sv_allow_lobby_connect_only") (value "0")
L 08/06/2025 - 17:59:33: [basecommands.smx] "Console<0><Console><Console>" changed cvar (cvar "sv_maxplayers") (value "8")
L 08/06/2025 - 17:59:33: [basecommands.smx] "Console<0><Console><Console>" changed cvar (cvar "sv_visiblemaxplayers") (value "-1")
L 08/06/2025 - 18:09:26: -------- Mapchange to c2m2_fairgrounds --------
L 08/06/2025 - 18:09:33: [basecommands.smx] "Console<0><Console><Console>" changed cvar (cvar "sv_consistency") (value "0")
L 08/06/2025 - 18:09:33: [basecommands.smx] "Console<0><Console><Console>" changed cvar (cvar "sv_allow_lobby_connect_only") (value "0")
L 08/06/2025 - 18:09:33: [basecommands.smx] "Console<0><Console><Console>" changed cvar (cvar "sv_maxplayers") (value "8")
L 08/06/2025 - 18:09:33: [basecommands.smx] "Console<0><Console><Console>" changed cvar (cvar "sv_visiblemaxplayers") (value "-1")
L 08/06/2025 - 18:15:17: -------- Mapchange to c2m3_coaster --------
L 08/06/2025 - 18:15:24: [basecommands.smx] "Console<0><Console><Console>" changed cvar (cvar "sv_consistency") (value "0")
L 08/06/2025 - 18:15:24: [basecommands.smx] "Console<0><Console><Console>" changed cvar (cvar "sv_allow_lobby_connect_only") (value "0")
L 08/06/2025 - 18:15:24: [basecommands.smx] "Console<0><Console><Console>" changed cvar (cvar "sv_maxplayers") (value "8")
L 08/06/2025 - 18:15:24: [basecommands.smx] "Console<0><Console><Console>" changed cvar (cvar "sv_visiblemaxplayers") (value "-1")
L 08/06/2025 - 18:16:54: [funvotes.smx] "[T-T]MoY<154><STEAM_1:0:511491787><>" initiated a slay vote against "dante/panquesito<197><STEAM_1:0:925002715><>"
L 08/06/2025 - 18:17:14: [funvotes.smx] Vote slay successful, slaying "dante/panquesito<197><STEAM_1:0:925002715><>"
L 08/06/2025 - 18:34:28: -------- Mapchange to c2m4_barns --------
L 08/06/2025 - 18:34:35: [basecommands.smx] "Console<0><Console><Console>" changed cvar (cvar "sv_consistency") (value "0")
L 08/06/2025 - 18:34:35: [basecommands.smx] "Console<0><Console><Console>" changed cvar (cvar "sv_allow_lobby_connect_only") (value "0")
L 08/06/2025 - 18:34:35: [basecommands.smx] "Console<0><Console><Console>" changed cvar (cvar "sv_maxplayers") (value "8")
L 08/06/2025 - 18:34:35: [basecommands.smx] "Console<0><Console><Console>" changed cvar (cvar "sv_visiblemaxplayers") (value "-1")
L 08/06/2025 - 18:37:59: -------- Mapchange to c2m5_concert --------
L 08/06/2025 - 18:38:06: [basecommands.smx] "Console<0><Console><Console>" changed cvar (cvar "sv_consistency") (value "0")
L 08/06/2025 - 18:38:06: [basecommands.smx] "Console<0><Console><Console>" changed cvar (cvar "sv_allow_lobby_connect_only") (value "0")
L 08/06/2025 - 18:38:06: [basecommands.smx] "Console<0><Console><Console>" changed cvar (cvar "sv_maxplayers") (value "8")
L 08/06/2025 - 18:38:06: [basecommands.smx] "Console<0><Console><Console>" changed cvar (cvar "sv_visiblemaxplayers") (value "-1")
L 08/06/2025 - 18:39:30: [l4d_sm_respawn.smx] "[T-T]MoY<154><STEAM_1:0:511491787><>" teleported "TONYGAMER<316><STEAM_1:0:763874051><>" after respawning him
L 08/06/2025 - 18:47:23: -------- Mapchange to c5m1_waterfront --------
L 08/06/2025 - 18:47:30: [basecommands.smx] "Console<0><Console><Console>" changed cvar (cvar "sv_consistency") (value "0")
L 08/06/2025 - 18:47:30: [basecommands.smx] "Console<0><Console><Console>" changed cvar (cvar "sv_allow_lobby_connect_only") (value "0")
L 08/06/2025 - 18:47:30: [basecommands.smx] "Console<0><Console><Console>" changed cvar (cvar "sv_maxplayers") (value "8")
L 08/06/2025 - 18:47:30: [basecommands.smx] "Console<0><Console><Console>" changed cvar (cvar "sv_visiblemaxplayers") (value "-1")
L 08/06/2025 - 18:50:09: -------- Mapchange to c5m2_park --------
L 08/06/2025 - 18:50:16: [basecommands.smx] "Console<0><Console><Console>" changed cvar (cvar "sv_consistency") (value "0")
L 08/06/2025 - 18:50:16: [basecommands.smx] "Console<0><Console><Console>" changed cvar (cvar "sv_allow_lobby_connect_only") (value "0")
L 08/06/2025 - 18:50:16: [basecommands.smx] "Console<0><Console><Console>" changed cvar (cvar "sv_maxplayers") (value "8")
L 08/06/2025 - 18:50:16: [basecommands.smx] "Console<0><Console><Console>" changed cvar (cvar "sv_visiblemaxplayers") (value "-1")
L 08/06/2025 - 18:57:48: -------- Mapchange to c5m3_cemetery --------
L 08/06/2025 - 18:57:55: [basecommands.smx] "Console<0><Console><Console>" changed cvar (cvar "sv_consistency") (value "0")
L 08/06/2025 - 18:57:55: [basecommands.smx] "Console<0><Console><Console>" changed cvar (cvar "sv_allow_lobby_connect_only") (value "0")
L 08/06/2025 - 18:57:55: [basecommands.smx] "Console<0><Console><Console>" changed cvar (cvar "sv_maxplayers") (value "8")
L 08/06/2025 - 18:57:55: [basecommands.smx] "Console<0><Console><Console>" changed cvar (cvar "sv_visiblemaxplayers") (value "-1")
L 08/06/2025 - 19:03:45: -------- Mapchange to c5m4_quarter --------
L 08/06/2025 - 19:03:52: [basecommands.smx] "Console<0><Console><Console>" changed cvar (cvar "sv_consistency") (value "0")
L 08/06/2025 - 19:03:52: [basecommands.smx] "Console<0><Console><Console>" changed cvar (cvar "sv_allow_lobby_connect_only") (value "0")
L 08/06/2025 - 19:03:52: [basecommands.smx] "Console<0><Console><Console>" changed cvar (cvar "sv_maxplayers") (value "8")
L 08/06/2025 - 19:03:52: [basecommands.smx] "Console<0><Console><Console>" changed cvar (cvar "sv_visiblemaxplayers") (value "-1")
L 08/06/2025 - 19:06:43: -------- Mapchange to c5m5_bridge --------
L 08/06/2025 - 19:06:51: [basecommands.smx] "Console<0><Console><Console>" changed cvar (cvar "sv_consistency") (value "0")
L 08/06/2025 - 19:06:51: [basecommands.smx] "Console<0><Console><Console>" changed cvar (cvar "sv_allow_lobby_connect_only") (value "0")
L 08/06/2025 - 19:06:51: [basecommands.smx] "Console<0><Console><Console>" changed cvar (cvar "sv_maxplayers") (value "8")
L 08/06/2025 - 19:06:51: [basecommands.smx] "Console<0><Console><Console>" changed cvar (cvar "sv_visiblemaxplayers") (value "-1")
L 08/06/2025 - 19:10:54: [playercommands.smx] "[T-T]MoY<354><STEAM_1:0:511491787><>" slayed "coca cola espuma<441><STEAM_1:1:642356345><>"
L 08/06/2025 - 19:10:54: [playercommands.smx] "[T-T]MoY<354><STEAM_1:0:511491787><>" slayed "(2)Tank<457><BOT><>"
L 08/06/2025 - 19:13:00: [basebans.smx] "[T-T]MoY<354><STEAM_1:0:511491787><>" banned "coca cola espuma<441><STEAM_1:1:642356345><>" (minutes "10") (reason "espera 10 minutos porfa")
L 08/06/2025 - 19:14:35: -------- Mapchange to c12m1_hilltop --------
L 08/06/2025 - 19:14:43: [basecommands.smx] "Console<0><Console><Console>" changed cvar (cvar "sv_consistency") (value "0")
L 08/06/2025 - 19:14:43: [basecommands.smx] "Console<0><Console><Console>" changed cvar (cvar "sv_allow_lobby_connect_only") (value "0")
L 08/06/2025 - 19:14:43: [basecommands.smx] "Console<0><Console><Console>" changed cvar (cvar "sv_maxplayers") (value "8")
L 08/06/2025 - 19:14:43: [basecommands.smx] "Console<0><Console><Console>" changed cvar (cvar "sv_visiblemaxplayers") (value "-1")
L 08/06/2025 - 19:17:07: -------- Mapchange to c12m2_traintunnel --------
L 08/06/2025 - 19:17:15: [basecommands.smx] "Console<0><Console><Console>" changed cvar (cvar "sv_consistency") (value "0")
L 08/06/2025 - 19:17:15: [basecommands.smx] "Console<0><Console><Console>" changed cvar (cvar "sv_allow_lobby_connect_only") (value "0")
L 08/06/2025 - 19:17:15: [basecommands.smx] "Console<0><Console><Console>" changed cvar (cvar "sv_maxplayers") (value "8")
L 08/06/2025 - 19:17:15: [basecommands.smx] "Console<0><Console><Console>" changed cvar (cvar "sv_visiblemaxplayers") (value "-1")
L 08/06/2025 - 19:19:23: -------- Mapchange to c12m3_bridge --------
L 08/06/2025 - 19:19:30: [basecommands.smx] "Console<0><Console><Console>" changed cvar (cvar "sv_consistency") (value "0")
L 08/06/2025 - 19:19:30: [basecommands.smx] "Console<0><Console><Console>" changed cvar (cvar "sv_allow_lobby_connect_only") (value "0")
L 08/06/2025 - 19:19:30: [basecommands.smx] "Console<0><Console><Console>" changed cvar (cvar "sv_maxplayers") (value "8")
L 08/06/2025 - 19:19:30: [basecommands.smx] "Console<0><Console><Console>" changed cvar (cvar "sv_visiblemaxplayers") (value "-1")
L 08/06/2025 - 19:23:24: -------- Mapchange to c12m4_barn --------
L 08/06/2025 - 19:23:31: [basecommands.smx] "Console<0><Console><Console>" changed cvar (cvar "sv_consistency") (value "0")
L 08/06/2025 - 19:23:31: [basecommands.smx] "Console<0><Console><Console>" changed cvar (cvar "sv_allow_lobby_connect_only") (value "0")
L 08/06/2025 - 19:23:31: [basecommands.smx] "Console<0><Console><Console>" changed cvar (cvar "sv_maxplayers") (value "8")
L 08/06/2025 - 19:23:31: [basecommands.smx] "Console<0><Console><Console>" changed cvar (cvar "sv_visiblemaxplayers") (value "-1")
L 08/06/2025 - 19:26:58: -------- Mapchange to c12m5_cornfield --------
L 08/06/2025 - 19:27:05: [basecommands.smx] "Console<0><Console><Console>" changed cvar (cvar "sv_consistency") (value "0")
L 08/06/2025 - 19:27:05: [basecommands.smx] "Console<0><Console><Console>" changed cvar (cvar "sv_allow_lobby_connect_only") (value "0")
L 08/06/2025 - 19:27:05: [basecommands.smx] "Console<0><Console><Console>" changed cvar (cvar "sv_maxplayers") (value "8")
L 08/06/2025 - 19:27:05: [basecommands.smx] "Console<0><Console><Console>" changed cvar (cvar "sv_visiblemaxplayers") (value "-1")
L 08/06/2025 - 19:31:46: [l4d_sm_respawn.smx] "[T-T]MoY<354><STEAM_1:0:511491787><>" teleported "JOSH :()<449><STEAM_1:0:74572512><>" after respawning him
L 08/06/2025 - 19:37:39: [l4d_sm_respawn.smx] "[T-T]MoY<354><STEAM_1:0:511491787><>" teleported "JAZZ DAG<420><STEAM_1:1:612886814><>" after respawning him
L 08/06/2025 - 19:37:51: [l4d_sm_respawn.smx] "[T-T]MoY<354><STEAM_1:0:511491787><>" teleported "JAZZ DAG<420><STEAM_1:1:612886814><>" after respawning him
L 08/06/2025 - 19:38:00: [l4d_sm_respawn.smx] "[T-T]MoY<354><STEAM_1:0:511491787><>" teleported "mendezalejandro976<542><STEAM_1:1:501379660><>" after respawning him
L 08/06/2025 - 19:38:04: [l4d_sm_respawn.smx] "[T-T]MoY<354><STEAM_1:0:511491787><>" teleported "JOSH :()<449><STEAM_1:0:74572512><>" after respawning him
L 08/06/2025 - 19:38:14: [l4d_sm_respawn.smx] "[T-T]MoY<354><STEAM_1:0:511491787><>" teleported "Aleex<355><STEAM_1:0:931301575><>" after respawning him
L 08/06/2025 - 19:38:17: [l4d_sm_respawn.smx] "[T-T]MoY<354><STEAM_1:0:511491787><>" teleported "[T-T]MoY<354><STEAM_1:0:511491787><>" after respawning him
L 08/06/2025 - 19:38:32: [l4d_sm_respawn.smx] "[T-T]MoY<354><STEAM_1:0:511491787><>" teleported "JAZZ DAG<420><STEAM_1:1:612886814><>" after respawning him
L 08/06/2025 - 19:38:42: [l4d_sm_respawn.smx] "[T-T]MoY<354><STEAM_1:0:511491787><>" teleported "r0mp3p0t0s<379><STEAM_1:0:922459042><>" after respawning him
L 08/06/2025 - 19:39:29: [l4d_sm_respawn.smx] "[T-T]MoY<354><STEAM_1:0:511491787><>" teleported "Striker_483<552><STEAM_1:0:958954906><>" after respawning him
L 08/06/2025 - 19:40:57: [l4d_sm_respawn.smx] "[T-T]MoY<354><STEAM_1:0:511491787><>" teleported "Striker_483<552><STEAM_1:0:958954906><>" after respawning him
L 08/06/2025 - 19:41:04: [l4d_sm_respawn.smx] "[T-T]MoY<354><STEAM_1:0:511491787><>" teleported "Aleex<355><STEAM_1:0:931301575><>" after respawning him
L 08/06/2025 - 19:41:08: [l4d_sm_respawn.smx] "[T-T]MoY<354><STEAM_1:0:511491787><>" teleported "JOSH :()<449><STEAM_1:0:74572512><>" after respawning him
L 08/06/2025 - 19:41:13: [l4d_sm_respawn.smx] "[T-T]MoY<354><STEAM_1:0:511491787><>" teleported "mendezalejandro976<542><STEAM_1:1:501379660><>" after respawning him
L 08/06/2025 - 19:41:23: [l4d_sm_respawn.smx] "[T-T]MoY<354><STEAM_1:0:511491787><>" teleported "JAZZ DAG<420><STEAM_1:1:612886814><>" after respawning him
L 08/06/2025 - 19:41:50: [l4d_sm_respawn.smx] "[T-T]MoY<354><STEAM_1:0:511491787><>" teleported "r0mp3p0t0s<379><STEAM_1:0:922459042><>" after respawning him
L 08/06/2025 - 19:41:56: [l4d_sm_respawn.smx] "[T-T]MoY<354><STEAM_1:0:511491787><>" teleported "Striker_483<552><STEAM_1:0:958954906><>" after respawning him
L 08/06/2025 - 19:42:22: [l4d_sm_respawn.smx] "[T-T]MoY<354><STEAM_1:0:511491787><>" teleported "JAZZ DAG<420><STEAM_1:1:612886814><>" after respawning him
L 08/06/2025 - 19:42:26: [l4d_sm_respawn.smx] "[T-T]MoY<354><STEAM_1:0:511491787><>" teleported "Aleex<355><STEAM_1:0:931301575><>" after respawning him
L 08/06/2025 - 19:42:31: [l4d_sm_respawn.smx] "[T-T]MoY<354><STEAM_1:0:511491787><>" teleported "[T-T]MoY<354><STEAM_1:0:511491787><>" after respawning him
L 08/06/2025 - 19:42:54: [l4d_sm_respawn.smx] "[T-T]MoY<354><STEAM_1:0:511491787><>" teleported "Striker_483<552><STEAM_1:0:958954906><>" after respawning him
L 08/06/2025 - 19:44:11: [l4d_sm_respawn.smx] "[T-T]MoY<354><STEAM_1:0:511491787><>" teleported "Striker_483<552><STEAM_1:0:958954906><>" after respawning him
L 08/06/2025 - 19:46:48: -------- Mapchange to bwm1_climb --------
L 08/06/2025 - 19:46:55: [basecommands.smx] "Console<0><Console><Console>" changed cvar (cvar "sv_consistency") (value "0")
L 08/06/2025 - 19:46:55: [basecommands.smx] "Console<0><Console><Console>" changed cvar (cvar "sv_allow_lobby_connect_only") (value "0")
L 08/06/2025 - 19:46:55: [basecommands.smx] "Console<0><Console><Console>" changed cvar (cvar "sv_maxplayers") (value "8")
L 08/06/2025 - 19:46:55: [basecommands.smx] "Console<0><Console><Console>" changed cvar (cvar "sv_visiblemaxplayers") (value "-1")
L 08/06/2025 - 19:53:23: -------- Mapchange to bwm2_city --------
L 08/06/2025 - 19:53:30: [basecommands.smx] "Console<0><Console><Console>" changed cvar (cvar "sv_consistency") (value "0")
L 08/06/2025 - 19:53:30: [basecommands.smx] "Console<0><Console><Console>" changed cvar (cvar "sv_allow_lobby_connect_only") (value "0")
L 08/06/2025 - 19:53:30: [basecommands.smx] "Console<0><Console><Console>" changed cvar (cvar "sv_maxplayers") (value "8")
L 08/06/2025 - 19:53:30: [basecommands.smx] "Console<0><Console><Console>" changed cvar (cvar "sv_visiblemaxplayers") (value "-1")
L 08/06/2025 - 19:57:58: -------- Mapchange to bwm3_forest --------
L 08/06/2025 - 19:58:06: [basecommands.smx] "Console<0><Console><Console>" changed cvar (cvar "sv_consistency") (value "0")
L 08/06/2025 - 19:58:06: [basecommands.smx] "Console<0><Console><Console>" changed cvar (cvar "sv_allow_lobby_connect_only") (value "0")
L 08/06/2025 - 19:58:06: [basecommands.smx] "Console<0><Console><Console>" changed cvar (cvar "sv_maxplayers") (value "8")
L 08/06/2025 - 19:58:06: [basecommands.smx] "Console<0><Console><Console>" changed cvar (cvar "sv_visiblemaxplayers") (value "-1")
L 08/06/2025 - 20:02:15: -------- Mapchange to bwm4_rooftops --------
L 08/06/2025 - 20:02:21: [basecommands.smx] "Console<0><Console><Console>" changed cvar (cvar "sv_consistency") (value "0")
L 08/06/2025 - 20:02:21: [basecommands.smx] "Console<0><Console><Console>" changed cvar (cvar "sv_allow_lobby_connect_only") (value "0")
L 08/06/2025 - 20:02:21: [basecommands.smx] "Console<0><Console><Console>" changed cvar (cvar "sv_maxplayers") (value "8")
L 08/06/2025 - 20:02:21: [basecommands.smx] "Console<0><Console><Console>" changed cvar (cvar "sv_visiblemaxplayers") (value "-1")
L 08/06/2025 - 20:10:25: -------- Mapchange to bwm5_bridge --------
L 08/06/2025 - 20:10:32: [basecommands.smx] "Console<0><Console><Console>" changed cvar (cvar "sv_consistency") (value "0")
L 08/06/2025 - 20:10:32: [basecommands.smx] "Console<0><Console><Console>" changed cvar (cvar "sv_allow_lobby_connect_only") (value "0")
L 08/06/2025 - 20:10:32: [basecommands.smx] "Console<0><Console><Console>" changed cvar (cvar "sv_maxplayers") (value "8")
L 08/06/2025 - 20:10:32: [basecommands.smx] "Console<0><Console><Console>" changed cvar (cvar "sv_visiblemaxplayers") (value "-1")
L 08/06/2025 - 20:11:46: [basecommands.smx] "[T-T]MoY<581><STEAM_1:0:511491787><>" changed cvar (cvar "sv_gravity") (value "800")
L 08/06/2025 - 20:19:44: [basecommands.smx] "[T-T]MoY<581><STEAM_1:0:511491787><>" changed cvar (cvar "sv_gravity") (value "200")
L 08/06/2025 - 20:21:26: Log file closed.
L 08/06/2025 - 21:35:52: SourceMod log file session started (file "e:\steamlibrary\steamapps\common\left 4 dead 2\left4dead2\addons\sourcemod\logs\L20250806.log") (Version "1.12.0.7207")
L 08/06/2025 - 21:35:52: [GEOIP] GeoIP2 database loaded: GeoLite2-ASN (2024-08-21 08:15:21 UTC) (e:\steamlibrary\steamapps\common\left 4 dead 2\left4dead2\addons\sourcemod\configs\geoip\GeoLite2-ASN.mmdb)
L 08/06/2025 - 21:35:52: [GEOIP] GeoIP2 supported languages: en
L 08/06/2025 - 21:35:52: [GEOIP] Your database is older than 90 days. You should consider downloading a newer version from e.g. https://dev.maxmind.com/geoip/geolite2-free-geolocation-data
L 08/06/2025 - 21:36:07: [basecommands.smx] "Console<0><Console><Console>" changed cvar (cvar "sv_consistency") (value "0")
L 08/06/2025 - 21:36:07: [basecommands.smx] "Console<0><Console><Console>" changed cvar (cvar "sv_allow_lobby_connect_only") (value "0")
L 08/06/2025 - 21:36:07: [basecommands.smx] "Console<0><Console><Console>" changed cvar (cvar "sv_maxplayers") (value "8")
L 08/06/2025 - 21:36:07: [basecommands.smx] "Console<0><Console><Console>" changed cvar (cvar "sv_visiblemaxplayers") (value "-1")
L 08/06/2025 - 22:02:23: -------- Mapchange to Glubtastic2_1 --------
L 08/06/2025 - 22:02:30: [basecommands.smx] "Console<0><Console><Console>" changed cvar (cvar "sv_consistency") (value "0")
L 08/06/2025 - 22:02:30: [basecommands.smx] "Console<0><Console><Console>" changed cvar (cvar "sv_allow_lobby_connect_only") (value "0")
L 08/06/2025 - 22:02:30: [basecommands.smx] "Console<0><Console><Console>" changed cvar (cvar "sv_maxplayers") (value "8")
L 08/06/2025 - 22:02:30: [basecommands.smx] "Console<0><Console><Console>" changed cvar (cvar "sv_visiblemaxplayers") (value "-1")
L 08/06/2025 - 22:11:29: -------- Mapchange to Glubtastic2_1 --------
L 08/06/2025 - 22:11:36: [basecommands.smx] "Console<0><Console><Console>" changed cvar (cvar "sv_consistency") (value "0")
L 08/06/2025 - 22:11:36: [basecommands.smx] "Console<0><Console><Console>" changed cvar (cvar "sv_allow_lobby_connect_only") (value "0")
L 08/06/2025 - 22:11:36: [basecommands.smx] "Console<0><Console><Console>" changed cvar (cvar "sv_maxplayers") (value "8")
L 08/06/2025 - 22:11:36: [basecommands.smx] "Console<0><Console><Console>" changed cvar (cvar "sv_visiblemaxplayers") (value "-1")
L 08/06/2025 - 22:15:08: -------- Mapchange to Glubtastic2_1 --------
L 08/06/2025 - 22:15:15: [basecommands.smx] "Console<0><Console><Console>" changed cvar (cvar "sv_consistency") (value "0")
L 08/06/2025 - 22:15:15: [basecommands.smx] "Console<0><Console><Console>" changed cvar (cvar "sv_allow_lobby_connect_only") (value "0")
L 08/06/2025 - 22:15:15: [basecommands.smx] "Console<0><Console><Console>" changed cvar (cvar "sv_maxplayers") (value "8")
L 08/06/2025 - 22:15:15: [basecommands.smx] "Console<0><Console><Console>" changed cvar (cvar "sv_visiblemaxplayers") (value "-1")
L 08/06/2025 - 22:19:21: -------- Mapchange to Glubtastic2_1 --------
L 08/06/2025 - 22:19:28: [basecommands.smx] "Console<0><Console><Console>" changed cvar (cvar "sv_consistency") (value "0")
L 08/06/2025 - 22:19:28: [basecommands.smx] "Console<0><Console><Console>" changed cvar (cvar "sv_allow_lobby_connect_only") (value "0")
L 08/06/2025 - 22:19:28: [basecommands.smx] "Console<0><Console><Console>" changed cvar (cvar "sv_maxplayers") (value "8")
L 08/06/2025 - 22:19:28: [basecommands.smx] "Console<0><Console><Console>" changed cvar (cvar "sv_visiblemaxplayers") (value "-1")
L 08/06/2025 - 22:22:17: [playercommands.smx] "[T-T]MoY<657><STEAM_1:0:511491787><>" slayed "Tank<673><BOT><>"
L 08/06/2025 - 22:22:18: [playercommands.smx] "[T-T]MoY<657><STEAM_1:0:511491787><>" slayed "(1)Tank<674><BOT><>"
L 08/06/2025 - 22:22:18: [playercommands.smx] "[T-T]MoY<657><STEAM_1:0:511491787><>" slayed "(2)Tank<675><BOT><>"
L 08/06/2025 - 22:22:18: [playercommands.smx] "[T-T]MoY<657><STEAM_1:0:511491787><>" slayed "(3)Tank<676><BOT><>"
L 08/06/2025 - 22:22:18: [playercommands.smx] "[T-T]MoY<657><STEAM_1:0:511491787><>" slayed "(4)Tank<677><BOT><>"
L 08/06/2025 - 22:22:19: [playercommands.smx] "[T-T]MoY<657><STEAM_1:0:511491787><>" slayed "(5)Tank<678><BOT><>"
L 08/06/2025 - 22:22:19: [playercommands.smx] "[T-T]MoY<657><STEAM_1:0:511491787><>" slayed "(6)Tank<679><BOT><>"
L 08/06/2025 - 22:22:19: [playercommands.smx] "[T-T]MoY<657><STEAM_1:0:511491787><>" slayed "(7)Tank<680><BOT><>"
L 08/06/2025 - 22:22:19: [playercommands.smx] "[T-T]MoY<657><STEAM_1:0:511491787><>" slayed "(8)Tank<681><BOT><>"
L 08/06/2025 - 22:22:19: [playercommands.smx] "[T-T]MoY<657><STEAM_1:0:511491787><>" slayed "(9)Tank<682><BOT><>"
L 08/06/2025 - 22:22:20: [playercommands.smx] "[T-T]MoY<657><STEAM_1:0:511491787><>" slayed "(10)Tank<683><BOT><>"
L 08/06/2025 - 22:22:20: [playercommands.smx] "[T-T]MoY<657><STEAM_1:0:511491787><>" slayed "(11)Tank<684><BOT><>"
L 08/06/2025 - 22:22:42: [playercommands.smx] "[T-T]MoY<657><STEAM_1:0:511491787><>" slayed "Tank<706><BOT><>"
L 08/06/2025 - 22:22:42: [playercommands.smx] "[T-T]MoY<657><STEAM_1:0:511491787><>" slayed "(1)Tank<707><BOT><>"
L 08/06/2025 - 22:22:43: [playercommands.smx] "[T-T]MoY<657><STEAM_1:0:511491787><>" slayed "(2)Tank<708><BOT><>"
L 08/06/2025 - 22:22:43: [playercommands.smx] "[T-T]MoY<657><STEAM_1:0:511491787><>" slayed "(3)Tank<709><BOT><>"
L 08/06/2025 - 22:22:43: [playercommands.smx] "[T-T]MoY<657><STEAM_1:0:511491787><>" slayed "(4)Tank<710><BOT><>"
L 08/06/2025 - 22:22:43: [playercommands.smx] "[T-T]MoY<657><STEAM_1:0:511491787><>" slayed "(5)Tank<711><BOT><>"
L 08/06/2025 - 22:22:44: [playercommands.smx] "[T-T]MoY<657><STEAM_1:0:511491787><>" slayed "(6)Tank<712><BOT><>"
L 08/06/2025 - 22:22:44: [playercommands.smx] "[T-T]MoY<657><STEAM_1:0:511491787><>" slayed "(7)Tank<713><BOT><>"
L 08/06/2025 - 22:22:44: [playercommands.smx] "[T-T]MoY<657><STEAM_1:0:511491787><>" slayed "(8)Tank<714><BOT><>"
L 08/06/2025 - 22:22:44: [playercommands.smx] "[T-T]MoY<657><STEAM_1:0:511491787><>" slayed "(9)Tank<715><BOT><>"
L 08/06/2025 - 22:22:45: [playercommands.smx] "[T-T]MoY<657><STEAM_1:0:511491787><>" slayed "(10)Tank<716><BOT><>"
L 08/06/2025 - 22:22:45: [playercommands.smx] "[T-T]MoY<657><STEAM_1:0:511491787><>" slayed "(11)Tank<717><BOT><>"
L 08/06/2025 - 22:23:14: [playercommands.smx] "[T-T]MoY<657><STEAM_1:0:511491787><>" slayed "Smoker<718><BOT><>"
L 08/06/2025 - 22:25:12: [funcommands.smx] "[T-T]MoY<657><STEAM_1:0:511491787><>" toggled noclip on "[T-T]MoY<657><STEAM_1:0:511491787><>"
L 08/06/2025 - 22:25:17: [funcommands.smx] "[T-T]MoY<657><STEAM_1:0:511491787><>" toggled noclip on "[T-T]MoY<657><STEAM_1:0:511491787><>"
L 08/06/2025 - 22:25:29: [funcommands.smx] "[T-T]MoY<657><STEAM_1:0:511491787><>" toggled noclip on "[T-T]MoY<657><STEAM_1:0:511491787><>"
L 08/06/2025 - 22:25:32: [funcommands.smx] "[T-T]MoY<657><STEAM_1:0:511491787><>" toggled noclip on "[T-T]MoY<657><STEAM_1:0:511491787><>"
L 08/06/2025 - 22:25:50: -------- Mapchange to Glubtastic2_2 --------
L 08/06/2025 - 22:25:57: [basecommands.smx] "Console<0><Console><Console>" changed cvar (cvar "sv_consistency") (value "0")
L 08/06/2025 - 22:25:57: [basecommands.smx] "Console<0><Console><Console>" changed cvar (cvar "sv_allow_lobby_connect_only") (value "0")
L 08/06/2025 - 22:25:57: [basecommands.smx] "Console<0><Console><Console>" changed cvar (cvar "sv_maxplayers") (value "8")
L 08/06/2025 - 22:25:57: [basecommands.smx] "Console<0><Console><Console>" changed cvar (cvar "sv_visiblemaxplayers") (value "-1")
L 08/06/2025 - 22:27:03: [playercommands.smx] "[T-T]MoY<657><STEAM_1:0:511491787><>" slayed "Jockey<740><BOT><>"
L 08/06/2025 - 22:27:15: [funcommands.smx] "[T-T]MoY<657><STEAM_1:0:511491787><>" toggled noclip on "[T-T]MoY<657><STEAM_1:0:511491787><>"
L 08/06/2025 - 22:27:16: [funcommands.smx] "[T-T]MoY<657><STEAM_1:0:511491787><>" toggled noclip on "[T-T]MoY<657><STEAM_1:0:511491787><>"
L 08/06/2025 - 22:27:38: [funcommands.smx] "[T-T]MoY<657><STEAM_1:0:511491787><>" toggled noclip on "[T-T]MoY<657><STEAM_1:0:511491787><>"
L 08/06/2025 - 22:27:39: [funcommands.smx] "[T-T]MoY<657><STEAM_1:0:511491787><>" toggled noclip on "[T-T]MoY<657><STEAM_1:0:511491787><>"
L 08/06/2025 - 22:27:40: [funcommands.smx] "[T-T]MoY<657><STEAM_1:0:511491787><>" toggled noclip on "[T-T]MoY<657><STEAM_1:0:511491787><>"
L 08/06/2025 - 22:27:41: [funcommands.smx] "[T-T]MoY<657><STEAM_1:0:511491787><>" toggled noclip on "[T-T]MoY<657><STEAM_1:0:511491787><>"
L 08/06/2025 - 22:28:27: -------- Mapchange to Glubtastic2_3 --------
L 08/06/2025 - 22:28:34: [basecommands.smx] "Console<0><Console><Console>" changed cvar (cvar "sv_consistency") (value "0")
L 08/06/2025 - 22:28:34: [basecommands.smx] "Console<0><Console><Console>" changed cvar (cvar "sv_allow_lobby_connect_only") (value "0")
L 08/06/2025 - 22:28:34: [basecommands.smx] "Console<0><Console><Console>" changed cvar (cvar "sv_maxplayers") (value "8")
L 08/06/2025 - 22:28:34: [basecommands.smx] "Console<0><Console><Console>" changed cvar (cvar "sv_visiblemaxplayers") (value "-1")
L 08/06/2025 - 22:29:25: [playercommands.smx] "[T-T]MoY<657><STEAM_1:0:511491787><>" slayed "Tank<746><BOT><>"
L 08/06/2025 - 22:29:50: [playercommands.smx] "[T-T]MoY<657><STEAM_1:0:511491787><>" slayed "Tank<747><BOT><>"
L 08/06/2025 - 22:29:51: [playercommands.smx] "[T-T]MoY<657><STEAM_1:0:511491787><>" slayed "(1)Tank<748><BOT><>"
L 08/06/2025 - 22:30:42: [funcommands.smx] "[T-T]MoY<657><STEAM_1:0:511491787><>" toggled noclip on "[T-T]MoY<657><STEAM_1:0:511491787><>"
L 08/06/2025 - 22:30:52: [funcommands.smx] "[T-T]MoY<657><STEAM_1:0:511491787><>" toggled noclip on "[T-T]MoY<657><STEAM_1:0:511491787><>"
L 08/06/2025 - 22:31:11: [playercommands.smx] "[T-T]MoY<657><STEAM_1:0:511491787><>" slayed "Coach<744><BOT><>"
L 08/06/2025 - 22:31:11: [playercommands.smx] "[T-T]MoY<657><STEAM_1:0:511491787><>" slayed "Ellis<745><BOT><>"
L 08/06/2025 - 22:31:39: -------- Mapchange to glubtastic2_4 --------
L 08/06/2025 - 22:31:46: [basecommands.smx] "Console<0><Console><Console>" changed cvar (cvar "sv_consistency") (value "0")
L 08/06/2025 - 22:31:46: [basecommands.smx] "Console<0><Console><Console>" changed cvar (cvar "sv_allow_lobby_connect_only") (value "0")
L 08/06/2025 - 22:31:46: [basecommands.smx] "Console<0><Console><Console>" changed cvar (cvar "sv_maxplayers") (value "8")
L 08/06/2025 - 22:31:46: [basecommands.smx] "Console<0><Console><Console>" changed cvar (cvar "sv_visiblemaxplayers") (value "-1")
L 08/06/2025 - 22:32:28: [playercommands.smx] "[T-T]MoY<657><STEAM_1:0:511491787><>" slayed "Tank<759><BOT><>"
L 08/06/2025 - 22:32:29: [playercommands.smx] "[T-T]MoY<657><STEAM_1:0:511491787><>" slayed "(1)Tank<760><BOT><>"
L 08/06/2025 - 22:32:55: [playercommands.smx] "[T-T]MoY<657><STEAM_1:0:511491787><>" slayed "Tank<762><BOT><>"
L 08/06/2025 - 22:32:57: [playercommands.smx] "[T-T]MoY<657><STEAM_1:0:511491787><>" slayed "(2)Tank<764><BOT><>"
L 08/06/2025 - 22:33:01: [playercommands.smx] "[T-T]MoY<657><STEAM_1:0:511491787><>" slayed "(1)Tank<763><BOT><>"
L 08/06/2025 - 22:34:12: [funcommands.smx] "[T-T]MoY<657><STEAM_1:0:511491787><>" toggled noclip on "[T-T]MoY<657><STEAM_1:0:511491787><>"
L 08/06/2025 - 22:34:33: [funcommands.smx] "[T-T]MoY<657><STEAM_1:0:511491787><>" toggled noclip on "[T-T]MoY<657><STEAM_1:0:511491787><>"
L 08/06/2025 - 22:34:43: -------- Mapchange to glubtastic2_5 --------
L 08/06/2025 - 22:34:50: [basecommands.smx] "Console<0><Console><Console>" changed cvar (cvar "sv_consistency") (value "0")
L 08/06/2025 - 22:34:50: [basecommands.smx] "Console<0><Console><Console>" changed cvar (cvar "sv_allow_lobby_connect_only") (value "0")
L 08/06/2025 - 22:34:50: [basecommands.smx] "Console<0><Console><Console>" changed cvar (cvar "sv_maxplayers") (value "8")
L 08/06/2025 - 22:34:50: [basecommands.smx] "Console<0><Console><Console>" changed cvar (cvar "sv_visiblemaxplayers") (value "-1")
L 08/06/2025 - 22:36:30: [playercommands.smx] "[T-T]MoY<657><STEAM_1:0:511491787><>" slayed "(1)Tank<779><BOT><>"
L 08/06/2025 - 22:36:31: [playercommands.smx] "[T-T]MoY<657><STEAM_1:0:511491787><>" slayed "Tank<778><BOT><>"
L 08/06/2025 - 22:36:33: [playercommands.smx] "[T-T]MoY<657><STEAM_1:0:511491787><>" slayed "Jockey<777><BOT><>"
L 08/06/2025 - 22:36:51: [funcommands.smx] "[T-T]MoY<657><STEAM_1:0:511491787><>" toggled noclip on "[T-T]MoY<657><STEAM_1:0:511491787><>"
L 08/06/2025 - 22:36:58: [funcommands.smx] "[T-T]MoY<657><STEAM_1:0:511491787><>" toggled noclip on "[T-T]MoY<657><STEAM_1:0:511491787><>"
L 08/06/2025 - 22:37:38: -------- Mapchange to glubtastic2_6 --------
L 08/06/2025 - 22:37:45: [basecommands.smx] "Console<0><Console><Console>" changed cvar (cvar "sv_consistency") (value "0")
L 08/06/2025 - 22:37:45: [basecommands.smx] "Console<0><Console><Console>" changed cvar (cvar "sv_allow_lobby_connect_only") (value "0")
L 08/06/2025 - 22:37:45: [basecommands.smx] "Console<0><Console><Console>" changed cvar (cvar "sv_maxplayers") (value "8")
L 08/06/2025 - 22:37:45: [basecommands.smx] "Console<0><Console><Console>" changed cvar (cvar "sv_visiblemaxplayers") (value "-1")
L 08/06/2025 - 22:42:14: -------- Mapchange to glubtastic4_1 --------
L 08/06/2025 - 22:42:21: [basecommands.smx] "Console<0><Console><Console>" changed cvar (cvar "sv_consistency") (value "0")
L 08/06/2025 - 22:42:21: [basecommands.smx] "Console<0><Console><Console>" changed cvar (cvar "sv_allow_lobby_connect_only") (value "0")
L 08/06/2025 - 22:42:21: [basecommands.smx] "Console<0><Console><Console>" changed cvar (cvar "sv_maxplayers") (value "8")
L 08/06/2025 - 22:42:21: [basecommands.smx] "Console<0><Console><Console>" changed cvar (cvar "sv_visiblemaxplayers") (value "-1")
L 08/06/2025 - 22:43:13: [funcommands.smx] "[T-T]MoY<790><STEAM_1:0:511491787><>" toggled noclip on "[T-T]MoY<790><STEAM_1:0:511491787><>"
L 08/06/2025 - 22:43:28: [funcommands.smx] "[T-T]MoY<790><STEAM_1:0:511491787><>" toggled noclip on "[T-T]MoY<790><STEAM_1:0:511491787><>"
L 08/06/2025 - 22:43:37: [playercommands.smx] "[T-T]MoY<790><STEAM_1:0:511491787><>" slayed "Coach<791><BOT><>"
L 08/06/2025 - 22:43:38: [playercommands.smx] "[T-T]MoY<790><STEAM_1:0:511491787><>" slayed "Ellis<792><BOT><>"
L 08/06/2025 - 22:43:38: [playercommands.smx] "[T-T]MoY<790><STEAM_1:0:511491787><>" slayed "Rochelle<793><BOT><>"
L 08/06/2025 - 22:43:39: [playercommands.smx] "[T-T]MoY<790><STEAM_1:0:511491787><>" slayed "Hunter<795><BOT><>"
L 08/06/2025 - 22:43:39: [playercommands.smx] "[T-T]MoY<790><STEAM_1:0:511491787><>" slayed "Tank<797><BOT><>"
L 08/06/2025 - 22:44:28: -------- Mapchange to glubtastic4_2 --------
L 08/06/2025 - 22:44:35: [basecommands.smx] "Console<0><Console><Console>" changed cvar (cvar "sv_consistency") (value "0")
L 08/06/2025 - 22:44:35: [basecommands.smx] "Console<0><Console><Console>" changed cvar (cvar "sv_allow_lobby_connect_only") (value "0")
L 08/06/2025 - 22:44:35: [basecommands.smx] "Console<0><Console><Console>" changed cvar (cvar "sv_maxplayers") (value "8")
L 08/06/2025 - 22:44:35: [basecommands.smx] "Console<0><Console><Console>" changed cvar (cvar "sv_visiblemaxplayers") (value "-1")
L 08/06/2025 - 22:45:42: [playercommands.smx] "[T-T]MoY<790><STEAM_1:0:511491787><>" slayed "Rochelle<798><BOT><>"
L 08/06/2025 - 22:45:42: [playercommands.smx] "[T-T]MoY<790><STEAM_1:0:511491787><>" slayed "Coach<799><BOT><>"
L 08/06/2025 - 22:45:43: [playercommands.smx] "[T-T]MoY<790><STEAM_1:0:511491787><>" slayed "Ellis<800><BOT><>"
L 08/06/2025 - 22:45:43: [playercommands.smx] "[T-T]MoY<790><STEAM_1:0:511491787><>" slayed "Hunter<801><BOT><>"
L 08/06/2025 - 22:45:43: [playercommands.smx] "[T-T]MoY<790><STEAM_1:0:511491787><>" slayed "(1)Hunter<802><BOT><>"
L 08/06/2025 - 22:45:43: [playercommands.smx] "[T-T]MoY<790><STEAM_1:0:511491787><>" slayed "(2)Hunter<803><BOT><>"
L 08/06/2025 - 22:45:43: [playercommands.smx] "[T-T]MoY<790><STEAM_1:0:511491787><>" slayed "(3)Hunter<804><BOT><>"
L 08/06/2025 - 22:45:43: [playercommands.smx] "[T-T]MoY<790><STEAM_1:0:511491787><>" slayed "(4)Hunter<805><BOT><>"
L 08/06/2025 - 22:45:44: [playercommands.smx] "[T-T]MoY<790><STEAM_1:0:511491787><>" slayed "(5)Hunter<806><BOT><>"
L 08/06/2025 - 22:45:44: [playercommands.smx] "[T-T]MoY<790><STEAM_1:0:511491787><>" slayed "(6)Hunter<807><BOT><>"
L 08/06/2025 - 22:45:44: [playercommands.smx] "[T-T]MoY<790><STEAM_1:0:511491787><>" slayed "(7)Hunter<808><BOT><>"
L 08/06/2025 - 22:45:44: [playercommands.smx] "[T-T]MoY<790><STEAM_1:0:511491787><>" slayed "(8)Hunter<809><BOT><>"
L 08/06/2025 - 22:45:44: [playercommands.smx] "[T-T]MoY<790><STEAM_1:0:511491787><>" slayed "(9)Hunter<810><BOT><>"
L 08/06/2025 - 22:45:45: [playercommands.smx] "[T-T]MoY<790><STEAM_1:0:511491787><>" slayed "Smoker<815><BOT><>"
L 08/06/2025 - 22:45:45: [playercommands.smx] "[T-T]MoY<790><STEAM_1:0:511491787><>" slayed "(11)Hunter<812><BOT><>"
L 08/06/2025 - 22:45:45: [playercommands.smx] "[T-T]MoY<790><STEAM_1:0:511491787><>" slayed "Charger<816><BOT><>"
L 08/06/2025 - 22:45:45: [playercommands.smx] "[T-T]MoY<790><STEAM_1:0:511491787><>" slayed "(13)Hunter<814><BOT><>"
L 08/06/2025 - 22:45:52: [funcommands.smx] "[T-T]MoY<790><STEAM_1:0:511491787><>" toggled noclip on "[T-T]MoY<790><STEAM_1:0:511491787><>"
L 08/06/2025 - 22:45:57: [funcommands.smx] "[T-T]MoY<790><STEAM_1:0:511491787><>" toggled noclip on "[T-T]MoY<790><STEAM_1:0:511491787><>"
L 08/06/2025 - 22:46:07: -------- Mapchange to glubtastic4_3 --------
L 08/06/2025 - 22:46:15: [basecommands.smx] "Console<0><Console><Console>" changed cvar (cvar "sv_consistency") (value "0")
L 08/06/2025 - 22:46:15: [basecommands.smx] "Console<0><Console><Console>" changed cvar (cvar "sv_allow_lobby_connect_only") (value "0")
L 08/06/2025 - 22:46:15: [basecommands.smx] "Console<0><Console><Console>" changed cvar (cvar "sv_maxplayers") (value "8")
L 08/06/2025 - 22:46:15: [basecommands.smx] "Console<0><Console><Console>" changed cvar (cvar "sv_visiblemaxplayers") (value "-1")
L 08/06/2025 - 22:47:18: [funcommands.smx] "[T-T]MoY<790><STEAM_1:0:511491787><>" toggled noclip on "[T-T]MoY<790><STEAM_1:0:511491787><>"
L 08/06/2025 - 22:47:23: [funcommands.smx] "[T-T]MoY<790><STEAM_1:0:511491787><>" toggled noclip on "[T-T]MoY<790><STEAM_1:0:511491787><>"
L 08/06/2025 - 22:47:25: [funcommands.smx] "[T-T]MoY<790><STEAM_1:0:511491787><>" toggled noclip on "[T-T]MoY<790><STEAM_1:0:511491787><>"
L 08/06/2025 - 22:47:28: [funcommands.smx] "[T-T]MoY<790><STEAM_1:0:511491787><>" toggled noclip on "[T-T]MoY<790><STEAM_1:0:511491787><>"
L 08/06/2025 - 22:47:28: [funcommands.smx] "[T-T]MoY<790><STEAM_1:0:511491787><>" toggled noclip on "[T-T]MoY<790><STEAM_1:0:511491787><>"
L 08/06/2025 - 22:47:32: [funcommands.smx] "[T-T]MoY<790><STEAM_1:0:511491787><>" toggled noclip on "[T-T]MoY<790><STEAM_1:0:511491787><>"
L 08/06/2025 - 22:47:33: [funcommands.smx] "[T-T]MoY<790><STEAM_1:0:511491787><>" toggled noclip on "[T-T]MoY<790><STEAM_1:0:511491787><>"
L 08/06/2025 - 22:47:38: [playercommands.smx] "[T-T]MoY<790><STEAM_1:0:511491787><>" slayed "Charger<834><BOT><>"
L 08/06/2025 - 22:47:39: [playercommands.smx] "[T-T]MoY<790><STEAM_1:0:511491787><>" slayed "Boomer<835><BOT><>"
L 08/06/2025 - 22:47:39: [playercommands.smx] "[T-T]MoY<790><STEAM_1:0:511491787><>" slayed "(1)Boomer<836><BOT><>"
L 08/06/2025 - 22:47:39: [playercommands.smx] "[T-T]MoY<790><STEAM_1:0:511491787><>" slayed "Spitter<837><BOT><>"
L 08/06/2025 - 22:47:39: [playercommands.smx] "[T-T]MoY<790><STEAM_1:0:511491787><>" slayed "Smoker<838><BOT><>"
L 08/06/2025 - 22:47:39: [playercommands.smx] "[T-T]MoY<790><STEAM_1:0:511491787><>" slayed "Tank<839><BOT><>"
L 08/06/2025 - 22:47:40: [playercommands.smx] "[T-T]MoY<790><STEAM_1:0:511491787><>" slayed "(1)Tank<840><BOT><>"
L 08/06/2025 - 22:47:45: [funcommands.smx] "[T-T]MoY<790><STEAM_1:0:511491787><>" toggled noclip on "[T-T]MoY<790><STEAM_1:0:511491787><>"
L 08/06/2025 - 22:47:57: -------- Mapchange to glubtastic4_4 --------
L 08/06/2025 - 22:48:05: [basecommands.smx] "Console<0><Console><Console>" changed cvar (cvar "sv_consistency") (value "0")
L 08/06/2025 - 22:48:05: [basecommands.smx] "Console<0><Console><Console>" changed cvar (cvar "sv_allow_lobby_connect_only") (value "0")
L 08/06/2025 - 22:48:05: [basecommands.smx] "Console<0><Console><Console>" changed cvar (cvar "sv_maxplayers") (value "8")
L 08/06/2025 - 22:48:05: [basecommands.smx] "Console<0><Console><Console>" changed cvar (cvar "sv_visiblemaxplayers") (value "-1")
L 08/06/2025 - 22:48:47: [funcommands.smx] "[T-T]MoY<790><STEAM_1:0:511491787><>" toggled noclip on "[T-T]MoY<790><STEAM_1:0:511491787><>"
L 08/06/2025 - 22:49:35: [funcommands.smx] "[T-T]MoY<790><STEAM_1:0:511491787><>" toggled noclip on "[T-T]MoY<790><STEAM_1:0:511491787><>"
L 08/06/2025 - 22:49:44: [playercommands.smx] "[T-T]MoY<790><STEAM_1:0:511491787><>" slayed "Coach<842><BOT><>"
L 08/06/2025 - 22:49:44: [playercommands.smx] "[T-T]MoY<790><STEAM_1:0:511491787><>" slayed "Ellis<843><BOT><>"
L 08/06/2025 - 22:49:45: [playercommands.smx] "[T-T]MoY<790><STEAM_1:0:511491787><>" slayed "Bill<849><BOT><>"
L 08/06/2025 - 22:49:55: -------- Mapchange to glubtastic4_5 --------
L 08/06/2025 - 22:50:03: [basecommands.smx] "Console<0><Console><Console>" changed cvar (cvar "sv_consistency") (value "0")
L 08/06/2025 - 22:50:03: [basecommands.smx] "Console<0><Console><Console>" changed cvar (cvar "sv_allow_lobby_connect_only") (value "0")
L 08/06/2025 - 22:50:03: [basecommands.smx] "Console<0><Console><Console>" changed cvar (cvar "sv_maxplayers") (value "8")
L 08/06/2025 - 22:50:03: [basecommands.smx] "Console<0><Console><Console>" changed cvar (cvar "sv_visiblemaxplayers") (value "-1")
L 08/06/2025 - 22:51:35: [funcommands.smx] "[T-T]MoY<790><STEAM_1:0:511491787><>" toggled noclip on "[T-T]MoY<790><STEAM_1:0:511491787><>"
L 08/06/2025 - 22:51:44: [funcommands.smx] "[T-T]MoY<790><STEAM_1:0:511491787><>" toggled noclip on "[T-T]MoY<790><STEAM_1:0:511491787><>"
L 08/06/2025 - 22:51:54: [funcommands.smx] "[T-T]MoY<790><STEAM_1:0:511491787><>" toggled noclip on "[T-T]MoY<790><STEAM_1:0:511491787><>"
L 08/06/2025 - 22:52:00: [funcommands.smx] "[T-T]MoY<790><STEAM_1:0:511491787><>" toggled noclip on "[T-T]MoY<790><STEAM_1:0:511491787><>"
L 08/06/2025 - 22:52:05: [funcommands.smx] "[T-T]MoY<790><STEAM_1:0:511491787><>" toggled noclip on "[T-T]MoY<790><STEAM_1:0:511491787><>"
L 08/06/2025 - 22:52:11: [funcommands.smx] "[T-T]MoY<790><STEAM_1:0:511491787><>" toggled noclip on "[T-T]MoY<790><STEAM_1:0:511491787><>"
L 08/06/2025 - 22:53:20: -------- Mapchange to glubtastic4_6 --------
L 08/06/2025 - 22:53:28: [basecommands.smx] "Console<0><Console><Console>" changed cvar (cvar "sv_consistency") (value "0")
L 08/06/2025 - 22:53:28: [basecommands.smx] "Console<0><Console><Console>" changed cvar (cvar "sv_allow_lobby_connect_only") (value "0")
L 08/06/2025 - 22:53:28: [basecommands.smx] "Console<0><Console><Console>" changed cvar (cvar "sv_maxplayers") (value "8")
L 08/06/2025 - 22:53:28: [basecommands.smx] "Console<0><Console><Console>" changed cvar (cvar "sv_visiblemaxplayers") (value "-1")
L 08/06/2025 - 23:00:32: Log file closed.
L 08/06/2025 - 23:01:45: SourceMod log file session started (file "e:\steamlibrary\steamapps\common\left 4 dead 2\left4dead2\addons\sourcemod\logs\L20250806.log") (Version "1.12.0.7207")
L 08/06/2025 - 23:01:45: [GEOIP] GeoIP2 database loaded: GeoLite2-ASN (2024-08-21 08:15:21 UTC) (e:\steamlibrary\steamapps\common\left 4 dead 2\left4dead2\addons\sourcemod\configs\geoip\GeoLite2-ASN.mmdb)
L 08/06/2025 - 23:01:45: [GEOIP] GeoIP2 supported languages: en
L 08/06/2025 - 23:01:45: [GEOIP] Your database is older than 90 days. You should consider downloading a newer version from e.g. https://dev.maxmind.com/geoip/geolite2-free-geolocation-data
L 08/06/2025 - 23:01:56: [basecommands.smx] "Console<0><Console><Console>" changed cvar (cvar "sv_consistency") (value "0")
L 08/06/2025 - 23:01:56: [basecommands.smx] "Console<0><Console><Console>" changed cvar (cvar "sv_allow_lobby_connect_only") (value "0")
L 08/06/2025 - 23:01:56: [basecommands.smx] "Console<0><Console><Console>" changed cvar (cvar "sv_maxplayers") (value "8")
L 08/06/2025 - 23:01:56: [basecommands.smx] "Console<0><Console><Console>" changed cvar (cvar "sv_visiblemaxplayers") (value "-1")
L 08/06/2025 - 23:12:18: -------- Mapchange to c1m1_hotel --------
L 08/06/2025 - 23:12:26: [basecommands.smx] "Console<0><Console><Console>" changed cvar (cvar "sv_consistency") (value "0")
L 08/06/2025 - 23:12:26: [basecommands.smx] "Console<0><Console><Console>" changed cvar (cvar "sv_allow_lobby_connect_only") (value "0")
L 08/06/2025 - 23:12:26: [basecommands.smx] "Console<0><Console><Console>" changed cvar (cvar "sv_maxplayers") (value "8")
L 08/06/2025 - 23:12:26: [basecommands.smx] "Console<0><Console><Console>" changed cvar (cvar "sv_visiblemaxplayers") (value "-1")
L 08/06/2025 - 23:14:19: SourceMod log file session started (file "e:\steamlibrary\steamapps\common\left 4 dead 2\left4dead2\addons\sourcemod\logs\L20250806.log") (Version "1.12.0.7207")
L 08/06/2025 - 23:14:19: [GEOIP] GeoIP2 database loaded: GeoLite2-ASN (2024-08-21 08:15:21 UTC) (e:\steamlibrary\steamapps\common\left 4 dead 2\left4dead2\addons\sourcemod\configs\geoip\GeoLite2-ASN.mmdb)
L 08/06/2025 - 23:14:19: [GEOIP] GeoIP2 supported languages: en
L 08/06/2025 - 23:14:19: [GEOIP] Your database is older than 90 days. You should consider downloading a newer version from e.g. https://dev.maxmind.com/geoip/geolite2-free-geolocation-data
L 08/06/2025 - 23:14:29: [basecommands.smx] "Console<0><Console><Console>" changed cvar (cvar "sv_consistency") (value "0")
L 08/06/2025 - 23:14:29: [basecommands.smx] "Console<0><Console><Console>" changed cvar (cvar "sv_allow_lobby_connect_only") (value "0")
L 08/06/2025 - 23:14:29: [basecommands.smx] "Console<0><Console><Console>" changed cvar (cvar "sv_maxplayers") (value "8")
L 08/06/2025 - 23:14:29: [basecommands.smx] "Console<0><Console><Console>" changed cvar (cvar "sv_visiblemaxplayers") (value "-1")
L 08/06/2025 - 23:22:28: SourceMod log file session started (file "e:\steamlibrary\steamapps\common\left 4 dead 2\left4dead2\addons\sourcemod\logs\L20250806.log") (Version "1.12.0.7207")
L 08/06/2025 - 23:22:28: [GEOIP] GeoIP2 database loaded: GeoLite2-ASN (2024-08-21 08:15:21 UTC) (e:\steamlibrary\steamapps\common\left 4 dead 2\left4dead2\addons\sourcemod\configs\geoip\GeoLite2-ASN.mmdb)
L 08/06/2025 - 23:22:28: [GEOIP] GeoIP2 supported languages: en
L 08/06/2025 - 23:22:28: [GEOIP] Your database is older than 90 days. You should consider downloading a newer version from e.g. https://dev.maxmind.com/geoip/geolite2-free-geolocation-data
L 08/06/2025 - 23:22:38: [basecommands.smx] "Console<0><Console><Console>" changed cvar (cvar "sv_consistency") (value "0")
L 08/06/2025 - 23:22:38: [basecommands.smx] "Console<0><Console><Console>" changed cvar (cvar "sv_allow_lobby_connect_only") (value "0")
L 08/06/2025 - 23:22:38: [basecommands.smx] "Console<0><Console><Console>" changed cvar (cvar "sv_maxplayers") (value "8")
L 08/06/2025 - 23:22:38: [basecommands.smx] "Console<0><Console><Console>" changed cvar (cvar "sv_visiblemaxplayers") (value "-1")
L 08/06/2025 - 23:24:58: -------- Mapchange to c1m1_hotel --------
L 08/06/2025 - 23:25:05: [basecommands.smx] "Console<0><Console><Console>" changed cvar (cvar "sv_consistency") (value "0")
L 08/06/2025 - 23:25:05: [basecommands.smx] "Console<0><Console><Console>" changed cvar (cvar "sv_allow_lobby_connect_only") (value "0")
L 08/06/2025 - 23:25:05: [basecommands.smx] "Console<0><Console><Console>" changed cvar (cvar "sv_maxplayers") (value "8")
L 08/06/2025 - 23:25:05: [basecommands.smx] "Console<0><Console><Console>" changed cvar (cvar "sv_visiblemaxplayers") (value "-1")
L 08/06/2025 - 23:26:41: [basecommands.smx] "[T-T]MoY<8><STEAM_1:0:511491787><>" changed cvar (cvar "sv_gravity") (value "800")
L 08/06/2025 - 23:31:29: [basecommands.smx] "[T-T]MoY<8><STEAM_1:0:511491787><>" changed map to "c1m2_streets"
L 08/06/2025 - 23:31:32: [SM] Changed map to "c1m2_streets"
L 08/06/2025 - 23:31:34: -------- Mapchange to c1m2_streets --------
L 08/06/2025 - 23:31:42: [basecommands.smx] "Console<0><Console><Console>" changed cvar (cvar "sv_consistency") (value "0")
L 08/06/2025 - 23:31:42: [basecommands.smx] "Console<0><Console><Console>" changed cvar (cvar "sv_allow_lobby_connect_only") (value "0")
L 08/06/2025 - 23:31:42: [basecommands.smx] "Console<0><Console><Console>" changed cvar (cvar "sv_maxplayers") (value "8")
L 08/06/2025 - 23:31:42: [basecommands.smx] "Console<0><Console><Console>" changed cvar (cvar "sv_visiblemaxplayers") (value "-1")
L 08/06/2025 - 23:36:53: [basecommands.smx] "[T-T]MoY<8><STEAM_1:0:511491787><>" changed cvar (cvar "sv_gravity") (value "200")
L 08/06/2025 - 23:42:21: -------- Mapchange to c1m3_mall --------
L 08/06/2025 - 23:42:29: [basecommands.smx] "Console<0><Console><Console>" changed cvar (cvar "sv_consistency") (value "0")
L 08/06/2025 - 23:42:29: [basecommands.smx] "Console<0><Console><Console>" changed cvar (cvar "sv_allow_lobby_connect_only") (value "0")
L 08/06/2025 - 23:42:29: [basecommands.smx] "Console<0><Console><Console>" changed cvar (cvar "sv_maxplayers") (value "8")
L 08/06/2025 - 23:42:29: [basecommands.smx] "Console<0><Console><Console>" changed cvar (cvar "sv_visiblemaxplayers") (value "-1")
L 08/06/2025 - 23:46:23: -------- Mapchange to c1m4_atrium --------
L 08/06/2025 - 23:46:30: [basecommands.smx] "Console<0><Console><Console>" changed cvar (cvar "sv_consistency") (value "0")
L 08/06/2025 - 23:46:30: [basecommands.smx] "Console<0><Console><Console>" changed cvar (cvar "sv_allow_lobby_connect_only") (value "0")
L 08/06/2025 - 23:46:30: [basecommands.smx] "Console<0><Console><Console>" changed cvar (cvar "sv_maxplayers") (value "8")
L 08/06/2025 - 23:46:30: [basecommands.smx] "Console<0><Console><Console>" changed cvar (cvar "sv_visiblemaxplayers") (value "-1")
L 08/06/2025 - 23:50:47: [basevotes.smx] "[T-T]MoY<8><STEAM_1:0:511491787><>" initiated a generic vote (question "que opinas del clima?" / answers "feo" "oscuro" "ta bueno" "nose").
L 08/06/2025 - 23:51:07: [basevotes.smx] Vote successful. (Received "50" of 2 votes)
L 08/06/2025 - 23:51:07: [basevotes.smx] The answer to que opinas del clima? is: feo.
L 08/06/2025 - 23:51:46: [funvotes.smx] "[T-T]MoY<8><STEAM_1:0:511491787><>" initiated a slay vote against "(3)Tank<122><BOT><>"
L 08/06/2025 - 23:51:51: -------- Mapchange to c1m1_hotel --------
L 08/06/2025 - 23:51:58: [basecommands.smx] "Console<0><Console><Console>" changed cvar (cvar "sv_consistency") (value "0")
L 08/06/2025 - 23:51:58: [basecommands.smx] "Console<0><Console><Console>" changed cvar (cvar "sv_allow_lobby_connect_only") (value "0")
L 08/06/2025 - 23:51:58: [basecommands.smx] "Console<0><Console><Console>" changed cvar (cvar "sv_maxplayers") (value "8")
L 08/06/2025 - 23:51:58: [basecommands.smx] "Console<0><Console><Console>" changed cvar (cvar "sv_visiblemaxplayers") (value "-1")
L 08/06/2025 - 23:55:49: [l4d_sm_respawn.smx] "[T-T]MoY<8><STEAM_1:0:511491787><>" teleported "Luger_DOG<134><STEAM_1:1:524848444><>" after respawning him
L 08/06/2025 - 23:56:57: -------- Mapchange to c1m2_streets --------
L 08/06/2025 - 23:57:04: [basecommands.smx] "Console<0><Console><Console>" changed cvar (cvar "sv_consistency") (value "0")
L 08/06/2025 - 23:57:04: [basecommands.smx] "Console<0><Console><Console>" changed cvar (cvar "sv_allow_lobby_connect_only") (value "0")
L 08/06/2025 - 23:57:04: [basecommands.smx] "Console<0><Console><Console>" changed cvar (cvar "sv_maxplayers") (value "8")
L 08/06/2025 - 23:57:04: [basecommands.smx] "Console<0><Console><Console>" changed cvar (cvar "sv_visiblemaxplayers") (value "-1")
L 08/07/2025 - 00:00:00: Log file closed.
