L 03/14/2026 - 00:00:35: SourceMod log file session started (file "d:\steamlibrary\steamapps\common\left 4 dead 2\left4dead2\addons\sourcemod\logs\L20260314.log") (Version "1.12.0.7207")
L 03/14/2026 - 00:00:35: -------- Mapchange to c5m2_park --------
L 03/14/2026 - 00:00:39: [basecommands.smx] "Console<0><Console><Console>" changed cvar (cvar "sv_consistency") (value "0")
L 03/14/2026 - 00:00:39: [basecommands.smx] "Console<0><Console><Console>" changed cvar (cvar "sv_allow_lobby_connect_only") (value "0")
L 03/14/2026 - 00:00:39: [basecommands.smx] "Console<0><Console><Console>" changed cvar (cvar "sv_maxplayers") (value "8")
L 03/14/2026 - 00:00:39: [basecommands.smx] "Console<0><Console><Console>" changed cvar (cvar "sv_visiblemaxplayers") (value "-1")
L 03/14/2026 - 00:00:39: [chat-processor.smx] Message formats generated for game 'left4dead2'.
L 03/14/2026 - 00:00:39: [chat-processor.smx] Successfully hooked a SayText2 chat hook.
L 03/14/2026 - 00:01:55: [l4d2_shop.smx] [Buy]: ":v<187><STEAM_1:0:632938318><>" bought "molotov" (price: "28"), remaining points: "112"
L 03/14/2026 - 00:02:25: [l4d2_shop.smx] [Buy]: ":v<187><STEAM_1:0:632938318><>" bought "adrenaline" (price: "43"), remaining points: "71"
L 03/14/2026 - 00:04:17: [l4d2_shop.smx] [UPDATE]: "[T-T]MoY<48><STEAM_1:0:511491787><>" saved. Points: "168"
L 03/14/2026 - 00:08:50: -------- Mapchange to c5m3_cemetery --------
L 03/14/2026 - 00:08:54: [basecommands.smx] "Console<0><Console><Console>" changed cvar (cvar "sv_consistency") (value "0")
L 03/14/2026 - 00:08:54: [basecommands.smx] "Console<0><Console><Console>" changed cvar (cvar "sv_allow_lobby_connect_only") (value "0")
L 03/14/2026 - 00:08:54: [basecommands.smx] "Console<0><Console><Console>" changed cvar (cvar "sv_maxplayers") (value "8")
L 03/14/2026 - 00:08:54: [basecommands.smx] "Console<0><Console><Console>" changed cvar (cvar "sv_visiblemaxplayers") (value "-1")
L 03/14/2026 - 00:08:55: [chat-processor.smx] Message formats generated for game 'left4dead2'.
L 03/14/2026 - 00:08:55: [chat-processor.smx] Successfully hooked a SayText2 chat hook.
L 03/14/2026 - 00:10:22: [l4d2_shop.smx] [Buy]: "[T-T]MoY<48><STEAM_1:0:511491787><>" bought "Revivir (Costo actual: 50)" (price: "50"), remaining points: "134"
L 03/14/2026 - 00:10:28: [l4d2_shop.smx] [Buy]: ":v<187><STEAM_1:0:632938318><>" bought "pain_pills" (price: "43"), remaining points: "79"
L 03/14/2026 - 00:11:11: [l4d2_shop.smx] [Buy]: ":v<187><STEAM_1:0:632938318><>" bought "adrenaline" (price: "43"), remaining points: "36"
L 03/14/2026 - 00:11:23: [l4d2_shop.smx] [Buy]: "Alaric Magnus<90><STEAM_1:0:552032559><>" bought "health" (price: "98"), remaining points: "129"
L 03/14/2026 - 00:11:34: [l4d2_shop.smx] [Buy]: "Alaric Magnus<90><STEAM_1:0:552032559><>" bought "adrenaline" (price: "43"), remaining points: "90"
L 03/14/2026 - 00:12:53: [l4d2_shop.smx] [UPDATE]: "[T-T]MoY<48><STEAM_1:0:511491787><>" saved. Points: "148"
L 03/14/2026 - 00:14:37: [l4d2_shop.smx] [Buy]: "[T-T]MoY<48><STEAM_1:0:511491787><>" bought "Revivir (Costo actual: 50)" (price: "50"), remaining points: "104"
L 03/14/2026 - 00:15:24: [l4d2_shop.smx] [Buy]: "[T-T]MoY<48><STEAM_1:0:511491787><>" bought "adrenaline" (price: "43"), remaining points: "63"
L 03/14/2026 - 00:15:52: [l4d_sm_respawn.smx] "[T-T]MoY<48><STEAM_1:0:511491787><>" teleported "daniel_cr.<84><STEAM_1:0:937559636><>" after respawning him
L 03/14/2026 - 00:15:55: [l4d_sm_respawn.smx] "[T-T]MoY<48><STEAM_1:0:511491787><>" teleported "Alaric Magnus<90><STEAM_1:0:552032559><>" after respawning him
L 03/14/2026 - 00:15:56: [l4d_sm_respawn.smx] "[T-T]MoY<48><STEAM_1:0:511491787><>" teleported "VichiGOD<213><STEAM_1:0:627105583><>" after respawning him
L 03/14/2026 - 00:18:15: -------- Mapchange to c5m4_quarter --------
L 03/14/2026 - 00:18:20: [basecommands.smx] "Console<0><Console><Console>" changed cvar (cvar "sv_consistency") (value "0")
L 03/14/2026 - 00:18:20: [basecommands.smx] "Console<0><Console><Console>" changed cvar (cvar "sv_allow_lobby_connect_only") (value "0")
L 03/14/2026 - 00:18:20: [basecommands.smx] "Console<0><Console><Console>" changed cvar (cvar "sv_maxplayers") (value "8")
L 03/14/2026 - 00:18:20: [basecommands.smx] "Console<0><Console><Console>" changed cvar (cvar "sv_visiblemaxplayers") (value "-1")
L 03/14/2026 - 00:18:21: [chat-processor.smx] Message formats generated for game 'left4dead2'.
L 03/14/2026 - 00:18:21: [chat-processor.smx] Successfully hooked a SayText2 chat hook.
L 03/14/2026 - 00:22:13: -------- Mapchange to c5m5_bridge --------
L 03/14/2026 - 00:22:19: [basecommands.smx] "Console<0><Console><Console>" changed cvar (cvar "sv_consistency") (value "0")
L 03/14/2026 - 00:22:19: [basecommands.smx] "Console<0><Console><Console>" changed cvar (cvar "sv_allow_lobby_connect_only") (value "0")
L 03/14/2026 - 00:22:19: [basecommands.smx] "Console<0><Console><Console>" changed cvar (cvar "sv_maxplayers") (value "8")
L 03/14/2026 - 00:22:19: [basecommands.smx] "Console<0><Console><Console>" changed cvar (cvar "sv_visiblemaxplayers") (value "-1")
L 03/14/2026 - 00:22:19: [chat-processor.smx] Message formats generated for game 'left4dead2'.
L 03/14/2026 - 00:22:19: [chat-processor.smx] Successfully hooked a SayText2 chat hook.
L 03/14/2026 - 00:27:01: Log file closed.
