L 11/29/2025 - 09:52:09: SourceMod log file session started (file "d:\steamlibrary\steamapps\common\left 4 dead 2\left4dead2\addons\sourcemod\logs\L20251129.log") (Version "1.12.0.7207")
L 11/29/2025 - 09:52:09: [GEOIP] GeoIP2 database loaded: GeoLite2-ASN (2024-08-21 08:15:21 UTC) (d:\steamlibrary\steamapps\common\left 4 dead 2\left4dead2\addons\sourcemod\configs\geoip\GeoLite2-ASN.mmdb)
L 11/29/2025 - 09:52:09: [GEOIP] GeoIP2 supported languages: en
L 11/29/2025 - 09:52:09: [GEOIP] Your database is older than 90 days. You should consider downloading a newer version from e.g. https://dev.maxmind.com/geoip/geolite2-free-geolocation-data
L 11/29/2025 - 09:52:18: [basecommands.smx] "Console<0><Console><Console>" changed cvar (cvar "sv_consistency") (value "0")
L 11/29/2025 - 09:52:18: [basecommands.smx] "Console<0><Console><Console>" changed cvar (cvar "sv_allow_lobby_connect_only") (value "0")
L 11/29/2025 - 09:52:18: [basecommands.smx] "Console<0><Console><Console>" changed cvar (cvar "sv_maxplayers") (value "8")
L 11/29/2025 - 09:52:18: [basecommands.smx] "Console<0><Console><Console>" changed cvar (cvar "sv_visiblemaxplayers") (value "-1")
L 11/29/2025 - 09:52:18: [chat-processor.smx] Message formats generated for game 'left4dead2'.
L 11/29/2025 - 09:52:18: [chat-processor.smx] Successfully hooked a SayText2 chat hook.
L 11/29/2025 - 09:54:34: -------- Mapchange to c1m1_hotel --------
L 11/29/2025 - 09:54:37: [basecommands.smx] "Console<0><Console><Console>" changed cvar (cvar "sv_consistency") (value "0")
L 11/29/2025 - 09:54:37: [basecommands.smx] "Console<0><Console><Console>" changed cvar (cvar "sv_allow_lobby_connect_only") (value "0")
L 11/29/2025 - 09:54:37: [basecommands.smx] "Console<0><Console><Console>" changed cvar (cvar "sv_maxplayers") (value "8")
L 11/29/2025 - 09:54:37: [basecommands.smx] "Console<0><Console><Console>" changed cvar (cvar "sv_visiblemaxplayers") (value "-1")
L 11/29/2025 - 09:54:37: [chat-processor.smx] Message formats generated for game 'left4dead2'.
L 11/29/2025 - 09:54:37: [chat-processor.smx] Successfully hooked a SayText2 chat hook.
L 11/29/2025 - 10:02:00: -------- Mapchange to c1m2_streets --------
L 11/29/2025 - 10:02:04: [basecommands.smx] "Console<0><Console><Console>" changed cvar (cvar "sv_consistency") (value "0")
L 11/29/2025 - 10:02:04: [basecommands.smx] "Console<0><Console><Console>" changed cvar (cvar "sv_allow_lobby_connect_only") (value "0")
L 11/29/2025 - 10:02:04: [basecommands.smx] "Console<0><Console><Console>" changed cvar (cvar "sv_maxplayers") (value "8")
L 11/29/2025 - 10:02:04: [basecommands.smx] "Console<0><Console><Console>" changed cvar (cvar "sv_visiblemaxplayers") (value "-1")
L 11/29/2025 - 10:02:04: [chat-processor.smx] Message formats generated for game 'left4dead2'.
L 11/29/2025 - 10:02:04: [chat-processor.smx] Successfully hooked a SayText2 chat hook.
L 11/29/2025 - 10:03:41: [l4d_sm_respawn.smx] "[T-T]MoY<7><STEAM_1:0:511491787><>" teleported "bizcocho xd<35><STEAM_1:1:801149514><>" after respawning him
L 11/29/2025 - 10:04:09: [l4d_sm_respawn.smx] "[T-T]MoY<7><STEAM_1:0:511491787><>" teleported "Nick<31><BOT><>" after respawning him
L 11/29/2025 - 10:04:10: [l4d_sm_respawn.smx] "[T-T]MoY<7><STEAM_1:0:511491787><>" teleported "bizcocho xd<35><STEAM_1:1:801149514><>" after respawning him
L 11/29/2025 - 10:39:14: [l4d_sm_respawn.smx] "[T-T]MoY<7><STEAM_1:0:511491787><>" teleported "PAOLO GUERRERO<168><STEAM_1:0:919592696><>" after respawning him
L 11/29/2025 - 10:39:14: [l4d_sm_respawn.smx] "[T-T]MoY<7><STEAM_1:0:511491787><>" teleported "Lord Pato<47><STEAM_1:1:615453996><>" after respawning him
L 11/29/2025 - 10:39:14: [l4d_sm_respawn.smx] "[T-T]MoY<7><STEAM_1:0:511491787><>" teleported "Lissy.kiss<71><STEAM_1:0:661562605><>" after respawning him
L 11/29/2025 - 10:39:14: [l4d_sm_respawn.smx] "[T-T]MoY<7><STEAM_1:0:511491787><>" teleported "ᴍᴀᴠᴇʀɪᴄᴋ<98><STEAM_1:0:935083716><>" after respawning him
L 11/29/2025 - 10:39:14: [l4d_sm_respawn.smx] "[T-T]MoY<7><STEAM_1:0:511491787><>" teleported "p1ng00n<100><STEAM_1:1:779993097><>" after respawning him
L 11/29/2025 - 10:40:04: [l4d_sm_respawn.smx] "[T-T]MoY<7><STEAM_1:0:511491787><>" teleported "[T-T]MoY<7><STEAM_1:0:511491787><>" after respawning him
L 11/29/2025 - 10:40:04: [l4d_sm_respawn.smx] "[T-T]MoY<7><STEAM_1:0:511491787><>" teleported "Yeri<68><STEAM_1:0:740617866><>" after respawning him
L 11/29/2025 - 10:40:04: [l4d_sm_respawn.smx] "[T-T]MoY<7><STEAM_1:0:511491787><>" teleported "I <3 Chubby Girls<170><STEAM_1:1:696541673><>" after respawning him
L 11/29/2025 - 10:40:05: [l4d_sm_respawn.smx] "[T-T]MoY<7><STEAM_1:0:511491787><>" teleported "PAOLO GUERRERO<168><STEAM_1:0:919592696><>" after respawning him
L 11/29/2025 - 10:40:05: [l4d_sm_respawn.smx] "[T-T]MoY<7><STEAM_1:0:511491787><>" teleported "Lord Pato<47><STEAM_1:1:615453996><>" after respawning him
L 11/29/2025 - 10:40:05: [l4d_sm_respawn.smx] "[T-T]MoY<7><STEAM_1:0:511491787><>" teleported "ᴍᴀᴠᴇʀɪᴄᴋ<98><STEAM_1:0:935083716><>" after respawning him
L 11/29/2025 - 10:40:05: [l4d_sm_respawn.smx] "[T-T]MoY<7><STEAM_1:0:511491787><>" teleported "p1ng00n<100><STEAM_1:1:779993097><>" after respawning him
L 11/29/2025 - 10:40:31: [l4d_sm_respawn.smx] "[T-T]MoY<7><STEAM_1:0:511491787><>" teleported "[T-T]MoY<7><STEAM_1:0:511491787><>" after respawning him
L 11/29/2025 - 10:40:32: [l4d_sm_respawn.smx] "[T-T]MoY<7><STEAM_1:0:511491787><>" teleported "Yeri<68><STEAM_1:0:740617866><>" after respawning him
L 11/29/2025 - 10:40:32: [l4d_sm_respawn.smx] "[T-T]MoY<7><STEAM_1:0:511491787><>" teleported "Lord Pato<47><STEAM_1:1:615453996><>" after respawning him
L 11/29/2025 - 10:40:32: [l4d_sm_respawn.smx] "[T-T]MoY<7><STEAM_1:0:511491787><>" teleported "ᴍᴀᴠᴇʀɪᴄᴋ<98><STEAM_1:0:935083716><>" after respawning him
L 11/29/2025 - 10:44:18: [l4d_sm_respawn.smx] "[T-T]MoY<7><STEAM_1:0:511491787><>" teleported "[T-T]MoY<7><STEAM_1:0:511491787><>" after respawning him
L 11/29/2025 - 10:44:18: [l4d_sm_respawn.smx] "[T-T]MoY<7><STEAM_1:0:511491787><>" teleported "Yeri<68><STEAM_1:0:740617866><>" after respawning him
L 11/29/2025 - 10:44:18: [l4d_sm_respawn.smx] "[T-T]MoY<7><STEAM_1:0:511491787><>" teleported "I <3 Chubby Girls<170><STEAM_1:1:696541673><>" after respawning him
L 11/29/2025 - 10:44:18: [l4d_sm_respawn.smx] "[T-T]MoY<7><STEAM_1:0:511491787><>" teleported "Lord Pato<47><STEAM_1:1:615453996><>" after respawning him
L 11/29/2025 - 10:44:18: [l4d_sm_respawn.smx] "[T-T]MoY<7><STEAM_1:0:511491787><>" teleported "Lissy.kiss<71><STEAM_1:0:661562605><>" after respawning him
L 11/29/2025 - 10:44:19: [l4d_sm_respawn.smx] "[T-T]MoY<7><STEAM_1:0:511491787><>" teleported "p1ng00n<100><STEAM_1:1:779993097><>" after respawning him
L 11/29/2025 - 10:44:37: [l4d_sm_respawn.smx] "[T-T]MoY<7><STEAM_1:0:511491787><>" teleported "ᴍᴀᴠᴇʀɪᴄᴋ<98><STEAM_1:0:935083716><>" after respawning him
L 11/29/2025 - 10:45:24: [l4d_sm_respawn.smx] "[T-T]MoY<7><STEAM_1:0:511491787><>" teleported "[T-T]MoY<7><STEAM_1:0:511491787><>" after respawning him
L 11/29/2025 - 10:45:25: [l4d_sm_respawn.smx] "[T-T]MoY<7><STEAM_1:0:511491787><>" teleported "Yeri<68><STEAM_1:0:740617866><>" after respawning him
L 11/29/2025 - 10:45:25: [l4d_sm_respawn.smx] "[T-T]MoY<7><STEAM_1:0:511491787><>" teleported "I <3 Chubby Girls<170><STEAM_1:1:696541673><>" after respawning him
L 11/29/2025 - 10:45:25: [l4d_sm_respawn.smx] "[T-T]MoY<7><STEAM_1:0:511491787><>" teleported "ᴍᴀᴠᴇʀɪᴄᴋ<98><STEAM_1:0:935083716><>" after respawning him
L 11/29/2025 - 10:45:25: [l4d_sm_respawn.smx] "[T-T]MoY<7><STEAM_1:0:511491787><>" teleported "p1ng00n<100><STEAM_1:1:779993097><>" after respawning him
L 11/29/2025 - 10:45:46: [l4d_sm_respawn.smx] "[T-T]MoY<7><STEAM_1:0:511491787><>" teleported "Yeri<68><STEAM_1:0:740617866><>" after respawning him
L 11/29/2025 - 10:45:46: [l4d_sm_respawn.smx] "[T-T]MoY<7><STEAM_1:0:511491787><>" teleported "I <3 Chubby Girls<170><STEAM_1:1:696541673><>" after respawning him
L 11/29/2025 - 10:45:46: [l4d_sm_respawn.smx] "[T-T]MoY<7><STEAM_1:0:511491787><>" teleported "Lord Pato<47><STEAM_1:1:615453996><>" after respawning him
L 11/29/2025 - 10:45:46: [l4d_sm_respawn.smx] "[T-T]MoY<7><STEAM_1:0:511491787><>" teleported "Lissy.kiss<71><STEAM_1:0:661562605><>" after respawning him
L 11/29/2025 - 10:47:09: -------- Mapchange to c1m3_mall --------
L 11/29/2025 - 10:47:13: [basecommands.smx] "Console<0><Console><Console>" changed cvar (cvar "sv_consistency") (value "0")
L 11/29/2025 - 10:47:13: [basecommands.smx] "Console<0><Console><Console>" changed cvar (cvar "sv_allow_lobby_connect_only") (value "0")
L 11/29/2025 - 10:47:13: [basecommands.smx] "Console<0><Console><Console>" changed cvar (cvar "sv_maxplayers") (value "8")
L 11/29/2025 - 10:47:13: [basecommands.smx] "Console<0><Console><Console>" changed cvar (cvar "sv_visiblemaxplayers") (value "-1")
L 11/29/2025 - 10:47:13: [chat-processor.smx] Message formats generated for game 'left4dead2'.
L 11/29/2025 - 10:47:13: [chat-processor.smx] Successfully hooked a SayText2 chat hook.
L 11/29/2025 - 10:51:34: -------- Mapchange to c1m4_atrium --------
L 11/29/2025 - 10:51:37: [basecommands.smx] "Console<0><Console><Console>" changed cvar (cvar "sv_consistency") (value "0")
L 11/29/2025 - 10:51:37: [basecommands.smx] "Console<0><Console><Console>" changed cvar (cvar "sv_allow_lobby_connect_only") (value "0")
L 11/29/2025 - 10:51:37: [basecommands.smx] "Console<0><Console><Console>" changed cvar (cvar "sv_maxplayers") (value "8")
L 11/29/2025 - 10:51:37: [basecommands.smx] "Console<0><Console><Console>" changed cvar (cvar "sv_visiblemaxplayers") (value "-1")
L 11/29/2025 - 10:51:37: [chat-processor.smx] Message formats generated for game 'left4dead2'.
L 11/29/2025 - 10:51:37: [chat-processor.smx] Successfully hooked a SayText2 chat hook.
L 11/29/2025 - 10:53:03: [l4d_sm_respawn.smx] "[T-T]MoY<7><STEAM_1:0:511491787><>" teleported "I <3 Chubby Girls<170><STEAM_1:1:696541673><>" after respawning him
L 11/29/2025 - 10:53:03: [l4d_sm_respawn.smx] "[T-T]MoY<7><STEAM_1:0:511491787><>" teleported "p1ng00n<100><STEAM_1:1:779993097><>" after respawning him
L 11/29/2025 - 10:56:21: [basevotes.smx] "[T-T]MoY<7><STEAM_1:0:511491787><>" initiated a map vote for c2m1_highway.
L 11/29/2025 - 10:56:41: [basevotes.smx] Vote failed. 60% vote required. (Received "40" of 5 votes)
L 11/29/2025 - 10:56:55: [funcommands.smx] "[T-T]MoY<7><STEAM_1:0:511491787><>" froze "Lord Pato<47><STEAM_1:1:615453996><>"
L 11/29/2025 - 10:57:57: [l4d_sm_respawn.smx] "[T-T]MoY<7><STEAM_1:0:511491787><>" teleported "[T-T]MoY<7><STEAM_1:0:511491787><>" after respawning him
L 11/29/2025 - 10:57:57: [l4d_sm_respawn.smx] "[T-T]MoY<7><STEAM_1:0:511491787><>" teleported "I <3 Chubby Girls<170><STEAM_1:1:696541673><>" after respawning him
L 11/29/2025 - 10:57:57: [l4d_sm_respawn.smx] "[T-T]MoY<7><STEAM_1:0:511491787><>" teleported "Lissy.kiss<71><STEAM_1:0:661562605><>" after respawning him
L 11/29/2025 - 10:57:57: [l4d_sm_respawn.smx] "[T-T]MoY<7><STEAM_1:0:511491787><>" teleported "ᴍᴀᴠᴇʀɪᴄᴋ<98><STEAM_1:0:935083716><>" after respawning him
L 11/29/2025 - 10:57:57: [l4d_sm_respawn.smx] "[T-T]MoY<7><STEAM_1:0:511491787><>" teleported "p1ng00n<100><STEAM_1:1:779993097><>" after respawning him
L 11/29/2025 - 10:59:22: [l4d_sm_respawn.smx] "[T-T]MoY<7><STEAM_1:0:511491787><>" teleported "I <3 Chubby Girls<170><STEAM_1:1:696541673><>" after respawning him
L 11/29/2025 - 10:59:22: [l4d_sm_respawn.smx] "[T-T]MoY<7><STEAM_1:0:511491787><>" teleported "hace_hambre_we<227><STEAM_1:0:961934633><>" after respawning him
L 11/29/2025 - 10:59:41: [l4d_sm_respawn.smx] "[T-T]MoY<7><STEAM_1:0:511491787><>" teleported "[T-T]MoY<7><STEAM_1:0:511491787><>" after respawning him
L 11/29/2025 - 10:59:54: [test_1.smx] "[T-T]MoY<7><STEAM_1:0:511491787><>" cambió la dificultad a hard
L 11/29/2025 - 11:02:34: [basecommands.smx] "[T-T]MoY<7><STEAM_1:0:511491787><>" changed map to "c2m1_highway"
L 11/29/2025 - 11:02:37: [SM] Changed map to "c2m1_highway"
L 11/29/2025 - 11:02:39: -------- Mapchange to c2m1_highway --------
L 11/29/2025 - 11:02:42: [basecommands.smx] "Console<0><Console><Console>" changed cvar (cvar "sv_consistency") (value "0")
L 11/29/2025 - 11:02:42: [basecommands.smx] "Console<0><Console><Console>" changed cvar (cvar "sv_allow_lobby_connect_only") (value "0")
L 11/29/2025 - 11:02:42: [basecommands.smx] "Console<0><Console><Console>" changed cvar (cvar "sv_maxplayers") (value "8")
L 11/29/2025 - 11:02:42: [basecommands.smx] "Console<0><Console><Console>" changed cvar (cvar "sv_visiblemaxplayers") (value "-1")
L 11/29/2025 - 11:02:42: [chat-processor.smx] Message formats generated for game 'left4dead2'.
L 11/29/2025 - 11:02:42: [chat-processor.smx] Successfully hooked a SayText2 chat hook.
L 11/29/2025 - 11:04:21: [test_1.smx] "[T-T]MoY<7><STEAM_1:0:511491787><>" cambió la dificultad a impossible
L 11/29/2025 - 11:05:58: -------- Mapchange to c2m2_fairgrounds --------
L 11/29/2025 - 11:06:01: [basecommands.smx] "Console<0><Console><Console>" changed cvar (cvar "sv_consistency") (value "0")
L 11/29/2025 - 11:06:01: [basecommands.smx] "Console<0><Console><Console>" changed cvar (cvar "sv_allow_lobby_connect_only") (value "0")
L 11/29/2025 - 11:06:01: [basecommands.smx] "Console<0><Console><Console>" changed cvar (cvar "sv_maxplayers") (value "8")
L 11/29/2025 - 11:06:01: [basecommands.smx] "Console<0><Console><Console>" changed cvar (cvar "sv_visiblemaxplayers") (value "-1")
L 11/29/2025 - 11:06:01: [chat-processor.smx] Message formats generated for game 'left4dead2'.
L 11/29/2025 - 11:06:01: [chat-processor.smx] Successfully hooked a SayText2 chat hook.
L 11/29/2025 - 11:09:05: -------- Mapchange to c2m3_coaster --------
L 11/29/2025 - 11:09:09: [basecommands.smx] "Console<0><Console><Console>" changed cvar (cvar "sv_consistency") (value "0")
L 11/29/2025 - 11:09:09: [basecommands.smx] "Console<0><Console><Console>" changed cvar (cvar "sv_allow_lobby_connect_only") (value "0")
L 11/29/2025 - 11:09:09: [basecommands.smx] "Console<0><Console><Console>" changed cvar (cvar "sv_maxplayers") (value "8")
L 11/29/2025 - 11:09:09: [basecommands.smx] "Console<0><Console><Console>" changed cvar (cvar "sv_visiblemaxplayers") (value "-1")
L 11/29/2025 - 11:09:09: [chat-processor.smx] Message formats generated for game 'left4dead2'.
L 11/29/2025 - 11:09:09: [chat-processor.smx] Successfully hooked a SayText2 chat hook.
L 11/29/2025 - 11:24:38: -------- Mapchange to c2m4_barns --------
L 11/29/2025 - 11:24:41: [basecommands.smx] "Console<0><Console><Console>" changed cvar (cvar "sv_consistency") (value "0")
L 11/29/2025 - 11:24:41: [basecommands.smx] "Console<0><Console><Console>" changed cvar (cvar "sv_allow_lobby_connect_only") (value "0")
L 11/29/2025 - 11:24:41: [basecommands.smx] "Console<0><Console><Console>" changed cvar (cvar "sv_maxplayers") (value "8")
L 11/29/2025 - 11:24:41: [basecommands.smx] "Console<0><Console><Console>" changed cvar (cvar "sv_visiblemaxplayers") (value "-1")
L 11/29/2025 - 11:24:41: [chat-processor.smx] Message formats generated for game 'left4dead2'.
L 11/29/2025 - 11:24:41: [chat-processor.smx] Successfully hooked a SayText2 chat hook.
L 11/29/2025 - 11:35:49: [test_1.smx] "[T-T]MoY<7><STEAM_1:0:511491787><>" cambió la dificultad a hard
L 11/29/2025 - 11:38:48: -------- Mapchange to c2m5_concert --------
L 11/29/2025 - 11:38:51: [basecommands.smx] "Console<0><Console><Console>" changed cvar (cvar "sv_consistency") (value "0")
L 11/29/2025 - 11:38:51: [basecommands.smx] "Console<0><Console><Console>" changed cvar (cvar "sv_allow_lobby_connect_only") (value "0")
L 11/29/2025 - 11:38:51: [basecommands.smx] "Console<0><Console><Console>" changed cvar (cvar "sv_maxplayers") (value "8")
L 11/29/2025 - 11:38:51: [basecommands.smx] "Console<0><Console><Console>" changed cvar (cvar "sv_visiblemaxplayers") (value "-1")
L 11/29/2025 - 11:38:52: [chat-processor.smx] Message formats generated for game 'left4dead2'.
L 11/29/2025 - 11:38:52: [chat-processor.smx] Successfully hooked a SayText2 chat hook.
L 11/29/2025 - 11:39:10: [test_1.smx] "[T-T]MoY<7><STEAM_1:0:511491787><>" cambió la dificultad a impossible
L 11/29/2025 - 11:40:04: [basevotes.smx] "[T-T]MoY<7><STEAM_1:0:511491787><>" initiated a kick vote against "p1ng00n<100><STEAM_1:1:779993097><>"
L 11/29/2025 - 11:40:24: [basevotes.smx] Vote successful. (Received "100" of 4 votes)
L 11/29/2025 - 11:40:24: [basevotes.smx] Vote kick successful, kicked "p1ng00n<100><STEAM_1:1:779993097><>" (reason "Votekicked")
L 11/29/2025 - 11:41:54: [basevotes.smx] "[T-T]MoY<7><STEAM_1:0:511491787><>" initiated a generic vote (question "los revivo" / answers "Yes" "No").
L 11/29/2025 - 11:42:14: [basevotes.smx] Vote successful. (Received "67" of 3 votes)
L 11/29/2025 - 11:42:14: [basevotes.smx] The answer to los revivo is: Yes.
L 11/29/2025 - 11:42:21: [l4d_sm_respawn.smx] "[T-T]MoY<7><STEAM_1:0:511491787><>" teleported "[T-T]MoY<7><STEAM_1:0:511491787><>" after respawning him
L 11/29/2025 - 11:42:21: [l4d_sm_respawn.smx] "[T-T]MoY<7><STEAM_1:0:511491787><>" teleported "pene de hormiga<272><STEAM_1:0:811274174><>" after respawning him
L 11/29/2025 - 11:42:22: [l4d_sm_respawn.smx] "[T-T]MoY<7><STEAM_1:0:511491787><>" teleported "Lissy.kiss<71><STEAM_1:0:661562605><>" after respawning him
L 11/29/2025 - 11:42:22: [l4d_sm_respawn.smx] "[T-T]MoY<7><STEAM_1:0:511491787><>" teleported "ᴍᴀᴠᴇʀɪᴄᴋ<98><STEAM_1:0:935083716><>" after respawning him
L 11/29/2025 - 11:44:04: [l4d_sm_respawn.smx] "[T-T]MoY<7><STEAM_1:0:511491787><>" teleported "Lissy.kiss<71><STEAM_1:0:661562605><>" after respawning him
L 11/29/2025 - 11:44:37: [l4d_sm_respawn.smx] "[T-T]MoY<7><STEAM_1:0:511491787><>" teleported "hace_hambre_we<227><STEAM_1:0:961934633><>" after respawning him
L 11/29/2025 - 11:45:49: [basevotes.smx] "[T-T]MoY<7><STEAM_1:0:511491787><>" initiated a generic vote (question "los revivo" / answers "Yes" "No").
L 11/29/2025 - 11:46:10: [basevotes.smx] Vote successful. (Received "83" of 6 votes)
L 11/29/2025 - 11:46:10: [basevotes.smx] The answer to los revivo is: Yes.
L 11/29/2025 - 11:46:16: [l4d_sm_respawn.smx] "[T-T]MoY<7><STEAM_1:0:511491787><>" teleported "pene de hormiga<272><STEAM_1:0:811274174><>" after respawning him
L 11/29/2025 - 11:46:16: [l4d_sm_respawn.smx] "[T-T]MoY<7><STEAM_1:0:511491787><>" teleported "El Bro Respeta<394><STEAM_1:1:861532397><>" after respawning him
L 11/29/2025 - 11:46:16: [l4d_sm_respawn.smx] "[T-T]MoY<7><STEAM_1:0:511491787><>" teleported "hace_hambre_we<227><STEAM_1:0:961934633><>" after respawning him
L 11/29/2025 - 11:46:17: [l4d_sm_respawn.smx] "[T-T]MoY<7><STEAM_1:0:511491787><>" teleported "Lord Pato<47><STEAM_1:1:615453996><>" after respawning him
L 11/29/2025 - 11:47:30: [l4d_sm_respawn.smx] "[T-T]MoY<7><STEAM_1:0:511491787><>" teleported "[T-T]MoY<7><STEAM_1:0:511491787><>" after respawning him
L 11/29/2025 - 11:47:30: [l4d_sm_respawn.smx] "[T-T]MoY<7><STEAM_1:0:511491787><>" teleported "pene de hormiga<272><STEAM_1:0:811274174><>" after respawning him
L 11/29/2025 - 11:47:30: [l4d_sm_respawn.smx] "[T-T]MoY<7><STEAM_1:0:511491787><>" teleported "hace_hambre_we<227><STEAM_1:0:961934633><>" after respawning him
L 11/29/2025 - 11:47:30: [l4d_sm_respawn.smx] "[T-T]MoY<7><STEAM_1:0:511491787><>" teleported "Lissy.kiss<71><STEAM_1:0:661562605><>" after respawning him
L 11/29/2025 - 11:47:30: [l4d_sm_respawn.smx] "[T-T]MoY<7><STEAM_1:0:511491787><>" teleported "ᴍᴀᴠᴇʀɪᴄᴋ<98><STEAM_1:0:935083716><>" after respawning him
L 11/29/2025 - 11:48:26: Log file closed.
L 11/29/2025 - 16:59:54: SourceMod log file session started (file "d:\steamlibrary\steamapps\common\left 4 dead 2\left4dead2\addons\sourcemod\logs\L20251129.log") (Version "1.12.0.7207")
L 11/29/2025 - 16:59:54: [GEOIP] GeoIP2 database loaded: GeoLite2-ASN (2024-08-21 08:15:21 UTC) (d:\steamlibrary\steamapps\common\left 4 dead 2\left4dead2\addons\sourcemod\configs\geoip\GeoLite2-ASN.mmdb)
L 11/29/2025 - 16:59:54: [GEOIP] GeoIP2 supported languages: en
L 11/29/2025 - 16:59:54: [GEOIP] Your database is older than 90 days. You should consider downloading a newer version from e.g. https://dev.maxmind.com/geoip/geolite2-free-geolocation-data
L 11/29/2025 - 17:00:03: [basecommands.smx] "Console<0><Console><Console>" changed cvar (cvar "sv_consistency") (value "0")
L 11/29/2025 - 17:00:03: [basecommands.smx] "Console<0><Console><Console>" changed cvar (cvar "sv_allow_lobby_connect_only") (value "0")
L 11/29/2025 - 17:00:03: [basecommands.smx] "Console<0><Console><Console>" changed cvar (cvar "sv_maxplayers") (value "8")
L 11/29/2025 - 17:00:03: [basecommands.smx] "Console<0><Console><Console>" changed cvar (cvar "sv_visiblemaxplayers") (value "-1")
L 11/29/2025 - 17:00:03: [chat-processor.smx] Message formats generated for game 'left4dead2'.
L 11/29/2025 - 17:00:03: [chat-processor.smx] Successfully hooked a SayText2 chat hook.
L 11/29/2025 - 17:01:09: -------- Mapchange to c5m1_waterfront --------
L 11/29/2025 - 17:01:12: [basecommands.smx] "Console<0><Console><Console>" changed cvar (cvar "sv_consistency") (value "0")
L 11/29/2025 - 17:01:12: [basecommands.smx] "Console<0><Console><Console>" changed cvar (cvar "sv_allow_lobby_connect_only") (value "0")
L 11/29/2025 - 17:01:12: [basecommands.smx] "Console<0><Console><Console>" changed cvar (cvar "sv_maxplayers") (value "8")
L 11/29/2025 - 17:01:12: [basecommands.smx] "Console<0><Console><Console>" changed cvar (cvar "sv_visiblemaxplayers") (value "-1")
L 11/29/2025 - 17:01:13: [chat-processor.smx] Message formats generated for game 'left4dead2'.
L 11/29/2025 - 17:01:13: [chat-processor.smx] Successfully hooked a SayText2 chat hook.
L 11/29/2025 - 17:04:27: -------- Mapchange to c5m2_park --------
L 11/29/2025 - 17:04:30: [basecommands.smx] "Console<0><Console><Console>" changed cvar (cvar "sv_consistency") (value "0")
L 11/29/2025 - 17:04:30: [basecommands.smx] "Console<0><Console><Console>" changed cvar (cvar "sv_allow_lobby_connect_only") (value "0")
L 11/29/2025 - 17:04:30: [basecommands.smx] "Console<0><Console><Console>" changed cvar (cvar "sv_maxplayers") (value "8")
L 11/29/2025 - 17:04:30: [basecommands.smx] "Console<0><Console><Console>" changed cvar (cvar "sv_visiblemaxplayers") (value "-1")
L 11/29/2025 - 17:04:30: [chat-processor.smx] Message formats generated for game 'left4dead2'.
L 11/29/2025 - 17:04:30: [chat-processor.smx] Successfully hooked a SayText2 chat hook.
L 11/29/2025 - 17:10:24: -------- Mapchange to c1m1_hotel --------
L 11/29/2025 - 17:10:28: [basecommands.smx] "Console<0><Console><Console>" changed cvar (cvar "sv_consistency") (value "0")
L 11/29/2025 - 17:10:28: [basecommands.smx] "Console<0><Console><Console>" changed cvar (cvar "sv_allow_lobby_connect_only") (value "0")
L 11/29/2025 - 17:10:28: [basecommands.smx] "Console<0><Console><Console>" changed cvar (cvar "sv_maxplayers") (value "8")
L 11/29/2025 - 17:10:28: [basecommands.smx] "Console<0><Console><Console>" changed cvar (cvar "sv_visiblemaxplayers") (value "-1")
L 11/29/2025 - 17:10:28: [chat-processor.smx] Message formats generated for game 'left4dead2'.
L 11/29/2025 - 17:10:28: [chat-processor.smx] Successfully hooked a SayText2 chat hook.
L 11/29/2025 - 17:14:17: -------- Mapchange to c1m2_streets --------
L 11/29/2025 - 17:14:20: [basecommands.smx] "Console<0><Console><Console>" changed cvar (cvar "sv_consistency") (value "0")
L 11/29/2025 - 17:14:20: [basecommands.smx] "Console<0><Console><Console>" changed cvar (cvar "sv_allow_lobby_connect_only") (value "0")
L 11/29/2025 - 17:14:20: [basecommands.smx] "Console<0><Console><Console>" changed cvar (cvar "sv_maxplayers") (value "8")
L 11/29/2025 - 17:14:20: [basecommands.smx] "Console<0><Console><Console>" changed cvar (cvar "sv_visiblemaxplayers") (value "-1")
L 11/29/2025 - 17:14:20: [chat-processor.smx] Message formats generated for game 'left4dead2'.
L 11/29/2025 - 17:14:20: [chat-processor.smx] Successfully hooked a SayText2 chat hook.
L 11/29/2025 - 17:27:56: [funcommands.smx] "[T-T]MoY<27><STEAM_1:0:511491787><>" froze "¡Tz_kchero X<54><STEAM_1:0:927190613><>"
L 11/29/2025 - 17:28:11: [funcommands.smx] "[T-T]MoY<27><STEAM_1:0:511491787><>" froze "¡Tz_kchero X<54><STEAM_1:0:927190613><>"
L 11/29/2025 - 17:29:19: [basecomm.smx] "[T-T]MoY<27><STEAM_1:0:511491787><>" silenced "¡Tz_kchero X<54><STEAM_1:0:927190613><>"
L 11/29/2025 - 17:29:26: [basevotes.smx] "[T-T]MoY<27><STEAM_1:0:511491787><>" initiated a kick vote against "¡Tz_kchero X<54><STEAM_1:0:927190613><>"
L 11/29/2025 - 17:29:46: [basevotes.smx] Vote successful. (Received "75" of 4 votes)
L 11/29/2025 - 17:29:46: [basevotes.smx] Vote kick successful, kicked "¡Tz_kchero X<54><STEAM_1:0:927190613><>" (reason "Votekicked")
L 11/29/2025 - 17:39:25: [l4d_sm_respawn.smx] "[T-T]MoY<27><STEAM_1:0:511491787><>" teleported "[T-T]MoY<27><STEAM_1:0:511491787><>" after respawning him
L 11/29/2025 - 17:39:25: [l4d_sm_respawn.smx] "[T-T]MoY<27><STEAM_1:0:511491787><>" teleported "xxxx<112><STEAM_1:0:881899796><>" after respawning him
L 11/29/2025 - 17:39:25: [l4d_sm_respawn.smx] "[T-T]MoY<27><STEAM_1:0:511491787><>" teleported " [VIO VIO] <47><STEAM_1:0:231346792><>" after respawning him
L 11/29/2025 - 17:39:25: [l4d_sm_respawn.smx] "[T-T]MoY<27><STEAM_1:0:511491787><>" teleported "☆ Smolder .ᐟ<52><STEAM_1:0:436326792><>" after respawning him
L 11/29/2025 - 17:39:26: [l4d_sm_respawn.smx] "[T-T]MoY<27><STEAM_1:0:511491787><>" teleported "LaChicaOreo<53><STEAM_1:0:560723600><>" after respawning him
L 11/29/2025 - 17:43:13: [test_1.smx] "[T-T]MoY<27><STEAM_1:0:511491787><>" cambió la dificultad a hard
L 11/29/2025 - 17:47:35: -------- Mapchange to c1m3_mall --------
L 11/29/2025 - 17:47:39: [basecommands.smx] "Console<0><Console><Console>" changed cvar (cvar "sv_consistency") (value "0")
L 11/29/2025 - 17:47:39: [basecommands.smx] "Console<0><Console><Console>" changed cvar (cvar "sv_allow_lobby_connect_only") (value "0")
L 11/29/2025 - 17:47:39: [basecommands.smx] "Console<0><Console><Console>" changed cvar (cvar "sv_maxplayers") (value "8")
L 11/29/2025 - 17:47:39: [basecommands.smx] "Console<0><Console><Console>" changed cvar (cvar "sv_visiblemaxplayers") (value "-1")
L 11/29/2025 - 17:47:39: [chat-processor.smx] Message formats generated for game 'left4dead2'.
L 11/29/2025 - 17:47:39: [chat-processor.smx] Successfully hooked a SayText2 chat hook.
L 11/29/2025 - 17:48:21: [test_1.smx] "[T-T]MoY<27><STEAM_1:0:511491787><>" cambió la dificultad a impossible
L 11/29/2025 - 17:54:11: -------- Mapchange to c1m4_atrium --------
L 11/29/2025 - 17:54:14: [basecommands.smx] "Console<0><Console><Console>" changed cvar (cvar "sv_consistency") (value "0")
L 11/29/2025 - 17:54:14: [basecommands.smx] "Console<0><Console><Console>" changed cvar (cvar "sv_allow_lobby_connect_only") (value "0")
L 11/29/2025 - 17:54:14: [basecommands.smx] "Console<0><Console><Console>" changed cvar (cvar "sv_maxplayers") (value "8")
L 11/29/2025 - 17:54:14: [basecommands.smx] "Console<0><Console><Console>" changed cvar (cvar "sv_visiblemaxplayers") (value "-1")
L 11/29/2025 - 17:54:14: [chat-processor.smx] Message formats generated for game 'left4dead2'.
L 11/29/2025 - 17:54:14: [chat-processor.smx] Successfully hooked a SayText2 chat hook.
L 11/29/2025 - 18:01:04: [l4d_sm_respawn.smx] "[T-T]MoY<27><STEAM_1:0:511491787><>" teleported "j.nando.0616<32><STEAM_1:0:609157193><>" after respawning him
L 11/29/2025 - 18:01:04: [l4d_sm_respawn.smx] "[T-T]MoY<27><STEAM_1:0:511491787><>" teleported "leoleonidas450<212><STEAM_1:0:784774017><>" after respawning him
L 11/29/2025 - 18:03:11: [basecommands.smx] "[T-T]MoY<27><STEAM_1:0:511491787><>" changed map to "c2m1_highway"
L 11/29/2025 - 18:03:15: [SM] Changed map to "c2m1_highway"
L 11/29/2025 - 18:03:17: -------- Mapchange to c2m1_highway --------
L 11/29/2025 - 18:03:20: [basecommands.smx] "Console<0><Console><Console>" changed cvar (cvar "sv_consistency") (value "0")
L 11/29/2025 - 18:03:20: [basecommands.smx] "Console<0><Console><Console>" changed cvar (cvar "sv_allow_lobby_connect_only") (value "0")
L 11/29/2025 - 18:03:20: [basecommands.smx] "Console<0><Console><Console>" changed cvar (cvar "sv_maxplayers") (value "8")
L 11/29/2025 - 18:03:20: [basecommands.smx] "Console<0><Console><Console>" changed cvar (cvar "sv_visiblemaxplayers") (value "-1")
L 11/29/2025 - 18:03:20: [chat-processor.smx] Message formats generated for game 'left4dead2'.
L 11/29/2025 - 18:03:20: [chat-processor.smx] Successfully hooked a SayText2 chat hook.
L 11/29/2025 - 18:07:49: -------- Mapchange to c2m2_fairgrounds --------
L 11/29/2025 - 18:07:52: [basecommands.smx] "Console<0><Console><Console>" changed cvar (cvar "sv_consistency") (value "0")
L 11/29/2025 - 18:07:52: [basecommands.smx] "Console<0><Console><Console>" changed cvar (cvar "sv_allow_lobby_connect_only") (value "0")
L 11/29/2025 - 18:07:52: [basecommands.smx] "Console<0><Console><Console>" changed cvar (cvar "sv_maxplayers") (value "8")
L 11/29/2025 - 18:07:52: [basecommands.smx] "Console<0><Console><Console>" changed cvar (cvar "sv_visiblemaxplayers") (value "-1")
L 11/29/2025 - 18:07:52: [chat-processor.smx] Message formats generated for game 'left4dead2'.
L 11/29/2025 - 18:07:52: [chat-processor.smx] Successfully hooked a SayText2 chat hook.
L 11/29/2025 - 18:08:19: [funcommands.smx] "[T-T]MoY<27><STEAM_1:0:511491787><>" froze "Fuk Dat Bitch<45><STEAM_1:0:130081106><>"
L 11/29/2025 - 18:08:20: [funcommands.smx] "[T-T]MoY<27><STEAM_1:0:511491787><>" froze "Fuk Dat Bitch<45><STEAM_1:0:130081106><>"
L 11/29/2025 - 18:08:25: [funcommands.smx] "[T-T]MoY<27><STEAM_1:0:511491787><>" froze "Fuk Dat Bitch<45><STEAM_1:0:130081106><>"
L 11/29/2025 - 18:08:34: [l4d_sm_respawn.smx] "[T-T]MoY<27><STEAM_1:0:511491787><>" teleported "bozo<243><STEAM_1:1:709459348><>" after respawning him
L 11/29/2025 - 18:15:04: [basevotes.smx] "[T-T]MoY<27><STEAM_1:0:511491787><>" initiated a kick vote against "Fuk Dat Bitch<45><STEAM_1:0:130081106><>"
L 11/29/2025 - 18:15:24: [basevotes.smx] Vote failed. 60% vote required. (Received "50" of 6 votes)
L 11/29/2025 - 18:20:58: -------- Mapchange to c2m3_coaster --------
L 11/29/2025 - 18:21:01: [basecommands.smx] "Console<0><Console><Console>" changed cvar (cvar "sv_consistency") (value "0")
L 11/29/2025 - 18:21:01: [basecommands.smx] "Console<0><Console><Console>" changed cvar (cvar "sv_allow_lobby_connect_only") (value "0")
L 11/29/2025 - 18:21:01: [basecommands.smx] "Console<0><Console><Console>" changed cvar (cvar "sv_maxplayers") (value "8")
L 11/29/2025 - 18:21:01: [basecommands.smx] "Console<0><Console><Console>" changed cvar (cvar "sv_visiblemaxplayers") (value "-1")
L 11/29/2025 - 18:21:02: [chat-processor.smx] Message formats generated for game 'left4dead2'.
L 11/29/2025 - 18:21:02: [chat-processor.smx] Successfully hooked a SayText2 chat hook.
L 11/29/2025 - 18:30:05: -------- Mapchange to c2m4_barns --------
L 11/29/2025 - 18:30:08: [basecommands.smx] "Console<0><Console><Console>" changed cvar (cvar "sv_consistency") (value "0")
L 11/29/2025 - 18:30:08: [basecommands.smx] "Console<0><Console><Console>" changed cvar (cvar "sv_allow_lobby_connect_only") (value "0")
L 11/29/2025 - 18:30:08: [basecommands.smx] "Console<0><Console><Console>" changed cvar (cvar "sv_maxplayers") (value "8")
L 11/29/2025 - 18:30:08: [basecommands.smx] "Console<0><Console><Console>" changed cvar (cvar "sv_visiblemaxplayers") (value "-1")
L 11/29/2025 - 18:30:09: [chat-processor.smx] Message formats generated for game 'left4dead2'.
L 11/29/2025 - 18:30:09: [chat-processor.smx] Successfully hooked a SayText2 chat hook.
L 11/29/2025 - 18:33:46: Log file closed.
L 11/29/2025 - 21:42:53: SourceMod log file session started (file "d:\steamlibrary\steamapps\common\left 4 dead 2\left4dead2\addons\sourcemod\logs\L20251129.log") (Version "1.12.0.7207")
L 11/29/2025 - 21:42:53: [GEOIP] GeoIP2 database loaded: GeoLite2-ASN (2024-08-21 08:15:21 UTC) (d:\steamlibrary\steamapps\common\left 4 dead 2\left4dead2\addons\sourcemod\configs\geoip\GeoLite2-ASN.mmdb)
L 11/29/2025 - 21:42:53: [GEOIP] GeoIP2 supported languages: en
L 11/29/2025 - 21:42:53: [GEOIP] Your database is older than 90 days. You should consider downloading a newer version from e.g. https://dev.maxmind.com/geoip/geolite2-free-geolocation-data
L 11/29/2025 - 21:42:58: [basecommands.smx] "Console<0><Console><Console>" changed cvar (cvar "sv_consistency") (value "0")
L 11/29/2025 - 21:42:58: [basecommands.smx] "Console<0><Console><Console>" changed cvar (cvar "sv_allow_lobby_connect_only") (value "0")
L 11/29/2025 - 21:42:58: [basecommands.smx] "Console<0><Console><Console>" changed cvar (cvar "sv_maxplayers") (value "8")
L 11/29/2025 - 21:42:58: [basecommands.smx] "Console<0><Console><Console>" changed cvar (cvar "sv_visiblemaxplayers") (value "-1")
L 11/29/2025 - 21:42:59: [chat-processor.smx] Message formats generated for game 'left4dead2'.
L 11/29/2025 - 21:42:59: [chat-processor.smx] Successfully hooked a SayText2 chat hook.
L 11/29/2025 - 21:50:03: -------- Mapchange to c1m2_streets --------
L 11/29/2025 - 21:50:06: [basecommands.smx] "Console<0><Console><Console>" changed cvar (cvar "sv_consistency") (value "0")
L 11/29/2025 - 21:50:06: [basecommands.smx] "Console<0><Console><Console>" changed cvar (cvar "sv_allow_lobby_connect_only") (value "0")
L 11/29/2025 - 21:50:06: [basecommands.smx] "Console<0><Console><Console>" changed cvar (cvar "sv_maxplayers") (value "8")
L 11/29/2025 - 21:50:06: [basecommands.smx] "Console<0><Console><Console>" changed cvar (cvar "sv_visiblemaxplayers") (value "-1")
L 11/29/2025 - 21:50:07: [chat-processor.smx] Message formats generated for game 'left4dead2'.
L 11/29/2025 - 21:50:07: [chat-processor.smx] Successfully hooked a SayText2 chat hook.
L 11/29/2025 - 22:10:34: [funcommands.smx] "[T-T]MoY<2><STEAM_1:0:511491787><>" froze "DannySsj<50><STEAM_1:1:813976324><>"
L 11/29/2025 - 22:11:11: [basecomm.smx] "[T-T]MoY<2><STEAM_1:0:511491787><>" silenced "DannySsj<50><STEAM_1:1:813976324><>"
L 11/29/2025 - 22:13:47: [l4d_sm_respawn.smx] "[T-T]MoY<2><STEAM_1:0:511491787><>" teleported "[T-T]MoY<2><STEAM_1:0:511491787><>" after respawning him
L 11/29/2025 - 22:14:57: [test_1.smx] "[T-T]MoY<2><STEAM_1:0:511491787><>" cambió la dificultad a hard
L 11/29/2025 - 22:22:14: [basevotes.smx] "[T-T]MoY<2><STEAM_1:0:511491787><>" initiated a generic vote (question "ta dificil verdad" / answers "no" "si como tu hermana").
L 11/29/2025 - 22:22:35: [basevotes.smx] Vote successful. (Received "67" of 3 votes)
L 11/29/2025 - 22:22:35: [basevotes.smx] The answer to ta dificil verdad is: si como tu hermana.
L 11/29/2025 - 22:28:46: -------- Mapchange to c1m3_mall --------
L 11/29/2025 - 22:28:50: [basecommands.smx] "Console<0><Console><Console>" changed cvar (cvar "sv_consistency") (value "0")
L 11/29/2025 - 22:28:50: [basecommands.smx] "Console<0><Console><Console>" changed cvar (cvar "sv_allow_lobby_connect_only") (value "0")
L 11/29/2025 - 22:28:50: [basecommands.smx] "Console<0><Console><Console>" changed cvar (cvar "sv_maxplayers") (value "8")
L 11/29/2025 - 22:28:50: [basecommands.smx] "Console<0><Console><Console>" changed cvar (cvar "sv_visiblemaxplayers") (value "-1")
L 11/29/2025 - 22:28:50: [chat-processor.smx] Message formats generated for game 'left4dead2'.
L 11/29/2025 - 22:28:50: [chat-processor.smx] Successfully hooked a SayText2 chat hook.
L 11/29/2025 - 22:29:26: [test_1.smx] "[T-T]MoY<2><STEAM_1:0:511491787><>" cambió la dificultad a impossible
L 11/29/2025 - 22:34:58: -------- Mapchange to c1m4_atrium --------
L 11/29/2025 - 22:35:01: [basecommands.smx] "Console<0><Console><Console>" changed cvar (cvar "sv_consistency") (value "0")
L 11/29/2025 - 22:35:01: [basecommands.smx] "Console<0><Console><Console>" changed cvar (cvar "sv_allow_lobby_connect_only") (value "0")
L 11/29/2025 - 22:35:01: [basecommands.smx] "Console<0><Console><Console>" changed cvar (cvar "sv_maxplayers") (value "8")
L 11/29/2025 - 22:35:01: [basecommands.smx] "Console<0><Console><Console>" changed cvar (cvar "sv_visiblemaxplayers") (value "-1")
L 11/29/2025 - 22:35:01: [chat-processor.smx] Message formats generated for game 'left4dead2'.
L 11/29/2025 - 22:35:01: [chat-processor.smx] Successfully hooked a SayText2 chat hook.
L 11/29/2025 - 22:38:53: [test_1.smx] "[T-T]MoY<2><STEAM_1:0:511491787><>" cambió la dificultad a hard
L 11/29/2025 - 22:43:55: [basecommands.smx] "[T-T]MoY<2><STEAM_1:0:511491787><>" changed map to "c2m1_highway"
L 11/29/2025 - 22:43:58: [SM] Changed map to "c2m1_highway"
L 11/29/2025 - 22:44:00: -------- Mapchange to c2m1_highway --------
L 11/29/2025 - 22:44:03: [basecommands.smx] "Console<0><Console><Console>" changed cvar (cvar "sv_consistency") (value "0")
L 11/29/2025 - 22:44:03: [basecommands.smx] "Console<0><Console><Console>" changed cvar (cvar "sv_allow_lobby_connect_only") (value "0")
L 11/29/2025 - 22:44:03: [basecommands.smx] "Console<0><Console><Console>" changed cvar (cvar "sv_maxplayers") (value "8")
L 11/29/2025 - 22:44:03: [basecommands.smx] "Console<0><Console><Console>" changed cvar (cvar "sv_visiblemaxplayers") (value "-1")
L 11/29/2025 - 22:44:04: [chat-processor.smx] Message formats generated for game 'left4dead2'.
L 11/29/2025 - 22:44:04: [chat-processor.smx] Successfully hooked a SayText2 chat hook.
L 11/29/2025 - 22:45:47: [test_1.smx] "[T-T]MoY<2><STEAM_1:0:511491787><>" cambió la dificultad a impossible
L 11/29/2025 - 22:46:57: [funvotes.smx] "[T-T]MoY<2><STEAM_1:0:511491787><>" initiated a slay vote against "Enre<58><STEAM_1:0:565699709><>"
L 11/29/2025 - 22:47:17: [funvotes.smx] Vote slay successful, slaying "Enre<58><STEAM_1:0:565699709><>"
L 11/29/2025 - 22:50:39: [basevotes.smx] "[T-T]MoY<2><STEAM_1:0:511491787><>" initiated a generic vote (question "matar a EL ve sapitos" / answers "Yes" "No").
L 11/29/2025 - 22:51:00: [basevotes.smx] Vote failed. 0% vote required. (Received "33" of 3 votes)
L 11/29/2025 - 22:51:58: [funvotes.smx] "[T-T]MoY<2><STEAM_1:0:511491787><>" initiated a slay vote against "El ve sapitos<24><STEAM_1:0:709789618><>"
L 11/29/2025 - 22:52:20: -------- Mapchange to c2m2_fairgrounds --------
L 11/29/2025 - 22:52:23: [basecommands.smx] "Console<0><Console><Console>" changed cvar (cvar "sv_consistency") (value "0")
L 11/29/2025 - 22:52:23: [basecommands.smx] "Console<0><Console><Console>" changed cvar (cvar "sv_allow_lobby_connect_only") (value "0")
L 11/29/2025 - 22:52:23: [basecommands.smx] "Console<0><Console><Console>" changed cvar (cvar "sv_maxplayers") (value "8")
L 11/29/2025 - 22:52:23: [basecommands.smx] "Console<0><Console><Console>" changed cvar (cvar "sv_visiblemaxplayers") (value "-1")
L 11/29/2025 - 22:52:23: [chat-processor.smx] Message formats generated for game 'left4dead2'.
L 11/29/2025 - 22:52:23: [chat-processor.smx] Successfully hooked a SayText2 chat hook.
L 11/29/2025 - 22:57:29: -------- Mapchange to c2m3_coaster --------
L 11/29/2025 - 22:57:32: [basecommands.smx] "Console<0><Console><Console>" changed cvar (cvar "sv_consistency") (value "0")
L 11/29/2025 - 22:57:32: [basecommands.smx] "Console<0><Console><Console>" changed cvar (cvar "sv_allow_lobby_connect_only") (value "0")
L 11/29/2025 - 22:57:32: [basecommands.smx] "Console<0><Console><Console>" changed cvar (cvar "sv_maxplayers") (value "8")
L 11/29/2025 - 22:57:32: [basecommands.smx] "Console<0><Console><Console>" changed cvar (cvar "sv_visiblemaxplayers") (value "-1")
L 11/29/2025 - 22:57:32: [chat-processor.smx] Message formats generated for game 'left4dead2'.
L 11/29/2025 - 22:57:32: [chat-processor.smx] Successfully hooked a SayText2 chat hook.
L 11/29/2025 - 23:12:04: [funvotes.smx] "[T-T]MoY<2><STEAM_1:0:511491787><>" initiated a slay vote against "Mini Pinguita<8><STEAM_1:0:757625856><>"
L 11/29/2025 - 23:12:13: -------- Mapchange to c2m4_barns --------
L 11/29/2025 - 23:12:16: [basecommands.smx] "Console<0><Console><Console>" changed cvar (cvar "sv_consistency") (value "0")
L 11/29/2025 - 23:12:16: [basecommands.smx] "Console<0><Console><Console>" changed cvar (cvar "sv_allow_lobby_connect_only") (value "0")
L 11/29/2025 - 23:12:16: [basecommands.smx] "Console<0><Console><Console>" changed cvar (cvar "sv_maxplayers") (value "8")
L 11/29/2025 - 23:12:16: [basecommands.smx] "Console<0><Console><Console>" changed cvar (cvar "sv_visiblemaxplayers") (value "-1")
L 11/29/2025 - 23:12:17: [chat-processor.smx] Message formats generated for game 'left4dead2'.
L 11/29/2025 - 23:12:17: [chat-processor.smx] Successfully hooked a SayText2 chat hook.
L 11/29/2025 - 23:20:56: [test_1.smx] "[T-T]MoY<2><STEAM_1:0:511491787><>" cambió la dificultad a hard
L 11/29/2025 - 23:24:19: -------- Mapchange to c2m5_concert --------
L 11/29/2025 - 23:24:22: [basecommands.smx] "Console<0><Console><Console>" changed cvar (cvar "sv_consistency") (value "0")
L 11/29/2025 - 23:24:22: [basecommands.smx] "Console<0><Console><Console>" changed cvar (cvar "sv_allow_lobby_connect_only") (value "0")
L 11/29/2025 - 23:24:22: [basecommands.smx] "Console<0><Console><Console>" changed cvar (cvar "sv_maxplayers") (value "8")
L 11/29/2025 - 23:24:22: [basecommands.smx] "Console<0><Console><Console>" changed cvar (cvar "sv_visiblemaxplayers") (value "-1")
L 11/29/2025 - 23:24:23: [chat-processor.smx] Message formats generated for game 'left4dead2'.
L 11/29/2025 - 23:24:23: [chat-processor.smx] Successfully hooked a SayText2 chat hook.
L 11/29/2025 - 23:24:44: [test_1.smx] "[T-T]MoY<2><STEAM_1:0:511491787><>" cambió la dificultad a impossible
L 11/29/2025 - 23:30:46: [all4dead2.smx] [NOTICE]: ([T-T]MoY<2><STEAM_1:0:511491787><>) has spawned a defibrillator
L 11/29/2025 - 23:30:46: [all4dead2.smx] [NOTICE]: ([T-T]MoY<2><STEAM_1:0:511491787><>) has spawned a defibrillator
L 11/29/2025 - 23:30:46: [all4dead2.smx] [NOTICE]: ([T-T]MoY<2><STEAM_1:0:511491787><>) has spawned a defibrillator
L 11/29/2025 - 23:30:47: [all4dead2.smx] [NOTICE]: ([T-T]MoY<2><STEAM_1:0:511491787><>) has spawned a defibrillator
L 11/29/2025 - 23:30:47: [all4dead2.smx] [NOTICE]: ([T-T]MoY<2><STEAM_1:0:511491787><>) has spawned a defibrillator
L 11/29/2025 - 23:30:47: [all4dead2.smx] [NOTICE]: ([T-T]MoY<2><STEAM_1:0:511491787><>) has spawned a defibrillator
L 11/29/2025 - 23:30:47: [all4dead2.smx] [NOTICE]: ([T-T]MoY<2><STEAM_1:0:511491787><>) has spawned a defibrillator
L 11/29/2025 - 23:30:47: [all4dead2.smx] [NOTICE]: ([T-T]MoY<2><STEAM_1:0:511491787><>) has spawned a defibrillator
L 11/29/2025 - 23:30:47: [all4dead2.smx] [NOTICE]: ([T-T]MoY<2><STEAM_1:0:511491787><>) has spawned a defibrillator
L 11/29/2025 - 23:30:48: [all4dead2.smx] [NOTICE]: ([T-T]MoY<2><STEAM_1:0:511491787><>) has spawned a defibrillator
L 11/29/2025 - 23:30:58: [all4dead2.smx] [NOTICE]: ([T-T]MoY<2><STEAM_1:0:511491787><>) has spawned a defibrillator
L 11/29/2025 - 23:31:02: [all4dead2.smx] [NOTICE]: ([T-T]MoY<2><STEAM_1:0:511491787><>) has spawned a defibrillator
L 11/29/2025 - 23:31:49: [all4dead2.smx] [NOTICE]: ([T-T]MoY<2><STEAM_1:0:511491787><>) has spawned a defibrillator
L 11/29/2025 - 23:32:05: [l4d_sm_respawn.smx] "[T-T]MoY<2><STEAM_1:0:511491787><>" teleported "El ve sapitos<24><STEAM_1:0:709789618><>" after respawning him
L 11/29/2025 - 23:32:05: [l4d_sm_respawn.smx] "[T-T]MoY<2><STEAM_1:0:511491787><>" teleported "Mini Pinguita<8><STEAM_1:0:757625856><>" after respawning him
L 11/29/2025 - 23:32:06: [l4d_sm_respawn.smx] "[T-T]MoY<2><STEAM_1:0:511491787><>" teleported "Enre<58><STEAM_1:0:565699709><>" after respawning him
L 11/29/2025 - 23:32:06: [l4d_sm_respawn.smx] "[T-T]MoY<2><STEAM_1:0:511491787><>" teleported "K E V 1902<40><STEAM_1:1:927494171><>" after respawning him
L 11/29/2025 - 23:32:06: [l4d_sm_respawn.smx] "[T-T]MoY<2><STEAM_1:0:511491787><>" teleported "vitocho<255><STEAM_1:1:117175021><>" after respawning him
L 11/29/2025 - 23:32:06: [l4d_sm_respawn.smx] "[T-T]MoY<2><STEAM_1:0:511491787><>" teleported "[T-T]MoY<2><STEAM_1:0:511491787><>" after respawning him
L 11/29/2025 - 23:32:58: [basecommands.smx] "[T-T]MoY<2><STEAM_1:0:511491787><>" changed map to "c5m1_waterfront"
L 11/29/2025 - 23:33:01: [SM] Changed map to "c5m1_waterfront"
L 11/29/2025 - 23:33:03: -------- Mapchange to c5m1_waterfront --------
L 11/29/2025 - 23:33:07: [basecommands.smx] "Console<0><Console><Console>" changed cvar (cvar "sv_consistency") (value "0")
L 11/29/2025 - 23:33:07: [basecommands.smx] "Console<0><Console><Console>" changed cvar (cvar "sv_allow_lobby_connect_only") (value "0")
L 11/29/2025 - 23:33:07: [basecommands.smx] "Console<0><Console><Console>" changed cvar (cvar "sv_maxplayers") (value "8")
L 11/29/2025 - 23:33:07: [basecommands.smx] "Console<0><Console><Console>" changed cvar (cvar "sv_visiblemaxplayers") (value "-1")
L 11/29/2025 - 23:33:07: [chat-processor.smx] Message formats generated for game 'left4dead2'.
L 11/29/2025 - 23:33:07: [chat-processor.smx] Successfully hooked a SayText2 chat hook.
L 11/29/2025 - 23:35:22: -------- Mapchange to c5m2_park --------
L 11/29/2025 - 23:35:25: [basecommands.smx] "Console<0><Console><Console>" changed cvar (cvar "sv_consistency") (value "0")
L 11/29/2025 - 23:35:25: [basecommands.smx] "Console<0><Console><Console>" changed cvar (cvar "sv_allow_lobby_connect_only") (value "0")
L 11/29/2025 - 23:35:26: [basecommands.smx] "Console<0><Console><Console>" changed cvar (cvar "sv_maxplayers") (value "8")
L 11/29/2025 - 23:35:26: [basecommands.smx] "Console<0><Console><Console>" changed cvar (cvar "sv_visiblemaxplayers") (value "-1")
L 11/29/2025 - 23:35:26: [chat-processor.smx] Message formats generated for game 'left4dead2'.
L 11/29/2025 - 23:35:26: [chat-processor.smx] Successfully hooked a SayText2 chat hook.
L 11/29/2025 - 23:39:24: -------- Mapchange to c5m3_cemetery --------
L 11/29/2025 - 23:39:27: [basecommands.smx] "Console<0><Console><Console>" changed cvar (cvar "sv_consistency") (value "0")
L 11/29/2025 - 23:39:27: [basecommands.smx] "Console<0><Console><Console>" changed cvar (cvar "sv_allow_lobby_connect_only") (value "0")
L 11/29/2025 - 23:39:27: [basecommands.smx] "Console<0><Console><Console>" changed cvar (cvar "sv_maxplayers") (value "8")
L 11/29/2025 - 23:39:27: [basecommands.smx] "Console<0><Console><Console>" changed cvar (cvar "sv_visiblemaxplayers") (value "-1")
L 11/29/2025 - 23:39:28: [chat-processor.smx] Message formats generated for game 'left4dead2'.
L 11/29/2025 - 23:39:28: [chat-processor.smx] Successfully hooked a SayText2 chat hook.
L 11/29/2025 - 23:42:00: [funcommands.smx] "[T-T]MoY<2><STEAM_1:0:511491787><>" froze "Kirito<453><STEAM_1:1:761537973><>"
L 11/29/2025 - 23:42:46: [basecomm.smx] "[T-T]MoY<2><STEAM_1:0:511491787><>" silenced "Kirito<453><STEAM_1:1:761537973><>"
L 11/29/2025 - 23:43:55: [all4dead2.smx] [NOTICE]: ([T-T]MoY<2><STEAM_1:0:511491787><>) has spawned a adrenaline
L 11/29/2025 - 23:43:55: [all4dead2.smx] [NOTICE]: ([T-T]MoY<2><STEAM_1:0:511491787><>) has spawned a adrenaline
L 11/29/2025 - 23:43:55: [all4dead2.smx] [NOTICE]: ([T-T]MoY<2><STEAM_1:0:511491787><>) has spawned a adrenaline
L 11/29/2025 - 23:43:56: [all4dead2.smx] [NOTICE]: ([T-T]MoY<2><STEAM_1:0:511491787><>) has spawned a adrenaline
L 11/29/2025 - 23:43:56: [all4dead2.smx] [NOTICE]: ([T-T]MoY<2><STEAM_1:0:511491787><>) has spawned a adrenaline
L 11/29/2025 - 23:43:56: [all4dead2.smx] [NOTICE]: ([T-T]MoY<2><STEAM_1:0:511491787><>) has spawned a adrenaline
L 11/29/2025 - 23:43:56: [all4dead2.smx] [NOTICE]: ([T-T]MoY<2><STEAM_1:0:511491787><>) has spawned a adrenaline
L 11/29/2025 - 23:43:56: [all4dead2.smx] [NOTICE]: ([T-T]MoY<2><STEAM_1:0:511491787><>) has spawned a adrenaline
L 11/29/2025 - 23:43:57: [all4dead2.smx] [NOTICE]: ([T-T]MoY<2><STEAM_1:0:511491787><>) has spawned a adrenaline
L 11/29/2025 - 23:43:57: [all4dead2.smx] [NOTICE]: ([T-T]MoY<2><STEAM_1:0:511491787><>) has spawned a adrenaline
L 11/29/2025 - 23:43:57: [all4dead2.smx] [NOTICE]: ([T-T]MoY<2><STEAM_1:0:511491787><>) has spawned a adrenaline
L 11/29/2025 - 23:43:57: [all4dead2.smx] [NOTICE]: ([T-T]MoY<2><STEAM_1:0:511491787><>) has spawned a adrenaline
L 11/29/2025 - 23:43:58: [all4dead2.smx] [NOTICE]: ([T-T]MoY<2><STEAM_1:0:511491787><>) has spawned a adrenaline
L 11/29/2025 - 23:46:01: [all4dead2.smx] [NOTICE]: ([T-T]MoY<2><STEAM_1:0:511491787><>) has spawned a adrenaline
L 11/29/2025 - 23:46:02: [all4dead2.smx] [NOTICE]: ([T-T]MoY<2><STEAM_1:0:511491787><>) has spawned a adrenaline
L 11/29/2025 - 23:46:02: [all4dead2.smx] [NOTICE]: ([T-T]MoY<2><STEAM_1:0:511491787><>) has spawned a adrenaline
L 11/29/2025 - 23:46:02: [all4dead2.smx] [NOTICE]: ([T-T]MoY<2><STEAM_1:0:511491787><>) has spawned a adrenaline
L 11/29/2025 - 23:46:02: [all4dead2.smx] [NOTICE]: ([T-T]MoY<2><STEAM_1:0:511491787><>) has spawned a adrenaline
L 11/29/2025 - 23:46:02: [all4dead2.smx] [NOTICE]: ([T-T]MoY<2><STEAM_1:0:511491787><>) has spawned a adrenaline
L 11/29/2025 - 23:46:02: [all4dead2.smx] [NOTICE]: ([T-T]MoY<2><STEAM_1:0:511491787><>) has spawned a adrenaline
L 11/29/2025 - 23:46:03: [all4dead2.smx] [NOTICE]: ([T-T]MoY<2><STEAM_1:0:511491787><>) has spawned a adrenaline
L 11/29/2025 - 23:46:03: [all4dead2.smx] [NOTICE]: ([T-T]MoY<2><STEAM_1:0:511491787><>) has spawned a adrenaline
L 11/29/2025 - 23:46:03: [all4dead2.smx] [NOTICE]: ([T-T]MoY<2><STEAM_1:0:511491787><>) has spawned a adrenaline
L 11/29/2025 - 23:46:03: [all4dead2.smx] [NOTICE]: ([T-T]MoY<2><STEAM_1:0:511491787><>) has spawned a adrenaline
L 11/29/2025 - 23:46:04: [all4dead2.smx] [NOTICE]: ([T-T]MoY<2><STEAM_1:0:511491787><>) has spawned a adrenaline
L 11/29/2025 - 23:46:04: [all4dead2.smx] [NOTICE]: ([T-T]MoY<2><STEAM_1:0:511491787><>) has spawned a adrenaline
L 11/29/2025 - 23:46:04: [all4dead2.smx] [NOTICE]: ([T-T]MoY<2><STEAM_1:0:511491787><>) has spawned a adrenaline
L 11/29/2025 - 23:46:04: [all4dead2.smx] [NOTICE]: ([T-T]MoY<2><STEAM_1:0:511491787><>) has spawned a adrenaline
L 11/29/2025 - 23:46:04: [all4dead2.smx] [NOTICE]: ([T-T]MoY<2><STEAM_1:0:511491787><>) has spawned a adrenaline
L 11/29/2025 - 23:46:04: [all4dead2.smx] [NOTICE]: ([T-T]MoY<2><STEAM_1:0:511491787><>) has spawned a adrenaline
L 11/29/2025 - 23:46:05: [all4dead2.smx] [NOTICE]: ([T-T]MoY<2><STEAM_1:0:511491787><>) has spawned a adrenaline
L 11/29/2025 - 23:48:24: [all4dead2.smx] [NOTICE]: ([T-T]MoY<2><STEAM_1:0:511491787><>) has spawned a pipe_bomb
L 11/29/2025 - 23:48:28: [all4dead2.smx] [NOTICE]: ([T-T]MoY<2><STEAM_1:0:511491787><>) has spawned a adrenaline
L 11/29/2025 - 23:48:29: [all4dead2.smx] [NOTICE]: ([T-T]MoY<2><STEAM_1:0:511491787><>) has spawned a adrenaline
L 11/29/2025 - 23:48:29: [all4dead2.smx] [NOTICE]: ([T-T]MoY<2><STEAM_1:0:511491787><>) has spawned a adrenaline
L 11/29/2025 - 23:48:29: [all4dead2.smx] [NOTICE]: ([T-T]MoY<2><STEAM_1:0:511491787><>) has spawned a adrenaline
L 11/29/2025 - 23:48:29: [all4dead2.smx] [NOTICE]: ([T-T]MoY<2><STEAM_1:0:511491787><>) has spawned a adrenaline
L 11/29/2025 - 23:48:29: [all4dead2.smx] [NOTICE]: ([T-T]MoY<2><STEAM_1:0:511491787><>) has spawned a adrenaline
L 11/29/2025 - 23:48:29: [all4dead2.smx] [NOTICE]: ([T-T]MoY<2><STEAM_1:0:511491787><>) has spawned a adrenaline
L 11/29/2025 - 23:48:30: [all4dead2.smx] [NOTICE]: ([T-T]MoY<2><STEAM_1:0:511491787><>) has spawned a adrenaline
L 11/29/2025 - 23:48:30: [all4dead2.smx] [NOTICE]: ([T-T]MoY<2><STEAM_1:0:511491787><>) has spawned a adrenaline
L 11/29/2025 - 23:48:30: [all4dead2.smx] [NOTICE]: ([T-T]MoY<2><STEAM_1:0:511491787><>) has spawned a adrenaline
L 11/29/2025 - 23:48:30: [all4dead2.smx] [NOTICE]: ([T-T]MoY<2><STEAM_1:0:511491787><>) has spawned a adrenaline
L 11/29/2025 - 23:48:30: [all4dead2.smx] [NOTICE]: ([T-T]MoY<2><STEAM_1:0:511491787><>) has spawned a adrenaline
L 11/29/2025 - 23:48:30: [all4dead2.smx] [NOTICE]: ([T-T]MoY<2><STEAM_1:0:511491787><>) has spawned a adrenaline
L 11/29/2025 - 23:48:31: [all4dead2.smx] [NOTICE]: ([T-T]MoY<2><STEAM_1:0:511491787><>) has spawned a adrenaline
L 11/29/2025 - 23:48:31: [all4dead2.smx] [NOTICE]: ([T-T]MoY<2><STEAM_1:0:511491787><>) has spawned a adrenaline
L 11/29/2025 - 23:48:31: [all4dead2.smx] [NOTICE]: ([T-T]MoY<2><STEAM_1:0:511491787><>) has spawned a adrenaline
L 11/29/2025 - 23:48:31: [all4dead2.smx] [NOTICE]: ([T-T]MoY<2><STEAM_1:0:511491787><>) has spawned a adrenaline
L 11/29/2025 - 23:48:32: [all4dead2.smx] [NOTICE]: ([T-T]MoY<2><STEAM_1:0:511491787><>) has spawned a molotov
L 11/29/2025 - 23:48:32: [all4dead2.smx] [NOTICE]: ([T-T]MoY<2><STEAM_1:0:511491787><>) has spawned a molotov
L 11/29/2025 - 23:48:32: [all4dead2.smx] [NOTICE]: ([T-T]MoY<2><STEAM_1:0:511491787><>) has spawned a molotov
L 11/29/2025 - 23:48:32: [all4dead2.smx] [NOTICE]: ([T-T]MoY<2><STEAM_1:0:511491787><>) has spawned a molotov
L 11/29/2025 - 23:48:33: [all4dead2.smx] [NOTICE]: ([T-T]MoY<2><STEAM_1:0:511491787><>) has spawned a molotov
L 11/29/2025 - 23:48:33: [all4dead2.smx] [NOTICE]: ([T-T]MoY<2><STEAM_1:0:511491787><>) has spawned a molotov
L 11/29/2025 - 23:48:33: [all4dead2.smx] [NOTICE]: ([T-T]MoY<2><STEAM_1:0:511491787><>) has spawned a molotov
L 11/29/2025 - 23:48:33: [all4dead2.smx] [NOTICE]: ([T-T]MoY<2><STEAM_1:0:511491787><>) has spawned a molotov
L 11/29/2025 - 23:48:34: [all4dead2.smx] [NOTICE]: ([T-T]MoY<2><STEAM_1:0:511491787><>) has spawned a molotov
L 11/29/2025 - 23:48:34: [all4dead2.smx] [NOTICE]: ([T-T]MoY<2><STEAM_1:0:511491787><>) has spawned a molotov
L 11/29/2025 - 23:48:34: [all4dead2.smx] [NOTICE]: ([T-T]MoY<2><STEAM_1:0:511491787><>) has spawned a molotov
L 11/29/2025 - 23:48:35: [all4dead2.smx] [NOTICE]: ([T-T]MoY<2><STEAM_1:0:511491787><>) has spawned a pipe_bomb
L 11/29/2025 - 23:48:35: [all4dead2.smx] [NOTICE]: ([T-T]MoY<2><STEAM_1:0:511491787><>) has spawned a pipe_bomb
L 11/29/2025 - 23:49:08: [test_1.smx] "[T-T]MoY<2><STEAM_1:0:511491787><>" cambió la dificultad a hard
L 11/29/2025 - 23:50:17: [all4dead2.smx] [NOTICE]: ([T-T]MoY<2><STEAM_1:0:511491787><>) has spawned a first_aid_kit
L 11/29/2025 - 23:50:17: [all4dead2.smx] [NOTICE]: ([T-T]MoY<2><STEAM_1:0:511491787><>) has spawned a first_aid_kit
L 11/29/2025 - 23:50:17: [all4dead2.smx] [NOTICE]: ([T-T]MoY<2><STEAM_1:0:511491787><>) has spawned a first_aid_kit
L 11/29/2025 - 23:50:17: [all4dead2.smx] [NOTICE]: ([T-T]MoY<2><STEAM_1:0:511491787><>) has spawned a first_aid_kit
L 11/29/2025 - 23:50:17: [all4dead2.smx] [NOTICE]: ([T-T]MoY<2><STEAM_1:0:511491787><>) has spawned a first_aid_kit
L 11/29/2025 - 23:50:18: [all4dead2.smx] [NOTICE]: ([T-T]MoY<2><STEAM_1:0:511491787><>) has spawned a first_aid_kit
L 11/29/2025 - 23:50:18: [all4dead2.smx] [NOTICE]: ([T-T]MoY<2><STEAM_1:0:511491787><>) has spawned a first_aid_kit
L 11/29/2025 - 23:50:18: [all4dead2.smx] [NOTICE]: ([T-T]MoY<2><STEAM_1:0:511491787><>) has spawned a first_aid_kit
L 11/29/2025 - 23:50:18: [all4dead2.smx] [NOTICE]: ([T-T]MoY<2><STEAM_1:0:511491787><>) has spawned a first_aid_kit
L 11/29/2025 - 23:50:19: [all4dead2.smx] [NOTICE]: ([T-T]MoY<2><STEAM_1:0:511491787><>) has spawned a first_aid_kit
L 11/29/2025 - 23:50:19: [all4dead2.smx] [NOTICE]: ([T-T]MoY<2><STEAM_1:0:511491787><>) has spawned a first_aid_kit
L 11/29/2025 - 23:53:33: -------- Mapchange to c5m4_quarter --------
L 11/29/2025 - 23:53:37: [basecommands.smx] "Console<0><Console><Console>" changed cvar (cvar "sv_consistency") (value "0")
L 11/29/2025 - 23:53:37: [basecommands.smx] "Console<0><Console><Console>" changed cvar (cvar "sv_allow_lobby_connect_only") (value "0")
L 11/29/2025 - 23:53:37: [basecommands.smx] "Console<0><Console><Console>" changed cvar (cvar "sv_maxplayers") (value "8")
L 11/29/2025 - 23:53:37: [basecommands.smx] "Console<0><Console><Console>" changed cvar (cvar "sv_visiblemaxplayers") (value "-1")
L 11/29/2025 - 23:53:37: [chat-processor.smx] Message formats generated for game 'left4dead2'.
L 11/29/2025 - 23:53:37: [chat-processor.smx] Successfully hooked a SayText2 chat hook.
L 11/29/2025 - 23:55:13: [test_1.smx] "[T-T]MoY<2><STEAM_1:0:511491787><>" cambió la dificultad a impossible
L 11/30/2025 - 00:00:02: Log file closed.
