L 08/09/2025 - 14:26:49: SourceMod log file session started (file "e:\steamlibrary\steamapps\common\left 4 dead 2\left4dead2\addons\sourcemod\logs\L20250809.log") (Version "1.12.0.7207")
L 08/09/2025 - 14:26:49: [GEOIP] GeoIP2 database loaded: GeoLite2-ASN (2024-08-21 08:15:21 UTC) (e:\steamlibrary\steamapps\common\left 4 dead 2\left4dead2\addons\sourcemod\configs\geoip\GeoLite2-ASN.mmdb)
L 08/09/2025 - 14:26:49: [GEOIP] GeoIP2 supported languages: en
L 08/09/2025 - 14:26:49: [GEOIP] Your database is older than 90 days. You should consider downloading a newer version from e.g. https://dev.maxmind.com/geoip/geolite2-free-geolocation-data
L 08/09/2025 - 14:27:04: [basecommands.smx] "Console<0><Console><Console>" changed cvar (cvar "sv_consistency") (value "0")
L 08/09/2025 - 14:27:04: [basecommands.smx] "Console<0><Console><Console>" changed cvar (cvar "sv_allow_lobby_connect_only") (value "0")
L 08/09/2025 - 14:27:04: [basecommands.smx] "Console<0><Console><Console>" changed cvar (cvar "sv_maxplayers") (value "8")
L 08/09/2025 - 14:27:04: [basecommands.smx] "Console<0><Console><Console>" changed cvar (cvar "sv_visiblemaxplayers") (value "-1")
L 08/09/2025 - 14:28:09: -------- Mapchange to Glubtastic --------
L 08/09/2025 - 14:28:16: [basecommands.smx] "Console<0><Console><Console>" changed cvar (cvar "sv_consistency") (value "0")
L 08/09/2025 - 14:28:16: [basecommands.smx] "Console<0><Console><Console>" changed cvar (cvar "sv_allow_lobby_connect_only") (value "0")
L 08/09/2025 - 14:28:16: [basecommands.smx] "Console<0><Console><Console>" changed cvar (cvar "sv_maxplayers") (value "8")
L 08/09/2025 - 14:28:16: [basecommands.smx] "Console<0><Console><Console>" changed cvar (cvar "sv_visiblemaxplayers") (value "-1")
L 08/09/2025 - 14:37:47: [funvotes.smx] "[T-T]MoY<6><STEAM_1:0:511491787><>" initiated a slay vote against "Coach<7><BOT><>"
L 08/09/2025 - 14:37:52: [funvotes.smx] Vote slay successful, slaying "Coach<7><BOT><>"
L 08/09/2025 - 14:38:02: -------- Mapchange to Glubtastic_2 --------
L 08/09/2025 - 14:38:09: [basecommands.smx] "Console<0><Console><Console>" changed cvar (cvar "sv_consistency") (value "0")
L 08/09/2025 - 14:38:09: [basecommands.smx] "Console<0><Console><Console>" changed cvar (cvar "sv_allow_lobby_connect_only") (value "0")
L 08/09/2025 - 14:38:09: [basecommands.smx] "Console<0><Console><Console>" changed cvar (cvar "sv_maxplayers") (value "8")
L 08/09/2025 - 14:38:09: [basecommands.smx] "Console<0><Console><Console>" changed cvar (cvar "sv_visiblemaxplayers") (value "-1")
L 08/09/2025 - 14:45:03: -------- Mapchange to Glubtastic_3 --------
L 08/09/2025 - 14:45:10: [basecommands.smx] "Console<0><Console><Console>" changed cvar (cvar "sv_consistency") (value "0")
L 08/09/2025 - 14:45:10: [basecommands.smx] "Console<0><Console><Console>" changed cvar (cvar "sv_allow_lobby_connect_only") (value "0")
L 08/09/2025 - 14:45:10: [basecommands.smx] "Console<0><Console><Console>" changed cvar (cvar "sv_maxplayers") (value "8")
L 08/09/2025 - 14:45:10: [basecommands.smx] "Console<0><Console><Console>" changed cvar (cvar "sv_visiblemaxplayers") (value "-1")
L 08/09/2025 - 14:49:10: [basecommands.smx] "[T-T]MoY<6><STEAM_1:0:511491787><>" kicked "XSamX<67><STEAM_1:0:448917924><>" (reason "")
L 08/09/2025 - 14:51:42: [funcommands.smx] "[T-T]MoY<6><STEAM_1:0:511491787><>" toggled noclip on "[T-T]MoY<6><STEAM_1:0:511491787><>"
L 08/09/2025 - 14:51:48: [funcommands.smx] "[T-T]MoY<6><STEAM_1:0:511491787><>" toggled noclip on "[T-T]MoY<6><STEAM_1:0:511491787><>"
L 08/09/2025 - 14:52:36: -------- Mapchange to Glubtastic_4 --------
L 08/09/2025 - 14:52:43: [basecommands.smx] "Console<0><Console><Console>" changed cvar (cvar "sv_consistency") (value "0")
L 08/09/2025 - 14:52:43: [basecommands.smx] "Console<0><Console><Console>" changed cvar (cvar "sv_allow_lobby_connect_only") (value "0")
L 08/09/2025 - 14:52:43: [basecommands.smx] "Console<0><Console><Console>" changed cvar (cvar "sv_maxplayers") (value "8")
L 08/09/2025 - 14:52:43: [basecommands.smx] "Console<0><Console><Console>" changed cvar (cvar "sv_visiblemaxplayers") (value "-1")
L 08/09/2025 - 14:56:25: [playercommands.smx] "[T-T]MoY<6><STEAM_1:0:511491787><>" slayed "Jockey<111><BOT><>"
L 08/09/2025 - 14:56:25: [playercommands.smx] "[T-T]MoY<6><STEAM_1:0:511491787><>" slayed "Charger<112><BOT><>"
L 08/09/2025 - 14:56:27: [playercommands.smx] "[T-T]MoY<6><STEAM_1:0:511491787><>" slayed "Boomer<113><BOT><>"
L 08/09/2025 - 14:58:25: [playercommands.smx] "[T-T]MoY<6><STEAM_1:0:511491787><>" slayed "Tank<120><BOT><>"
L 08/09/2025 - 14:58:54: [playercommands.smx] "[T-T]MoY<6><STEAM_1:0:511491787><>" slayed "Boomer<130><BOT><>"
L 08/09/2025 - 14:58:54: [playercommands.smx] "[T-T]MoY<6><STEAM_1:0:511491787><>" slayed "Jockey<131><BOT><>"
L 08/09/2025 - 14:58:55: [playercommands.smx] "[T-T]MoY<6><STEAM_1:0:511491787><>" slayed "Charger<132><BOT><>"
L 08/09/2025 - 14:59:26: [funcommands.smx] "[T-T]MoY<6><STEAM_1:0:511491787><>" toggled noclip on "[T-T]MoY<6><STEAM_1:0:511491787><>"
L 08/09/2025 - 14:59:29: [funcommands.smx] "[T-T]MoY<6><STEAM_1:0:511491787><>" toggled noclip on "[T-T]MoY<6><STEAM_1:0:511491787><>"
L 08/09/2025 - 14:59:31: [funcommands.smx] "[T-T]MoY<6><STEAM_1:0:511491787><>" toggled noclip on "[T-T]MoY<6><STEAM_1:0:511491787><>"
L 08/09/2025 - 14:59:35: [funcommands.smx] "[T-T]MoY<6><STEAM_1:0:511491787><>" toggled noclip on "[T-T]MoY<6><STEAM_1:0:511491787><>"
L 08/09/2025 - 15:00:06: [funcommands.smx] "[T-T]MoY<6><STEAM_1:0:511491787><>" toggled noclip on "[T-T]MoY<6><STEAM_1:0:511491787><>"
L 08/09/2025 - 15:00:15: [funcommands.smx] "[T-T]MoY<6><STEAM_1:0:511491787><>" toggled noclip on "[T-T]MoY<6><STEAM_1:0:511491787><>"
L 08/09/2025 - 15:00:38: [playercommands.smx] "[T-T]MoY<6><STEAM_1:0:511491787><>" slayed "Ellis<98><BOT><>"
L 08/09/2025 - 15:00:39: [playercommands.smx] "[T-T]MoY<6><STEAM_1:0:511491787><>" slayed "Coach<100><BOT><>"
L 08/09/2025 - 15:00:50: -------- Mapchange to Glubtastic_5 --------
L 08/09/2025 - 15:00:57: [basecommands.smx] "Console<0><Console><Console>" changed cvar (cvar "sv_consistency") (value "0")
L 08/09/2025 - 15:00:57: [basecommands.smx] "Console<0><Console><Console>" changed cvar (cvar "sv_allow_lobby_connect_only") (value "0")
L 08/09/2025 - 15:00:57: [basecommands.smx] "Console<0><Console><Console>" changed cvar (cvar "sv_maxplayers") (value "8")
L 08/09/2025 - 15:00:57: [basecommands.smx] "Console<0><Console><Console>" changed cvar (cvar "sv_visiblemaxplayers") (value "-1")
L 08/09/2025 - 15:06:11: [playercommands.smx] "[T-T]MoY<6><STEAM_1:0:511491787><>" slayed "Charger<147><BOT><>"
L 08/09/2025 - 15:21:39: [playercommands.smx] "[T-T]MoY<6><STEAM_1:0:511491787><>" slayed "Charger<198><BOT><>"
L 08/09/2025 - 15:21:56: [l4d_sm_respawn.smx] "[T-T]MoY<6><STEAM_1:0:511491787><>" teleported "Quesadillas<160><STEAM_1:1:783581749><>" after respawning him
L 08/09/2025 - 15:22:02: [l4d_sm_respawn.smx] "[T-T]MoY<6><STEAM_1:0:511491787><>" teleported "seba_d_gol<181><STEAM_1:0:616204517><>" after respawning him
L 08/09/2025 - 15:22:06: [l4d_sm_respawn.smx] "[T-T]MoY<6><STEAM_1:0:511491787><>" teleported "gabrielpacifico12<176><STEAM_1:0:542815818><>" after respawning him
L 08/09/2025 - 15:22:12: [l4d_sm_respawn.smx] "[T-T]MoY<6><STEAM_1:0:511491787><>" teleported "[T-T]MoY<6><STEAM_1:0:511491787><>" after respawning him
L 08/09/2025 - 15:26:52: -------- Mapchange to Glubtastic2_1 --------
L 08/09/2025 - 15:26:59: [basecommands.smx] "Console<0><Console><Console>" changed cvar (cvar "sv_consistency") (value "0")
L 08/09/2025 - 15:26:59: [basecommands.smx] "Console<0><Console><Console>" changed cvar (cvar "sv_allow_lobby_connect_only") (value "0")
L 08/09/2025 - 15:26:59: [basecommands.smx] "Console<0><Console><Console>" changed cvar (cvar "sv_maxplayers") (value "8")
L 08/09/2025 - 15:26:59: [basecommands.smx] "Console<0><Console><Console>" changed cvar (cvar "sv_visiblemaxplayers") (value "-1")
L 08/09/2025 - 15:37:03: Log file closed.
L 08/09/2025 - 18:32:47: SourceMod log file session started (file "e:\steamlibrary\steamapps\common\left 4 dead 2\left4dead2\addons\sourcemod\logs\L20250809.log") (Version "1.12.0.7207")
L 08/09/2025 - 18:32:47: [GEOIP] GeoIP2 database loaded: GeoLite2-ASN (2024-08-21 08:15:21 UTC) (e:\steamlibrary\steamapps\common\left 4 dead 2\left4dead2\addons\sourcemod\configs\geoip\GeoLite2-ASN.mmdb)
L 08/09/2025 - 18:32:47: [GEOIP] GeoIP2 supported languages: en
L 08/09/2025 - 18:32:47: [GEOIP] Your database is older than 90 days. You should consider downloading a newer version from e.g. https://dev.maxmind.com/geoip/geolite2-free-geolocation-data
L 08/09/2025 - 18:33:02: [basecommands.smx] "Console<0><Console><Console>" changed cvar (cvar "sv_consistency") (value "0")
L 08/09/2025 - 18:33:02: [basecommands.smx] "Console<0><Console><Console>" changed cvar (cvar "sv_allow_lobby_connect_only") (value "0")
L 08/09/2025 - 18:33:02: [basecommands.smx] "Console<0><Console><Console>" changed cvar (cvar "sv_maxplayers") (value "8")
L 08/09/2025 - 18:33:02: [basecommands.smx] "Console<0><Console><Console>" changed cvar (cvar "sv_visiblemaxplayers") (value "-1")
L 08/09/2025 - 18:33:42: [basecommands.smx] "[T-T]MoY<2><STEAM_1:0:511491787><>" changed cvar (cvar "sv_gravity") (value "200")
L 08/09/2025 - 18:36:35: -------- Mapchange to c1m1_hotel --------
L 08/09/2025 - 18:36:43: [basecommands.smx] "Console<0><Console><Console>" changed cvar (cvar "sv_consistency") (value "0")
L 08/09/2025 - 18:36:43: [basecommands.smx] "Console<0><Console><Console>" changed cvar (cvar "sv_allow_lobby_connect_only") (value "0")
L 08/09/2025 - 18:36:43: [basecommands.smx] "Console<0><Console><Console>" changed cvar (cvar "sv_maxplayers") (value "8")
L 08/09/2025 - 18:36:43: [basecommands.smx] "Console<0><Console><Console>" changed cvar (cvar "sv_visiblemaxplayers") (value "-1")
L 08/09/2025 - 18:44:46: -------- Mapchange to Glubtastic2_1 --------
L 08/09/2025 - 18:44:53: [basecommands.smx] "Console<0><Console><Console>" changed cvar (cvar "sv_consistency") (value "0")
L 08/09/2025 - 18:44:53: [basecommands.smx] "Console<0><Console><Console>" changed cvar (cvar "sv_allow_lobby_connect_only") (value "0")
L 08/09/2025 - 18:44:53: [basecommands.smx] "Console<0><Console><Console>" changed cvar (cvar "sv_maxplayers") (value "8")
L 08/09/2025 - 18:44:53: [basecommands.smx] "Console<0><Console><Console>" changed cvar (cvar "sv_visiblemaxplayers") (value "-1")
L 08/09/2025 - 18:46:05: [funvotes.smx] "[T-T]MoY<20><STEAM_1:0:511491787><>" initiated a gravity vote.
L 08/09/2025 - 18:46:07: [funvotes.smx] Changing gravity to 400 due to vote.
L 08/09/2025 - 18:46:27: [basecommands.smx] "[T-T]MoY<20><STEAM_1:0:511491787><>" changed cvar (cvar "sv_gravity") (value "800")
L 08/09/2025 - 18:48:07: Log file closed.
L 08/09/2025 - 20:15:53: SourceMod log file session started (file "e:\steamlibrary\steamapps\common\left 4 dead 2\left4dead2\addons\sourcemod\logs\L20250809.log") (Version "1.12.0.7207")
L 08/09/2025 - 20:15:53: [GEOIP] GeoIP2 database loaded: GeoLite2-ASN (2024-08-21 08:15:21 UTC) (e:\steamlibrary\steamapps\common\left 4 dead 2\left4dead2\addons\sourcemod\configs\geoip\GeoLite2-ASN.mmdb)
L 08/09/2025 - 20:15:53: [GEOIP] GeoIP2 supported languages: en
L 08/09/2025 - 20:15:53: [GEOIP] Your database is older than 90 days. You should consider downloading a newer version from e.g. https://dev.maxmind.com/geoip/geolite2-free-geolocation-data
L 08/09/2025 - 20:16:08: [basecommands.smx] "Console<0><Console><Console>" changed cvar (cvar "sv_consistency") (value "0")
L 08/09/2025 - 20:16:08: [basecommands.smx] "Console<0><Console><Console>" changed cvar (cvar "sv_allow_lobby_connect_only") (value "0")
L 08/09/2025 - 20:16:08: [basecommands.smx] "Console<0><Console><Console>" changed cvar (cvar "sv_maxplayers") (value "8")
L 08/09/2025 - 20:16:08: [basecommands.smx] "Console<0><Console><Console>" changed cvar (cvar "sv_visiblemaxplayers") (value "-1")
L 08/09/2025 - 20:17:05: [basecommands.smx] "[T-T]MoY<2><STEAM_1:0:511491787><>" changed cvar (cvar "sv_gravity") (value "200")
L 08/09/2025 - 20:22:35: -------- Mapchange to c1m2_streets --------
L 08/09/2025 - 20:22:42: [basecommands.smx] "Console<0><Console><Console>" changed cvar (cvar "sv_consistency") (value "0")
L 08/09/2025 - 20:22:42: [basecommands.smx] "Console<0><Console><Console>" changed cvar (cvar "sv_allow_lobby_connect_only") (value "0")
L 08/09/2025 - 20:22:42: [basecommands.smx] "Console<0><Console><Console>" changed cvar (cvar "sv_maxplayers") (value "8")
L 08/09/2025 - 20:22:42: [basecommands.smx] "Console<0><Console><Console>" changed cvar (cvar "sv_visiblemaxplayers") (value "-1")
L 08/09/2025 - 20:42:17: [basecommands.smx] "[T-T]MoY<2><STEAM_1:0:511491787><>" kicked "PP_jake<101><STEAM_1:0:921486326><>" (reason "")
L 08/09/2025 - 20:51:13: -------- Mapchange to c1m3_mall --------
L 08/09/2025 - 20:51:20: [basecommands.smx] "Console<0><Console><Console>" changed cvar (cvar "sv_consistency") (value "0")
L 08/09/2025 - 20:51:20: [basecommands.smx] "Console<0><Console><Console>" changed cvar (cvar "sv_allow_lobby_connect_only") (value "0")
L 08/09/2025 - 20:51:20: [basecommands.smx] "Console<0><Console><Console>" changed cvar (cvar "sv_maxplayers") (value "8")
L 08/09/2025 - 20:51:20: [basecommands.smx] "Console<0><Console><Console>" changed cvar (cvar "sv_visiblemaxplayers") (value "-1")
L 08/09/2025 - 20:59:47: -------- Mapchange to c1m4_atrium --------
L 08/09/2025 - 20:59:54: [basecommands.smx] "Console<0><Console><Console>" changed cvar (cvar "sv_consistency") (value "0")
L 08/09/2025 - 20:59:54: [basecommands.smx] "Console<0><Console><Console>" changed cvar (cvar "sv_allow_lobby_connect_only") (value "0")
L 08/09/2025 - 20:59:54: [basecommands.smx] "Console<0><Console><Console>" changed cvar (cvar "sv_maxplayers") (value "8")
L 08/09/2025 - 20:59:54: [basecommands.smx] "Console<0><Console><Console>" changed cvar (cvar "sv_visiblemaxplayers") (value "-1")
L 08/09/2025 - 21:01:50: -------- Mapchange to c2m1_highway --------
L 08/09/2025 - 21:01:57: [basecommands.smx] "Console<0><Console><Console>" changed cvar (cvar "sv_consistency") (value "0")
L 08/09/2025 - 21:01:57: [basecommands.smx] "Console<0><Console><Console>" changed cvar (cvar "sv_allow_lobby_connect_only") (value "0")
L 08/09/2025 - 21:01:57: [basecommands.smx] "Console<0><Console><Console>" changed cvar (cvar "sv_maxplayers") (value "8")
L 08/09/2025 - 21:01:57: [basecommands.smx] "Console<0><Console><Console>" changed cvar (cvar "sv_visiblemaxplayers") (value "-1")
L 08/09/2025 - 21:05:21: -------- Mapchange to c2m2_fairgrounds --------
L 08/09/2025 - 21:05:28: [basecommands.smx] "Console<0><Console><Console>" changed cvar (cvar "sv_consistency") (value "0")
L 08/09/2025 - 21:05:28: [basecommands.smx] "Console<0><Console><Console>" changed cvar (cvar "sv_allow_lobby_connect_only") (value "0")
L 08/09/2025 - 21:05:28: [basecommands.smx] "Console<0><Console><Console>" changed cvar (cvar "sv_maxplayers") (value "8")
L 08/09/2025 - 21:05:28: [basecommands.smx] "Console<0><Console><Console>" changed cvar (cvar "sv_visiblemaxplayers") (value "-1")
L 08/09/2025 - 21:08:24: -------- Mapchange to c2m3_coaster --------
L 08/09/2025 - 21:08:31: [basecommands.smx] "Console<0><Console><Console>" changed cvar (cvar "sv_consistency") (value "0")
L 08/09/2025 - 21:08:31: [basecommands.smx] "Console<0><Console><Console>" changed cvar (cvar "sv_allow_lobby_connect_only") (value "0")
L 08/09/2025 - 21:08:31: [basecommands.smx] "Console<0><Console><Console>" changed cvar (cvar "sv_maxplayers") (value "8")
L 08/09/2025 - 21:08:31: [basecommands.smx] "Console<0><Console><Console>" changed cvar (cvar "sv_visiblemaxplayers") (value "-1")
L 08/09/2025 - 21:10:34: [playercommands.smx] "[T-T]MoY<2><STEAM_1:0:511491787><>" slayed "FrenchFries12<227><STEAM_1:1:446795208><>"
L 08/09/2025 - 21:17:40: -------- Mapchange to c2m4_barns --------
L 08/09/2025 - 21:17:47: [basecommands.smx] "Console<0><Console><Console>" changed cvar (cvar "sv_consistency") (value "0")
L 08/09/2025 - 21:17:47: [basecommands.smx] "Console<0><Console><Console>" changed cvar (cvar "sv_allow_lobby_connect_only") (value "0")
L 08/09/2025 - 21:17:47: [basecommands.smx] "Console<0><Console><Console>" changed cvar (cvar "sv_maxplayers") (value "8")
L 08/09/2025 - 21:17:47: [basecommands.smx] "Console<0><Console><Console>" changed cvar (cvar "sv_visiblemaxplayers") (value "-1")
L 08/09/2025 - 21:23:02: -------- Mapchange to c2m5_concert --------
L 08/09/2025 - 21:23:09: [basecommands.smx] "Console<0><Console><Console>" changed cvar (cvar "sv_consistency") (value "0")
L 08/09/2025 - 21:23:09: [basecommands.smx] "Console<0><Console><Console>" changed cvar (cvar "sv_allow_lobby_connect_only") (value "0")
L 08/09/2025 - 21:23:09: [basecommands.smx] "Console<0><Console><Console>" changed cvar (cvar "sv_maxplayers") (value "8")
L 08/09/2025 - 21:23:09: [basecommands.smx] "Console<0><Console><Console>" changed cvar (cvar "sv_visiblemaxplayers") (value "-1")
L 08/09/2025 - 21:23:59: [playercommands.smx] "[T-T]MoY<2><STEAM_1:0:511491787><>" slayed "[T-T]MoY<2><STEAM_1:0:511491787><>"
L 08/09/2025 - 21:24:00: [playercommands.smx] "[T-T]MoY<2><STEAM_1:0:511491787><>" slayed "coca cola espuma<9><STEAM_1:1:642356345><>"
L 08/09/2025 - 21:24:00: [playercommands.smx] "[T-T]MoY<2><STEAM_1:0:511491787><>" slayed "Vdm322<226><STEAM_1:1:933729993><>"
L 08/09/2025 - 21:24:27: -------- Mapchange to c5m1_waterfront --------
L 08/09/2025 - 21:24:34: [basecommands.smx] "Console<0><Console><Console>" changed cvar (cvar "sv_consistency") (value "0")
L 08/09/2025 - 21:24:34: [basecommands.smx] "Console<0><Console><Console>" changed cvar (cvar "sv_allow_lobby_connect_only") (value "0")
L 08/09/2025 - 21:24:34: [basecommands.smx] "Console<0><Console><Console>" changed cvar (cvar "sv_maxplayers") (value "8")
L 08/09/2025 - 21:24:34: [basecommands.smx] "Console<0><Console><Console>" changed cvar (cvar "sv_visiblemaxplayers") (value "-1")
L 08/09/2025 - 21:26:31: -------- Mapchange to c5m2_park --------
L 08/09/2025 - 21:26:38: [basecommands.smx] "Console<0><Console><Console>" changed cvar (cvar "sv_consistency") (value "0")
L 08/09/2025 - 21:26:38: [basecommands.smx] "Console<0><Console><Console>" changed cvar (cvar "sv_allow_lobby_connect_only") (value "0")
L 08/09/2025 - 21:26:38: [basecommands.smx] "Console<0><Console><Console>" changed cvar (cvar "sv_maxplayers") (value "8")
L 08/09/2025 - 21:26:38: [basecommands.smx] "Console<0><Console><Console>" changed cvar (cvar "sv_visiblemaxplayers") (value "-1")
L 08/09/2025 - 21:29:10: [basebans.smx] "[T-T]MoY<2><STEAM_1:0:511491787><>" banned "FrenchFries12<294><STEAM_1:1:446795208><>" (minutes "0") (reason "por joto y gay  por eso te baneo ")
L 08/09/2025 - 21:37:10: [playercommands.smx] "[T-T]MoY<2><STEAM_1:0:511491787><>" slayed "Tank<336><BOT><>"
L 08/09/2025 - 21:37:11: [playercommands.smx] "[T-T]MoY<2><STEAM_1:0:511491787><>" slayed "(1)Tank<337><BOT><>"
L 08/09/2025 - 21:37:11: [playercommands.smx] "[T-T]MoY<2><STEAM_1:0:511491787><>" slayed "(2)Tank<338><BOT><>"
L 08/09/2025 - 21:37:11: [playercommands.smx] "[T-T]MoY<2><STEAM_1:0:511491787><>" slayed "(3)Tank<339><BOT><>"
L 08/09/2025 - 21:37:11: [playercommands.smx] "[T-T]MoY<2><STEAM_1:0:511491787><>" slayed "coca cola espuma<296><STEAM_1:1:642356345><>"
L 08/09/2025 - 21:37:11: [playercommands.smx] "[T-T]MoY<2><STEAM_1:0:511491787><>" slayed "Vdm322<226><STEAM_1:1:933729993><>"
L 08/09/2025 - 21:44:20: -------- Mapchange to c5m3_cemetery --------
L 08/09/2025 - 21:44:28: [basecommands.smx] "Console<0><Console><Console>" changed cvar (cvar "sv_consistency") (value "0")
L 08/09/2025 - 21:44:28: [basecommands.smx] "Console<0><Console><Console>" changed cvar (cvar "sv_allow_lobby_connect_only") (value "0")
L 08/09/2025 - 21:44:28: [basecommands.smx] "Console<0><Console><Console>" changed cvar (cvar "sv_maxplayers") (value "8")
L 08/09/2025 - 21:44:28: [basecommands.smx] "Console<0><Console><Console>" changed cvar (cvar "sv_visiblemaxplayers") (value "-1")
L 08/09/2025 - 21:54:29: -------- Mapchange to c5m4_quarter --------
L 08/09/2025 - 21:54:36: [basecommands.smx] "Console<0><Console><Console>" changed cvar (cvar "sv_consistency") (value "0")
L 08/09/2025 - 21:54:36: [basecommands.smx] "Console<0><Console><Console>" changed cvar (cvar "sv_allow_lobby_connect_only") (value "0")
L 08/09/2025 - 21:54:36: [basecommands.smx] "Console<0><Console><Console>" changed cvar (cvar "sv_maxplayers") (value "8")
L 08/09/2025 - 21:54:36: [basecommands.smx] "Console<0><Console><Console>" changed cvar (cvar "sv_visiblemaxplayers") (value "-1")
L 08/09/2025 - 21:57:45: -------- Mapchange to c5m5_bridge --------
L 08/09/2025 - 21:57:53: [basecommands.smx] "Console<0><Console><Console>" changed cvar (cvar "sv_consistency") (value "0")
L 08/09/2025 - 21:57:53: [basecommands.smx] "Console<0><Console><Console>" changed cvar (cvar "sv_allow_lobby_connect_only") (value "0")
L 08/09/2025 - 21:57:53: [basecommands.smx] "Console<0><Console><Console>" changed cvar (cvar "sv_maxplayers") (value "8")
L 08/09/2025 - 21:57:53: [basecommands.smx] "Console<0><Console><Console>" changed cvar (cvar "sv_visiblemaxplayers") (value "-1")
L 08/09/2025 - 21:59:21: [playercommands.smx] "[T-T]MoY<2><STEAM_1:0:511491787><>" slayed "SimioMAn<397><STEAM_1:0:926225070><>"
L 08/09/2025 - 21:59:21: [playercommands.smx] "[T-T]MoY<2><STEAM_1:0:511491787><>" slayed "señor pastor<346><STEAM_1:1:930181989><>"
L 08/09/2025 - 21:59:21: [playercommands.smx] "[T-T]MoY<2><STEAM_1:0:511491787><>" slayed "coca cola espuma<296><STEAM_1:1:642356345><>"
L 08/09/2025 - 21:59:21: [playercommands.smx] "[T-T]MoY<2><STEAM_1:0:511491787><>" slayed "Vdm322<226><STEAM_1:1:933729993><>"
L 08/09/2025 - 21:59:39: [basebans.smx] "[T-T]MoY<2><STEAM_1:0:511491787><>" banned "SimioMAn<397><STEAM_1:0:926225070><>" (minutes "0") (reason "guera mierda")
L 08/09/2025 - 22:02:55: -------- Mapchange to c10m1_caves --------
L 08/09/2025 - 22:03:02: [basecommands.smx] "Console<0><Console><Console>" changed cvar (cvar "sv_consistency") (value "0")
L 08/09/2025 - 22:03:02: [basecommands.smx] "Console<0><Console><Console>" changed cvar (cvar "sv_allow_lobby_connect_only") (value "0")
L 08/09/2025 - 22:03:02: [basecommands.smx] "Console<0><Console><Console>" changed cvar (cvar "sv_maxplayers") (value "8")
L 08/09/2025 - 22:03:02: [basecommands.smx] "Console<0><Console><Console>" changed cvar (cvar "sv_visiblemaxplayers") (value "-1")
L 08/09/2025 - 22:06:03: -------- Mapchange to c10m2_drainage --------
L 08/09/2025 - 22:06:10: [basecommands.smx] "Console<0><Console><Console>" changed cvar (cvar "sv_consistency") (value "0")
L 08/09/2025 - 22:06:10: [basecommands.smx] "Console<0><Console><Console>" changed cvar (cvar "sv_allow_lobby_connect_only") (value "0")
L 08/09/2025 - 22:06:10: [basecommands.smx] "Console<0><Console><Console>" changed cvar (cvar "sv_maxplayers") (value "8")
L 08/09/2025 - 22:06:10: [basecommands.smx] "Console<0><Console><Console>" changed cvar (cvar "sv_visiblemaxplayers") (value "-1")
L 08/09/2025 - 22:09:11: -------- Mapchange to c10m3_ranchhouse --------
L 08/09/2025 - 22:09:19: [basecommands.smx] "Console<0><Console><Console>" changed cvar (cvar "sv_consistency") (value "0")
L 08/09/2025 - 22:09:19: [basecommands.smx] "Console<0><Console><Console>" changed cvar (cvar "sv_allow_lobby_connect_only") (value "0")
L 08/09/2025 - 22:09:19: [basecommands.smx] "Console<0><Console><Console>" changed cvar (cvar "sv_maxplayers") (value "8")
L 08/09/2025 - 22:09:19: [basecommands.smx] "Console<0><Console><Console>" changed cvar (cvar "sv_visiblemaxplayers") (value "-1")
L 08/09/2025 - 22:14:11: -------- Mapchange to c10m4_mainstreet --------
L 08/09/2025 - 22:14:19: [basecommands.smx] "Console<0><Console><Console>" changed cvar (cvar "sv_consistency") (value "0")
L 08/09/2025 - 22:14:19: [basecommands.smx] "Console<0><Console><Console>" changed cvar (cvar "sv_allow_lobby_connect_only") (value "0")
L 08/09/2025 - 22:14:19: [basecommands.smx] "Console<0><Console><Console>" changed cvar (cvar "sv_maxplayers") (value "8")
L 08/09/2025 - 22:14:19: [basecommands.smx] "Console<0><Console><Console>" changed cvar (cvar "sv_visiblemaxplayers") (value "-1")
L 08/09/2025 - 22:17:40: -------- Mapchange to c10m5_houseboat --------
L 08/09/2025 - 22:17:47: [basecommands.smx] "Console<0><Console><Console>" changed cvar (cvar "sv_consistency") (value "0")
L 08/09/2025 - 22:17:47: [basecommands.smx] "Console<0><Console><Console>" changed cvar (cvar "sv_allow_lobby_connect_only") (value "0")
L 08/09/2025 - 22:17:47: [basecommands.smx] "Console<0><Console><Console>" changed cvar (cvar "sv_maxplayers") (value "8")
L 08/09/2025 - 22:17:47: [basecommands.smx] "Console<0><Console><Console>" changed cvar (cvar "sv_visiblemaxplayers") (value "-1")
L 08/09/2025 - 22:22:13: -------- Mapchange to bwm1_climb --------
L 08/09/2025 - 22:22:20: [basecommands.smx] "Console<0><Console><Console>" changed cvar (cvar "sv_consistency") (value "0")
L 08/09/2025 - 22:22:20: [basecommands.smx] "Console<0><Console><Console>" changed cvar (cvar "sv_allow_lobby_connect_only") (value "0")
L 08/09/2025 - 22:22:20: [basecommands.smx] "Console<0><Console><Console>" changed cvar (cvar "sv_maxplayers") (value "8")
L 08/09/2025 - 22:22:20: [basecommands.smx] "Console<0><Console><Console>" changed cvar (cvar "sv_visiblemaxplayers") (value "-1")
L 08/09/2025 - 22:26:03: -------- Mapchange to bwm2_city --------
L 08/09/2025 - 22:26:10: [basecommands.smx] "Console<0><Console><Console>" changed cvar (cvar "sv_consistency") (value "0")
L 08/09/2025 - 22:26:10: [basecommands.smx] "Console<0><Console><Console>" changed cvar (cvar "sv_allow_lobby_connect_only") (value "0")
L 08/09/2025 - 22:26:10: [basecommands.smx] "Console<0><Console><Console>" changed cvar (cvar "sv_maxplayers") (value "8")
L 08/09/2025 - 22:26:10: [basecommands.smx] "Console<0><Console><Console>" changed cvar (cvar "sv_visiblemaxplayers") (value "-1")
L 08/09/2025 - 22:36:03: [l4d_sm_respawn.smx] "[T-T]MoY<506><STEAM_1:0:511491787><>" teleported "B.<521><STEAM_1:0:753539458><>" after respawning him
L 08/09/2025 - 22:41:50: -------- Mapchange to bwm3_forest --------
L 08/09/2025 - 22:42:03: [basecommands.smx] "Console<0><Console><Console>" changed cvar (cvar "sv_consistency") (value "0")
L 08/09/2025 - 22:42:03: [basecommands.smx] "Console<0><Console><Console>" changed cvar (cvar "sv_allow_lobby_connect_only") (value "0")
L 08/09/2025 - 22:42:03: [basecommands.smx] "Console<0><Console><Console>" changed cvar (cvar "sv_maxplayers") (value "8")
L 08/09/2025 - 22:42:03: [basecommands.smx] "Console<0><Console><Console>" changed cvar (cvar "sv_visiblemaxplayers") (value "-1")
L 08/09/2025 - 22:47:01: [basecomm.smx] "[T-T]MoY<506><STEAM_1:0:511491787><>" muted "coca cola espuma<595><STEAM_1:1:642356345><>"
L 08/09/2025 - 22:48:13: -------- Mapchange to bwm4_rooftops --------
L 08/09/2025 - 22:48:20: [basecommands.smx] "Console<0><Console><Console>" changed cvar (cvar "sv_consistency") (value "0")
L 08/09/2025 - 22:48:20: [basecommands.smx] "Console<0><Console><Console>" changed cvar (cvar "sv_allow_lobby_connect_only") (value "0")
L 08/09/2025 - 22:48:20: [basecommands.smx] "Console<0><Console><Console>" changed cvar (cvar "sv_maxplayers") (value "8")
L 08/09/2025 - 22:48:20: [basecommands.smx] "Console<0><Console><Console>" changed cvar (cvar "sv_visiblemaxplayers") (value "-1")
L 08/09/2025 - 22:53:20: -------- Mapchange to bwm5_bridge --------
L 08/09/2025 - 22:53:27: [basecommands.smx] "Console<0><Console><Console>" changed cvar (cvar "sv_consistency") (value "0")
L 08/09/2025 - 22:53:27: [basecommands.smx] "Console<0><Console><Console>" changed cvar (cvar "sv_allow_lobby_connect_only") (value "0")
L 08/09/2025 - 22:53:27: [basecommands.smx] "Console<0><Console><Console>" changed cvar (cvar "sv_maxplayers") (value "8")
L 08/09/2025 - 22:53:27: [basecommands.smx] "Console<0><Console><Console>" changed cvar (cvar "sv_visiblemaxplayers") (value "-1")
L 08/09/2025 - 22:56:17: [basebans.smx] "[T-T]MoY<506><STEAM_1:0:511491787><>" banned "Riko-Chan<619><STEAM_1:1:532600634><>" (minutes "10") (reason "por favor cambia el comportamiento no es para que este todo el rato matando ")
L 08/09/2025 - 23:00:15: -------- Mapchange to C1_mario1_1 --------
L 08/09/2025 - 23:00:23: [basecommands.smx] "Console<0><Console><Console>" changed cvar (cvar "sv_consistency") (value "0")
L 08/09/2025 - 23:00:23: [basecommands.smx] "Console<0><Console><Console>" changed cvar (cvar "sv_allow_lobby_connect_only") (value "0")
L 08/09/2025 - 23:00:23: [basecommands.smx] "Console<0><Console><Console>" changed cvar (cvar "sv_maxplayers") (value "8")
L 08/09/2025 - 23:00:23: [basecommands.smx] "Console<0><Console><Console>" changed cvar (cvar "sv_visiblemaxplayers") (value "-1")
L 08/09/2025 - 23:03:18: -------- Mapchange to C1_mario1_2 --------
L 08/09/2025 - 23:03:25: [basecommands.smx] "Console<0><Console><Console>" changed cvar (cvar "sv_consistency") (value "0")
L 08/09/2025 - 23:03:25: [basecommands.smx] "Console<0><Console><Console>" changed cvar (cvar "sv_allow_lobby_connect_only") (value "0")
L 08/09/2025 - 23:03:25: [basecommands.smx] "Console<0><Console><Console>" changed cvar (cvar "sv_maxplayers") (value "8")
L 08/09/2025 - 23:03:25: [basecommands.smx] "Console<0><Console><Console>" changed cvar (cvar "sv_visiblemaxplayers") (value "-1")
L 08/09/2025 - 23:06:56: -------- Mapchange to C1_mario1_3 --------
L 08/09/2025 - 23:07:03: [basecommands.smx] "Console<0><Console><Console>" changed cvar (cvar "sv_consistency") (value "0")
L 08/09/2025 - 23:07:03: [basecommands.smx] "Console<0><Console><Console>" changed cvar (cvar "sv_allow_lobby_connect_only") (value "0")
L 08/09/2025 - 23:07:03: [basecommands.smx] "Console<0><Console><Console>" changed cvar (cvar "sv_maxplayers") (value "8")
L 08/09/2025 - 23:07:03: [basecommands.smx] "Console<0><Console><Console>" changed cvar (cvar "sv_visiblemaxplayers") (value "-1")
L 08/09/2025 - 23:08:18: [basevotes.smx] "[T-T]MoY<667><STEAM_1:0:511491787><>" initiated a generic vote (question "es verdad que rikochan esta matando sin razon?" / answers "Yes" "No").
L 08/09/2025 - 23:08:38: [basevotes.smx] Vote successful. (Received "67" of 3 votes)
L 08/09/2025 - 23:08:38: [basevotes.smx] The answer to es verdad que rikochan esta matando sin razon? is: Yes.
L 08/09/2025 - 23:12:16: -------- Mapchange to C1_mario1_4 --------
L 08/09/2025 - 23:12:23: [basecommands.smx] "Console<0><Console><Console>" changed cvar (cvar "sv_consistency") (value "0")
L 08/09/2025 - 23:12:23: [basecommands.smx] "Console<0><Console><Console>" changed cvar (cvar "sv_allow_lobby_connect_only") (value "0")
L 08/09/2025 - 23:12:23: [basecommands.smx] "Console<0><Console><Console>" changed cvar (cvar "sv_maxplayers") (value "8")
L 08/09/2025 - 23:12:23: [basecommands.smx] "Console<0><Console><Console>" changed cvar (cvar "sv_visiblemaxplayers") (value "-1")
L 08/09/2025 - 23:13:26: [playercommands.smx] "[T-T]MoY<667><STEAM_1:0:511491787><>" slayed "coca cola espuma<669><STEAM_1:1:642356345><>"
L 08/09/2025 - 23:13:27: [playercommands.smx] "[T-T]MoY<667><STEAM_1:0:511491787><>" slayed "Bill<728><BOT><>"
L 08/09/2025 - 23:18:31: -------- Mapchange to c1m1_hotel --------
L 08/09/2025 - 23:18:38: [basecommands.smx] "Console<0><Console><Console>" changed cvar (cvar "sv_consistency") (value "0")
L 08/09/2025 - 23:18:38: [basecommands.smx] "Console<0><Console><Console>" changed cvar (cvar "sv_allow_lobby_connect_only") (value "0")
L 08/09/2025 - 23:18:38: [basecommands.smx] "Console<0><Console><Console>" changed cvar (cvar "sv_maxplayers") (value "8")
L 08/09/2025 - 23:18:38: [basecommands.smx] "Console<0><Console><Console>" changed cvar (cvar "sv_visiblemaxplayers") (value "-1")
L 08/09/2025 - 23:28:31: -------- Mapchange to c1m2_streets --------
L 08/09/2025 - 23:28:39: [basecommands.smx] "Console<0><Console><Console>" changed cvar (cvar "sv_consistency") (value "0")
L 08/09/2025 - 23:28:39: [basecommands.smx] "Console<0><Console><Console>" changed cvar (cvar "sv_allow_lobby_connect_only") (value "0")
L 08/09/2025 - 23:28:39: [basecommands.smx] "Console<0><Console><Console>" changed cvar (cvar "sv_maxplayers") (value "8")
L 08/09/2025 - 23:28:39: [basecommands.smx] "Console<0><Console><Console>" changed cvar (cvar "sv_visiblemaxplayers") (value "-1")
L 08/09/2025 - 23:37:59: -------- Mapchange to c1m3_mall --------
L 08/09/2025 - 23:38:06: [basecommands.smx] "Console<0><Console><Console>" changed cvar (cvar "sv_consistency") (value "0")
L 08/09/2025 - 23:38:06: [basecommands.smx] "Console<0><Console><Console>" changed cvar (cvar "sv_allow_lobby_connect_only") (value "0")
L 08/09/2025 - 23:38:06: [basecommands.smx] "Console<0><Console><Console>" changed cvar (cvar "sv_maxplayers") (value "8")
L 08/09/2025 - 23:38:06: [basecommands.smx] "Console<0><Console><Console>" changed cvar (cvar "sv_visiblemaxplayers") (value "-1")
L 08/09/2025 - 23:42:19: -------- Mapchange to c1m4_atrium --------
L 08/09/2025 - 23:42:26: [basecommands.smx] "Console<0><Console><Console>" changed cvar (cvar "sv_consistency") (value "0")
L 08/09/2025 - 23:42:26: [basecommands.smx] "Console<0><Console><Console>" changed cvar (cvar "sv_allow_lobby_connect_only") (value "0")
L 08/09/2025 - 23:42:26: [basecommands.smx] "Console<0><Console><Console>" changed cvar (cvar "sv_maxplayers") (value "8")
L 08/09/2025 - 23:42:26: [basecommands.smx] "Console<0><Console><Console>" changed cvar (cvar "sv_visiblemaxplayers") (value "-1")
L 08/09/2025 - 23:43:50: -------- Mapchange to c13m1_alpinecreek --------
L 08/09/2025 - 23:43:57: [basecommands.smx] "Console<0><Console><Console>" changed cvar (cvar "sv_consistency") (value "0")
L 08/09/2025 - 23:43:57: [basecommands.smx] "Console<0><Console><Console>" changed cvar (cvar "sv_allow_lobby_connect_only") (value "0")
L 08/09/2025 - 23:43:57: [basecommands.smx] "Console<0><Console><Console>" changed cvar (cvar "sv_maxplayers") (value "8")
L 08/09/2025 - 23:43:57: [basecommands.smx] "Console<0><Console><Console>" changed cvar (cvar "sv_visiblemaxplayers") (value "-1")
L 08/09/2025 - 23:47:24: -------- Mapchange to c13m2_southpinestream --------
L 08/09/2025 - 23:47:31: [basecommands.smx] "Console<0><Console><Console>" changed cvar (cvar "sv_consistency") (value "0")
L 08/09/2025 - 23:47:31: [basecommands.smx] "Console<0><Console><Console>" changed cvar (cvar "sv_allow_lobby_connect_only") (value "0")
L 08/09/2025 - 23:47:31: [basecommands.smx] "Console<0><Console><Console>" changed cvar (cvar "sv_maxplayers") (value "8")
L 08/09/2025 - 23:47:31: [basecommands.smx] "Console<0><Console><Console>" changed cvar (cvar "sv_visiblemaxplayers") (value "-1")
L 08/09/2025 - 23:50:14: -------- Mapchange to c13m3_memorialbridge --------
L 08/09/2025 - 23:50:22: [basecommands.smx] "Console<0><Console><Console>" changed cvar (cvar "sv_consistency") (value "0")
L 08/09/2025 - 23:50:22: [basecommands.smx] "Console<0><Console><Console>" changed cvar (cvar "sv_allow_lobby_connect_only") (value "0")
L 08/09/2025 - 23:50:22: [basecommands.smx] "Console<0><Console><Console>" changed cvar (cvar "sv_maxplayers") (value "8")
L 08/09/2025 - 23:50:22: [basecommands.smx] "Console<0><Console><Console>" changed cvar (cvar "sv_visiblemaxplayers") (value "-1")
L 08/10/2025 - 00:00:05: Log file closed.
