L 07/19/2026 - 14:46:38: SourceMod log file session started (file "d:\steamlibrary\steamapps\common\left 4 dead 2\left4dead2\addons\sourcemod\logs\L20260719.log") (Version "1.12.0.7207")
L 07/19/2026 - 14:46:38: [GEOIP] GeoIP2 database loaded: GeoLite2-ASN (2024-08-21 08:15:21 UTC) (d:\steamlibrary\steamapps\common\left 4 dead 2\left4dead2\addons\sourcemod\configs\geoip\GeoLite2-ASN.mmdb)
L 07/19/2026 - 14:46:38: [GEOIP] GeoIP2 supported languages: en
L 07/19/2026 - 14:46:38: [GEOIP] Your database is older than 90 days. You should consider downloading a newer version from e.g. https://dev.maxmind.com/geoip/geolite2-free-geolocation-data
L 07/19/2026 - 14:46:40: [l4d_extinguisher.smx] 
==========
Warning: You should install "[L4D2] Scavenge Score Fix - Gascan Pouring" to prevent affecting the score when filling gas in Scavenge style events: https://forums.alliedmods.net/showthread.php?t=187686
==========

L 07/19/2026 - 14:46:40: [l4d_extinguisher.smx] 
==========
Warning: You should install "[L4D & L4D2] Use Priority Patch" to fix attached models blocking +USE action: https://forums.alliedmods.net/showthread.php?t=327511
==========

L 07/19/2026 - 14:46:50: [basecommands.smx] "Console<0><Console><Console>" changed cvar (cvar "sv_consistency") (value "0")
L 07/19/2026 - 14:46:50: [basecommands.smx] "Console<0><Console><Console>" changed cvar (cvar "sv_allow_lobby_connect_only") (value "0")
L 07/19/2026 - 14:46:50: [basecommands.smx] "Console<0><Console><Console>" changed cvar (cvar "sv_maxplayers") (value "8")
L 07/19/2026 - 14:46:50: [basecommands.smx] "Console<0><Console><Console>" changed cvar (cvar "sv_visiblemaxplayers") (value "-1")
L 07/19/2026 - 14:46:50: [chat-processor.smx] Message formats generated for game 'left4dead2'.
L 07/19/2026 - 14:46:50: [chat-processor.smx] Successfully hooked a SayText2 chat hook.
L 07/19/2026 - 14:47:00: [l4d2_shop.smx] [LOAD]: "[T-T]MoY<2><STEAM_1:0:511491787><>" loaded the record successfully! Points: "117"
L 07/19/2026 - 14:47:16: [basecommands.smx] "[T-T]MoY<2><STEAM_1:0:511491787><>" changed cvar (cvar "sv_gravity") (value "200")
L 07/19/2026 - 14:47:55: [l4d2_shop.smx] [INSERT]: "un-random<6><STEAM_1:0:944723078><>" is a new user!!
L 07/19/2026 - 14:48:45: [l4d2_shop.smx] [UPDATE]: "[T-T]MoY<2><STEAM_1:0:511491787><>" saved. Points: "117"
L 07/19/2026 - 14:48:45: [l4d2_shop.smx] UPDATE SpecialFunctions SET isEnabled = 1 WHERE steamId = 'STEAM_1:0:511491787' AND (functionNo = 'GRAY_AMMO' OR functionNo = 'BLUE_AMMO' OR functionNo = 'GOLD_AMMO')
L 07/19/2026 - 14:49:54: [l4d2_shop.smx] [INSERT]: "PORNEROS OFICIAL<10><STEAM_1:0:911558173><>" is a new user!!
L 07/19/2026 - 14:52:10: [l4d2_shop.smx] [INSERT]: "Hanzell_16<17><STEAM_1:0:359997665><>" is a new user!!
L 07/19/2026 - 14:52:19: -------- Mapchange to c10m2_drainage --------
L 07/19/2026 - 14:52:23: [basecommands.smx] "Console<0><Console><Console>" changed cvar (cvar "sv_consistency") (value "0")
L 07/19/2026 - 14:52:23: [basecommands.smx] "Console<0><Console><Console>" changed cvar (cvar "sv_allow_lobby_connect_only") (value "0")
L 07/19/2026 - 14:52:23: [basecommands.smx] "Console<0><Console><Console>" changed cvar (cvar "sv_maxplayers") (value "8")
L 07/19/2026 - 14:52:23: [basecommands.smx] "Console<0><Console><Console>" changed cvar (cvar "sv_visiblemaxplayers") (value "-1")
L 07/19/2026 - 14:52:23: [chat-processor.smx] Message formats generated for game 'left4dead2'.
L 07/19/2026 - 14:52:23: [chat-processor.smx] Successfully hooked a SayText2 chat hook.
L 07/19/2026 - 14:52:33: [l4d2_shop.smx] [LOAD]: "[T-T]MoY<2><STEAM_1:0:511491787><>" loaded the record successfully! Points: "117"
L 07/19/2026 - 14:52:54: [l4d2_shop.smx] [LOAD]: "PORNEROS OFICIAL<10><STEAM_1:0:911558173><>" loaded the record successfully! Points: "0"
L 07/19/2026 - 14:54:03: [l4d2_shop.smx] [UPDATE]: "[T-T]MoY<2><STEAM_1:0:511491787><>" saved. Points: "117"
L 07/19/2026 - 14:54:03: [l4d2_shop.smx] UPDATE SpecialFunctions SET isEnabled = 1 WHERE steamId = 'STEAM_1:0:511491787' AND (functionNo = 'GRAY_AMMO' OR functionNo = 'BLUE_AMMO' OR functionNo = 'GOLD_AMMO')
L 07/19/2026 - 14:54:07: [l4d2_shop.smx] [LOAD]: "gmprox<28><STEAM_1:1:183601615><>" loaded the record successfully! Points: "0"
L 07/19/2026 - 14:56:21: -------- Mapchange to c10m3_ranchhouse --------
L 07/19/2026 - 14:56:25: [basecommands.smx] "Console<0><Console><Console>" changed cvar (cvar "sv_consistency") (value "0")
L 07/19/2026 - 14:56:25: [basecommands.smx] "Console<0><Console><Console>" changed cvar (cvar "sv_allow_lobby_connect_only") (value "0")
L 07/19/2026 - 14:56:25: [basecommands.smx] "Console<0><Console><Console>" changed cvar (cvar "sv_maxplayers") (value "8")
L 07/19/2026 - 14:56:25: [basecommands.smx] "Console<0><Console><Console>" changed cvar (cvar "sv_visiblemaxplayers") (value "-1")
L 07/19/2026 - 14:56:26: [chat-processor.smx] Message formats generated for game 'left4dead2'.
L 07/19/2026 - 14:56:26: [chat-processor.smx] Successfully hooked a SayText2 chat hook.
L 07/19/2026 - 14:56:36: [l4d2_shop.smx] [LOAD]: "[T-T]MoY<2><STEAM_1:0:511491787><>" loaded the record successfully! Points: "117"
L 07/19/2026 - 14:56:43: [l4d2_shop.smx] [LOAD]: "gmprox<28><STEAM_1:1:183601615><>" loaded the record successfully! Points: "0"
L 07/19/2026 - 14:59:25: [l4d2_shop.smx] [INSERT]: "DIPPALuM<47><STEAM_1:1:764019215><>" is a new user!!
L 07/19/2026 - 14:59:41: [l4d2_shop.smx] [UPDATE]: "[T-T]MoY<2><STEAM_1:0:511491787><>" saved. Points: "119"
L 07/19/2026 - 14:59:41: [l4d2_shop.smx] UPDATE SpecialFunctions SET isEnabled = 1 WHERE steamId = 'STEAM_1:0:511491787' AND (functionNo = 'GRAY_AMMO' OR functionNo = 'BLUE_AMMO' OR functionNo = 'GOLD_AMMO')
L 07/19/2026 - 14:59:41: [l4d2_shop.smx] [UPDATE]: "gmprox<28><STEAM_1:1:183601615><>" saved. Points: "2"
L 07/19/2026 - 14:59:41: [l4d2_shop.smx] [UPDATE]: "DIPPALuM<47><STEAM_1:1:764019215><>" saved. Points: "0"
L 07/19/2026 - 15:05:22: [l4d2_shop.smx] [INSERT]: "CAPITAN P1NG4 L0C4<64><STEAM_1:0:513898003><>" is a new user!!
L 07/19/2026 - 15:06:41: -------- Mapchange to c10m4_mainstreet --------
L 07/19/2026 - 15:06:46: [basecommands.smx] "Console<0><Console><Console>" changed cvar (cvar "sv_consistency") (value "0")
L 07/19/2026 - 15:06:46: [basecommands.smx] "Console<0><Console><Console>" changed cvar (cvar "sv_allow_lobby_connect_only") (value "0")
L 07/19/2026 - 15:06:46: [basecommands.smx] "Console<0><Console><Console>" changed cvar (cvar "sv_maxplayers") (value "8")
L 07/19/2026 - 15:06:46: [basecommands.smx] "Console<0><Console><Console>" changed cvar (cvar "sv_visiblemaxplayers") (value "-1")
L 07/19/2026 - 15:06:46: [chat-processor.smx] Message formats generated for game 'left4dead2'.
L 07/19/2026 - 15:06:46: [chat-processor.smx] Successfully hooked a SayText2 chat hook.
L 07/19/2026 - 15:06:56: [l4d2_shop.smx] [LOAD]: "[T-T]MoY<2><STEAM_1:0:511491787><>" loaded the record successfully! Points: "119"
L 07/19/2026 - 15:07:04: [l4d2_shop.smx] [LOAD]: "CAPITAN P1NG4 L0C4<64><STEAM_1:0:513898003><>" loaded the record successfully! Points: "0"
L 07/19/2026 - 15:07:05: [l4d2_shop.smx] [LOAD]: "gmprox<28><STEAM_1:1:183601615><>" loaded the record successfully! Points: "2"
L 07/19/2026 - 15:08:57: [l4d2_shop.smx] [INSERT]: "daanyyelll<77><STEAM_1:1:564711691><>" is a new user!!
L 07/19/2026 - 15:09:08: [funcommands.smx] "[T-T]MoY<2><STEAM_1:0:511491787><>" froze "CAPITAN P1NG4 L0C4<64><STEAM_1:0:513898003><>"
L 07/19/2026 - 15:09:26: [funcommands.smx] "[T-T]MoY<2><STEAM_1:0:511491787><>" froze "CAPITAN P1NG4 L0C4<64><STEAM_1:0:513898003><>"
L 07/19/2026 - 15:09:42: [basecomm.smx] "[T-T]MoY<2><STEAM_1:0:511491787><>" silenced "CAPITAN P1NG4 L0C4<64><STEAM_1:0:513898003><>"
L 07/19/2026 - 15:09:43: [l4d2_shop.smx] [UPDATE]: "[T-T]MoY<2><STEAM_1:0:511491787><>" saved. Points: "129"
L 07/19/2026 - 15:09:43: [l4d2_shop.smx] UPDATE SpecialFunctions SET isEnabled = 1 WHERE steamId = 'STEAM_1:0:511491787' AND (functionNo = 'GRAY_AMMO' OR functionNo = 'BLUE_AMMO' OR functionNo = 'GOLD_AMMO')
L 07/19/2026 - 15:09:43: [l4d2_shop.smx] [UPDATE]: "gmprox<28><STEAM_1:1:183601615><>" saved. Points: "16"
L 07/19/2026 - 15:09:43: [l4d2_shop.smx] [UPDATE]: "daanyyelll<77><STEAM_1:1:564711691><>" saved. Points: "8"
L 07/19/2026 - 15:09:43: [l4d2_shop.smx] [UPDATE]: "CAPITAN P1NG4 L0C4<64><STEAM_1:0:513898003><>" saved. Points: "20"
L 07/19/2026 - 15:09:57: [l4d_sm_respawn.smx] "[T-T]MoY<2><STEAM_1:0:511491787><>" teleported "[T-T]MoY<2><STEAM_1:0:511491787><>" after respawning him
L 07/19/2026 - 15:09:58: [l4d_sm_respawn.smx] "[T-T]MoY<2><STEAM_1:0:511491787><>" teleported "daanyyelll<77><STEAM_1:1:564711691><>" after respawning him
L 07/19/2026 - 15:10:18: [l4d_sm_respawn.smx] "[T-T]MoY<2><STEAM_1:0:511491787><>" teleported "daanyyelll<77><STEAM_1:1:564711691><>" after respawning him
L 07/19/2026 - 15:10:57: [basecomm.smx] "[T-T]MoY<2><STEAM_1:0:511491787><>" silenced "daanyyelll<77><STEAM_1:1:564711691><>"
L 07/19/2026 - 15:11:57: [basecomm.smx] "[T-T]MoY<2><STEAM_1:0:511491787><>" unsilenced "daanyyelll<77><STEAM_1:1:564711691><>"
L 07/19/2026 - 15:12:08: [basecomm.smx] "[T-T]MoY<2><STEAM_1:0:511491787><>" muted "daanyyelll<77><STEAM_1:1:564711691><>"
L 07/19/2026 - 15:12:28: [l4d2_shop.smx] [UPDATE]: "[T-T]MoY<2><STEAM_1:0:511491787><>" saved. Points: "135"
L 07/19/2026 - 15:12:28: [l4d2_shop.smx] UPDATE SpecialFunctions SET isEnabled = 1 WHERE steamId = 'STEAM_1:0:511491787' AND (functionNo = 'GRAY_AMMO' OR functionNo = 'BLUE_AMMO' OR functionNo = 'GOLD_AMMO')
L 07/19/2026 - 15:12:28: [l4d2_shop.smx] [UPDATE]: "gmprox<28><STEAM_1:1:183601615><>" saved. Points: "22"
L 07/19/2026 - 15:12:28: [l4d2_shop.smx] [UPDATE]: "daanyyelll<77><STEAM_1:1:564711691><>" saved. Points: "14"
L 07/19/2026 - 15:15:02: [l4d2_shop.smx] [INSERT]: "jhoncoonor55<98><STEAM_1:1:936899293><>" is a new user!!
L 07/19/2026 - 15:15:06: [l4d2_shop.smx] [UPDATE]: "[T-T]MoY<2><STEAM_1:0:511491787><>" saved. Points: "141"
L 07/19/2026 - 15:15:06: [l4d2_shop.smx] UPDATE SpecialFunctions SET isEnabled = 1 WHERE steamId = 'STEAM_1:0:511491787' AND (functionNo = 'GRAY_AMMO' OR functionNo = 'BLUE_AMMO' OR functionNo = 'GOLD_AMMO')
L 07/19/2026 - 15:15:06: [l4d2_shop.smx] [UPDATE]: "gmprox<28><STEAM_1:1:183601615><>" saved. Points: "28"
L 07/19/2026 - 15:15:06: [l4d2_shop.smx] [UPDATE]: "daanyyelll<77><STEAM_1:1:564711691><>" saved. Points: "28"
L 07/19/2026 - 15:15:06: [l4d2_shop.smx] [UPDATE]: "jhoncoonor55<98><STEAM_1:1:936899293><>" saved. Points: "0"
L 07/19/2026 - 15:15:13: [l4d2_shop.smx] [INSERT]: "alvinotaku246<100><STEAM_1:0:797775378><>" is a new user!!
L 07/19/2026 - 15:15:38: [l4d2_shop.smx] [LOAD]: "POTO ROTO DE CRIS<104><STEAM_1:1:373958355><>" loaded the record successfully! Points: "43"
L 07/19/2026 - 15:15:50: [l4d2_shop.smx] [LOAD]: "kewtty<105><STEAM_ID_PENDING><>" loaded the record successfully! Points: "0"
L 07/19/2026 - 15:16:30: [l4d2_shop.smx] [UPDATE]: "[T-T]MoY<2><STEAM_1:0:511491787><>" saved. Points: "141"
L 07/19/2026 - 15:16:30: [l4d2_shop.smx] UPDATE SpecialFunctions SET isEnabled = 1 WHERE steamId = 'STEAM_1:0:511491787' AND (functionNo = 'GRAY_AMMO' OR functionNo = 'BLUE_AMMO' OR functionNo = 'GOLD_AMMO')
L 07/19/2026 - 15:16:30: [l4d2_shop.smx] [UPDATE]: "POTO ROTO DE CRIS<104><STEAM_1:1:373958355><>" saved. Points: "43"
L 07/19/2026 - 15:16:30: [l4d2_shop.smx] [UPDATE]: "gmprox<28><STEAM_1:1:183601615><>" saved. Points: "28"
L 07/19/2026 - 15:16:30: [l4d2_shop.smx] [UPDATE]: "kewtty<105><STEAM_ID_PENDING><>" saved. Points: "0"
L 07/19/2026 - 15:16:30: [l4d2_shop.smx] [UPDATE]: "daanyyelll<77><STEAM_1:1:564711691><>" saved. Points: "28"
L 07/19/2026 - 15:16:30: [l4d2_shop.smx] [UPDATE]: "jhoncoonor55<98><STEAM_1:1:936899293><>" saved. Points: "0"
L 07/19/2026 - 15:16:30: [l4d2_shop.smx] [UPDATE]: "alvinotaku246<100><STEAM_1:0:797775378><>" saved. Points: "0"
L 07/19/2026 - 15:19:24: -------- Mapchange to c10m5_houseboat --------
L 07/19/2026 - 15:19:28: [basecommands.smx] "Console<0><Console><Console>" changed cvar (cvar "sv_consistency") (value "0")
L 07/19/2026 - 15:19:28: [basecommands.smx] "Console<0><Console><Console>" changed cvar (cvar "sv_allow_lobby_connect_only") (value "0")
L 07/19/2026 - 15:19:28: [basecommands.smx] "Console<0><Console><Console>" changed cvar (cvar "sv_maxplayers") (value "8")
L 07/19/2026 - 15:19:28: [basecommands.smx] "Console<0><Console><Console>" changed cvar (cvar "sv_visiblemaxplayers") (value "-1")
L 07/19/2026 - 15:19:28: [chat-processor.smx] Message formats generated for game 'left4dead2'.
L 07/19/2026 - 15:19:28: [chat-processor.smx] Successfully hooked a SayText2 chat hook.
L 07/19/2026 - 15:19:38: [l4d2_shop.smx] [LOAD]: "[T-T]MoY<2><STEAM_1:0:511491787><>" loaded the record successfully! Points: "141"
L 07/19/2026 - 15:19:41: [l4d2_shop.smx] [LOAD]: "gmprox<28><STEAM_1:1:183601615><>" loaded the record successfully! Points: "28"
L 07/19/2026 - 15:19:41: [l4d2_shop.smx] [LOAD]: "jhoncoonor55<98><STEAM_1:1:936899293><>" loaded the record successfully! Points: "0"
L 07/19/2026 - 15:19:42: [l4d2_shop.smx] [LOAD]: "POTO ROTO DE CRIS<104><STEAM_1:1:373958355><>" loaded the record successfully! Points: "43"
L 07/19/2026 - 15:19:47: [l4d2_shop.smx] [LOAD]: "daanyyelll<77><STEAM_1:1:564711691><>" loaded the record successfully! Points: "28"
L 07/19/2026 - 15:19:50: [l4d2_shop.smx] [LOAD]: "alvinotaku246<100><STEAM_1:0:797775378><>" loaded the record successfully! Points: "0"
L 07/19/2026 - 15:20:10: [l4d2_shop.smx] [INSERT]: "figaro7343<125><STEAM_1:1:773181054><>" is a new user!!
L 07/19/2026 - 15:21:14: [l4d2_shop.smx] [INSERT]: "nose we dx<131><STEAM_1:0:952604016><>" is a new user!!
L 07/19/2026 - 15:24:02: [l4d_sm_respawn.smx] "[T-T]MoY<2><STEAM_1:0:511491787><>" teleported "gmprox<28><STEAM_1:1:183601615><>" after respawning him
L 07/19/2026 - 15:24:03: [l4d2_shop.smx] [INSERT]: "kewtty<143><STEAM_1:1:707953410><>" is a new user!!
L 07/19/2026 - 15:26:25: [l4d_sm_respawn.smx] "[T-T]MoY<2><STEAM_1:0:511491787><>" teleported "figaro7343<125><STEAM_1:1:773181054><>" after respawning him
L 07/19/2026 - 15:27:48: [l4d2_shop.smx] [Buy]: "[T-T]MoY<2><STEAM_1:0:511491787><>" bought "health" (price: "98"), remaining points: "140"
L 07/19/2026 - 15:30:23: [SM] Changed map to "c2m1_highway"
L 07/19/2026 - 15:30:25: -------- Mapchange to c2m1_highway --------
L 07/19/2026 - 15:30:28: [basecommands.smx] "Console<0><Console><Console>" changed cvar (cvar "sv_consistency") (value "0")
L 07/19/2026 - 15:30:28: [basecommands.smx] "Console<0><Console><Console>" changed cvar (cvar "sv_allow_lobby_connect_only") (value "0")
L 07/19/2026 - 15:30:28: [basecommands.smx] "Console<0><Console><Console>" changed cvar (cvar "sv_maxplayers") (value "8")
L 07/19/2026 - 15:30:28: [basecommands.smx] "Console<0><Console><Console>" changed cvar (cvar "sv_visiblemaxplayers") (value "-1")
L 07/19/2026 - 15:30:29: [chat-processor.smx] Message formats generated for game 'left4dead2'.
L 07/19/2026 - 15:30:29: [chat-processor.smx] Successfully hooked a SayText2 chat hook.
L 07/19/2026 - 15:30:47: [l4d2_shop.smx] [LOAD]: "[T-T]MoY<2><STEAM_1:0:511491787><>" loaded the record successfully! Points: "141"
L 07/19/2026 - 15:30:49: [l4d2_shop.smx] [LOAD]: "gmprox<28><STEAM_1:1:183601615><>" loaded the record successfully! Points: "28"
L 07/19/2026 - 15:30:50: [l4d2_shop.smx] [INSERT]: "MCguiver<163><STEAM_1:0:952448361><>" is a new user!!
L 07/19/2026 - 15:30:50: [l4d2_shop.smx] [LOAD]: "POTO ROTO DE CRIS<104><STEAM_1:1:373958355><>" loaded the record successfully! Points: "43"
L 07/19/2026 - 15:30:56: [l4d2_shop.smx] [LOAD]: "daanyyelll<77><STEAM_1:1:564711691><>" loaded the record successfully! Points: "28"
L 07/19/2026 - 15:30:56: [l4d2_shop.smx] [LOAD]: "jhoncoonor55<98><STEAM_1:1:936899293><>" loaded the record successfully! Points: "0"
L 07/19/2026 - 15:30:58: [l4d2_shop.smx] [LOAD]: "kewtty<143><STEAM_1:1:707953410><>" loaded the record successfully! Points: "0"
L 07/19/2026 - 15:31:02: [l4d2_shop.smx] [LOAD]: "figaro7343<125><STEAM_1:1:773181054><>" loaded the record successfully! Points: "0"
L 07/19/2026 - 15:35:02: -------- Mapchange to c2m2_fairgrounds --------
L 07/19/2026 - 15:35:07: [basecommands.smx] "Console<0><Console><Console>" changed cvar (cvar "sv_consistency") (value "0")
L 07/19/2026 - 15:35:07: [basecommands.smx] "Console<0><Console><Console>" changed cvar (cvar "sv_allow_lobby_connect_only") (value "0")
L 07/19/2026 - 15:35:07: [basecommands.smx] "Console<0><Console><Console>" changed cvar (cvar "sv_maxplayers") (value "8")
L 07/19/2026 - 15:35:07: [basecommands.smx] "Console<0><Console><Console>" changed cvar (cvar "sv_visiblemaxplayers") (value "-1")
L 07/19/2026 - 15:35:07: [chat-processor.smx] Message formats generated for game 'left4dead2'.
L 07/19/2026 - 15:35:07: [chat-processor.smx] Successfully hooked a SayText2 chat hook.
L 07/19/2026 - 15:35:17: [l4d2_shop.smx] [LOAD]: "[T-T]MoY<2><STEAM_1:0:511491787><>" loaded the record successfully! Points: "141"
L 07/19/2026 - 15:35:20: [l4d2_shop.smx] [LOAD]: "MCguiver<163><STEAM_1:0:952448361><>" loaded the record successfully! Points: "0"
L 07/19/2026 - 15:35:21: [l4d2_shop.smx] [LOAD]: "POTO ROTO DE CRIS<104><STEAM_1:1:373958355><>" loaded the record successfully! Points: "43"
L 07/19/2026 - 15:35:25: [l4d2_shop.smx] [LOAD]: "jhoncoonor55<98><STEAM_1:1:936899293><>" loaded the record successfully! Points: "0"
L 07/19/2026 - 15:35:25: [l4d2_shop.smx] [LOAD]: "kewtty<143><STEAM_1:1:707953410><>" loaded the record successfully! Points: "0"
L 07/19/2026 - 15:35:26: [l4d2_shop.smx] [LOAD]: "daanyyelll<77><STEAM_1:1:564711691><>" loaded the record successfully! Points: "28"
L 07/19/2026 - 15:35:32: [l4d2_shop.smx] [LOAD]: "figaro7343<125><STEAM_1:1:773181054><>" loaded the record successfully! Points: "0"
L 07/19/2026 - 15:37:07: [l4d2_shop.smx] [LOAD]: "BENJAMIN007<194><STEAM_1:0:518343828><>" loaded the record successfully! Points: "49"
L 07/19/2026 - 15:39:47: [basevotes.smx] "[T-T]MoY<2><STEAM_1:0:511491787><>" initiated a generic vote (question "cree que la hacen?" / answers "Yes" "No").
L 07/19/2026 - 15:40:08: [basevotes.smx] Vote failed. 0% vote required. (Received "0" of 2 votes)
L 07/19/2026 - 15:43:17: [l4d2_shop.smx] [UPDATE]: "[T-T]MoY<2><STEAM_1:0:511491787><>" saved. Points: "201"
L 07/19/2026 - 15:43:17: [l4d2_shop.smx] UPDATE SpecialFunctions SET isEnabled = 1 WHERE steamId = 'STEAM_1:0:511491787' AND (functionNo = 'GRAY_AMMO' OR functionNo = 'BLUE_AMMO' OR functionNo = 'GOLD_AMMO')
L 07/19/2026 - 15:43:17: [l4d2_shop.smx] [UPDATE]: "figaro7343<125><STEAM_1:1:773181054><>" saved. Points: "41"
L 07/19/2026 - 15:43:17: [l4d2_shop.smx] [UPDATE]: "daanyyelll<77><STEAM_1:1:564711691><>" saved. Points: "64"
L 07/19/2026 - 15:43:17: [l4d2_shop.smx] [UPDATE]: "jhoncoonor55<98><STEAM_1:1:936899293><>" saved. Points: "32"
L 07/19/2026 - 15:43:17: [l4d2_shop.smx] [UPDATE]: "MCguiver<163><STEAM_1:0:952448361><>" saved. Points: "45"
L 07/19/2026 - 15:43:17: [l4d2_shop.smx] [UPDATE]: "BENJAMIN007<194><STEAM_1:0:518343828><>" saved. Points: "82"
L 07/19/2026 - 15:43:17: [l4d2_shop.smx] [UPDATE]: "kewtty<143><STEAM_1:1:707953410><>" saved. Points: "35"
L 07/19/2026 - 15:43:17: [l4d2_shop.smx] [INSERT]: "SkyWing<216><STEAM_1:1:67550894><>" is a new user!!
L 07/19/2026 - 15:48:49: -------- Mapchange to c2m3_coaster --------
L 07/19/2026 - 15:48:52: [basecommands.smx] "Console<0><Console><Console>" changed cvar (cvar "sv_consistency") (value "0")
L 07/19/2026 - 15:48:52: [basecommands.smx] "Console<0><Console><Console>" changed cvar (cvar "sv_allow_lobby_connect_only") (value "0")
L 07/19/2026 - 15:48:52: [basecommands.smx] "Console<0><Console><Console>" changed cvar (cvar "sv_maxplayers") (value "8")
L 07/19/2026 - 15:48:52: [basecommands.smx] "Console<0><Console><Console>" changed cvar (cvar "sv_visiblemaxplayers") (value "-1")
L 07/19/2026 - 15:48:52: [chat-processor.smx] Message formats generated for game 'left4dead2'.
L 07/19/2026 - 15:48:52: [chat-processor.smx] Successfully hooked a SayText2 chat hook.
L 07/19/2026 - 15:49:03: [l4d2_shop.smx] [LOAD]: "[T-T]MoY<2><STEAM_1:0:511491787><>" loaded the record successfully! Points: "201"
L 07/19/2026 - 15:49:03: [l4d2_shop.smx] [LOAD]: "SkyWing<216><STEAM_1:1:67550894><>" loaded the record successfully! Points: "0"
L 07/19/2026 - 15:49:05: [l4d2_shop.smx] [LOAD]: "MCguiver<163><STEAM_1:0:952448361><>" loaded the record successfully! Points: "45"
L 07/19/2026 - 15:49:09: [l4d2_shop.smx] [LOAD]: "jhoncoonor55<98><STEAM_1:1:936899293><>" loaded the record successfully! Points: "32"
L 07/19/2026 - 15:49:10: [l4d2_shop.smx] [LOAD]: "kewtty<143><STEAM_1:1:707953410><>" loaded the record successfully! Points: "35"
L 07/19/2026 - 15:49:11: [l4d2_shop.smx] [LOAD]: "BENJAMIN007<194><STEAM_1:0:518343828><>" loaded the record successfully! Points: "82"
L 07/19/2026 - 15:49:16: [l4d2_shop.smx] [LOAD]: "daanyyelll<77><STEAM_1:1:564711691><>" loaded the record successfully! Points: "64"
L 07/19/2026 - 15:49:20: [l4d2_shop.smx] [LOAD]: "figaro7343<125><STEAM_1:1:773181054><>" loaded the record successfully! Points: "41"
L 07/19/2026 - 15:52:55: [basevotes.smx] "[T-T]MoY<2><STEAM_1:0:511491787><>" initiated a generic vote (question "la hace?" / answers "Yes" "No").
L 07/19/2026 - 15:53:13: -------- Mapchange to c2m4_barns --------
L 07/19/2026 - 15:53:17: [basecommands.smx] "Console<0><Console><Console>" changed cvar (cvar "sv_consistency") (value "0")
L 07/19/2026 - 15:53:17: [basecommands.smx] "Console<0><Console><Console>" changed cvar (cvar "sv_allow_lobby_connect_only") (value "0")
L 07/19/2026 - 15:53:17: [basecommands.smx] "Console<0><Console><Console>" changed cvar (cvar "sv_maxplayers") (value "8")
L 07/19/2026 - 15:53:17: [basecommands.smx] "Console<0><Console><Console>" changed cvar (cvar "sv_visiblemaxplayers") (value "-1")
L 07/19/2026 - 15:53:17: [chat-processor.smx] Message formats generated for game 'left4dead2'.
L 07/19/2026 - 15:53:17: [chat-processor.smx] Successfully hooked a SayText2 chat hook.
L 07/19/2026 - 15:53:34: [l4d2_shop.smx] [LOAD]: "[T-T]MoY<2><STEAM_1:0:511491787><>" loaded the record successfully! Points: "201"
L 07/19/2026 - 15:53:35: [l4d2_shop.smx] [LOAD]: "SkyWing<216><STEAM_1:1:67550894><>" loaded the record successfully! Points: "0"
L 07/19/2026 - 15:53:38: [l4d2_shop.smx] [LOAD]: "MCguiver<163><STEAM_1:0:952448361><>" loaded the record successfully! Points: "45"
L 07/19/2026 - 15:53:42: [l4d2_shop.smx] [LOAD]: "jhoncoonor55<98><STEAM_1:1:936899293><>" loaded the record successfully! Points: "32"
L 07/19/2026 - 15:53:43: [l4d2_shop.smx] [LOAD]: "kewtty<143><STEAM_1:1:707953410><>" loaded the record successfully! Points: "35"
L 07/19/2026 - 15:53:44: [l4d2_shop.smx] [LOAD]: "BENJAMIN007<194><STEAM_1:0:518343828><>" loaded the record successfully! Points: "82"
L 07/19/2026 - 15:53:45: [l4d2_shop.smx] [LOAD]: "daanyyelll<77><STEAM_1:1:564711691><>" loaded the record successfully! Points: "64"
L 07/19/2026 - 15:53:46: [l4d2_shop.smx] [LOAD]: "figaro7343<125><STEAM_1:1:773181054><>" loaded the record successfully! Points: "41"
L 07/19/2026 - 15:57:20: -------- Mapchange to c2m5_concert --------
L 07/19/2026 - 15:57:23: [basecommands.smx] "Console<0><Console><Console>" changed cvar (cvar "sv_consistency") (value "0")
L 07/19/2026 - 15:57:23: [basecommands.smx] "Console<0><Console><Console>" changed cvar (cvar "sv_allow_lobby_connect_only") (value "0")
L 07/19/2026 - 15:57:23: [basecommands.smx] "Console<0><Console><Console>" changed cvar (cvar "sv_maxplayers") (value "8")
L 07/19/2026 - 15:57:23: [basecommands.smx] "Console<0><Console><Console>" changed cvar (cvar "sv_visiblemaxplayers") (value "-1")
L 07/19/2026 - 15:57:23: [chat-processor.smx] Message formats generated for game 'left4dead2'.
L 07/19/2026 - 15:57:23: [chat-processor.smx] Successfully hooked a SayText2 chat hook.
L 07/19/2026 - 15:57:34: [l4d2_shop.smx] [LOAD]: "[T-T]MoY<2><STEAM_1:0:511491787><>" loaded the record successfully! Points: "201"
L 07/19/2026 - 15:57:34: [l4d2_shop.smx] [LOAD]: "SkyWing<216><STEAM_1:1:67550894><>" loaded the record successfully! Points: "0"
L 07/19/2026 - 15:57:36: [l4d2_shop.smx] [LOAD]: "MCguiver<163><STEAM_1:0:952448361><>" loaded the record successfully! Points: "45"
L 07/19/2026 - 15:57:39: [l4d2_shop.smx] [LOAD]: "kewtty<143><STEAM_1:1:707953410><>" loaded the record successfully! Points: "35"
L 07/19/2026 - 15:57:40: [l4d2_shop.smx] [LOAD]: "jhoncoonor55<98><STEAM_1:1:936899293><>" loaded the record successfully! Points: "32"
L 07/19/2026 - 15:57:40: [l4d2_shop.smx] [LOAD]: "BENJAMIN007<194><STEAM_1:0:518343828><>" loaded the record successfully! Points: "82"
L 07/19/2026 - 15:57:43: [l4d2_shop.smx] [LOAD]: "daanyyelll<77><STEAM_1:1:564711691><>" loaded the record successfully! Points: "64"
L 07/19/2026 - 15:57:45: [l4d2_shop.smx] [LOAD]: "figaro7343<125><STEAM_1:1:773181054><>" loaded the record successfully! Points: "41"
L 07/19/2026 - 15:58:52: [l4d_sm_respawn.smx] "[T-T]MoY<2><STEAM_1:0:511491787><>" teleported "[T-T]MoY<2><STEAM_1:0:511491787><>" after respawning him
L 07/19/2026 - 15:58:52: [l4d_sm_respawn.smx] "[T-T]MoY<2><STEAM_1:0:511491787><>" teleported "figaro7343<125><STEAM_1:1:773181054><>" after respawning him
L 07/19/2026 - 15:58:52: [l4d_sm_respawn.smx] "[T-T]MoY<2><STEAM_1:0:511491787><>" teleported "MCguiver<163><STEAM_1:0:952448361><>" after respawning him
L 07/19/2026 - 16:00:16: [l4d_sm_respawn.smx] "[T-T]MoY<2><STEAM_1:0:511491787><>" teleported "figaro7343<125><STEAM_1:1:773181054><>" after respawning him
L 07/19/2026 - 16:00:16: [l4d_sm_respawn.smx] "[T-T]MoY<2><STEAM_1:0:511491787><>" teleported "kewtty<143><STEAM_1:1:707953410><>" after respawning him
L 07/19/2026 - 16:01:43: [l4d_sm_respawn.smx] "[T-T]MoY<2><STEAM_1:0:511491787><>" teleported "MCguiver<163><STEAM_1:0:952448361><>" after respawning him
L 07/19/2026 - 16:02:46: [l4d_sm_respawn.smx] "[T-T]MoY<2><STEAM_1:0:511491787><>" teleported "MCguiver<163><STEAM_1:0:952448361><>" after respawning him
L 07/19/2026 - 16:04:26: [l4d_sm_respawn.smx] "[T-T]MoY<2><STEAM_1:0:511491787><>" teleported "jhoncoonor55<98><STEAM_1:1:936899293><>" after respawning him
L 07/19/2026 - 16:04:52: [l4d2_shop.smx] [Buy]: "[T-T]MoY<2><STEAM_1:0:511491787><>" bought "extinguisher" (price: "40"), remaining points: "201"
L 07/19/2026 - 16:05:25: [l4d_sm_respawn.smx] "[T-T]MoY<2><STEAM_1:0:511491787><>" teleported "figaro7343<125><STEAM_1:1:773181054><>" after respawning him
L 07/19/2026 - 16:05:25: [l4d_sm_respawn.smx] "[T-T]MoY<2><STEAM_1:0:511491787><>" teleported "BENJAMIN007<194><STEAM_1:0:518343828><>" after respawning him
L 07/19/2026 - 16:05:25: [l4d_sm_respawn.smx] "[T-T]MoY<2><STEAM_1:0:511491787><>" teleported "SkyWing<216><STEAM_1:1:67550894><>" after respawning him
L 07/19/2026 - 16:05:43: [l4d_sm_respawn.smx] "[T-T]MoY<2><STEAM_1:0:511491787><>" teleported "figaro7343<125><STEAM_1:1:773181054><>" after respawning him
L 07/19/2026 - 16:07:13: [SM] Changed map to "c5m1_waterfront"
L 07/19/2026 - 16:07:15: -------- Mapchange to c5m1_waterfront --------
L 07/19/2026 - 16:07:19: [basecommands.smx] "Console<0><Console><Console>" changed cvar (cvar "sv_consistency") (value "0")
L 07/19/2026 - 16:07:19: [basecommands.smx] "Console<0><Console><Console>" changed cvar (cvar "sv_allow_lobby_connect_only") (value "0")
L 07/19/2026 - 16:07:19: [basecommands.smx] "Console<0><Console><Console>" changed cvar (cvar "sv_maxplayers") (value "8")
L 07/19/2026 - 16:07:19: [basecommands.smx] "Console<0><Console><Console>" changed cvar (cvar "sv_visiblemaxplayers") (value "-1")
L 07/19/2026 - 16:07:19: [chat-processor.smx] Message formats generated for game 'left4dead2'.
L 07/19/2026 - 16:07:19: [chat-processor.smx] Successfully hooked a SayText2 chat hook.
L 07/19/2026 - 16:07:37: [l4d2_shop.smx] [LOAD]: "[T-T]MoY<2><STEAM_1:0:511491787><>" loaded the record successfully! Points: "201"
L 07/19/2026 - 16:07:37: [l4d2_shop.smx] [LOAD]: "SkyWing<216><STEAM_1:1:67550894><>" loaded the record successfully! Points: "0"
L 07/19/2026 - 16:07:40: [l4d2_shop.smx] [LOAD]: "MCguiver<163><STEAM_1:0:952448361><>" loaded the record successfully! Points: "45"
L 07/19/2026 - 16:07:44: [l4d2_shop.smx] [LOAD]: "jhoncoonor55<98><STEAM_1:1:936899293><>" loaded the record successfully! Points: "32"
L 07/19/2026 - 16:07:45: [l4d2_shop.smx] [LOAD]: "kewtty<143><STEAM_1:1:707953410><>" loaded the record successfully! Points: "35"
L 07/19/2026 - 16:07:45: [l4d2_shop.smx] [LOAD]: "BENJAMIN007<194><STEAM_1:0:518343828><>" loaded the record successfully! Points: "82"
L 07/19/2026 - 16:07:49: [l4d2_shop.smx] [LOAD]: "figaro7343<125><STEAM_1:1:773181054><>" loaded the record successfully! Points: "41"
L 07/19/2026 - 16:07:50: [l4d2_shop.smx] [LOAD]: "daanyyelll<77><STEAM_1:1:564711691><>" loaded the record successfully! Points: "64"
L 07/19/2026 - 16:09:53: -------- Mapchange to c5m2_park --------
L 07/19/2026 - 16:09:56: [basecommands.smx] "Console<0><Console><Console>" changed cvar (cvar "sv_consistency") (value "0")
L 07/19/2026 - 16:09:56: [basecommands.smx] "Console<0><Console><Console>" changed cvar (cvar "sv_allow_lobby_connect_only") (value "0")
L 07/19/2026 - 16:09:56: [basecommands.smx] "Console<0><Console><Console>" changed cvar (cvar "sv_maxplayers") (value "8")
L 07/19/2026 - 16:09:56: [basecommands.smx] "Console<0><Console><Console>" changed cvar (cvar "sv_visiblemaxplayers") (value "-1")
L 07/19/2026 - 16:09:56: [chat-processor.smx] Message formats generated for game 'left4dead2'.
L 07/19/2026 - 16:09:56: [chat-processor.smx] Successfully hooked a SayText2 chat hook.
L 07/19/2026 - 16:10:14: [l4d2_shop.smx] [LOAD]: "[T-T]MoY<2><STEAM_1:0:511491787><>" loaded the record successfully! Points: "201"
L 07/19/2026 - 16:10:17: [l4d2_shop.smx] [LOAD]: "MCguiver<163><STEAM_1:0:952448361><>" loaded the record successfully! Points: "45"
L 07/19/2026 - 16:10:20: [l4d2_shop.smx] [LOAD]: "BENJAMIN007<194><STEAM_1:0:518343828><>" loaded the record successfully! Points: "82"
L 07/19/2026 - 16:10:22: [l4d2_shop.smx] [LOAD]: "daanyyelll<77><STEAM_1:1:564711691><>" loaded the record successfully! Points: "64"
L 07/19/2026 - 16:10:22: [l4d2_shop.smx] [LOAD]: "kewtty<143><STEAM_1:1:707953410><>" loaded the record successfully! Points: "35"
L 07/19/2026 - 16:10:27: [l4d2_shop.smx] [LOAD]: "figaro7343<125><STEAM_1:1:773181054><>" loaded the record successfully! Points: "41"
L 07/19/2026 - 16:10:58: [l4d2_shop.smx] [INSERT]: "mae<328><STEAM_1:1:569304161><>" is a new user!!
L 07/19/2026 - 16:11:51: [l4d2_shop.smx] [INSERT]: "Ssorema201<334><STEAM_1:1:867593044><>" is a new user!!
L 07/19/2026 - 16:13:21: [basevotes.smx] "[T-T]MoY<2><STEAM_1:0:511491787><>" initiated a generic vote (question "efe por louis" / answers "Yes" "No").
L 07/19/2026 - 16:13:31: [l4d2_shop.smx] [UPDATE]: "[T-T]MoY<2><STEAM_1:0:511491787><>" saved. Points: "209"
L 07/19/2026 - 16:13:31: [l4d2_shop.smx] UPDATE SpecialFunctions SET isEnabled = 1 WHERE steamId = 'STEAM_1:0:511491787' AND (functionNo = 'GRAY_AMMO' OR functionNo = 'BLUE_AMMO' OR functionNo = 'GOLD_AMMO')
L 07/19/2026 - 16:13:31: [l4d2_shop.smx] [UPDATE]: "figaro7343<125><STEAM_1:1:773181054><>" saved. Points: "49"
L 07/19/2026 - 16:13:31: [l4d2_shop.smx] [UPDATE]: "mae<328><STEAM_1:1:569304161><>" saved. Points: "8"
L 07/19/2026 - 16:13:31: [l4d2_shop.smx] [UPDATE]: "Ssorema201<334><STEAM_1:1:867593044><>" saved. Points: "6"
L 07/19/2026 - 16:13:31: [l4d2_shop.smx] [UPDATE]: "daanyyelll<77><STEAM_1:1:564711691><>" saved. Points: "72"
L 07/19/2026 - 16:13:31: [l4d2_shop.smx] [UPDATE]: "MCguiver<163><STEAM_1:0:952448361><>" saved. Points: "53"
L 07/19/2026 - 16:13:31: [l4d2_shop.smx] [UPDATE]: "BENJAMIN007<194><STEAM_1:0:518343828><>" saved. Points: "90"
L 07/19/2026 - 16:13:31: [l4d2_shop.smx] [UPDATE]: "kewtty<143><STEAM_1:1:707953410><>" saved. Points: "43"
L 07/19/2026 - 16:13:42: [basevotes.smx] Vote successful. (Received "100" of 1 votes)
L 07/19/2026 - 16:13:42: [basevotes.smx] The answer to efe por louis is: Yes.
L 07/19/2026 - 16:18:35: -------- Mapchange to c5m3_cemetery --------
L 07/19/2026 - 16:18:38: [basecommands.smx] "Console<0><Console><Console>" changed cvar (cvar "sv_consistency") (value "0")
L 07/19/2026 - 16:18:38: [basecommands.smx] "Console<0><Console><Console>" changed cvar (cvar "sv_allow_lobby_connect_only") (value "0")
L 07/19/2026 - 16:18:38: [basecommands.smx] "Console<0><Console><Console>" changed cvar (cvar "sv_maxplayers") (value "8")
L 07/19/2026 - 16:18:38: [basecommands.smx] "Console<0><Console><Console>" changed cvar (cvar "sv_visiblemaxplayers") (value "-1")
L 07/19/2026 - 16:18:38: [chat-processor.smx] Message formats generated for game 'left4dead2'.
L 07/19/2026 - 16:18:38: [chat-processor.smx] Successfully hooked a SayText2 chat hook.
L 07/19/2026 - 16:18:56: [l4d2_shop.smx] [LOAD]: "[T-T]MoY<2><STEAM_1:0:511491787><>" loaded the record successfully! Points: "209"
L 07/19/2026 - 16:18:59: [l4d2_shop.smx] [LOAD]: "MCguiver<163><STEAM_1:0:952448361><>" loaded the record successfully! Points: "53"
L 07/19/2026 - 16:19:02: [l4d2_shop.smx] [LOAD]: "BENJAMIN007<194><STEAM_1:0:518343828><>" loaded the record successfully! Points: "90"
L 07/19/2026 - 16:19:04: [l4d2_shop.smx] [LOAD]: "kewtty<143><STEAM_1:1:707953410><>" loaded the record successfully! Points: "43"
L 07/19/2026 - 16:19:05: [l4d2_shop.smx] [LOAD]: "daanyyelll<77><STEAM_1:1:564711691><>" loaded the record successfully! Points: "72"
L 07/19/2026 - 16:19:12: [l4d2_shop.smx] [LOAD]: "figaro7343<125><STEAM_1:1:773181054><>" loaded the record successfully! Points: "49"
L 07/19/2026 - 16:19:18: [l4d2_shop.smx] [LOAD]: "mae<328><STEAM_1:1:569304161><>" loaded the record successfully! Points: "8"
L 07/19/2026 - 16:19:24: [l4d2_shop.smx] [INSERT]: "MECH Z<360><STEAM_1:1:572508605><>" is a new user!!
L 07/19/2026 - 16:19:25: [basevotes.smx] "[T-T]MoY<2><STEAM_1:0:511491787><>" initiated a generic vote (question "le muteo el micro?" / answers "Yes" "No").
L 07/19/2026 - 16:19:46: [basevotes.smx] Vote successful. (Received "100" of 3 votes)
L 07/19/2026 - 16:19:46: [basevotes.smx] The answer to le muteo el micro? is: Yes.
L 07/19/2026 - 16:19:52: [basecomm.smx] "[T-T]MoY<2><STEAM_1:0:511491787><>" muted "daanyyelll<77><STEAM_1:1:564711691><>"
L 07/19/2026 - 16:22:43: [l4d2_shop.smx] [UPDATE]: "[T-T]MoY<2><STEAM_1:0:511491787><>" saved. Points: "227"
L 07/19/2026 - 16:22:43: [l4d2_shop.smx] UPDATE SpecialFunctions SET isEnabled = 1 WHERE steamId = 'STEAM_1:0:511491787' AND (functionNo = 'GRAY_AMMO' OR functionNo = 'BLUE_AMMO' OR functionNo = 'GOLD_AMMO')
L 07/19/2026 - 16:22:43: [l4d2_shop.smx] [UPDATE]: "figaro7343<125><STEAM_1:1:773181054><>" saved. Points: "70"
L 07/19/2026 - 16:22:43: [l4d2_shop.smx] [UPDATE]: "MECH Z<360><STEAM_1:1:572508605><>" saved. Points: "18"
L 07/19/2026 - 16:22:43: [l4d2_shop.smx] [UPDATE]: "mae<328><STEAM_1:1:569304161><>" saved. Points: "26"
L 07/19/2026 - 16:22:43: [l4d2_shop.smx] [UPDATE]: "daanyyelll<77><STEAM_1:1:564711691><>" saved. Points: "90"
L 07/19/2026 - 16:22:43: [l4d2_shop.smx] [UPDATE]: "BENJAMIN007<194><STEAM_1:0:518343828><>" saved. Points: "108"
L 07/19/2026 - 16:22:43: [l4d2_shop.smx] [UPDATE]: "kewtty<143><STEAM_1:1:707953410><>" saved. Points: "61"
L 07/19/2026 - 16:23:34: [l4d2_shop.smx] [LOAD]: "onichan12<383><STEAM_1:1:630810877><>" loaded the record successfully! Points: "61"
L 07/19/2026 - 16:24:18: [l4d2_shop.smx] [INSERT]: "fourth<385><STEAM_1:1:816599004><>" is a new user!!
L 07/19/2026 - 16:25:40: [l4d2_shop.smx] [UPDATE]: "[T-T]MoY<2><STEAM_1:0:511491787><>" saved. Points: "233"
L 07/19/2026 - 16:25:40: [l4d2_shop.smx] UPDATE SpecialFunctions SET isEnabled = 1 WHERE steamId = 'STEAM_1:0:511491787' AND (functionNo = 'GRAY_AMMO' OR functionNo = 'BLUE_AMMO' OR functionNo = 'GOLD_AMMO')
L 07/19/2026 - 16:25:40: [l4d2_shop.smx] [UPDATE]: "figaro7343<125><STEAM_1:1:773181054><>" saved. Points: "76"
L 07/19/2026 - 16:25:40: [l4d2_shop.smx] [UPDATE]: "mae<328><STEAM_1:1:569304161><>" saved. Points: "32"
L 07/19/2026 - 16:25:40: [l4d2_shop.smx] [UPDATE]: "onichan12<383><STEAM_1:1:630810877><>" saved. Points: "67"
L 07/19/2026 - 16:25:40: [l4d2_shop.smx] [UPDATE]: "daanyyelll<77><STEAM_1:1:564711691><>" saved. Points: "103"
L 07/19/2026 - 16:25:40: [l4d2_shop.smx] [UPDATE]: "fourth<385><STEAM_1:1:816599004><>" saved. Points: "6"
L 07/19/2026 - 16:26:10: [l4d2_shop.smx] [INSERT]: "𝓣𝓱𝓪𝓻𝓸𝔃<397><STEAM_1:0:929002193><>" is a new user!!
L 07/19/2026 - 16:27:01: [l4d2_shop.smx] [INSERT]: "ambardiosdelsexo<399><STEAM_1:1:361505974><>" is a new user!!
L 07/19/2026 - 16:28:14: [l4d_sm_respawn.smx] "[T-T]MoY<2><STEAM_1:0:511491787><>" teleported "[T-T]MoY<2><STEAM_1:0:511491787><>" after respawning him
L 07/19/2026 - 16:28:15: [l4d_sm_respawn.smx] "[T-T]MoY<2><STEAM_1:0:511491787><>" teleported "figaro7343<125><STEAM_1:1:773181054><>" after respawning him
L 07/19/2026 - 16:28:15: [l4d_sm_respawn.smx] "[T-T]MoY<2><STEAM_1:0:511491787><>" teleported "daanyyelll<77><STEAM_1:1:564711691><>" after respawning him
L 07/19/2026 - 16:28:15: [l4d_sm_respawn.smx] "[T-T]MoY<2><STEAM_1:0:511491787><>" teleported "fourth<385><STEAM_1:1:816599004><>" after respawning him
L 07/19/2026 - 16:28:48: [l4d_sm_respawn.smx] "[T-T]MoY<2><STEAM_1:0:511491787><>" teleported "[T-T]MoY<2><STEAM_1:0:511491787><>" after respawning him
L 07/19/2026 - 16:28:48: [l4d_sm_respawn.smx] "[T-T]MoY<2><STEAM_1:0:511491787><>" teleported "mae<328><STEAM_1:1:569304161><>" after respawning him
L 07/19/2026 - 16:28:49: [l4d_sm_respawn.smx] "[T-T]MoY<2><STEAM_1:0:511491787><>" teleported "ambardiosdelsexo<399><STEAM_1:1:361505974><>" after respawning him
L 07/19/2026 - 16:29:46: [l4d_sm_respawn.smx] "[T-T]MoY<2><STEAM_1:0:511491787><>" teleported "mae<328><STEAM_1:1:569304161><>" after respawning him
L 07/19/2026 - 16:30:28: [l4d_sm_respawn.smx] "[T-T]MoY<2><STEAM_1:0:511491787><>" teleported "[T-T]MoY<2><STEAM_1:0:511491787><>" after respawning him
L 07/19/2026 - 16:30:29: [l4d_sm_respawn.smx] "[T-T]MoY<2><STEAM_1:0:511491787><>" teleported "ambardiosdelsexo<399><STEAM_1:1:361505974><>" after respawning him
L 07/19/2026 - 16:33:05: -------- Mapchange to c5m4_quarter --------
L 07/19/2026 - 16:33:09: [basecommands.smx] "Console<0><Console><Console>" changed cvar (cvar "sv_consistency") (value "0")
L 07/19/2026 - 16:33:09: [basecommands.smx] "Console<0><Console><Console>" changed cvar (cvar "sv_allow_lobby_connect_only") (value "0")
L 07/19/2026 - 16:33:09: [basecommands.smx] "Console<0><Console><Console>" changed cvar (cvar "sv_maxplayers") (value "8")
L 07/19/2026 - 16:33:09: [basecommands.smx] "Console<0><Console><Console>" changed cvar (cvar "sv_visiblemaxplayers") (value "-1")
L 07/19/2026 - 16:33:09: [chat-processor.smx] Message formats generated for game 'left4dead2'.
L 07/19/2026 - 16:33:09: [chat-processor.smx] Successfully hooked a SayText2 chat hook.
L 07/19/2026 - 16:33:26: [l4d2_shop.smx] [LOAD]: "[T-T]MoY<2><STEAM_1:0:511491787><>" loaded the record successfully! Points: "233"
L 07/19/2026 - 16:33:34: [l4d2_shop.smx] [LOAD]: "onichan12<383><STEAM_1:1:630810877><>" loaded the record successfully! Points: "67"
L 07/19/2026 - 16:33:36: [l4d2_shop.smx] [LOAD]: "daanyyelll<77><STEAM_1:1:564711691><>" loaded the record successfully! Points: "103"
L 07/19/2026 - 16:33:37: [l4d2_shop.smx] [LOAD]: "𝓣𝓱𝓪𝓻𝓸𝔃<397><STEAM_1:0:929002193><>" loaded the record successfully! Points: "0"
L 07/19/2026 - 16:33:43: [l4d2_shop.smx] [LOAD]: "figaro7343<125><STEAM_1:1:773181054><>" loaded the record successfully! Points: "76"
L 07/19/2026 - 16:33:49: [l4d2_shop.smx] [LOAD]: "mae<328><STEAM_1:1:569304161><>" loaded the record successfully! Points: "32"
L 07/19/2026 - 16:33:51: [l4d2_shop.smx] [LOAD]: "fourth<385><STEAM_1:1:816599004><>" loaded the record successfully! Points: "6"
L 07/19/2026 - 16:34:04: [l4d2_shop.smx] [LOAD]: "ambardiosdelsexo<399><STEAM_1:1:361505974><>" loaded the record successfully! Points: "0"
L 07/19/2026 - 16:36:01: [l4d2_shop.smx] [UPDATE]: "[T-T]MoY<2><STEAM_1:0:511491787><>" saved. Points: "239"
L 07/19/2026 - 16:36:01: [l4d2_shop.smx] UPDATE SpecialFunctions SET isEnabled = 1 WHERE steamId = 'STEAM_1:0:511491787' AND (functionNo = 'GRAY_AMMO' OR functionNo = 'BLUE_AMMO' OR functionNo = 'GOLD_AMMO')
L 07/19/2026 - 16:36:01: [l4d2_shop.smx] [UPDATE]: "figaro7343<125><STEAM_1:1:773181054><>" saved. Points: "82"
L 07/19/2026 - 16:36:01: [l4d2_shop.smx] [UPDATE]: "mae<328><STEAM_1:1:569304161><>" saved. Points: "38"
L 07/19/2026 - 16:36:01: [l4d2_shop.smx] [UPDATE]: "onichan12<383><STEAM_1:1:630810877><>" saved. Points: "73"
L 07/19/2026 - 16:36:01: [l4d2_shop.smx] [UPDATE]: "daanyyelll<77><STEAM_1:1:564711691><>" saved. Points: "114"
L 07/19/2026 - 16:36:01: [l4d2_shop.smx] [UPDATE]: "fourth<385><STEAM_1:1:816599004><>" saved. Points: "12"
L 07/19/2026 - 16:36:01: [l4d2_shop.smx] [UPDATE]: "𝓣𝓱𝓪𝓻𝓸𝔃<397><STEAM_1:0:929002193><>" saved. Points: "12"
L 07/19/2026 - 16:39:48: -------- Mapchange to c5m5_bridge --------
L 07/19/2026 - 16:39:52: [basecommands.smx] "Console<0><Console><Console>" changed cvar (cvar "sv_consistency") (value "0")
L 07/19/2026 - 16:39:52: [basecommands.smx] "Console<0><Console><Console>" changed cvar (cvar "sv_allow_lobby_connect_only") (value "0")
L 07/19/2026 - 16:39:52: [basecommands.smx] "Console<0><Console><Console>" changed cvar (cvar "sv_maxplayers") (value "8")
L 07/19/2026 - 16:39:52: [basecommands.smx] "Console<0><Console><Console>" changed cvar (cvar "sv_visiblemaxplayers") (value "-1")
L 07/19/2026 - 16:39:52: [chat-processor.smx] Message formats generated for game 'left4dead2'.
L 07/19/2026 - 16:39:52: [chat-processor.smx] Successfully hooked a SayText2 chat hook.
L 07/19/2026 - 16:40:10: [l4d2_shop.smx] [LOAD]: "[T-T]MoY<2><STEAM_1:0:511491787><>" loaded the record successfully! Points: "239"
L 07/19/2026 - 16:40:16: [l4d2_shop.smx] [LOAD]: "onichan12<383><STEAM_1:1:630810877><>" loaded the record successfully! Points: "73"
L 07/19/2026 - 16:40:18: [l4d2_shop.smx] [LOAD]: "daanyyelll<77><STEAM_1:1:564711691><>" loaded the record successfully! Points: "114"
L 07/19/2026 - 16:40:20: [l4d2_shop.smx] [LOAD]: "𝓣𝓱𝓪𝓻𝓸𝔃<397><STEAM_1:0:929002193><>" loaded the record successfully! Points: "12"
L 07/19/2026 - 16:40:23: [l4d2_shop.smx] [LOAD]: "figaro7343<125><STEAM_1:1:773181054><>" loaded the record successfully! Points: "82"
L 07/19/2026 - 16:40:29: [l4d2_shop.smx] [LOAD]: "mae<328><STEAM_1:1:569304161><>" loaded the record successfully! Points: "38"
L 07/19/2026 - 16:40:38: [l4d2_shop.smx] [LOAD]: "fourth<385><STEAM_1:1:816599004><>" loaded the record successfully! Points: "12"
L 07/19/2026 - 16:42:59: [l4d2_shop.smx] [INSERT]: "Mistermorichika69<460><STEAM_1:0:817592675><>" is a new user!!
L 07/19/2026 - 16:43:45: [l4d2_shop.smx] [INSERT]: "MrRealdo U.U<466><STEAM_1:1:747531365><>" is a new user!!
L 07/19/2026 - 16:45:32: [basevotes.smx] "[T-T]MoY<2><STEAM_1:0:511491787><>" initiated a generic vote (question "se la kachan ala nera?" / answers "Yes" "No").
L 07/19/2026 - 16:45:52: [basevotes.smx] Vote successful. (Received "100" of 1 votes)
L 07/19/2026 - 16:45:52: [basevotes.smx] The answer to se la kachan ala nera? is: Yes.
L 07/19/2026 - 16:46:35: [l4d2_shop.smx] [UPDATE]: "[T-T]MoY<2><STEAM_1:0:511491787><>" saved. Points: "259"
L 07/19/2026 - 16:46:35: [l4d2_shop.smx] UPDATE SpecialFunctions SET isEnabled = 1 WHERE steamId = 'STEAM_1:0:511491787' AND (functionNo = 'GRAY_AMMO' OR functionNo = 'BLUE_AMMO' OR functionNo = 'GOLD_AMMO')
L 07/19/2026 - 16:46:35: [l4d2_shop.smx] [UPDATE]: "figaro7343<125><STEAM_1:1:773181054><>" saved. Points: "102"
L 07/19/2026 - 16:46:35: [l4d2_shop.smx] [UPDATE]: "mae<328><STEAM_1:1:569304161><>" saved. Points: "58"
L 07/19/2026 - 16:46:35: [l4d2_shop.smx] [UPDATE]: "Mistermorichika69<460><STEAM_1:0:817592675><>" saved. Points: "18"
L 07/19/2026 - 16:46:35: [l4d2_shop.smx] [UPDATE]: "onichan12<383><STEAM_1:1:630810877><>" saved. Points: "93"
L 07/19/2026 - 16:46:35: [l4d2_shop.smx] [UPDATE]: "daanyyelll<77><STEAM_1:1:564711691><>" saved. Points: "134"
L 07/19/2026 - 16:46:35: [l4d2_shop.smx] [UPDATE]: "fourth<385><STEAM_1:1:816599004><>" saved. Points: "32"
L 07/19/2026 - 16:47:35: [l4d2_shop.smx] [INSERT]: "jjk xdd<480><STEAM_1:1:398972336><>" is a new user!!
L 07/19/2026 - 16:52:00: [l4d2_shop.smx] [INSERT]: "ArielNaah<495><STEAM_1:0:583481604><>" is a new user!!
L 07/19/2026 - 16:52:50: [SM] Changed map to "c13m1_alpinecreek"
L 07/19/2026 - 16:52:52: -------- Mapchange to c13m1_alpinecreek --------
L 07/19/2026 - 16:52:55: [basecommands.smx] "Console<0><Console><Console>" changed cvar (cvar "sv_consistency") (value "0")
L 07/19/2026 - 16:52:55: [basecommands.smx] "Console<0><Console><Console>" changed cvar (cvar "sv_allow_lobby_connect_only") (value "0")
L 07/19/2026 - 16:52:55: [basecommands.smx] "Console<0><Console><Console>" changed cvar (cvar "sv_maxplayers") (value "8")
L 07/19/2026 - 16:52:55: [basecommands.smx] "Console<0><Console><Console>" changed cvar (cvar "sv_visiblemaxplayers") (value "-1")
L 07/19/2026 - 16:52:55: [chat-processor.smx] Message formats generated for game 'left4dead2'.
L 07/19/2026 - 16:52:55: [chat-processor.smx] Successfully hooked a SayText2 chat hook.
L 07/19/2026 - 16:53:06: [l4d2_shop.smx] [LOAD]: "[T-T]MoY<2><STEAM_1:0:511491787><>" loaded the record successfully! Points: "259"
L 07/19/2026 - 16:53:19: Log file closed.
L 07/19/2026 - 20:00:25: SourceMod log file session started (file "d:\steamlibrary\steamapps\common\left 4 dead 2\left4dead2\addons\sourcemod\logs\L20260719.log") (Version "1.12.0.7207")
L 07/19/2026 - 20:00:25: [GEOIP] GeoIP2 database loaded: GeoLite2-ASN (2024-08-21 08:15:21 UTC) (d:\steamlibrary\steamapps\common\left 4 dead 2\left4dead2\addons\sourcemod\configs\geoip\GeoLite2-ASN.mmdb)
L 07/19/2026 - 20:00:25: [GEOIP] GeoIP2 supported languages: en
L 07/19/2026 - 20:00:25: [GEOIP] Your database is older than 90 days. You should consider downloading a newer version from e.g. https://dev.maxmind.com/geoip/geolite2-free-geolocation-data
L 07/19/2026 - 20:00:27: [l4d_extinguisher.smx] 
==========
Warning: You should install "[L4D2] Scavenge Score Fix - Gascan Pouring" to prevent affecting the score when filling gas in Scavenge style events: https://forums.alliedmods.net/showthread.php?t=187686
==========

L 07/19/2026 - 20:00:27: [l4d_extinguisher.smx] 
==========
Warning: You should install "[L4D & L4D2] Use Priority Patch" to fix attached models blocking +USE action: https://forums.alliedmods.net/showthread.php?t=327511
==========

L 07/19/2026 - 20:00:38: [basecommands.smx] "Console<0><Console><Console>" changed cvar (cvar "sv_consistency") (value "0")
L 07/19/2026 - 20:00:38: [basecommands.smx] "Console<0><Console><Console>" changed cvar (cvar "sv_allow_lobby_connect_only") (value "0")
L 07/19/2026 - 20:00:38: [basecommands.smx] "Console<0><Console><Console>" changed cvar (cvar "sv_maxplayers") (value "8")
L 07/19/2026 - 20:00:38: [basecommands.smx] "Console<0><Console><Console>" changed cvar (cvar "sv_visiblemaxplayers") (value "-1")
L 07/19/2026 - 20:00:38: [chat-processor.smx] Message formats generated for game 'left4dead2'.
L 07/19/2026 - 20:00:38: [chat-processor.smx] Successfully hooked a SayText2 chat hook.
L 07/19/2026 - 20:00:49: [l4d2_shop.smx] [LOAD]: "[T-T]MoY<2><STEAM_1:0:511491787><>" loaded the record successfully! Points: "259"
L 07/19/2026 - 20:01:07: [basecommands.smx] "[T-T]MoY<2><STEAM_1:0:511491787><>" changed cvar (cvar "sv_gravity") (value "200")
L 07/19/2026 - 20:02:31: [l4d2_shop.smx] [UPDATE]: "[T-T]MoY<2><STEAM_1:0:511491787><>" saved. Points: "259"
L 07/19/2026 - 20:02:31: [l4d2_shop.smx] UPDATE SpecialFunctions SET isEnabled = 1 WHERE steamId = 'STEAM_1:0:511491787' AND (functionNo = 'GRAY_AMMO' OR functionNo = 'BLUE_AMMO' OR functionNo = 'GOLD_AMMO')
L 07/19/2026 - 20:03:42: [l4d2_shop.smx] [UPDATE]: "[T-T]MoY<2><STEAM_1:0:511491787><>" saved. Points: "259"
L 07/19/2026 - 20:03:42: [l4d2_shop.smx] UPDATE SpecialFunctions SET isEnabled = 1 WHERE steamId = 'STEAM_1:0:511491787' AND (functionNo = 'GRAY_AMMO' OR functionNo = 'BLUE_AMMO' OR functionNo = 'GOLD_AMMO')
L 07/19/2026 - 20:04:15: [l4d2_shop.smx] [INSERT]: "Alex<12><STEAM_1:0:722278840><>" is a new user!!
L 07/19/2026 - 20:05:07: [l4d2_shop.smx] [LOAD]: "C de Cuy Chactado<15><STEAM_1:0:450184060><>" loaded the record successfully! Points: "0"
L 07/19/2026 - 20:06:11: -------- Mapchange to c11m2_offices --------
L 07/19/2026 - 20:06:16: [basecommands.smx] "Console<0><Console><Console>" changed cvar (cvar "sv_consistency") (value "0")
L 07/19/2026 - 20:06:16: [basecommands.smx] "Console<0><Console><Console>" changed cvar (cvar "sv_allow_lobby_connect_only") (value "0")
L 07/19/2026 - 20:06:16: [basecommands.smx] "Console<0><Console><Console>" changed cvar (cvar "sv_maxplayers") (value "8")
L 07/19/2026 - 20:06:16: [basecommands.smx] "Console<0><Console><Console>" changed cvar (cvar "sv_visiblemaxplayers") (value "-1")
L 07/19/2026 - 20:06:16: [chat-processor.smx] Message formats generated for game 'left4dead2'.
L 07/19/2026 - 20:06:16: [chat-processor.smx] Successfully hooked a SayText2 chat hook.
L 07/19/2026 - 20:06:26: [l4d2_shop.smx] [LOAD]: "[T-T]MoY<2><STEAM_1:0:511491787><>" loaded the record successfully! Points: "259"
L 07/19/2026 - 20:06:55: [l4d2_shop.smx] [LOAD]: "C de Cuy Chactado<15><STEAM_1:0:450184060><>" loaded the record successfully! Points: "0"
L 07/19/2026 - 20:07:20: [l4d2_shop.smx] [LOAD]: "TÍO DE MAYA<23><STEAM_1:0:640201193><>" loaded the record successfully! Points: "18"
L 07/19/2026 - 20:08:57: -------- Mapchange to c11m3_garage --------
L 07/19/2026 - 20:09:01: [basecommands.smx] "Console<0><Console><Console>" changed cvar (cvar "sv_consistency") (value "0")
L 07/19/2026 - 20:09:01: [basecommands.smx] "Console<0><Console><Console>" changed cvar (cvar "sv_allow_lobby_connect_only") (value "0")
L 07/19/2026 - 20:09:01: [basecommands.smx] "Console<0><Console><Console>" changed cvar (cvar "sv_maxplayers") (value "8")
L 07/19/2026 - 20:09:01: [basecommands.smx] "Console<0><Console><Console>" changed cvar (cvar "sv_visiblemaxplayers") (value "-1")
L 07/19/2026 - 20:09:01: [chat-processor.smx] Message formats generated for game 'left4dead2'.
L 07/19/2026 - 20:09:01: [chat-processor.smx] Successfully hooked a SayText2 chat hook.
L 07/19/2026 - 20:09:11: [l4d2_shop.smx] [LOAD]: "[T-T]MoY<2><STEAM_1:0:511491787><>" loaded the record successfully! Points: "259"
L 07/19/2026 - 20:09:40: [l4d2_shop.smx] [LOAD]: "C de Cuy Chactado<15><STEAM_1:0:450184060><>" loaded the record successfully! Points: "0"
L 07/19/2026 - 20:10:18: [l4d2_shop.smx] [INSERT]: "mayquermoiseshidalgoflores9<36><STEAM_1:0:358506662><>" is a new user!!
L 07/19/2026 - 20:10:34: [l4d2_shop.smx] [INSERT]: "el pingon<40><STEAM_1:1:383143827><>" is a new user!!
L 07/19/2026 - 20:10:44: [basevotes.smx] "[T-T]MoY<2><STEAM_1:0:511491787><>" initiated a generic vote (question "se lo kachan al nero?" / answers "Yes" "No").
L 07/19/2026 - 20:11:04: [basevotes.smx] Vote successful. (Received "100" of 1 votes)
L 07/19/2026 - 20:11:04: [basevotes.smx] The answer to se lo kachan al nero? is: Yes.
L 07/19/2026 - 20:11:32: -------- Mapchange to c11m4_terminal --------
L 07/19/2026 - 20:11:35: [basecommands.smx] "Console<0><Console><Console>" changed cvar (cvar "sv_consistency") (value "0")
L 07/19/2026 - 20:11:35: [basecommands.smx] "Console<0><Console><Console>" changed cvar (cvar "sv_allow_lobby_connect_only") (value "0")
L 07/19/2026 - 20:11:35: [basecommands.smx] "Console<0><Console><Console>" changed cvar (cvar "sv_maxplayers") (value "8")
L 07/19/2026 - 20:11:35: [basecommands.smx] "Console<0><Console><Console>" changed cvar (cvar "sv_visiblemaxplayers") (value "-1")
L 07/19/2026 - 20:11:35: [chat-processor.smx] Message formats generated for game 'left4dead2'.
L 07/19/2026 - 20:11:35: [chat-processor.smx] Successfully hooked a SayText2 chat hook.
L 07/19/2026 - 20:11:46: [l4d2_shop.smx] [LOAD]: "[T-T]MoY<2><STEAM_1:0:511491787><>" loaded the record successfully! Points: "259"
L 07/19/2026 - 20:11:48: [l4d2_shop.smx] [LOAD]: "el pingon<40><STEAM_1:1:383143827><>" loaded the record successfully! Points: "0"
L 07/19/2026 - 20:12:10: [l4d2_shop.smx] [LOAD]: "mayquermoiseshidalgoflores9<36><STEAM_1:0:358506662><>" loaded the record successfully! Points: "0"
L 07/19/2026 - 20:12:11: [l4d2_shop.smx] [Buy]: "[T-T]MoY<2><STEAM_1:0:511491787><>" bought "health" (price: "98"), remaining points: "161"
L 07/19/2026 - 20:12:14: [l4d2_shop.smx] [LOAD]: "C de Cuy Chactado<15><STEAM_1:0:450184060><>" loaded the record successfully! Points: "0"
L 07/19/2026 - 20:13:24: [l4d2_shop.smx] [INSERT]: "soyleyendaaaaaa<50><STEAM_1:1:366079308><>" is a new user!!
L 07/19/2026 - 20:16:28: -------- Mapchange to c11m5_runway --------
L 07/19/2026 - 20:16:32: [basecommands.smx] "Console<0><Console><Console>" changed cvar (cvar "sv_consistency") (value "0")
L 07/19/2026 - 20:16:32: [basecommands.smx] "Console<0><Console><Console>" changed cvar (cvar "sv_allow_lobby_connect_only") (value "0")
L 07/19/2026 - 20:16:32: [basecommands.smx] "Console<0><Console><Console>" changed cvar (cvar "sv_maxplayers") (value "8")
L 07/19/2026 - 20:16:32: [basecommands.smx] "Console<0><Console><Console>" changed cvar (cvar "sv_visiblemaxplayers") (value "-1")
L 07/19/2026 - 20:16:32: [chat-processor.smx] Message formats generated for game 'left4dead2'.
L 07/19/2026 - 20:16:32: [chat-processor.smx] Successfully hooked a SayText2 chat hook.
L 07/19/2026 - 20:16:42: [l4d2_shop.smx] [LOAD]: "[T-T]MoY<2><STEAM_1:0:511491787><>" loaded the record successfully! Points: "259"
L 07/19/2026 - 20:17:03: [l4d2_shop.smx] [LOAD]: "mayquermoiseshidalgoflores9<36><STEAM_1:0:358506662><>" loaded the record successfully! Points: "0"
L 07/19/2026 - 20:17:07: [l4d2_shop.smx] [LOAD]: "C de Cuy Chactado<15><STEAM_1:0:450184060><>" loaded the record successfully! Points: "0"
L 07/19/2026 - 20:18:21: [l4d2_shop.smx] [INSERT]: "H A K E N<70><STEAM_1:1:805824216><>" is a new user!!
L 07/19/2026 - 20:18:25: [l4d2_shop.smx] [LOAD]: "rodrigo88_m<73><STEAM_1:0:29112883><>" loaded the record successfully! Points: "0"
L 07/19/2026 - 20:18:26: [l4d2_shop.smx] [INSERT]: "Cayrus006<72><STEAM_1:1:736767561><>" is a new user!!
L 07/19/2026 - 20:18:34: [l4d_sm_respawn.smx] "[T-T]MoY<2><STEAM_1:0:511491787><>" teleported "mayquermoiseshidalgoflores9<36><STEAM_1:0:358506662><>" after respawning him
L 07/19/2026 - 20:18:35: [l4d_sm_respawn.smx] "[T-T]MoY<2><STEAM_1:0:511491787><>" teleported "Cayrus006<72><STEAM_1:1:736767561><>" after respawning him
L 07/19/2026 - 20:20:02: [l4d2_shop.smx] [INSERT]: "Le Chat Noir<82><STEAM_1:0:22014948><>" is a new user!!
L 07/19/2026 - 20:20:08: [l4d_sm_respawn.smx] "[T-T]MoY<2><STEAM_1:0:511491787><>" teleported "Le Chat Noir<82><STEAM_1:0:22014948><>" after respawning him
L 07/19/2026 - 20:20:34: [l4d2_shop.smx] [Buy]: "[T-T]MoY<2><STEAM_1:0:511491787><>" bought "health" (price: "98"), remaining points: "175"
L 07/19/2026 - 20:20:36: [l4d_sm_respawn.smx] "[T-T]MoY<2><STEAM_1:0:511491787><>" teleported "C de Cuy Chactado<15><STEAM_1:0:450184060><>" after respawning him
L 07/19/2026 - 20:21:44: [l4d2_shop.smx] [INSERT]: "SN❄WDROP<89><STEAM_1:1:96312062><>" is a new user!!
L 07/19/2026 - 20:21:53: [l4d2_shop.smx] [INSERT]: "Viejo sabroso<90><STEAM_1:1:939646422><>" is a new user!!
L 07/19/2026 - 20:23:03: [l4d2_shop.smx] [Buy]: "[T-T]MoY<2><STEAM_1:0:511491787><>" bought "health" (price: "98"), remaining points: "91"
L 07/19/2026 - 20:24:35: [l4d_sm_respawn.smx] "[T-T]MoY<2><STEAM_1:0:511491787><>" teleported "mayquermoiseshidalgoflores9<36><STEAM_1:0:358506662><>" after respawning him
L 07/19/2026 - 20:24:41: [playercommands.smx] "[T-T]MoY<2><STEAM_1:0:511491787><>" slayed "SN❄WDROP<89><STEAM_1:1:96312062><>"
L 07/19/2026 - 20:25:17: [l4d2_shop.smx] [Buy]: "[T-T]MoY<2><STEAM_1:0:511491787><>" bought "Revivir (Costo actual: 50)" (price: "50"), remaining points: "53"
L 07/19/2026 - 20:26:28: [l4d2_shop.smx] [INSERT]: "𓃠El Terror de las Gatitas(<109><STEAM_1:1:196279139><>" is a new user!!
L 07/19/2026 - 20:26:36: [SM] Changed map to "c12m1_hilltop"
L 07/19/2026 - 20:26:37: -------- Mapchange to c12m1_hilltop --------
L 07/19/2026 - 20:26:41: [basecommands.smx] "Console<0><Console><Console>" changed cvar (cvar "sv_consistency") (value "0")
L 07/19/2026 - 20:26:41: [basecommands.smx] "Console<0><Console><Console>" changed cvar (cvar "sv_allow_lobby_connect_only") (value "0")
L 07/19/2026 - 20:26:41: [basecommands.smx] "Console<0><Console><Console>" changed cvar (cvar "sv_maxplayers") (value "8")
L 07/19/2026 - 20:26:41: [basecommands.smx] "Console<0><Console><Console>" changed cvar (cvar "sv_visiblemaxplayers") (value "-1")
L 07/19/2026 - 20:26:41: [chat-processor.smx] Message formats generated for game 'left4dead2'.
L 07/19/2026 - 20:26:41: [chat-processor.smx] Successfully hooked a SayText2 chat hook.
L 07/19/2026 - 20:26:52: [l4d2_shop.smx] [LOAD]: "[T-T]MoY<2><STEAM_1:0:511491787><>" loaded the record successfully! Points: "259"
L 07/19/2026 - 20:26:59: [l4d2_shop.smx] [LOAD]: "mayquermoiseshidalgoflores9<36><STEAM_1:0:358506662><>" loaded the record successfully! Points: "0"
L 07/19/2026 - 20:27:17: [l4d2_shop.smx] [LOAD]: "C de Cuy Chactado<15><STEAM_1:0:450184060><>" loaded the record successfully! Points: "0"
L 07/19/2026 - 20:28:46: [l4d2_shop.smx] [INSERT]: "verto311<120><STEAM_1:0:945982007><>" is a new user!!
L 07/19/2026 - 20:29:31: -------- Mapchange to c12m2_traintunnel --------
L 07/19/2026 - 20:29:36: [basecommands.smx] "Console<0><Console><Console>" changed cvar (cvar "sv_consistency") (value "0")
L 07/19/2026 - 20:29:36: [basecommands.smx] "Console<0><Console><Console>" changed cvar (cvar "sv_allow_lobby_connect_only") (value "0")
L 07/19/2026 - 20:29:36: [basecommands.smx] "Console<0><Console><Console>" changed cvar (cvar "sv_maxplayers") (value "8")
L 07/19/2026 - 20:29:36: [basecommands.smx] "Console<0><Console><Console>" changed cvar (cvar "sv_visiblemaxplayers") (value "-1")
L 07/19/2026 - 20:29:36: [chat-processor.smx] Message formats generated for game 'left4dead2'.
L 07/19/2026 - 20:29:36: [chat-processor.smx] Successfully hooked a SayText2 chat hook.
L 07/19/2026 - 20:29:46: [l4d2_shop.smx] [LOAD]: "[T-T]MoY<2><STEAM_1:0:511491787><>" loaded the record successfully! Points: "259"
L 07/19/2026 - 20:29:52: [l4d2_shop.smx] [LOAD]: "mayquermoiseshidalgoflores9<36><STEAM_1:0:358506662><>" loaded the record successfully! Points: "0"
L 07/19/2026 - 20:29:53: [l4d2_shop.smx] [LOAD]: "verto311<120><STEAM_1:0:945982007><>" loaded the record successfully! Points: "0"
L 07/19/2026 - 20:30:11: [l4d2_shop.smx] [LOAD]: "C de Cuy Chactado<15><STEAM_1:0:450184060><>" loaded the record successfully! Points: "0"
L 07/19/2026 - 20:30:16: [l4d2_shop.smx] [INSERT]: "CAZA PUTAS<127><STEAM_1:0:382420135><>" is a new user!!
L 07/19/2026 - 20:32:09: -------- Mapchange to c12m3_bridge --------
L 07/19/2026 - 20:32:13: [basecommands.smx] "Console<0><Console><Console>" changed cvar (cvar "sv_consistency") (value "0")
L 07/19/2026 - 20:32:13: [basecommands.smx] "Console<0><Console><Console>" changed cvar (cvar "sv_allow_lobby_connect_only") (value "0")
L 07/19/2026 - 20:32:13: [basecommands.smx] "Console<0><Console><Console>" changed cvar (cvar "sv_maxplayers") (value "8")
L 07/19/2026 - 20:32:13: [basecommands.smx] "Console<0><Console><Console>" changed cvar (cvar "sv_visiblemaxplayers") (value "-1")
L 07/19/2026 - 20:32:13: [chat-processor.smx] Message formats generated for game 'left4dead2'.
L 07/19/2026 - 20:32:13: [chat-processor.smx] Successfully hooked a SayText2 chat hook.
L 07/19/2026 - 20:32:23: [l4d2_shop.smx] [LOAD]: "[T-T]MoY<2><STEAM_1:0:511491787><>" loaded the record successfully! Points: "259"
L 07/19/2026 - 20:32:28: [l4d2_shop.smx] [LOAD]: "mayquermoiseshidalgoflores9<36><STEAM_1:0:358506662><>" loaded the record successfully! Points: "0"
L 07/19/2026 - 20:32:48: [l4d2_shop.smx] [LOAD]: "C de Cuy Chactado<15><STEAM_1:0:450184060><>" loaded the record successfully! Points: "0"
L 07/19/2026 - 20:34:22: [l4d2_shop.smx] [LOAD]: "xDragonGaming83<144><STEAM_1:0:934588592><>" loaded the record successfully! Points: "1057"
L 07/19/2026 - 20:35:15: [l4d2_shop.smx] [UPDATE]: "[T-T]MoY<2><STEAM_1:0:511491787><>" saved. Points: "269"
L 07/19/2026 - 20:35:15: [l4d2_shop.smx] UPDATE SpecialFunctions SET isEnabled = 1 WHERE steamId = 'STEAM_1:0:511491787' AND (functionNo = 'GRAY_AMMO' OR functionNo = 'BLUE_AMMO' OR functionNo = 'GOLD_AMMO')
L 07/19/2026 - 20:35:15: [l4d2_shop.smx] [UPDATE]: "C de Cuy Chactado<15><STEAM_1:0:450184060><>" saved. Points: "24"
L 07/19/2026 - 20:35:15: [l4d2_shop.smx] [UPDATE]: "xDragonGaming83<144><STEAM_1:0:934588592><>" saved. Points: "1062"
L 07/19/2026 - 20:35:51: [l4d2_shop.smx] [INSERT]: "JHESSE<151><STEAM_1:0:589918781><>" is a new user!!
L 07/19/2026 - 20:37:06: [l4d2_shop.smx] [UPDATE]: "[T-T]MoY<2><STEAM_1:0:511491787><>" saved. Points: "273"
L 07/19/2026 - 20:37:06: [l4d2_shop.smx] UPDATE SpecialFunctions SET isEnabled = 1 WHERE steamId = 'STEAM_1:0:511491787' AND (functionNo = 'GRAY_AMMO' OR functionNo = 'BLUE_AMMO' OR functionNo = 'GOLD_AMMO')
L 07/19/2026 - 20:37:06: [l4d2_shop.smx] [UPDATE]: "JHESSE<151><STEAM_1:0:589918781><>" saved. Points: "4"
L 07/19/2026 - 20:37:06: [l4d2_shop.smx] [UPDATE]: "C de Cuy Chactado<15><STEAM_1:0:450184060><>" saved. Points: "34"
L 07/19/2026 - 20:37:06: [l4d2_shop.smx] [UPDATE]: "xDragonGaming83<144><STEAM_1:0:934588592><>" saved. Points: "1066"
L 07/19/2026 - 20:39:49: -------- Mapchange to c12m4_barn --------
L 07/19/2026 - 20:39:53: [basecommands.smx] "Console<0><Console><Console>" changed cvar (cvar "sv_consistency") (value "0")
L 07/19/2026 - 20:39:53: [basecommands.smx] "Console<0><Console><Console>" changed cvar (cvar "sv_allow_lobby_connect_only") (value "0")
L 07/19/2026 - 20:39:53: [basecommands.smx] "Console<0><Console><Console>" changed cvar (cvar "sv_maxplayers") (value "8")
L 07/19/2026 - 20:39:53: [basecommands.smx] "Console<0><Console><Console>" changed cvar (cvar "sv_visiblemaxplayers") (value "-1")
L 07/19/2026 - 20:39:53: [chat-processor.smx] Message formats generated for game 'left4dead2'.
L 07/19/2026 - 20:39:53: [chat-processor.smx] Successfully hooked a SayText2 chat hook.
L 07/19/2026 - 20:40:03: [l4d2_shop.smx] [LOAD]: "[T-T]MoY<2><STEAM_1:0:511491787><>" loaded the record successfully! Points: "273"
L 07/19/2026 - 20:40:20: [l4d2_shop.smx] [LOAD]: "JHESSE<151><STEAM_1:0:589918781><>" loaded the record successfully! Points: "4"
L 07/19/2026 - 20:40:20: [l4d2_shop.smx] [LOAD]: "xDragonGaming83<144><STEAM_1:0:934588592><>" loaded the record successfully! Points: "1066"
L 07/19/2026 - 20:40:29: [l4d2_shop.smx] [LOAD]: "C de Cuy Chactado<15><STEAM_1:0:450184060><>" loaded the record successfully! Points: "34"
L 07/19/2026 - 20:42:02: -------- Mapchange to c12m5_cornfield --------
L 07/19/2026 - 20:42:06: [basecommands.smx] "Console<0><Console><Console>" changed cvar (cvar "sv_consistency") (value "0")
L 07/19/2026 - 20:42:06: [basecommands.smx] "Console<0><Console><Console>" changed cvar (cvar "sv_allow_lobby_connect_only") (value "0")
L 07/19/2026 - 20:42:06: [basecommands.smx] "Console<0><Console><Console>" changed cvar (cvar "sv_maxplayers") (value "8")
L 07/19/2026 - 20:42:06: [basecommands.smx] "Console<0><Console><Console>" changed cvar (cvar "sv_visiblemaxplayers") (value "-1")
L 07/19/2026 - 20:42:06: [chat-processor.smx] Message formats generated for game 'left4dead2'.
L 07/19/2026 - 20:42:06: [chat-processor.smx] Successfully hooked a SayText2 chat hook.
L 07/19/2026 - 20:42:17: [l4d2_shop.smx] [LOAD]: "[T-T]MoY<2><STEAM_1:0:511491787><>" loaded the record successfully! Points: "273"
L 07/19/2026 - 20:42:25: [l4d2_shop.smx] [LOAD]: "love love<175><STEAM_1:0:931301575><>" loaded the record successfully! Points: "5771"
L 07/19/2026 - 20:42:34: [l4d2_shop.smx] [LOAD]: "JHESSE<151><STEAM_1:0:589918781><>" loaded the record successfully! Points: "4"
L 07/19/2026 - 20:42:34: [l4d2_shop.smx] [LOAD]: "xDragonGaming83<144><STEAM_1:0:934588592><>" loaded the record successfully! Points: "1066"
L 07/19/2026 - 20:42:37: [l4d2_shop.smx] [LOAD]: "Ghøst_Recøn501<179><STEAM_1:0:197754918><>" loaded the record successfully! Points: "467884"
L 07/19/2026 - 20:42:42: [l4d2_shop.smx] [LOAD]: "C de Cuy Chactado<15><STEAM_1:0:450184060><>" loaded the record successfully! Points: "34"
L 07/19/2026 - 20:43:34: [l4d_sm_respawn.smx] "[T-T]MoY<2><STEAM_1:0:511491787><>" teleported "love love<175><STEAM_1:0:931301575><>" after respawning him
L 07/19/2026 - 20:44:29: [l4d_sm_respawn.smx] "[T-T]MoY<2><STEAM_1:0:511491787><>" teleported "xDragonGaming83<144><STEAM_1:0:934588592><>" after respawning him
L 07/19/2026 - 20:44:54: [l4d_sm_respawn.smx] "[T-T]MoY<2><STEAM_1:0:511491787><>" teleported "xDragonGaming83<144><STEAM_1:0:934588592><>" after respawning him
L 07/19/2026 - 20:45:47: [l4d_sm_respawn.smx] "[T-T]MoY<2><STEAM_1:0:511491787><>" teleported "xDragonGaming83<144><STEAM_1:0:934588592><>" after respawning him
L 07/19/2026 - 20:48:00: [funcommands.smx] "[T-T]MoY<2><STEAM_1:0:511491787><>" froze "C de Cuy Chactado<15><STEAM_1:0:450184060><>"
L 07/19/2026 - 20:48:24: [l4d_sm_respawn.smx] "[T-T]MoY<2><STEAM_1:0:511491787><>" teleported "Ghøst_Recøn501<179><STEAM_1:0:197754918><>" after respawning him
L 07/19/2026 - 20:49:44: [l4d2_shop.smx] [INSERT]: "FORTITUDE<202><STEAM_1:1:185122232><>" is a new user!!
L 07/19/2026 - 20:50:01: [l4d2_shop.smx] [LOAD]: "soyleyendaaaaaa<206><STEAM_1:1:366079308><>" loaded the record successfully! Points: "0"
L 07/19/2026 - 20:51:00: [SM] Changed map to "c1m1_hotel"
L 07/19/2026 - 20:51:03: -------- Mapchange to c1m1_hotel --------
L 07/19/2026 - 20:51:07: [basecommands.smx] "Console<0><Console><Console>" changed cvar (cvar "sv_consistency") (value "0")
L 07/19/2026 - 20:51:07: [basecommands.smx] "Console<0><Console><Console>" changed cvar (cvar "sv_allow_lobby_connect_only") (value "0")
L 07/19/2026 - 20:51:07: [basecommands.smx] "Console<0><Console><Console>" changed cvar (cvar "sv_maxplayers") (value "8")
L 07/19/2026 - 20:51:07: [basecommands.smx] "Console<0><Console><Console>" changed cvar (cvar "sv_visiblemaxplayers") (value "-1")
L 07/19/2026 - 20:51:07: [chat-processor.smx] Message formats generated for game 'left4dead2'.
L 07/19/2026 - 20:51:07: [chat-processor.smx] Successfully hooked a SayText2 chat hook.
L 07/19/2026 - 20:51:25: [l4d2_shop.smx] [LOAD]: "[T-T]MoY<2><STEAM_1:0:511491787><>" loaded the record successfully! Points: "273"
L 07/19/2026 - 20:51:26: [l4d2_shop.smx] [LOAD]: "Ghøst_Recøn501<179><STEAM_1:0:197754918><>" loaded the record successfully! Points: "467884"
L 07/19/2026 - 20:51:27: [l4d2_shop.smx] [LOAD]: "love love<175><STEAM_1:0:931301575><>" loaded the record successfully! Points: "5771"
L 07/19/2026 - 20:51:39: [l4d2_shop.smx] [LOAD]: "FORTITUDE<202><STEAM_1:1:185122232><>" loaded the record successfully! Points: "0"
L 07/19/2026 - 20:51:44: [l4d2_shop.smx] [INSERT]: "mitskigamer<211><STEAM_1:0:849804120><>" is a new user!!
L 07/19/2026 - 20:51:50: [l4d2_shop.smx] [LOAD]: "C de Cuy Chactado<15><STEAM_1:0:450184060><>" loaded the record successfully! Points: "34"
L 07/19/2026 - 20:51:51: [l4d2_shop.smx] [LOAD]: "xDragonGaming83<144><STEAM_1:0:934588592><>" loaded the record successfully! Points: "1066"
L 07/19/2026 - 20:53:40: [l4d2_shop.smx] [LOAD]: "RED JOHN<223><STEAM_1:1:567112170><>" loaded the record successfully! Points: "37"
L 07/19/2026 - 20:55:24: [l4d2_shop.smx] [INSERT]: "222<232><STEAM_1:1:779941705><>" is a new user!!
L 07/19/2026 - 20:55:39: -------- Mapchange to c1m2_streets --------
L 07/19/2026 - 20:55:43: [basecommands.smx] "Console<0><Console><Console>" changed cvar (cvar "sv_consistency") (value "0")
L 07/19/2026 - 20:55:43: [basecommands.smx] "Console<0><Console><Console>" changed cvar (cvar "sv_allow_lobby_connect_only") (value "0")
L 07/19/2026 - 20:55:43: [basecommands.smx] "Console<0><Console><Console>" changed cvar (cvar "sv_maxplayers") (value "8")
L 07/19/2026 - 20:55:43: [basecommands.smx] "Console<0><Console><Console>" changed cvar (cvar "sv_visiblemaxplayers") (value "-1")
L 07/19/2026 - 20:55:44: [chat-processor.smx] Message formats generated for game 'left4dead2'.
L 07/19/2026 - 20:55:44: [chat-processor.smx] Successfully hooked a SayText2 chat hook.
L 07/19/2026 - 20:56:01: [l4d2_shop.smx] [LOAD]: "[T-T]MoY<2><STEAM_1:0:511491787><>" loaded the record successfully! Points: "273"
L 07/19/2026 - 20:56:03: [l4d2_shop.smx] [LOAD]: "Ghøst_Recøn501<179><STEAM_1:0:197754918><>" loaded the record successfully! Points: "467884"
L 07/19/2026 - 20:56:04: [l4d2_shop.smx] [LOAD]: "love love<175><STEAM_1:0:931301575><>" loaded the record successfully! Points: "5771"
L 07/19/2026 - 20:56:09: [l4d2_shop.smx] [LOAD]: "222<232><STEAM_1:1:779941705><>" loaded the record successfully! Points: "0"
L 07/19/2026 - 20:56:09: [l4d2_shop.smx] [LOAD]: "RED JOHN<223><STEAM_1:1:567112170><>" loaded the record successfully! Points: "37"
L 07/19/2026 - 20:56:10: [l4d2_shop.smx] [INSERT]: "everyoneshadow<234><STEAM_1:0:559849491><>" is a new user!!
L 07/19/2026 - 20:56:13: [l4d2_shop.smx] [LOAD]: "FORTITUDE<202><STEAM_1:1:185122232><>" loaded the record successfully! Points: "0"
L 07/19/2026 - 20:56:26: [l4d2_shop.smx] [LOAD]: "C de Cuy Chactado<15><STEAM_1:0:450184060><>" loaded the record successfully! Points: "34"
L 07/19/2026 - 21:00:38: -------- Mapchange to c1m3_mall --------
L 07/19/2026 - 21:00:43: [basecommands.smx] "Console<0><Console><Console>" changed cvar (cvar "sv_consistency") (value "0")
L 07/19/2026 - 21:00:43: [basecommands.smx] "Console<0><Console><Console>" changed cvar (cvar "sv_allow_lobby_connect_only") (value "0")
L 07/19/2026 - 21:00:43: [basecommands.smx] "Console<0><Console><Console>" changed cvar (cvar "sv_maxplayers") (value "8")
L 07/19/2026 - 21:00:43: [basecommands.smx] "Console<0><Console><Console>" changed cvar (cvar "sv_visiblemaxplayers") (value "-1")
L 07/19/2026 - 21:00:43: [chat-processor.smx] Message formats generated for game 'left4dead2'.
L 07/19/2026 - 21:00:43: [chat-processor.smx] Successfully hooked a SayText2 chat hook.
L 07/19/2026 - 21:01:00: [l4d2_shop.smx] [LOAD]: "[T-T]MoY<2><STEAM_1:0:511491787><>" loaded the record successfully! Points: "273"
L 07/19/2026 - 21:01:03: [l4d2_shop.smx] [LOAD]: "Ghøst_Recøn501<179><STEAM_1:0:197754918><>" loaded the record successfully! Points: "467884"
L 07/19/2026 - 21:01:03: [l4d2_shop.smx] [LOAD]: "love love<175><STEAM_1:0:931301575><>" loaded the record successfully! Points: "5771"
L 07/19/2026 - 21:01:08: [l4d2_shop.smx] [LOAD]: "RED JOHN<223><STEAM_1:1:567112170><>" loaded the record successfully! Points: "37"
L 07/19/2026 - 21:01:08: [l4d2_shop.smx] [LOAD]: "222<232><STEAM_1:1:779941705><>" loaded the record successfully! Points: "0"
L 07/19/2026 - 21:01:08: [l4d2_shop.smx] [LOAD]: "everyoneshadow<234><STEAM_1:0:559849491><>" loaded the record successfully! Points: "0"
L 07/19/2026 - 21:01:11: [l4d2_shop.smx] [LOAD]: "FORTITUDE<202><STEAM_1:1:185122232><>" loaded the record successfully! Points: "0"
L 07/19/2026 - 21:01:25: [l4d2_shop.smx] [LOAD]: "C de Cuy Chactado<15><STEAM_1:0:450184060><>" loaded the record successfully! Points: "34"
L 07/19/2026 - 21:04:37: -------- Mapchange to c1m4_atrium --------
L 07/19/2026 - 21:04:40: [basecommands.smx] "Console<0><Console><Console>" changed cvar (cvar "sv_consistency") (value "0")
L 07/19/2026 - 21:04:40: [basecommands.smx] "Console<0><Console><Console>" changed cvar (cvar "sv_allow_lobby_connect_only") (value "0")
L 07/19/2026 - 21:04:40: [basecommands.smx] "Console<0><Console><Console>" changed cvar (cvar "sv_maxplayers") (value "8")
L 07/19/2026 - 21:04:40: [basecommands.smx] "Console<0><Console><Console>" changed cvar (cvar "sv_visiblemaxplayers") (value "-1")
L 07/19/2026 - 21:04:41: [chat-processor.smx] Message formats generated for game 'left4dead2'.
L 07/19/2026 - 21:04:41: [chat-processor.smx] Successfully hooked a SayText2 chat hook.
L 07/19/2026 - 21:04:58: [l4d2_shop.smx] [LOAD]: "[T-T]MoY<2><STEAM_1:0:511491787><>" loaded the record successfully! Points: "273"
L 07/19/2026 - 21:04:59: [l4d2_shop.smx] [LOAD]: "Ghøst_Recøn501<179><STEAM_1:0:197754918><>" loaded the record successfully! Points: "467884"
L 07/19/2026 - 21:05:00: [l4d2_shop.smx] [LOAD]: "love love<175><STEAM_1:0:931301575><>" loaded the record successfully! Points: "5771"
L 07/19/2026 - 21:05:04: [l4d2_shop.smx] [LOAD]: "RED JOHN<223><STEAM_1:1:567112170><>" loaded the record successfully! Points: "37"
L 07/19/2026 - 21:05:04: [l4d2_shop.smx] [LOAD]: "222<232><STEAM_1:1:779941705><>" loaded the record successfully! Points: "0"
L 07/19/2026 - 21:05:05: [l4d2_shop.smx] [LOAD]: "everyoneshadow<234><STEAM_1:0:559849491><>" loaded the record successfully! Points: "0"
L 07/19/2026 - 21:05:06: [l4d2_shop.smx] [LOAD]: "FORTITUDE<202><STEAM_1:1:185122232><>" loaded the record successfully! Points: "0"
L 07/19/2026 - 21:05:22: [l4d2_shop.smx] [LOAD]: "C de Cuy Chactado<15><STEAM_1:0:450184060><>" loaded the record successfully! Points: "34"
L 07/19/2026 - 21:08:25: [SM] Changed map to "c5m1_waterfront"
L 07/19/2026 - 21:08:27: -------- Mapchange to c5m1_waterfront --------
L 07/19/2026 - 21:08:31: [basecommands.smx] "Console<0><Console><Console>" changed cvar (cvar "sv_consistency") (value "0")
L 07/19/2026 - 21:08:31: [basecommands.smx] "Console<0><Console><Console>" changed cvar (cvar "sv_allow_lobby_connect_only") (value "0")
L 07/19/2026 - 21:08:31: [basecommands.smx] "Console<0><Console><Console>" changed cvar (cvar "sv_maxplayers") (value "8")
L 07/19/2026 - 21:08:31: [basecommands.smx] "Console<0><Console><Console>" changed cvar (cvar "sv_visiblemaxplayers") (value "-1")
L 07/19/2026 - 21:08:31: [chat-processor.smx] Message formats generated for game 'left4dead2'.
L 07/19/2026 - 21:08:31: [chat-processor.smx] Successfully hooked a SayText2 chat hook.
L 07/19/2026 - 21:08:49: [l4d2_shop.smx] [LOAD]: "[T-T]MoY<2><STEAM_1:0:511491787><>" loaded the record successfully! Points: "273"
L 07/19/2026 - 21:08:50: [l4d2_shop.smx] [LOAD]: "Ghøst_Recøn501<179><STEAM_1:0:197754918><>" loaded the record successfully! Points: "467884"
L 07/19/2026 - 21:08:51: [l4d2_shop.smx] [LOAD]: "love love<175><STEAM_1:0:931301575><>" loaded the record successfully! Points: "5771"
L 07/19/2026 - 21:08:54: [l4d2_shop.smx] [LOAD]: "222<232><STEAM_1:1:779941705><>" loaded the record successfully! Points: "0"
L 07/19/2026 - 21:08:58: [l4d2_shop.smx] [LOAD]: "FORTITUDE<202><STEAM_1:1:185122232><>" loaded the record successfully! Points: "0"
L 07/19/2026 - 21:09:00: [l4d2_shop.smx] [LOAD]: "everyoneshadow<234><STEAM_1:0:559849491><>" loaded the record successfully! Points: "0"
L 07/19/2026 - 21:09:17: [l4d2_shop.smx] [LOAD]: "C de Cuy Chactado<15><STEAM_1:0:450184060><>" loaded the record successfully! Points: "34"
L 07/19/2026 - 21:10:14: [l4d2_shop.smx] [LOAD]: "PANDITA<300><STEAM_1:1:544610071><>" loaded the record successfully! Points: "5167"
L 07/19/2026 - 21:10:49: -------- Mapchange to c5m2_park --------
L 07/19/2026 - 21:10:52: [basecommands.smx] "Console<0><Console><Console>" changed cvar (cvar "sv_consistency") (value "0")
L 07/19/2026 - 21:10:52: [basecommands.smx] "Console<0><Console><Console>" changed cvar (cvar "sv_allow_lobby_connect_only") (value "0")
L 07/19/2026 - 21:10:52: [basecommands.smx] "Console<0><Console><Console>" changed cvar (cvar "sv_maxplayers") (value "8")
L 07/19/2026 - 21:10:52: [basecommands.smx] "Console<0><Console><Console>" changed cvar (cvar "sv_visiblemaxplayers") (value "-1")
L 07/19/2026 - 21:10:53: [chat-processor.smx] Message formats generated for game 'left4dead2'.
L 07/19/2026 - 21:10:53: [chat-processor.smx] Successfully hooked a SayText2 chat hook.
L 07/19/2026 - 21:11:11: [l4d2_shop.smx] [LOAD]: "[T-T]MoY<2><STEAM_1:0:511491787><>" loaded the record successfully! Points: "273"
L 07/19/2026 - 21:11:12: [l4d2_shop.smx] [LOAD]: "love love<175><STEAM_1:0:931301575><>" loaded the record successfully! Points: "5771"
L 07/19/2026 - 21:11:14: [l4d2_shop.smx] [LOAD]: "PANDITA<300><STEAM_1:1:544610071><>" loaded the record successfully! Points: "5167"
L 07/19/2026 - 21:11:16: [l4d2_shop.smx] [LOAD]: "Ghøst_Recøn501<179><STEAM_1:0:197754918><>" loaded the record successfully! Points: "467884"
L 07/19/2026 - 21:11:16: [l4d2_shop.smx] [LOAD]: "222<232><STEAM_1:1:779941705><>" loaded the record successfully! Points: "0"
L 07/19/2026 - 21:11:21: [l4d2_shop.smx] [LOAD]: "FORTITUDE<202><STEAM_1:1:185122232><>" loaded the record successfully! Points: "0"
L 07/19/2026 - 21:11:21: [l4d2_shop.smx] [LOAD]: "everyoneshadow<234><STEAM_1:0:559849491><>" loaded the record successfully! Points: "0"
L 07/19/2026 - 21:11:37: [l4d2_shop.smx] [LOAD]: "C de Cuy Chactado<15><STEAM_1:0:450184060><>" loaded the record successfully! Points: "34"
L 07/19/2026 - 21:14:57: -------- Mapchange to c5m3_cemetery --------
L 07/19/2026 - 21:15:01: [basecommands.smx] "Console<0><Console><Console>" changed cvar (cvar "sv_consistency") (value "0")
L 07/19/2026 - 21:15:01: [basecommands.smx] "Console<0><Console><Console>" changed cvar (cvar "sv_allow_lobby_connect_only") (value "0")
L 07/19/2026 - 21:15:01: [basecommands.smx] "Console<0><Console><Console>" changed cvar (cvar "sv_maxplayers") (value "8")
L 07/19/2026 - 21:15:01: [basecommands.smx] "Console<0><Console><Console>" changed cvar (cvar "sv_visiblemaxplayers") (value "-1")
L 07/19/2026 - 21:15:01: [chat-processor.smx] Message formats generated for game 'left4dead2'.
L 07/19/2026 - 21:15:01: [chat-processor.smx] Successfully hooked a SayText2 chat hook.
L 07/19/2026 - 21:15:19: [l4d2_shop.smx] [LOAD]: "[T-T]MoY<2><STEAM_1:0:511491787><>" loaded the record successfully! Points: "273"
L 07/19/2026 - 21:15:20: [l4d2_shop.smx] [LOAD]: "Ghøst_Recøn501<179><STEAM_1:0:197754918><>" loaded the record successfully! Points: "467884"
L 07/19/2026 - 21:15:21: [l4d2_shop.smx] [LOAD]: "love love<175><STEAM_1:0:931301575><>" loaded the record successfully! Points: "5771"
L 07/19/2026 - 21:15:22: [l4d2_shop.smx] [LOAD]: "PANDITA<300><STEAM_1:1:544610071><>" loaded the record successfully! Points: "5167"
L 07/19/2026 - 21:15:24: [l4d2_shop.smx] [LOAD]: "222<232><STEAM_1:1:779941705><>" loaded the record successfully! Points: "0"
L 07/19/2026 - 21:15:26: [l4d2_shop.smx] [LOAD]: "everyoneshadow<234><STEAM_1:0:559849491><>" loaded the record successfully! Points: "0"
L 07/19/2026 - 21:15:46: [l4d2_shop.smx] [LOAD]: "C de Cuy Chactado<15><STEAM_1:0:450184060><>" loaded the record successfully! Points: "34"
L 07/19/2026 - 21:16:34: [l4d2_shop.smx] [INSERT]: "justy<330><STEAM_1:1:837557457><>" is a new user!!
L 07/19/2026 - 21:17:18: [funcommands.smx] "[T-T]MoY<2><STEAM_1:0:511491787><>" froze "PANDITA<300><STEAM_1:1:544610071><>"
L 07/19/2026 - 21:17:49: [l4d_sm_respawn.smx] "[T-T]MoY<2><STEAM_1:0:511491787><>" teleported "PANDITA<300><STEAM_1:1:544610071><>" after respawning him
L 07/19/2026 - 21:19:50: [l4d_sm_respawn.smx] "[T-T]MoY<2><STEAM_1:0:511491787><>" teleported "[T-T]MoY<2><STEAM_1:0:511491787><>" after respawning him
L 07/19/2026 - 21:19:50: [l4d_sm_respawn.smx] "[T-T]MoY<2><STEAM_1:0:511491787><>" teleported "justy<330><STEAM_1:1:837557457><>" after respawning him
L 07/19/2026 - 21:19:51: [l4d_sm_respawn.smx] "[T-T]MoY<2><STEAM_1:0:511491787><>" teleported "everyoneshadow<234><STEAM_1:0:559849491><>" after respawning him
L 07/19/2026 - 21:19:51: [l4d_sm_respawn.smx] "[T-T]MoY<2><STEAM_1:0:511491787><>" teleported "PANDITA<300><STEAM_1:1:544610071><>" after respawning him
L 07/19/2026 - 21:21:08: [l4d_sm_respawn.smx] "[T-T]MoY<2><STEAM_1:0:511491787><>" teleported "[T-T]MoY<2><STEAM_1:0:511491787><>" after respawning him
L 07/19/2026 - 21:21:09: [l4d_sm_respawn.smx] "[T-T]MoY<2><STEAM_1:0:511491787><>" teleported "everyoneshadow<234><STEAM_1:0:559849491><>" after respawning him
L 07/19/2026 - 21:21:09: [l4d_sm_respawn.smx] "[T-T]MoY<2><STEAM_1:0:511491787><>" teleported "PANDITA<300><STEAM_1:1:544610071><>" after respawning him
L 07/19/2026 - 21:21:15: [l4d_sm_respawn.smx] "[T-T]MoY<2><STEAM_1:0:511491787><>" teleported "justy<330><STEAM_1:1:837557457><>" after respawning him
L 07/19/2026 - 21:21:42: [l4d2_shop.smx] [INSERT]: "gucci<349><STEAM_1:0:172052618><>" is a new user!!
L 07/19/2026 - 21:22:37: [l4d2_shop.smx] [INSERT]: "bob kchero<360><STEAM_1:1:872935568><>" is a new user!!
L 07/19/2026 - 21:22:48: [l4d2_shop.smx] [INSERT]: "CAT-LON.2.0<362><STEAM_1:1:673657369><>" is a new user!!
L 07/19/2026 - 21:24:28: -------- Mapchange to c5m4_quarter --------
L 07/19/2026 - 21:24:32: [basecommands.smx] "Console<0><Console><Console>" changed cvar (cvar "sv_consistency") (value "0")
L 07/19/2026 - 21:24:32: [basecommands.smx] "Console<0><Console><Console>" changed cvar (cvar "sv_allow_lobby_connect_only") (value "0")
L 07/19/2026 - 21:24:32: [basecommands.smx] "Console<0><Console><Console>" changed cvar (cvar "sv_maxplayers") (value "8")
L 07/19/2026 - 21:24:32: [basecommands.smx] "Console<0><Console><Console>" changed cvar (cvar "sv_visiblemaxplayers") (value "-1")
L 07/19/2026 - 21:24:33: [chat-processor.smx] Message formats generated for game 'left4dead2'.
L 07/19/2026 - 21:24:33: [chat-processor.smx] Successfully hooked a SayText2 chat hook.
L 07/19/2026 - 21:24:50: [l4d2_shop.smx] [LOAD]: "[T-T]MoY<2><STEAM_1:0:511491787><>" loaded the record successfully! Points: "273"
L 07/19/2026 - 21:24:54: [l4d2_shop.smx] [LOAD]: "PANDITA<300><STEAM_1:1:544610071><>" loaded the record successfully! Points: "5167"
L 07/19/2026 - 21:24:58: [l4d2_shop.smx] [LOAD]: "everyoneshadow<234><STEAM_1:0:559849491><>" loaded the record successfully! Points: "0"
L 07/19/2026 - 21:25:16: [l4d2_shop.smx] [LOAD]: "C de Cuy Chactado<15><STEAM_1:0:450184060><>" loaded the record successfully! Points: "34"
L 07/19/2026 - 21:25:20: [l4d2_shop.smx] [LOAD]: "justy<330><STEAM_1:1:837557457><>" loaded the record successfully! Points: "0"
L 07/19/2026 - 21:25:51: [l4d2_shop.smx] [LOAD]: "gucci<349><STEAM_1:0:172052618><>" loaded the record successfully! Points: "0"
L 07/19/2026 - 21:26:59: [l4d2_shop.smx] [LOAD]: "..<381><STEAM_1:0:931301575><>" loaded the record successfully! Points: "5771"
L 07/19/2026 - 21:28:42: -------- Mapchange to c5m5_bridge --------
L 07/19/2026 - 21:28:46: [basecommands.smx] "Console<0><Console><Console>" changed cvar (cvar "sv_consistency") (value "0")
L 07/19/2026 - 21:28:46: [basecommands.smx] "Console<0><Console><Console>" changed cvar (cvar "sv_allow_lobby_connect_only") (value "0")
L 07/19/2026 - 21:28:46: [basecommands.smx] "Console<0><Console><Console>" changed cvar (cvar "sv_maxplayers") (value "8")
L 07/19/2026 - 21:28:46: [basecommands.smx] "Console<0><Console><Console>" changed cvar (cvar "sv_visiblemaxplayers") (value "-1")
L 07/19/2026 - 21:28:46: [chat-processor.smx] Message formats generated for game 'left4dead2'.
L 07/19/2026 - 21:28:46: [chat-processor.smx] Successfully hooked a SayText2 chat hook.
L 07/19/2026 - 21:29:04: [l4d2_shop.smx] [LOAD]: "[T-T]MoY<2><STEAM_1:0:511491787><>" loaded the record successfully! Points: "273"
L 07/19/2026 - 21:29:06: [l4d2_shop.smx] [LOAD]: "..<381><STEAM_1:0:931301575><>" loaded the record successfully! Points: "5771"
L 07/19/2026 - 21:29:07: [l4d2_shop.smx] [LOAD]: "PANDITA<300><STEAM_1:1:544610071><>" loaded the record successfully! Points: "5167"
L 07/19/2026 - 21:29:12: [l4d2_shop.smx] [LOAD]: "everyoneshadow<234><STEAM_1:0:559849491><>" loaded the record successfully! Points: "0"
L 07/19/2026 - 21:29:32: [l4d2_shop.smx] [LOAD]: "C de Cuy Chactado<15><STEAM_1:0:450184060><>" loaded the record successfully! Points: "34"
L 07/19/2026 - 21:29:37: [l4d2_shop.smx] [LOAD]: "justy<330><STEAM_1:1:837557457><>" loaded the record successfully! Points: "0"
L 07/19/2026 - 21:30:55: [l4d2_shop.smx] [LOAD]: "gucci<349><STEAM_1:0:172052618><>" loaded the record successfully! Points: "0"
L 07/19/2026 - 21:32:12: [l4d2_shop.smx] [INSERT]: "Mew<398><STEAM_1:0:553498941><>" is a new user!!
L 07/19/2026 - 21:33:53: Log file closed.
