L 10/09/2025 - 23:26:28: SourceMod log file session started (file "z:\home\moy\.steam\debian-installation\steamapps\common\left 4 dead 2\left4dead2\addons\sourcemod\logs\L20251009.log") (Version "1.12.0.7207")
L 10/09/2025 - 23:26:28: [GEOIP] GeoIP2 database loaded: GeoLite2-ASN (2024-08-21 08:15:21 UTC) (z:\home\moy\.steam\debian-installation\steamapps\common\left 4 dead 2\left4dead2\addons\sourcemod\configs\geoip\GeoLite2-ASN.mmdb)
L 10/09/2025 - 23:26:28: [GEOIP] GeoIP2 supported languages: en
L 10/09/2025 - 23:26:28: [GEOIP] Your database is older than 90 days. You should consider downloading a newer version from e.g. https://dev.maxmind.com/geoip/geolite2-free-geolocation-data
L 10/09/2025 - 23:26:41: [basecommands.smx] "Console<0><Console><Console>" changed cvar (cvar "sv_consistency") (value "0")
L 10/09/2025 - 23:26:41: [basecommands.smx] "Console<0><Console><Console>" changed cvar (cvar "sv_allow_lobby_connect_only") (value "0")
L 10/09/2025 - 23:26:41: [basecommands.smx] "Console<0><Console><Console>" changed cvar (cvar "sv_maxplayers") (value "8")
L 10/09/2025 - 23:26:41: [basecommands.smx] "Console<0><Console><Console>" changed cvar (cvar "sv_visiblemaxplayers") (value "-1")
L 10/09/2025 - 23:28:29: [basecommands.smx] "[T-T]MoY<2><STEAM_1:0:511491787><>" changed cvar (cvar "sv_gravity") (value "200")
L 10/09/2025 - 23:30:00: -------- Mapchange to c1m1_hotel --------
L 10/09/2025 - 23:30:08: [basecommands.smx] "Console<0><Console><Console>" changed cvar (cvar "sv_consistency") (value "0")
L 10/09/2025 - 23:30:08: [basecommands.smx] "Console<0><Console><Console>" changed cvar (cvar "sv_allow_lobby_connect_only") (value "0")
L 10/09/2025 - 23:30:08: [basecommands.smx] "Console<0><Console><Console>" changed cvar (cvar "sv_maxplayers") (value "8")
L 10/09/2025 - 23:30:08: [basecommands.smx] "Console<0><Console><Console>" changed cvar (cvar "sv_visiblemaxplayers") (value "-1")
L 10/09/2025 - 23:35:05: -------- Mapchange to c1m1_hotel --------
L 10/09/2025 - 23:35:19: [basecommands.smx] "Console<0><Console><Console>" changed cvar (cvar "sv_consistency") (value "0")
L 10/09/2025 - 23:35:19: [basecommands.smx] "Console<0><Console><Console>" changed cvar (cvar "sv_allow_lobby_connect_only") (value "0")
L 10/09/2025 - 23:35:19: [basecommands.smx] "Console<0><Console><Console>" changed cvar (cvar "sv_maxplayers") (value "8")
L 10/09/2025 - 23:35:19: [basecommands.smx] "Console<0><Console><Console>" changed cvar (cvar "sv_visiblemaxplayers") (value "-1")
L 10/09/2025 - 23:36:47: [basecommands.smx] "[T-T]MoY<24><STEAM_1:0:511491787><>" changed cvar (cvar "sv_gravity") (value "200")
L 10/09/2025 - 23:39:10: -------- Mapchange to c1m2_streets --------
L 10/09/2025 - 23:39:23: [basecommands.smx] "Console<0><Console><Console>" changed cvar (cvar "sv_consistency") (value "0")
L 10/09/2025 - 23:39:23: [basecommands.smx] "Console<0><Console><Console>" changed cvar (cvar "sv_allow_lobby_connect_only") (value "0")
L 10/09/2025 - 23:39:23: [basecommands.smx] "Console<0><Console><Console>" changed cvar (cvar "sv_maxplayers") (value "8")
L 10/09/2025 - 23:39:23: [basecommands.smx] "Console<0><Console><Console>" changed cvar (cvar "sv_visiblemaxplayers") (value "-1")
L 10/09/2025 - 23:53:28: -------- Mapchange to c1m3_mall --------
L 10/09/2025 - 23:53:37: [basecommands.smx] "Console<0><Console><Console>" changed cvar (cvar "sv_consistency") (value "0")
L 10/09/2025 - 23:53:37: [basecommands.smx] "Console<0><Console><Console>" changed cvar (cvar "sv_allow_lobby_connect_only") (value "0")
L 10/09/2025 - 23:53:37: [basecommands.smx] "Console<0><Console><Console>" changed cvar (cvar "sv_maxplayers") (value "8")
L 10/09/2025 - 23:53:37: [basecommands.smx] "Console<0><Console><Console>" changed cvar (cvar "sv_visiblemaxplayers") (value "-1")
L 10/09/2025 - 23:59:45: [basecommands.smx] "[T-T]MoY<24><STEAM_1:0:511491787><>" changed map to "c2m1_highway"
L 10/09/2025 - 23:59:48: [SM] Changed map to "c2m1_highway"
L 10/09/2025 - 23:59:52: -------- Mapchange to c2m1_highway --------
L 10/10/2025 - 00:00:03: Log file closed.
