L 10/10/2025 - 00:00:03: SourceMod log file session started (file "z:\home\moy\.steam\debian-installation\steamapps\common\left 4 dead 2\left4dead2\addons\sourcemod\logs\L20251010.log") (Version "1.12.0.7207")
L 10/10/2025 - 00:00:03: [basecommands.smx] "Console<0><Console><Console>" changed cvar (cvar "sv_consistency") (value "0")
L 10/10/2025 - 00:00:03: [basecommands.smx] "Console<0><Console><Console>" changed cvar (cvar "sv_allow_lobby_connect_only") (value "0")
L 10/10/2025 - 00:00:03: [basecommands.smx] "Console<0><Console><Console>" changed cvar (cvar "sv_maxplayers") (value "8")
L 10/10/2025 - 00:00:03: [basecommands.smx] "Console<0><Console><Console>" changed cvar (cvar "sv_visiblemaxplayers") (value "-1")
L 10/10/2025 - 00:01:02: [basecommands.smx] "[T-T]MoY<24><STEAM_1:0:511491787><>" changed map to "c2m1_highway"
L 10/10/2025 - 00:01:05: [SM] Changed map to "c2m1_highway"
L 10/10/2025 - 00:01:07: -------- Mapchange to c2m1_highway --------
L 10/10/2025 - 00:01:19: [basecommands.smx] "Console<0><Console><Console>" changed cvar (cvar "sv_consistency") (value "0")
L 10/10/2025 - 00:01:19: [basecommands.smx] "Console<0><Console><Console>" changed cvar (cvar "sv_allow_lobby_connect_only") (value "0")
L 10/10/2025 - 00:01:19: [basecommands.smx] "Console<0><Console><Console>" changed cvar (cvar "sv_maxplayers") (value "8")
L 10/10/2025 - 00:01:19: [basecommands.smx] "Console<0><Console><Console>" changed cvar (cvar "sv_visiblemaxplayers") (value "-1")
L 10/10/2025 - 00:06:50: -------- Mapchange to c2m2_fairgrounds --------
L 10/10/2025 - 00:07:00: [basecommands.smx] "Console<0><Console><Console>" changed cvar (cvar "sv_consistency") (value "0")
L 10/10/2025 - 00:07:00: [basecommands.smx] "Console<0><Console><Console>" changed cvar (cvar "sv_allow_lobby_connect_only") (value "0")
L 10/10/2025 - 00:07:00: [basecommands.smx] "Console<0><Console><Console>" changed cvar (cvar "sv_maxplayers") (value "8")
L 10/10/2025 - 00:07:00: [basecommands.smx] "Console<0><Console><Console>" changed cvar (cvar "sv_visiblemaxplayers") (value "-1")
L 10/10/2025 - 00:10:18: -------- Mapchange to c2m3_coaster --------
L 10/10/2025 - 00:10:28: [basecommands.smx] "Console<0><Console><Console>" changed cvar (cvar "sv_consistency") (value "0")
L 10/10/2025 - 00:10:28: [basecommands.smx] "Console<0><Console><Console>" changed cvar (cvar "sv_allow_lobby_connect_only") (value "0")
L 10/10/2025 - 00:10:28: [basecommands.smx] "Console<0><Console><Console>" changed cvar (cvar "sv_maxplayers") (value "8")
L 10/10/2025 - 00:10:28: [basecommands.smx] "Console<0><Console><Console>" changed cvar (cvar "sv_visiblemaxplayers") (value "-1")
L 10/10/2025 - 00:26:30: -------- Mapchange to c2m4_barns --------
L 10/10/2025 - 00:26:52: [basecommands.smx] "Console<0><Console><Console>" changed cvar (cvar "sv_consistency") (value "0")
L 10/10/2025 - 00:26:52: [basecommands.smx] "Console<0><Console><Console>" changed cvar (cvar "sv_allow_lobby_connect_only") (value "0")
L 10/10/2025 - 00:26:52: [basecommands.smx] "Console<0><Console><Console>" changed cvar (cvar "sv_maxplayers") (value "8")
L 10/10/2025 - 00:26:52: [basecommands.smx] "Console<0><Console><Console>" changed cvar (cvar "sv_visiblemaxplayers") (value "-1")
L 10/10/2025 - 00:30:50: -------- Mapchange to c2m5_concert --------
L 10/10/2025 - 00:31:00: [basecommands.smx] "Console<0><Console><Console>" changed cvar (cvar "sv_consistency") (value "0")
L 10/10/2025 - 00:31:00: [basecommands.smx] "Console<0><Console><Console>" changed cvar (cvar "sv_allow_lobby_connect_only") (value "0")
L 10/10/2025 - 00:31:00: [basecommands.smx] "Console<0><Console><Console>" changed cvar (cvar "sv_maxplayers") (value "8")
L 10/10/2025 - 00:31:00: [basecommands.smx] "Console<0><Console><Console>" changed cvar (cvar "sv_visiblemaxplayers") (value "-1")
L 10/10/2025 - 00:34:52: -------- Mapchange to c5m1_waterfront --------
L 10/10/2025 - 00:35:04: [basecommands.smx] "Console<0><Console><Console>" changed cvar (cvar "sv_consistency") (value "0")
L 10/10/2025 - 00:35:04: [basecommands.smx] "Console<0><Console><Console>" changed cvar (cvar "sv_allow_lobby_connect_only") (value "0")
L 10/10/2025 - 00:35:04: [basecommands.smx] "Console<0><Console><Console>" changed cvar (cvar "sv_maxplayers") (value "8")
L 10/10/2025 - 00:35:04: [basecommands.smx] "Console<0><Console><Console>" changed cvar (cvar "sv_visiblemaxplayers") (value "-1")
L 10/10/2025 - 00:37:34: -------- Mapchange to c5m2_park --------
L 10/10/2025 - 00:37:45: [basecommands.smx] "Console<0><Console><Console>" changed cvar (cvar "sv_consistency") (value "0")
L 10/10/2025 - 00:37:45: [basecommands.smx] "Console<0><Console><Console>" changed cvar (cvar "sv_allow_lobby_connect_only") (value "0")
L 10/10/2025 - 00:37:45: [basecommands.smx] "Console<0><Console><Console>" changed cvar (cvar "sv_maxplayers") (value "8")
L 10/10/2025 - 00:37:45: [basecommands.smx] "Console<0><Console><Console>" changed cvar (cvar "sv_visiblemaxplayers") (value "-1")
L 10/10/2025 - 00:42:48: -------- Mapchange to c5m3_cemetery --------
L 10/10/2025 - 00:42:58: [basecommands.smx] "Console<0><Console><Console>" changed cvar (cvar "sv_consistency") (value "0")
L 10/10/2025 - 00:42:58: [basecommands.smx] "Console<0><Console><Console>" changed cvar (cvar "sv_allow_lobby_connect_only") (value "0")
L 10/10/2025 - 00:42:58: [basecommands.smx] "Console<0><Console><Console>" changed cvar (cvar "sv_maxplayers") (value "8")
L 10/10/2025 - 00:42:58: [basecommands.smx] "Console<0><Console><Console>" changed cvar (cvar "sv_visiblemaxplayers") (value "-1")
L 10/10/2025 - 00:51:05: -------- Mapchange to c5m4_quarter --------
L 10/10/2025 - 00:51:26: [basecommands.smx] "Console<0><Console><Console>" changed cvar (cvar "sv_consistency") (value "0")
L 10/10/2025 - 00:51:26: [basecommands.smx] "Console<0><Console><Console>" changed cvar (cvar "sv_allow_lobby_connect_only") (value "0")
L 10/10/2025 - 00:51:26: [basecommands.smx] "Console<0><Console><Console>" changed cvar (cvar "sv_maxplayers") (value "8")
L 10/10/2025 - 00:51:26: [basecommands.smx] "Console<0><Console><Console>" changed cvar (cvar "sv_visiblemaxplayers") (value "-1")
L 10/10/2025 - 00:55:26: -------- Mapchange to c5m5_bridge --------
L 10/10/2025 - 00:55:38: [basecommands.smx] "Console<0><Console><Console>" changed cvar (cvar "sv_consistency") (value "0")
L 10/10/2025 - 00:55:38: [basecommands.smx] "Console<0><Console><Console>" changed cvar (cvar "sv_allow_lobby_connect_only") (value "0")
L 10/10/2025 - 00:55:38: [basecommands.smx] "Console<0><Console><Console>" changed cvar (cvar "sv_maxplayers") (value "8")
L 10/10/2025 - 00:55:38: [basecommands.smx] "Console<0><Console><Console>" changed cvar (cvar "sv_visiblemaxplayers") (value "-1")
L 10/10/2025 - 00:59:15: [l4d_sm_respawn.smx] "[T-T]MoY<24><STEAM_1:0:511491787><>" teleported "ministro de la alcantarilla<38><STEAM_1:0:884811660><>" after respawning him
L 10/10/2025 - 00:59:51: [l4d_sm_respawn.smx] "[T-T]MoY<24><STEAM_1:0:511491787><>" teleported "ministro de la alcantarilla<38><STEAM_1:0:884811660><>" after respawning him
L 10/10/2025 - 01:03:21: [playercommands.smx] "[T-T]MoY<24><STEAM_1:0:511491787><>" slayed "ministro de la alcantarilla<38><STEAM_1:0:884811660><>"
L 10/10/2025 - 01:03:22: [playercommands.smx] "[T-T]MoY<24><STEAM_1:0:511491787><>" slayed "Reden<168><STEAM_1:1:555022870><>"
L 10/10/2025 - 01:03:22: [playercommands.smx] "[T-T]MoY<24><STEAM_1:0:511491787><>" slayed "ANORRIS<369><STEAM_1:1:708432560><>"
L 10/10/2025 - 01:03:22: [playercommands.smx] "[T-T]MoY<24><STEAM_1:0:511491787><>" slayed "licenciado SEXO<194><STEAM_1:1:459807868><>"
L 10/10/2025 - 22:18:13: SourceMod log file session started (file "z:\home\moy\.steam\debian-installation\steamapps\common\left 4 dead 2\left4dead2\addons\sourcemod\logs\L20251010.log") (Version "1.12.0.7207")
L 10/10/2025 - 22:18:13: [GEOIP] GeoIP2 database loaded: GeoLite2-ASN (2024-08-21 08:15:21 UTC) (z:\home\moy\.steam\debian-installation\steamapps\common\left 4 dead 2\left4dead2\addons\sourcemod\configs\geoip\GeoLite2-ASN.mmdb)
L 10/10/2025 - 22:18:13: [GEOIP] GeoIP2 supported languages: en
L 10/10/2025 - 22:18:13: [GEOIP] Your database is older than 90 days. You should consider downloading a newer version from e.g. https://dev.maxmind.com/geoip/geolite2-free-geolocation-data
L 10/10/2025 - 22:18:26: [basecommands.smx] "Console<0><Console><Console>" changed cvar (cvar "sv_consistency") (value "0")
L 10/10/2025 - 22:18:26: [basecommands.smx] "Console<0><Console><Console>" changed cvar (cvar "sv_allow_lobby_connect_only") (value "0")
L 10/10/2025 - 22:18:26: [basecommands.smx] "Console<0><Console><Console>" changed cvar (cvar "sv_maxplayers") (value "8")
L 10/10/2025 - 22:18:26: [basecommands.smx] "Console<0><Console><Console>" changed cvar (cvar "sv_visiblemaxplayers") (value "-1")
L 10/10/2025 - 22:19:25: [basecommands.smx] "[T-T]MoY<2><STEAM_1:0:511491787><>" changed cvar (cvar "sv_gravity") (value "200")
L 10/10/2025 - 22:20:27: Log file closed.
L 10/10/2025 - 22:22:25: SourceMod log file session started (file "z:\home\moy\.steam\debian-installation\steamapps\common\left 4 dead 2\left4dead2\addons\sourcemod\logs\L20251010.log") (Version "1.12.0.7207")
L 10/10/2025 - 22:22:25: [GEOIP] GeoIP2 database loaded: GeoLite2-ASN (2024-08-21 08:15:21 UTC) (z:\home\moy\.steam\debian-installation\steamapps\common\left 4 dead 2\left4dead2\addons\sourcemod\configs\geoip\GeoLite2-ASN.mmdb)
L 10/10/2025 - 22:22:25: [GEOIP] GeoIP2 supported languages: en
L 10/10/2025 - 22:22:25: [GEOIP] Your database is older than 90 days. You should consider downloading a newer version from e.g. https://dev.maxmind.com/geoip/geolite2-free-geolocation-data
L 10/10/2025 - 22:22:45: [basecommands.smx] "Console<0><Console><Console>" changed cvar (cvar "sv_consistency") (value "0")
L 10/10/2025 - 22:22:45: [basecommands.smx] "Console<0><Console><Console>" changed cvar (cvar "sv_allow_lobby_connect_only") (value "0")
L 10/10/2025 - 22:22:45: [basecommands.smx] "Console<0><Console><Console>" changed cvar (cvar "sv_maxplayers") (value "8")
L 10/10/2025 - 22:22:45: [basecommands.smx] "Console<0><Console><Console>" changed cvar (cvar "sv_visiblemaxplayers") (value "-1")
L 10/10/2025 - 22:23:55: [basecommands.smx] "[T-T]MoY<2><STEAM_1:0:511491787><>" changed cvar (cvar "sv_gravity") (value "200")
L 10/10/2025 - 22:25:48: [l4d_sm_respawn.smx] "[T-T]MoY<2><STEAM_1:0:511491787><>" teleported "tomatoe-&-potatoe<7><STEAM_1:1:806187497><>" after respawning him
L 10/10/2025 - 22:27:04: -------- Mapchange to c1m2_streets --------
L 10/10/2025 - 22:27:13: [basecommands.smx] "Console<0><Console><Console>" changed cvar (cvar "sv_consistency") (value "0")
L 10/10/2025 - 22:27:13: [basecommands.smx] "Console<0><Console><Console>" changed cvar (cvar "sv_allow_lobby_connect_only") (value "0")
L 10/10/2025 - 22:27:13: [basecommands.smx] "Console<0><Console><Console>" changed cvar (cvar "sv_maxplayers") (value "8")
L 10/10/2025 - 22:27:13: [basecommands.smx] "Console<0><Console><Console>" changed cvar (cvar "sv_visiblemaxplayers") (value "-1")
L 10/10/2025 - 22:35:08: -------- Mapchange to c1m3_mall --------
L 10/10/2025 - 22:35:16: [basecommands.smx] "Console<0><Console><Console>" changed cvar (cvar "sv_consistency") (value "0")
L 10/10/2025 - 22:35:16: [basecommands.smx] "Console<0><Console><Console>" changed cvar (cvar "sv_allow_lobby_connect_only") (value "0")
L 10/10/2025 - 22:35:16: [basecommands.smx] "Console<0><Console><Console>" changed cvar (cvar "sv_maxplayers") (value "8")
L 10/10/2025 - 22:35:16: [basecommands.smx] "Console<0><Console><Console>" changed cvar (cvar "sv_visiblemaxplayers") (value "-1")
L 10/10/2025 - 22:50:27: [l4d_sm_respawn.smx] "[T-T]MoY<2><STEAM_1:0:511491787><>" teleported "YUUTO X_X<14><STEAM_1:1:948585307><>" after respawning him
L 10/10/2025 - 22:50:32: [l4d_sm_respawn.smx] "[T-T]MoY<2><STEAM_1:0:511491787><>" teleported "YUUTO X_X<14><STEAM_1:1:948585307><>" after respawning him
L 10/10/2025 - 22:50:43: [l4d_sm_respawn.smx] "[T-T]MoY<2><STEAM_1:0:511491787><>" teleported "[T-T]MoY<2><STEAM_1:0:511491787><>" after respawning him
L 10/10/2025 - 22:50:58: [l4d_sm_respawn.smx] "[T-T]MoY<2><STEAM_1:0:511491787><>" teleported "YUUTO X_X<14><STEAM_1:1:948585307><>" after respawning him
L 10/10/2025 - 22:51:15: [l4d_sm_respawn.smx] "[T-T]MoY<2><STEAM_1:0:511491787><>" teleported "YUUTO X_X<14><STEAM_1:1:948585307><>" after respawning him
L 10/10/2025 - 22:51:39: [l4d_sm_respawn.smx] "[T-T]MoY<2><STEAM_1:0:511491787><>" teleported "Fredo<75><STEAM_1:0:42015651><>" after respawning him
L 10/10/2025 - 22:51:47: [l4d_sm_respawn.smx] "[T-T]MoY<2><STEAM_1:0:511491787><>" teleported "Fredo<75><STEAM_1:0:42015651><>" after respawning him
L 10/10/2025 - 22:52:10: [l4d_sm_respawn.smx] "[T-T]MoY<2><STEAM_1:0:511491787><>" teleported "[T-T]MoY<2><STEAM_1:0:511491787><>" after respawning him
L 10/10/2025 - 22:52:20: [l4d_sm_respawn.smx] "[T-T]MoY<2><STEAM_1:0:511491787><>" teleported "Fredo<75><STEAM_1:0:42015651><>" after respawning him
L 10/10/2025 - 22:53:12: -------- Mapchange to c1m4_atrium --------
L 10/10/2025 - 22:53:20: [basecommands.smx] "Console<0><Console><Console>" changed cvar (cvar "sv_consistency") (value "0")
L 10/10/2025 - 22:53:20: [basecommands.smx] "Console<0><Console><Console>" changed cvar (cvar "sv_allow_lobby_connect_only") (value "0")
L 10/10/2025 - 22:53:20: [basecommands.smx] "Console<0><Console><Console>" changed cvar (cvar "sv_maxplayers") (value "8")
L 10/10/2025 - 22:53:20: [basecommands.smx] "Console<0><Console><Console>" changed cvar (cvar "sv_visiblemaxplayers") (value "-1")
L 10/10/2025 - 22:54:51: [basecommands.smx] "[T-T]MoY<2><STEAM_1:0:511491787><>" changed map to "c2m1_highway"
L 10/10/2025 - 22:54:54: [SM] Changed map to "c2m1_highway"
L 10/10/2025 - 22:54:57: -------- Mapchange to c2m1_highway --------
L 10/10/2025 - 22:55:07: [basecommands.smx] "Console<0><Console><Console>" changed cvar (cvar "sv_consistency") (value "0")
L 10/10/2025 - 22:55:07: [basecommands.smx] "Console<0><Console><Console>" changed cvar (cvar "sv_allow_lobby_connect_only") (value "0")
L 10/10/2025 - 22:55:07: [basecommands.smx] "Console<0><Console><Console>" changed cvar (cvar "sv_maxplayers") (value "8")
L 10/10/2025 - 22:55:07: [basecommands.smx] "Console<0><Console><Console>" changed cvar (cvar "sv_visiblemaxplayers") (value "-1")
L 10/10/2025 - 22:59:05: -------- Mapchange to c2m2_fairgrounds --------
L 10/10/2025 - 22:59:17: [basecommands.smx] "Console<0><Console><Console>" changed cvar (cvar "sv_consistency") (value "0")
L 10/10/2025 - 22:59:17: [basecommands.smx] "Console<0><Console><Console>" changed cvar (cvar "sv_allow_lobby_connect_only") (value "0")
L 10/10/2025 - 22:59:17: [basecommands.smx] "Console<0><Console><Console>" changed cvar (cvar "sv_maxplayers") (value "8")
L 10/10/2025 - 22:59:17: [basecommands.smx] "Console<0><Console><Console>" changed cvar (cvar "sv_visiblemaxplayers") (value "-1")
L 10/10/2025 - 23:03:03: -------- Mapchange to c2m3_coaster --------
L 10/10/2025 - 23:03:11: [basecommands.smx] "Console<0><Console><Console>" changed cvar (cvar "sv_consistency") (value "0")
L 10/10/2025 - 23:03:11: [basecommands.smx] "Console<0><Console><Console>" changed cvar (cvar "sv_allow_lobby_connect_only") (value "0")
L 10/10/2025 - 23:03:11: [basecommands.smx] "Console<0><Console><Console>" changed cvar (cvar "sv_maxplayers") (value "8")
L 10/10/2025 - 23:03:11: [basecommands.smx] "Console<0><Console><Console>" changed cvar (cvar "sv_visiblemaxplayers") (value "-1")
L 10/10/2025 - 23:05:18: [playercommands.smx] "[T-T]MoY<2><STEAM_1:0:511491787><>" slayed "Tank<129><BOT><>"
L 10/10/2025 - 23:05:37: [playercommands.smx] "[T-T]MoY<2><STEAM_1:0:511491787><>" slayed "Tank<130><BOT><>"
L 10/10/2025 - 23:05:58: [playercommands.smx] "[T-T]MoY<2><STEAM_1:0:511491787><>" slayed "Tank<132><BOT><>"
L 10/10/2025 - 23:08:13: -------- Mapchange to c2m4_barns --------
L 10/10/2025 - 23:08:22: [basecommands.smx] "Console<0><Console><Console>" changed cvar (cvar "sv_consistency") (value "0")
L 10/10/2025 - 23:08:22: [basecommands.smx] "Console<0><Console><Console>" changed cvar (cvar "sv_allow_lobby_connect_only") (value "0")
L 10/10/2025 - 23:08:22: [basecommands.smx] "Console<0><Console><Console>" changed cvar (cvar "sv_maxplayers") (value "8")
L 10/10/2025 - 23:08:22: [basecommands.smx] "Console<0><Console><Console>" changed cvar (cvar "sv_visiblemaxplayers") (value "-1")
L 10/10/2025 - 23:10:04: Log file closed.
