L 04/18/2026 - 14:30:03: SourceMod log file session started (file "d:\steamlibrary\steamapps\common\left 4 dead 2\left4dead2\addons\sourcemod\logs\L20260418.log") (Version "1.12.0.7207")
L 04/18/2026 - 14:30:03: [GEOIP] GeoIP2 database loaded: GeoLite2-ASN (2024-08-21 08:15:21 UTC) (d:\steamlibrary\steamapps\common\left 4 dead 2\left4dead2\addons\sourcemod\configs\geoip\GeoLite2-ASN.mmdb)
L 04/18/2026 - 14:30:03: [GEOIP] GeoIP2 supported languages: en
L 04/18/2026 - 14:30:03: [GEOIP] Your database is older than 90 days. You should consider downloading a newer version from e.g. https://dev.maxmind.com/geoip/geolite2-free-geolocation-data
L 04/18/2026 - 14:30:03: [l4d2_map_rotation.smx] [Rotation] Lista cargada con 6 campañas.
L 04/18/2026 - 14:30:04: [l4d_extinguisher.smx] 
==========
Warning: You should install "[L4D2] Scavenge Score Fix - Gascan Pouring" to prevent affecting the score when filling gas in Scavenge style events: https://forums.alliedmods.net/showthread.php?t=187686
==========

L 04/18/2026 - 14:30:04: [l4d_extinguisher.smx] 
==========
Warning: You should install "[L4D & L4D2] Use Priority Patch" to fix attached models blocking +USE action: https://forums.alliedmods.net/showthread.php?t=327511
==========

L 04/18/2026 - 14:30:16: [basecommands.smx] "Console<0><Console><Console>" changed cvar (cvar "sv_consistency") (value "0")
L 04/18/2026 - 14:30:16: [basecommands.smx] "Console<0><Console><Console>" changed cvar (cvar "sv_allow_lobby_connect_only") (value "0")
L 04/18/2026 - 14:30:16: [basecommands.smx] "Console<0><Console><Console>" changed cvar (cvar "sv_maxplayers") (value "8")
L 04/18/2026 - 14:30:16: [basecommands.smx] "Console<0><Console><Console>" changed cvar (cvar "sv_visiblemaxplayers") (value "-1")
L 04/18/2026 - 14:30:16: [chat-processor.smx] Message formats generated for game 'left4dead2'.
L 04/18/2026 - 14:30:16: [chat-processor.smx] Successfully hooked a SayText2 chat hook.
L 04/18/2026 - 14:30:24: [l4d2_shop.smx] [LOAD]: "[T-T]MoY<2><STEAM_ID_PENDING><>" loaded the record successfully! Points: "0"
L 04/18/2026 - 14:33:26: Log file closed.
L 04/18/2026 - 14:55:21: SourceMod log file session started (file "d:\steamlibrary\steamapps\common\left 4 dead 2\left4dead2\addons\sourcemod\logs\L20260418.log") (Version "1.12.0.7207")
L 04/18/2026 - 14:55:21: [GEOIP] GeoIP2 database loaded: GeoLite2-ASN (2024-08-21 08:15:21 UTC) (d:\steamlibrary\steamapps\common\left 4 dead 2\left4dead2\addons\sourcemod\configs\geoip\GeoLite2-ASN.mmdb)
L 04/18/2026 - 14:55:21: [GEOIP] GeoIP2 supported languages: en
L 04/18/2026 - 14:55:21: [GEOIP] Your database is older than 90 days. You should consider downloading a newer version from e.g. https://dev.maxmind.com/geoip/geolite2-free-geolocation-data
L 04/18/2026 - 14:55:21: [l4d2_map_rotation.smx] [Rotation] Lista cargada con 6 campañas.
L 04/18/2026 - 14:55:22: [l4d_extinguisher.smx] 
==========
Warning: You should install "[L4D2] Scavenge Score Fix - Gascan Pouring" to prevent affecting the score when filling gas in Scavenge style events: https://forums.alliedmods.net/showthread.php?t=187686
==========

L 04/18/2026 - 14:55:22: [l4d_extinguisher.smx] 
==========
Warning: You should install "[L4D & L4D2] Use Priority Patch" to fix attached models blocking +USE action: https://forums.alliedmods.net/showthread.php?t=327511
==========

L 04/18/2026 - 14:55:28: [basecommands.smx] "Console<0><Console><Console>" changed cvar (cvar "sv_consistency") (value "0")
L 04/18/2026 - 14:55:28: [basecommands.smx] "Console<0><Console><Console>" changed cvar (cvar "sv_allow_lobby_connect_only") (value "0")
L 04/18/2026 - 14:55:28: [basecommands.smx] "Console<0><Console><Console>" changed cvar (cvar "sv_maxplayers") (value "8")
L 04/18/2026 - 14:55:28: [basecommands.smx] "Console<0><Console><Console>" changed cvar (cvar "sv_visiblemaxplayers") (value "-1")
L 04/18/2026 - 14:55:29: [chat-processor.smx] Message formats generated for game 'left4dead2'.
L 04/18/2026 - 14:55:29: [chat-processor.smx] Successfully hooked a SayText2 chat hook.
L 04/18/2026 - 14:55:46: [l4d2_shop.smx] [LOAD]: "[T-T]MoY<2><STEAM_ID_PENDING><>" loaded the record successfully! Points: "0"
L 04/18/2026 - 14:56:09: [funcommands.smx] "[T-T]MoY<2><STEAM_1:0:511491787><>" toggled noclip on "[T-T]MoY<2><STEAM_1:0:511491787><>"
L 04/18/2026 - 14:56:19: [funcommands.smx] "[T-T]MoY<2><STEAM_1:0:511491787><>" toggled noclip on "[T-T]MoY<2><STEAM_1:0:511491787><>"
L 04/18/2026 - 14:56:40: [funcommands.smx] "[T-T]MoY<2><STEAM_1:0:511491787><>" toggled noclip on "[T-T]MoY<2><STEAM_1:0:511491787><>"
L 04/18/2026 - 14:56:43: [funcommands.smx] "[T-T]MoY<2><STEAM_1:0:511491787><>" toggled noclip on "[T-T]MoY<2><STEAM_1:0:511491787><>"
L 04/18/2026 - 14:57:04: [playercommands.smx] "[T-T]MoY<2><STEAM_1:0:511491787><>" slayed "Coach<3><BOT><>"
L 04/18/2026 - 14:57:05: [playercommands.smx] "[T-T]MoY<2><STEAM_1:0:511491787><>" slayed "Nick<4><BOT><>"
L 04/18/2026 - 14:57:05: [playercommands.smx] "[T-T]MoY<2><STEAM_1:0:511491787><>" slayed "Rochelle<5><BOT><>"
L 04/18/2026 - 14:57:05: [playercommands.smx] "[T-T]MoY<2><STEAM_1:0:511491787><>" slayed "(1)Tank<7><BOT><>"
L 04/18/2026 - 14:57:05: [playercommands.smx] "[T-T]MoY<2><STEAM_1:0:511491787><>" slayed "Tank<9><BOT><>"
L 04/18/2026 - 14:57:06: [l4d2_shop.smx] [UPDATE]: "[T-T]MoY<2><STEAM_1:0:511491787><>" saved. Points: "8"
L 04/18/2026 - 14:57:26: [funcommands.smx] "[T-T]MoY<2><STEAM_1:0:511491787><>" toggled noclip on "[T-T]MoY<2><STEAM_1:0:511491787><>"
L 04/18/2026 - 14:57:36: [funcommands.smx] "[T-T]MoY<2><STEAM_1:0:511491787><>" toggled noclip on "[T-T]MoY<2><STEAM_1:0:511491787><>"
L 04/18/2026 - 14:57:37: [funcommands.smx] "[T-T]MoY<2><STEAM_1:0:511491787><>" toggled noclip on "[T-T]MoY<2><STEAM_1:0:511491787><>"
L 04/18/2026 - 14:57:43: [funcommands.smx] "[T-T]MoY<2><STEAM_1:0:511491787><>" toggled noclip on "[T-T]MoY<2><STEAM_1:0:511491787><>"
L 04/18/2026 - 14:57:44: [funcommands.smx] "[T-T]MoY<2><STEAM_1:0:511491787><>" toggled noclip on "[T-T]MoY<2><STEAM_1:0:511491787><>"
L 04/18/2026 - 14:57:46: [funcommands.smx] "[T-T]MoY<2><STEAM_1:0:511491787><>" toggled noclip on "[T-T]MoY<2><STEAM_1:0:511491787><>"
L 04/18/2026 - 14:57:48: [funcommands.smx] "[T-T]MoY<2><STEAM_1:0:511491787><>" toggled noclip on "[T-T]MoY<2><STEAM_1:0:511491787><>"
L 04/18/2026 - 14:57:50: [funcommands.smx] "[T-T]MoY<2><STEAM_1:0:511491787><>" toggled noclip on "[T-T]MoY<2><STEAM_1:0:511491787><>"
L 04/18/2026 - 14:57:53: [funcommands.smx] "[T-T]MoY<2><STEAM_1:0:511491787><>" toggled noclip on "[T-T]MoY<2><STEAM_1:0:511491787><>"
L 04/18/2026 - 14:57:56: [funcommands.smx] "[T-T]MoY<2><STEAM_1:0:511491787><>" toggled noclip on "[T-T]MoY<2><STEAM_1:0:511491787><>"
L 04/18/2026 - 14:58:22: [l4d2_shop.smx] [UPDATE]: "[T-T]MoY<2><STEAM_1:0:511491787><>" saved. Points: "8"
L 04/18/2026 - 14:59:08: -------- Mapchange to bwm1_climb --------
L 04/18/2026 - 14:59:13: [basecommands.smx] "Console<0><Console><Console>" changed cvar (cvar "sv_consistency") (value "0")
L 04/18/2026 - 14:59:13: [basecommands.smx] "Console<0><Console><Console>" changed cvar (cvar "sv_allow_lobby_connect_only") (value "0")
L 04/18/2026 - 14:59:13: [basecommands.smx] "Console<0><Console><Console>" changed cvar (cvar "sv_maxplayers") (value "8")
L 04/18/2026 - 14:59:13: [basecommands.smx] "Console<0><Console><Console>" changed cvar (cvar "sv_visiblemaxplayers") (value "-1")
L 04/18/2026 - 14:59:13: [chat-processor.smx] Message formats generated for game 'left4dead2'.
L 04/18/2026 - 14:59:13: [chat-processor.smx] Successfully hooked a SayText2 chat hook.
L 04/18/2026 - 14:59:28: [l4d2_shop.smx] [LOAD]: "[T-T]MoY<13><STEAM_1:0:511491787><>" loaded the record successfully! Points: "8"
L 04/18/2026 - 14:59:39: [basecommands.smx] "[T-T]MoY<13><STEAM_1:0:511491787><>" changed cvar (cvar "sv_gravity") (value "200")
L 04/18/2026 - 15:00:16: [funcommands.smx] "[T-T]MoY<13><STEAM_1:0:511491787><>" toggled noclip on "[T-T]MoY<13><STEAM_1:0:511491787><>"
L 04/18/2026 - 15:00:17: [funcommands.smx] "[T-T]MoY<13><STEAM_1:0:511491787><>" toggled noclip on "[T-T]MoY<13><STEAM_1:0:511491787><>"
L 04/18/2026 - 15:00:36: [l4d2_shop.smx] [UPDATE]: "[T-T]MoY<13><STEAM_1:0:511491787><>" saved. Points: "8"
L 04/18/2026 - 15:00:36: [l4d2_shop.smx] UPDATE SpecialFunctions SET isEnabled = 1 WHERE steamId = 'STEAM_1:0:511491787' AND (functionNo = 'GRAY_AMMO' OR functionNo = 'BLUE_AMMO' OR functionNo = 'GOLD_AMMO')
L 04/18/2026 - 15:01:08: [funcommands.smx] "[T-T]MoY<13><STEAM_1:0:511491787><>" toggled noclip on "[T-T]MoY<13><STEAM_1:0:511491787><>"
L 04/18/2026 - 15:01:10: [funcommands.smx] "[T-T]MoY<13><STEAM_1:0:511491787><>" toggled noclip on "[T-T]MoY<13><STEAM_1:0:511491787><>"
L 04/18/2026 - 15:01:11: [funcommands.smx] "[T-T]MoY<13><STEAM_1:0:511491787><>" toggled noclip on "[T-T]MoY<13><STEAM_1:0:511491787><>"
L 04/18/2026 - 15:01:15: [funcommands.smx] "[T-T]MoY<13><STEAM_1:0:511491787><>" toggled noclip on "[T-T]MoY<13><STEAM_1:0:511491787><>"
L 04/18/2026 - 15:01:39: -------- Mapchange to bwm2_city --------
L 04/18/2026 - 15:01:44: [basecommands.smx] "Console<0><Console><Console>" changed cvar (cvar "sv_consistency") (value "0")
L 04/18/2026 - 15:01:44: [basecommands.smx] "Console<0><Console><Console>" changed cvar (cvar "sv_allow_lobby_connect_only") (value "0")
L 04/18/2026 - 15:01:44: [basecommands.smx] "Console<0><Console><Console>" changed cvar (cvar "sv_maxplayers") (value "8")
L 04/18/2026 - 15:01:44: [basecommands.smx] "Console<0><Console><Console>" changed cvar (cvar "sv_visiblemaxplayers") (value "-1")
L 04/18/2026 - 15:01:44: [chat-processor.smx] Message formats generated for game 'left4dead2'.
L 04/18/2026 - 15:01:44: [chat-processor.smx] Successfully hooked a SayText2 chat hook.
L 04/18/2026 - 15:01:59: [l4d2_shop.smx] [LOAD]: "[T-T]MoY<13><STEAM_1:0:511491787><>" loaded the record successfully! Points: "8"
L 04/18/2026 - 15:03:35: [l4d2_shop.smx] [INSERT]: "c3s4r0126<28><STEAM_1:1:708452018><>" is a new user!!
L 04/18/2026 - 15:04:48: [l4d2_shop.smx] [UPDATE]: "[T-T]MoY<13><STEAM_1:0:511491787><>" saved. Points: "18"
L 04/18/2026 - 15:04:48: [l4d2_shop.smx] UPDATE SpecialFunctions SET isEnabled = 1 WHERE steamId = 'STEAM_1:0:511491787' AND (functionNo = 'GRAY_AMMO' OR functionNo = 'BLUE_AMMO' OR functionNo = 'GOLD_AMMO')
L 04/18/2026 - 15:04:48: [l4d2_shop.smx] [UPDATE]: "c3s4r0126<28><STEAM_1:1:708452018><>" saved. Points: "6"
L 04/18/2026 - 15:06:29: [l4d2_shop.smx] [UPDATE]: "[T-T]MoY<13><STEAM_1:0:511491787><>" saved. Points: "24"
L 04/18/2026 - 15:06:29: [l4d2_shop.smx] UPDATE SpecialFunctions SET isEnabled = 1 WHERE steamId = 'STEAM_1:0:511491787' AND (functionNo = 'GRAY_AMMO' OR functionNo = 'BLUE_AMMO' OR functionNo = 'GOLD_AMMO')
L 04/18/2026 - 15:06:29: [l4d2_shop.smx] [UPDATE]: "c3s4r0126<28><STEAM_1:1:708452018><>" saved. Points: "12"
L 04/18/2026 - 15:09:07: [l4d2_shop.smx] [UPDATE]: "[T-T]MoY<13><STEAM_1:0:511491787><>" saved. Points: "30"
L 04/18/2026 - 15:09:07: [l4d2_shop.smx] UPDATE SpecialFunctions SET isEnabled = 1 WHERE steamId = 'STEAM_1:0:511491787' AND (functionNo = 'GRAY_AMMO' OR functionNo = 'BLUE_AMMO' OR functionNo = 'GOLD_AMMO')
L 04/18/2026 - 15:09:07: [l4d2_shop.smx] [UPDATE]: "c3s4r0126<28><STEAM_1:1:708452018><>" saved. Points: "22"
L 04/18/2026 - 15:09:07: [l4d2_shop.smx] [INSERT]: "C<46><STEAM_1:0:116465303><>" is a new user!!
L 04/18/2026 - 15:11:11: [l4d2_shop.smx] [UPDATE]: "[T-T]MoY<13><STEAM_1:0:511491787><>" saved. Points: "43"
L 04/18/2026 - 15:11:11: [l4d2_shop.smx] UPDATE SpecialFunctions SET isEnabled = 1 WHERE steamId = 'STEAM_1:0:511491787' AND (functionNo = 'GRAY_AMMO' OR functionNo = 'BLUE_AMMO' OR functionNo = 'GOLD_AMMO')
L 04/18/2026 - 15:11:11: [l4d2_shop.smx] [UPDATE]: "c3s4r0126<28><STEAM_1:1:708452018><>" saved. Points: "26"
L 04/18/2026 - 15:12:47: [l4d2_shop.smx] [UPDATE]: "[T-T]MoY<13><STEAM_1:0:511491787><>" saved. Points: "43"
L 04/18/2026 - 15:12:47: [l4d2_shop.smx] UPDATE SpecialFunctions SET isEnabled = 1 WHERE steamId = 'STEAM_1:0:511491787' AND (functionNo = 'GRAY_AMMO' OR functionNo = 'BLUE_AMMO' OR functionNo = 'GOLD_AMMO')
L 04/18/2026 - 15:12:47: [l4d2_shop.smx] [UPDATE]: "c3s4r0126<28><STEAM_1:1:708452018><>" saved. Points: "26"
L 04/18/2026 - 15:13:17: [l4d2_shop.smx] [LOAD]: "InfameDeacon<58><STEAM_ID_PENDING><>" loaded the record successfully! Points: "0"
L 04/18/2026 - 15:13:22: [l4d_sm_respawn.smx] "[T-T]MoY<13><STEAM_1:0:511491787><>" teleported "InfameDeacon<58><STEAM_ID_PENDING><>" after respawning him
L 04/18/2026 - 15:13:47: [playercommands.smx] "[T-T]MoY<13><STEAM_1:0:511491787><>" slayed "Nick<60><BOT><>"
L 04/18/2026 - 15:14:13: [l4d_sm_respawn.smx] "[T-T]MoY<13><STEAM_1:0:511491787><>" teleported "c3s4r0126<28><STEAM_1:1:708452018><>" after respawning him
L 04/18/2026 - 15:15:56: -------- Mapchange to bwm3_forest --------
L 04/18/2026 - 15:16:00: [basecommands.smx] "Console<0><Console><Console>" changed cvar (cvar "sv_consistency") (value "0")
L 04/18/2026 - 15:16:00: [basecommands.smx] "Console<0><Console><Console>" changed cvar (cvar "sv_allow_lobby_connect_only") (value "0")
L 04/18/2026 - 15:16:00: [basecommands.smx] "Console<0><Console><Console>" changed cvar (cvar "sv_maxplayers") (value "8")
L 04/18/2026 - 15:16:00: [basecommands.smx] "Console<0><Console><Console>" changed cvar (cvar "sv_visiblemaxplayers") (value "-1")
L 04/18/2026 - 15:16:00: [chat-processor.smx] Message formats generated for game 'left4dead2'.
L 04/18/2026 - 15:16:00: [chat-processor.smx] Successfully hooked a SayText2 chat hook.
L 04/18/2026 - 15:16:14: [l4d2_shop.smx] [LOAD]: "c3s4r0126<28><STEAM_1:1:708452018><>" loaded the record successfully! Points: "26"
L 04/18/2026 - 15:16:16: [l4d2_shop.smx] [LOAD]: "[T-T]MoY<13><STEAM_1:0:511491787><>" loaded the record successfully! Points: "43"
L 04/18/2026 - 15:18:32: -------- Mapchange to bwm4_rooftops --------
L 04/18/2026 - 15:18:37: [basecommands.smx] "Console<0><Console><Console>" changed cvar (cvar "sv_consistency") (value "0")
L 04/18/2026 - 15:18:37: [basecommands.smx] "Console<0><Console><Console>" changed cvar (cvar "sv_allow_lobby_connect_only") (value "0")
L 04/18/2026 - 15:18:37: [basecommands.smx] "Console<0><Console><Console>" changed cvar (cvar "sv_maxplayers") (value "8")
L 04/18/2026 - 15:18:37: [basecommands.smx] "Console<0><Console><Console>" changed cvar (cvar "sv_visiblemaxplayers") (value "-1")
L 04/18/2026 - 15:18:37: [chat-processor.smx] Message formats generated for game 'left4dead2'.
L 04/18/2026 - 15:18:37: [chat-processor.smx] Successfully hooked a SayText2 chat hook.
L 04/18/2026 - 15:18:57: [l4d2_shop.smx] [LOAD]: "c3s4r0126<28><STEAM_1:1:708452018><>" loaded the record successfully! Points: "26"
L 04/18/2026 - 15:19:10: [l4d2_shop.smx] [LOAD]: "[T-T]MoY<13><STEAM_1:0:511491787><>" loaded the record successfully! Points: "43"
L 04/18/2026 - 15:19:53: [l4d2_shop.smx] [INSERT]: "Peter Mckay<79><STEAM_1:1:853660567><>" is a new user!!
L 04/18/2026 - 15:20:11: [l4d2_shop.smx] [INSERT]: "Rika Orimoto♡<81><STEAM_1:1:947780081><>" is a new user!!
L 04/18/2026 - 15:20:50: [l4d2_shop.smx] [UPDATE]: "[T-T]MoY<13><STEAM_1:0:511491787><>" saved. Points: "46"
L 04/18/2026 - 15:20:50: [l4d2_shop.smx] UPDATE SpecialFunctions SET isEnabled = 1 WHERE steamId = 'STEAM_1:0:511491787' AND (functionNo = 'GRAY_AMMO' OR functionNo = 'BLUE_AMMO' OR functionNo = 'GOLD_AMMO')
L 04/18/2026 - 15:20:50: [l4d2_shop.smx] [UPDATE]: "Peter Mckay<79><STEAM_1:1:853660567><>" saved. Points: "0"
L 04/18/2026 - 15:20:50: [l4d2_shop.smx] [UPDATE]: "c3s4r0126<28><STEAM_1:1:708452018><>" saved. Points: "26"
L 04/18/2026 - 15:22:24: [l4d2_shop.smx] [UPDATE]: "[T-T]MoY<13><STEAM_1:0:511491787><>" saved. Points: "48"
L 04/18/2026 - 15:22:24: [l4d2_shop.smx] UPDATE SpecialFunctions SET isEnabled = 1 WHERE steamId = 'STEAM_1:0:511491787' AND (functionNo = 'GRAY_AMMO' OR functionNo = 'BLUE_AMMO' OR functionNo = 'GOLD_AMMO')
L 04/18/2026 - 15:22:24: [l4d2_shop.smx] [UPDATE]: "Peter Mckay<79><STEAM_1:1:853660567><>" saved. Points: "2"
L 04/18/2026 - 15:22:24: [l4d2_shop.smx] [UPDATE]: "c3s4r0126<28><STEAM_1:1:708452018><>" saved. Points: "28"
L 04/18/2026 - 15:23:52: [l4d2_shop.smx] [UPDATE]: "[T-T]MoY<13><STEAM_1:0:511491787><>" saved. Points: "50"
L 04/18/2026 - 15:23:52: [l4d2_shop.smx] UPDATE SpecialFunctions SET isEnabled = 1 WHERE steamId = 'STEAM_1:0:511491787' AND (functionNo = 'GRAY_AMMO' OR functionNo = 'BLUE_AMMO' OR functionNo = 'GOLD_AMMO')
L 04/18/2026 - 15:23:52: [l4d2_shop.smx] [UPDATE]: "Peter Mckay<79><STEAM_1:1:853660567><>" saved. Points: "4"
L 04/18/2026 - 15:23:52: [l4d2_shop.smx] [UPDATE]: "c3s4r0126<28><STEAM_1:1:708452018><>" saved. Points: "30"
L 04/18/2026 - 15:26:02: -------- Mapchange to bwm5_bridge --------
L 04/18/2026 - 15:26:06: [basecommands.smx] "Console<0><Console><Console>" changed cvar (cvar "sv_consistency") (value "0")
L 04/18/2026 - 15:26:06: [basecommands.smx] "Console<0><Console><Console>" changed cvar (cvar "sv_allow_lobby_connect_only") (value "0")
L 04/18/2026 - 15:26:06: [basecommands.smx] "Console<0><Console><Console>" changed cvar (cvar "sv_maxplayers") (value "8")
L 04/18/2026 - 15:26:06: [basecommands.smx] "Console<0><Console><Console>" changed cvar (cvar "sv_visiblemaxplayers") (value "-1")
L 04/18/2026 - 15:26:07: [chat-processor.smx] Message formats generated for game 'left4dead2'.
L 04/18/2026 - 15:26:07: [chat-processor.smx] Successfully hooked a SayText2 chat hook.
L 04/18/2026 - 15:26:20: [l4d2_shop.smx] [LOAD]: "c3s4r0126<28><STEAM_1:1:708452018><>" loaded the record successfully! Points: "30"
L 04/18/2026 - 15:26:22: [l4d2_shop.smx] [LOAD]: "[T-T]MoY<13><STEAM_1:0:511491787><>" loaded the record successfully! Points: "50"
L 04/18/2026 - 15:26:31: [l4d2_shop.smx] [INSERT]: "LEWIS<102><STEAM_1:1:578316162><>" is a new user!!
L 04/18/2026 - 15:26:51: [l4d2_shop.smx] [LOAD]: "Peter Mckay<79><STEAM_1:1:853660567><>" loaded the record successfully! Points: "4"
L 04/18/2026 - 15:27:05: [l4d2_shop.smx] [UPDATE]: "[T-T]MoY<13><STEAM_1:0:511491787><>" saved. Points: "50"
L 04/18/2026 - 15:27:05: [l4d2_shop.smx] UPDATE SpecialFunctions SET isEnabled = 1 WHERE steamId = 'STEAM_1:0:511491787' AND (functionNo = 'GRAY_AMMO' OR functionNo = 'BLUE_AMMO' OR functionNo = 'GOLD_AMMO')
L 04/18/2026 - 15:27:05: [l4d2_shop.smx] [UPDATE]: "Peter Mckay<79><STEAM_1:1:853660567><>" saved. Points: "4"
L 04/18/2026 - 15:27:05: [l4d2_shop.smx] [UPDATE]: "c3s4r0126<28><STEAM_1:1:708452018><>" saved. Points: "30"
L 04/18/2026 - 15:28:00: [l4d_sm_respawn.smx] "[T-T]MoY<13><STEAM_1:0:511491787><>" teleported "[T-T]MoY<13><STEAM_1:0:511491787><>" after respawning him
L 04/18/2026 - 15:28:00: [l4d_sm_respawn.smx] "[T-T]MoY<13><STEAM_1:0:511491787><>" teleported "Peter Mckay<79><STEAM_1:1:853660567><>" after respawning him
L 04/18/2026 - 15:28:06: [l4d_sm_respawn.smx] "[T-T]MoY<13><STEAM_1:0:511491787><>" teleported "Nick<107><BOT><>" after respawning him
L 04/18/2026 - 15:28:07: [l4d_sm_respawn.smx] "[T-T]MoY<13><STEAM_1:0:511491787><>" teleported "c3s4r0126<28><STEAM_1:1:708452018><>" after respawning him
L 04/18/2026 - 15:28:26: [l4d_sm_respawn.smx] "[T-T]MoY<13><STEAM_1:0:511491787><>" teleported "Peter Mckay<79><STEAM_1:1:853660567><>" after respawning him
L 04/18/2026 - 15:28:49: [l4d2_shop.smx] [UPDATE]: "[T-T]MoY<13><STEAM_1:0:511491787><>" saved. Points: "56"
L 04/18/2026 - 15:28:49: [l4d2_shop.smx] UPDATE SpecialFunctions SET isEnabled = 1 WHERE steamId = 'STEAM_1:0:511491787' AND (functionNo = 'GRAY_AMMO' OR functionNo = 'BLUE_AMMO' OR functionNo = 'GOLD_AMMO')
L 04/18/2026 - 15:28:49: [l4d2_shop.smx] [UPDATE]: "Peter Mckay<79><STEAM_1:1:853660567><>" saved. Points: "10"
L 04/18/2026 - 15:28:49: [l4d2_shop.smx] [UPDATE]: "c3s4r0126<28><STEAM_1:1:708452018><>" saved. Points: "42"
L 04/18/2026 - 15:29:01: [basecommands.smx] "[T-T]MoY<13><STEAM_1:0:511491787><>" changed map to "c1m1_hotel"
L 04/18/2026 - 15:29:04: [SM] Changed map to "c1m1_hotel"
L 04/18/2026 - 15:29:18: -------- Mapchange to c1m1_hotel --------
L 04/18/2026 - 15:29:23: [basecommands.smx] "Console<0><Console><Console>" changed cvar (cvar "sv_consistency") (value "0")
L 04/18/2026 - 15:29:23: [basecommands.smx] "Console<0><Console><Console>" changed cvar (cvar "sv_allow_lobby_connect_only") (value "0")
L 04/18/2026 - 15:29:23: [basecommands.smx] "Console<0><Console><Console>" changed cvar (cvar "sv_maxplayers") (value "8")
L 04/18/2026 - 15:29:23: [basecommands.smx] "Console<0><Console><Console>" changed cvar (cvar "sv_visiblemaxplayers") (value "-1")
L 04/18/2026 - 15:29:23: [chat-processor.smx] Message formats generated for game 'left4dead2'.
L 04/18/2026 - 15:29:23: [chat-processor.smx] Successfully hooked a SayText2 chat hook.
L 04/18/2026 - 15:29:52: [l4d2_shop.smx] [LOAD]: "c3s4r0126<28><STEAM_1:1:708452018><>" loaded the record successfully! Points: "42"
L 04/18/2026 - 15:29:53: [l4d2_shop.smx] [LOAD]: "[T-T]MoY<13><STEAM_1:0:511491787><>" loaded the record successfully! Points: "56"
L 04/18/2026 - 15:30:47: [l4d2_shop.smx] [LOAD]: "Peter Mckay<79><STEAM_1:1:853660567><>" loaded the record successfully! Points: "10"
L 04/18/2026 - 15:32:40: [l4d2_shop.smx] [UPDATE]: "[T-T]MoY<13><STEAM_1:0:511491787><>" saved. Points: "62"
L 04/18/2026 - 15:32:40: [l4d2_shop.smx] UPDATE SpecialFunctions SET isEnabled = 1 WHERE steamId = 'STEAM_1:0:511491787' AND (functionNo = 'GRAY_AMMO' OR functionNo = 'BLUE_AMMO' OR functionNo = 'GOLD_AMMO')
L 04/18/2026 - 15:33:12: Log file closed.
L 04/18/2026 - 21:35:49: SourceMod log file session started (file "d:\steamlibrary\steamapps\common\left 4 dead 2\left4dead2\addons\sourcemod\logs\L20260418.log") (Version "1.12.0.7207")
L 04/18/2026 - 21:35:49: [GEOIP] GeoIP2 database loaded: GeoLite2-ASN (2024-08-21 08:15:21 UTC) (d:\steamlibrary\steamapps\common\left 4 dead 2\left4dead2\addons\sourcemod\configs\geoip\GeoLite2-ASN.mmdb)
L 04/18/2026 - 21:35:49: [GEOIP] GeoIP2 supported languages: en
L 04/18/2026 - 21:35:49: [GEOIP] Your database is older than 90 days. You should consider downloading a newer version from e.g. https://dev.maxmind.com/geoip/geolite2-free-geolocation-data
L 04/18/2026 - 21:35:50: [l4d2_map_rotation.smx] [Rotation] Lista cargada con 6 campañas.
L 04/18/2026 - 21:35:51: [l4d_extinguisher.smx] 
==========
Warning: You should install "[L4D2] Scavenge Score Fix - Gascan Pouring" to prevent affecting the score when filling gas in Scavenge style events: https://forums.alliedmods.net/showthread.php?t=187686
==========

L 04/18/2026 - 21:35:51: [l4d_extinguisher.smx] 
==========
Warning: You should install "[L4D & L4D2] Use Priority Patch" to fix attached models blocking +USE action: https://forums.alliedmods.net/showthread.php?t=327511
==========

L 04/18/2026 - 21:36:07: [basecommands.smx] "Console<0><Console><Console>" changed cvar (cvar "sv_consistency") (value "0")
L 04/18/2026 - 21:36:07: [basecommands.smx] "Console<0><Console><Console>" changed cvar (cvar "sv_allow_lobby_connect_only") (value "0")
L 04/18/2026 - 21:36:07: [basecommands.smx] "Console<0><Console><Console>" changed cvar (cvar "sv_maxplayers") (value "8")
L 04/18/2026 - 21:36:07: [basecommands.smx] "Console<0><Console><Console>" changed cvar (cvar "sv_visiblemaxplayers") (value "-1")
L 04/18/2026 - 21:36:07: [chat-processor.smx] Message formats generated for game 'left4dead2'.
L 04/18/2026 - 21:36:07: [chat-processor.smx] Successfully hooked a SayText2 chat hook.
L 04/18/2026 - 21:36:38: [l4d2_shop.smx] [LOAD]: "[T-T]MoY<2><STEAM_1:0:511491787><>" loaded the record successfully! Points: "62"
L 04/18/2026 - 21:37:00: [basecommands.smx] "[T-T]MoY<2><STEAM_1:0:511491787><>" changed cvar (cvar "sv_gravity") (value "200")
L 04/18/2026 - 21:38:41: [l4d2_shop.smx] [LOAD]: "EL DE CHONCHOCORO<10><STEAM_1:0:578241947><>" loaded the record successfully! Points: "-179970"
L 04/18/2026 - 21:38:47: [l4d2_shop.smx] [UPDATE]: "[T-T]MoY<2><STEAM_1:0:511491787><>" saved. Points: "68"
L 04/18/2026 - 21:38:47: [l4d2_shop.smx] UPDATE SpecialFunctions SET isEnabled = 1 WHERE steamId = 'STEAM_1:0:511491787' AND (functionNo = 'GRAY_AMMO' OR functionNo = 'BLUE_AMMO' OR functionNo = 'GOLD_AMMO')
L 04/18/2026 - 21:38:47: [l4d2_shop.smx] [UPDATE]: "EL DE CHONCHOCORO<10><STEAM_1:0:578241947><>" saved. Points: "-179970"
L 04/18/2026 - 21:38:59: [l4d2_shop.smx] [LOAD]: "Lucifer<9><STEAM_1:1:635459143><>" loaded the record successfully! Points: "30"
L 04/18/2026 - 21:41:23: -------- Mapchange to c1m2_streets --------
L 04/18/2026 - 21:41:29: [basecommands.smx] "Console<0><Console><Console>" changed cvar (cvar "sv_consistency") (value "0")
L 04/18/2026 - 21:41:29: [basecommands.smx] "Console<0><Console><Console>" changed cvar (cvar "sv_allow_lobby_connect_only") (value "0")
L 04/18/2026 - 21:41:29: [basecommands.smx] "Console<0><Console><Console>" changed cvar (cvar "sv_maxplayers") (value "8")
L 04/18/2026 - 21:41:29: [basecommands.smx] "Console<0><Console><Console>" changed cvar (cvar "sv_visiblemaxplayers") (value "-1")
L 04/18/2026 - 21:41:29: [chat-processor.smx] Message formats generated for game 'left4dead2'.
L 04/18/2026 - 21:41:29: [chat-processor.smx] Successfully hooked a SayText2 chat hook.
L 04/18/2026 - 21:41:48: [l4d2_shop.smx] [LOAD]: "EL DE CHONCHOCORO<10><STEAM_1:0:578241947><>" loaded the record successfully! Points: "-179970"
L 04/18/2026 - 21:42:00: [l4d2_shop.smx] [LOAD]: "[T-T]MoY<2><STEAM_1:0:511491787><>" loaded the record successfully! Points: "68"
L 04/18/2026 - 21:42:11: [l4d2_shop.smx] [LOAD]: "Lucifer<9><STEAM_1:1:635459143><>" loaded the record successfully! Points: "30"
L 04/18/2026 - 21:42:36: [l4d2_shop.smx] [LOAD]: "Davertmin<22><STEAM_1:0:921293426><>" loaded the record successfully! Points: "1064"
L 04/18/2026 - 21:42:47: [l4d2_shop.smx] [UPDATE]: "[T-T]MoY<2><STEAM_1:0:511491787><>" saved. Points: "68"
L 04/18/2026 - 21:42:47: [l4d2_shop.smx] UPDATE SpecialFunctions SET isEnabled = 1 WHERE steamId = 'STEAM_1:0:511491787' AND (functionNo = 'GRAY_AMMO' OR functionNo = 'BLUE_AMMO' OR functionNo = 'GOLD_AMMO')
L 04/18/2026 - 21:42:47: [l4d2_shop.smx] [UPDATE]: "Davertmin<22><STEAM_1:0:921293426><>" saved. Points: "1064"
L 04/18/2026 - 21:42:47: [l4d2_shop.smx] [UPDATE]: "EL DE CHONCHOCORO<10><STEAM_1:0:578241947><>" saved. Points: "-179970"
L 04/18/2026 - 21:42:47: [l4d2_shop.smx] [UPDATE]: "Lucifer<9><STEAM_1:1:635459143><>" saved. Points: "30"
L 04/18/2026 - 21:42:55: [l4d2_shop.smx] [LOAD]: "Andres<24><STEAM_1:0:386373030><>" loaded the record successfully! Points: "6"
L 04/18/2026 - 21:43:10: [l4d2_shop.smx] [LOAD]: "classis<26><STEAM_1:0:931301575><>" loaded the record successfully! Points: "5517"
L 04/18/2026 - 21:45:43: [basevotes.smx] "[T-T]MoY<2><STEAM_1:0:511491787><>" initiated a generic vote (question "sera que la hace" / answers "Yes" "No").
L 04/18/2026 - 21:46:04: [basevotes.smx] Vote successful. (Received "60" of 5 votes)
L 04/18/2026 - 21:46:04: [basevotes.smx] The answer to sera que la hace is: Yes.
L 04/18/2026 - 21:46:21: [l4d2_shop.smx] [INSERT]: "VOYD<40><STEAM_1:0:130081106><>" is a new user!!
L 04/18/2026 - 21:47:24: [l4d2_shop.smx] [UPDATE]: "[T-T]MoY<2><STEAM_1:0:511491787><>" saved. Points: "80"
L 04/18/2026 - 21:47:24: [l4d2_shop.smx] UPDATE SpecialFunctions SET isEnabled = 1 WHERE steamId = 'STEAM_1:0:511491787' AND (functionNo = 'GRAY_AMMO' OR functionNo = 'BLUE_AMMO' OR functionNo = 'GOLD_AMMO')
L 04/18/2026 - 21:47:24: [l4d2_shop.smx] [UPDATE]: "classis<26><STEAM_1:0:931301575><>" saved. Points: "5527"
L 04/18/2026 - 21:47:24: [l4d2_shop.smx] [UPDATE]: "Davertmin<22><STEAM_1:0:921293426><>" saved. Points: "1084"
L 04/18/2026 - 21:47:24: [l4d2_shop.smx] [UPDATE]: "EL DE CHONCHOCORO<10><STEAM_1:0:578241947><>" saved. Points: "-179960"
L 04/18/2026 - 21:47:24: [l4d2_shop.smx] [UPDATE]: "Andres<24><STEAM_1:0:386373030><>" saved. Points: "25"
L 04/18/2026 - 21:47:25: [l4d2_shop.smx] [UPDATE]: "Lucifer<9><STEAM_1:1:635459143><>" saved. Points: "40"
L 04/18/2026 - 21:47:25: [l4d2_shop.smx] [UPDATE]: "VOYD<40><STEAM_1:0:130081106><>" saved. Points: "6"
L 04/18/2026 - 21:48:09: [l4d2_shop.smx] [INSERT]: "miagru99<48><STEAM_1:0:933501676><>" is a new user!!
L 04/18/2026 - 21:51:59: -------- Mapchange to c1m3_mall --------
L 04/18/2026 - 21:52:04: [basecommands.smx] "Console<0><Console><Console>" changed cvar (cvar "sv_consistency") (value "0")
L 04/18/2026 - 21:52:04: [basecommands.smx] "Console<0><Console><Console>" changed cvar (cvar "sv_allow_lobby_connect_only") (value "0")
L 04/18/2026 - 21:52:04: [basecommands.smx] "Console<0><Console><Console>" changed cvar (cvar "sv_maxplayers") (value "8")
L 04/18/2026 - 21:52:04: [basecommands.smx] "Console<0><Console><Console>" changed cvar (cvar "sv_visiblemaxplayers") (value "-1")
L 04/18/2026 - 21:52:04: [chat-processor.smx] Message formats generated for game 'left4dead2'.
L 04/18/2026 - 21:52:04: [chat-processor.smx] Successfully hooked a SayText2 chat hook.
L 04/18/2026 - 21:52:23: [l4d2_shop.smx] [LOAD]: "EL DE CHONCHOCORO<10><STEAM_1:0:578241947><>" loaded the record successfully! Points: "-179960"
L 04/18/2026 - 21:52:24: [l4d2_shop.smx] [LOAD]: "classis<26><STEAM_1:0:931301575><>" loaded the record successfully! Points: "5527"
L 04/18/2026 - 21:52:25: [l4d2_shop.smx] [LOAD]: "VOYD<40><STEAM_1:0:130081106><>" loaded the record successfully! Points: "6"
L 04/18/2026 - 21:52:27: [l4d2_shop.smx] [LOAD]: "Andres<24><STEAM_1:0:386373030><>" loaded the record successfully! Points: "25"
L 04/18/2026 - 21:52:35: [l4d2_shop.smx] [LOAD]: "miagru99<48><STEAM_1:0:933501676><>" loaded the record successfully! Points: "0"
L 04/18/2026 - 21:52:35: [l4d2_shop.smx] [LOAD]: "[T-T]MoY<2><STEAM_1:0:511491787><>" loaded the record successfully! Points: "80"
L 04/18/2026 - 21:52:35: [l4d2_shop.smx] [LOAD]: "Davertmin<22><STEAM_1:0:921293426><>" loaded the record successfully! Points: "1084"
L 04/18/2026 - 21:52:46: [l4d2_shop.smx] [LOAD]: "Lucifer<9><STEAM_1:1:635459143><>" loaded the record successfully! Points: "40"
L 04/18/2026 - 21:54:58: [l4d2_map_rotation.smx] [Rotation] Lista cargada con 6 campañas.
L 04/18/2026 - 21:55:38: [basevotes.smx] "[T-T]MoY<2><STEAM_1:0:511491787><>" initiated a generic vote (question "se lo cogeran?" / answers "Yes" "No").
L 04/18/2026 - 21:55:58: [basevotes.smx] Vote successful. (Received "83" of 6 votes)
L 04/18/2026 - 21:55:58: [basevotes.smx] The answer to se lo cogeran? is: Yes.
L 04/18/2026 - 21:56:31: [l4d2_shop.smx] [UPDATE]: "[T-T]MoY<2><STEAM_1:0:511491787><>" saved. Points: "98"
L 04/18/2026 - 21:56:31: [l4d2_shop.smx] UPDATE SpecialFunctions SET isEnabled = 1 WHERE steamId = 'STEAM_1:0:511491787' AND (functionNo = 'GRAY_AMMO' OR functionNo = 'BLUE_AMMO' OR functionNo = 'GOLD_AMMO')
L 04/18/2026 - 21:56:31: [l4d2_shop.smx] [UPDATE]: "classis<26><STEAM_1:0:931301575><>" saved. Points: "5545"
L 04/18/2026 - 21:56:31: [l4d2_shop.smx] [UPDATE]: "Davertmin<22><STEAM_1:0:921293426><>" saved. Points: "1102"
L 04/18/2026 - 21:56:31: [l4d2_shop.smx] [UPDATE]: "miagru99<48><STEAM_1:0:933501676><>" saved. Points: "18"
L 04/18/2026 - 21:56:31: [l4d2_shop.smx] [UPDATE]: "EL DE CHONCHOCORO<10><STEAM_1:0:578241947><>" saved. Points: "-179939"
L 04/18/2026 - 21:56:31: [l4d2_shop.smx] [UPDATE]: "Andres<24><STEAM_1:0:386373030><>" saved. Points: "43"
L 04/18/2026 - 21:56:31: [l4d2_shop.smx] [UPDATE]: "Lucifer<9><STEAM_1:1:635459143><>" saved. Points: "67"
L 04/18/2026 - 21:56:31: [l4d2_shop.smx] [UPDATE]: "VOYD<40><STEAM_1:0:130081106><>" saved. Points: "29"
L 04/18/2026 - 21:58:02: [l4d2_shop.smx] [UPDATE]: "[T-T]MoY<2><STEAM_1:0:511491787><>" saved. Points: "98"
L 04/18/2026 - 21:58:02: [l4d2_shop.smx] UPDATE SpecialFunctions SET isEnabled = 1 WHERE steamId = 'STEAM_1:0:511491787' AND (functionNo = 'GRAY_AMMO' OR functionNo = 'BLUE_AMMO' OR functionNo = 'GOLD_AMMO')
L 04/18/2026 - 21:58:02: [l4d2_shop.smx] [UPDATE]: "classis<26><STEAM_1:0:931301575><>" saved. Points: "5545"
L 04/18/2026 - 21:58:02: [l4d2_shop.smx] [UPDATE]: "Davertmin<22><STEAM_1:0:921293426><>" saved. Points: "1102"
L 04/18/2026 - 21:58:02: [l4d2_shop.smx] [UPDATE]: "miagru99<48><STEAM_1:0:933501676><>" saved. Points: "18"
L 04/18/2026 - 21:58:02: [l4d2_shop.smx] [UPDATE]: "EL DE CHONCHOCORO<10><STEAM_1:0:578241947><>" saved. Points: "-179934"
L 04/18/2026 - 21:58:02: [l4d2_shop.smx] [UPDATE]: "Andres<24><STEAM_1:0:386373030><>" saved. Points: "43"
L 04/18/2026 - 21:58:02: [l4d2_shop.smx] [UPDATE]: "Lucifer<9><STEAM_1:1:635459143><>" saved. Points: "67"
L 04/18/2026 - 21:58:02: [l4d2_shop.smx] [UPDATE]: "VOYD<40><STEAM_1:0:130081106><>" saved. Points: "29"
L 04/18/2026 - 21:59:13: [l4d_sm_respawn.smx] "[T-T]MoY<2><STEAM_1:0:511491787><>" teleported "[T-T]MoY<2><STEAM_1:0:511491787><>" after respawning him
L 04/18/2026 - 21:59:13: [l4d_sm_respawn.smx] "[T-T]MoY<2><STEAM_1:0:511491787><>" teleported "miagru99<48><STEAM_1:0:933501676><>" after respawning him
L 04/18/2026 - 21:59:13: [l4d_sm_respawn.smx] "[T-T]MoY<2><STEAM_1:0:511491787><>" teleported "EL DE CHONCHOCORO<10><STEAM_1:0:578241947><>" after respawning him
L 04/18/2026 - 21:59:13: [l4d_sm_respawn.smx] "[T-T]MoY<2><STEAM_1:0:511491787><>" teleported "Lucifer<9><STEAM_1:1:635459143><>" after respawning him
L 04/18/2026 - 21:59:13: [l4d_sm_respawn.smx] "[T-T]MoY<2><STEAM_1:0:511491787><>" teleported "VOYD<40><STEAM_1:0:130081106><>" after respawning him
L 04/18/2026 - 22:02:37: -------- Mapchange to c1m4_atrium --------
L 04/18/2026 - 22:02:41: [basecommands.smx] "Console<0><Console><Console>" changed cvar (cvar "sv_consistency") (value "0")
L 04/18/2026 - 22:02:41: [basecommands.smx] "Console<0><Console><Console>" changed cvar (cvar "sv_allow_lobby_connect_only") (value "0")
L 04/18/2026 - 22:02:41: [basecommands.smx] "Console<0><Console><Console>" changed cvar (cvar "sv_maxplayers") (value "8")
L 04/18/2026 - 22:02:41: [basecommands.smx] "Console<0><Console><Console>" changed cvar (cvar "sv_visiblemaxplayers") (value "-1")
L 04/18/2026 - 22:02:42: [chat-processor.smx] Message formats generated for game 'left4dead2'.
L 04/18/2026 - 22:02:42: [chat-processor.smx] Successfully hooked a SayText2 chat hook.
L 04/18/2026 - 22:03:00: [l4d2_shop.smx] [LOAD]: "EL DE CHONCHOCORO<10><STEAM_1:0:578241947><>" loaded the record successfully! Points: "-179934"
L 04/18/2026 - 22:03:01: [l4d2_shop.smx] [LOAD]: "classis<26><STEAM_1:0:931301575><>" loaded the record successfully! Points: "5545"
L 04/18/2026 - 22:03:02: [l4d2_shop.smx] [LOAD]: "VOYD<40><STEAM_1:0:130081106><>" loaded the record successfully! Points: "29"
L 04/18/2026 - 22:03:05: [l4d2_shop.smx] [LOAD]: "Andres<24><STEAM_1:0:386373030><>" loaded the record successfully! Points: "43"
L 04/18/2026 - 22:03:10: [l4d2_shop.smx] [LOAD]: "miagru99<48><STEAM_1:0:933501676><>" loaded the record successfully! Points: "18"
L 04/18/2026 - 22:03:12: [l4d2_shop.smx] [LOAD]: "Davertmin<22><STEAM_1:0:921293426><>" loaded the record successfully! Points: "1102"
L 04/18/2026 - 22:03:13: [l4d2_shop.smx] [LOAD]: "[T-T]MoY<2><STEAM_1:0:511491787><>" loaded the record successfully! Points: "98"
L 04/18/2026 - 22:03:18: [l4d2_shop.smx] [LOAD]: "Lucifer<9><STEAM_1:1:635459143><>" loaded the record successfully! Points: "67"
L 04/18/2026 - 22:04:28: [l4d_sm_respawn.smx] "[T-T]MoY<2><STEAM_1:0:511491787><>" teleported "[T-T]MoY<2><STEAM_1:0:511491787><>" after respawning him
L 04/18/2026 - 22:04:28: [l4d_sm_respawn.smx] "[T-T]MoY<2><STEAM_1:0:511491787><>" teleported "Lucifer<9><STEAM_1:1:635459143><>" after respawning him
L 04/18/2026 - 22:04:28: [l4d_sm_respawn.smx] "[T-T]MoY<2><STEAM_1:0:511491787><>" teleported "VOYD<40><STEAM_1:0:130081106><>" after respawning him
L 04/18/2026 - 22:05:32: [l4d_sm_respawn.smx] "[T-T]MoY<2><STEAM_1:0:511491787><>" teleported "EL DE CHONCHOCORO<10><STEAM_1:0:578241947><>" after respawning him
L 04/18/2026 - 22:06:03: [l4d2_shop.smx] [Buy]: "Davertmin<22><STEAM_1:0:921293426><>" bought "Revivir (Costo actual: 50)" (price: "50"), remaining points: "1058"
L 04/18/2026 - 22:06:18: [l4d_sm_respawn.smx] "[T-T]MoY<2><STEAM_1:0:511491787><>" teleported "EL DE CHONCHOCORO<10><STEAM_1:0:578241947><>" after respawning him
L 04/18/2026 - 22:06:18: [l4d_sm_respawn.smx] "[T-T]MoY<2><STEAM_1:0:511491787><>" teleported "Andres<24><STEAM_1:0:386373030><>" after respawning him
L 04/18/2026 - 22:07:26: [l4d2_shop.smx] [Buy]: "[T-T]MoY<2><STEAM_1:0:511491787><>" bought "gascan" (price: "18"), remaining points: "94"
L 04/18/2026 - 22:08:06: [l4d_sm_respawn.smx] "[T-T]MoY<2><STEAM_1:0:511491787><>" teleported "[T-T]MoY<2><STEAM_1:0:511491787><>" after respawning him
L 04/18/2026 - 22:08:07: [l4d_sm_respawn.smx] "[T-T]MoY<2><STEAM_1:0:511491787><>" teleported "classis<26><STEAM_1:0:931301575><>" after respawning him
L 04/18/2026 - 22:08:07: [l4d_sm_respawn.smx] "[T-T]MoY<2><STEAM_1:0:511491787><>" teleported "EL DE CHONCHOCORO<10><STEAM_1:0:578241947><>" after respawning him
L 04/18/2026 - 22:08:07: [l4d_sm_respawn.smx] "[T-T]MoY<2><STEAM_1:0:511491787><>" teleported "Lucifer<9><STEAM_1:1:635459143><>" after respawning him
L 04/18/2026 - 22:08:07: [l4d_sm_respawn.smx] "[T-T]MoY<2><STEAM_1:0:511491787><>" teleported "VOYD<40><STEAM_1:0:130081106><>" after respawning him
L 04/18/2026 - 22:08:17: [l4d2_shop.smx] [Buy]: "[T-T]MoY<2><STEAM_1:0:511491787><>" bought "gascan" (price: "18"), remaining points: "80"
L 04/18/2026 - 22:09:44: -------- Mapchange to c8m1_apartment --------
L 04/18/2026 - 22:09:49: [basecommands.smx] "Console<0><Console><Console>" changed cvar (cvar "sv_consistency") (value "0")
L 04/18/2026 - 22:09:49: [basecommands.smx] "Console<0><Console><Console>" changed cvar (cvar "sv_allow_lobby_connect_only") (value "0")
L 04/18/2026 - 22:09:49: [basecommands.smx] "Console<0><Console><Console>" changed cvar (cvar "sv_maxplayers") (value "8")
L 04/18/2026 - 22:09:49: [basecommands.smx] "Console<0><Console><Console>" changed cvar (cvar "sv_visiblemaxplayers") (value "-1")
L 04/18/2026 - 22:09:50: [chat-processor.smx] Message formats generated for game 'left4dead2'.
L 04/18/2026 - 22:09:50: [chat-processor.smx] Successfully hooked a SayText2 chat hook.
L 04/18/2026 - 22:10:05: [l4d2_shop.smx] [LOAD]: "EL DE CHONCHOCORO<10><STEAM_1:0:578241947><>" loaded the record successfully! Points: "-179934"
L 04/18/2026 - 22:10:06: [l4d2_shop.smx] [LOAD]: "classis<26><STEAM_1:0:931301575><>" loaded the record successfully! Points: "5545"
L 04/18/2026 - 22:10:06: [l4d2_shop.smx] [LOAD]: "[T-T]MoY<2><STEAM_1:0:511491787><>" loaded the record successfully! Points: "98"
L 04/18/2026 - 22:10:08: [l4d2_shop.smx] [LOAD]: "miagru99<48><STEAM_1:0:933501676><>" loaded the record successfully! Points: "18"
L 04/18/2026 - 22:10:10: [l4d2_shop.smx] [LOAD]: "Davertmin<22><STEAM_1:0:921293426><>" loaded the record successfully! Points: "1102"
L 04/18/2026 - 22:10:20: [l4d2_shop.smx] [LOAD]: "Lucifer<9><STEAM_1:1:635459143><>" loaded the record successfully! Points: "67"
L 04/18/2026 - 22:10:20: [l4d2_shop.smx] [LOAD]: "khia<145><STEAM_1:0:396140887><>" loaded the record successfully! Points: "99"
L 04/18/2026 - 22:11:30: -------- Mapchange to c8m2_subway --------
L 04/18/2026 - 22:11:35: [basecommands.smx] "Console<0><Console><Console>" changed cvar (cvar "sv_consistency") (value "0")
L 04/18/2026 - 22:11:35: [basecommands.smx] "Console<0><Console><Console>" changed cvar (cvar "sv_allow_lobby_connect_only") (value "0")
L 04/18/2026 - 22:11:35: [basecommands.smx] "Console<0><Console><Console>" changed cvar (cvar "sv_maxplayers") (value "8")
L 04/18/2026 - 22:11:35: [basecommands.smx] "Console<0><Console><Console>" changed cvar (cvar "sv_visiblemaxplayers") (value "-1")
L 04/18/2026 - 22:11:35: [chat-processor.smx] Message formats generated for game 'left4dead2'.
L 04/18/2026 - 22:11:35: [chat-processor.smx] Successfully hooked a SayText2 chat hook.
L 04/18/2026 - 22:11:51: [l4d2_shop.smx] [LOAD]: "EL DE CHONCHOCORO<10><STEAM_1:0:578241947><>" loaded the record successfully! Points: "-179934"
L 04/18/2026 - 22:11:52: [l4d2_shop.smx] [LOAD]: "classis<26><STEAM_1:0:931301575><>" loaded the record successfully! Points: "5545"
L 04/18/2026 - 22:11:52: [l4d2_shop.smx] [LOAD]: "[T-T]MoY<2><STEAM_1:0:511491787><>" loaded the record successfully! Points: "98"
L 04/18/2026 - 22:11:53: [l4d2_shop.smx] [LOAD]: "khia<145><STEAM_1:0:396140887><>" loaded the record successfully! Points: "99"
L 04/18/2026 - 22:11:55: [l4d2_shop.smx] [LOAD]: "miagru99<48><STEAM_1:0:933501676><>" loaded the record successfully! Points: "18"
L 04/18/2026 - 22:11:56: [l4d2_shop.smx] [LOAD]: "Davertmin<22><STEAM_1:0:921293426><>" loaded the record successfully! Points: "1102"
L 04/18/2026 - 22:12:05: [l4d2_shop.smx] [LOAD]: "Lucifer<9><STEAM_1:1:635459143><>" loaded the record successfully! Points: "67"
L 04/18/2026 - 22:13:24: [l4d2_shop.smx] [Buy]: "Davertmin<22><STEAM_1:0:921293426><>" bought "Revivir (Costo actual: 50)" (price: "50"), remaining points: "1054"
L 04/18/2026 - 22:15:01: [l4d2_shop.smx] [UPDATE]: "[T-T]MoY<2><STEAM_1:0:511491787><>" saved. Points: "108"
L 04/18/2026 - 22:15:01: [l4d2_shop.smx] UPDATE SpecialFunctions SET isEnabled = 1 WHERE steamId = 'STEAM_1:0:511491787' AND (functionNo = 'GRAY_AMMO' OR functionNo = 'BLUE_AMMO' OR functionNo = 'GOLD_AMMO')
L 04/18/2026 - 22:15:01: [l4d2_shop.smx] [UPDATE]: "classis<26><STEAM_1:0:931301575><>" saved. Points: "5558"
L 04/18/2026 - 22:15:01: [l4d2_shop.smx] [UPDATE]: "Davertmin<22><STEAM_1:0:921293426><>" saved. Points: "1066"
L 04/18/2026 - 22:15:01: [l4d2_shop.smx] [UPDATE]: "miagru99<48><STEAM_1:0:933501676><>" saved. Points: "28"
L 04/18/2026 - 22:15:01: [l4d2_shop.smx] [UPDATE]: "EL DE CHONCHOCORO<10><STEAM_1:0:578241947><>" saved. Points: "-179915"
L 04/18/2026 - 22:15:01: [l4d2_shop.smx] [UPDATE]: "khia<145><STEAM_1:0:396140887><>" saved. Points: "109"
L 04/18/2026 - 22:15:01: [l4d2_shop.smx] [UPDATE]: "Lucifer<9><STEAM_1:1:635459143><>" saved. Points: "77"
L 04/18/2026 - 22:16:01: [l4d2_shop.smx] [Buy]: "Davertmin<22><STEAM_1:0:921293426><>" bought "Revivir (Costo actual: 50)" (price: "50"), remaining points: "1018"
L 04/18/2026 - 22:16:57: [l4d2_shop.smx] [UPDATE]: "[T-T]MoY<2><STEAM_1:0:511491787><>" saved. Points: "110"
L 04/18/2026 - 22:16:57: [l4d2_shop.smx] UPDATE SpecialFunctions SET isEnabled = 1 WHERE steamId = 'STEAM_1:0:511491787' AND (functionNo = 'GRAY_AMMO' OR functionNo = 'BLUE_AMMO' OR functionNo = 'GOLD_AMMO')
L 04/18/2026 - 22:16:57: [l4d2_shop.smx] [UPDATE]: "classis<26><STEAM_1:0:931301575><>" saved. Points: "5563"
L 04/18/2026 - 22:16:57: [l4d2_shop.smx] [UPDATE]: "Davertmin<22><STEAM_1:0:921293426><>" saved. Points: "1018"
L 04/18/2026 - 22:16:57: [l4d2_shop.smx] [UPDATE]: "miagru99<48><STEAM_1:0:933501676><>" saved. Points: "30"
L 04/18/2026 - 22:16:57: [l4d2_shop.smx] [UPDATE]: "EL DE CHONCHOCORO<10><STEAM_1:0:578241947><>" saved. Points: "-179913"
L 04/18/2026 - 22:16:57: [l4d2_shop.smx] [UPDATE]: "khia<145><STEAM_1:0:396140887><>" saved. Points: "111"
L 04/18/2026 - 22:16:57: [l4d2_shop.smx] [UPDATE]: "Lucifer<9><STEAM_1:1:635459143><>" saved. Points: "79"
L 04/18/2026 - 22:17:36: [l4d2_shop.smx] [INSERT]: "renzocardenas0702<187><STEAM_1:1:423146830><>" is a new user!!
L 04/18/2026 - 22:19:55: -------- Mapchange to c8m3_sewers --------
L 04/18/2026 - 22:20:00: [basecommands.smx] "Console<0><Console><Console>" changed cvar (cvar "sv_consistency") (value "0")
L 04/18/2026 - 22:20:00: [basecommands.smx] "Console<0><Console><Console>" changed cvar (cvar "sv_allow_lobby_connect_only") (value "0")
L 04/18/2026 - 22:20:00: [basecommands.smx] "Console<0><Console><Console>" changed cvar (cvar "sv_maxplayers") (value "8")
L 04/18/2026 - 22:20:00: [basecommands.smx] "Console<0><Console><Console>" changed cvar (cvar "sv_visiblemaxplayers") (value "-1")
L 04/18/2026 - 22:20:00: [chat-processor.smx] Message formats generated for game 'left4dead2'.
L 04/18/2026 - 22:20:00: [chat-processor.smx] Successfully hooked a SayText2 chat hook.
L 04/18/2026 - 22:20:15: [l4d2_shop.smx] [LOAD]: "EL DE CHONCHOCORO<10><STEAM_1:0:578241947><>" loaded the record successfully! Points: "-179913"
L 04/18/2026 - 22:20:16: [l4d2_shop.smx] [LOAD]: "classis<26><STEAM_1:0:931301575><>" loaded the record successfully! Points: "5563"
L 04/18/2026 - 22:20:16: [l4d2_shop.smx] [LOAD]: "[T-T]MoY<2><STEAM_1:0:511491787><>" loaded the record successfully! Points: "110"
L 04/18/2026 - 22:20:17: [l4d2_shop.smx] [LOAD]: "khia<145><STEAM_1:0:396140887><>" loaded the record successfully! Points: "111"
L 04/18/2026 - 22:20:19: [l4d2_shop.smx] [LOAD]: "miagru99<48><STEAM_1:0:933501676><>" loaded the record successfully! Points: "30"
L 04/18/2026 - 22:20:21: [l4d2_shop.smx] [LOAD]: "Davertmin<22><STEAM_1:0:921293426><>" loaded the record successfully! Points: "1018"
L 04/18/2026 - 22:20:29: [l4d2_shop.smx] [LOAD]: "Lucifer<9><STEAM_1:1:635459143><>" loaded the record successfully! Points: "79"
L 04/18/2026 - 22:21:04: [l4d2_shop.smx] [LOAD]: "renzocardenas0702<187><STEAM_1:1:423146830><>" loaded the record successfully! Points: "0"
L 04/18/2026 - 22:22:49: [l4d2_shop.smx] [Buy]: "Davertmin<22><STEAM_1:0:921293426><>" bought "Revivir (Costo actual: 50)" (price: "50"), remaining points: "978"
L 04/18/2026 - 22:23:05: [l4d2_shop.smx] [UPDATE]: "[T-T]MoY<2><STEAM_1:0:511491787><>" saved. Points: "112"
L 04/18/2026 - 22:23:05: [l4d2_shop.smx] UPDATE SpecialFunctions SET isEnabled = 1 WHERE steamId = 'STEAM_1:0:511491787' AND (functionNo = 'GRAY_AMMO' OR functionNo = 'BLUE_AMMO' OR functionNo = 'GOLD_AMMO')
L 04/18/2026 - 22:23:05: [l4d2_shop.smx] [UPDATE]: "classis<26><STEAM_1:0:931301575><>" saved. Points: "5569"
L 04/18/2026 - 22:23:05: [l4d2_shop.smx] [UPDATE]: "Davertmin<22><STEAM_1:0:921293426><>" saved. Points: "978"
L 04/18/2026 - 22:23:05: [l4d2_shop.smx] [UPDATE]: "miagru99<48><STEAM_1:0:933501676><>" saved. Points: "32"
L 04/18/2026 - 22:23:05: [l4d2_shop.smx] [UPDATE]: "EL DE CHONCHOCORO<10><STEAM_1:0:578241947><>" saved. Points: "-179911"
L 04/18/2026 - 22:23:05: [l4d2_shop.smx] [UPDATE]: "khia<145><STEAM_1:0:396140887><>" saved. Points: "113"
L 04/18/2026 - 22:23:05: [l4d2_shop.smx] [UPDATE]: "Lucifer<9><STEAM_1:1:635459143><>" saved. Points: "81"
L 04/18/2026 - 22:23:05: [l4d2_shop.smx] [UPDATE]: "renzocardenas0702<187><STEAM_1:1:423146830><>" saved. Points: "2"
L 04/18/2026 - 22:23:47: [l4d2_shop.smx] [Buy]: "[T-T]MoY<2><STEAM_1:0:511491787><>" bought "Revivir (Costo actual: 50)" (price: "50"), remaining points: "62"
L 04/18/2026 - 22:25:37: [l4d2_shop.smx] [Buy]: "[T-T]MoY<2><STEAM_1:0:511491787><>" bought "extinguisher" (price: "40"), remaining points: "30"
L 04/18/2026 - 22:26:50: -------- Mapchange to c8m4_interior --------
L 04/18/2026 - 22:26:55: [basecommands.smx] "Console<0><Console><Console>" changed cvar (cvar "sv_consistency") (value "0")
L 04/18/2026 - 22:26:55: [basecommands.smx] "Console<0><Console><Console>" changed cvar (cvar "sv_allow_lobby_connect_only") (value "0")
L 04/18/2026 - 22:26:55: [basecommands.smx] "Console<0><Console><Console>" changed cvar (cvar "sv_maxplayers") (value "8")
L 04/18/2026 - 22:26:55: [basecommands.smx] "Console<0><Console><Console>" changed cvar (cvar "sv_visiblemaxplayers") (value "-1")
L 04/18/2026 - 22:26:56: [chat-processor.smx] Message formats generated for game 'left4dead2'.
L 04/18/2026 - 22:26:56: [chat-processor.smx] Successfully hooked a SayText2 chat hook.
L 04/18/2026 - 22:27:11: [l4d2_shop.smx] [LOAD]: "EL DE CHONCHOCORO<10><STEAM_1:0:578241947><>" loaded the record successfully! Points: "-179911"
L 04/18/2026 - 22:27:12: [l4d2_shop.smx] [LOAD]: "classis<26><STEAM_1:0:931301575><>" loaded the record successfully! Points: "5569"
L 04/18/2026 - 22:27:12: [l4d2_shop.smx] [LOAD]: "[T-T]MoY<2><STEAM_1:0:511491787><>" loaded the record successfully! Points: "112"
L 04/18/2026 - 22:27:12: [l4d2_shop.smx] [LOAD]: "khia<145><STEAM_1:0:396140887><>" loaded the record successfully! Points: "113"
L 04/18/2026 - 22:27:15: [l4d2_shop.smx] [LOAD]: "miagru99<48><STEAM_1:0:933501676><>" loaded the record successfully! Points: "32"
L 04/18/2026 - 22:27:17: [l4d2_shop.smx] [LOAD]: "Davertmin<22><STEAM_1:0:921293426><>" loaded the record successfully! Points: "978"
L 04/18/2026 - 22:27:31: [l4d2_shop.smx] [LOAD]: "renzocardenas0702<187><STEAM_1:1:423146830><>" loaded the record successfully! Points: "2"
L 04/18/2026 - 22:27:34: [l4d2_shop.smx] [LOAD]: "Lucifer<9><STEAM_1:1:635459143><>" loaded the record successfully! Points: "81"
L 04/18/2026 - 22:30:03: [l4d2_shop.smx] [UPDATE]: "[T-T]MoY<2><STEAM_1:0:511491787><>" saved. Points: "122"
L 04/18/2026 - 22:30:03: [l4d2_shop.smx] UPDATE SpecialFunctions SET isEnabled = 1 WHERE steamId = 'STEAM_1:0:511491787' AND (functionNo = 'GRAY_AMMO' OR functionNo = 'BLUE_AMMO' OR functionNo = 'GOLD_AMMO')
L 04/18/2026 - 22:30:03: [l4d2_shop.smx] [UPDATE]: "classis<26><STEAM_1:0:931301575><>" saved. Points: "5579"
L 04/18/2026 - 22:30:03: [l4d2_shop.smx] [UPDATE]: "Davertmin<22><STEAM_1:0:921293426><>" saved. Points: "988"
L 04/18/2026 - 22:30:03: [l4d2_shop.smx] [UPDATE]: "miagru99<48><STEAM_1:0:933501676><>" saved. Points: "42"
L 04/18/2026 - 22:30:03: [l4d2_shop.smx] [UPDATE]: "EL DE CHONCHOCORO<10><STEAM_1:0:578241947><>" saved. Points: "-179901"
L 04/18/2026 - 22:30:03: [l4d2_shop.smx] [UPDATE]: "khia<145><STEAM_1:0:396140887><>" saved. Points: "123"
L 04/18/2026 - 22:30:03: [l4d2_shop.smx] [UPDATE]: "Lucifer<9><STEAM_1:1:635459143><>" saved. Points: "94"
L 04/18/2026 - 22:30:03: [l4d2_shop.smx] [UPDATE]: "renzocardenas0702<187><STEAM_1:1:423146830><>" saved. Points: "12"
L 04/18/2026 - 22:31:05: [l4d2_shop.smx] [Buy]: "Davertmin<22><STEAM_1:0:921293426><>" bought "Revivir (Costo actual: 50)" (price: "50"), remaining points: "938"
L 04/18/2026 - 22:32:08: [l4d2_shop.smx] [Buy]: "Davertmin<22><STEAM_1:0:921293426><>" bought "Revivir (Costo actual: 150)" (price: "150"), remaining points: "796"
L 04/18/2026 - 22:32:35: [l4d2_shop.smx] [Buy]: "Davertmin<22><STEAM_1:0:921293426><>" bought "Revivir (Costo actual: 250)" (price: "250"), remaining points: "546"
L 04/18/2026 - 22:32:42: [l4d2_shop.smx] [Buy]: "Davertmin<22><STEAM_1:0:921293426><>" bought "Revivir (Costo actual: 350)" (price: "350"), remaining points: "196"
L 04/18/2026 - 22:33:34: [l4d2_shop.smx] [UPDATE]: "[T-T]MoY<2><STEAM_1:0:511491787><>" saved. Points: "137"
L 04/18/2026 - 22:33:34: [l4d2_shop.smx] UPDATE SpecialFunctions SET isEnabled = 1 WHERE steamId = 'STEAM_1:0:511491787' AND (functionNo = 'GRAY_AMMO' OR functionNo = 'BLUE_AMMO' OR functionNo = 'GOLD_AMMO')
L 04/18/2026 - 22:33:34: [l4d2_shop.smx] [UPDATE]: "classis<26><STEAM_1:0:931301575><>" saved. Points: "5596"
L 04/18/2026 - 22:33:34: [l4d2_shop.smx] [UPDATE]: "Davertmin<22><STEAM_1:0:921293426><>" saved. Points: "198"
L 04/18/2026 - 22:33:34: [l4d2_shop.smx] [UPDATE]: "miagru99<48><STEAM_1:0:933501676><>" saved. Points: "58"
L 04/18/2026 - 22:33:34: [l4d2_shop.smx] [UPDATE]: "EL DE CHONCHOCORO<10><STEAM_1:0:578241947><>" saved. Points: "-179891"
L 04/18/2026 - 22:33:34: [l4d2_shop.smx] [UPDATE]: "khia<145><STEAM_1:0:396140887><>" saved. Points: "133"
L 04/18/2026 - 22:33:34: [l4d2_shop.smx] [UPDATE]: "Lucifer<9><STEAM_1:1:635459143><>" saved. Points: "114"
L 04/18/2026 - 22:33:34: [l4d2_shop.smx] [UPDATE]: "renzocardenas0702<187><STEAM_1:1:423146830><>" saved. Points: "22"
L 04/18/2026 - 22:34:33: [l4d_sm_respawn.smx] "[T-T]MoY<2><STEAM_1:0:511491787><>" teleported "classis<26><STEAM_1:0:931301575><>" after respawning him
L 04/18/2026 - 22:34:33: [l4d_sm_respawn.smx] "[T-T]MoY<2><STEAM_1:0:511491787><>" teleported "Lucifer<9><STEAM_1:1:635459143><>" after respawning him
L 04/18/2026 - 22:35:13: [l4d2_shop.smx] [Buy]: "Davertmin<22><STEAM_1:0:921293426><>" bought "Revivir (Costo actual: 50)" (price: "50"), remaining points: "154"
L 04/18/2026 - 22:35:15: [l4d_sm_respawn.smx] "[T-T]MoY<2><STEAM_1:0:511491787><>" teleported "[T-T]MoY<2><STEAM_1:0:511491787><>" after respawning him
L 04/18/2026 - 22:35:15: [l4d_sm_respawn.smx] "[T-T]MoY<2><STEAM_1:0:511491787><>" teleported "classis<26><STEAM_1:0:931301575><>" after respawning him
L 04/18/2026 - 22:35:15: [l4d_sm_respawn.smx] "[T-T]MoY<2><STEAM_1:0:511491787><>" teleported "miagru99<48><STEAM_1:0:933501676><>" after respawning him
L 04/18/2026 - 22:35:16: [l4d_sm_respawn.smx] "[T-T]MoY<2><STEAM_1:0:511491787><>" teleported "EL DE CHONCHOCORO<10><STEAM_1:0:578241947><>" after respawning him
L 04/18/2026 - 22:35:16: [l4d_sm_respawn.smx] "[T-T]MoY<2><STEAM_1:0:511491787><>" teleported "Lucifer<9><STEAM_1:1:635459143><>" after respawning him
L 04/18/2026 - 22:35:16: [l4d_sm_respawn.smx] "[T-T]MoY<2><STEAM_1:0:511491787><>" teleported "renzocardenas0702<187><STEAM_1:1:423146830><>" after respawning him
L 04/18/2026 - 22:35:40: [l4d_sm_respawn.smx] "[T-T]MoY<2><STEAM_1:0:511491787><>" teleported "[T-T]MoY<2><STEAM_1:0:511491787><>" after respawning him
L 04/18/2026 - 22:35:40: [l4d_sm_respawn.smx] "[T-T]MoY<2><STEAM_1:0:511491787><>" teleported "classis<26><STEAM_1:0:931301575><>" after respawning him
L 04/18/2026 - 22:35:40: [l4d_sm_respawn.smx] "[T-T]MoY<2><STEAM_1:0:511491787><>" teleported "miagru99<48><STEAM_1:0:933501676><>" after respawning him
L 04/18/2026 - 22:35:40: [l4d_sm_respawn.smx] "[T-T]MoY<2><STEAM_1:0:511491787><>" teleported "EL DE CHONCHOCORO<10><STEAM_1:0:578241947><>" after respawning him
L 04/18/2026 - 22:35:41: [l4d_sm_respawn.smx] "[T-T]MoY<2><STEAM_1:0:511491787><>" teleported "Lucifer<9><STEAM_1:1:635459143><>" after respawning him
L 04/18/2026 - 22:35:41: [l4d_sm_respawn.smx] "[T-T]MoY<2><STEAM_1:0:511491787><>" teleported "renzocardenas0702<187><STEAM_1:1:423146830><>" after respawning him
L 04/18/2026 - 22:36:03: [l4d2_shop.smx] [UPDATE]: "[T-T]MoY<2><STEAM_1:0:511491787><>" saved. Points: "146"
L 04/18/2026 - 22:36:03: [l4d2_shop.smx] UPDATE SpecialFunctions SET isEnabled = 1 WHERE steamId = 'STEAM_1:0:511491787' AND (functionNo = 'GRAY_AMMO' OR functionNo = 'BLUE_AMMO' OR functionNo = 'GOLD_AMMO')
L 04/18/2026 - 22:36:03: [l4d2_shop.smx] [UPDATE]: "classis<26><STEAM_1:0:931301575><>" saved. Points: "5607"
L 04/18/2026 - 22:36:03: [l4d2_shop.smx] [UPDATE]: "Davertmin<22><STEAM_1:0:921293426><>" saved. Points: "159"
L 04/18/2026 - 22:36:03: [l4d2_shop.smx] [UPDATE]: "miagru99<48><STEAM_1:0:933501676><>" saved. Points: "66"
L 04/18/2026 - 22:36:03: [l4d2_shop.smx] [UPDATE]: "EL DE CHONCHOCORO<10><STEAM_1:0:578241947><>" saved. Points: "-179874"
L 04/18/2026 - 22:36:03: [l4d2_shop.smx] [UPDATE]: "khia<145><STEAM_1:0:396140887><>" saved. Points: "141"
L 04/18/2026 - 22:36:03: [l4d2_shop.smx] [UPDATE]: "Lucifer<9><STEAM_1:1:635459143><>" saved. Points: "122"
L 04/18/2026 - 22:36:03: [l4d2_shop.smx] [UPDATE]: "renzocardenas0702<187><STEAM_1:1:423146830><>" saved. Points: "33"
L 04/18/2026 - 22:36:21: [basevotes.smx] "[T-T]MoY<2><STEAM_1:0:511491787><>" initiated a kick vote against "Lucifer<9><STEAM_1:1:635459143><>"
L 04/18/2026 - 22:36:41: [basevotes.smx] Vote successful. (Received "100" of 3 votes)
L 04/18/2026 - 22:36:41: [basevotes.smx] Vote kick successful, kicked "Lucifer<9><STEAM_1:1:635459143><>" (reason "Votekicked")
L 04/18/2026 - 22:37:29: [l4d_sm_respawn.smx] "[T-T]MoY<2><STEAM_1:0:511491787><>" teleported "[T-T]MoY<2><STEAM_1:0:511491787><>" after respawning him
L 04/18/2026 - 22:37:29: [l4d_sm_respawn.smx] "[T-T]MoY<2><STEAM_1:0:511491787><>" teleported "classis<26><STEAM_1:0:931301575><>" after respawning him
L 04/18/2026 - 22:37:29: [l4d_sm_respawn.smx] "[T-T]MoY<2><STEAM_1:0:511491787><>" teleported "EL DE CHONCHOCORO<10><STEAM_1:0:578241947><>" after respawning him
L 04/18/2026 - 22:37:29: [l4d_sm_respawn.smx] "[T-T]MoY<2><STEAM_1:0:511491787><>" teleported "khia<145><STEAM_1:0:396140887><>" after respawning him
L 04/18/2026 - 22:37:29: [l4d_sm_respawn.smx] "[T-T]MoY<2><STEAM_1:0:511491787><>" teleported "renzocardenas0702<187><STEAM_1:1:423146830><>" after respawning him
L 04/18/2026 - 22:37:33: [playercommands.smx] "[T-T]MoY<2><STEAM_1:0:511491787><>" slayed "Tank<293><BOT><>"
L 04/18/2026 - 22:37:35: [playercommands.smx] "[T-T]MoY<2><STEAM_1:0:511491787><>" slayed "(2)Tank<298><BOT><>"
L 04/18/2026 - 22:37:50: [l4d2_shop.smx] [LOAD]: "Lucifer<300><STEAM_1:1:635459143><>" loaded the record successfully! Points: "122"
L 04/18/2026 - 22:39:20: -------- Mapchange to c8m5_rooftop --------
L 04/18/2026 - 22:39:24: [basecommands.smx] "Console<0><Console><Console>" changed cvar (cvar "sv_consistency") (value "0")
L 04/18/2026 - 22:39:24: [basecommands.smx] "Console<0><Console><Console>" changed cvar (cvar "sv_allow_lobby_connect_only") (value "0")
L 04/18/2026 - 22:39:24: [basecommands.smx] "Console<0><Console><Console>" changed cvar (cvar "sv_maxplayers") (value "8")
L 04/18/2026 - 22:39:24: [basecommands.smx] "Console<0><Console><Console>" changed cvar (cvar "sv_visiblemaxplayers") (value "-1")
L 04/18/2026 - 22:39:25: [chat-processor.smx] Message formats generated for game 'left4dead2'.
L 04/18/2026 - 22:39:25: [chat-processor.smx] Successfully hooked a SayText2 chat hook.
L 04/18/2026 - 22:39:39: [l4d2_shop.smx] [LOAD]: "EL DE CHONCHOCORO<10><STEAM_1:0:578241947><>" loaded the record successfully! Points: "-179874"
L 04/18/2026 - 22:39:40: [l4d2_shop.smx] [LOAD]: "khia<145><STEAM_1:0:396140887><>" loaded the record successfully! Points: "141"
L 04/18/2026 - 22:39:40: [l4d2_shop.smx] [LOAD]: "classis<26><STEAM_1:0:931301575><>" loaded the record successfully! Points: "5607"
L 04/18/2026 - 22:39:41: [l4d2_shop.smx] [LOAD]: "[T-T]MoY<2><STEAM_1:0:511491787><>" loaded the record successfully! Points: "146"
L 04/18/2026 - 22:39:43: [l4d2_shop.smx] [LOAD]: "miagru99<48><STEAM_1:0:933501676><>" loaded the record successfully! Points: "66"
L 04/18/2026 - 22:39:45: [l4d2_shop.smx] [LOAD]: "Davertmin<22><STEAM_1:0:921293426><>" loaded the record successfully! Points: "159"
L 04/18/2026 - 22:39:55: [l4d2_shop.smx] [LOAD]: "Lucifer<300><STEAM_1:1:635459143><>" loaded the record successfully! Points: "122"
L 04/18/2026 - 22:39:55: [l4d2_shop.smx] [LOAD]: "renzocardenas0702<187><STEAM_1:1:423146830><>" loaded the record successfully! Points: "33"
L 04/18/2026 - 22:40:32: [l4d2_shop.smx] [Buy]: "Davertmin<22><STEAM_1:0:921293426><>" bought "Revivir (Costo actual: 50)" (price: "50"), remaining points: "111"
L 04/18/2026 - 22:40:55: [l4d2_shop.smx] [UPDATE]: "[T-T]MoY<2><STEAM_1:0:511491787><>" saved. Points: "150"
L 04/18/2026 - 22:40:55: [l4d2_shop.smx] UPDATE SpecialFunctions SET isEnabled = 1 WHERE steamId = 'STEAM_1:0:511491787' AND (functionNo = 'GRAY_AMMO' OR functionNo = 'BLUE_AMMO' OR functionNo = 'GOLD_AMMO')
L 04/18/2026 - 22:40:55: [l4d2_shop.smx] [UPDATE]: "classis<26><STEAM_1:0:931301575><>" saved. Points: "5611"
L 04/18/2026 - 22:40:55: [l4d2_shop.smx] [UPDATE]: "Davertmin<22><STEAM_1:0:921293426><>" saved. Points: "113"
L 04/18/2026 - 22:40:55: [l4d2_shop.smx] [UPDATE]: "miagru99<48><STEAM_1:0:933501676><>" saved. Points: "70"
L 04/18/2026 - 22:40:55: [l4d2_shop.smx] [UPDATE]: "EL DE CHONCHOCORO<10><STEAM_1:0:578241947><>" saved. Points: "-179870"
L 04/18/2026 - 22:40:55: [l4d2_shop.smx] [UPDATE]: "khia<145><STEAM_1:0:396140887><>" saved. Points: "151"
L 04/18/2026 - 22:40:55: [l4d2_shop.smx] [UPDATE]: "Lucifer<300><STEAM_1:1:635459143><>" saved. Points: "126"
L 04/18/2026 - 22:40:55: [l4d2_shop.smx] [UPDATE]: "renzocardenas0702<187><STEAM_1:1:423146830><>" saved. Points: "37"
L 04/18/2026 - 22:40:58: [l4d2_shop.smx] [Buy]: "Davertmin<22><STEAM_1:0:921293426><>" bought "Revivir (Costo actual: 50)" (price: "50"), remaining points: "63"
L 04/18/2026 - 22:41:56: [l4d_sm_respawn.smx] "[T-T]MoY<2><STEAM_1:0:511491787><>" teleported "classis<26><STEAM_1:0:931301575><>" after respawning him
L 04/18/2026 - 22:41:56: [l4d_sm_respawn.smx] "[T-T]MoY<2><STEAM_1:0:511491787><>" teleported "Davertmin<22><STEAM_1:0:921293426><>" after respawning him
L 04/18/2026 - 22:41:56: [l4d_sm_respawn.smx] "[T-T]MoY<2><STEAM_1:0:511491787><>" teleported "miagru99<48><STEAM_1:0:933501676><>" after respawning him
L 04/18/2026 - 22:41:56: [l4d_sm_respawn.smx] "[T-T]MoY<2><STEAM_1:0:511491787><>" teleported "EL DE CHONCHOCORO<10><STEAM_1:0:578241947><>" after respawning him
L 04/18/2026 - 22:41:56: [l4d_sm_respawn.smx] "[T-T]MoY<2><STEAM_1:0:511491787><>" teleported "khia<145><STEAM_1:0:396140887><>" after respawning him
L 04/18/2026 - 22:41:57: [l4d_sm_respawn.smx] "[T-T]MoY<2><STEAM_1:0:511491787><>" teleported "Lucifer<300><STEAM_1:1:635459143><>" after respawning him
L 04/18/2026 - 22:41:57: [l4d_sm_respawn.smx] "[T-T]MoY<2><STEAM_1:0:511491787><>" teleported "renzocardenas0702<187><STEAM_1:1:423146830><>" after respawning him
L 04/18/2026 - 22:42:07: [l4d_sm_respawn.smx] "[T-T]MoY<2><STEAM_1:0:511491787><>" teleported "miagru99<48><STEAM_1:0:933501676><>" after respawning him
L 04/18/2026 - 22:42:17: [l4d_sm_respawn.smx] "[T-T]MoY<2><STEAM_1:0:511491787><>" teleported "miagru99<48><STEAM_1:0:933501676><>" after respawning him
L 04/18/2026 - 22:42:30: [l4d2_shop.smx] [Buy]: "Davertmin<22><STEAM_1:0:921293426><>" bought "Revivir (Costo actual: 50)" (price: "50"), remaining points: "13"
L 04/18/2026 - 22:42:34: [l4d_sm_respawn.smx] "[T-T]MoY<2><STEAM_1:0:511491787><>" teleported "miagru99<48><STEAM_1:0:933501676><>" after respawning him
L 04/18/2026 - 22:42:35: [l4d_sm_respawn.smx] "[T-T]MoY<2><STEAM_1:0:511491787><>" teleported "EL DE CHONCHOCORO<10><STEAM_1:0:578241947><>" after respawning him
L 04/18/2026 - 22:43:27: [l4d_sm_respawn.smx] "[T-T]MoY<2><STEAM_1:0:511491787><>" teleported "miagru99<48><STEAM_1:0:933501676><>" after respawning him
L 04/18/2026 - 22:43:27: [l4d_sm_respawn.smx] "[T-T]MoY<2><STEAM_1:0:511491787><>" teleported "Lucifer<300><STEAM_1:1:635459143><>" after respawning him
L 04/18/2026 - 22:43:27: [l4d_sm_respawn.smx] "[T-T]MoY<2><STEAM_1:0:511491787><>" teleported "renzocardenas0702<187><STEAM_1:1:423146830><>" after respawning him
L 04/18/2026 - 22:44:35: [l4d_sm_respawn.smx] "[T-T]MoY<2><STEAM_1:0:511491787><>" teleported "EL DE CHONCHOCORO<10><STEAM_1:0:578241947><>" after respawning him
L 04/18/2026 - 22:45:30: [l4d2_shop.smx] [Buy]: "Lucifer<300><STEAM_1:1:635459143><>" bought "Revivir (Costo actual: 50)" (price: "50"), remaining points: "100"
L 04/18/2026 - 22:47:11: [l4d_sm_respawn.smx] "[T-T]MoY<2><STEAM_1:0:511491787><>" teleported "Davertmin<22><STEAM_1:0:921293426><>" after respawning him
L 04/18/2026 - 22:47:11: [l4d_sm_respawn.smx] "[T-T]MoY<2><STEAM_1:0:511491787><>" teleported "EL DE CHONCHOCORO<10><STEAM_1:0:578241947><>" after respawning him
L 04/18/2026 - 22:47:12: [l4d_sm_respawn.smx] "[T-T]MoY<2><STEAM_1:0:511491787><>" teleported "khia<145><STEAM_1:0:396140887><>" after respawning him
L 04/18/2026 - 22:48:01: [l4d2_shop.smx] [Buy]: "[T-T]MoY<2><STEAM_1:0:511491787><>" bought "Revivir (Costo actual: 50)" (price: "50"), remaining points: "128"
L 04/18/2026 - 22:48:20: [l4d_sm_respawn.smx] "[T-T]MoY<2><STEAM_1:0:511491787><>" teleported "classis<26><STEAM_1:0:931301575><>" after respawning him
L 04/18/2026 - 22:48:20: [l4d_sm_respawn.smx] "[T-T]MoY<2><STEAM_1:0:511491787><>" teleported "miagru99<48><STEAM_1:0:933501676><>" after respawning him
L 04/18/2026 - 22:48:20: [l4d_sm_respawn.smx] "[T-T]MoY<2><STEAM_1:0:511491787><>" teleported "EL DE CHONCHOCORO<10><STEAM_1:0:578241947><>" after respawning him
L 04/18/2026 - 22:48:21: [l4d_sm_respawn.smx] "[T-T]MoY<2><STEAM_1:0:511491787><>" teleported "khia<145><STEAM_1:0:396140887><>" after respawning him
L 04/18/2026 - 22:48:21: [l4d_sm_respawn.smx] "[T-T]MoY<2><STEAM_1:0:511491787><>" teleported "Lucifer<300><STEAM_1:1:635459143><>" after respawning him
L 04/18/2026 - 22:48:21: [l4d_sm_respawn.smx] "[T-T]MoY<2><STEAM_1:0:511491787><>" teleported "renzocardenas0702<187><STEAM_1:1:423146830><>" after respawning him
L 04/18/2026 - 22:48:56: [l4d_sm_respawn.smx] "[T-T]MoY<2><STEAM_1:0:511491787><>" teleported "Davertmin<22><STEAM_1:0:921293426><>" after respawning him
L 04/18/2026 - 22:48:57: [l4d_sm_respawn.smx] "[T-T]MoY<2><STEAM_1:0:511491787><>" teleported "miagru99<48><STEAM_1:0:933501676><>" after respawning him
L 04/18/2026 - 22:48:57: [l4d_sm_respawn.smx] "[T-T]MoY<2><STEAM_1:0:511491787><>" teleported "EL DE CHONCHOCORO<10><STEAM_1:0:578241947><>" after respawning him
L 04/18/2026 - 22:48:57: [l4d_sm_respawn.smx] "[T-T]MoY<2><STEAM_1:0:511491787><>" teleported "Lucifer<300><STEAM_1:1:635459143><>" after respawning him
L 04/18/2026 - 22:48:57: [l4d_sm_respawn.smx] "[T-T]MoY<2><STEAM_1:0:511491787><>" teleported "renzocardenas0702<187><STEAM_1:1:423146830><>" after respawning him
L 04/18/2026 - 22:49:21: [l4d_sm_respawn.smx] "[T-T]MoY<2><STEAM_1:0:511491787><>" teleported "[T-T]MoY<2><STEAM_1:0:511491787><>" after respawning him
L 04/18/2026 - 22:49:21: [l4d_sm_respawn.smx] "[T-T]MoY<2><STEAM_1:0:511491787><>" teleported "miagru99<48><STEAM_1:0:933501676><>" after respawning him
L 04/18/2026 - 22:49:21: [l4d_sm_respawn.smx] "[T-T]MoY<2><STEAM_1:0:511491787><>" teleported "EL DE CHONCHOCORO<10><STEAM_1:0:578241947><>" after respawning him
L 04/18/2026 - 22:49:22: [l4d_sm_respawn.smx] "[T-T]MoY<2><STEAM_1:0:511491787><>" teleported "khia<145><STEAM_1:0:396140887><>" after respawning him
L 04/18/2026 - 22:49:22: [l4d_sm_respawn.smx] "[T-T]MoY<2><STEAM_1:0:511491787><>" teleported "Lucifer<300><STEAM_1:1:635459143><>" after respawning him
L 04/18/2026 - 22:49:59: [l4d_sm_respawn.smx] "[T-T]MoY<2><STEAM_1:0:511491787><>" teleported "classis<26><STEAM_1:0:931301575><>" after respawning him
L 04/18/2026 - 22:50:25: [l4d_sm_respawn.smx] "[T-T]MoY<2><STEAM_1:0:511491787><>" teleported "[T-T]MoY<2><STEAM_1:0:511491787><>" after respawning him
L 04/18/2026 - 22:50:25: [l4d_sm_respawn.smx] "[T-T]MoY<2><STEAM_1:0:511491787><>" teleported "Davertmin<22><STEAM_1:0:921293426><>" after respawning him
L 04/18/2026 - 22:50:26: [l4d_sm_respawn.smx] "[T-T]MoY<2><STEAM_1:0:511491787><>" teleported "miagru99<48><STEAM_1:0:933501676><>" after respawning him
L 04/18/2026 - 22:50:39: [l4d_sm_respawn.smx] "[T-T]MoY<2><STEAM_1:0:511491787><>" teleported "miagru99<48><STEAM_1:0:933501676><>" after respawning him
L 04/18/2026 - 22:50:40: [l4d_sm_respawn.smx] "[T-T]MoY<2><STEAM_1:0:511491787><>" teleported "khia<145><STEAM_1:0:396140887><>" after respawning him
L 04/18/2026 - 22:50:40: [l4d_sm_respawn.smx] "[T-T]MoY<2><STEAM_1:0:511491787><>" teleported "Lucifer<300><STEAM_1:1:635459143><>" after respawning him
L 04/18/2026 - 22:50:40: [l4d_sm_respawn.smx] "[T-T]MoY<2><STEAM_1:0:511491787><>" teleported "renzocardenas0702<187><STEAM_1:1:423146830><>" after respawning him
L 04/18/2026 - 22:50:57: [l4d_sm_respawn.smx] "[T-T]MoY<2><STEAM_1:0:511491787><>" teleported "miagru99<48><STEAM_1:0:933501676><>" after respawning him
L 04/18/2026 - 22:50:58: [l4d_sm_respawn.smx] "[T-T]MoY<2><STEAM_1:0:511491787><>" teleported "Lucifer<300><STEAM_1:1:635459143><>" after respawning him
L 04/18/2026 - 22:50:58: [l4d_sm_respawn.smx] "[T-T]MoY<2><STEAM_1:0:511491787><>" teleported "renzocardenas0702<187><STEAM_1:1:423146830><>" after respawning him
L 04/18/2026 - 22:52:00: -------- Mapchange to c2m1_highway --------
L 04/18/2026 - 22:52:05: [basecommands.smx] "Console<0><Console><Console>" changed cvar (cvar "sv_consistency") (value "0")
L 04/18/2026 - 22:52:05: [basecommands.smx] "Console<0><Console><Console>" changed cvar (cvar "sv_allow_lobby_connect_only") (value "0")
L 04/18/2026 - 22:52:05: [basecommands.smx] "Console<0><Console><Console>" changed cvar (cvar "sv_maxplayers") (value "8")
L 04/18/2026 - 22:52:05: [basecommands.smx] "Console<0><Console><Console>" changed cvar (cvar "sv_visiblemaxplayers") (value "-1")
L 04/18/2026 - 22:52:05: [chat-processor.smx] Message formats generated for game 'left4dead2'.
L 04/18/2026 - 22:52:05: [chat-processor.smx] Successfully hooked a SayText2 chat hook.
L 04/18/2026 - 22:52:25: [l4d2_shop.smx] [LOAD]: "classis<26><STEAM_1:0:931301575><>" loaded the record successfully! Points: "5611"
L 04/18/2026 - 22:52:30: [l4d2_shop.smx] [LOAD]: "khia<145><STEAM_1:0:396140887><>" loaded the record successfully! Points: "151"
L 04/18/2026 - 22:52:34: [l4d2_shop.smx] [LOAD]: "miagru99<48><STEAM_1:0:933501676><>" loaded the record successfully! Points: "70"
L 04/18/2026 - 22:52:36: [l4d2_shop.smx] [LOAD]: "[T-T]MoY<2><STEAM_1:0:511491787><>" loaded the record successfully! Points: "150"
L 04/18/2026 - 22:53:02: [l4d2_shop.smx] [LOAD]: "Lord Pato<377><STEAM_1:1:615453996><>" loaded the record successfully! Points: "30"
L 04/18/2026 - 22:54:12: [l4d2_shop.smx] [LOAD]: "renzocardenas0702<381><STEAM_1:1:423146830><>" loaded the record successfully! Points: "37"
L 04/18/2026 - 22:55:54: [l4d2_shop.smx] [INSERT]: "jorge el ragero<389><STEAM_1:0:400730770><>" is a new user!!
L 04/18/2026 - 22:56:48: -------- Mapchange to c2m2_fairgrounds --------
L 04/18/2026 - 22:56:53: [basecommands.smx] "Console<0><Console><Console>" changed cvar (cvar "sv_consistency") (value "0")
L 04/18/2026 - 22:56:53: [basecommands.smx] "Console<0><Console><Console>" changed cvar (cvar "sv_allow_lobby_connect_only") (value "0")
L 04/18/2026 - 22:56:53: [basecommands.smx] "Console<0><Console><Console>" changed cvar (cvar "sv_maxplayers") (value "8")
L 04/18/2026 - 22:56:53: [basecommands.smx] "Console<0><Console><Console>" changed cvar (cvar "sv_visiblemaxplayers") (value "-1")
L 04/18/2026 - 22:56:53: [chat-processor.smx] Message formats generated for game 'left4dead2'.
L 04/18/2026 - 22:56:53: [chat-processor.smx] Successfully hooked a SayText2 chat hook.
L 04/18/2026 - 22:57:08: [l4d2_shop.smx] [LOAD]: "classis<26><STEAM_1:0:931301575><>" loaded the record successfully! Points: "5611"
L 04/18/2026 - 22:57:09: [l4d2_shop.smx] [LOAD]: "[T-T]MoY<2><STEAM_1:0:511491787><>" loaded the record successfully! Points: "150"
L 04/18/2026 - 22:57:09: [l4d2_shop.smx] [LOAD]: "khia<145><STEAM_1:0:396140887><>" loaded the record successfully! Points: "151"
L 04/18/2026 - 22:57:14: [l4d2_shop.smx] [LOAD]: "Lord Pato<377><STEAM_1:1:615453996><>" loaded the record successfully! Points: "30"
L 04/18/2026 - 22:57:35: [l4d2_shop.smx] [LOAD]: "renzocardenas0702<381><STEAM_1:1:423146830><>" loaded the record successfully! Points: "37"
L 04/18/2026 - 22:58:19: [l4d2_shop.smx] [UPDATE]: "[T-T]MoY<2><STEAM_1:0:511491787><>" saved. Points: "150"
L 04/18/2026 - 22:58:19: [l4d2_shop.smx] UPDATE SpecialFunctions SET isEnabled = 1 WHERE steamId = 'STEAM_1:0:511491787' AND (functionNo = 'GRAY_AMMO' OR functionNo = 'BLUE_AMMO' OR functionNo = 'GOLD_AMMO')
L 04/18/2026 - 22:58:19: [l4d2_shop.smx] [UPDATE]: "classis<26><STEAM_1:0:931301575><>" saved. Points: "5611"
L 04/18/2026 - 22:58:19: [l4d2_shop.smx] [UPDATE]: "khia<145><STEAM_1:0:396140887><>" saved. Points: "151"
L 04/18/2026 - 22:58:19: [l4d2_shop.smx] [UPDATE]: "renzocardenas0702<381><STEAM_1:1:423146830><>" saved. Points: "37"
L 04/18/2026 - 22:58:19: [l4d2_shop.smx] [UPDATE]: "Lord Pato<377><STEAM_1:1:615453996><>" saved. Points: "30"
L 04/18/2026 - 22:58:26: [basevotes.smx] "[T-T]MoY<2><STEAM_1:0:511491787><>" initiated a generic vote (question "renzo escribe !join en el chat " / answers "" "").
L 04/18/2026 - 22:58:47: [basevotes.smx] Vote successful. (Received "100" of 1 votes)
L 04/18/2026 - 22:58:47: [basevotes.smx] The answer to renzo escribe !join en el chat  is: .
L 04/18/2026 - 23:00:03: [l4d2_shop.smx] [UPDATE]: "[T-T]MoY<2><STEAM_1:0:511491787><>" saved. Points: "154"
L 04/18/2026 - 23:00:03: [l4d2_shop.smx] UPDATE SpecialFunctions SET isEnabled = 1 WHERE steamId = 'STEAM_1:0:511491787' AND (functionNo = 'GRAY_AMMO' OR functionNo = 'BLUE_AMMO' OR functionNo = 'GOLD_AMMO')
L 04/18/2026 - 23:00:03: [l4d2_shop.smx] [UPDATE]: "classis<26><STEAM_1:0:931301575><>" saved. Points: "5615"
L 04/18/2026 - 23:00:03: [l4d2_shop.smx] [UPDATE]: "khia<145><STEAM_1:0:396140887><>" saved. Points: "155"
L 04/18/2026 - 23:00:03: [l4d2_shop.smx] [UPDATE]: "Lord Pato<377><STEAM_1:1:615453996><>" saved. Points: "34"
L 04/18/2026 - 23:00:05: [l4d2_shop.smx] [INSERT]: "目白麦昆<403><STEAM_1:1:593754217><>" is a new user!!
L 04/18/2026 - 23:00:19: [l4d2_shop.smx] [LOAD]: "renzocardenas0702<404><STEAM_1:1:423146830><>" loaded the record successfully! Points: "37"
L 04/18/2026 - 23:00:43: [l4d2_shop.smx] [INSERT]: "onichannn nyaaa<409><STEAM_1:0:415895858><>" is a new user!!
L 04/18/2026 - 23:01:47: [l4d2_shop.smx] [Buy]: "[T-T]MoY<2><STEAM_1:0:511491787><>" bought "Revivir (Costo actual: 50)" (price: "50"), remaining points: "106"
L 04/18/2026 - 23:01:53: [l4d2_shop.smx] [UPDATE]: "[T-T]MoY<2><STEAM_1:0:511491787><>" saved. Points: "106"
L 04/18/2026 - 23:01:53: [l4d2_shop.smx] UPDATE SpecialFunctions SET isEnabled = 1 WHERE steamId = 'STEAM_1:0:511491787' AND (functionNo = 'GRAY_AMMO' OR functionNo = 'BLUE_AMMO' OR functionNo = 'GOLD_AMMO')
L 04/18/2026 - 23:01:53: [l4d2_shop.smx] [UPDATE]: "classis<26><STEAM_1:0:931301575><>" saved. Points: "5617"
L 04/18/2026 - 23:01:53: [l4d2_shop.smx] [UPDATE]: "renzocardenas0702<404><STEAM_1:1:423146830><>" saved. Points: "39"
L 04/18/2026 - 23:01:53: [l4d2_shop.smx] [UPDATE]: "khia<145><STEAM_1:0:396140887><>" saved. Points: "157"
L 04/18/2026 - 23:01:53: [l4d2_shop.smx] [UPDATE]: "Lord Pato<377><STEAM_1:1:615453996><>" saved. Points: "36"
L 04/18/2026 - 23:03:57: [l4d2_shop.smx] [UPDATE]: "[T-T]MoY<2><STEAM_1:0:511491787><>" saved. Points: "114"
L 04/18/2026 - 23:03:57: [l4d2_shop.smx] UPDATE SpecialFunctions SET isEnabled = 1 WHERE steamId = 'STEAM_1:0:511491787' AND (functionNo = 'GRAY_AMMO' OR functionNo = 'BLUE_AMMO' OR functionNo = 'GOLD_AMMO')
L 04/18/2026 - 23:03:57: [l4d2_shop.smx] [UPDATE]: "classis<26><STEAM_1:0:931301575><>" saved. Points: "5625"
L 04/18/2026 - 23:03:57: [l4d2_shop.smx] [UPDATE]: "renzocardenas0702<404><STEAM_1:1:423146830><>" saved. Points: "47"
L 04/18/2026 - 23:03:57: [l4d2_shop.smx] [UPDATE]: "khia<145><STEAM_1:0:396140887><>" saved. Points: "165"
L 04/18/2026 - 23:04:17: [l4d2_shop.smx] [LOAD]: "Lord Pato<422><STEAM_1:1:615453996><>" loaded the record successfully! Points: "36"
L 04/18/2026 - 23:05:25: [l4d2_shop.smx] [INSERT]: "RED JOHN<427><STEAM_1:1:567112170><>" is a new user!!
L 04/18/2026 - 23:07:17: [l4d2_shop.smx] [UPDATE]: "[T-T]MoY<2><STEAM_1:0:511491787><>" saved. Points: "134"
L 04/18/2026 - 23:07:17: [l4d2_shop.smx] UPDATE SpecialFunctions SET isEnabled = 1 WHERE steamId = 'STEAM_1:0:511491787' AND (functionNo = 'GRAY_AMMO' OR functionNo = 'BLUE_AMMO' OR functionNo = 'GOLD_AMMO')
L 04/18/2026 - 23:07:17: [l4d2_shop.smx] [UPDATE]: "renzocardenas0702<404><STEAM_1:1:423146830><>" saved. Points: "63"
L 04/18/2026 - 23:07:17: [l4d2_shop.smx] [UPDATE]: "Lord Pato<422><STEAM_1:1:615453996><>" saved. Points: "52"
L 04/18/2026 - 23:07:17: [l4d2_shop.smx] [UPDATE]: "khia<145><STEAM_1:0:396140887><>" saved. Points: "181"
L 04/18/2026 - 23:07:17: [l4d2_shop.smx] [UPDATE]: "RED JOHN<427><STEAM_1:1:567112170><>" saved. Points: "37"
L 04/18/2026 - 23:10:21: -------- Mapchange to c2m3_coaster --------
L 04/18/2026 - 23:10:28: [basecommands.smx] "Console<0><Console><Console>" changed cvar (cvar "sv_consistency") (value "0")
L 04/18/2026 - 23:10:28: [basecommands.smx] "Console<0><Console><Console>" changed cvar (cvar "sv_allow_lobby_connect_only") (value "0")
L 04/18/2026 - 23:10:28: [basecommands.smx] "Console<0><Console><Console>" changed cvar (cvar "sv_maxplayers") (value "8")
L 04/18/2026 - 23:10:28: [basecommands.smx] "Console<0><Console><Console>" changed cvar (cvar "sv_visiblemaxplayers") (value "-1")
L 04/18/2026 - 23:10:28: [chat-processor.smx] Message formats generated for game 'left4dead2'.
L 04/18/2026 - 23:10:28: [chat-processor.smx] Successfully hooked a SayText2 chat hook.
L 04/18/2026 - 23:10:44: [l4d2_shop.smx] [LOAD]: "khia<145><STEAM_1:0:396140887><>" loaded the record successfully! Points: "181"
L 04/18/2026 - 23:10:44: [l4d2_shop.smx] [LOAD]: "[T-T]MoY<2><STEAM_1:0:511491787><>" loaded the record successfully! Points: "134"
L 04/18/2026 - 23:10:44: [l4d2_shop.smx] [LOAD]: "Lord Pato<422><STEAM_1:1:615453996><>" loaded the record successfully! Points: "52"
L 04/18/2026 - 23:10:58: [l4d2_shop.smx] [LOAD]: "renzocardenas0702<404><STEAM_1:1:423146830><>" loaded the record successfully! Points: "63"
L 04/18/2026 - 23:12:18: [l4d2_shop.smx] [INSERT]: "AngeloLT95<450><STEAM_1:0:571239524><>" is a new user!!
L 04/18/2026 - 23:12:55: [l4d2_shop.smx] [INSERT]: "CAPITANAZO 👑<448><STEAM_1:1:919349595><>" is a new user!!
L 04/18/2026 - 23:14:47: -------- Mapchange to c2m4_barns --------
L 04/18/2026 - 23:14:52: [basecommands.smx] "Console<0><Console><Console>" changed cvar (cvar "sv_consistency") (value "0")
L 04/18/2026 - 23:14:52: [basecommands.smx] "Console<0><Console><Console>" changed cvar (cvar "sv_allow_lobby_connect_only") (value "0")
L 04/18/2026 - 23:14:52: [basecommands.smx] "Console<0><Console><Console>" changed cvar (cvar "sv_maxplayers") (value "8")
L 04/18/2026 - 23:14:52: [basecommands.smx] "Console<0><Console><Console>" changed cvar (cvar "sv_visiblemaxplayers") (value "-1")
L 04/18/2026 - 23:14:52: [chat-processor.smx] Message formats generated for game 'left4dead2'.
L 04/18/2026 - 23:14:52: [chat-processor.smx] Successfully hooked a SayText2 chat hook.
L 04/18/2026 - 23:15:14: [l4d2_shop.smx] [LOAD]: "khia<145><STEAM_1:0:396140887><>" loaded the record successfully! Points: "181"
L 04/18/2026 - 23:15:14: [l4d2_shop.smx] [LOAD]: "Lord Pato<422><STEAM_1:1:615453996><>" loaded the record successfully! Points: "52"
L 04/18/2026 - 23:15:22: [l4d2_shop.smx] [LOAD]: "AngeloLT95<450><STEAM_1:0:571239524><>" loaded the record successfully! Points: "0"
L 04/18/2026 - 23:15:22: [l4d2_shop.smx] [LOAD]: "[T-T]MoY<2><STEAM_1:0:511491787><>" loaded the record successfully! Points: "134"
L 04/18/2026 - 23:15:28: [l4d2_shop.smx] [LOAD]: "renzocardenas0702<404><STEAM_1:1:423146830><>" loaded the record successfully! Points: "63"
L 04/18/2026 - 23:16:27: [l4d2_shop.smx] [LOAD]: "CAPITANAZO 👑<448><STEAM_1:1:919349595><>" loaded the record successfully! Points: "0"
L 04/18/2026 - 23:18:59: -------- Mapchange to c2m5_concert --------
L 04/18/2026 - 23:19:04: [basecommands.smx] "Console<0><Console><Console>" changed cvar (cvar "sv_consistency") (value "0")
L 04/18/2026 - 23:19:04: [basecommands.smx] "Console<0><Console><Console>" changed cvar (cvar "sv_allow_lobby_connect_only") (value "0")
L 04/18/2026 - 23:19:04: [basecommands.smx] "Console<0><Console><Console>" changed cvar (cvar "sv_maxplayers") (value "8")
L 04/18/2026 - 23:19:04: [basecommands.smx] "Console<0><Console><Console>" changed cvar (cvar "sv_visiblemaxplayers") (value "-1")
L 04/18/2026 - 23:19:04: [chat-processor.smx] Message formats generated for game 'left4dead2'.
L 04/18/2026 - 23:19:04: [chat-processor.smx] Successfully hooked a SayText2 chat hook.
L 04/18/2026 - 23:19:19: [l4d2_shop.smx] [LOAD]: "khia<145><STEAM_1:0:396140887><>" loaded the record successfully! Points: "181"
L 04/18/2026 - 23:19:19: [l4d2_shop.smx] [LOAD]: "[T-T]MoY<2><STEAM_1:0:511491787><>" loaded the record successfully! Points: "134"
L 04/18/2026 - 23:19:20: [l4d2_shop.smx] [LOAD]: "Lord Pato<422><STEAM_1:1:615453996><>" loaded the record successfully! Points: "52"
L 04/18/2026 - 23:19:23: [l4d2_shop.smx] [LOAD]: "AngeloLT95<450><STEAM_1:0:571239524><>" loaded the record successfully! Points: "0"
L 04/18/2026 - 23:19:30: [l4d2_shop.smx] [LOAD]: "renzocardenas0702<404><STEAM_1:1:423146830><>" loaded the record successfully! Points: "63"
L 04/18/2026 - 23:19:48: [l4d2_shop.smx] [LOAD]: "CAPITANAZO 👑<448><STEAM_1:1:919349595><>" loaded the record successfully! Points: "0"
L 04/18/2026 - 23:20:13: [l4d_sm_respawn.smx] "[T-T]MoY<2><STEAM_1:0:511491787><>" teleported "[T-T]MoY<2><STEAM_1:0:511491787><>" after respawning him
L 04/18/2026 - 23:20:14: [l4d_sm_respawn.smx] "[T-T]MoY<2><STEAM_1:0:511491787><>" teleported "khia<145><STEAM_1:0:396140887><>" after respawning him
L 04/18/2026 - 23:20:38: [l4d_sm_respawn.smx] "[T-T]MoY<2><STEAM_1:0:511491787><>" teleported "Ellis<479><BOT><>" after respawning him
L 04/18/2026 - 23:20:42: [l4d_sm_respawn.smx] "[T-T]MoY<2><STEAM_1:0:511491787><>" teleported "khia<145><STEAM_1:0:396140887><>" after respawning him
L 04/18/2026 - 23:21:21: [l4d2_shop.smx] [Buy]: "[T-T]MoY<2><STEAM_1:0:511491787><>" bought "Revivir (Costo actual: 50)" (price: "50"), remaining points: "86"
L 04/18/2026 - 23:22:11: [l4d2_shop.smx] [Buy]: "Lord Pato<422><STEAM_1:1:615453996><>" bought "Revivir (Costo actual: 50)" (price: "50"), remaining points: "11"
L 04/18/2026 - 23:22:14: [l4d_sm_respawn.smx] "[T-T]MoY<2><STEAM_1:0:511491787><>" teleported "[T-T]MoY<2><STEAM_1:0:511491787><>" after respawning him
L 04/18/2026 - 23:22:14: [l4d_sm_respawn.smx] "[T-T]MoY<2><STEAM_1:0:511491787><>" teleported "renzocardenas0702<404><STEAM_1:1:423146830><>" after respawning him
L 04/18/2026 - 23:22:15: [l4d_sm_respawn.smx] "[T-T]MoY<2><STEAM_1:0:511491787><>" teleported "khia<145><STEAM_1:0:396140887><>" after respawning him
L 04/18/2026 - 23:23:12: [l4d_sm_respawn.smx] "[T-T]MoY<2><STEAM_1:0:511491787><>" teleported "renzocardenas0702<404><STEAM_1:1:423146830><>" after respawning him
L 04/18/2026 - 23:23:18: [l4d_sm_respawn.smx] "[T-T]MoY<2><STEAM_1:0:511491787><>" teleported "renzocardenas0702<404><STEAM_1:1:423146830><>" after respawning him
L 04/18/2026 - 23:23:57: [l4d_sm_respawn.smx] "[T-T]MoY<2><STEAM_1:0:511491787><>" teleported "Lord Pato<422><STEAM_1:1:615453996><>" after respawning him
L 04/18/2026 - 23:24:39: [l4d_sm_respawn.smx] "[T-T]MoY<2><STEAM_1:0:511491787><>" teleported "[T-T]MoY<2><STEAM_1:0:511491787><>" after respawning him
L 04/18/2026 - 23:24:40: [l4d_sm_respawn.smx] "[T-T]MoY<2><STEAM_1:0:511491787><>" teleported "renzocardenas0702<404><STEAM_1:1:423146830><>" after respawning him
L 04/18/2026 - 23:25:05: [l4d_sm_respawn.smx] "[T-T]MoY<2><STEAM_1:0:511491787><>" teleported "[T-T]MoY<2><STEAM_1:0:511491787><>" after respawning him
L 04/18/2026 - 23:25:05: [l4d_sm_respawn.smx] "[T-T]MoY<2><STEAM_1:0:511491787><>" teleported "khia<145><STEAM_1:0:396140887><>" after respawning him
L 04/18/2026 - 23:25:06: [l4d_sm_respawn.smx] "[T-T]MoY<2><STEAM_1:0:511491787><>" teleported "AngeloLT95<450><STEAM_1:0:571239524><>" after respawning him
L 04/18/2026 - 23:25:34: [l4d_sm_respawn.smx] "[T-T]MoY<2><STEAM_1:0:511491787><>" teleported "[T-T]MoY<2><STEAM_1:0:511491787><>" after respawning him
L 04/18/2026 - 23:26:30: [l4d_sm_respawn.smx] "[T-T]MoY<2><STEAM_1:0:511491787><>" teleported "[T-T]MoY<2><STEAM_1:0:511491787><>" after respawning him
L 04/18/2026 - 23:26:31: [l4d_sm_respawn.smx] "[T-T]MoY<2><STEAM_1:0:511491787><>" teleported "renzocardenas0702<404><STEAM_1:1:423146830><>" after respawning him
L 04/18/2026 - 23:26:35: [l4d_sm_respawn.smx] "[T-T]MoY<2><STEAM_1:0:511491787><>" teleported "[T-T]MoY<2><STEAM_1:0:511491787><>" after respawning him
L 04/18/2026 - 23:26:55: [l4d_sm_respawn.smx] "[T-T]MoY<2><STEAM_1:0:511491787><>" teleported "renzocardenas0702<404><STEAM_1:1:423146830><>" after respawning him
L 04/18/2026 - 23:26:55: [l4d_sm_respawn.smx] "[T-T]MoY<2><STEAM_1:0:511491787><>" teleported "AngeloLT95<450><STEAM_1:0:571239524><>" after respawning him
L 04/18/2026 - 23:27:05: [l4d_sm_respawn.smx] "[T-T]MoY<2><STEAM_1:0:511491787><>" teleported "AngeloLT95<450><STEAM_1:0:571239524><>" after respawning him
L 04/18/2026 - 23:27:25: [l4d_sm_respawn.smx] "[T-T]MoY<2><STEAM_1:0:511491787><>" teleported "[T-T]MoY<2><STEAM_1:0:511491787><>" after respawning him
L 04/18/2026 - 23:27:36: [l4d_sm_respawn.smx] "[T-T]MoY<2><STEAM_1:0:511491787><>" teleported "renzocardenas0702<404><STEAM_1:1:423146830><>" after respawning him
L 04/18/2026 - 23:27:44: [l4d_sm_respawn.smx] "[T-T]MoY<2><STEAM_1:0:511491787><>" teleported "[T-T]MoY<2><STEAM_1:0:511491787><>" after respawning him
L 04/18/2026 - 23:28:02: [l4d_sm_respawn.smx] "[T-T]MoY<2><STEAM_1:0:511491787><>" teleported "[T-T]MoY<2><STEAM_1:0:511491787><>" after respawning him
L 04/18/2026 - 23:28:02: [l4d_sm_respawn.smx] "[T-T]MoY<2><STEAM_1:0:511491787><>" teleported "AngeloLT95<450><STEAM_1:0:571239524><>" after respawning him
L 04/18/2026 - 23:28:29: [l4d_sm_respawn.smx] "[T-T]MoY<2><STEAM_1:0:511491787><>" teleported "[T-T]MoY<2><STEAM_1:0:511491787><>" after respawning him
L 04/18/2026 - 23:29:53: Log file closed.
