L 10/14/2025 - 00:01:46: SourceMod log file session started (file "z:\home\moy\.steam\debian-installation\steamapps\common\left 4 dead 2\left4dead2\addons\sourcemod\logs\L20251014.log") (Version "1.12.0.7207")
L 10/14/2025 - 00:01:46: [GEOIP] GeoIP2 database loaded: GeoLite2-ASN (2024-08-21 08:15:21 UTC) (z:\home\moy\.steam\debian-installation\steamapps\common\left 4 dead 2\left4dead2\addons\sourcemod\configs\geoip\GeoLite2-ASN.mmdb)
L 10/14/2025 - 00:01:46: [GEOIP] GeoIP2 supported languages: en
L 10/14/2025 - 00:01:46: [GEOIP] Your database is older than 90 days. You should consider downloading a newer version from e.g. https://dev.maxmind.com/geoip/geolite2-free-geolocation-data
L 10/14/2025 - 00:02:35: [basecommands.smx] "Console<0><Console><Console>" changed cvar (cvar "sv_consistency") (value "0")
L 10/14/2025 - 00:02:35: [basecommands.smx] "Console<0><Console><Console>" changed cvar (cvar "sv_allow_lobby_connect_only") (value "0")
L 10/14/2025 - 00:02:35: [basecommands.smx] "Console<0><Console><Console>" changed cvar (cvar "sv_maxplayers") (value "8")
L 10/14/2025 - 00:02:35: [basecommands.smx] "Console<0><Console><Console>" changed cvar (cvar "sv_visiblemaxplayers") (value "-1")
L 10/14/2025 - 00:05:19: [basecommands.smx] "[T-T]MoY<2><STEAM_1:0:511491787><>" changed cvar (cvar "sv_gravity") (value "200")
L 10/14/2025 - 00:06:32: [basecommands.smx] "[T-T]MoY<2><STEAM_1:0:511491787><>" changed map to "c2m1_highway"
L 10/14/2025 - 00:06:35: [SM] Changed map to "c2m1_highway"
L 10/14/2025 - 00:06:37: -------- Mapchange to c2m1_highway --------
L 10/14/2025 - 00:06:44: [basecommands.smx] "Console<0><Console><Console>" changed cvar (cvar "sv_consistency") (value "0")
L 10/14/2025 - 00:06:44: [basecommands.smx] "Console<0><Console><Console>" changed cvar (cvar "sv_allow_lobby_connect_only") (value "0")
L 10/14/2025 - 00:06:44: [basecommands.smx] "Console<0><Console><Console>" changed cvar (cvar "sv_maxplayers") (value "8")
L 10/14/2025 - 00:06:44: [basecommands.smx] "Console<0><Console><Console>" changed cvar (cvar "sv_visiblemaxplayers") (value "-1")
L 10/14/2025 - 00:13:12: -------- Mapchange to c2m2_fairgrounds --------
L 10/14/2025 - 00:13:30: [basecommands.smx] "Console<0><Console><Console>" changed cvar (cvar "sv_consistency") (value "0")
L 10/14/2025 - 00:13:30: [basecommands.smx] "Console<0><Console><Console>" changed cvar (cvar "sv_allow_lobby_connect_only") (value "0")
L 10/14/2025 - 00:13:30: [basecommands.smx] "Console<0><Console><Console>" changed cvar (cvar "sv_maxplayers") (value "8")
L 10/14/2025 - 00:13:30: [basecommands.smx] "Console<0><Console><Console>" changed cvar (cvar "sv_visiblemaxplayers") (value "-1")
L 10/14/2025 - 00:19:40: -------- Mapchange to c2m3_coaster --------
L 10/14/2025 - 00:20:02: [basecommands.smx] "Console<0><Console><Console>" changed cvar (cvar "sv_consistency") (value "0")
L 10/14/2025 - 00:20:02: [basecommands.smx] "Console<0><Console><Console>" changed cvar (cvar "sv_allow_lobby_connect_only") (value "0")
L 10/14/2025 - 00:20:02: [basecommands.smx] "Console<0><Console><Console>" changed cvar (cvar "sv_maxplayers") (value "8")
L 10/14/2025 - 00:20:02: [basecommands.smx] "Console<0><Console><Console>" changed cvar (cvar "sv_visiblemaxplayers") (value "-1")
L 10/14/2025 - 00:26:45: -------- Mapchange to c2m4_barns --------
L 10/14/2025 - 00:26:54: [basecommands.smx] "Console<0><Console><Console>" changed cvar (cvar "sv_consistency") (value "0")
L 10/14/2025 - 00:26:54: [basecommands.smx] "Console<0><Console><Console>" changed cvar (cvar "sv_allow_lobby_connect_only") (value "0")
L 10/14/2025 - 00:26:54: [basecommands.smx] "Console<0><Console><Console>" changed cvar (cvar "sv_maxplayers") (value "8")
L 10/14/2025 - 00:26:54: [basecommands.smx] "Console<0><Console><Console>" changed cvar (cvar "sv_visiblemaxplayers") (value "-1")
L 10/14/2025 - 00:34:12: -------- Mapchange to c2m5_concert --------
L 10/14/2025 - 00:34:37: [basecommands.smx] "Console<0><Console><Console>" changed cvar (cvar "sv_consistency") (value "0")
L 10/14/2025 - 00:34:37: [basecommands.smx] "Console<0><Console><Console>" changed cvar (cvar "sv_allow_lobby_connect_only") (value "0")
L 10/14/2025 - 00:34:37: [basecommands.smx] "Console<0><Console><Console>" changed cvar (cvar "sv_maxplayers") (value "8")
L 10/14/2025 - 00:34:37: [basecommands.smx] "Console<0><Console><Console>" changed cvar (cvar "sv_visiblemaxplayers") (value "-1")
L 10/14/2025 - 00:41:45: Log file closed.
L 10/14/2025 - 22:34:05: SourceMod log file session started (file "z:\home\moy\.steam\debian-installation\steamapps\common\left 4 dead 2\left4dead2\addons\sourcemod\logs\L20251014.log") (Version "1.12.0.7207")
L 10/14/2025 - 22:34:05: [GEOIP] GeoIP2 database loaded: GeoLite2-ASN (2024-08-21 08:15:21 UTC) (z:\home\moy\.steam\debian-installation\steamapps\common\left 4 dead 2\left4dead2\addons\sourcemod\configs\geoip\GeoLite2-ASN.mmdb)
L 10/14/2025 - 22:34:05: [GEOIP] GeoIP2 supported languages: en
L 10/14/2025 - 22:34:05: [GEOIP] Your database is older than 90 days. You should consider downloading a newer version from e.g. https://dev.maxmind.com/geoip/geolite2-free-geolocation-data
L 10/14/2025 - 22:34:39: [basecommands.smx] "Console<0><Console><Console>" changed cvar (cvar "sv_consistency") (value "0")
L 10/14/2025 - 22:34:39: [basecommands.smx] "Console<0><Console><Console>" changed cvar (cvar "sv_allow_lobby_connect_only") (value "0")
L 10/14/2025 - 22:34:39: [basecommands.smx] "Console<0><Console><Console>" changed cvar (cvar "sv_maxplayers") (value "8")
L 10/14/2025 - 22:34:39: [basecommands.smx] "Console<0><Console><Console>" changed cvar (cvar "sv_visiblemaxplayers") (value "-1")
L 10/14/2025 - 22:36:10: [basecommands.smx] "[T-T]MoY<2><STEAM_1:0:511491787><>" changed cvar (cvar "sv_gravity") (value "200")
L 10/14/2025 - 22:41:40: -------- Mapchange to c2m2_fairgrounds --------
L 10/14/2025 - 22:41:49: [basecommands.smx] "Console<0><Console><Console>" changed cvar (cvar "sv_consistency") (value "0")
L 10/14/2025 - 22:41:49: [basecommands.smx] "Console<0><Console><Console>" changed cvar (cvar "sv_allow_lobby_connect_only") (value "0")
L 10/14/2025 - 22:41:49: [basecommands.smx] "Console<0><Console><Console>" changed cvar (cvar "sv_maxplayers") (value "8")
L 10/14/2025 - 22:41:49: [basecommands.smx] "Console<0><Console><Console>" changed cvar (cvar "sv_visiblemaxplayers") (value "-1")
L 10/14/2025 - 22:43:17: [basecommands.smx] "[T-T]MoY<2><STEAM_1:0:511491787><>" changed cvar (cvar "sv_gravity") (value "200")
L 10/14/2025 - 22:44:13: -------- Mapchange to glubtastic4_1 --------
L 10/14/2025 - 22:44:22: [basecommands.smx] "Console<0><Console><Console>" changed cvar (cvar "sv_consistency") (value "0")
L 10/14/2025 - 22:44:22: [basecommands.smx] "Console<0><Console><Console>" changed cvar (cvar "sv_allow_lobby_connect_only") (value "0")
L 10/14/2025 - 22:44:22: [basecommands.smx] "Console<0><Console><Console>" changed cvar (cvar "sv_maxplayers") (value "8")
L 10/14/2025 - 22:44:22: [basecommands.smx] "Console<0><Console><Console>" changed cvar (cvar "sv_visiblemaxplayers") (value "-1")
L 10/14/2025 - 22:45:27: [basecommands.smx] "[T-T]MoY<27><STEAM_1:0:511491787><>" changed cvar (cvar "sv_gravity") (value "800")
L 10/14/2025 - 22:58:06: -------- Mapchange to glubtastic4_2 --------
L 10/14/2025 - 22:58:14: [basecommands.smx] "Console<0><Console><Console>" changed cvar (cvar "sv_consistency") (value "0")
L 10/14/2025 - 22:58:14: [basecommands.smx] "Console<0><Console><Console>" changed cvar (cvar "sv_allow_lobby_connect_only") (value "0")
L 10/14/2025 - 22:58:14: [basecommands.smx] "Console<0><Console><Console>" changed cvar (cvar "sv_maxplayers") (value "8")
L 10/14/2025 - 22:58:14: [basecommands.smx] "Console<0><Console><Console>" changed cvar (cvar "sv_visiblemaxplayers") (value "-1")
L 10/14/2025 - 23:11:40: -------- Mapchange to glubtastic4_3 --------
L 10/14/2025 - 23:11:48: [basecommands.smx] "Console<0><Console><Console>" changed cvar (cvar "sv_consistency") (value "0")
L 10/14/2025 - 23:11:48: [basecommands.smx] "Console<0><Console><Console>" changed cvar (cvar "sv_allow_lobby_connect_only") (value "0")
L 10/14/2025 - 23:11:48: [basecommands.smx] "Console<0><Console><Console>" changed cvar (cvar "sv_maxplayers") (value "8")
L 10/14/2025 - 23:11:48: [basecommands.smx] "Console<0><Console><Console>" changed cvar (cvar "sv_visiblemaxplayers") (value "-1")
L 10/14/2025 - 23:26:14: -------- Mapchange to glubtastic4_4 --------
L 10/14/2025 - 23:26:23: [basecommands.smx] "Console<0><Console><Console>" changed cvar (cvar "sv_consistency") (value "0")
L 10/14/2025 - 23:26:23: [basecommands.smx] "Console<0><Console><Console>" changed cvar (cvar "sv_allow_lobby_connect_only") (value "0")
L 10/14/2025 - 23:26:23: [basecommands.smx] "Console<0><Console><Console>" changed cvar (cvar "sv_maxplayers") (value "8")
L 10/14/2025 - 23:26:23: [basecommands.smx] "Console<0><Console><Console>" changed cvar (cvar "sv_visiblemaxplayers") (value "-1")
L 10/14/2025 - 23:28:04: [l4d_sm_respawn.smx] "[T-T]MoY<27><STEAM_1:0:511491787><>" teleported "almax7654321<213><STEAM_1:0:959732982><>" after respawning him
L 10/14/2025 - 23:29:45: [l4d_sm_respawn.smx] "[T-T]MoY<27><STEAM_1:0:511491787><>" teleported "causa rellena<219><STEAM_1:1:937805194><>" after respawning him
L 10/14/2025 - 23:47:31: [playercommands.smx] "[T-T]MoY<27><STEAM_1:0:511491787><>" slayed "(1)Boomer<284><BOT><>"
L 10/14/2025 - 23:47:40: [playercommands.smx] "[T-T]MoY<27><STEAM_1:0:511491787><>" slayed "(1)Jockey<287><BOT><>"
L 10/14/2025 - 23:47:44: [playercommands.smx] "[T-T]MoY<27><STEAM_1:0:511491787><>" slayed "Charger<288><BOT><>"
L 10/14/2025 - 23:48:45: [playercommands.smx] "[T-T]MoY<27><STEAM_1:0:511491787><>" slayed "Tank<294><BOT><>"
L 10/14/2025 - 23:49:59: -------- Mapchange to glubtastic4_5 --------
L 10/14/2025 - 23:50:07: [basecommands.smx] "Console<0><Console><Console>" changed cvar (cvar "sv_consistency") (value "0")
L 10/14/2025 - 23:50:07: [basecommands.smx] "Console<0><Console><Console>" changed cvar (cvar "sv_allow_lobby_connect_only") (value "0")
L 10/14/2025 - 23:50:07: [basecommands.smx] "Console<0><Console><Console>" changed cvar (cvar "sv_maxplayers") (value "8")
L 10/14/2025 - 23:50:07: [basecommands.smx] "Console<0><Console><Console>" changed cvar (cvar "sv_visiblemaxplayers") (value "-1")
L 10/14/2025 - 23:54:43: [l4d_sm_respawn.smx] "[T-T]MoY<27><STEAM_1:0:511491787><>" teleported "master<308><STEAM_1:1:565936017><>" after respawning him
L 10/15/2025 - 00:00:04: Log file closed.
