L 07/06/2026 - 22:21:27: SourceMod log file session started (file "d:\steamlibrary\steamapps\common\left 4 dead 2\left4dead2\addons\sourcemod\logs\L20260706.log") (Version "1.12.0.7207")
L 07/06/2026 - 22:21:27: [GEOIP] GeoIP2 database loaded: GeoLite2-ASN (2024-08-21 08:15:21 UTC) (d:\steamlibrary\steamapps\common\left 4 dead 2\left4dead2\addons\sourcemod\configs\geoip\GeoLite2-ASN.mmdb)
L 07/06/2026 - 22:21:27: [GEOIP] GeoIP2 supported languages: en
L 07/06/2026 - 22:21:27: [GEOIP] Your database is older than 90 days. You should consider downloading a newer version from e.g. https://dev.maxmind.com/geoip/geolite2-free-geolocation-data
L 07/06/2026 - 22:21:29: [l4d_extinguisher.smx] 
==========
Warning: You should install "[L4D2] Scavenge Score Fix - Gascan Pouring" to prevent affecting the score when filling gas in Scavenge style events: https://forums.alliedmods.net/showthread.php?t=187686
==========

L 07/06/2026 - 22:21:29: [l4d_extinguisher.smx] 
==========
Warning: You should install "[L4D & L4D2] Use Priority Patch" to fix attached models blocking +USE action: https://forums.alliedmods.net/showthread.php?t=327511
==========

L 07/06/2026 - 22:21:41: [basecommands.smx] "Console<0><Console><Console>" changed cvar (cvar "sv_consistency") (value "0")
L 07/06/2026 - 22:21:41: [basecommands.smx] "Console<0><Console><Console>" changed cvar (cvar "sv_allow_lobby_connect_only") (value "0")
L 07/06/2026 - 22:21:41: [basecommands.smx] "Console<0><Console><Console>" changed cvar (cvar "sv_maxplayers") (value "8")
L 07/06/2026 - 22:21:41: [basecommands.smx] "Console<0><Console><Console>" changed cvar (cvar "sv_visiblemaxplayers") (value "-1")
L 07/06/2026 - 22:21:41: [chat-processor.smx] Message formats generated for game 'left4dead2'.
L 07/06/2026 - 22:21:41: [chat-processor.smx] Successfully hooked a SayText2 chat hook.
L 07/06/2026 - 22:21:47: [l4d2_shop.smx] [LOAD]: "[T-T]MoY<2><STEAM_ID_PENDING><>" loaded the record successfully! Points: "0"
L 07/06/2026 - 22:22:22: [l4d2_shop.smx] [UPDATE]: "[T-T]MoY<2><STEAM_1:0:511491787><>" saved. Points: "0"
L 07/06/2026 - 22:23:04: [l4d2_shop.smx] [LOAD]: "zelamamani2020<6><STEAM_1:1:627117491><>" loaded the record successfully! Points: "15058"
L 07/06/2026 - 22:24:22: [l4d2_shop.smx] [INSERT]: "Dx<10><STEAM_1:0:504163878><>" is a new user!!
L 07/06/2026 - 22:25:15: [l4d2_shop.smx] [INSERT]: "TARO<14><STEAM_1:0:216412690><>" is a new user!!
L 07/06/2026 - 22:27:07: [l4d2_shop.smx] [LOAD]: "mariopro30<19><STEAM_1:1:796692183><>" loaded the record successfully! Points: "8939"
L 07/06/2026 - 22:27:55: [l4d2_shop.smx] [UPDATE]: "[T-T]MoY<2><STEAM_1:0:511491787><>" saved. Points: "8"
L 07/06/2026 - 22:27:55: [l4d2_shop.smx] [UPDATE]: "Dx<10><STEAM_1:0:504163878><>" saved. Points: "1"
L 07/06/2026 - 22:27:55: [l4d2_shop.smx] [UPDATE]: "TARO<14><STEAM_1:0:216412690><>" saved. Points: "0"
L 07/06/2026 - 22:27:55: [l4d2_shop.smx] [UPDATE]: "zelamamani2020<6><STEAM_1:1:627117491><>" saved. Points: "15058"
L 07/06/2026 - 22:27:55: [l4d2_shop.smx] [UPDATE]: "mariopro30<19><STEAM_1:1:796692183><>" saved. Points: "8939"
L 07/06/2026 - 22:31:22: [l4d2_shop.smx] [INSERT]: "LEONARD_JHEISY<32><STEAM_1:1:938128976><>" is a new user!!
L 07/06/2026 - 22:31:56: [l4d2_shop.smx] [INSERT]: "Chuchito<34><STEAM_1:0:607956940><>" is a new user!!
L 07/06/2026 - 22:32:41: [l4d2_shop.smx] [INSERT]: "mendozamel21<36><STEAM_1:1:367852139><>" is a new user!!
L 07/06/2026 - 22:32:52: -------- Mapchange to glubtastic5_2 --------
L 07/06/2026 - 22:32:55: [basecommands.smx] "Console<0><Console><Console>" changed cvar (cvar "sv_consistency") (value "0")
L 07/06/2026 - 22:32:55: [basecommands.smx] "Console<0><Console><Console>" changed cvar (cvar "sv_allow_lobby_connect_only") (value "0")
L 07/06/2026 - 22:32:55: [basecommands.smx] "Console<0><Console><Console>" changed cvar (cvar "sv_maxplayers") (value "8")
L 07/06/2026 - 22:32:55: [basecommands.smx] "Console<0><Console><Console>" changed cvar (cvar "sv_visiblemaxplayers") (value "-1")
L 07/06/2026 - 22:32:55: [chat-processor.smx] Message formats generated for game 'left4dead2'.
L 07/06/2026 - 22:32:55: [chat-processor.smx] Successfully hooked a SayText2 chat hook.
L 07/06/2026 - 22:33:01: [l4d2_shop.smx] [LOAD]: "[T-T]MoY<2><STEAM_1:0:511491787><>" loaded the record successfully! Points: "8"
L 07/06/2026 - 22:33:02: [l4d2_shop.smx] [LOAD]: "TARO<14><STEAM_1:0:216412690><>" loaded the record successfully! Points: "0"
L 07/06/2026 - 22:33:03: [l4d2_shop.smx] [LOAD]: "mendozamel21<36><STEAM_1:1:367852139><>" loaded the record successfully! Points: "0"
L 07/06/2026 - 22:33:04: [l4d2_shop.smx] [LOAD]: "mariopro30<19><STEAM_1:1:796692183><>" loaded the record successfully! Points: "8939"
L 07/06/2026 - 22:33:05: [l4d2_shop.smx] [LOAD]: "LEONARD_JHEISY<32><STEAM_1:1:938128976><>" loaded the record successfully! Points: "0"
L 07/06/2026 - 22:33:09: [l4d2_shop.smx] [LOAD]: "zelamamani2020<6><STEAM_1:1:627117491><>" loaded the record successfully! Points: "15058"
L 07/06/2026 - 22:33:12: [l4d2_shop.smx] [LOAD]: "Chuchito<34><STEAM_1:0:607956940><>" loaded the record successfully! Points: "0"
L 07/06/2026 - 22:33:14: [l4d2_shop.smx] [LOAD]: "Dx<10><STEAM_1:0:504163878><>" loaded the record successfully! Points: "1"
L 07/06/2026 - 22:33:26: [Vote_menu.smx] "[T-T]MoY<2><STEAM_1:0:511491787><>" cambió la dificultad a impossible
L 07/06/2026 - 22:33:30: [Vote_menu.smx] "[T-T]MoY<2><STEAM_1:0:511491787><>" cambió la dificultad a hard
L 07/06/2026 - 22:38:31: [l4d2_shop.smx] [UPDATE]: "[T-T]MoY<2><STEAM_1:0:511491787><>" saved. Points: "13"
L 07/06/2026 - 22:38:31: [l4d2_shop.smx] UPDATE SpecialFunctions SET isEnabled = 1 WHERE steamId = 'STEAM_1:0:511491787' AND (functionNo = 'GRAY_AMMO' OR functionNo = 'BLUE_AMMO' OR functionNo = 'GOLD_AMMO')
L 07/06/2026 - 22:38:31: [l4d2_shop.smx] [UPDATE]: "Dx<10><STEAM_1:0:504163878><>" saved. Points: "7"
L 07/06/2026 - 22:38:31: [l4d2_shop.smx] [UPDATE]: "TARO<14><STEAM_1:0:216412690><>" saved. Points: "8"
L 07/06/2026 - 22:38:31: [l4d2_shop.smx] [UPDATE]: "LEONARD_JHEISY<32><STEAM_1:1:938128976><>" saved. Points: "2"
L 07/06/2026 - 22:38:31: [l4d2_shop.smx] [UPDATE]: "zelamamani2020<6><STEAM_1:1:627117491><>" saved. Points: "15066"
L 07/06/2026 - 22:38:31: [l4d2_shop.smx] [UPDATE]: "mariopro30<19><STEAM_1:1:796692183><>" saved. Points: "8942"
L 07/06/2026 - 22:38:31: [l4d2_shop.smx] [UPDATE]: "Chuchito<34><STEAM_1:0:607956940><>" saved. Points: "3"
L 07/06/2026 - 22:38:31: [l4d2_shop.smx] [UPDATE]: "mendozamel21<36><STEAM_1:1:367852139><>" saved. Points: "5"
L 07/06/2026 - 22:41:08: [l4d2_shop.smx] [UPDATE]: "[T-T]MoY<2><STEAM_1:0:511491787><>" saved. Points: "15"
L 07/06/2026 - 22:41:08: [l4d2_shop.smx] UPDATE SpecialFunctions SET isEnabled = 1 WHERE steamId = 'STEAM_1:0:511491787' AND (functionNo = 'GRAY_AMMO' OR functionNo = 'BLUE_AMMO' OR functionNo = 'GOLD_AMMO')
L 07/06/2026 - 22:41:08: [l4d2_shop.smx] [UPDATE]: "Dx<10><STEAM_1:0:504163878><>" saved. Points: "12"
L 07/06/2026 - 22:41:08: [l4d2_shop.smx] [UPDATE]: "TARO<14><STEAM_1:0:216412690><>" saved. Points: "11"
L 07/06/2026 - 22:41:08: [l4d2_shop.smx] [UPDATE]: "LEONARD_JHEISY<32><STEAM_1:1:938128976><>" saved. Points: "4"
L 07/06/2026 - 22:41:08: [l4d2_shop.smx] [UPDATE]: "zelamamani2020<6><STEAM_1:1:627117491><>" saved. Points: "15071"
L 07/06/2026 - 22:41:08: [l4d2_shop.smx] [UPDATE]: "mariopro30<19><STEAM_1:1:796692183><>" saved. Points: "8944"
L 07/06/2026 - 22:41:08: [l4d2_shop.smx] [UPDATE]: "Chuchito<34><STEAM_1:0:607956940><>" saved. Points: "5"
L 07/06/2026 - 22:41:08: [l4d2_shop.smx] [UPDATE]: "mendozamel21<36><STEAM_1:1:367852139><>" saved. Points: "7"
L 07/06/2026 - 22:42:44: -------- Mapchange to glubtastic5_3 --------
L 07/06/2026 - 22:42:47: [basecommands.smx] "Console<0><Console><Console>" changed cvar (cvar "sv_consistency") (value "0")
L 07/06/2026 - 22:42:47: [basecommands.smx] "Console<0><Console><Console>" changed cvar (cvar "sv_allow_lobby_connect_only") (value "0")
L 07/06/2026 - 22:42:47: [basecommands.smx] "Console<0><Console><Console>" changed cvar (cvar "sv_maxplayers") (value "8")
L 07/06/2026 - 22:42:47: [basecommands.smx] "Console<0><Console><Console>" changed cvar (cvar "sv_visiblemaxplayers") (value "-1")
L 07/06/2026 - 22:42:48: [chat-processor.smx] Message formats generated for game 'left4dead2'.
L 07/06/2026 - 22:42:48: [chat-processor.smx] Successfully hooked a SayText2 chat hook.
L 07/06/2026 - 22:42:55: [l4d2_shop.smx] [LOAD]: "[T-T]MoY<2><STEAM_1:0:511491787><>" loaded the record successfully! Points: "15"
L 07/06/2026 - 22:42:58: [l4d2_shop.smx] [LOAD]: "TARO<14><STEAM_1:0:216412690><>" loaded the record successfully! Points: "11"
L 07/06/2026 - 22:42:59: [l4d2_shop.smx] [LOAD]: "mariopro30<19><STEAM_1:1:796692183><>" loaded the record successfully! Points: "8944"
L 07/06/2026 - 22:42:59: [l4d2_shop.smx] [LOAD]: "LEONARD_JHEISY<32><STEAM_1:1:938128976><>" loaded the record successfully! Points: "4"
L 07/06/2026 - 22:43:01: [l4d2_shop.smx] [LOAD]: "mendozamel21<36><STEAM_1:1:367852139><>" loaded the record successfully! Points: "7"
L 07/06/2026 - 22:43:11: [l4d2_shop.smx] [LOAD]: "zelamamani2020<6><STEAM_1:1:627117491><>" loaded the record successfully! Points: "15071"
L 07/06/2026 - 22:43:15: [l4d2_shop.smx] [LOAD]: "Dx<10><STEAM_1:0:504163878><>" loaded the record successfully! Points: "12"
L 07/06/2026 - 22:43:18: [l4d2_shop.smx] [LOAD]: "Chuchito<34><STEAM_1:0:607956940><>" loaded the record successfully! Points: "5"
L 07/06/2026 - 22:44:07: [all4dead2.smx] [NOTICE]: ([T-T]MoY<2><STEAM_1:0:511491787><>) has spawned a fireaxe
L 07/06/2026 - 22:44:08: [all4dead2.smx] [NOTICE]: ([T-T]MoY<2><STEAM_1:0:511491787><>) has spawned a fireaxe
L 07/06/2026 - 22:44:09: [all4dead2.smx] [NOTICE]: ([T-T]MoY<2><STEAM_1:0:511491787><>) has spawned a fireaxe
L 07/06/2026 - 22:48:29: [l4d2_shop.smx] [INSERT]: "DANNY CYPRESS<71><STEAM_1:0:957370104><>" is a new user!!
L 07/06/2026 - 22:50:10: [all4dead2.smx] [NOTICE]: ([T-T]MoY<2><STEAM_1:0:511491787><>) has spawned a fireaxe
L 07/06/2026 - 22:50:12: [all4dead2.smx] [NOTICE]: ([T-T]MoY<2><STEAM_1:0:511491787><>) has spawned a fireaxe
L 07/06/2026 - 22:50:12: [all4dead2.smx] [NOTICE]: ([T-T]MoY<2><STEAM_1:0:511491787><>) has spawned a fireaxe
L 07/06/2026 - 22:50:12: [all4dead2.smx] [NOTICE]: ([T-T]MoY<2><STEAM_1:0:511491787><>) has spawned a fireaxe
L 07/06/2026 - 22:56:19: [all4dead2.smx] [NOTICE]: ([T-T]MoY<2><STEAM_1:0:511491787><>) has spawned a tank
L 07/06/2026 - 22:56:19: [all4dead2.smx] [NOTICE]: ([T-T]MoY<2><STEAM_1:0:511491787><>) has spawned a tank
L 07/06/2026 - 22:56:19: [all4dead2.smx] [NOTICE]: ([T-T]MoY<2><STEAM_1:0:511491787><>) has spawned a tank
L 07/06/2026 - 22:56:20: [all4dead2.smx] [NOTICE]: ([T-T]MoY<2><STEAM_1:0:511491787><>) has spawned a tank
L 07/06/2026 - 22:58:21: [all4dead2.smx] [NOTICE]: ([T-T]MoY<2><STEAM_1:0:511491787><>) has spawned a tank
L 07/06/2026 - 22:58:21: [all4dead2.smx] [NOTICE]: ([T-T]MoY<2><STEAM_1:0:511491787><>) has spawned a tank
L 07/06/2026 - 22:58:22: [all4dead2.smx] [NOTICE]: ([T-T]MoY<2><STEAM_1:0:511491787><>) has spawned a tank
L 07/06/2026 - 22:58:23: [all4dead2.smx] [NOTICE]: ([T-T]MoY<2><STEAM_1:0:511491787><>) has spawned a tank
L 07/06/2026 - 22:59:44: [l4d2_shop.smx] [LOAD]: "bobelcachero<97><STEAM_1:1:603741138><>" loaded the record successfully! Points: "9"
L 07/06/2026 - 23:01:35: [all4dead2.smx] [NOTICE]: ([T-T]MoY<2><STEAM_1:0:511491787><>) has spawned a tank
L 07/06/2026 - 23:01:36: [all4dead2.smx] [NOTICE]: ([T-T]MoY<2><STEAM_1:0:511491787><>) has spawned a tank
L 07/06/2026 - 23:01:36: [all4dead2.smx] [NOTICE]: ([T-T]MoY<2><STEAM_1:0:511491787><>) has spawned a tank
L 07/06/2026 - 23:01:37: [all4dead2.smx] [NOTICE]: ([T-T]MoY<2><STEAM_1:0:511491787><>) has spawned a tank
L 07/06/2026 - 23:01:37: [all4dead2.smx] [NOTICE]: ([T-T]MoY<2><STEAM_1:0:511491787><>) has spawned a tank
L 07/06/2026 - 23:02:19: [all4dead2.smx] [NOTICE]: ([T-T]MoY<2><STEAM_1:0:511491787><>) has spawned a tank
L 07/06/2026 - 23:02:20: [all4dead2.smx] [NOTICE]: ([T-T]MoY<2><STEAM_1:0:511491787><>) has spawned a tank
L 07/06/2026 - 23:04:15: [playercommands.smx] "[T-T]MoY<2><STEAM_1:0:511491787><>" slayed "(1)Tank<105><BOT><>"
L 07/06/2026 - 23:04:16: [playercommands.smx] "[T-T]MoY<2><STEAM_1:0:511491787><>" slayed "(4)Tank<103><BOT><>"
L 07/06/2026 - 23:04:17: [playercommands.smx] "[T-T]MoY<2><STEAM_1:0:511491787><>" slayed "Tank<104><BOT><>"
L 07/06/2026 - 23:04:43: [Vote_menu.smx] "[T-T]MoY<2><STEAM_1:0:511491787><>" cambió la dificultad a normal
L 07/06/2026 - 23:05:22: [l4d2_shop.smx] [LOAD]: "zelamamani2020<110><STEAM_1:1:627117491><>" loaded the record successfully! Points: "15071"
L 07/06/2026 - 23:07:51: -------- Mapchange to glubtastic5_4 --------
L 07/06/2026 - 23:07:54: [basecommands.smx] "Console<0><Console><Console>" changed cvar (cvar "sv_consistency") (value "0")
L 07/06/2026 - 23:07:54: [basecommands.smx] "Console<0><Console><Console>" changed cvar (cvar "sv_allow_lobby_connect_only") (value "0")
L 07/06/2026 - 23:07:54: [basecommands.smx] "Console<0><Console><Console>" changed cvar (cvar "sv_maxplayers") (value "8")
L 07/06/2026 - 23:07:54: [basecommands.smx] "Console<0><Console><Console>" changed cvar (cvar "sv_visiblemaxplayers") (value "-1")
L 07/06/2026 - 23:07:54: [chat-processor.smx] Message formats generated for game 'left4dead2'.
L 07/06/2026 - 23:07:54: [chat-processor.smx] Successfully hooked a SayText2 chat hook.
L 07/06/2026 - 23:08:01: [l4d2_shop.smx] [LOAD]: "[T-T]MoY<2><STEAM_1:0:511491787><>" loaded the record successfully! Points: "15"
L 07/06/2026 - 23:08:04: [l4d2_shop.smx] [LOAD]: "mariopro30<19><STEAM_1:1:796692183><>" loaded the record successfully! Points: "8944"
L 07/06/2026 - 23:08:04: [l4d2_shop.smx] [LOAD]: "DANNY CYPRESS<71><STEAM_1:0:957370104><>" loaded the record successfully! Points: "0"
L 07/06/2026 - 23:08:09: [l4d2_shop.smx] [LOAD]: "zelamamani2020<110><STEAM_1:1:627117491><>" loaded the record successfully! Points: "15071"
L 07/06/2026 - 23:08:09: [l4d2_shop.smx] [INSERT]: "Tripulant7<112><STEAM_1:0:712166565><>" is a new user!!
L 07/06/2026 - 23:08:15: [l4d2_shop.smx] [LOAD]: "Dx<10><STEAM_1:0:504163878><>" loaded the record successfully! Points: "12"
L 07/06/2026 - 23:11:04: [basevotes.smx] "[T-T]MoY<2><STEAM_1:0:511491787><>" initiated a generic vote (question "omitimos este cap es medio aburrido? y depaso se estan saboteando" / answers "Yes" "No").
L 07/06/2026 - 23:11:25: [basevotes.smx] Vote successful. (Received "100" of 2 votes)
L 07/06/2026 - 23:11:25: [basevotes.smx] The answer to omitimos este cap es medio aburrido? y depaso se estan saboteando is: Yes.
L 07/06/2026 - 23:12:00: [basecommands.smx] "[T-T]MoY<2><STEAM_1:0:511491787><>" changed map to "glubtastic5_5"
L 07/06/2026 - 23:12:03: [SM] Changed map to "glubtastic5_5"
L 07/06/2026 - 23:12:08: -------- Mapchange to glubtastic5_5 --------
L 07/06/2026 - 23:12:13: [basecommands.smx] "Console<0><Console><Console>" changed cvar (cvar "sv_consistency") (value "0")
L 07/06/2026 - 23:12:13: [basecommands.smx] "Console<0><Console><Console>" changed cvar (cvar "sv_allow_lobby_connect_only") (value "0")
L 07/06/2026 - 23:12:13: [basecommands.smx] "Console<0><Console><Console>" changed cvar (cvar "sv_maxplayers") (value "8")
L 07/06/2026 - 23:12:13: [basecommands.smx] "Console<0><Console><Console>" changed cvar (cvar "sv_visiblemaxplayers") (value "-1")
L 07/06/2026 - 23:12:13: [chat-processor.smx] Message formats generated for game 'left4dead2'.
L 07/06/2026 - 23:12:13: [chat-processor.smx] Successfully hooked a SayText2 chat hook.
L 07/06/2026 - 23:12:20: [l4d2_shop.smx] [LOAD]: "[T-T]MoY<2><STEAM_1:0:511491787><>" loaded the record successfully! Points: "15"
L 07/06/2026 - 23:12:26: [l4d2_shop.smx] [LOAD]: "DANNY CYPRESS<71><STEAM_1:0:957370104><>" loaded the record successfully! Points: "0"
L 07/06/2026 - 23:12:26: [l4d2_shop.smx] [LOAD]: "Tripulant7<112><STEAM_1:0:712166565><>" loaded the record successfully! Points: "0"
L 07/06/2026 - 23:12:56: [l4d2_shop.smx] [LOAD]: "Dx<10><STEAM_1:0:504163878><>" loaded the record successfully! Points: "12"
