L 06/14/2026 - 16:59:01: SourceMod log file session started (file "d:\steamlibrary\steamapps\common\left 4 dead 2\left4dead2\addons\sourcemod\logs\L20260614.log") (Version "1.12.0.7207")
L 06/14/2026 - 16:59:01: [GEOIP] GeoIP2 database loaded: GeoLite2-ASN (2024-08-21 08:15:21 UTC) (d:\steamlibrary\steamapps\common\left 4 dead 2\left4dead2\addons\sourcemod\configs\geoip\GeoLite2-ASN.mmdb)
L 06/14/2026 - 16:59:01: [GEOIP] GeoIP2 supported languages: en
L 06/14/2026 - 16:59:01: [GEOIP] Your database is older than 90 days. You should consider downloading a newer version from e.g. https://dev.maxmind.com/geoip/geolite2-free-geolocation-data
L 06/14/2026 - 16:59:01: [l4d2_map_rotation.smx] [Rotation] Lista cargada con 5 campañas.
L 06/14/2026 - 16:59:02: [l4d_extinguisher.smx] 
==========
Warning: You should install "[L4D2] Scavenge Score Fix - Gascan Pouring" to prevent affecting the score when filling gas in Scavenge style events: https://forums.alliedmods.net/showthread.php?t=187686
==========

L 06/14/2026 - 16:59:02: [l4d_extinguisher.smx] 
==========
Warning: You should install "[L4D & L4D2] Use Priority Patch" to fix attached models blocking +USE action: https://forums.alliedmods.net/showthread.php?t=327511
==========

L 06/14/2026 - 16:59:13: [basecommands.smx] "Console<0><Console><Console>" changed cvar (cvar "sv_consistency") (value "0")
L 06/14/2026 - 16:59:13: [basecommands.smx] "Console<0><Console><Console>" changed cvar (cvar "sv_allow_lobby_connect_only") (value "0")
L 06/14/2026 - 16:59:13: [basecommands.smx] "Console<0><Console><Console>" changed cvar (cvar "sv_maxplayers") (value "8")
L 06/14/2026 - 16:59:13: [basecommands.smx] "Console<0><Console><Console>" changed cvar (cvar "sv_visiblemaxplayers") (value "-1")
L 06/14/2026 - 16:59:14: [chat-processor.smx] Message formats generated for game 'left4dead2'.
L 06/14/2026 - 16:59:14: [chat-processor.smx] Successfully hooked a SayText2 chat hook.
L 06/14/2026 - 16:59:19: [l4d2_shop.smx] [LOAD]: "[T-T]MoY<2><STEAM_ID_PENDING><>" loaded the record successfully! Points: "0"
L 06/14/2026 - 16:59:50: [basecommands.smx] "[T-T]MoY<2><STEAM_1:0:511491787><>" changed cvar (cvar "sv_gravity") (value "200")
L 06/14/2026 - 17:00:58: [l4d2_shop.smx] [UPDATE]: "[T-T]MoY<2><STEAM_1:0:511491787><>" saved. Points: "0"
L 06/14/2026 - 17:01:07: [l4d2_shop.smx] [INSERT]: "Caja Trujillo<8><STEAM_1:1:459054760><>" is a new user!!
L 06/14/2026 - 17:04:20: [l4d2_shop.smx] [UPDATE]: "[T-T]MoY<2><STEAM_1:0:511491787><>" saved. Points: "10"
L 06/14/2026 - 17:04:20: [l4d2_shop.smx] [UPDATE]: "Caja Trujillo<8><STEAM_1:1:459054760><>" saved. Points: "10"
L 06/14/2026 - 17:06:16: [l4d2_shop.smx] [UPDATE]: "[T-T]MoY<2><STEAM_1:0:511491787><>" saved. Points: "14"
L 06/14/2026 - 17:06:16: [l4d2_shop.smx] [UPDATE]: "Caja Trujillo<8><STEAM_1:1:459054760><>" saved. Points: "14"
L 06/14/2026 - 17:07:56: [l4d2_shop.smx] [UPDATE]: "[T-T]MoY<2><STEAM_1:0:511491787><>" saved. Points: "14"
L 06/14/2026 - 17:07:56: [l4d2_shop.smx] [UPDATE]: "Caja Trujillo<8><STEAM_1:1:459054760><>" saved. Points: "14"
L 06/14/2026 - 17:10:34: [l4d2_shop.smx] [UPDATE]: "[T-T]MoY<2><STEAM_1:0:511491787><>" saved. Points: "18"
L 06/14/2026 - 17:10:34: [l4d2_shop.smx] [UPDATE]: "Caja Trujillo<8><STEAM_1:1:459054760><>" saved. Points: "18"
L 06/14/2026 - 17:14:55: [l4d2_shop.smx] [INSERT]: "punk0<49><STEAM_1:0:88355328><>" is a new user!!
L 06/14/2026 - 17:15:01: [l4d2_shop.smx] [UPDATE]: "[T-T]MoY<2><STEAM_1:0:511491787><>" saved. Points: "36"
L 06/14/2026 - 17:15:01: [l4d2_shop.smx] [UPDATE]: "punk0<49><STEAM_1:0:88355328><>" saved. Points: "0"
L 06/14/2026 - 17:15:49: [l4d2_shop.smx] [INSERT]: "zelamamani2020<51><STEAM_1:1:627117491><>" is a new user!!
L 06/14/2026 - 17:16:37: [l4d2_shop.smx] [UPDATE]: "[T-T]MoY<2><STEAM_1:0:511491787><>" saved. Points: "38"
L 06/14/2026 - 17:16:37: [l4d2_shop.smx] [UPDATE]: "zelamamani2020<51><STEAM_1:1:627117491><>" saved. Points: "2"
L 06/14/2026 - 17:16:37: [l4d2_shop.smx] [UPDATE]: "punk0<49><STEAM_1:0:88355328><>" saved. Points: "2"
L 06/14/2026 - 17:18:08: [l4d2_shop.smx] [UPDATE]: "[T-T]MoY<2><STEAM_1:0:511491787><>" saved. Points: "40"
L 06/14/2026 - 17:18:08: [l4d2_shop.smx] [UPDATE]: "zelamamani2020<51><STEAM_1:1:627117491><>" saved. Points: "4"
L 06/14/2026 - 17:18:08: [l4d2_shop.smx] [UPDATE]: "punk0<49><STEAM_1:0:88355328><>" saved. Points: "4"
L 06/14/2026 - 17:20:18: [l4d2_shop.smx] [UPDATE]: "[T-T]MoY<2><STEAM_1:0:511491787><>" saved. Points: "40"
L 06/14/2026 - 17:20:18: [l4d2_shop.smx] [UPDATE]: "zelamamani2020<51><STEAM_1:1:627117491><>" saved. Points: "4"
L 06/14/2026 - 17:20:20: [l4d2_shop.smx] [LOAD]: "KING TEKA LAPEA BEBOTES<67><STEAM_1:1:782751932><>" loaded the record successfully! Points: "24"
L 06/14/2026 - 17:22:51: [l4d2_shop.smx] [UPDATE]: "[T-T]MoY<2><STEAM_1:0:511491787><>" saved. Points: "45"
L 06/14/2026 - 17:22:51: [l4d2_shop.smx] "zelamamani2020<51><STEAM_1:1:627117491><>" (Balacne: "6") tansferred "1"+"1" points to "[T-T]MoY<2><STEAM_1:0:511491787><>" (Balacne: "45")
L 06/14/2026 - 17:23:28: [l4d2_shop.smx] [UPDATE]: "[T-T]MoY<2><STEAM_1:0:511491787><>" saved. Points: "51"
L 06/14/2026 - 17:23:28: [l4d2_shop.smx] [UPDATE]: "zelamamani2020<51><STEAM_1:1:627117491><>" saved. Points: "12"
L 06/14/2026 - 17:23:28: [l4d2_shop.smx] [UPDATE]: "KING TEKA LAPEA BEBOTES<67><STEAM_1:1:782751932><>" saved. Points: "34"
L 06/14/2026 - 17:23:53: [l4d2_shop.smx] [UPDATE]: "[T-T]MoY<2><STEAM_1:0:511491787><>" saved. Points: "5051"
L 06/14/2026 - 17:23:53: [l4d2_shop.smx] [Admin]: "[T-T]MoY<2><STEAM_1:0:511491787><>" rewarded "5000" points for "[T-T]MoY<2><STEAM_1:0:511491787><>" (current: "5051")
L 06/14/2026 - 17:23:54: [l4d2_shop.smx] [UPDATE]: "zelamamani2020<51><STEAM_1:1:627117491><>" saved. Points: "5012"
L 06/14/2026 - 17:23:54: [l4d2_shop.smx] [Admin]: "[T-T]MoY<2><STEAM_1:0:511491787><>" rewarded "5000" points for "zelamamani2020<51><STEAM_1:1:627117491><>" (current: "5012")
L 06/14/2026 - 17:23:54: [l4d2_shop.smx] [UPDATE]: "KING TEKA LAPEA BEBOTES<67><STEAM_1:1:782751932><>" saved. Points: "5034"
L 06/14/2026 - 17:23:54: [l4d2_shop.smx] [Admin]: "[T-T]MoY<2><STEAM_1:0:511491787><>" rewarded "5000" points for "KING TEKA LAPEA BEBOTES<67><STEAM_1:1:782751932><>" (current: "5034")
L 06/14/2026 - 17:25:22: [l4d2_shop.smx] [UPDATE]: "[T-T]MoY<2><STEAM_1:0:511491787><>" saved. Points: "5053"
L 06/14/2026 - 17:25:22: [l4d2_shop.smx] [UPDATE]: "zelamamani2020<51><STEAM_1:1:627117491><>" saved. Points: "5014"
L 06/14/2026 - 17:25:22: [l4d2_shop.smx] [UPDATE]: "KING TEKA LAPEA BEBOTES<67><STEAM_1:1:782751932><>" saved. Points: "5036"
L 06/14/2026 - 17:30:19: -------- Mapchange to hls_06 --------
L 06/14/2026 - 17:30:21: [basecommands.smx] "Console<0><Console><Console>" changed cvar (cvar "sv_consistency") (value "0")
L 06/14/2026 - 17:30:21: [basecommands.smx] "Console<0><Console><Console>" changed cvar (cvar "sv_allow_lobby_connect_only") (value "0")
L 06/14/2026 - 17:30:21: [basecommands.smx] "Console<0><Console><Console>" changed cvar (cvar "sv_maxplayers") (value "8")
L 06/14/2026 - 17:30:21: [basecommands.smx] "Console<0><Console><Console>" changed cvar (cvar "sv_visiblemaxplayers") (value "-1")
L 06/14/2026 - 17:30:21: [chat-processor.smx] Message formats generated for game 'left4dead2'.
L 06/14/2026 - 17:30:21: [chat-processor.smx] Successfully hooked a SayText2 chat hook.
L 06/14/2026 - 17:30:28: [l4d2_shop.smx] [LOAD]: "[T-T]MoY<2><STEAM_1:0:511491787><>" loaded the record successfully! Points: "5053"
L 06/14/2026 - 17:30:29: [l4d2_shop.smx] [LOAD]: "KING TEKA LAPEA BEBOTES<67><STEAM_1:1:782751932><>" loaded the record successfully! Points: "5036"
L 06/14/2026 - 17:30:31: [l4d2_shop.smx] [LOAD]: "zelamamani2020<51><STEAM_1:1:627117491><>" loaded the record successfully! Points: "5014"
L 06/14/2026 - 17:32:07: [l4d2_shop.smx] [INSERT]: "HiToGaMi<108><STEAM_1:0:243013276><>" is a new user!!
L 06/14/2026 - 17:32:52: [l4d2_shop.smx] [UPDATE]: "[T-T]MoY<2><STEAM_1:0:511491787><>" saved. Points: "5061"
L 06/14/2026 - 17:32:52: [l4d2_shop.smx] UPDATE SpecialFunctions SET isEnabled = 1 WHERE steamId = 'STEAM_1:0:511491787' AND (functionNo = 'GRAY_AMMO' OR functionNo = 'BLUE_AMMO' OR functionNo = 'GOLD_AMMO')
L 06/14/2026 - 17:32:52: [l4d2_shop.smx] [UPDATE]: "zelamamani2020<51><STEAM_1:1:627117491><>" saved. Points: "5022"
L 06/14/2026 - 17:32:52: [l4d2_shop.smx] [UPDATE]: "HiToGaMi<108><STEAM_1:0:243013276><>" saved. Points: "8"
L 06/14/2026 - 17:32:52: [l4d2_shop.smx] [UPDATE]: "KING TEKA LAPEA BEBOTES<67><STEAM_1:1:782751932><>" saved. Points: "5044"
L 06/14/2026 - 17:32:52: [basevotes.smx] "[T-T]MoY<2><STEAM_1:0:511491787><>" initiated a generic vote (question "la hace la nera?" / answers "Yes" "No").
L 06/14/2026 - 17:33:13: [basevotes.smx] Vote failed. 0% vote required. (Received "33" of 3 votes)
L 06/14/2026 - 17:34:22: [l4d2_shop.smx] [UPDATE]: "[T-T]MoY<2><STEAM_1:0:511491787><>" saved. Points: "5063"
L 06/14/2026 - 17:34:22: [l4d2_shop.smx] UPDATE SpecialFunctions SET isEnabled = 1 WHERE steamId = 'STEAM_1:0:511491787' AND (functionNo = 'GRAY_AMMO' OR functionNo = 'BLUE_AMMO' OR functionNo = 'GOLD_AMMO')
L 06/14/2026 - 17:34:22: [l4d2_shop.smx] [UPDATE]: "zelamamani2020<51><STEAM_1:1:627117491><>" saved. Points: "5024"
L 06/14/2026 - 17:34:22: [l4d2_shop.smx] [UPDATE]: "KING TEKA LAPEA BEBOTES<67><STEAM_1:1:782751932><>" saved. Points: "5046"
L 06/14/2026 - 17:34:25: [l4d2_shop.smx] [Buy]: "[T-T]MoY<2><STEAM_1:0:511491787><>" bought "Revivir (Costo actual: 50)" (price: "50"), remaining points: "5013"
L 06/14/2026 - 17:34:30: [l4d2_shop.smx] [LOAD]: "HiToGaMi<117><STEAM_1:0:243013276><>" loaded the record successfully! Points: "8"
L 06/14/2026 - 17:35:50: [l4d2_shop.smx] [Buy]: "[T-T]MoY<2><STEAM_1:0:511491787><>" bought "Revivir (Costo actual: 50)" (price: "50"), remaining points: "4965"
L 06/14/2026 - 17:36:17: [l4d2_shop.smx] [UPDATE]: "[T-T]MoY<2><STEAM_1:0:511491787><>" saved. Points: "4967"
L 06/14/2026 - 17:36:17: [l4d2_shop.smx] UPDATE SpecialFunctions SET isEnabled = 1 WHERE steamId = 'STEAM_1:0:511491787' AND (functionNo = 'GRAY_AMMO' OR functionNo = 'BLUE_AMMO' OR functionNo = 'GOLD_AMMO')
L 06/14/2026 - 17:36:17: [l4d2_shop.smx] [UPDATE]: "zelamamani2020<51><STEAM_1:1:627117491><>" saved. Points: "5028"
L 06/14/2026 - 17:36:17: [l4d2_shop.smx] [UPDATE]: "HiToGaMi<117><STEAM_1:0:243013276><>" saved. Points: "12"
L 06/14/2026 - 17:36:17: [l4d2_shop.smx] [UPDATE]: "KING TEKA LAPEA BEBOTES<67><STEAM_1:1:782751932><>" saved. Points: "5050"
L 06/14/2026 - 17:36:18: [l4d2_shop.smx] [UPDATE]: "HiToGaMi<117><STEAM_1:0:243013276><>" saved. Points: "1012"
L 06/14/2026 - 17:36:18: [l4d2_shop.smx] [Admin]: "[T-T]MoY<2><STEAM_1:0:511491787><>" rewarded "1000" points for "HiToGaMi<117><STEAM_1:0:243013276><>" (current: "1012")
L 06/14/2026 - 17:36:48: [l4d2_shop.smx] [LOAD]: "Fredo<125><STEAM_1:0:42015651><>" loaded the record successfully! Points: "11184"
L 06/14/2026 - 17:37:28: [l4d2_shop.smx] [LOAD]: "Beckand<129><STEAM_1:0:429990733><>" loaded the record successfully! Points: "85"
L 06/14/2026 - 17:38:05: [l4d2_shop.smx] [Buy]: "[T-T]MoY<2><STEAM_1:0:511491787><>" bought "Revivir (Costo actual: 50)" (price: "50"), remaining points: "4923"
L 06/14/2026 - 17:38:35: [l4d_sm_respawn.smx] "[T-T]MoY<2><STEAM_1:0:511491787><>" teleported "zelamamani2020<51><STEAM_1:1:627117491><>" after respawning him
L 06/14/2026 - 17:38:35: [l4d_sm_respawn.smx] "[T-T]MoY<2><STEAM_1:0:511491787><>" teleported "HiToGaMi<117><STEAM_1:0:243013276><>" after respawning him
L 06/14/2026 - 17:38:35: [l4d_sm_respawn.smx] "[T-T]MoY<2><STEAM_1:0:511491787><>" teleported "KING TEKA LAPEA BEBOTES<67><STEAM_1:1:782751932><>" after respawning him
L 06/14/2026 - 17:39:39: [l4d2_shop.smx] [Buy]: "[T-T]MoY<2><STEAM_1:0:511491787><>" bought "Revivir (Costo actual: 150)" (price: "150"), remaining points: "4773"
L 06/14/2026 - 17:40:51: [l4d2_shop.smx] [Buy]: "Fredo<125><STEAM_1:0:42015651><>" bought "molotov" (price: "28"), remaining points: "11176"
L 06/14/2026 - 17:41:04: [l4d2_shop.smx] [Buy]: "Fredo<125><STEAM_1:0:42015651><>" bought "Revivir (Costo actual: 50)" (price: "50"), remaining points: "11128"
L 06/14/2026 - 17:41:29: [l4d2_shop.smx] [UPDATE]: "Beckand<129><STEAM_1:0:429990733><>" saved. Points: "10105"
L 06/14/2026 - 17:41:29: [l4d2_shop.smx] [Admin]: "[T-T]MoY<2><STEAM_1:0:511491787><>" rewarded "10000" points for "Beckand<129><STEAM_1:0:429990733><>" (current: "10105")
L 06/14/2026 - 17:41:29: [l4d2_shop.smx] [Buy]: "KING TEKA LAPEA BEBOTES<67><STEAM_1:1:782751932><>" bought "Revivir (Costo actual: 50)" (price: "50"), remaining points: "5024"
L 06/14/2026 - 17:41:30: [l4d2_shop.smx] [UPDATE]: "HiToGaMi<117><STEAM_1:0:243013276><>" saved. Points: "11040"
L 06/14/2026 - 17:41:30: [l4d2_shop.smx] [Admin]: "[T-T]MoY<2><STEAM_1:0:511491787><>" rewarded "10000" points for "HiToGaMi<117><STEAM_1:0:243013276><>" (current: "11040")
L 06/14/2026 - 17:41:33: [l4d2_shop.smx] [Buy]: "Fredo<125><STEAM_1:0:42015651><>" bought "Revivir (Costo actual: 150)" (price: "150"), remaining points: "10980"
L 06/14/2026 - 17:42:03: [l4d2_shop.smx] [UPDATE]: "[T-T]MoY<2><STEAM_1:0:511491787><>" saved. Points: "14795"
L 06/14/2026 - 17:42:03: [l4d2_shop.smx] UPDATE SpecialFunctions SET isEnabled = 1 WHERE steamId = 'STEAM_1:0:511491787' AND (functionNo = 'GRAY_AMMO' OR functionNo = 'BLUE_AMMO' OR functionNo = 'GOLD_AMMO')
L 06/14/2026 - 17:42:03: [l4d2_shop.smx] [Admin]: "[T-T]MoY<2><STEAM_1:0:511491787><>" rewarded "10000" points for "[T-T]MoY<2><STEAM_1:0:511491787><>" (current: "14795")
L 06/14/2026 - 17:42:03: [l4d2_shop.smx] [UPDATE]: "zelamamani2020<51><STEAM_1:1:627117491><>" saved. Points: "15056"
L 06/14/2026 - 17:42:03: [l4d2_shop.smx] [Admin]: "[T-T]MoY<2><STEAM_1:0:511491787><>" rewarded "10000" points for "zelamamani2020<51><STEAM_1:1:627117491><>" (current: "15056")
L 06/14/2026 - 17:42:04: [l4d2_shop.smx] [UPDATE]: "Fredo<125><STEAM_1:0:42015651><>" saved. Points: "20984"
L 06/14/2026 - 17:42:04: [l4d2_shop.smx] [Admin]: "[T-T]MoY<2><STEAM_1:0:511491787><>" rewarded "10000" points for "Fredo<125><STEAM_1:0:42015651><>" (current: "20984")
L 06/14/2026 - 17:42:04: [l4d2_shop.smx] [UPDATE]: "Beckand<129><STEAM_1:0:429990733><>" saved. Points: "20109"
L 06/14/2026 - 17:42:04: [l4d2_shop.smx] [Admin]: "[T-T]MoY<2><STEAM_1:0:511491787><>" rewarded "10000" points for "Beckand<129><STEAM_1:0:429990733><>" (current: "20109")
L 06/14/2026 - 17:42:05: [l4d2_shop.smx] [UPDATE]: "HiToGaMi<117><STEAM_1:0:243013276><>" saved. Points: "21044"
L 06/14/2026 - 17:42:05: [l4d2_shop.smx] [Admin]: "[T-T]MoY<2><STEAM_1:0:511491787><>" rewarded "10000" points for "HiToGaMi<117><STEAM_1:0:243013276><>" (current: "21044")
L 06/14/2026 - 17:42:09: [l4d2_shop.smx] [Buy]: "[T-T]MoY<2><STEAM_1:0:511491787><>" bought "Revivir (Costo actual: 250)" (price: "250"), remaining points: "14545"
L 06/14/2026 - 17:42:55: [l4d2_shop.smx] [Buy]: "[T-T]MoY<2><STEAM_1:0:511491787><>" bought "Revivir (Costo actual: 350)" (price: "350"), remaining points: "14205"
L 06/14/2026 - 17:43:11: -------- Mapchange to hls_07 --------
L 06/14/2026 - 17:43:15: [basecommands.smx] "Console<0><Console><Console>" changed cvar (cvar "sv_consistency") (value "0")
L 06/14/2026 - 17:43:15: [basecommands.smx] "Console<0><Console><Console>" changed cvar (cvar "sv_allow_lobby_connect_only") (value "0")
L 06/14/2026 - 17:43:15: [basecommands.smx] "Console<0><Console><Console>" changed cvar (cvar "sv_maxplayers") (value "8")
L 06/14/2026 - 17:43:15: [basecommands.smx] "Console<0><Console><Console>" changed cvar (cvar "sv_visiblemaxplayers") (value "-1")
L 06/14/2026 - 17:43:15: [chat-processor.smx] Message formats generated for game 'left4dead2'.
L 06/14/2026 - 17:43:15: [chat-processor.smx] Successfully hooked a SayText2 chat hook.
L 06/14/2026 - 17:43:20: [l4d2_shop.smx] [LOAD]: "[T-T]MoY<2><STEAM_1:0:511491787><>" loaded the record successfully! Points: "14795"
L 06/14/2026 - 17:43:22: [l4d2_shop.smx] [LOAD]: "Beckand<129><STEAM_1:0:429990733><>" loaded the record successfully! Points: "20109"
L 06/14/2026 - 17:43:22: [l4d2_shop.smx] [LOAD]: "KING TEKA LAPEA BEBOTES<67><STEAM_1:1:782751932><>" loaded the record successfully! Points: "5050"
L 06/14/2026 - 17:43:23: [l4d2_shop.smx] [LOAD]: "Fredo<125><STEAM_1:0:42015651><>" loaded the record successfully! Points: "20984"
L 06/14/2026 - 17:43:26: [l4d2_shop.smx] [LOAD]: "zelamamani2020<51><STEAM_1:1:627117491><>" loaded the record successfully! Points: "15056"
L 06/14/2026 - 17:43:31: [l4d2_shop.smx] [LOAD]: "HiToGaMi<117><STEAM_1:0:243013276><>" loaded the record successfully! Points: "21044"
L 06/14/2026 - 17:43:59: [l4d2_shop.smx] [Buy]: "Fredo<125><STEAM_1:0:42015651><>" bought "molotov" (price: "28"), remaining points: "20956"
L 06/14/2026 - 17:44:18: [l4d2_shop.smx] [Buy]: "zelamamani2020<51><STEAM_1:1:627117491><>" bought "GRAY_AMMO (1 Ronda)" (price: "200"), remaining points: "14856"
L 06/14/2026 - 17:44:22: [l4d2_shop.smx] [Buy]: "Fredo<125><STEAM_1:0:42015651><>" bought "molotov" (price: "28"), remaining points: "20931"
L 06/14/2026 - 17:44:25: [l4d2_shop.smx] [Buy]: "KING TEKA LAPEA BEBOTES<67><STEAM_1:1:782751932><>" bought "Revivir (Costo actual: 50)" (price: "50"), remaining points: "5000"
L 06/14/2026 - 17:44:36: [l4d2_shop.smx] [Buy]: "KING TEKA LAPEA BEBOTES<67><STEAM_1:1:782751932><>" bought "Revivir (Costo actual: 150)" (price: "150"), remaining points: "4850"
L 06/14/2026 - 17:44:44: [l4d2_shop.smx] [Buy]: "[T-T]MoY<2><STEAM_1:0:511491787><>" bought "Revivir (Costo actual: 50)" (price: "50"), remaining points: "14745"
L 06/14/2026 - 17:44:44: [l4d2_shop.smx] [Buy]: "Fredo<125><STEAM_1:0:42015651><>" bought "molotov" (price: "28"), remaining points: "20905"
L 06/14/2026 - 17:45:17: [l4d2_shop.smx] [Buy]: "KING TEKA LAPEA BEBOTES<67><STEAM_1:1:782751932><>" bought "Revivir (Costo actual: 250)" (price: "250"), remaining points: "4606"
L 06/14/2026 - 17:45:27: [l4d2_shop.smx] [Buy]: "Fredo<125><STEAM_1:0:42015651><>" bought "molotov" (price: "28"), remaining points: "20892"
L 06/14/2026 - 17:45:31: [l4d2_shop.smx] [Buy]: "KING TEKA LAPEA BEBOTES<67><STEAM_1:1:782751932><>" bought "Revivir (Costo actual: 350)" (price: "350"), remaining points: "4266"
L 06/14/2026 - 17:46:07: [l4d2_shop.smx] [INSERT]: "TERRY<170><STEAM_1:1:390232153><>" is a new user!!
L 06/14/2026 - 17:46:09: [l4d2_shop.smx] [Buy]: "Fredo<125><STEAM_1:0:42015651><>" bought "molotov" (price: "28"), remaining points: "20869"
L 06/14/2026 - 17:46:29: [l4d2_shop.smx] [Buy]: "Fredo<125><STEAM_1:0:42015651><>" bought "Revivir (Costo actual: 50)" (price: "50"), remaining points: "20821"
L 06/14/2026 - 17:46:33: [l4d_sm_respawn.smx] "[T-T]MoY<2><STEAM_1:0:511491787><>" teleported "zelamamani2020<51><STEAM_1:1:627117491><>" after respawning him
L 06/14/2026 - 17:46:33: [l4d_sm_respawn.smx] "[T-T]MoY<2><STEAM_1:0:511491787><>" teleported "Beckand<129><STEAM_1:0:429990733><>" after respawning him
L 06/14/2026 - 17:46:34: [l4d_sm_respawn.smx] "[T-T]MoY<2><STEAM_1:0:511491787><>" teleported "HiToGaMi<117><STEAM_1:0:243013276><>" after respawning him
L 06/14/2026 - 17:46:39: [l4d2_shop.smx] [Buy]: "Fredo<125><STEAM_1:0:42015651><>" bought "molotov" (price: "28"), remaining points: "20793"
L 06/14/2026 - 17:46:52: [l4d2_shop.smx] [Buy]: "Fredo<125><STEAM_1:0:42015651><>" bought "Revivir (Costo actual: 150)" (price: "150"), remaining points: "20646"
L 06/14/2026 - 17:46:53: [l4d2_shop.smx] [Buy]: "[T-T]MoY<2><STEAM_1:0:511491787><>" bought "Revivir (Costo actual: 150)" (price: "150"), remaining points: "14613"
L 06/14/2026 - 17:47:16: [l4d2_shop.smx] [Buy]: "Fredo<125><STEAM_1:0:42015651><>" bought "pipe_bomb" (price: "28"), remaining points: "20620"
L 06/14/2026 - 17:47:30: [l4d2_shop.smx] [Buy]: "Fredo<125><STEAM_1:0:42015651><>" bought "Revivir (Costo actual: 250)" (price: "250"), remaining points: "20370"
L 06/14/2026 - 17:47:41: [l4d2_shop.smx] [Buy]: "Fredo<125><STEAM_1:0:42015651><>" bought "Revivir (Costo actual: 350)" (price: "350"), remaining points: "20020"
L 06/14/2026 - 17:48:12: [l4d2_shop.smx] [Buy]: "Fredo<125><STEAM_1:0:42015651><>" bought "Revivir (Costo actual: 450)" (price: "450"), remaining points: "19570"
L 06/14/2026 - 17:48:23: [l4d2_shop.smx] [Buy]: "Fredo<125><STEAM_1:0:42015651><>" bought "pipe_bomb" (price: "28"), remaining points: "19542"
L 06/14/2026 - 17:48:34: [l4d2_shop.smx] [Buy]: "Fredo<125><STEAM_1:0:42015651><>" bought "Revivir (Costo actual: 550)" (price: "550"), remaining points: "18992"
L 06/14/2026 - 17:48:38: [l4d2_shop.smx] [Buy]: "[T-T]MoY<2><STEAM_1:0:511491787><>" bought "health" (price: "98"), remaining points: "14517"
L 06/14/2026 - 17:48:44: [l4d2_shop.smx] [Buy]: "Fredo<125><STEAM_1:0:42015651><>" bought "molotov" (price: "28"), remaining points: "18964"
L 06/14/2026 - 17:48:51: [l4d2_shop.smx] [INSERT]: "El Dani<181><STEAM_1:1:630673152><>" is a new user!!
L 06/14/2026 - 17:48:56: [l4d_sm_respawn.smx] "[T-T]MoY<2><STEAM_1:0:511491787><>" teleported "Beckand<129><STEAM_1:0:429990733><>" after respawning him
L 06/14/2026 - 17:48:56: [l4d_sm_respawn.smx] "[T-T]MoY<2><STEAM_1:0:511491787><>" teleported "El Dani<181><STEAM_1:1:630673152><>" after respawning him
L 06/14/2026 - 17:49:47: [l4d2_shop.smx] [Buy]: "Fredo<125><STEAM_1:0:42015651><>" bought "grenade_launcher" (price: "38"), remaining points: "18930"
L 06/14/2026 - 17:50:00: [l4d2_shop.smx] [LOAD]: "Ghøst_Recøn501<187><STEAM_1:0:197754918><>" loaded the record successfully! Points: "468078"
L 06/14/2026 - 17:51:08: [l4d_sm_respawn.smx] "[T-T]MoY<2><STEAM_1:0:511491787><>" teleported "zelamamani2020<51><STEAM_1:1:627117491><>" after respawning him
L 06/14/2026 - 17:51:09: [l4d_sm_respawn.smx] "[T-T]MoY<2><STEAM_1:0:511491787><>" teleported "KING TEKA LAPEA BEBOTES<67><STEAM_1:1:782751932><>" after respawning him
L 06/14/2026 - 17:51:23: [l4d2_shop.smx] [Buy]: "Fredo<125><STEAM_1:0:42015651><>" bought "Revivir (Costo actual: 650)" (price: "650"), remaining points: "18288"
L 06/14/2026 - 17:51:25: [l4d_sm_respawn.smx] "[T-T]MoY<2><STEAM_1:0:511491787><>" teleported "KING TEKA LAPEA BEBOTES<67><STEAM_1:1:782751932><>" after respawning him
L 06/14/2026 - 17:52:20: [l4d2_shop.smx] [INSERT]: "SENSEI SPOPOVICH<196><STEAM_1:0:798842444><>" is a new user!!
L 06/14/2026 - 17:52:24: [l4d2_shop.smx] [Buy]: "KING TEKA LAPEA BEBOTES<67><STEAM_1:1:782751932><>" bought "Revivir (Costo actual: 450)" (price: "450"), remaining points: "3834"
L 06/14/2026 - 17:52:25: [l4d2_shop.smx] [Buy]: "Fredo<125><STEAM_1:0:42015651><>" bought "molotov" (price: "28"), remaining points: "18262"
L 06/14/2026 - 17:52:35: [all4dead2.smx] [NOTICE]: ([T-T]MoY<2><STEAM_1:0:511491787><>) has spawned a tank
L 06/14/2026 - 17:52:35: [all4dead2.smx] [NOTICE]: ([T-T]MoY<2><STEAM_1:0:511491787><>) has spawned a tank
L 06/14/2026 - 17:52:35: [all4dead2.smx] [NOTICE]: ([T-T]MoY<2><STEAM_1:0:511491787><>) has spawned a tank
L 06/14/2026 - 17:52:51: [l4d2_shop.smx] [Buy]: "KING TEKA LAPEA BEBOTES<67><STEAM_1:1:782751932><>" bought "Revivir (Costo actual: 550)" (price: "550"), remaining points: "3290"
L 06/14/2026 - 17:52:56: [l4d2_shop.smx] [Buy]: "[T-T]MoY<2><STEAM_1:0:511491787><>" bought "Revivir (Costo actual: 250)" (price: "250"), remaining points: "14289"
L 06/14/2026 - 17:53:03: [l4d2_shop.smx] [Buy]: "[T-T]MoY<2><STEAM_1:0:511491787><>" bought "Revivir (Costo actual: 350)" (price: "350"), remaining points: "13941"
L 06/14/2026 - 17:53:14: [l4d2_shop.smx] [Buy]: "KING TEKA LAPEA BEBOTES<67><STEAM_1:1:782751932><>" bought "Revivir (Costo actual: 650)" (price: "650"), remaining points: "2644"
L 06/14/2026 - 17:53:23: [l4d2_shop.smx] [Buy]: "Fredo<125><STEAM_1:0:42015651><>" bought "Revivir (Costo actual: 750)" (price: "750"), remaining points: "17543"
L 06/14/2026 - 17:53:33: [l4d2_shop.smx] [Buy]: "KING TEKA LAPEA BEBOTES<67><STEAM_1:1:782751932><>" bought "Revivir (Costo actual: 750)" (price: "750"), remaining points: "1906"
L 06/14/2026 - 17:53:35: [l4d2_shop.smx] [Buy]: "Fredo<125><STEAM_1:0:42015651><>" bought "Revivir (Costo actual: 850)" (price: "850"), remaining points: "16708"
L 06/14/2026 - 17:53:42: [l4d2_shop.smx] [Buy]: "Fredo<125><STEAM_1:0:42015651><>" bought "pipe_bomb" (price: "28"), remaining points: "16680"
L 06/14/2026 - 17:53:45: [l4d2_shop.smx] [Buy]: "KING TEKA LAPEA BEBOTES<67><STEAM_1:1:782751932><>" bought "Revivir (Costo actual: 850)" (price: "850"), remaining points: "1056"
L 06/14/2026 - 17:53:51: [l4d2_shop.smx] [Buy]: "KING TEKA LAPEA BEBOTES<67><STEAM_1:1:782751932><>" bought "Revivir (Costo actual: 950)" (price: "950"), remaining points: "106"
L 06/14/2026 - 17:54:05: [l4d2_shop.smx] [Buy]: "[T-T]MoY<2><STEAM_1:0:511491787><>" bought "Revivir (Costo actual: 450)" (price: "450"), remaining points: "13503"
L 06/14/2026 - 17:54:42: [l4d2_shop.smx] [Buy]: "Fredo<125><STEAM_1:0:42015651><>" bought "extinguisher" (price: "40"), remaining points: "16646"
L 06/14/2026 - 17:55:07: -------- Mapchange to hls_09 --------
L 06/14/2026 - 17:55:11: [basecommands.smx] "Console<0><Console><Console>" changed cvar (cvar "sv_consistency") (value "0")
L 06/14/2026 - 17:55:11: [basecommands.smx] "Console<0><Console><Console>" changed cvar (cvar "sv_allow_lobby_connect_only") (value "0")
L 06/14/2026 - 17:55:11: [basecommands.smx] "Console<0><Console><Console>" changed cvar (cvar "sv_maxplayers") (value "8")
L 06/14/2026 - 17:55:11: [basecommands.smx] "Console<0><Console><Console>" changed cvar (cvar "sv_visiblemaxplayers") (value "-1")
L 06/14/2026 - 17:55:11: [chat-processor.smx] Message formats generated for game 'left4dead2'.
L 06/14/2026 - 17:55:11: [chat-processor.smx] Successfully hooked a SayText2 chat hook.
L 06/14/2026 - 17:55:16: [l4d2_shop.smx] [LOAD]: "[T-T]MoY<2><STEAM_1:0:511491787><>" loaded the record successfully! Points: "14795"
L 06/14/2026 - 17:55:17: [l4d2_shop.smx] [LOAD]: "Beckand<129><STEAM_1:0:429990733><>" loaded the record successfully! Points: "20109"
L 06/14/2026 - 17:55:19: [l4d2_shop.smx] [LOAD]: "KING TEKA LAPEA BEBOTES<67><STEAM_1:1:782751932><>" loaded the record successfully! Points: "5050"
L 06/14/2026 - 17:55:19: [l4d2_shop.smx] [LOAD]: "Fredo<125><STEAM_1:0:42015651><>" loaded the record successfully! Points: "20984"
L 06/14/2026 - 17:55:21: [l4d2_shop.smx] [LOAD]: "zelamamani2020<51><STEAM_1:1:627117491><>" loaded the record successfully! Points: "15056"
L 06/14/2026 - 17:55:26: [l4d2_shop.smx] [LOAD]: "SENSEI SPOPOVICH<196><STEAM_1:0:798842444><>" loaded the record successfully! Points: "0"
L 06/14/2026 - 17:55:27: [l4d2_shop.smx] [LOAD]: "El Dani<181><STEAM_1:1:630673152><>" loaded the record successfully! Points: "0"
L 06/14/2026 - 17:55:45: [l4d_sm_respawn.smx] "[T-T]MoY<2><STEAM_1:0:511491787><>" teleported "Fredo<125><STEAM_1:0:42015651><>" after respawning him
L 06/14/2026 - 17:55:45: [l4d_sm_respawn.smx] "[T-T]MoY<2><STEAM_1:0:511491787><>" teleported "El Dani<181><STEAM_1:1:630673152><>" after respawning him
L 06/14/2026 - 17:55:55: [l4d2_shop.smx] [Buy]: "Fredo<125><STEAM_1:0:42015651><>" bought "Revivir (Costo actual: 50)" (price: "50"), remaining points: "20934"
L 06/14/2026 - 17:58:24: [l4d2_shop.smx] [UPDATE]: "[T-T]MoY<2><STEAM_1:0:511491787><>" saved. Points: "14797"
L 06/14/2026 - 17:58:24: [l4d2_shop.smx] UPDATE SpecialFunctions SET isEnabled = 1 WHERE steamId = 'STEAM_1:0:511491787' AND (functionNo = 'GRAY_AMMO' OR functionNo = 'BLUE_AMMO' OR functionNo = 'GOLD_AMMO')
L 06/14/2026 - 17:58:24: [l4d2_shop.smx] [UPDATE]: "zelamamani2020<51><STEAM_1:1:627117491><>" saved. Points: "15058"
L 06/14/2026 - 17:58:24: [l4d2_shop.smx] [UPDATE]: "Beckand<129><STEAM_1:0:429990733><>" saved. Points: "20111"
L 06/14/2026 - 17:58:24: [l4d2_shop.smx] [UPDATE]: "KING TEKA LAPEA BEBOTES<67><STEAM_1:1:782751932><>" saved. Points: "5052"
L 06/14/2026 - 17:58:24: [l4d2_shop.smx] [UPDATE]: "El Dani<181><STEAM_1:1:630673152><>" saved. Points: "2"
L 06/14/2026 - 17:58:24: [l4d2_shop.smx] [UPDATE]: "SENSEI SPOPOVICH<196><STEAM_1:0:798842444><>" saved. Points: "2"
L 06/14/2026 - 17:59:47: [l4d_sm_respawn.smx] "[T-T]MoY<2><STEAM_1:0:511491787><>" teleported "[T-T]MoY<2><STEAM_1:0:511491787><>" after respawning him
L 06/14/2026 - 17:59:50: [l4d_sm_respawn.smx] "[T-T]MoY<2><STEAM_1:0:511491787><>" teleported "zelamamani2020<51><STEAM_1:1:627117491><>" after respawning him
L 06/14/2026 - 17:59:51: [l4d_sm_respawn.smx] "[T-T]MoY<2><STEAM_1:0:511491787><>" teleported "El Dani<181><STEAM_1:1:630673152><>" after respawning him
L 06/14/2026 - 18:02:11: Log file closed.
