L 05/27/2026 - 17:23:01: SourceMod log file session started (file "d:\steamlibrary\steamapps\common\left 4 dead 2\left4dead2\addons\sourcemod\logs\L20260527.log") (Version "1.12.0.7207")
L 05/27/2026 - 17:23:01: [GEOIP] GeoIP2 database loaded: GeoLite2-ASN (2024-08-21 08:15:21 UTC) (d:\steamlibrary\steamapps\common\left 4 dead 2\left4dead2\addons\sourcemod\configs\geoip\GeoLite2-ASN.mmdb)
L 05/27/2026 - 17:23:01: [GEOIP] GeoIP2 supported languages: en
L 05/27/2026 - 17:23:01: [GEOIP] Your database is older than 90 days. You should consider downloading a newer version from e.g. https://dev.maxmind.com/geoip/geolite2-free-geolocation-data
L 05/27/2026 - 17:23:01: [l4d2_map_rotation.smx] [Rotation] Lista cargada con 5 campañas.
L 05/27/2026 - 17:23:03: [l4d_extinguisher.smx] 
==========
Warning: You should install "[L4D2] Scavenge Score Fix - Gascan Pouring" to prevent affecting the score when filling gas in Scavenge style events: https://forums.alliedmods.net/showthread.php?t=187686
==========

L 05/27/2026 - 17:23:03: [l4d_extinguisher.smx] 
==========
Warning: You should install "[L4D & L4D2] Use Priority Patch" to fix attached models blocking +USE action: https://forums.alliedmods.net/showthread.php?t=327511
==========

L 05/27/2026 - 17:23:19: [basecommands.smx] "Console<0><Console><Console>" changed cvar (cvar "sv_consistency") (value "0")
L 05/27/2026 - 17:23:19: [basecommands.smx] "Console<0><Console><Console>" changed cvar (cvar "sv_allow_lobby_connect_only") (value "0")
L 05/27/2026 - 17:23:19: [basecommands.smx] "Console<0><Console><Console>" changed cvar (cvar "sv_maxplayers") (value "8")
L 05/27/2026 - 17:23:19: [basecommands.smx] "Console<0><Console><Console>" changed cvar (cvar "sv_visiblemaxplayers") (value "-1")
L 05/27/2026 - 17:23:20: [chat-processor.smx] Message formats generated for game 'left4dead2'.
L 05/27/2026 - 17:23:20: [chat-processor.smx] Successfully hooked a SayText2 chat hook.
L 05/27/2026 - 17:23:26: [l4d2_shop.smx] [LOAD]: "[T-T]MoY<2><STEAM_ID_PENDING><>" loaded the record successfully! Points: "0"
L 05/27/2026 - 17:24:06: [basecommands.smx] "[T-T]MoY<2><STEAM_1:0:511491787><>" changed cvar (cvar "sv_gravity") (value "200")
L 05/27/2026 - 17:25:28: [l4d2_shop.smx] [UPDATE]: "[T-T]MoY<2><STEAM_1:0:511491787><>" saved. Points: "0"
L 05/27/2026 - 17:27:04: [l4d2_shop.smx] [UPDATE]: "[T-T]MoY<2><STEAM_1:0:511491787><>" saved. Points: "2"
L 05/27/2026 - 17:29:13: [l4d2_shop.smx] [UPDATE]: "[T-T]MoY<2><STEAM_1:0:511491787><>" saved. Points: "6"
L 05/27/2026 - 17:30:20: [l4d2_shop.smx] [UPDATE]: "[T-T]MoY<2><STEAM_1:0:511491787><>" saved. Points: "6"
L 05/27/2026 - 17:31:04: [l4d2_shop.smx] [UPDATE]: "[T-T]MoY<2><STEAM_1:0:511491787><>" saved. Points: "6"
L 05/27/2026 - 17:31:09: [l4d2_shop.smx] [INSERT]: "✰☠ ᴺᴬⱽᴵ ☠✰<25><STEAM_1:0:158202319><>" is a new user!!
L 05/27/2026 - 17:32:44: [l4d2_shop.smx] [UPDATE]: "[T-T]MoY<2><STEAM_1:0:511491787><>" saved. Points: "8"
L 05/27/2026 - 17:32:44: [l4d2_shop.smx] [UPDATE]: "✰☠ ᴺᴬⱽᴵ ☠✰<25><STEAM_1:0:158202319><>" saved. Points: "2"
L 05/27/2026 - 17:33:23: [l4d2_shop.smx] [UPDATE]: "[T-T]MoY<2><STEAM_1:0:511491787><>" saved. Points: "10"
L 05/27/2026 - 17:35:47: [l4d2_shop.smx] [UPDATE]: "[T-T]MoY<2><STEAM_1:0:511491787><>" saved. Points: "14"
L 05/27/2026 - 17:36:27: [l4d2_shop.smx] [INSERT]: "El último peruano<41><STEAM_1:0:739951710><>" is a new user!!
L 05/27/2026 - 17:37:53: [l4d2_shop.smx] [UPDATE]: "[T-T]MoY<2><STEAM_1:0:511491787><>" saved. Points: "16"
L 05/27/2026 - 17:37:53: [l4d2_shop.smx] [UPDATE]: "El último peruano<41><STEAM_1:0:739951710><>" saved. Points: "2"
L 05/27/2026 - 17:40:39: -------- Mapchange to dc2025_2 --------
L 05/27/2026 - 17:40:44: [basecommands.smx] "Console<0><Console><Console>" changed cvar (cvar "sv_consistency") (value "0")
L 05/27/2026 - 17:40:44: [basecommands.smx] "Console<0><Console><Console>" changed cvar (cvar "sv_allow_lobby_connect_only") (value "0")
L 05/27/2026 - 17:40:44: [basecommands.smx] "Console<0><Console><Console>" changed cvar (cvar "sv_maxplayers") (value "8")
L 05/27/2026 - 17:40:44: [basecommands.smx] "Console<0><Console><Console>" changed cvar (cvar "sv_visiblemaxplayers") (value "-1")
L 05/27/2026 - 17:40:45: [chat-processor.smx] Message formats generated for game 'left4dead2'.
L 05/27/2026 - 17:40:45: [chat-processor.smx] Successfully hooked a SayText2 chat hook.
L 05/27/2026 - 17:40:50: [l4d2_shop.smx] [LOAD]: "[T-T]MoY<2><STEAM_1:0:511491787><>" loaded the record successfully! Points: "16"
L 05/27/2026 - 17:41:13: [l4d2_shop.smx] [LOAD]: "El último peruano<41><STEAM_1:0:739951710><>" loaded the record successfully! Points: "2"
L 05/27/2026 - 17:45:09: [l4d2_shop.smx] [UPDATE]: "[T-T]MoY<2><STEAM_1:0:511491787><>" saved. Points: "22"
L 05/27/2026 - 17:45:09: [l4d2_shop.smx] UPDATE SpecialFunctions SET isEnabled = 1 WHERE steamId = 'STEAM_1:0:511491787' AND (functionNo = 'GRAY_AMMO' OR functionNo = 'BLUE_AMMO' OR functionNo = 'GOLD_AMMO')
L 05/27/2026 - 17:45:09: [l4d2_shop.smx] [UPDATE]: "El último peruano<41><STEAM_1:0:739951710><>" saved. Points: "8"
L 05/27/2026 - 17:48:23: [l4d2_shop.smx] [UPDATE]: "[T-T]MoY<2><STEAM_1:0:511491787><>" saved. Points: "30"
L 05/27/2026 - 17:48:23: [l4d2_shop.smx] UPDATE SpecialFunctions SET isEnabled = 1 WHERE steamId = 'STEAM_1:0:511491787' AND (functionNo = 'GRAY_AMMO' OR functionNo = 'BLUE_AMMO' OR functionNo = 'GOLD_AMMO')
L 05/27/2026 - 17:48:23: [l4d2_shop.smx] [UPDATE]: "El último peruano<41><STEAM_1:0:739951710><>" saved. Points: "16"
L 05/27/2026 - 17:49:11: [l4d2_shop.smx] [INSERT]: "steven caicedo<80><STEAM_1:1:914152451><>" is a new user!!
L 05/27/2026 - 17:50:01: [l4d2_shop.smx] [UPDATE]: "[T-T]MoY<2><STEAM_1:0:511491787><>" saved. Points: "30"
L 05/27/2026 - 17:50:01: [l4d2_shop.smx] UPDATE SpecialFunctions SET isEnabled = 1 WHERE steamId = 'STEAM_1:0:511491787' AND (functionNo = 'GRAY_AMMO' OR functionNo = 'BLUE_AMMO' OR functionNo = 'GOLD_AMMO')
L 05/27/2026 - 17:50:01: [l4d2_shop.smx] [UPDATE]: "El último peruano<41><STEAM_1:0:739951710><>" saved. Points: "19"
L 05/27/2026 - 17:50:01: [l4d2_shop.smx] [UPDATE]: "steven caicedo<80><STEAM_1:1:914152451><>" saved. Points: "0"
L 05/27/2026 - 17:53:16: [l4d2_shop.smx] [UPDATE]: "[T-T]MoY<2><STEAM_1:0:511491787><>" saved. Points: "40"
L 05/27/2026 - 17:53:16: [l4d2_shop.smx] UPDATE SpecialFunctions SET isEnabled = 1 WHERE steamId = 'STEAM_1:0:511491787' AND (functionNo = 'GRAY_AMMO' OR functionNo = 'BLUE_AMMO' OR functionNo = 'GOLD_AMMO')
L 05/27/2026 - 17:53:16: [l4d2_shop.smx] [UPDATE]: "El último peruano<41><STEAM_1:0:739951710><>" saved. Points: "29"
L 05/27/2026 - 17:53:16: [l4d2_shop.smx] [UPDATE]: "steven caicedo<80><STEAM_1:1:914152451><>" saved. Points: "22"
L 05/27/2026 - 17:56:25: [l4d2_shop.smx] [UPDATE]: "[T-T]MoY<2><STEAM_1:0:511491787><>" saved. Points: "46"
L 05/27/2026 - 17:56:25: [l4d2_shop.smx] UPDATE SpecialFunctions SET isEnabled = 1 WHERE steamId = 'STEAM_1:0:511491787' AND (functionNo = 'GRAY_AMMO' OR functionNo = 'BLUE_AMMO' OR functionNo = 'GOLD_AMMO')
L 05/27/2026 - 17:56:25: [l4d2_shop.smx] [UPDATE]: "El último peruano<41><STEAM_1:0:739951710><>" saved. Points: "35"
L 05/27/2026 - 17:56:25: [l4d2_shop.smx] [UPDATE]: "steven caicedo<80><STEAM_1:1:914152451><>" saved. Points: "28"
L 05/27/2026 - 17:59:09: [l4d2_shop.smx] [UPDATE]: "[T-T]MoY<2><STEAM_1:0:511491787><>" saved. Points: "50"
L 05/27/2026 - 17:59:09: [l4d2_shop.smx] UPDATE SpecialFunctions SET isEnabled = 1 WHERE steamId = 'STEAM_1:0:511491787' AND (functionNo = 'GRAY_AMMO' OR functionNo = 'BLUE_AMMO' OR functionNo = 'GOLD_AMMO')
L 05/27/2026 - 17:59:09: [l4d2_shop.smx] [UPDATE]: "steven caicedo<80><STEAM_1:1:914152451><>" saved. Points: "32"
L 05/27/2026 - 17:59:44: -------- Mapchange to c1m2_streets --------
L 05/27/2026 - 17:59:49: [basecommands.smx] "Console<0><Console><Console>" changed cvar (cvar "sv_consistency") (value "0")
L 05/27/2026 - 17:59:49: [basecommands.smx] "Console<0><Console><Console>" changed cvar (cvar "sv_allow_lobby_connect_only") (value "0")
L 05/27/2026 - 17:59:49: [basecommands.smx] "Console<0><Console><Console>" changed cvar (cvar "sv_maxplayers") (value "8")
L 05/27/2026 - 17:59:49: [basecommands.smx] "Console<0><Console><Console>" changed cvar (cvar "sv_visiblemaxplayers") (value "-1")
L 05/27/2026 - 17:59:49: [chat-processor.smx] Message formats generated for game 'left4dead2'.
L 05/27/2026 - 17:59:49: [chat-processor.smx] Successfully hooked a SayText2 chat hook.
L 05/27/2026 - 18:00:06: [l4d2_shop.smx] [LOAD]: "[T-T]MoY<112><STEAM_1:0:511491787><>" loaded the record successfully! Points: "50"
L 05/27/2026 - 18:03:25: [l4d2_shop.smx] [INSERT]: "PapiJJ<124><STEAM_1:0:752461509><>" is a new user!!
L 05/27/2026 - 18:03:33: [l4d2_shop.smx] [UPDATE]: "[T-T]MoY<112><STEAM_1:0:511491787><>" saved. Points: "64"
L 05/27/2026 - 18:03:33: [l4d2_shop.smx] UPDATE SpecialFunctions SET isEnabled = 1 WHERE steamId = 'STEAM_1:0:511491787' AND (functionNo = 'GRAY_AMMO' OR functionNo = 'BLUE_AMMO' OR functionNo = 'GOLD_AMMO')
L 05/27/2026 - 18:03:33: [l4d2_shop.smx] [UPDATE]: "PapiJJ<124><STEAM_1:0:752461509><>" saved. Points: "0"
L 05/27/2026 - 18:03:47: [l4d2_shop.smx] [INSERT]: "chumuslavia<126><STEAM_1:1:763520882><>" is a new user!!
L 05/27/2026 - 18:04:36: [l4d2_shop.smx] [INSERT]: "MosquitoGamer05<129><STEAM_1:1:846716479><>" is a new user!!
L 05/27/2026 - 18:05:19: [l4d2_shop.smx] [UPDATE]: "[T-T]MoY<112><STEAM_1:0:511491787><>" saved. Points: "74"
L 05/27/2026 - 18:05:19: [l4d2_shop.smx] UPDATE SpecialFunctions SET isEnabled = 1 WHERE steamId = 'STEAM_1:0:511491787' AND (functionNo = 'GRAY_AMMO' OR functionNo = 'BLUE_AMMO' OR functionNo = 'GOLD_AMMO')
L 05/27/2026 - 18:05:19: [l4d2_shop.smx] [UPDATE]: "MosquitoGamer05<129><STEAM_1:1:846716479><>" saved. Points: "4"
L 05/27/2026 - 18:09:33: -------- Mapchange to c1m3_mall --------
L 05/27/2026 - 18:09:38: [basecommands.smx] "Console<0><Console><Console>" changed cvar (cvar "sv_consistency") (value "0")
L 05/27/2026 - 18:09:38: [basecommands.smx] "Console<0><Console><Console>" changed cvar (cvar "sv_allow_lobby_connect_only") (value "0")
L 05/27/2026 - 18:09:38: [basecommands.smx] "Console<0><Console><Console>" changed cvar (cvar "sv_maxplayers") (value "8")
L 05/27/2026 - 18:09:38: [basecommands.smx] "Console<0><Console><Console>" changed cvar (cvar "sv_visiblemaxplayers") (value "-1")
L 05/27/2026 - 18:09:38: [chat-processor.smx] Message formats generated for game 'left4dead2'.
L 05/27/2026 - 18:09:38: [chat-processor.smx] Successfully hooked a SayText2 chat hook.
L 05/27/2026 - 18:09:55: [l4d2_shop.smx] [LOAD]: "[T-T]MoY<112><STEAM_1:0:511491787><>" loaded the record successfully! Points: "74"
L 05/27/2026 - 18:13:38: [l4d2_shop.smx] [INSERT]: "Keniel<160><STEAM_1:1:574771378><>" is a new user!!
L 05/27/2026 - 18:13:43: [l4d2_shop.smx] [UPDATE]: "[T-T]MoY<112><STEAM_1:0:511491787><>" saved. Points: "104"
L 05/27/2026 - 18:13:43: [l4d2_shop.smx] UPDATE SpecialFunctions SET isEnabled = 1 WHERE steamId = 'STEAM_1:0:511491787' AND (functionNo = 'GRAY_AMMO' OR functionNo = 'BLUE_AMMO' OR functionNo = 'GOLD_AMMO')
L 05/27/2026 - 18:13:43: [l4d2_shop.smx] [UPDATE]: "Keniel<160><STEAM_1:1:574771378><>" saved. Points: "6"
L 05/27/2026 - 18:14:32: [l4d2_shop.smx] [LOAD]: "KENJI<164><STEAM_1:0:891685735><>" loaded the record successfully! Points: "69"
L 05/27/2026 - 18:14:36: [l4d2_shop.smx] [INSERT]: "completo italiano<165><STEAM_1:0:396708777><>" is a new user!!
L 05/27/2026 - 18:14:55: [l4d2_shop.smx] [LOAD]: "alexitoelmascapito<166><STEAM_1:1:781312729><>" loaded the record successfully! Points: "0"
L 05/27/2026 - 18:16:14: [l4d2_shop.smx] [UPDATE]: "[T-T]MoY<112><STEAM_1:0:511491787><>" saved. Points: "108"
L 05/27/2026 - 18:16:14: [l4d2_shop.smx] UPDATE SpecialFunctions SET isEnabled = 1 WHERE steamId = 'STEAM_1:0:511491787' AND (functionNo = 'GRAY_AMMO' OR functionNo = 'BLUE_AMMO' OR functionNo = 'GOLD_AMMO')
L 05/27/2026 - 18:16:14: [l4d2_shop.smx] [UPDATE]: "alexitoelmascapito<166><STEAM_1:1:781312729><>" saved. Points: "4"
L 05/27/2026 - 18:16:34: [l4d2_shop.smx] [INSERT]: "Corimecha<177><STEAM_1:1:633010629><>" is a new user!!
L 05/27/2026 - 18:18:36: [l4d2_shop.smx] [UPDATE]: "[T-T]MoY<112><STEAM_1:0:511491787><>" saved. Points: "110"
L 05/27/2026 - 18:18:36: [l4d2_shop.smx] UPDATE SpecialFunctions SET isEnabled = 1 WHERE steamId = 'STEAM_1:0:511491787' AND (functionNo = 'GRAY_AMMO' OR functionNo = 'BLUE_AMMO' OR functionNo = 'GOLD_AMMO')
L 05/27/2026 - 18:18:36: [l4d2_shop.smx] [UPDATE]: "Corimecha<177><STEAM_1:1:633010629><>" saved. Points: "2"
L 05/27/2026 - 18:18:46: Log file closed.
L 05/27/2026 - 20:47:40: SourceMod log file session started (file "d:\steamlibrary\steamapps\common\left 4 dead 2\left4dead2\addons\sourcemod\logs\L20260527.log") (Version "1.12.0.7207")
L 05/27/2026 - 20:47:40: [GEOIP] GeoIP2 database loaded: GeoLite2-ASN (2024-08-21 08:15:21 UTC) (d:\steamlibrary\steamapps\common\left 4 dead 2\left4dead2\addons\sourcemod\configs\geoip\GeoLite2-ASN.mmdb)
L 05/27/2026 - 20:47:40: [GEOIP] GeoIP2 supported languages: en
L 05/27/2026 - 20:47:40: [GEOIP] Your database is older than 90 days. You should consider downloading a newer version from e.g. https://dev.maxmind.com/geoip/geolite2-free-geolocation-data
L 05/27/2026 - 20:47:40: [l4d2_map_rotation.smx] [Rotation] Lista cargada con 5 campañas.
L 05/27/2026 - 20:47:42: [l4d_extinguisher.smx] 
==========
Warning: You should install "[L4D2] Scavenge Score Fix - Gascan Pouring" to prevent affecting the score when filling gas in Scavenge style events: https://forums.alliedmods.net/showthread.php?t=187686
==========

L 05/27/2026 - 20:47:42: [l4d_extinguisher.smx] 
==========
Warning: You should install "[L4D & L4D2] Use Priority Patch" to fix attached models blocking +USE action: https://forums.alliedmods.net/showthread.php?t=327511
==========

L 05/27/2026 - 20:47:56: [basecommands.smx] "Console<0><Console><Console>" changed cvar (cvar "sv_consistency") (value "0")
L 05/27/2026 - 20:47:56: [basecommands.smx] "Console<0><Console><Console>" changed cvar (cvar "sv_allow_lobby_connect_only") (value "0")
L 05/27/2026 - 20:47:56: [basecommands.smx] "Console<0><Console><Console>" changed cvar (cvar "sv_maxplayers") (value "8")
L 05/27/2026 - 20:47:56: [basecommands.smx] "Console<0><Console><Console>" changed cvar (cvar "sv_visiblemaxplayers") (value "-1")
L 05/27/2026 - 20:47:56: [chat-processor.smx] Message formats generated for game 'left4dead2'.
L 05/27/2026 - 20:47:56: [chat-processor.smx] Successfully hooked a SayText2 chat hook.
L 05/27/2026 - 20:48:02: [l4d2_shop.smx] [LOAD]: "[T-T]MoY<2><STEAM_ID_PENDING><>" loaded the record successfully! Points: "0"
L 05/27/2026 - 20:48:51: [basecommands.smx] "[T-T]MoY<2><STEAM_1:0:511491787><>" changed cvar (cvar "sv_gravity") (value "200")
L 05/27/2026 - 20:49:44: [l4d2_shop.smx] [UPDATE]: "[T-T]MoY<2><STEAM_1:0:511491787><>" saved. Points: "0"
L 05/27/2026 - 20:52:12: [l4d2_shop.smx] [UPDATE]: "[T-T]MoY<2><STEAM_1:0:511491787><>" saved. Points: "4"
L 05/27/2026 - 20:54:22: [l4d2_shop.smx] [UPDATE]: "[T-T]MoY<2><STEAM_1:0:511491787><>" saved. Points: "9"
L 05/27/2026 - 20:55:03: [l4d2_shop.smx] [INSERT]: "salinas<20><STEAM_1:0:933230896><>" is a new user!!
L 05/27/2026 - 20:56:06: [l4d2_shop.smx] [UPDATE]: "[T-T]MoY<2><STEAM_1:0:511491787><>" saved. Points: "14"
L 05/27/2026 - 20:57:33: [l4d2_shop.smx] [UPDATE]: "[T-T]MoY<2><STEAM_1:0:511491787><>" saved. Points: "14"
L 05/27/2026 - 20:59:47: [l4d2_shop.smx] [LOAD]: "Alix_Sandre<33><STEAM_1:0:923850726><>" loaded the record successfully! Points: "10"
L 05/27/2026 - 21:01:15: [l4d2_shop.smx] [UPDATE]: "[T-T]MoY<2><STEAM_1:0:511491787><>" saved. Points: "22"
L 05/27/2026 - 21:01:15: [l4d2_shop.smx] [UPDATE]: "Alix_Sandre<33><STEAM_1:0:923850726><>" saved. Points: "10"
L 05/27/2026 - 21:01:56: [l4d2_shop.smx] [LOAD]: "Fredo<39><STEAM_1:0:42015651><>" loaded the record successfully! Points: "53"
L 05/27/2026 - 21:04:58: [l4d2_shop.smx] [UPDATE]: "[T-T]MoY<2><STEAM_1:0:511491787><>" saved. Points: "32"
L 05/27/2026 - 21:04:58: [l4d2_shop.smx] [UPDATE]: "Fredo<39><STEAM_1:0:42015651><>" saved. Points: "65"
L 05/27/2026 - 21:04:58: [l4d2_shop.smx] [UPDATE]: "Alix_Sandre<33><STEAM_1:0:923850726><>" saved. Points: "16"
L 05/27/2026 - 21:08:03: [l4d2_shop.smx] [UPDATE]: "[T-T]MoY<2><STEAM_1:0:511491787><>" saved. Points: "36"
L 05/27/2026 - 21:08:35: [l4d2_shop.smx] [UPDATE]: "[T-T]MoY<2><STEAM_1:0:511491787><>" saved. Points: "36"
L 05/27/2026 - 21:08:52: [basecommands.smx] "[T-T]MoY<2><STEAM_1:0:511491787><>" changed map to "c2m1_highway"
L 05/27/2026 - 21:08:55: [SM] Changed map to "c2m1_highway"
L 05/27/2026 - 21:08:57: -------- Mapchange to c2m1_highway --------
L 05/27/2026 - 21:09:01: [basecommands.smx] "Console<0><Console><Console>" changed cvar (cvar "sv_consistency") (value "0")
L 05/27/2026 - 21:09:01: [basecommands.smx] "Console<0><Console><Console>" changed cvar (cvar "sv_allow_lobby_connect_only") (value "0")
L 05/27/2026 - 21:09:01: [basecommands.smx] "Console<0><Console><Console>" changed cvar (cvar "sv_maxplayers") (value "8")
L 05/27/2026 - 21:09:01: [basecommands.smx] "Console<0><Console><Console>" changed cvar (cvar "sv_visiblemaxplayers") (value "-1")
L 05/27/2026 - 21:09:02: [chat-processor.smx] Message formats generated for game 'left4dead2'.
L 05/27/2026 - 21:09:02: [chat-processor.smx] Successfully hooked a SayText2 chat hook.
L 05/27/2026 - 21:09:19: [l4d2_shop.smx] [LOAD]: "[T-T]MoY<2><STEAM_1:0:511491787><>" loaded the record successfully! Points: "36"
L 05/27/2026 - 21:10:16: [l4d2_shop.smx] [UPDATE]: "[T-T]MoY<2><STEAM_1:0:511491787><>" saved. Points: "36"
L 05/27/2026 - 21:10:16: [l4d2_shop.smx] UPDATE SpecialFunctions SET isEnabled = 1 WHERE steamId = 'STEAM_1:0:511491787' AND (functionNo = 'GRAY_AMMO' OR functionNo = 'BLUE_AMMO' OR functionNo = 'GOLD_AMMO')
L 05/27/2026 - 21:12:38: [l4d2_shop.smx] [UPDATE]: "[T-T]MoY<2><STEAM_1:0:511491787><>" saved. Points: "38"
L 05/27/2026 - 21:12:38: [l4d2_shop.smx] UPDATE SpecialFunctions SET isEnabled = 1 WHERE steamId = 'STEAM_1:0:511491787' AND (functionNo = 'GRAY_AMMO' OR functionNo = 'BLUE_AMMO' OR functionNo = 'GOLD_AMMO')
L 05/27/2026 - 21:14:36: [l4d2_shop.smx] [UPDATE]: "[T-T]MoY<2><STEAM_1:0:511491787><>" saved. Points: "42"
L 05/27/2026 - 21:14:36: [l4d2_shop.smx] UPDATE SpecialFunctions SET isEnabled = 1 WHERE steamId = 'STEAM_1:0:511491787' AND (functionNo = 'GRAY_AMMO' OR functionNo = 'BLUE_AMMO' OR functionNo = 'GOLD_AMMO')
L 05/27/2026 - 21:14:56: [l4d2_shop.smx] [INSERT]: "HardCarry<79><STEAM_1:1:429917705><>" is a new user!!
L 05/27/2026 - 21:17:01: [l4d2_shop.smx] [UPDATE]: "[T-T]MoY<2><STEAM_1:0:511491787><>" saved. Points: "47"
L 05/27/2026 - 21:17:01: [l4d2_shop.smx] UPDATE SpecialFunctions SET isEnabled = 1 WHERE steamId = 'STEAM_1:0:511491787' AND (functionNo = 'GRAY_AMMO' OR functionNo = 'BLUE_AMMO' OR functionNo = 'GOLD_AMMO')
L 05/27/2026 - 21:17:09: Log file closed.
