L 01/10/2026 - 13:29:28: SourceMod log file session started (file "d:\steamlibrary\steamapps\common\left 4 dead 2\left4dead2\addons\sourcemod\logs\L20260110.log") (Version "1.12.0.7207")
L 01/10/2026 - 13:29:28: [GEOIP] GeoIP2 database loaded: GeoLite2-ASN (2024-08-21 08:15:21 UTC) (d:\steamlibrary\steamapps\common\left 4 dead 2\left4dead2\addons\sourcemod\configs\geoip\GeoLite2-ASN.mmdb)
L 01/10/2026 - 13:29:28: [GEOIP] GeoIP2 supported languages: en
L 01/10/2026 - 13:29:28: [GEOIP] Your database is older than 90 days. You should consider downloading a newer version from e.g. https://dev.maxmind.com/geoip/geolite2-free-geolocation-data
L 01/10/2026 - 13:29:36: [basecommands.smx] "Console<0><Console><Console>" changed cvar (cvar "sv_consistency") (value "0")
L 01/10/2026 - 13:29:36: [basecommands.smx] "Console<0><Console><Console>" changed cvar (cvar "sv_allow_lobby_connect_only") (value "0")
L 01/10/2026 - 13:29:36: [basecommands.smx] "Console<0><Console><Console>" changed cvar (cvar "sv_maxplayers") (value "8")
L 01/10/2026 - 13:29:36: [basecommands.smx] "Console<0><Console><Console>" changed cvar (cvar "sv_visiblemaxplayers") (value "-1")
L 01/10/2026 - 13:29:37: [chat-processor.smx] Message formats generated for game 'left4dead2'.
L 01/10/2026 - 13:29:37: [chat-processor.smx] Successfully hooked a SayText2 chat hook.
L 01/10/2026 - 13:30:24: [basecommands.smx] "[T-T]MoY<2><STEAM_1:0:511491787><>" changed cvar (cvar "sv_gravity") (value "200")
L 01/10/2026 - 13:32:12: [l4d_sm_respawn.smx] "[T-T]MoY<2><STEAM_1:0:511491787><>" teleported "Coach<5><BOT><>" after respawning him
L 01/10/2026 - 13:32:12: [l4d_sm_respawn.smx] "[T-T]MoY<2><STEAM_1:0:511491787><>" teleported "Rochelle<6><BOT><>" after respawning him
L 01/10/2026 - 13:33:28: -------- Mapchange to c1m2_streets --------
L 01/10/2026 - 13:33:32: [basecommands.smx] "Console<0><Console><Console>" changed cvar (cvar "sv_consistency") (value "0")
L 01/10/2026 - 13:33:32: [basecommands.smx] "Console<0><Console><Console>" changed cvar (cvar "sv_allow_lobby_connect_only") (value "0")
L 01/10/2026 - 13:33:32: [basecommands.smx] "Console<0><Console><Console>" changed cvar (cvar "sv_maxplayers") (value "8")
L 01/10/2026 - 13:33:32: [basecommands.smx] "Console<0><Console><Console>" changed cvar (cvar "sv_visiblemaxplayers") (value "-1")
L 01/10/2026 - 13:33:32: [chat-processor.smx] Message formats generated for game 'left4dead2'.
L 01/10/2026 - 13:33:32: [chat-processor.smx] Successfully hooked a SayText2 chat hook.
L 01/10/2026 - 13:35:22: [l4d_sm_respawn.smx] "[T-T]MoY<2><STEAM_1:0:511491787><>" teleported "deidadmiky<24><STEAM_1:0:714546745><>" after respawning him
L 01/10/2026 - 13:45:06: -------- Mapchange to c1m3_mall --------
L 01/10/2026 - 13:45:10: [basecommands.smx] "Console<0><Console><Console>" changed cvar (cvar "sv_consistency") (value "0")
L 01/10/2026 - 13:45:10: [basecommands.smx] "Console<0><Console><Console>" changed cvar (cvar "sv_allow_lobby_connect_only") (value "0")
L 01/10/2026 - 13:45:10: [basecommands.smx] "Console<0><Console><Console>" changed cvar (cvar "sv_maxplayers") (value "8")
L 01/10/2026 - 13:45:10: [basecommands.smx] "Console<0><Console><Console>" changed cvar (cvar "sv_visiblemaxplayers") (value "-1")
L 01/10/2026 - 13:45:10: [chat-processor.smx] Message formats generated for game 'left4dead2'.
L 01/10/2026 - 13:45:10: [chat-processor.smx] Successfully hooked a SayText2 chat hook.
L 01/10/2026 - 13:50:06: -------- Mapchange to c1m4_atrium --------
L 01/10/2026 - 13:50:10: [basecommands.smx] "Console<0><Console><Console>" changed cvar (cvar "sv_consistency") (value "0")
L 01/10/2026 - 13:50:10: [basecommands.smx] "Console<0><Console><Console>" changed cvar (cvar "sv_allow_lobby_connect_only") (value "0")
L 01/10/2026 - 13:50:10: [basecommands.smx] "Console<0><Console><Console>" changed cvar (cvar "sv_maxplayers") (value "8")
L 01/10/2026 - 13:50:10: [basecommands.smx] "Console<0><Console><Console>" changed cvar (cvar "sv_visiblemaxplayers") (value "-1")
L 01/10/2026 - 13:50:10: [chat-processor.smx] Message formats generated for game 'left4dead2'.
L 01/10/2026 - 13:50:10: [chat-processor.smx] Successfully hooked a SayText2 chat hook.
L 01/10/2026 - 13:54:19: [l4d_sm_respawn.smx] "[T-T]MoY<2><STEAM_1:0:511491787><>" teleported "XxkamikazexX<52><STEAM_1:1:623491125><>" after respawning him
L 01/10/2026 - 13:54:19: [l4d_sm_respawn.smx] "[T-T]MoY<2><STEAM_1:0:511491787><>" teleported "deidadmiky<24><STEAM_1:0:714546745><>" after respawning him
L 01/10/2026 - 13:54:20: [l4d_sm_respawn.smx] "[T-T]MoY<2><STEAM_1:0:511491787><>" teleported "Nick<124><BOT><>" after respawning him
L 01/10/2026 - 13:55:46: [l4d_sm_respawn.smx] "[T-T]MoY<2><STEAM_1:0:511491787><>" teleported "XxkamikazexX<52><STEAM_1:1:623491125><>" after respawning him
L 01/10/2026 - 13:55:47: [l4d_sm_respawn.smx] "[T-T]MoY<2><STEAM_1:0:511491787><>" teleported "coscux<117><STEAM_1:0:560560217><>" after respawning him
L 01/10/2026 - 13:57:25: [basecommands.smx] "[T-T]MoY<2><STEAM_1:0:511491787><>" changed map to "c2m1_highway"
L 01/10/2026 - 13:57:28: [SM] Changed map to "c2m1_highway"
L 01/10/2026 - 13:57:30: -------- Mapchange to c2m1_highway --------
L 01/10/2026 - 13:57:33: [basecommands.smx] "Console<0><Console><Console>" changed cvar (cvar "sv_consistency") (value "0")
L 01/10/2026 - 13:57:33: [basecommands.smx] "Console<0><Console><Console>" changed cvar (cvar "sv_allow_lobby_connect_only") (value "0")
L 01/10/2026 - 13:57:33: [basecommands.smx] "Console<0><Console><Console>" changed cvar (cvar "sv_maxplayers") (value "8")
L 01/10/2026 - 13:57:33: [basecommands.smx] "Console<0><Console><Console>" changed cvar (cvar "sv_visiblemaxplayers") (value "-1")
L 01/10/2026 - 13:57:34: [chat-processor.smx] Message formats generated for game 'left4dead2'.
L 01/10/2026 - 13:57:34: [chat-processor.smx] Successfully hooked a SayText2 chat hook.
L 01/10/2026 - 14:01:14: -------- Mapchange to c2m2_fairgrounds --------
L 01/10/2026 - 14:01:18: [basecommands.smx] "Console<0><Console><Console>" changed cvar (cvar "sv_consistency") (value "0")
L 01/10/2026 - 14:01:18: [basecommands.smx] "Console<0><Console><Console>" changed cvar (cvar "sv_allow_lobby_connect_only") (value "0")
L 01/10/2026 - 14:01:18: [basecommands.smx] "Console<0><Console><Console>" changed cvar (cvar "sv_maxplayers") (value "8")
L 01/10/2026 - 14:01:18: [basecommands.smx] "Console<0><Console><Console>" changed cvar (cvar "sv_visiblemaxplayers") (value "-1")
L 01/10/2026 - 14:01:18: [chat-processor.smx] Message formats generated for game 'left4dead2'.
L 01/10/2026 - 14:01:18: [chat-processor.smx] Successfully hooked a SayText2 chat hook.
L 01/10/2026 - 14:08:04: -------- Mapchange to c2m3_coaster --------
L 01/10/2026 - 14:08:07: [basecommands.smx] "Console<0><Console><Console>" changed cvar (cvar "sv_consistency") (value "0")
L 01/10/2026 - 14:08:07: [basecommands.smx] "Console<0><Console><Console>" changed cvar (cvar "sv_allow_lobby_connect_only") (value "0")
L 01/10/2026 - 14:08:07: [basecommands.smx] "Console<0><Console><Console>" changed cvar (cvar "sv_maxplayers") (value "8")
L 01/10/2026 - 14:08:07: [basecommands.smx] "Console<0><Console><Console>" changed cvar (cvar "sv_visiblemaxplayers") (value "-1")
L 01/10/2026 - 14:08:07: [chat-processor.smx] Message formats generated for game 'left4dead2'.
L 01/10/2026 - 14:08:07: [chat-processor.smx] Successfully hooked a SayText2 chat hook.
L 01/10/2026 - 14:17:12: -------- Mapchange to c2m4_barns --------
L 01/10/2026 - 14:17:15: [basecommands.smx] "Console<0><Console><Console>" changed cvar (cvar "sv_consistency") (value "0")
L 01/10/2026 - 14:17:15: [basecommands.smx] "Console<0><Console><Console>" changed cvar (cvar "sv_allow_lobby_connect_only") (value "0")
L 01/10/2026 - 14:17:15: [basecommands.smx] "Console<0><Console><Console>" changed cvar (cvar "sv_maxplayers") (value "8")
L 01/10/2026 - 14:17:15: [basecommands.smx] "Console<0><Console><Console>" changed cvar (cvar "sv_visiblemaxplayers") (value "-1")
L 01/10/2026 - 14:17:15: [chat-processor.smx] Message formats generated for game 'left4dead2'.
L 01/10/2026 - 14:17:15: [chat-processor.smx] Successfully hooked a SayText2 chat hook.
L 01/10/2026 - 14:22:13: -------- Mapchange to c2m5_concert --------
L 01/10/2026 - 14:22:16: [basecommands.smx] "Console<0><Console><Console>" changed cvar (cvar "sv_consistency") (value "0")
L 01/10/2026 - 14:22:16: [basecommands.smx] "Console<0><Console><Console>" changed cvar (cvar "sv_allow_lobby_connect_only") (value "0")
L 01/10/2026 - 14:22:16: [basecommands.smx] "Console<0><Console><Console>" changed cvar (cvar "sv_maxplayers") (value "8")
L 01/10/2026 - 14:22:16: [basecommands.smx] "Console<0><Console><Console>" changed cvar (cvar "sv_visiblemaxplayers") (value "-1")
L 01/10/2026 - 14:22:16: [chat-processor.smx] Message formats generated for game 'left4dead2'.
L 01/10/2026 - 14:22:16: [chat-processor.smx] Successfully hooked a SayText2 chat hook.
L 01/10/2026 - 14:23:38: Log file closed.
