L 04/07/2026 - 23:57:45: SourceMod log file session started (file "d:\steamlibrary\steamapps\common\left 4 dead 2\left4dead2\addons\sourcemod\logs\L20260407.log") (Version "1.12.0.7207")
L 04/07/2026 - 23:57:45: [GEOIP] GeoIP2 database loaded: GeoLite2-ASN (2024-08-21 08:15:21 UTC) (d:\steamlibrary\steamapps\common\left 4 dead 2\left4dead2\addons\sourcemod\configs\geoip\GeoLite2-ASN.mmdb)
L 04/07/2026 - 23:57:45: [GEOIP] GeoIP2 supported languages: en
L 04/07/2026 - 23:57:45: [GEOIP] Your database is older than 90 days. You should consider downloading a newer version from e.g. https://dev.maxmind.com/geoip/geolite2-free-geolocation-data
L 04/07/2026 - 23:57:45: [l4d2_map_rotation.smx] [Rotation] Lista cargada con 5 campañas.
L 04/07/2026 - 23:57:46: [l4d_extinguisher.smx] 
==========
Warning: You should install "[L4D2] Scavenge Score Fix - Gascan Pouring" to prevent affecting the score when filling gas in Scavenge style events: https://forums.alliedmods.net/showthread.php?t=187686
==========

L 04/07/2026 - 23:57:46: [l4d_extinguisher.smx] 
==========
Warning: You should install "[L4D & L4D2] Use Priority Patch" to fix attached models blocking +USE action: https://forums.alliedmods.net/showthread.php?t=327511
==========

L 04/07/2026 - 23:57:57: [basecommands.smx] "Console<0><Console><Console>" changed cvar (cvar "sv_consistency") (value "0")
L 04/07/2026 - 23:57:57: [basecommands.smx] "Console<0><Console><Console>" changed cvar (cvar "sv_allow_lobby_connect_only") (value "0")
L 04/07/2026 - 23:57:57: [basecommands.smx] "Console<0><Console><Console>" changed cvar (cvar "sv_maxplayers") (value "8")
L 04/07/2026 - 23:57:57: [basecommands.smx] "Console<0><Console><Console>" changed cvar (cvar "sv_visiblemaxplayers") (value "-1")
L 04/07/2026 - 23:57:57: [chat-processor.smx] Message formats generated for game 'left4dead2'.
L 04/07/2026 - 23:57:57: [chat-processor.smx] Successfully hooked a SayText2 chat hook.
L 04/07/2026 - 23:58:28: [l4d2_shop.smx] [LOAD]: "[T-T]MoY<2><STEAM_1:0:511491787><>" loaded the record successfully! Points: "25"
L 04/07/2026 - 23:58:43: [basecommands.smx] "[T-T]MoY<2><STEAM_1:0:511491787><>" changed cvar (cvar "sv_gravity") (value "200")
L 04/07/2026 - 23:58:47: [l4d2_shop.smx] [INSERT]: "no<3><STEAM_1:0:668610369><>" is a new user!!
L 04/07/2026 - 23:59:30: [l4d2_shop.smx] [INSERT]: "LA FRANCISCA<7><STEAM_1:0:919013486><>" is a new user!!
L 04/08/2026 - 00:00:02: Log file closed.
