L 04/09/2026 - 16:52:28: SourceMod log file session started (file "d:\steamlibrary\steamapps\common\left 4 dead 2\left4dead2\addons\sourcemod\logs\L20260409.log") (Version "1.12.0.7207")
L 04/09/2026 - 16:52:28: [GEOIP] GeoIP2 database loaded: GeoLite2-ASN (2024-08-21 08:15:21 UTC) (d:\steamlibrary\steamapps\common\left 4 dead 2\left4dead2\addons\sourcemod\configs\geoip\GeoLite2-ASN.mmdb)
L 04/09/2026 - 16:52:28: [GEOIP] GeoIP2 supported languages: en
L 04/09/2026 - 16:52:28: [GEOIP] Your database is older than 90 days. You should consider downloading a newer version from e.g. https://dev.maxmind.com/geoip/geolite2-free-geolocation-data
L 04/09/2026 - 16:52:29: [l4d2_map_rotation.smx] [Rotation] Lista cargada con 5 campañas.
L 04/09/2026 - 16:52:30: [l4d_extinguisher.smx] 
==========
Warning: You should install "[L4D2] Scavenge Score Fix - Gascan Pouring" to prevent affecting the score when filling gas in Scavenge style events: https://forums.alliedmods.net/showthread.php?t=187686
==========

L 04/09/2026 - 16:52:30: [l4d_extinguisher.smx] 
==========
Warning: You should install "[L4D & L4D2] Use Priority Patch" to fix attached models blocking +USE action: https://forums.alliedmods.net/showthread.php?t=327511
==========

L 04/09/2026 - 16:52:41: [basecommands.smx] "Console<0><Console><Console>" changed cvar (cvar "sv_consistency") (value "0")
L 04/09/2026 - 16:52:41: [basecommands.smx] "Console<0><Console><Console>" changed cvar (cvar "sv_allow_lobby_connect_only") (value "0")
L 04/09/2026 - 16:52:41: [basecommands.smx] "Console<0><Console><Console>" changed cvar (cvar "sv_maxplayers") (value "8")
L 04/09/2026 - 16:52:41: [basecommands.smx] "Console<0><Console><Console>" changed cvar (cvar "sv_visiblemaxplayers") (value "-1")
L 04/09/2026 - 16:52:41: [chat-processor.smx] Message formats generated for game 'left4dead2'.
L 04/09/2026 - 16:52:41: [chat-processor.smx] Successfully hooked a SayText2 chat hook.
L 04/09/2026 - 16:53:12: [l4d2_shop.smx] [LOAD]: "[T-T]MoY<2><STEAM_ID_PENDING><>" loaded the record successfully! Points: "0"
L 04/09/2026 - 16:53:51: [basecommands.smx] "[T-T]MoY<2><STEAM_1:0:511491787><>" changed cvar (cvar "sv_gravity") (value "200")
L 04/09/2026 - 16:54:08: [basecommands.smx] "[T-T]MoY<2><STEAM_1:0:511491787><>" changed map to "c1m4_atrium"
L 04/09/2026 - 16:54:11: [SM] Changed map to "c1m4_atrium"
L 04/09/2026 - 16:54:13: -------- Mapchange to c1m4_atrium --------
L 04/09/2026 - 16:54:18: [basecommands.smx] "Console<0><Console><Console>" changed cvar (cvar "sv_consistency") (value "0")
L 04/09/2026 - 16:54:18: [basecommands.smx] "Console<0><Console><Console>" changed cvar (cvar "sv_allow_lobby_connect_only") (value "0")
L 04/09/2026 - 16:54:18: [basecommands.smx] "Console<0><Console><Console>" changed cvar (cvar "sv_maxplayers") (value "8")
L 04/09/2026 - 16:54:18: [basecommands.smx] "Console<0><Console><Console>" changed cvar (cvar "sv_visiblemaxplayers") (value "-1")
L 04/09/2026 - 16:54:18: [chat-processor.smx] Message formats generated for game 'left4dead2'.
L 04/09/2026 - 16:54:18: [chat-processor.smx] Successfully hooked a SayText2 chat hook.
L 04/09/2026 - 16:54:48: [l4d2_shop.smx] [LOAD]: "[T-T]MoY<2><STEAM_1:0:511491787><>" loaded the record successfully! Points: "56"
L 04/09/2026 - 16:55:21: [playercommands.smx] "[T-T]MoY<2><STEAM_1:0:511491787><>" slayed "Coach<6><BOT><>"
L 04/09/2026 - 16:55:22: [playercommands.smx] "[T-T]MoY<2><STEAM_1:0:511491787><>" slayed "Rochelle<7><BOT><>"
L 04/09/2026 - 16:55:22: [playercommands.smx] "[T-T]MoY<2><STEAM_1:0:511491787><>" slayed "Ellis<8><BOT><>"
L 04/09/2026 - 16:55:22: [playercommands.smx] "[T-T]MoY<2><STEAM_1:0:511491787><>" slayed "Tank<9><BOT><>"
L 04/09/2026 - 16:57:14: [basecommands.smx] "[T-T]MoY<2><STEAM_1:0:511491787><>" changed map to "c2m5_concert"
L 04/09/2026 - 16:57:17: [SM] Changed map to "c2m5_concert"
L 04/09/2026 - 16:57:19: -------- Mapchange to c2m5_concert --------
L 04/09/2026 - 16:57:23: [basecommands.smx] "Console<0><Console><Console>" changed cvar (cvar "sv_consistency") (value "0")
L 04/09/2026 - 16:57:23: [basecommands.smx] "Console<0><Console><Console>" changed cvar (cvar "sv_allow_lobby_connect_only") (value "0")
L 04/09/2026 - 16:57:23: [basecommands.smx] "Console<0><Console><Console>" changed cvar (cvar "sv_maxplayers") (value "8")
L 04/09/2026 - 16:57:23: [basecommands.smx] "Console<0><Console><Console>" changed cvar (cvar "sv_visiblemaxplayers") (value "-1")
L 04/09/2026 - 16:57:24: [chat-processor.smx] Message formats generated for game 'left4dead2'.
L 04/09/2026 - 16:57:24: [chat-processor.smx] Successfully hooked a SayText2 chat hook.
L 04/09/2026 - 16:57:39: [l4d2_shop.smx] [LOAD]: "[T-T]MoY<2><STEAM_1:0:511491787><>" loaded the record successfully! Points: "56"
L 04/09/2026 - 16:57:59: [funcommands.smx] "[T-T]MoY<2><STEAM_1:0:511491787><>" toggled noclip on "[T-T]MoY<2><STEAM_1:0:511491787><>"
L 04/09/2026 - 16:58:01: [funcommands.smx] "[T-T]MoY<2><STEAM_1:0:511491787><>" toggled noclip on "[T-T]MoY<2><STEAM_1:0:511491787><>"
L 04/09/2026 - 16:58:03: [funcommands.smx] "[T-T]MoY<2><STEAM_1:0:511491787><>" toggled noclip on "[T-T]MoY<2><STEAM_1:0:511491787><>"
L 04/09/2026 - 16:58:04: [funcommands.smx] "[T-T]MoY<2><STEAM_1:0:511491787><>" toggled noclip on "[T-T]MoY<2><STEAM_1:0:511491787><>"
L 04/09/2026 - 16:59:25: [l4d2_shop.smx] [UPDATE]: "[T-T]MoY<2><STEAM_1:0:511491787><>" saved. Points: "58"
L 04/09/2026 - 16:59:25: [l4d2_shop.smx] UPDATE SpecialFunctions SET isEnabled = 1 WHERE steamId = 'STEAM_1:0:511491787' AND (functionNo = 'BLUE_AMMO' OR functionNo = 'GOLD_AMMO')
L 04/09/2026 - 16:59:33: Log file closed.
L 04/09/2026 - 17:22:59: SourceMod log file session started (file "d:\steamlibrary\steamapps\common\left 4 dead 2\left4dead2\addons\sourcemod\logs\L20260409.log") (Version "1.12.0.7207")
L 04/09/2026 - 17:22:59: [GEOIP] GeoIP2 database loaded: GeoLite2-ASN (2024-08-21 08:15:21 UTC) (d:\steamlibrary\steamapps\common\left 4 dead 2\left4dead2\addons\sourcemod\configs\geoip\GeoLite2-ASN.mmdb)
L 04/09/2026 - 17:22:59: [GEOIP] GeoIP2 supported languages: en
L 04/09/2026 - 17:22:59: [GEOIP] Your database is older than 90 days. You should consider downloading a newer version from e.g. https://dev.maxmind.com/geoip/geolite2-free-geolocation-data
L 04/09/2026 - 17:22:59: [l4d2_map_rotation.smx] [Rotation] Lista cargada con 5 campañas.
L 04/09/2026 - 17:23:01: [l4d_extinguisher.smx] 
==========
Warning: You should install "[L4D2] Scavenge Score Fix - Gascan Pouring" to prevent affecting the score when filling gas in Scavenge style events: https://forums.alliedmods.net/showthread.php?t=187686
==========

L 04/09/2026 - 17:23:01: [l4d_extinguisher.smx] 
==========
Warning: You should install "[L4D & L4D2] Use Priority Patch" to fix attached models blocking +USE action: https://forums.alliedmods.net/showthread.php?t=327511
==========

L 04/09/2026 - 17:23:06: [basecommands.smx] "Console<0><Console><Console>" changed cvar (cvar "sv_consistency") (value "0")
L 04/09/2026 - 17:23:06: [basecommands.smx] "Console<0><Console><Console>" changed cvar (cvar "sv_allow_lobby_connect_only") (value "0")
L 04/09/2026 - 17:23:06: [basecommands.smx] "Console<0><Console><Console>" changed cvar (cvar "sv_maxplayers") (value "8")
L 04/09/2026 - 17:23:06: [basecommands.smx] "Console<0><Console><Console>" changed cvar (cvar "sv_visiblemaxplayers") (value "-1")
L 04/09/2026 - 17:23:06: [chat-processor.smx] Message formats generated for game 'left4dead2'.
L 04/09/2026 - 17:23:06: [chat-processor.smx] Successfully hooked a SayText2 chat hook.
L 04/09/2026 - 17:23:22: [l4d2_shop.smx] [LOAD]: "[T-T]MoY<2><STEAM_ID_PENDING><>" loaded the record successfully! Points: "0"
L 04/09/2026 - 17:23:47: [funcommands.smx] "[T-T]MoY<2><STEAM_1:0:511491787><>" toggled noclip on "[T-T]MoY<2><STEAM_1:0:511491787><>"
L 04/09/2026 - 17:23:50: [funcommands.smx] "[T-T]MoY<2><STEAM_1:0:511491787><>" toggled noclip on "[T-T]MoY<2><STEAM_1:0:511491787><>"
L 04/09/2026 - 17:23:56: [basecommands.smx] "[T-T]MoY<2><STEAM_1:0:511491787><>" changed cvar (cvar "sv_gravity") (value "200")
L 04/09/2026 - 17:24:00: [playercommands.smx] "[T-T]MoY<2><STEAM_1:0:511491787><>" slayed "Rochelle<4><BOT><>"
L 04/09/2026 - 17:24:00: [playercommands.smx] "[T-T]MoY<2><STEAM_1:0:511491787><>" slayed "Coach<5><BOT><>"
L 04/09/2026 - 17:24:01: [playercommands.smx] "[T-T]MoY<2><STEAM_1:0:511491787><>" slayed "Tank<6><BOT><>"
L 04/09/2026 - 17:24:01: [playercommands.smx] "[T-T]MoY<2><STEAM_1:0:511491787><>" slayed "(1)Tank<7><BOT><>"
L 04/09/2026 - 17:24:24: [playercommands.smx] "[T-T]MoY<2><STEAM_1:0:511491787><>" slayed "Tank<8><BOT><>"
L 04/09/2026 - 17:25:06: Log file closed.
L 04/09/2026 - 17:29:36: SourceMod log file session started (file "d:\steamlibrary\steamapps\common\left 4 dead 2\left4dead2\addons\sourcemod\logs\L20260409.log") (Version "1.12.0.7207")
L 04/09/2026 - 17:29:36: [GEOIP] GeoIP2 database loaded: GeoLite2-ASN (2024-08-21 08:15:21 UTC) (d:\steamlibrary\steamapps\common\left 4 dead 2\left4dead2\addons\sourcemod\configs\geoip\GeoLite2-ASN.mmdb)
L 04/09/2026 - 17:29:36: [GEOIP] GeoIP2 supported languages: en
L 04/09/2026 - 17:29:36: [GEOIP] Your database is older than 90 days. You should consider downloading a newer version from e.g. https://dev.maxmind.com/geoip/geolite2-free-geolocation-data
L 04/09/2026 - 17:29:36: [l4d2_map_rotation.smx] [Rotation] Lista cargada con 5 campañas.
L 04/09/2026 - 17:29:37: [l4d_extinguisher.smx] 
==========
Warning: You should install "[L4D2] Scavenge Score Fix - Gascan Pouring" to prevent affecting the score when filling gas in Scavenge style events: https://forums.alliedmods.net/showthread.php?t=187686
==========

L 04/09/2026 - 17:29:37: [l4d_extinguisher.smx] 
==========
Warning: You should install "[L4D & L4D2] Use Priority Patch" to fix attached models blocking +USE action: https://forums.alliedmods.net/showthread.php?t=327511
==========

L 04/09/2026 - 17:29:42: [basecommands.smx] "Console<0><Console><Console>" changed cvar (cvar "sv_consistency") (value "0")
L 04/09/2026 - 17:29:42: [basecommands.smx] "Console<0><Console><Console>" changed cvar (cvar "sv_allow_lobby_connect_only") (value "0")
L 04/09/2026 - 17:29:42: [basecommands.smx] "Console<0><Console><Console>" changed cvar (cvar "sv_maxplayers") (value "8")
L 04/09/2026 - 17:29:42: [basecommands.smx] "Console<0><Console><Console>" changed cvar (cvar "sv_visiblemaxplayers") (value "-1")
L 04/09/2026 - 17:29:43: [chat-processor.smx] Message formats generated for game 'left4dead2'.
L 04/09/2026 - 17:29:43: [chat-processor.smx] Successfully hooked a SayText2 chat hook.
L 04/09/2026 - 17:29:58: [l4d2_shop.smx] [LOAD]: "[T-T]MoY<2><STEAM_1:0:511491787><>" loaded the record successfully! Points: "58"
L 04/09/2026 - 17:30:17: [basecommands.smx] "[T-T]MoY<2><STEAM_1:0:511491787><>" changed cvar (cvar "sv_gravity") (value "200")
L 04/09/2026 - 17:30:20: [playercommands.smx] "[T-T]MoY<2><STEAM_1:0:511491787><>" slayed "Ellis<3><BOT><>"
L 04/09/2026 - 17:30:21: [playercommands.smx] "[T-T]MoY<2><STEAM_1:0:511491787><>" slayed "Rochelle<4><BOT><>"
L 04/09/2026 - 17:30:21: [playercommands.smx] "[T-T]MoY<2><STEAM_1:0:511491787><>" slayed "Coach<5><BOT><>"
L 04/09/2026 - 17:30:29: [funcommands.smx] "[T-T]MoY<2><STEAM_1:0:511491787><>" toggled noclip on "[T-T]MoY<2><STEAM_1:0:511491787><>"
L 04/09/2026 - 17:30:34: [funcommands.smx] "[T-T]MoY<2><STEAM_1:0:511491787><>" toggled noclip on "[T-T]MoY<2><STEAM_1:0:511491787><>"
L 04/09/2026 - 17:30:40: [funcommands.smx] "[T-T]MoY<2><STEAM_1:0:511491787><>" toggled noclip on "[T-T]MoY<2><STEAM_1:0:511491787><>"
L 04/09/2026 - 17:30:42: [funcommands.smx] "[T-T]MoY<2><STEAM_1:0:511491787><>" toggled noclip on "[T-T]MoY<2><STEAM_1:0:511491787><>"
L 04/09/2026 - 17:30:45: [funcommands.smx] "[T-T]MoY<2><STEAM_1:0:511491787><>" toggled noclip on "[T-T]MoY<2><STEAM_1:0:511491787><>"
L 04/09/2026 - 17:30:46: [funcommands.smx] "[T-T]MoY<2><STEAM_1:0:511491787><>" toggled noclip on "[T-T]MoY<2><STEAM_1:0:511491787><>"
L 04/09/2026 - 17:31:08: [funcommands.smx] "[T-T]MoY<2><STEAM_1:0:511491787><>" toggled noclip on "[T-T]MoY<2><STEAM_1:0:511491787><>"
L 04/09/2026 - 17:31:11: [funcommands.smx] "[T-T]MoY<2><STEAM_1:0:511491787><>" toggled noclip on "[T-T]MoY<2><STEAM_1:0:511491787><>"
L 04/09/2026 - 17:31:12: [funcommands.smx] "[T-T]MoY<2><STEAM_1:0:511491787><>" toggled noclip on "[T-T]MoY<2><STEAM_1:0:511491787><>"
L 04/09/2026 - 17:31:12: [funcommands.smx] "[T-T]MoY<2><STEAM_1:0:511491787><>" toggled noclip on "[T-T]MoY<2><STEAM_1:0:511491787><>"
L 04/09/2026 - 17:31:13: [funcommands.smx] "[T-T]MoY<2><STEAM_1:0:511491787><>" toggled noclip on "[T-T]MoY<2><STEAM_1:0:511491787><>"
L 04/09/2026 - 17:31:15: [funcommands.smx] "[T-T]MoY<2><STEAM_1:0:511491787><>" toggled noclip on "[T-T]MoY<2><STEAM_1:0:511491787><>"
L 04/09/2026 - 17:31:35: [l4d2_shop.smx] [UPDATE]: "[T-T]MoY<2><STEAM_1:0:511491787><>" saved. Points: "60"
L 04/09/2026 - 17:31:35: [l4d2_shop.smx] UPDATE SpecialFunctions SET isEnabled = 1 WHERE steamId = 'STEAM_1:0:511491787' AND (functionNo = 'BLUE_AMMO' OR functionNo = 'GOLD_AMMO')
L 04/09/2026 - 17:31:55: [funcommands.smx] "[T-T]MoY<2><STEAM_1:0:511491787><>" toggled noclip on "[T-T]MoY<2><STEAM_1:0:511491787><>"
L 04/09/2026 - 17:31:57: [funcommands.smx] "[T-T]MoY<2><STEAM_1:0:511491787><>" toggled noclip on "[T-T]MoY<2><STEAM_1:0:511491787><>"
L 04/09/2026 - 17:35:21: SourceMod log file session started (file "d:\steamlibrary\steamapps\common\left 4 dead 2\left4dead2\addons\sourcemod\logs\L20260409.log") (Version "1.12.0.7207")
L 04/09/2026 - 17:35:21: [GEOIP] GeoIP2 database loaded: GeoLite2-ASN (2024-08-21 08:15:21 UTC) (d:\steamlibrary\steamapps\common\left 4 dead 2\left4dead2\addons\sourcemod\configs\geoip\GeoLite2-ASN.mmdb)
L 04/09/2026 - 17:35:21: [GEOIP] GeoIP2 supported languages: en
L 04/09/2026 - 17:35:21: [GEOIP] Your database is older than 90 days. You should consider downloading a newer version from e.g. https://dev.maxmind.com/geoip/geolite2-free-geolocation-data
L 04/09/2026 - 17:35:21: [l4d2_map_rotation.smx] [Rotation] Lista cargada con 5 campañas.
L 04/09/2026 - 17:35:22: [l4d_extinguisher.smx] 
==========
Warning: You should install "[L4D2] Scavenge Score Fix - Gascan Pouring" to prevent affecting the score when filling gas in Scavenge style events: https://forums.alliedmods.net/showthread.php?t=187686
==========

L 04/09/2026 - 17:35:22: [l4d_extinguisher.smx] 
==========
Warning: You should install "[L4D & L4D2] Use Priority Patch" to fix attached models blocking +USE action: https://forums.alliedmods.net/showthread.php?t=327511
==========

L 04/09/2026 - 17:35:27: [basecommands.smx] "Console<0><Console><Console>" changed cvar (cvar "sv_consistency") (value "0")
L 04/09/2026 - 17:35:27: [basecommands.smx] "Console<0><Console><Console>" changed cvar (cvar "sv_allow_lobby_connect_only") (value "0")
L 04/09/2026 - 17:35:27: [basecommands.smx] "Console<0><Console><Console>" changed cvar (cvar "sv_maxplayers") (value "8")
L 04/09/2026 - 17:35:27: [basecommands.smx] "Console<0><Console><Console>" changed cvar (cvar "sv_visiblemaxplayers") (value "-1")
L 04/09/2026 - 17:35:27: [chat-processor.smx] Message formats generated for game 'left4dead2'.
L 04/09/2026 - 17:35:27: [chat-processor.smx] Successfully hooked a SayText2 chat hook.
L 04/09/2026 - 17:35:43: [l4d2_shop.smx] [LOAD]: "[T-T]MoY<2><STEAM_1:0:511491787><>" loaded the record successfully! Points: "60"
L 04/09/2026 - 17:36:56: -------- Mapchange to c2m5_concert --------
L 04/09/2026 - 17:37:00: [basecommands.smx] "Console<0><Console><Console>" changed cvar (cvar "sv_consistency") (value "0")
L 04/09/2026 - 17:37:00: [basecommands.smx] "Console<0><Console><Console>" changed cvar (cvar "sv_allow_lobby_connect_only") (value "0")
L 04/09/2026 - 17:37:00: [basecommands.smx] "Console<0><Console><Console>" changed cvar (cvar "sv_maxplayers") (value "8")
L 04/09/2026 - 17:37:00: [basecommands.smx] "Console<0><Console><Console>" changed cvar (cvar "sv_visiblemaxplayers") (value "-1")
L 04/09/2026 - 17:37:01: [chat-processor.smx] Message formats generated for game 'left4dead2'.
L 04/09/2026 - 17:37:01: [chat-processor.smx] Successfully hooked a SayText2 chat hook.
L 04/09/2026 - 17:37:07: [l4d2_shop.smx] [LOAD]: "[T-T]MoY<6><STEAM_ID_PENDING><>" loaded the record successfully! Points: "0"
L 04/09/2026 - 17:38:02: -------- Mapchange to c2m5_concert --------
L 04/09/2026 - 17:38:07: [basecommands.smx] "Console<0><Console><Console>" changed cvar (cvar "sv_consistency") (value "0")
L 04/09/2026 - 17:38:07: [basecommands.smx] "Console<0><Console><Console>" changed cvar (cvar "sv_allow_lobby_connect_only") (value "0")
L 04/09/2026 - 17:38:07: [basecommands.smx] "Console<0><Console><Console>" changed cvar (cvar "sv_maxplayers") (value "8")
L 04/09/2026 - 17:38:07: [basecommands.smx] "Console<0><Console><Console>" changed cvar (cvar "sv_visiblemaxplayers") (value "-1")
L 04/09/2026 - 17:38:07: [chat-processor.smx] Message formats generated for game 'left4dead2'.
L 04/09/2026 - 17:38:07: [chat-processor.smx] Successfully hooked a SayText2 chat hook.
L 04/09/2026 - 17:38:13: [l4d2_shop.smx] [LOAD]: "[T-T]MoY<11><STEAM_ID_PENDING><>" loaded the record successfully! Points: "0"
L 04/09/2026 - 17:41:36: Log file closed.
