L 10/05/2025 - 00:01:27: SourceMod log file session started (file "z:\home\moy\.steam\debian-installation\steamapps\common\left 4 dead 2\left4dead2\addons\sourcemod\logs\L20251005.log") (Version "1.12.0.7207")
L 10/05/2025 - 00:01:27: -------- Mapchange to c2m2_fairgrounds --------
L 10/05/2025 - 00:01:34: [basecommands.smx] "Console<0><Console><Console>" changed cvar (cvar "sv_consistency") (value "0")
L 10/05/2025 - 00:01:34: [basecommands.smx] "Console<0><Console><Console>" changed cvar (cvar "sv_allow_lobby_connect_only") (value "0")
L 10/05/2025 - 00:01:34: [basecommands.smx] "Console<0><Console><Console>" changed cvar (cvar "sv_maxplayers") (value "8")
L 10/05/2025 - 00:01:34: [basecommands.smx] "Console<0><Console><Console>" changed cvar (cvar "sv_visiblemaxplayers") (value "-1")
L 10/05/2025 - 00:24:59: -------- Mapchange to c2m3_coaster --------
L 10/05/2025 - 00:25:04: [basecommands.smx] "Console<0><Console><Console>" changed cvar (cvar "sv_consistency") (value "0")
L 10/05/2025 - 00:25:04: [basecommands.smx] "Console<0><Console><Console>" changed cvar (cvar "sv_allow_lobby_connect_only") (value "0")
L 10/05/2025 - 00:25:04: [basecommands.smx] "Console<0><Console><Console>" changed cvar (cvar "sv_maxplayers") (value "8")
L 10/05/2025 - 00:25:04: [basecommands.smx] "Console<0><Console><Console>" changed cvar (cvar "sv_visiblemaxplayers") (value "-1")
L 10/05/2025 - 00:42:01: -------- Mapchange to c2m4_barns --------
L 10/05/2025 - 00:42:06: [basecommands.smx] "Console<0><Console><Console>" changed cvar (cvar "sv_consistency") (value "0")
L 10/05/2025 - 00:42:06: [basecommands.smx] "Console<0><Console><Console>" changed cvar (cvar "sv_allow_lobby_connect_only") (value "0")
L 10/05/2025 - 00:42:06: [basecommands.smx] "Console<0><Console><Console>" changed cvar (cvar "sv_maxplayers") (value "8")
L 10/05/2025 - 00:42:06: [basecommands.smx] "Console<0><Console><Console>" changed cvar (cvar "sv_visiblemaxplayers") (value "-1")
L 10/05/2025 - 00:49:54: -------- Mapchange to c2m5_concert --------
L 10/05/2025 - 00:50:00: [basecommands.smx] "Console<0><Console><Console>" changed cvar (cvar "sv_consistency") (value "0")
L 10/05/2025 - 00:50:00: [basecommands.smx] "Console<0><Console><Console>" changed cvar (cvar "sv_allow_lobby_connect_only") (value "0")
L 10/05/2025 - 00:50:00: [basecommands.smx] "Console<0><Console><Console>" changed cvar (cvar "sv_maxplayers") (value "8")
L 10/05/2025 - 00:50:00: [basecommands.smx] "Console<0><Console><Console>" changed cvar (cvar "sv_visiblemaxplayers") (value "-1")
L 10/05/2025 - 00:53:14: [l4d_sm_respawn.smx] "[T-T]MoY<2><STEAM_1:0:511491787><>" teleported "Stefano28 Bv<257><STEAM_1:1:621428488><>" after respawning him
L 10/05/2025 - 00:53:35: [l4d_sm_respawn.smx] "[T-T]MoY<2><STEAM_1:0:511491787><>" teleported "Stefano28 Bv<257><STEAM_1:1:621428488><>" after respawning him
L 10/05/2025 - 00:54:57: [l4d_sm_respawn.smx] "[T-T]MoY<2><STEAM_1:0:511491787><>" teleported "Stefano28 Bv<257><STEAM_1:1:621428488><>" after respawning him
L 10/05/2025 - 00:57:09: [l4d_sm_respawn.smx] "[T-T]MoY<2><STEAM_1:0:511491787><>" teleported "daniel72146a<44><STEAM_1:1:694143256><>" after respawning him
L 10/05/2025 - 00:59:10: -------- Mapchange to c13m1_alpinecreek --------
L 10/05/2025 - 00:59:17: [basecommands.smx] "Console<0><Console><Console>" changed cvar (cvar "sv_consistency") (value "0")
L 10/05/2025 - 00:59:17: [basecommands.smx] "Console<0><Console><Console>" changed cvar (cvar "sv_allow_lobby_connect_only") (value "0")
L 10/05/2025 - 00:59:17: [basecommands.smx] "Console<0><Console><Console>" changed cvar (cvar "sv_maxplayers") (value "8")
L 10/05/2025 - 00:59:17: [basecommands.smx] "Console<0><Console><Console>" changed cvar (cvar "sv_visiblemaxplayers") (value "-1")
L 10/05/2025 - 01:02:37: -------- Mapchange to c13m2_southpinestream --------
L 10/05/2025 - 01:02:43: [basecommands.smx] "Console<0><Console><Console>" changed cvar (cvar "sv_consistency") (value "0")
L 10/05/2025 - 01:02:43: [basecommands.smx] "Console<0><Console><Console>" changed cvar (cvar "sv_allow_lobby_connect_only") (value "0")
L 10/05/2025 - 01:02:43: [basecommands.smx] "Console<0><Console><Console>" changed cvar (cvar "sv_maxplayers") (value "8")
L 10/05/2025 - 01:02:43: [basecommands.smx] "Console<0><Console><Console>" changed cvar (cvar "sv_visiblemaxplayers") (value "-1")
L 10/05/2025 - 01:06:27: -------- Mapchange to c13m3_memorialbridge --------
L 10/05/2025 - 01:06:33: [basecommands.smx] "Console<0><Console><Console>" changed cvar (cvar "sv_consistency") (value "0")
L 10/05/2025 - 01:06:33: [basecommands.smx] "Console<0><Console><Console>" changed cvar (cvar "sv_allow_lobby_connect_only") (value "0")
L 10/05/2025 - 01:06:33: [basecommands.smx] "Console<0><Console><Console>" changed cvar (cvar "sv_maxplayers") (value "8")
L 10/05/2025 - 01:06:33: [basecommands.smx] "Console<0><Console><Console>" changed cvar (cvar "sv_visiblemaxplayers") (value "-1")
L 10/05/2025 - 01:14:33: -------- Mapchange to c13m4_cutthroatcreek --------
L 10/05/2025 - 01:14:39: [basecommands.smx] "Console<0><Console><Console>" changed cvar (cvar "sv_consistency") (value "0")
L 10/05/2025 - 01:14:39: [basecommands.smx] "Console<0><Console><Console>" changed cvar (cvar "sv_allow_lobby_connect_only") (value "0")
L 10/05/2025 - 01:14:39: [basecommands.smx] "Console<0><Console><Console>" changed cvar (cvar "sv_maxplayers") (value "8")
L 10/05/2025 - 01:14:39: [basecommands.smx] "Console<0><Console><Console>" changed cvar (cvar "sv_visiblemaxplayers") (value "-1")
L 10/05/2025 - 12:19:45: SourceMod log file session started (file "z:\home\moy\.steam\debian-installation\steamapps\common\left 4 dead 2\left4dead2\addons\sourcemod\logs\L20251005.log") (Version "1.12.0.7207")
L 10/05/2025 - 12:19:45: [GEOIP] GeoIP2 database loaded: GeoLite2-ASN (2024-08-21 08:15:21 UTC) (z:\home\moy\.steam\debian-installation\steamapps\common\left 4 dead 2\left4dead2\addons\sourcemod\configs\geoip\GeoLite2-ASN.mmdb)
L 10/05/2025 - 12:19:45: [GEOIP] GeoIP2 supported languages: en
L 10/05/2025 - 12:19:45: [GEOIP] Your database is older than 90 days. You should consider downloading a newer version from e.g. https://dev.maxmind.com/geoip/geolite2-free-geolocation-data
L 10/05/2025 - 12:19:47: [simple-chatprocessor.smx] [SCP] Recognized mod [Left 4 Dead 2].
L 10/05/2025 - 12:20:03: [basecommands.smx] "Console<0><Console><Console>" changed cvar (cvar "sv_consistency") (value "0")
L 10/05/2025 - 12:20:03: [basecommands.smx] "Console<0><Console><Console>" changed cvar (cvar "sv_allow_lobby_connect_only") (value "0")
L 10/05/2025 - 12:20:03: [basecommands.smx] "Console<0><Console><Console>" changed cvar (cvar "sv_maxplayers") (value "8")
L 10/05/2025 - 12:20:03: [basecommands.smx] "Console<0><Console><Console>" changed cvar (cvar "sv_visiblemaxplayers") (value "-1")
L 10/05/2025 - 12:20:04: [custom-chatcolors-menu.smx] Loaded 156 colors from configuration file addons\sourcemod\configs\custom-chatcolors-menu.cfg.
L 10/05/2025 - 12:21:15: [basecommands.smx] "[T-T]MoY<2><STEAM_1:0:511491787><>" changed cvar (cvar "sv_gravity") (value "200")
L 10/05/2025 - 12:21:39: [funcommands.smx] "[T-T]MoY<2><STEAM_1:0:511491787><>" toggled noclip on "[T-T]MoY<2><STEAM_1:0:511491787><>"
L 10/05/2025 - 12:22:06: [playercommands.smx] "[T-T]MoY<2><STEAM_1:0:511491787><>" slayed "[T-T]MoY<2><STEAM_1:0:511491787><>"
L 10/05/2025 - 12:22:51: [funcommands.smx] "[T-T]MoY<2><STEAM_1:0:511491787><>" toggled noclip on "[T-T]MoY<2><STEAM_1:0:511491787><>"
L 10/05/2025 - 12:23:31: [playercommands.smx] "[T-T]MoY<2><STEAM_1:0:511491787><>" slayed "Rochelle<3><BOT><>"
L 10/05/2025 - 12:23:32: [playercommands.smx] "[T-T]MoY<2><STEAM_1:0:511491787><>" slayed "Tank<15><BOT><>"
L 10/05/2025 - 12:24:18: [playercommands.smx] "[T-T]MoY<2><STEAM_1:0:511491787><>" slayed "Tank<17><BOT><>"
L 10/05/2025 - 12:24:18: [playercommands.smx] "[T-T]MoY<2><STEAM_1:0:511491787><>" slayed "(1)Tank<16><BOT><>"
L 10/05/2025 - 12:24:18: [playercommands.smx] "[T-T]MoY<2><STEAM_1:0:511491787><>" slayed "(2)Tank<18><BOT><>"
L 10/05/2025 - 12:24:19: [playercommands.smx] "[T-T]MoY<2><STEAM_1:0:511491787><>" slayed "(3)Tank<19><BOT><>"
L 10/05/2025 - 12:24:19: [playercommands.smx] "[T-T]MoY<2><STEAM_1:0:511491787><>" slayed "(4)Tank<20><BOT><>"
L 10/05/2025 - 12:24:19: [playercommands.smx] "[T-T]MoY<2><STEAM_1:0:511491787><>" slayed "(5)Tank<21><BOT><>"
L 10/05/2025 - 12:24:19: [playercommands.smx] "[T-T]MoY<2><STEAM_1:0:511491787><>" slayed "(6)Tank<22><BOT><>"
L 10/05/2025 - 12:24:19: [playercommands.smx] "[T-T]MoY<2><STEAM_1:0:511491787><>" slayed "(7)Tank<23><BOT><>"
L 10/05/2025 - 12:24:43: [basecommands.smx] "[T-T]MoY<2><STEAM_1:0:511491787><>" kicked "Rochelle<3><BOT><>" (reason "")
L 10/05/2025 - 12:24:44: [basecommands.smx] "[T-T]MoY<2><STEAM_1:0:511491787><>" kicked "Ellis<4><BOT><>" (reason "")
L 10/05/2025 - 12:24:44: [basecommands.smx] "[T-T]MoY<2><STEAM_1:0:511491787><>" kicked "Coach<5><BOT><>" (reason "")
L 10/05/2025 - 12:24:44: [basecommands.smx] "[T-T]MoY<2><STEAM_1:0:511491787><>" kicked "Tank<28><BOT><>" (reason "")
L 10/05/2025 - 12:24:44: [basecommands.smx] "[T-T]MoY<2><STEAM_1:0:511491787><>" kicked "(1)Tank<29><BOT><>" (reason "")
L 10/05/2025 - 12:24:44: [basecommands.smx] "[T-T]MoY<2><STEAM_1:0:511491787><>" kicked "(2)Tank<30><BOT><>" (reason "")
L 10/05/2025 - 12:24:44: [basecommands.smx] "[T-T]MoY<2><STEAM_1:0:511491787><>" kicked "(3)Tank<31><BOT><>" (reason "")
L 10/05/2025 - 12:24:45: [basecommands.smx] "[T-T]MoY<2><STEAM_1:0:511491787><>" kicked "(4)Tank<32><BOT><>" (reason "")
L 10/05/2025 - 12:24:45: [basecommands.smx] "[T-T]MoY<2><STEAM_1:0:511491787><>" kicked "(5)Tank<33><BOT><>" (reason "")
L 10/05/2025 - 12:24:45: [basecommands.smx] "[T-T]MoY<2><STEAM_1:0:511491787><>" kicked "Conde dooku<24><STEAM_1:0:447993046><>" (reason "")
L 10/05/2025 - 12:24:45: [basecommands.smx] "[T-T]MoY<2><STEAM_1:0:511491787><>" kicked "(8)Tank<25><BOT><>" (reason "")
L 10/05/2025 - 12:24:45: [basecommands.smx] "[T-T]MoY<2><STEAM_1:0:511491787><>" kicked "(9)Tank<26><BOT><>" (reason "")
L 10/05/2025 - 12:25:46: [playercommands.smx] "[T-T]MoY<2><STEAM_1:0:511491787><>" slayed "Tank<34><BOT><>"
L 10/05/2025 - 12:25:46: [playercommands.smx] "[T-T]MoY<2><STEAM_1:0:511491787><>" slayed "(1)Tank<35><BOT><>"
L 10/05/2025 - 12:25:46: [playercommands.smx] "[T-T]MoY<2><STEAM_1:0:511491787><>" slayed "(2)Tank<36><BOT><>"
L 10/05/2025 - 12:25:46: [playercommands.smx] "[T-T]MoY<2><STEAM_1:0:511491787><>" slayed "(3)Tank<37><BOT><>"
L 10/05/2025 - 12:25:46: [playercommands.smx] "[T-T]MoY<2><STEAM_1:0:511491787><>" slayed "(4)Tank<38><BOT><>"
L 10/05/2025 - 12:25:47: [playercommands.smx] "[T-T]MoY<2><STEAM_1:0:511491787><>" slayed "(5)Tank<39><BOT><>"
L 10/05/2025 - 12:25:47: [playercommands.smx] "[T-T]MoY<2><STEAM_1:0:511491787><>" slayed "(6)Tank<40><BOT><>"
L 10/05/2025 - 12:27:46: [playercommands.smx] "[T-T]MoY<2><STEAM_1:0:511491787><>" slayed "(1)Tank<59><BOT><>"
L 10/05/2025 - 12:30:15: [playercommands.smx] "[T-T]MoY<2><STEAM_1:0:511491787><>" slayed "Tank<70><BOT><>"
L 10/05/2025 - 12:30:15: [playercommands.smx] "[T-T]MoY<2><STEAM_1:0:511491787><>" slayed "(1)Tank<67><BOT><>"
L 10/05/2025 - 12:30:38: Log file closed.
L 10/05/2025 - 12:33:37: SourceMod log file session started (file "z:\home\moy\.steam\debian-installation\steamapps\common\left 4 dead 2\left4dead2\addons\sourcemod\logs\L20251005.log") (Version "1.12.0.7207")
L 10/05/2025 - 12:33:37: [GEOIP] GeoIP2 database loaded: GeoLite2-ASN (2024-08-21 08:15:21 UTC) (z:\home\moy\.steam\debian-installation\steamapps\common\left 4 dead 2\left4dead2\addons\sourcemod\configs\geoip\GeoLite2-ASN.mmdb)
L 10/05/2025 - 12:33:37: [GEOIP] GeoIP2 supported languages: en
L 10/05/2025 - 12:33:37: [GEOIP] Your database is older than 90 days. You should consider downloading a newer version from e.g. https://dev.maxmind.com/geoip/geolite2-free-geolocation-data
L 10/05/2025 - 12:33:39: [simple-chatprocessor.smx] [SCP] Recognized mod [Left 4 Dead 2].
L 10/05/2025 - 12:33:50: [basecommands.smx] "Console<0><Console><Console>" changed cvar (cvar "sv_consistency") (value "0")
L 10/05/2025 - 12:33:50: [basecommands.smx] "Console<0><Console><Console>" changed cvar (cvar "sv_allow_lobby_connect_only") (value "0")
L 10/05/2025 - 12:33:50: [basecommands.smx] "Console<0><Console><Console>" changed cvar (cvar "sv_maxplayers") (value "8")
L 10/05/2025 - 12:33:50: [basecommands.smx] "Console<0><Console><Console>" changed cvar (cvar "sv_visiblemaxplayers") (value "-1")
L 10/05/2025 - 12:33:52: [custom-chatcolors-menu.smx] Loaded 156 colors from configuration file addons\sourcemod\configs\custom-chatcolors-menu.cfg.
L 10/05/2025 - 12:34:34: [basecommands.smx] "[T-T]MoY<2><STEAM_1:0:511491787><>" changed cvar (cvar "sv_gravity") (value "200")
L 10/05/2025 - 12:34:41: [funcommands.smx] "[T-T]MoY<2><STEAM_1:0:511491787><>" toggled noclip on "[T-T]MoY<2><STEAM_1:0:511491787><>"
L 10/05/2025 - 12:36:18: [playercommands.smx] "[T-T]MoY<2><STEAM_1:0:511491787><>" slayed "(1)Tank<10><BOT><>"
L 10/05/2025 - 12:36:18: [playercommands.smx] "[T-T]MoY<2><STEAM_1:0:511491787><>" slayed "Ellis<4><BOT><>"
L 10/05/2025 - 12:36:18: [playercommands.smx] "[T-T]MoY<2><STEAM_1:0:511491787><>" slayed "Tank<7><BOT><>"
L 10/05/2025 - 12:36:18: [playercommands.smx] "[T-T]MoY<2><STEAM_1:0:511491787><>" slayed "(2)Tank<11><BOT><>"
L 10/05/2025 - 12:36:19: [playercommands.smx] "[T-T]MoY<2><STEAM_1:0:511491787><>" slayed "(3)Tank<12><BOT><>"
L 10/05/2025 - 12:37:07: [playercommands.smx] "[T-T]MoY<2><STEAM_1:0:511491787><>" slayed "Tank<14><BOT><>"
L 10/05/2025 - 12:37:07: [playercommands.smx] "[T-T]MoY<2><STEAM_1:0:511491787><>" slayed "(1)Tank<17><BOT><>"
L 10/05/2025 - 12:37:07: [playercommands.smx] "[T-T]MoY<2><STEAM_1:0:511491787><>" slayed "(2)Tank<16><BOT><>"
L 10/05/2025 - 12:37:07: [playercommands.smx] "[T-T]MoY<2><STEAM_1:0:511491787><>" slayed "(4)Tank<13><BOT><>"
L 10/05/2025 - 12:38:09: [playercommands.smx] "[T-T]MoY<2><STEAM_1:0:511491787><>" slayed "Tank<20><BOT><>"
L 10/05/2025 - 12:38:09: [playercommands.smx] "[T-T]MoY<2><STEAM_1:0:511491787><>" slayed "(1)Tank<21><BOT><>"
L 10/05/2025 - 12:38:09: [playercommands.smx] "[T-T]MoY<2><STEAM_1:0:511491787><>" slayed "(2)Tank<22><BOT><>"
L 10/05/2025 - 12:38:09: [playercommands.smx] "[T-T]MoY<2><STEAM_1:0:511491787><>" slayed "(5)Tank<19><BOT><>"
L 10/05/2025 - 12:38:10: [playercommands.smx] "[T-T]MoY<2><STEAM_1:0:511491787><>" slayed "(4)Tank<25><BOT><>"
L 10/05/2025 - 12:38:13: [basecommands.smx] "[T-T]MoY<2><STEAM_1:0:511491787><>" kicked "Tank<20><BOT><>" (reason "")
L 10/05/2025 - 12:38:13: [basecommands.smx] "[T-T]MoY<2><STEAM_1:0:511491787><>" kicked "(3)Tank<26><BOT><>" (reason "")
L 10/05/2025 - 12:38:13: [basecommands.smx] "[T-T]MoY<2><STEAM_1:0:511491787><>" kicked "Rochelle<5><BOT><>" (reason "")
L 10/05/2025 - 12:38:13: [basecommands.smx] "[T-T]MoY<2><STEAM_1:0:511491787><>" kicked "(1)Tank<21><BOT><>" (reason "")
L 10/05/2025 - 12:38:14: [basecommands.smx] "[T-T]MoY<2><STEAM_1:0:511491787><>" kicked "(2)Tank<22><BOT><>" (reason "")
L 10/05/2025 - 12:38:14: [basecommands.smx] "[T-T]MoY<2><STEAM_1:0:511491787><>" kicked "Coach<9><BOT><>" (reason "")
L 10/05/2025 - 12:38:14: [basecommands.smx] "[T-T]MoY<2><STEAM_1:0:511491787><>" kicked "Ellis<27><BOT><>" (reason "")
L 10/05/2025 - 12:38:14: [basecommands.smx] "[T-T]MoY<2><STEAM_1:0:511491787><>" kicked "(5)Tank<19><BOT><>" (reason "")
L 10/05/2025 - 12:38:15: [basecommands.smx] "[T-T]MoY<2><STEAM_1:0:511491787><>" kicked "(4)Tank<25><BOT><>" (reason "")
L 10/05/2025 - 12:39:33: [playercommands.smx] "[T-T]MoY<2><STEAM_1:0:511491787><>" slayed "Tank<36><BOT><>"
L 10/05/2025 - 12:39:33: [playercommands.smx] "[T-T]MoY<2><STEAM_1:0:511491787><>" slayed "(1)Tank<37><BOT><>"
L 10/05/2025 - 12:39:33: [playercommands.smx] "[T-T]MoY<2><STEAM_1:0:511491787><>" slayed "(2)Tank<34><BOT><>"
L 10/05/2025 - 12:39:33: [playercommands.smx] "[T-T]MoY<2><STEAM_1:0:511491787><>" slayed "(3)Tank<38><BOT><>"
L 10/05/2025 - 12:39:33: [playercommands.smx] "[T-T]MoY<2><STEAM_1:0:511491787><>" slayed "(4)Tank<35><BOT><>"
L 10/05/2025 - 12:39:33: [playercommands.smx] "[T-T]MoY<2><STEAM_1:0:511491787><>" slayed "(5)Tank<39><BOT><>"
L 10/05/2025 - 12:39:43: Log file closed.
L 10/05/2025 - 12:46:56: SourceMod log file session started (file "z:\home\moy\.steam\debian-installation\steamapps\common\left 4 dead 2\left4dead2\addons\sourcemod\logs\L20251005.log") (Version "1.12.0.7207")
L 10/05/2025 - 12:46:56: [GEOIP] GeoIP2 database loaded: GeoLite2-ASN (2024-08-21 08:15:21 UTC) (z:\home\moy\.steam\debian-installation\steamapps\common\left 4 dead 2\left4dead2\addons\sourcemod\configs\geoip\GeoLite2-ASN.mmdb)
L 10/05/2025 - 12:46:56: [GEOIP] GeoIP2 supported languages: en
L 10/05/2025 - 12:46:56: [GEOIP] Your database is older than 90 days. You should consider downloading a newer version from e.g. https://dev.maxmind.com/geoip/geolite2-free-geolocation-data
L 10/05/2025 - 12:46:57: [simple-chatprocessor.smx] [SCP] Recognized mod [Left 4 Dead 2].
L 10/05/2025 - 12:47:05: [basecommands.smx] "Console<0><Console><Console>" changed cvar (cvar "sv_consistency") (value "0")
L 10/05/2025 - 12:47:05: [basecommands.smx] "Console<0><Console><Console>" changed cvar (cvar "sv_allow_lobby_connect_only") (value "0")
L 10/05/2025 - 12:47:05: [basecommands.smx] "Console<0><Console><Console>" changed cvar (cvar "sv_maxplayers") (value "8")
L 10/05/2025 - 12:47:05: [basecommands.smx] "Console<0><Console><Console>" changed cvar (cvar "sv_visiblemaxplayers") (value "-1")
L 10/05/2025 - 12:47:07: [custom-chatcolors-menu.smx] Loaded 156 colors from configuration file addons\sourcemod\configs\custom-chatcolors-menu.cfg.
L 10/05/2025 - 12:48:18: [basecommands.smx] "[T-T]MoY<2><STEAM_1:0:511491787><>" changed cvar (cvar "sv_gravity") (value "200")
L 10/05/2025 - 12:49:05: [funcommands.smx] "[T-T]MoY<2><STEAM_1:0:511491787><>" toggled noclip on "[T-T]MoY<2><STEAM_1:0:511491787><>"
L 10/05/2025 - 12:49:47: [playercommands.smx] "[T-T]MoY<2><STEAM_1:0:511491787><>" slayed "Tank<6><BOT><>"
L 10/05/2025 - 12:49:47: [playercommands.smx] "[T-T]MoY<2><STEAM_1:0:511491787><>" slayed "(1)Tank<7><BOT><>"
L 10/05/2025 - 12:49:47: [playercommands.smx] "[T-T]MoY<2><STEAM_1:0:511491787><>" slayed "(2)Tank<8><BOT><>"
L 10/05/2025 - 12:49:48: [playercommands.smx] "[T-T]MoY<2><STEAM_1:0:511491787><>" slayed "(3)Tank<10><BOT><>"
L 10/05/2025 - 12:49:48: [playercommands.smx] "[T-T]MoY<2><STEAM_1:0:511491787><>" slayed "(4)Tank<11><BOT><>"
L 10/05/2025 - 12:50:29: [playercommands.smx] "[T-T]MoY<2><STEAM_1:0:511491787><>" slayed "Tank<14><BOT><>"
L 10/05/2025 - 12:50:29: [playercommands.smx] "[T-T]MoY<2><STEAM_1:0:511491787><>" slayed "(1)Tank<15><BOT><>"
L 10/05/2025 - 12:50:29: [playercommands.smx] "[T-T]MoY<2><STEAM_1:0:511491787><>" slayed "(2)Tank<16><BOT><>"
L 10/05/2025 - 12:50:29: [playercommands.smx] "[T-T]MoY<2><STEAM_1:0:511491787><>" slayed "(3)Tank<17><BOT><>"
L 10/05/2025 - 12:50:29: [playercommands.smx] "[T-T]MoY<2><STEAM_1:0:511491787><>" slayed "(4)Tank<19><BOT><>"
L 10/05/2025 - 12:50:30: [playercommands.smx] "[T-T]MoY<2><STEAM_1:0:511491787><>" slayed "(5)Tank<13><BOT><>"
L 10/05/2025 - 12:51:26: [basecommands.smx] "[T-T]MoY<2><STEAM_1:0:511491787><>" kicked "(1)Tank<23><BOT><>" (reason "")
L 10/05/2025 - 12:51:26: [basecommands.smx] "[T-T]MoY<2><STEAM_1:0:511491787><>" kicked "Ellis<4><BOT><>" (reason "")
L 10/05/2025 - 12:51:26: [basecommands.smx] "[T-T]MoY<2><STEAM_1:0:511491787><>" kicked "Coach<5><BOT><>" (reason "")
L 10/05/2025 - 12:51:27: [basecommands.smx] "[T-T]MoY<2><STEAM_1:0:511491787><>" kicked "(2)Tank<24><BOT><>" (reason "")
L 10/05/2025 - 12:51:27: [basecommands.smx] "[T-T]MoY<2><STEAM_1:0:511491787><>" kicked "Panda<9><STEAM_1:0:924847343><>" (reason "")
L 10/05/2025 - 12:51:43: [playercommands.smx] "[T-T]MoY<2><STEAM_1:0:511491787><>" slayed "Tank<27><BOT><>"
L 10/05/2025 - 12:51:43: [playercommands.smx] "[T-T]MoY<2><STEAM_1:0:511491787><>" slayed "(1)Tank<28><BOT><>"
L 10/05/2025 - 12:51:43: [playercommands.smx] "[T-T]MoY<2><STEAM_1:0:511491787><>" slayed "(6)Tank<20><BOT><>"
L 10/05/2025 - 12:51:46: [funcommands.smx] "[T-T]MoY<2><STEAM_1:0:511491787><>" toggled noclip on "[T-T]MoY<2><STEAM_1:0:511491787><>"
L 10/05/2025 - 12:52:22: [l4d_sm_respawn.smx] "[T-T]MoY<2><STEAM_1:0:511491787><>" teleported "JexTrex<26><STEAM_1:1:816686116><>" after respawning him
L 10/05/2025 - 12:59:13: Log file closed.
L 10/05/2025 - 13:26:31: SourceMod log file session started (file "z:\home\moy\.steam\debian-installation\steamapps\common\left 4 dead 2\left4dead2\addons\sourcemod\logs\L20251005.log") (Version "1.12.0.7207")
L 10/05/2025 - 13:26:31: [GEOIP] GeoIP2 database loaded: GeoLite2-ASN (2024-08-21 08:15:21 UTC) (z:\home\moy\.steam\debian-installation\steamapps\common\left 4 dead 2\left4dead2\addons\sourcemod\configs\geoip\GeoLite2-ASN.mmdb)
L 10/05/2025 - 13:26:31: [GEOIP] GeoIP2 supported languages: en
L 10/05/2025 - 13:26:31: [GEOIP] Your database is older than 90 days. You should consider downloading a newer version from e.g. https://dev.maxmind.com/geoip/geolite2-free-geolocation-data
L 10/05/2025 - 13:26:41: [basecommands.smx] "Console<0><Console><Console>" changed cvar (cvar "sv_consistency") (value "0")
L 10/05/2025 - 13:26:41: [basecommands.smx] "Console<0><Console><Console>" changed cvar (cvar "sv_allow_lobby_connect_only") (value "0")
L 10/05/2025 - 13:26:41: [basecommands.smx] "Console<0><Console><Console>" changed cvar (cvar "sv_maxplayers") (value "8")
L 10/05/2025 - 13:26:41: [basecommands.smx] "Console<0><Console><Console>" changed cvar (cvar "sv_visiblemaxplayers") (value "-1")
L 10/05/2025 - 13:26:42: [chat-processor.smx] Message formats generated for game 'left4dead2'.
L 10/05/2025 - 13:26:42: [chat-processor.smx] Successfully hooked a SayText2 chat hook.
L 10/05/2025 - 13:37:13: Log file closed.
L 10/05/2025 - 13:41:08: SourceMod log file session started (file "z:\home\moy\.steam\debian-installation\steamapps\common\left 4 dead 2\left4dead2\addons\sourcemod\logs\L20251005.log") (Version "1.12.0.7207")
L 10/05/2025 - 13:41:08: [GEOIP] GeoIP2 database loaded: GeoLite2-ASN (2024-08-21 08:15:21 UTC) (z:\home\moy\.steam\debian-installation\steamapps\common\left 4 dead 2\left4dead2\addons\sourcemod\configs\geoip\GeoLite2-ASN.mmdb)
L 10/05/2025 - 13:41:08: [GEOIP] GeoIP2 supported languages: en
L 10/05/2025 - 13:41:08: [GEOIP] Your database is older than 90 days. You should consider downloading a newer version from e.g. https://dev.maxmind.com/geoip/geolite2-free-geolocation-data
L 10/05/2025 - 13:41:20: [basecommands.smx] "Console<0><Console><Console>" changed cvar (cvar "sv_consistency") (value "0")
L 10/05/2025 - 13:41:20: [basecommands.smx] "Console<0><Console><Console>" changed cvar (cvar "sv_allow_lobby_connect_only") (value "0")
L 10/05/2025 - 13:41:20: [basecommands.smx] "Console<0><Console><Console>" changed cvar (cvar "sv_maxplayers") (value "8")
L 10/05/2025 - 13:41:20: [basecommands.smx] "Console<0><Console><Console>" changed cvar (cvar "sv_visiblemaxplayers") (value "-1")
L 10/05/2025 - 13:41:21: [chat-processor.smx] Message formats generated for game 'left4dead2'.
L 10/05/2025 - 13:41:21: [chat-processor.smx] Successfully hooked a SayText2 chat hook.
L 10/05/2025 - 13:42:48: [scc-bridge.smx] [SCC] Config file has been reloaded
L 10/05/2025 - 13:43:24: [scc-bridge.smx] [SCC] Config file has been reloaded
L 10/05/2025 - 13:44:10: [scc-bridge.smx] [SCC] Config file has been reloaded
L 10/05/2025 - 13:44:33: [scc-bridge.smx] [SCC] Config file has been reloaded
L 10/05/2025 - 13:45:02: [scc-bridge.smx] [SCC] Config file has been reloaded
L 10/05/2025 - 13:45:51: [scc-bridge.smx] [SCC] Config file has been reloaded
L 10/05/2025 - 13:46:08: [scc-bridge.smx] [SCC] Config file has been reloaded
L 10/05/2025 - 13:47:14: [scc-bridge.smx] [SCC] Config file has been reloaded
L 10/05/2025 - 13:48:33: [playercommands.smx] "[T-T]MoY<2><STEAM_1:0:511491787><>" slayed "(5)Tank<13><BOT><>"
L 10/05/2025 - 13:48:33: [playercommands.smx] "[T-T]MoY<2><STEAM_1:0:511491787><>" slayed "Tank<9><BOT><>"
L 10/05/2025 - 13:48:34: [playercommands.smx] "[T-T]MoY<2><STEAM_1:0:511491787><>" slayed "(1)Tank<7><BOT><>"
L 10/05/2025 - 13:48:34: [playercommands.smx] "[T-T]MoY<2><STEAM_1:0:511491787><>" slayed "(2)Tank<8><BOT><>"
L 10/05/2025 - 13:48:34: [playercommands.smx] "[T-T]MoY<2><STEAM_1:0:511491787><>" slayed "(6)Tank<15><BOT><>"
L 10/05/2025 - 13:48:34: [playercommands.smx] "[T-T]MoY<2><STEAM_1:0:511491787><>" slayed "(3)Tank<11><BOT><>"
L 10/05/2025 - 13:48:34: [playercommands.smx] "[T-T]MoY<2><STEAM_1:0:511491787><>" slayed "(4)Tank<12><BOT><>"
L 10/05/2025 - 13:48:48: [playercommands.smx] "[T-T]MoY<2><STEAM_1:0:511491787><>" slayed "(7)Tank<17><BOT><>"
L 10/05/2025 - 13:48:52: [scc-bridge.smx] [SCC] Config file has been reloaded
L 10/05/2025 - 13:49:34: [scc-bridge.smx] [SCC] Config file has been reloaded
L 10/05/2025 - 13:51:35: [scc-bridge.smx] [SCC] Config file has been reloaded
L 10/05/2025 - 13:54:21: -------- Mapchange to c2m2_fairgrounds --------
L 10/05/2025 - 13:54:27: [basecommands.smx] "Console<0><Console><Console>" changed cvar (cvar "sv_consistency") (value "0")
L 10/05/2025 - 13:54:27: [basecommands.smx] "Console<0><Console><Console>" changed cvar (cvar "sv_allow_lobby_connect_only") (value "0")
L 10/05/2025 - 13:54:27: [basecommands.smx] "Console<0><Console><Console>" changed cvar (cvar "sv_maxplayers") (value "8")
L 10/05/2025 - 13:54:27: [basecommands.smx] "Console<0><Console><Console>" changed cvar (cvar "sv_visiblemaxplayers") (value "-1")
L 10/05/2025 - 13:54:28: [chat-processor.smx] Message formats generated for game 'left4dead2'.
L 10/05/2025 - 13:54:28: [chat-processor.smx] Successfully hooked a SayText2 chat hook.
L 10/05/2025 - 13:54:42: Log file closed.
L 10/05/2025 - 13:59:09: SourceMod log file session started (file "z:\home\moy\.steam\debian-installation\steamapps\common\left 4 dead 2\left4dead2\addons\sourcemod\logs\L20251005.log") (Version "1.12.0.7207")
L 10/05/2025 - 13:59:09: [GEOIP] GeoIP2 database loaded: GeoLite2-ASN (2024-08-21 08:15:21 UTC) (z:\home\moy\.steam\debian-installation\steamapps\common\left 4 dead 2\left4dead2\addons\sourcemod\configs\geoip\GeoLite2-ASN.mmdb)
L 10/05/2025 - 13:59:09: [GEOIP] GeoIP2 supported languages: en
L 10/05/2025 - 13:59:09: [GEOIP] Your database is older than 90 days. You should consider downloading a newer version from e.g. https://dev.maxmind.com/geoip/geolite2-free-geolocation-data
L 10/05/2025 - 13:59:21: [basecommands.smx] "Console<0><Console><Console>" changed cvar (cvar "sv_consistency") (value "0")
L 10/05/2025 - 13:59:21: [basecommands.smx] "Console<0><Console><Console>" changed cvar (cvar "sv_allow_lobby_connect_only") (value "0")
L 10/05/2025 - 13:59:21: [basecommands.smx] "Console<0><Console><Console>" changed cvar (cvar "sv_maxplayers") (value "8")
L 10/05/2025 - 13:59:21: [basecommands.smx] "Console<0><Console><Console>" changed cvar (cvar "sv_visiblemaxplayers") (value "-1")
L 10/05/2025 - 13:59:22: [chat-processor.smx] Message formats generated for game 'left4dead2'.
L 10/05/2025 - 13:59:22: [chat-processor.smx] Successfully hooked a SayText2 chat hook.
L 10/05/2025 - 14:01:11: [scc-bridge.smx] [SCC] Config file has been reloaded
L 10/05/2025 - 14:01:48: [scc-bridge.smx] [SCC] Config file has been reloaded
L 10/05/2025 - 14:02:26: [scc-bridge.smx] [SCC] Config file has been reloaded
L 10/05/2025 - 14:02:38: [basecommands.smx] "[T-T]MoY<2><STEAM_1:0:511491787><>" kicked "Coach<3><BOT><>" (reason "")
L 10/05/2025 - 14:02:38: [basecommands.smx] "[T-T]MoY<2><STEAM_1:0:511491787><>" kicked "Rochelle<5><BOT><>" (reason "")
L 10/05/2025 - 14:02:38: [basecommands.smx] "[T-T]MoY<2><STEAM_1:0:511491787><>" kicked "ASTRA YAO<6><STEAM_1:0:939661587><>" (reason "")
L 10/05/2025 - 14:02:38: [basecommands.smx] "[T-T]MoY<2><STEAM_1:0:511491787><>" kicked "lart<7><STEAM_1:1:436804220><>" (reason "")
L 10/05/2025 - 14:02:38: [basecommands.smx] "[T-T]MoY<2><STEAM_1:0:511491787><>" kicked "Ellis<10><BOT><>" (reason "")
L 10/05/2025 - 14:02:38: [basecommands.smx] "[T-T]MoY<2><STEAM_1:0:511491787><>" kicked "CaptainTsubasa110<8><STEAM_1:1:207753979><>" (reason "")
L 10/05/2025 - 14:02:39: [basecommands.smx] "[T-T]MoY<2><STEAM_1:0:511491787><>" kicked "Patrick Bateman<9><STEAM_1:0:162603815><>" (reason "")
L 10/05/2025 - 14:03:25: [scc-bridge.smx] [SCC] Config file has been reloaded
L 10/05/2025 - 14:04:00: [scc-bridge.smx] [SCC] Config file has been reloaded
L 10/05/2025 - 14:04:29: [scc-bridge.smx] [SCC] Config file has been reloaded
L 10/05/2025 - 14:05:18: [scc-bridge.smx] [SCC] Config file has been reloaded
L 10/05/2025 - 14:05:29: [scc-bridge.smx] [SCC] Config file has been reloaded
L 10/05/2025 - 14:05:47: [scc-bridge.smx] [SCC] Config file has been reloaded
L 10/05/2025 - 14:06:06: [scc-bridge.smx] [SCC] Config file has been reloaded
L 10/05/2025 - 14:06:14: [scc-bridge.smx] [SCC] Config file has been reloaded
L 10/05/2025 - 14:06:24: [scc-bridge.smx] [SCC] Config file has been reloaded
L 10/05/2025 - 14:07:10: [scc-bridge.smx] [SCC] Config file has been reloaded
L 10/05/2025 - 14:07:45: [scc-bridge.smx] [SCC] Config file has been reloaded
L 10/05/2025 - 14:07:55: [scc-bridge.smx] [SCC] Config file has been reloaded
L 10/05/2025 - 14:10:38: [L4d2_changemode.smx] "[T-T]MoY<2><STEAM_1:0:511491787><>" cambió el modo a "mutation19" y mapa a "c1m1_hotel"
L 10/05/2025 - 14:10:38: [basecommands.smx] "[T-T]MoY<2><STEAM_1:0:511491787><>" changed cvar (cvar "versus_tank_chance") (value "100")
L 10/05/2025 - 14:10:41: [SM] Changed map to "c1m1_hotel"
L 10/05/2025 - 14:10:44: -------- Mapchange to c1m1_hotel --------
L 10/05/2025 - 14:10:50: [basecommands.smx] "Console<0><Console><Console>" changed cvar (cvar "sv_consistency") (value "0")
L 10/05/2025 - 14:10:50: [basecommands.smx] "Console<0><Console><Console>" changed cvar (cvar "sv_allow_lobby_connect_only") (value "0")
L 10/05/2025 - 14:10:50: [basecommands.smx] "Console<0><Console><Console>" changed cvar (cvar "sv_maxplayers") (value "8")
L 10/05/2025 - 14:10:50: [basecommands.smx] "Console<0><Console><Console>" changed cvar (cvar "sv_visiblemaxplayers") (value "-1")
L 10/05/2025 - 14:10:50: [chat-processor.smx] Message formats generated for game 'left4dead2'.
L 10/05/2025 - 14:10:50: [chat-processor.smx] Successfully hooked a SayText2 chat hook.
L 10/05/2025 - 14:12:08: SourceMod log file session started (file "z:\home\moy\.steam\debian-installation\steamapps\common\left 4 dead 2\left4dead2\addons\sourcemod\logs\L20251005.log") (Version "1.12.0.7207")
L 10/05/2025 - 14:12:08: [GEOIP] GeoIP2 database loaded: GeoLite2-ASN (2024-08-21 08:15:21 UTC) (z:\home\moy\.steam\debian-installation\steamapps\common\left 4 dead 2\left4dead2\addons\sourcemod\configs\geoip\GeoLite2-ASN.mmdb)
L 10/05/2025 - 14:12:08: [GEOIP] GeoIP2 supported languages: en
L 10/05/2025 - 14:12:08: [GEOIP] Your database is older than 90 days. You should consider downloading a newer version from e.g. https://dev.maxmind.com/geoip/geolite2-free-geolocation-data
L 10/05/2025 - 14:12:21: [basecommands.smx] "Console<0><Console><Console>" changed cvar (cvar "sv_consistency") (value "0")
L 10/05/2025 - 14:12:21: [basecommands.smx] "Console<0><Console><Console>" changed cvar (cvar "sv_allow_lobby_connect_only") (value "0")
L 10/05/2025 - 14:12:21: [basecommands.smx] "Console<0><Console><Console>" changed cvar (cvar "sv_maxplayers") (value "8")
L 10/05/2025 - 14:12:21: [basecommands.smx] "Console<0><Console><Console>" changed cvar (cvar "sv_visiblemaxplayers") (value "-1")
L 10/05/2025 - 14:12:21: [chat-processor.smx] Message formats generated for game 'left4dead2'.
L 10/05/2025 - 14:12:21: [chat-processor.smx] Successfully hooked a SayText2 chat hook.
L 10/05/2025 - 14:13:12: [L4d2_changemode.smx] "[T-T]MoY<2><STEAM_1:0:511491787><>" cambió el modo a "mutation19" y mapa a "c2m1_highway"
L 10/05/2025 - 14:13:12: [basecommands.smx] "[T-T]MoY<2><STEAM_1:0:511491787><>" changed cvar (cvar "versus_tank_chance") (value "100")
L 10/05/2025 - 14:13:15: [SM] Changed map to "c2m1_highway"
L 10/05/2025 - 14:13:17: -------- Mapchange to c2m1_highway --------
L 10/05/2025 - 14:13:28: [basecommands.smx] "Console<0><Console><Console>" changed cvar (cvar "sv_consistency") (value "0")
L 10/05/2025 - 14:13:28: [basecommands.smx] "Console<0><Console><Console>" changed cvar (cvar "sv_allow_lobby_connect_only") (value "0")
L 10/05/2025 - 14:13:28: [basecommands.smx] "Console<0><Console><Console>" changed cvar (cvar "sv_maxplayers") (value "8")
L 10/05/2025 - 14:13:28: [basecommands.smx] "Console<0><Console><Console>" changed cvar (cvar "sv_visiblemaxplayers") (value "-1")
L 10/05/2025 - 14:13:29: [chat-processor.smx] Message formats generated for game 'left4dead2'.
L 10/05/2025 - 14:13:29: [chat-processor.smx] Successfully hooked a SayText2 chat hook.
L 10/05/2025 - 14:14:41: [scc-bridge.smx] [SCC] Config file has been reloaded
L 10/05/2025 - 14:15:15: [scc-bridge.smx] [SCC] Config file has been reloaded
L 10/05/2025 - 14:15:52: [scc-bridge.smx] [SCC] Config file has been reloaded
L 10/05/2025 - 14:16:39: Log file closed.
L 10/05/2025 - 14:31:16: SourceMod log file session started (file "z:\home\moy\.steam\debian-installation\steamapps\common\left 4 dead 2\left4dead2\addons\sourcemod\logs\L20251005.log") (Version "1.12.0.7207")
L 10/05/2025 - 14:31:16: [GEOIP] GeoIP2 database loaded: GeoLite2-ASN (2024-08-21 08:15:21 UTC) (z:\home\moy\.steam\debian-installation\steamapps\common\left 4 dead 2\left4dead2\addons\sourcemod\configs\geoip\GeoLite2-ASN.mmdb)
L 10/05/2025 - 14:31:16: [GEOIP] GeoIP2 supported languages: en
L 10/05/2025 - 14:31:16: [GEOIP] Your database is older than 90 days. You should consider downloading a newer version from e.g. https://dev.maxmind.com/geoip/geolite2-free-geolocation-data
L 10/05/2025 - 14:31:28: [basecommands.smx] "Console<0><Console><Console>" changed cvar (cvar "sv_consistency") (value "0")
L 10/05/2025 - 14:31:28: [basecommands.smx] "Console<0><Console><Console>" changed cvar (cvar "sv_allow_lobby_connect_only") (value "0")
L 10/05/2025 - 14:31:28: [basecommands.smx] "Console<0><Console><Console>" changed cvar (cvar "sv_maxplayers") (value "8")
L 10/05/2025 - 14:31:28: [basecommands.smx] "Console<0><Console><Console>" changed cvar (cvar "sv_visiblemaxplayers") (value "-1")
L 10/05/2025 - 14:31:28: [chat-processor.smx] Message formats generated for game 'left4dead2'.
L 10/05/2025 - 14:31:28: [chat-processor.smx] Successfully hooked a SayText2 chat hook.
L 10/05/2025 - 14:33:04: [basecommands.smx] "[T-T]MoY<2><STEAM_1:0:511491787><>" changed cvar (cvar "sv_gravity") (value "200")
L 10/05/2025 - 14:36:21: -------- Mapchange to c1m2_streets --------
L 10/05/2025 - 14:36:30: [basecommands.smx] "Console<0><Console><Console>" changed cvar (cvar "sv_consistency") (value "0")
L 10/05/2025 - 14:36:30: [basecommands.smx] "Console<0><Console><Console>" changed cvar (cvar "sv_allow_lobby_connect_only") (value "0")
L 10/05/2025 - 14:36:31: [basecommands.smx] "Console<0><Console><Console>" changed cvar (cvar "sv_maxplayers") (value "8")
L 10/05/2025 - 14:36:31: [basecommands.smx] "Console<0><Console><Console>" changed cvar (cvar "sv_visiblemaxplayers") (value "-1")
L 10/05/2025 - 14:36:32: [chat-processor.smx] Message formats generated for game 'left4dead2'.
L 10/05/2025 - 14:36:32: [chat-processor.smx] Successfully hooked a SayText2 chat hook.
L 10/05/2025 - 14:38:07: [basecomm.smx] "[T-T]MoY<2><STEAM_1:0:511491787><>" muted "AÑAÑIN<12><STEAM_1:0:805934633><>"
L 10/05/2025 - 14:45:21: [basevotes.smx] "[T-T]MoY<2><STEAM_1:0:511491787><>" initiated a kick vote against "BIKASOBRENATURAL<32><STEAM_1:0:956758463><>"
L 10/05/2025 - 14:45:41: [basevotes.smx] Vote successful. (Received "100" of 1 votes)
L 10/05/2025 - 14:45:41: [basevotes.smx] Vote kick successful, kicked "BIKASOBRENATURAL<32><STEAM_1:0:956758463><>" (reason "Votekicked")
L 10/05/2025 - 20:29:24: SourceMod log file session started (file "z:\home\moy\.steam\debian-installation\steamapps\common\left 4 dead 2\left4dead2\addons\sourcemod\logs\L20251005.log") (Version "1.12.0.7207")
L 10/05/2025 - 20:29:24: [GEOIP] GeoIP2 database loaded: GeoLite2-ASN (2024-08-21 08:15:21 UTC) (z:\home\moy\.steam\debian-installation\steamapps\common\left 4 dead 2\left4dead2\addons\sourcemod\configs\geoip\GeoLite2-ASN.mmdb)
L 10/05/2025 - 20:29:24: [GEOIP] GeoIP2 supported languages: en
L 10/05/2025 - 20:29:24: [GEOIP] Your database is older than 90 days. You should consider downloading a newer version from e.g. https://dev.maxmind.com/geoip/geolite2-free-geolocation-data
L 10/05/2025 - 20:29:53: [basecommands.smx] "Console<0><Console><Console>" changed cvar (cvar "sv_consistency") (value "0")
L 10/05/2025 - 20:29:53: [basecommands.smx] "Console<0><Console><Console>" changed cvar (cvar "sv_allow_lobby_connect_only") (value "0")
L 10/05/2025 - 20:29:53: [basecommands.smx] "Console<0><Console><Console>" changed cvar (cvar "sv_maxplayers") (value "8")
L 10/05/2025 - 20:29:53: [basecommands.smx] "Console<0><Console><Console>" changed cvar (cvar "sv_visiblemaxplayers") (value "-1")
L 10/05/2025 - 20:29:53: [chat-processor.smx] Message formats generated for game 'left4dead2'.
L 10/05/2025 - 20:29:53: [chat-processor.smx] Successfully hooked a SayText2 chat hook.
L 10/05/2025 - 20:31:09: [basecommands.smx] "[T-T]MoY<2><STEAM_1:0:511491787><>" changed cvar (cvar "sv_gravity") (value "200")
L 10/05/2025 - 20:32:47: Log file closed.
L 10/05/2025 - 22:23:10: SourceMod log file session started (file "z:\home\moy\.steam\debian-installation\steamapps\common\left 4 dead 2\left4dead2\addons\sourcemod\logs\L20251005.log") (Version "1.12.0.7207")
L 10/05/2025 - 22:23:10: [GEOIP] GeoIP2 database loaded: GeoLite2-ASN (2024-08-21 08:15:21 UTC) (z:\home\moy\.steam\debian-installation\steamapps\common\left 4 dead 2\left4dead2\addons\sourcemod\configs\geoip\GeoLite2-ASN.mmdb)
L 10/05/2025 - 22:23:10: [GEOIP] GeoIP2 supported languages: en
L 10/05/2025 - 22:23:10: [GEOIP] Your database is older than 90 days. You should consider downloading a newer version from e.g. https://dev.maxmind.com/geoip/geolite2-free-geolocation-data
L 10/05/2025 - 22:23:27: [basecommands.smx] "Console<0><Console><Console>" changed cvar (cvar "sv_consistency") (value "0")
L 10/05/2025 - 22:23:27: [basecommands.smx] "Console<0><Console><Console>" changed cvar (cvar "sv_allow_lobby_connect_only") (value "0")
L 10/05/2025 - 22:23:27: [basecommands.smx] "Console<0><Console><Console>" changed cvar (cvar "sv_maxplayers") (value "8")
L 10/05/2025 - 22:23:27: [basecommands.smx] "Console<0><Console><Console>" changed cvar (cvar "sv_visiblemaxplayers") (value "-1")
L 10/05/2025 - 22:23:27: [chat-processor.smx] Message formats generated for game 'left4dead2'.
L 10/05/2025 - 22:23:27: [chat-processor.smx] Successfully hooked a SayText2 chat hook.
L 10/05/2025 - 22:26:06: [basecommands.smx] "[T-T]MoY<2><STEAM_1:0:511491787><>" changed cvar (cvar "sv_gravity") (value "200")
L 10/05/2025 - 22:34:50: -------- Mapchange to c2m2_fairgrounds --------
L 10/05/2025 - 22:35:01: [basecommands.smx] "Console<0><Console><Console>" changed cvar (cvar "sv_consistency") (value "0")
L 10/05/2025 - 22:35:01: [basecommands.smx] "Console<0><Console><Console>" changed cvar (cvar "sv_allow_lobby_connect_only") (value "0")
L 10/05/2025 - 22:35:01: [basecommands.smx] "Console<0><Console><Console>" changed cvar (cvar "sv_maxplayers") (value "8")
L 10/05/2025 - 22:35:01: [basecommands.smx] "Console<0><Console><Console>" changed cvar (cvar "sv_visiblemaxplayers") (value "-1")
L 10/05/2025 - 22:35:01: [chat-processor.smx] Message formats generated for game 'left4dead2'.
L 10/05/2025 - 22:35:01: [chat-processor.smx] Successfully hooked a SayText2 chat hook.
L 10/05/2025 - 22:37:48: -------- Mapchange to c2m3_coaster --------
L 10/05/2025 - 22:37:57: [basecommands.smx] "Console<0><Console><Console>" changed cvar (cvar "sv_consistency") (value "0")
L 10/05/2025 - 22:37:57: [basecommands.smx] "Console<0><Console><Console>" changed cvar (cvar "sv_allow_lobby_connect_only") (value "0")
L 10/05/2025 - 22:37:57: [basecommands.smx] "Console<0><Console><Console>" changed cvar (cvar "sv_maxplayers") (value "8")
L 10/05/2025 - 22:37:57: [basecommands.smx] "Console<0><Console><Console>" changed cvar (cvar "sv_visiblemaxplayers") (value "-1")
L 10/05/2025 - 22:37:58: [chat-processor.smx] Message formats generated for game 'left4dead2'.
L 10/05/2025 - 22:37:58: [chat-processor.smx] Successfully hooked a SayText2 chat hook.
L 10/05/2025 - 22:40:58: Log file closed.
