L 12/06/2025 - 19:47:44: SourceMod log file session started (file "d:\steamlibrary\steamapps\common\left 4 dead 2\left4dead2\addons\sourcemod\logs\L20251206.log") (Version "1.12.0.7207")
L 12/06/2025 - 19:47:44: [GEOIP] GeoIP2 database loaded: GeoLite2-ASN (2024-08-21 08:15:21 UTC) (d:\steamlibrary\steamapps\common\left 4 dead 2\left4dead2\addons\sourcemod\configs\geoip\GeoLite2-ASN.mmdb)
L 12/06/2025 - 19:47:44: [GEOIP] GeoIP2 supported languages: en
L 12/06/2025 - 19:47:44: [GEOIP] Your database is older than 90 days. You should consider downloading a newer version from e.g. https://dev.maxmind.com/geoip/geolite2-free-geolocation-data
L 12/06/2025 - 19:47:53: [basecommands.smx] "Console<0><Console><Console>" changed cvar (cvar "sv_consistency") (value "0")
L 12/06/2025 - 19:47:53: [basecommands.smx] "Console<0><Console><Console>" changed cvar (cvar "sv_allow_lobby_connect_only") (value "0")
L 12/06/2025 - 19:47:53: [basecommands.smx] "Console<0><Console><Console>" changed cvar (cvar "sv_maxplayers") (value "8")
L 12/06/2025 - 19:47:53: [basecommands.smx] "Console<0><Console><Console>" changed cvar (cvar "sv_visiblemaxplayers") (value "-1")
L 12/06/2025 - 19:47:54: [chat-processor.smx] Message formats generated for game 'left4dead2'.
L 12/06/2025 - 19:47:54: [chat-processor.smx] Successfully hooked a SayText2 chat hook.
L 12/06/2025 - 19:49:29: [basecommands.smx] "[T-T]MoY<2><STEAM_1:0:511491787><>" changed cvar (cvar "sv_gravity") (value "200")
L 12/06/2025 - 19:50:00: [basecommands.smx] "[T-T]MoY<2><STEAM_1:0:511491787><>" changed cvar (cvar "sv_gravity") (value "800")
L 12/06/2025 - 19:50:15: [playercommands.smx] "[T-T]MoY<2><STEAM_1:0:511491787><>" slayed "Nick<5><BOT><>"
L 12/06/2025 - 19:56:17: [basecommands.smx] "[T-T]MoY<2><STEAM_1:0:511491787><>" changed cvar (cvar "sv_gravity") (value "200")
L 12/06/2025 - 19:57:17: [l4d_sm_respawn.smx] "[T-T]MoY<2><STEAM_1:0:511491787><>" teleported "KitsNi<23><STEAM_1:0:511682297><>" after respawning him
L 12/06/2025 - 19:58:28: -------- Mapchange to c1m2_streets --------
L 12/06/2025 - 19:58:32: [basecommands.smx] "Console<0><Console><Console>" changed cvar (cvar "sv_consistency") (value "0")
L 12/06/2025 - 19:58:32: [basecommands.smx] "Console<0><Console><Console>" changed cvar (cvar "sv_allow_lobby_connect_only") (value "0")
L 12/06/2025 - 19:58:32: [basecommands.smx] "Console<0><Console><Console>" changed cvar (cvar "sv_maxplayers") (value "8")
L 12/06/2025 - 19:58:32: [basecommands.smx] "Console<0><Console><Console>" changed cvar (cvar "sv_visiblemaxplayers") (value "-1")
L 12/06/2025 - 19:58:32: [chat-processor.smx] Message formats generated for game 'left4dead2'.
L 12/06/2025 - 19:58:32: [chat-processor.smx] Successfully hooked a SayText2 chat hook.
L 12/06/2025 - 20:04:55: [basevotes.smx] "[T-T]MoY<2><STEAM_1:0:511491787><>" initiated a generic vote (question "le" / answers "Yes" "No").
L 12/06/2025 - 20:05:16: [basevotes.smx] Vote successful. (Received "100" of 4 votes)
L 12/06/2025 - 20:05:16: [basevotes.smx] The answer to le is: Yes.
L 12/06/2025 - 20:08:51: [l4d_sm_respawn.smx] "[T-T]MoY<2><STEAM_1:0:511491787><>" teleported "KitsNi<23><STEAM_1:0:511682297><>" after respawning him
L 12/06/2025 - 20:08:51: [l4d_sm_respawn.smx] "[T-T]MoY<2><STEAM_1:0:511491787><>" teleported "xDragonGaming83<15><STEAM_1:0:934588592><>" after respawning him
L 12/06/2025 - 20:15:07: -------- Mapchange to c1m3_mall --------
L 12/06/2025 - 20:15:10: [basecommands.smx] "Console<0><Console><Console>" changed cvar (cvar "sv_consistency") (value "0")
L 12/06/2025 - 20:15:10: [basecommands.smx] "Console<0><Console><Console>" changed cvar (cvar "sv_allow_lobby_connect_only") (value "0")
L 12/06/2025 - 20:15:10: [basecommands.smx] "Console<0><Console><Console>" changed cvar (cvar "sv_maxplayers") (value "8")
L 12/06/2025 - 20:15:10: [basecommands.smx] "Console<0><Console><Console>" changed cvar (cvar "sv_visiblemaxplayers") (value "-1")
L 12/06/2025 - 20:15:11: [chat-processor.smx] Message formats generated for game 'left4dead2'.
L 12/06/2025 - 20:15:11: [chat-processor.smx] Successfully hooked a SayText2 chat hook.
L 12/06/2025 - 20:19:05: [basevotes.smx] "[T-T]MoY<2><STEAM_1:0:511491787><>" initiated a generic vote (question "matar a Rochelle" / answers "Yes" "No").
L 12/06/2025 - 20:19:26: [basevotes.smx] Vote successful. (Received "80" of 5 votes)
L 12/06/2025 - 20:19:26: [basevotes.smx] The answer to matar a Rochelle is: Yes.
L 12/06/2025 - 20:19:35: -------- Mapchange to c1m4_atrium --------
L 12/06/2025 - 20:19:39: [basecommands.smx] "Console<0><Console><Console>" changed cvar (cvar "sv_consistency") (value "0")
L 12/06/2025 - 20:19:39: [basecommands.smx] "Console<0><Console><Console>" changed cvar (cvar "sv_allow_lobby_connect_only") (value "0")
L 12/06/2025 - 20:19:39: [basecommands.smx] "Console<0><Console><Console>" changed cvar (cvar "sv_maxplayers") (value "8")
L 12/06/2025 - 20:19:39: [basecommands.smx] "Console<0><Console><Console>" changed cvar (cvar "sv_visiblemaxplayers") (value "-1")
L 12/06/2025 - 20:19:39: [chat-processor.smx] Message formats generated for game 'left4dead2'.
L 12/06/2025 - 20:19:39: [chat-processor.smx] Successfully hooked a SayText2 chat hook.
L 12/06/2025 - 20:20:57: [l4d_sm_respawn.smx] "[T-T]MoY<2><STEAM_1:0:511491787><>" teleported "_3R14N_<84><STEAM_1:1:516170357><>" after respawning him
L 12/06/2025 - 20:20:57: [l4d_sm_respawn.smx] "[T-T]MoY<2><STEAM_1:0:511491787><>" teleported "alexmeds4697<107><STEAM_1:1:558253042><>" after respawning him
L 12/06/2025 - 20:24:18: [l4d_sm_respawn.smx] "[T-T]MoY<2><STEAM_1:0:511491787><>" teleported "[T-T]MoY<2><STEAM_1:0:511491787><>" after respawning him
L 12/06/2025 - 20:24:18: [l4d_sm_respawn.smx] "[T-T]MoY<2><STEAM_1:0:511491787><>" teleported "KitsNi<23><STEAM_1:0:511682297><>" after respawning him
L 12/06/2025 - 20:24:18: [l4d_sm_respawn.smx] "[T-T]MoY<2><STEAM_1:0:511491787><>" teleported "_3R14N_<84><STEAM_1:1:516170357><>" after respawning him
L 12/06/2025 - 20:24:19: [l4d_sm_respawn.smx] "[T-T]MoY<2><STEAM_1:0:511491787><>" teleported "xDragonGaming83<15><STEAM_1:0:934588592><>" after respawning him
L 12/06/2025 - 20:24:19: [l4d_sm_respawn.smx] "[T-T]MoY<2><STEAM_1:0:511491787><>" teleported "alexmeds4697<107><STEAM_1:1:558253042><>" after respawning him
L 12/06/2025 - 20:25:04: [l4d_sm_respawn.smx] "[T-T]MoY<2><STEAM_1:0:511491787><>" teleported "TheLegendary<51><STEAM_1:1:511016942><>" after respawning him
L 12/06/2025 - 20:25:04: [l4d_sm_respawn.smx] "[T-T]MoY<2><STEAM_1:0:511491787><>" teleported "alexmeds4697<107><STEAM_1:1:558253042><>" after respawning him
L 12/06/2025 - 20:25:04: [l4d_sm_respawn.smx] "[T-T]MoY<2><STEAM_1:0:511491787><>" teleported "Bojieh<42><STEAM_1:0:57914814><>" after respawning him
L 12/06/2025 - 20:25:05: [l4d_sm_respawn.smx] "[T-T]MoY<2><STEAM_1:0:511491787><>" teleported "SoyEllis<136><STEAM_1:0:515158164><>" after respawning him
L 12/06/2025 - 20:25:54: [l4d_sm_respawn.smx] "[T-T]MoY<2><STEAM_1:0:511491787><>" teleported "_3R14N_<84><STEAM_1:1:516170357><>" after respawning him
L 12/06/2025 - 20:25:54: [l4d_sm_respawn.smx] "[T-T]MoY<2><STEAM_1:0:511491787><>" teleported "xDragonGaming83<15><STEAM_1:0:934588592><>" after respawning him
L 12/06/2025 - 20:25:54: [l4d_sm_respawn.smx] "[T-T]MoY<2><STEAM_1:0:511491787><>" teleported "alexmeds4697<107><STEAM_1:1:558253042><>" after respawning him
L 12/06/2025 - 20:25:54: [l4d_sm_respawn.smx] "[T-T]MoY<2><STEAM_1:0:511491787><>" teleported "Bojieh<42><STEAM_1:0:57914814><>" after respawning him
L 12/06/2025 - 20:25:55: [l4d_sm_respawn.smx] "[T-T]MoY<2><STEAM_1:0:511491787><>" teleported "SoyEllis<136><STEAM_1:0:515158164><>" after respawning him
L 12/06/2025 - 20:26:46: [l4d_sm_respawn.smx] "[T-T]MoY<2><STEAM_1:0:511491787><>" teleported "[T-T]MoY<2><STEAM_1:0:511491787><>" after respawning him
L 12/06/2025 - 20:26:46: [l4d_sm_respawn.smx] "[T-T]MoY<2><STEAM_1:0:511491787><>" teleported "_3R14N_<84><STEAM_1:1:516170357><>" after respawning him
L 12/06/2025 - 20:26:46: [l4d_sm_respawn.smx] "[T-T]MoY<2><STEAM_1:0:511491787><>" teleported "alexmeds4697<107><STEAM_1:1:558253042><>" after respawning him
L 12/06/2025 - 20:26:46: [l4d_sm_respawn.smx] "[T-T]MoY<2><STEAM_1:0:511491787><>" teleported "Bojieh<42><STEAM_1:0:57914814><>" after respawning him
L 12/06/2025 - 20:28:11: [l4d_sm_respawn.smx] "[T-T]MoY<2><STEAM_1:0:511491787><>" teleported "[T-T]MoY<2><STEAM_1:0:511491787><>" after respawning him
L 12/06/2025 - 20:28:11: [l4d_sm_respawn.smx] "[T-T]MoY<2><STEAM_1:0:511491787><>" teleported "_3R14N_<84><STEAM_1:1:516170357><>" after respawning him
L 12/06/2025 - 20:28:11: [l4d_sm_respawn.smx] "[T-T]MoY<2><STEAM_1:0:511491787><>" teleported "TheLegendary<51><STEAM_1:1:511016942><>" after respawning him
L 12/06/2025 - 20:28:11: [l4d_sm_respawn.smx] "[T-T]MoY<2><STEAM_1:0:511491787><>" teleported "xDragonGaming83<15><STEAM_1:0:934588592><>" after respawning him
L 12/06/2025 - 20:28:12: [l4d_sm_respawn.smx] "[T-T]MoY<2><STEAM_1:0:511491787><>" teleported "alexmeds4697<107><STEAM_1:1:558253042><>" after respawning him
L 12/06/2025 - 20:28:12: [l4d_sm_respawn.smx] "[T-T]MoY<2><STEAM_1:0:511491787><>" teleported "Bojieh<42><STEAM_1:0:57914814><>" after respawning him
L 12/06/2025 - 20:29:10: [l4d_sm_respawn.smx] "[T-T]MoY<2><STEAM_1:0:511491787><>" teleported "[T-T]MoY<2><STEAM_1:0:511491787><>" after respawning him
L 12/06/2025 - 20:29:10: [l4d_sm_respawn.smx] "[T-T]MoY<2><STEAM_1:0:511491787><>" teleported "KitsNi<23><STEAM_1:0:511682297><>" after respawning him
L 12/06/2025 - 20:29:10: [l4d_sm_respawn.smx] "[T-T]MoY<2><STEAM_1:0:511491787><>" teleported "_3R14N_<84><STEAM_1:1:516170357><>" after respawning him
L 12/06/2025 - 20:29:10: [l4d_sm_respawn.smx] "[T-T]MoY<2><STEAM_1:0:511491787><>" teleported "alexmeds4697<107><STEAM_1:1:558253042><>" after respawning him
L 12/06/2025 - 20:29:11: [l4d_sm_respawn.smx] "[T-T]MoY<2><STEAM_1:0:511491787><>" teleported "Bojieh<42><STEAM_1:0:57914814><>" after respawning him
L 12/06/2025 - 20:30:05: [l4d_sm_respawn.smx] "[T-T]MoY<2><STEAM_1:0:511491787><>" teleported "KitsNi<23><STEAM_1:0:511682297><>" after respawning him
L 12/06/2025 - 20:30:05: [l4d_sm_respawn.smx] "[T-T]MoY<2><STEAM_1:0:511491787><>" teleported "xDragonGaming83<15><STEAM_1:0:934588592><>" after respawning him
L 12/06/2025 - 20:30:06: [l4d_sm_respawn.smx] "[T-T]MoY<2><STEAM_1:0:511491787><>" teleported "alexmeds4697<107><STEAM_1:1:558253042><>" after respawning him
L 12/06/2025 - 20:30:06: [l4d_sm_respawn.smx] "[T-T]MoY<2><STEAM_1:0:511491787><>" teleported "SoyEllis<136><STEAM_1:0:515158164><>" after respawning him
L 12/06/2025 - 20:32:01: [basecommands.smx] "[T-T]MoY<2><STEAM_1:0:511491787><>" changed map to "c2m1_highway"
L 12/06/2025 - 20:32:04: [SM] Changed map to "c2m1_highway"
L 12/06/2025 - 20:32:06: -------- Mapchange to c2m1_highway --------
L 12/06/2025 - 20:32:10: [basecommands.smx] "Console<0><Console><Console>" changed cvar (cvar "sv_consistency") (value "0")
L 12/06/2025 - 20:32:10: [basecommands.smx] "Console<0><Console><Console>" changed cvar (cvar "sv_allow_lobby_connect_only") (value "0")
L 12/06/2025 - 20:32:10: [basecommands.smx] "Console<0><Console><Console>" changed cvar (cvar "sv_maxplayers") (value "8")
L 12/06/2025 - 20:32:10: [basecommands.smx] "Console<0><Console><Console>" changed cvar (cvar "sv_visiblemaxplayers") (value "-1")
L 12/06/2025 - 20:32:10: [chat-processor.smx] Message formats generated for game 'left4dead2'.
L 12/06/2025 - 20:32:10: [chat-processor.smx] Successfully hooked a SayText2 chat hook.
L 12/06/2025 - 20:35:38: -------- Mapchange to c2m2_fairgrounds --------
L 12/06/2025 - 20:35:41: [basecommands.smx] "Console<0><Console><Console>" changed cvar (cvar "sv_consistency") (value "0")
L 12/06/2025 - 20:35:41: [basecommands.smx] "Console<0><Console><Console>" changed cvar (cvar "sv_allow_lobby_connect_only") (value "0")
L 12/06/2025 - 20:35:41: [basecommands.smx] "Console<0><Console><Console>" changed cvar (cvar "sv_maxplayers") (value "8")
L 12/06/2025 - 20:35:41: [basecommands.smx] "Console<0><Console><Console>" changed cvar (cvar "sv_visiblemaxplayers") (value "-1")
L 12/06/2025 - 20:35:41: [chat-processor.smx] Message formats generated for game 'left4dead2'.
L 12/06/2025 - 20:35:41: [chat-processor.smx] Successfully hooked a SayText2 chat hook.
L 12/06/2025 - 20:40:00: -------- Mapchange to c2m3_coaster --------
L 12/06/2025 - 20:40:04: [basecommands.smx] "Console<0><Console><Console>" changed cvar (cvar "sv_consistency") (value "0")
L 12/06/2025 - 20:40:04: [basecommands.smx] "Console<0><Console><Console>" changed cvar (cvar "sv_allow_lobby_connect_only") (value "0")
L 12/06/2025 - 20:40:04: [basecommands.smx] "Console<0><Console><Console>" changed cvar (cvar "sv_maxplayers") (value "8")
L 12/06/2025 - 20:40:04: [basecommands.smx] "Console<0><Console><Console>" changed cvar (cvar "sv_visiblemaxplayers") (value "-1")
L 12/06/2025 - 20:40:04: [chat-processor.smx] Message formats generated for game 'left4dead2'.
L 12/06/2025 - 20:40:04: [chat-processor.smx] Successfully hooked a SayText2 chat hook.
L 12/06/2025 - 20:41:10: [basevotes.smx] "[T-T]MoY<2><STEAM_1:0:511491787><>" initiated a generic vote (question "salvar a" / answers "soyEllis" "_3ri4n").
L 12/06/2025 - 20:41:31: [basevotes.smx] Vote successful. (Received "71" of 7 votes)
L 12/06/2025 - 20:41:31: [basevotes.smx] The answer to salvar a is: soyEllis.
L 12/06/2025 - 20:41:40: [basecommands.smx] "[T-T]MoY<2><STEAM_1:0:511491787><>" kicked "_3R14N_<84><STEAM_1:1:516170357><>" (reason "")
L 12/06/2025 - 20:44:03: -------- Mapchange to c2m4_barns --------
L 12/06/2025 - 20:44:07: [basecommands.smx] "Console<0><Console><Console>" changed cvar (cvar "sv_consistency") (value "0")
L 12/06/2025 - 20:44:07: [basecommands.smx] "Console<0><Console><Console>" changed cvar (cvar "sv_allow_lobby_connect_only") (value "0")
L 12/06/2025 - 20:44:07: [basecommands.smx] "Console<0><Console><Console>" changed cvar (cvar "sv_maxplayers") (value "8")
L 12/06/2025 - 20:44:07: [basecommands.smx] "Console<0><Console><Console>" changed cvar (cvar "sv_visiblemaxplayers") (value "-1")
L 12/06/2025 - 20:44:07: [chat-processor.smx] Message formats generated for game 'left4dead2'.
L 12/06/2025 - 20:44:07: [chat-processor.smx] Successfully hooked a SayText2 chat hook.
L 12/06/2025 - 20:47:18: -------- Mapchange to c2m5_concert --------
L 12/06/2025 - 20:47:21: [basecommands.smx] "Console<0><Console><Console>" changed cvar (cvar "sv_consistency") (value "0")
L 12/06/2025 - 20:47:21: [basecommands.smx] "Console<0><Console><Console>" changed cvar (cvar "sv_allow_lobby_connect_only") (value "0")
L 12/06/2025 - 20:47:21: [basecommands.smx] "Console<0><Console><Console>" changed cvar (cvar "sv_maxplayers") (value "8")
L 12/06/2025 - 20:47:21: [basecommands.smx] "Console<0><Console><Console>" changed cvar (cvar "sv_visiblemaxplayers") (value "-1")
L 12/06/2025 - 20:47:21: [chat-processor.smx] Message formats generated for game 'left4dead2'.
L 12/06/2025 - 20:47:21: [chat-processor.smx] Successfully hooked a SayText2 chat hook.
L 12/06/2025 - 20:48:33: [l4d_sm_respawn.smx] "[T-T]MoY<2><STEAM_1:0:511491787><>" teleported "[T-T]MoY<2><STEAM_1:0:511491787><>" after respawning him
L 12/06/2025 - 20:48:34: [l4d_sm_respawn.smx] "[T-T]MoY<2><STEAM_1:0:511491787><>" teleported "LugerDOG<173><STEAM_1:1:524848444><>" after respawning him
L 12/06/2025 - 20:50:24: [l4d_sm_respawn.smx] "[T-T]MoY<2><STEAM_1:0:511491787><>" teleported "LugerDOG<173><STEAM_1:1:524848444><>" after respawning him
L 12/06/2025 - 20:50:31: [l4d_sm_respawn.smx] "[T-T]MoY<2><STEAM_1:0:511491787><>" teleported "xDragonGaming83<182><STEAM_1:0:934588592><>" after respawning him
L 12/06/2025 - 20:51:34: [l4d_sm_respawn.smx] "[T-T]MoY<2><STEAM_1:0:511491787><>" teleported "alexmeds4697<240><STEAM_1:1:558253042><>" after respawning him
L 12/06/2025 - 20:51:35: [l4d_sm_respawn.smx] "[T-T]MoY<2><STEAM_1:0:511491787><>" teleported "SoyEllis<136><STEAM_1:0:515158164><>" after respawning him
L 12/06/2025 - 20:52:14: [l4d_sm_respawn.smx] "[T-T]MoY<2><STEAM_1:0:511491787><>" teleported "alexmeds4697<240><STEAM_1:1:558253042><>" after respawning him
L 12/06/2025 - 20:52:14: [l4d_sm_respawn.smx] "[T-T]MoY<2><STEAM_1:0:511491787><>" teleported "LugerDOG<173><STEAM_1:1:524848444><>" after respawning him
L 12/06/2025 - 20:52:49: [l4d_sm_respawn.smx] "[T-T]MoY<2><STEAM_1:0:511491787><>" teleported "[T-T]MoY<2><STEAM_1:0:511491787><>" after respawning him
L 12/06/2025 - 20:52:49: [l4d_sm_respawn.smx] "[T-T]MoY<2><STEAM_1:0:511491787><>" teleported "alexmeds4697<240><STEAM_1:1:558253042><>" after respawning him
L 12/06/2025 - 20:53:08: [l4d_sm_respawn.smx] "[T-T]MoY<2><STEAM_1:0:511491787><>" teleported "[T-T]MoY<2><STEAM_1:0:511491787><>" after respawning him
L 12/06/2025 - 20:53:08: [l4d_sm_respawn.smx] "[T-T]MoY<2><STEAM_1:0:511491787><>" teleported "alexmeds4697<240><STEAM_1:1:558253042><>" after respawning him
L 12/06/2025 - 20:53:47: [l4d_sm_respawn.smx] "[T-T]MoY<2><STEAM_1:0:511491787><>" teleported "Zofox<244><STEAM_1:1:769469221><>" after respawning him
L 12/06/2025 - 20:54:10: [l4d_sm_respawn.smx] "[T-T]MoY<2><STEAM_1:0:511491787><>" teleported ":v<251><STEAM_1:0:632938318><>" after respawning him
L 12/06/2025 - 20:54:32: [l4d_sm_respawn.smx] "[T-T]MoY<2><STEAM_1:0:511491787><>" teleported ":v<251><STEAM_1:0:632938318><>" after respawning him
L 12/06/2025 - 20:54:52: [l4d_sm_respawn.smx] "[T-T]MoY<2><STEAM_1:0:511491787><>" teleported ":v<251><STEAM_1:0:632938318><>" after respawning him
L 12/06/2025 - 20:56:04: [basecommands.smx] "[T-T]MoY<2><STEAM_1:0:511491787><>" changed map to "c5m1_waterfront"
L 12/06/2025 - 20:56:07: [SM] Changed map to "c5m1_waterfront"
L 12/06/2025 - 20:56:08: -------- Mapchange to c5m1_waterfront --------
L 12/06/2025 - 20:56:12: [basecommands.smx] "Console<0><Console><Console>" changed cvar (cvar "sv_consistency") (value "0")
L 12/06/2025 - 20:56:12: [basecommands.smx] "Console<0><Console><Console>" changed cvar (cvar "sv_allow_lobby_connect_only") (value "0")
L 12/06/2025 - 20:56:12: [basecommands.smx] "Console<0><Console><Console>" changed cvar (cvar "sv_maxplayers") (value "8")
L 12/06/2025 - 20:56:12: [basecommands.smx] "Console<0><Console><Console>" changed cvar (cvar "sv_visiblemaxplayers") (value "-1")
L 12/06/2025 - 20:56:12: [chat-processor.smx] Message formats generated for game 'left4dead2'.
L 12/06/2025 - 20:56:12: [chat-processor.smx] Successfully hooked a SayText2 chat hook.
L 12/06/2025 - 20:58:44: -------- Mapchange to c5m2_park --------
L 12/06/2025 - 20:58:48: [basecommands.smx] "Console<0><Console><Console>" changed cvar (cvar "sv_consistency") (value "0")
L 12/06/2025 - 20:58:48: [basecommands.smx] "Console<0><Console><Console>" changed cvar (cvar "sv_allow_lobby_connect_only") (value "0")
L 12/06/2025 - 20:58:48: [basecommands.smx] "Console<0><Console><Console>" changed cvar (cvar "sv_maxplayers") (value "8")
L 12/06/2025 - 20:58:48: [basecommands.smx] "Console<0><Console><Console>" changed cvar (cvar "sv_visiblemaxplayers") (value "-1")
L 12/06/2025 - 20:58:48: [chat-processor.smx] Message formats generated for game 'left4dead2'.
L 12/06/2025 - 20:58:48: [chat-processor.smx] Successfully hooked a SayText2 chat hook.
L 12/06/2025 - 21:15:58: -------- Mapchange to c5m3_cemetery --------
L 12/06/2025 - 21:16:02: [basecommands.smx] "Console<0><Console><Console>" changed cvar (cvar "sv_consistency") (value "0")
L 12/06/2025 - 21:16:02: [basecommands.smx] "Console<0><Console><Console>" changed cvar (cvar "sv_allow_lobby_connect_only") (value "0")
L 12/06/2025 - 21:16:02: [basecommands.smx] "Console<0><Console><Console>" changed cvar (cvar "sv_maxplayers") (value "8")
L 12/06/2025 - 21:16:02: [basecommands.smx] "Console<0><Console><Console>" changed cvar (cvar "sv_visiblemaxplayers") (value "-1")
L 12/06/2025 - 21:16:02: [chat-processor.smx] Message formats generated for game 'left4dead2'.
L 12/06/2025 - 21:16:02: [chat-processor.smx] Successfully hooked a SayText2 chat hook.
L 12/06/2025 - 21:19:20: [all4dead2.smx] [NOTICE]: ([T-T]MoY<2><STEAM_1:0:511491787><>) has spawned a crowbar
L 12/06/2025 - 21:19:28: [all4dead2.smx] [NOTICE]: ([T-T]MoY<2><STEAM_1:0:511491787><>) has spawned a pain_pills
L 12/06/2025 - 21:19:29: [all4dead2.smx] [NOTICE]: ([T-T]MoY<2><STEAM_1:0:511491787><>) has spawned a pain_pills
L 12/06/2025 - 21:19:29: [all4dead2.smx] [NOTICE]: ([T-T]MoY<2><STEAM_1:0:511491787><>) has spawned a pain_pills
L 12/06/2025 - 21:19:30: [all4dead2.smx] [NOTICE]: ([T-T]MoY<2><STEAM_1:0:511491787><>) has spawned a pain_pills
L 12/06/2025 - 21:19:32: [all4dead2.smx] [NOTICE]: ([T-T]MoY<2><STEAM_1:0:511491787><>) has spawned a pain_pills
L 12/06/2025 - 21:19:32: [all4dead2.smx] [NOTICE]: ([T-T]MoY<2><STEAM_1:0:511491787><>) has spawned a adrenaline
L 12/06/2025 - 21:19:33: [all4dead2.smx] [NOTICE]: ([T-T]MoY<2><STEAM_1:0:511491787><>) has spawned a adrenaline
L 12/06/2025 - 21:19:33: [all4dead2.smx] [NOTICE]: ([T-T]MoY<2><STEAM_1:0:511491787><>) has spawned a adrenaline
L 12/06/2025 - 21:19:34: [all4dead2.smx] [NOTICE]: ([T-T]MoY<2><STEAM_1:0:511491787><>) has spawned a adrenaline
L 12/06/2025 - 21:19:34: [all4dead2.smx] [NOTICE]: ([T-T]MoY<2><STEAM_1:0:511491787><>) has spawned a adrenaline
L 12/06/2025 - 21:19:34: [all4dead2.smx] [NOTICE]: ([T-T]MoY<2><STEAM_1:0:511491787><>) has spawned a adrenaline
L 12/06/2025 - 21:19:34: [all4dead2.smx] [NOTICE]: ([T-T]MoY<2><STEAM_1:0:511491787><>) has spawned a adrenaline
L 12/06/2025 - 21:19:35: [all4dead2.smx] [NOTICE]: ([T-T]MoY<2><STEAM_1:0:511491787><>) has spawned a adrenaline
L 12/06/2025 - 21:19:36: [all4dead2.smx] [NOTICE]: ([T-T]MoY<2><STEAM_1:0:511491787><>) has spawned a adrenaline
L 12/06/2025 - 21:19:40: [all4dead2.smx] [NOTICE]: ([T-T]MoY<2><STEAM_1:0:511491787><>) has spawned a adrenaline
L 12/06/2025 - 21:19:40: [all4dead2.smx] [NOTICE]: ([T-T]MoY<2><STEAM_1:0:511491787><>) has spawned a adrenaline
L 12/06/2025 - 21:19:40: [all4dead2.smx] [NOTICE]: ([T-T]MoY<2><STEAM_1:0:511491787><>) has spawned a adrenaline
L 12/06/2025 - 21:19:40: [all4dead2.smx] [NOTICE]: ([T-T]MoY<2><STEAM_1:0:511491787><>) has spawned a adrenaline
L 12/06/2025 - 21:19:41: [all4dead2.smx] [NOTICE]: ([T-T]MoY<2><STEAM_1:0:511491787><>) has spawned a adrenaline
L 12/06/2025 - 21:19:41: [all4dead2.smx] [NOTICE]: ([T-T]MoY<2><STEAM_1:0:511491787><>) has spawned a adrenaline
L 12/06/2025 - 21:19:41: [all4dead2.smx] [NOTICE]: ([T-T]MoY<2><STEAM_1:0:511491787><>) has spawned a adrenaline
L 12/06/2025 - 21:19:41: [all4dead2.smx] [NOTICE]: ([T-T]MoY<2><STEAM_1:0:511491787><>) has spawned a adrenaline
L 12/06/2025 - 21:19:42: [all4dead2.smx] [NOTICE]: ([T-T]MoY<2><STEAM_1:0:511491787><>) has spawned a adrenaline
L 12/06/2025 - 21:19:42: [all4dead2.smx] [NOTICE]: ([T-T]MoY<2><STEAM_1:0:511491787><>) has spawned a adrenaline
L 12/06/2025 - 21:19:42: [all4dead2.smx] [NOTICE]: ([T-T]MoY<2><STEAM_1:0:511491787><>) has spawned a adrenaline
L 12/06/2025 - 21:24:31: [test_1.smx] "[T-T]MoY<2><STEAM_1:0:511491787><>" cambió la dificultad a hard
L 12/06/2025 - 21:29:05: -------- Mapchange to c5m4_quarter --------
L 12/06/2025 - 21:29:09: [basecommands.smx] "Console<0><Console><Console>" changed cvar (cvar "sv_consistency") (value "0")
L 12/06/2025 - 21:29:09: [basecommands.smx] "Console<0><Console><Console>" changed cvar (cvar "sv_allow_lobby_connect_only") (value "0")
L 12/06/2025 - 21:29:09: [basecommands.smx] "Console<0><Console><Console>" changed cvar (cvar "sv_maxplayers") (value "8")
L 12/06/2025 - 21:29:09: [basecommands.smx] "Console<0><Console><Console>" changed cvar (cvar "sv_visiblemaxplayers") (value "-1")
L 12/06/2025 - 21:29:09: [chat-processor.smx] Message formats generated for game 'left4dead2'.
L 12/06/2025 - 21:29:09: [chat-processor.smx] Successfully hooked a SayText2 chat hook.
L 12/06/2025 - 21:29:45: [test_1.smx] "[T-T]MoY<2><STEAM_1:0:511491787><>" cambió la dificultad a impossible
L 12/06/2025 - 21:37:19: -------- Mapchange to c5m5_bridge --------
L 12/06/2025 - 21:37:23: [basecommands.smx] "Console<0><Console><Console>" changed cvar (cvar "sv_consistency") (value "0")
L 12/06/2025 - 21:37:23: [basecommands.smx] "Console<0><Console><Console>" changed cvar (cvar "sv_allow_lobby_connect_only") (value "0")
L 12/06/2025 - 21:37:23: [basecommands.smx] "Console<0><Console><Console>" changed cvar (cvar "sv_maxplayers") (value "8")
L 12/06/2025 - 21:37:23: [basecommands.smx] "Console<0><Console><Console>" changed cvar (cvar "sv_visiblemaxplayers") (value "-1")
L 12/06/2025 - 21:37:23: [chat-processor.smx] Message formats generated for game 'left4dead2'.
L 12/06/2025 - 21:37:23: [chat-processor.smx] Successfully hooked a SayText2 chat hook.
L 12/06/2025 - 21:39:09: [all4dead2.smx] [NOTICE]: ([T-T]MoY<2><STEAM_1:0:511491787><>) has spawned a tank
L 12/06/2025 - 21:39:09: [all4dead2.smx] [NOTICE]: ([T-T]MoY<2><STEAM_1:0:511491787><>) has spawned a tank
L 12/06/2025 - 21:39:09: [all4dead2.smx] [NOTICE]: ([T-T]MoY<2><STEAM_1:0:511491787><>) has spawned a tank
L 12/06/2025 - 21:39:10: [all4dead2.smx] [NOTICE]: ([T-T]MoY<2><STEAM_1:0:511491787><>) has spawned a tank
L 12/06/2025 - 21:39:10: [all4dead2.smx] [NOTICE]: ([T-T]MoY<2><STEAM_1:0:511491787><>) has spawned a tank
L 12/06/2025 - 21:39:10: [all4dead2.smx] [NOTICE]: ([T-T]MoY<2><STEAM_1:0:511491787><>) has spawned a tank
L 12/06/2025 - 21:39:10: [all4dead2.smx] [NOTICE]: ([T-T]MoY<2><STEAM_1:0:511491787><>) has spawned a tank
L 12/06/2025 - 21:39:10: [all4dead2.smx] [NOTICE]: ([T-T]MoY<2><STEAM_1:0:511491787><>) has spawned a tank
L 12/06/2025 - 21:39:10: [all4dead2.smx] [NOTICE]: ([T-T]MoY<2><STEAM_1:0:511491787><>) has spawned a tank
L 12/06/2025 - 21:39:35: [playercommands.smx] "[T-T]MoY<2><STEAM_1:0:511491787><>" slayed "Tank<433><BOT><>"
L 12/06/2025 - 21:39:36: [playercommands.smx] "[T-T]MoY<2><STEAM_1:0:511491787><>" slayed "(1)Tank<434><BOT><>"
L 12/06/2025 - 21:39:36: [playercommands.smx] "[T-T]MoY<2><STEAM_1:0:511491787><>" slayed "(2)Tank<435><BOT><>"
L 12/06/2025 - 21:39:37: [playercommands.smx] "[T-T]MoY<2><STEAM_1:0:511491787><>" slayed "(3)Tank<436><BOT><>"
L 12/06/2025 - 21:39:37: [playercommands.smx] "[T-T]MoY<2><STEAM_1:0:511491787><>" slayed "(4)Tank<437><BOT><>"
L 12/06/2025 - 21:39:37: [playercommands.smx] "[T-T]MoY<2><STEAM_1:0:511491787><>" slayed "(5)Tank<438><BOT><>"
L 12/06/2025 - 21:39:37: [playercommands.smx] "[T-T]MoY<2><STEAM_1:0:511491787><>" slayed "(6)Tank<439><BOT><>"
L 12/06/2025 - 21:39:38: [playercommands.smx] "[T-T]MoY<2><STEAM_1:0:511491787><>" slayed "(7)Tank<440><BOT><>"
L 12/06/2025 - 21:39:38: [playercommands.smx] "[T-T]MoY<2><STEAM_1:0:511491787><>" slayed "(9)Tank<442><BOT><>"
L 12/06/2025 - 21:39:46: [all4dead2.smx] [NOTICE]: ([T-T]MoY<2><STEAM_1:0:511491787><>) has spawned a tank
L 12/06/2025 - 21:39:46: [all4dead2.smx] [NOTICE]: ([T-T]MoY<2><STEAM_1:0:511491787><>) has spawned a tank
L 12/06/2025 - 21:39:47: [all4dead2.smx] [NOTICE]: ([T-T]MoY<2><STEAM_1:0:511491787><>) has spawned a tank
L 12/06/2025 - 21:39:47: [all4dead2.smx] [NOTICE]: ([T-T]MoY<2><STEAM_1:0:511491787><>) has spawned a tank
L 12/06/2025 - 21:39:47: [all4dead2.smx] [NOTICE]: ([T-T]MoY<2><STEAM_1:0:511491787><>) has spawned a tank
L 12/06/2025 - 21:39:47: [all4dead2.smx] [NOTICE]: ([T-T]MoY<2><STEAM_1:0:511491787><>) has spawned a tank
L 12/06/2025 - 21:39:47: [all4dead2.smx] [NOTICE]: ([T-T]MoY<2><STEAM_1:0:511491787><>) has spawned a tank
L 12/06/2025 - 21:39:48: [all4dead2.smx] [NOTICE]: ([T-T]MoY<2><STEAM_1:0:511491787><>) has spawned a tank
L 12/06/2025 - 21:39:48: [all4dead2.smx] [NOTICE]: ([T-T]MoY<2><STEAM_1:0:511491787><>) has spawned a tank
L 12/06/2025 - 21:43:52: Log file closed.
