L 10/06/2025 - 15:57:16: SourceMod log file session started (file "z:\home\moy\.steam\debian-installation\steamapps\common\left 4 dead 2\left4dead2\addons\sourcemod\logs\L20251006.log") (Version "1.12.0.7207")
L 10/06/2025 - 15:57:16: [GEOIP] GeoIP2 database loaded: GeoLite2-ASN (2024-08-21 08:15:21 UTC) (z:\home\moy\.steam\debian-installation\steamapps\common\left 4 dead 2\left4dead2\addons\sourcemod\configs\geoip\GeoLite2-ASN.mmdb)
L 10/06/2025 - 15:57:16: [GEOIP] GeoIP2 supported languages: en
L 10/06/2025 - 15:57:16: [GEOIP] Your database is older than 90 days. You should consider downloading a newer version from e.g. https://dev.maxmind.com/geoip/geolite2-free-geolocation-data
L 10/06/2025 - 15:57:36: [basecommands.smx] "Console<0><Console><Console>" changed cvar (cvar "sv_consistency") (value "0")
L 10/06/2025 - 15:57:36: [basecommands.smx] "Console<0><Console><Console>" changed cvar (cvar "sv_allow_lobby_connect_only") (value "0")
L 10/06/2025 - 15:57:36: [basecommands.smx] "Console<0><Console><Console>" changed cvar (cvar "sv_maxplayers") (value "8")
L 10/06/2025 - 15:57:36: [basecommands.smx] "Console<0><Console><Console>" changed cvar (cvar "sv_visiblemaxplayers") (value "-1")
L 10/06/2025 - 15:57:36: [chat-processor.smx] Message formats generated for game 'left4dead2'.
L 10/06/2025 - 15:57:36: [chat-processor.smx] Successfully hooked a SayText2 chat hook.
L 10/06/2025 - 16:02:27: [basecommands.smx] "[T-T]MoY<2><STEAM_1:0:511491787><>" kicked "canser de ano<6><STEAM_1:1:936433067><>" (reason "")
L 10/06/2025 - 16:04:54: [basecommands.smx] "[T-T]MoY<2><STEAM_1:0:511491787><>" kicked ".........<14><STEAM_1:0:791418823><>" (reason "")
L 10/06/2025 - 16:06:08: [scc-bridge.smx] [SCC] Config file has been reloaded
L 10/06/2025 - 16:06:49: Log file closed.
L 10/06/2025 - 22:58:26: SourceMod log file session started (file "z:\home\moy\.steam\debian-installation\steamapps\common\left 4 dead 2\left4dead2\addons\sourcemod\logs\L20251006.log") (Version "1.12.0.7207")
L 10/06/2025 - 22:58:26: [GEOIP] GeoIP2 database loaded: GeoLite2-ASN (2024-08-21 08:15:21 UTC) (z:\home\moy\.steam\debian-installation\steamapps\common\left 4 dead 2\left4dead2\addons\sourcemod\configs\geoip\GeoLite2-ASN.mmdb)
L 10/06/2025 - 22:58:26: [GEOIP] GeoIP2 supported languages: en
L 10/06/2025 - 22:58:26: [GEOIP] Your database is older than 90 days. You should consider downloading a newer version from e.g. https://dev.maxmind.com/geoip/geolite2-free-geolocation-data
L 10/06/2025 - 22:58:41: [basecommands.smx] "Console<0><Console><Console>" changed cvar (cvar "sv_consistency") (value "0")
L 10/06/2025 - 22:58:41: [basecommands.smx] "Console<0><Console><Console>" changed cvar (cvar "sv_allow_lobby_connect_only") (value "0")
L 10/06/2025 - 22:58:41: [basecommands.smx] "Console<0><Console><Console>" changed cvar (cvar "sv_maxplayers") (value "8")
L 10/06/2025 - 22:58:41: [basecommands.smx] "Console<0><Console><Console>" changed cvar (cvar "sv_visiblemaxplayers") (value "-1")
L 10/06/2025 - 22:58:42: [chat-processor.smx] Message formats generated for game 'left4dead2'.
L 10/06/2025 - 22:58:42: [chat-processor.smx] Successfully hooked a SayText2 chat hook.
L 10/06/2025 - 22:59:46: [basecommands.smx] "[T-T]MoY<2><STEAM_1:0:511491787><>" changed cvar (cvar "sv_gravity") (value "200")
L 10/06/2025 - 23:05:13: -------- Mapchange to c1m2_streets --------
L 10/06/2025 - 23:05:19: [basecommands.smx] "Console<0><Console><Console>" changed cvar (cvar "sv_consistency") (value "0")
L 10/06/2025 - 23:05:19: [basecommands.smx] "Console<0><Console><Console>" changed cvar (cvar "sv_allow_lobby_connect_only") (value "0")
L 10/06/2025 - 23:05:19: [basecommands.smx] "Console<0><Console><Console>" changed cvar (cvar "sv_maxplayers") (value "8")
L 10/06/2025 - 23:05:19: [basecommands.smx] "Console<0><Console><Console>" changed cvar (cvar "sv_visiblemaxplayers") (value "-1")
L 10/06/2025 - 23:05:19: [chat-processor.smx] Message formats generated for game 'left4dead2'.
L 10/06/2025 - 23:05:19: [chat-processor.smx] Successfully hooked a SayText2 chat hook.
L 10/06/2025 - 23:06:57: [l4d_sm_respawn.smx] "[T-T]MoY<2><STEAM_1:0:511491787><>" teleported "JERRY SAN<34><STEAM_1:0:515399578><>" after respawning him
L 10/06/2025 - 23:18:42: -------- Mapchange to c1m3_mall --------
L 10/06/2025 - 23:18:52: [basecommands.smx] "Console<0><Console><Console>" changed cvar (cvar "sv_consistency") (value "0")
L 10/06/2025 - 23:18:52: [basecommands.smx] "Console<0><Console><Console>" changed cvar (cvar "sv_allow_lobby_connect_only") (value "0")
L 10/06/2025 - 23:18:52: [basecommands.smx] "Console<0><Console><Console>" changed cvar (cvar "sv_maxplayers") (value "8")
L 10/06/2025 - 23:18:52: [basecommands.smx] "Console<0><Console><Console>" changed cvar (cvar "sv_visiblemaxplayers") (value "-1")
L 10/06/2025 - 23:18:52: [chat-processor.smx] Message formats generated for game 'left4dead2'.
L 10/06/2025 - 23:18:52: [chat-processor.smx] Successfully hooked a SayText2 chat hook.
L 10/06/2025 - 23:25:17: -------- Mapchange to c1m4_atrium --------
L 10/06/2025 - 23:25:24: [basecommands.smx] "Console<0><Console><Console>" changed cvar (cvar "sv_consistency") (value "0")
L 10/06/2025 - 23:25:24: [basecommands.smx] "Console<0><Console><Console>" changed cvar (cvar "sv_allow_lobby_connect_only") (value "0")
L 10/06/2025 - 23:25:24: [basecommands.smx] "Console<0><Console><Console>" changed cvar (cvar "sv_maxplayers") (value "8")
L 10/06/2025 - 23:25:24: [basecommands.smx] "Console<0><Console><Console>" changed cvar (cvar "sv_visiblemaxplayers") (value "-1")
L 10/06/2025 - 23:25:25: [chat-processor.smx] Message formats generated for game 'left4dead2'.
L 10/06/2025 - 23:25:25: [chat-processor.smx] Successfully hooked a SayText2 chat hook.
L 10/06/2025 - 23:30:42: [basecommands.smx] "[T-T]MoY<2><STEAM_1:0:511491787><>" changed map to "c2m1_highway"
L 10/06/2025 - 23:30:45: [SM] Changed map to "c2m1_highway"
L 10/06/2025 - 23:30:48: -------- Mapchange to c2m1_highway --------
L 10/06/2025 - 23:31:11: [basecommands.smx] "Console<0><Console><Console>" changed cvar (cvar "sv_consistency") (value "0")
L 10/06/2025 - 23:31:11: [basecommands.smx] "Console<0><Console><Console>" changed cvar (cvar "sv_allow_lobby_connect_only") (value "0")
L 10/06/2025 - 23:31:11: [basecommands.smx] "Console<0><Console><Console>" changed cvar (cvar "sv_maxplayers") (value "8")
L 10/06/2025 - 23:31:11: [basecommands.smx] "Console<0><Console><Console>" changed cvar (cvar "sv_visiblemaxplayers") (value "-1")
L 10/06/2025 - 23:31:11: [chat-processor.smx] Message formats generated for game 'left4dead2'.
L 10/06/2025 - 23:31:11: [chat-processor.smx] Successfully hooked a SayText2 chat hook.
L 10/06/2025 - 23:35:10: -------- Mapchange to c2m2_fairgrounds --------
L 10/06/2025 - 23:35:18: [basecommands.smx] "Console<0><Console><Console>" changed cvar (cvar "sv_consistency") (value "0")
L 10/06/2025 - 23:35:18: [basecommands.smx] "Console<0><Console><Console>" changed cvar (cvar "sv_allow_lobby_connect_only") (value "0")
L 10/06/2025 - 23:35:18: [basecommands.smx] "Console<0><Console><Console>" changed cvar (cvar "sv_maxplayers") (value "8")
L 10/06/2025 - 23:35:18: [basecommands.smx] "Console<0><Console><Console>" changed cvar (cvar "sv_visiblemaxplayers") (value "-1")
L 10/06/2025 - 23:35:19: [chat-processor.smx] Message formats generated for game 'left4dead2'.
L 10/06/2025 - 23:35:19: [chat-processor.smx] Successfully hooked a SayText2 chat hook.
L 10/06/2025 - 23:39:53: -------- Mapchange to c2m3_coaster --------
L 10/06/2025 - 23:40:06: [basecommands.smx] "Console<0><Console><Console>" changed cvar (cvar "sv_consistency") (value "0")
L 10/06/2025 - 23:40:06: [basecommands.smx] "Console<0><Console><Console>" changed cvar (cvar "sv_allow_lobby_connect_only") (value "0")
L 10/06/2025 - 23:40:06: [basecommands.smx] "Console<0><Console><Console>" changed cvar (cvar "sv_maxplayers") (value "8")
L 10/06/2025 - 23:40:06: [basecommands.smx] "Console<0><Console><Console>" changed cvar (cvar "sv_visiblemaxplayers") (value "-1")
L 10/06/2025 - 23:40:06: [chat-processor.smx] Message formats generated for game 'left4dead2'.
L 10/06/2025 - 23:40:06: [chat-processor.smx] Successfully hooked a SayText2 chat hook.
L 10/06/2025 - 23:45:15: [playercommands.smx] "[T-T]MoY<2><STEAM_1:0:511491787><>" slayed "Tank<167><BOT><>"
L 10/06/2025 - 23:45:16: [playercommands.smx] "[T-T]MoY<2><STEAM_1:0:511491787><>" slayed "(1)Tank<169><BOT><>"
L 10/06/2025 - 23:45:25: [l4d_sm_respawn.smx] "[T-T]MoY<2><STEAM_1:0:511491787><>" teleported "cannibal.<80><STEAM_1:1:526527514><>" after respawning him
L 10/06/2025 - 23:45:39: [playercommands.smx] "[T-T]MoY<2><STEAM_1:0:511491787><>" slayed "Tank<171><BOT><>"
L 10/06/2025 - 23:45:55: [playercommands.smx] "[T-T]MoY<2><STEAM_1:0:511491787><>" slayed "Tank<172><BOT><>"
L 10/06/2025 - 23:48:26: -------- Mapchange to c2m4_barns --------
L 10/06/2025 - 23:48:38: [basecommands.smx] "Console<0><Console><Console>" changed cvar (cvar "sv_consistency") (value "0")
L 10/06/2025 - 23:48:38: [basecommands.smx] "Console<0><Console><Console>" changed cvar (cvar "sv_allow_lobby_connect_only") (value "0")
L 10/06/2025 - 23:48:38: [basecommands.smx] "Console<0><Console><Console>" changed cvar (cvar "sv_maxplayers") (value "8")
L 10/06/2025 - 23:48:38: [basecommands.smx] "Console<0><Console><Console>" changed cvar (cvar "sv_visiblemaxplayers") (value "-1")
L 10/06/2025 - 23:48:38: [chat-processor.smx] Message formats generated for game 'left4dead2'.
L 10/06/2025 - 23:48:38: [chat-processor.smx] Successfully hooked a SayText2 chat hook.
L 10/07/2025 - 00:00:03: Log file closed.
