L 06/23/2026 - 22:48:44: SourceMod log file session started (file "d:\steamlibrary\steamapps\common\left 4 dead 2\left4dead2\addons\sourcemod\logs\L20260623.log") (Version "1.12.0.7207")
L 06/23/2026 - 22:48:44: [GEOIP] GeoIP2 database loaded: GeoLite2-ASN (2024-08-21 08:15:21 UTC) (d:\steamlibrary\steamapps\common\left 4 dead 2\left4dead2\addons\sourcemod\configs\geoip\GeoLite2-ASN.mmdb)
L 06/23/2026 - 22:48:44: [GEOIP] GeoIP2 supported languages: en
L 06/23/2026 - 22:48:44: [GEOIP] Your database is older than 90 days. You should consider downloading a newer version from e.g. https://dev.maxmind.com/geoip/geolite2-free-geolocation-data
L 06/23/2026 - 22:48:44: [l4d2_map_rotation.smx] [Rotation] Lista cargada con 5 campañas.
L 06/23/2026 - 22:48:46: [l4d_extinguisher.smx] 
==========
Warning: You should install "[L4D2] Scavenge Score Fix - Gascan Pouring" to prevent affecting the score when filling gas in Scavenge style events: https://forums.alliedmods.net/showthread.php?t=187686
==========

L 06/23/2026 - 22:48:46: [l4d_extinguisher.smx] 
==========
Warning: You should install "[L4D & L4D2] Use Priority Patch" to fix attached models blocking +USE action: https://forums.alliedmods.net/showthread.php?t=327511
==========

L 06/23/2026 - 22:48:58: [basecommands.smx] "Console<0><Console><Console>" changed cvar (cvar "sv_consistency") (value "0")
L 06/23/2026 - 22:48:58: [basecommands.smx] "Console<0><Console><Console>" changed cvar (cvar "sv_allow_lobby_connect_only") (value "0")
L 06/23/2026 - 22:48:58: [basecommands.smx] "Console<0><Console><Console>" changed cvar (cvar "sv_maxplayers") (value "8")
L 06/23/2026 - 22:48:58: [basecommands.smx] "Console<0><Console><Console>" changed cvar (cvar "sv_visiblemaxplayers") (value "-1")
L 06/23/2026 - 22:48:58: [chat-processor.smx] Message formats generated for game 'left4dead2'.
L 06/23/2026 - 22:48:58: [chat-processor.smx] Successfully hooked a SayText2 chat hook.
L 06/23/2026 - 22:49:08: [l4d2_shop.smx] [LOAD]: "[T-T]MoY<2><STEAM_ID_PENDING><>" loaded the record successfully! Points: "0"
L 06/23/2026 - 22:50:43: [l4d2_shop.smx] [UPDATE]: "[T-T]MoY<2><STEAM_1:0:511491787><>" saved. Points: "0"
L 06/23/2026 - 22:52:04: [l4d2_shop.smx] [INSERT]: "El Gotto Cuba<31><STEAM_1:0:233948304><>" is a new user!!
L 06/23/2026 - 22:54:41: -------- Mapchange to Glubtastic2_1 --------
L 06/23/2026 - 22:54:43: [basecommands.smx] "Console<0><Console><Console>" changed cvar (cvar "sv_consistency") (value "0")
L 06/23/2026 - 22:54:43: [basecommands.smx] "Console<0><Console><Console>" changed cvar (cvar "sv_allow_lobby_connect_only") (value "0")
L 06/23/2026 - 22:54:43: [basecommands.smx] "Console<0><Console><Console>" changed cvar (cvar "sv_maxplayers") (value "8")
L 06/23/2026 - 22:54:43: [basecommands.smx] "Console<0><Console><Console>" changed cvar (cvar "sv_visiblemaxplayers") (value "-1")
L 06/23/2026 - 22:54:43: [chat-processor.smx] Message formats generated for game 'left4dead2'.
L 06/23/2026 - 22:54:43: [chat-processor.smx] Successfully hooked a SayText2 chat hook.
L 06/23/2026 - 22:54:54: [l4d2_shop.smx] [LOAD]: "[T-T]MoY<32><STEAM_ID_PENDING><>" loaded the record successfully! Points: "0"
L 06/23/2026 - 22:55:49: [l4d2_shop.smx] [INSERT]: "seba<48><STEAM_1:1:702819179><>" is a new user!!
L 06/23/2026 - 22:56:09: [l4d2_shop.smx] [INSERT]: "Newton44<49><STEAM_1:0:592331987><>" is a new user!!
L 06/23/2026 - 23:02:17: -------- Mapchange to glubtastic4_1 --------
L 06/23/2026 - 23:02:22: [basecommands.smx] "Console<0><Console><Console>" changed cvar (cvar "sv_consistency") (value "0")
L 06/23/2026 - 23:02:22: [basecommands.smx] "Console<0><Console><Console>" changed cvar (cvar "sv_allow_lobby_connect_only") (value "0")
L 06/23/2026 - 23:02:22: [basecommands.smx] "Console<0><Console><Console>" changed cvar (cvar "sv_maxplayers") (value "8")
L 06/23/2026 - 23:02:22: [basecommands.smx] "Console<0><Console><Console>" changed cvar (cvar "sv_visiblemaxplayers") (value "-1")
L 06/23/2026 - 23:02:22: [chat-processor.smx] Message formats generated for game 'left4dead2'.
L 06/23/2026 - 23:02:22: [chat-processor.smx] Successfully hooked a SayText2 chat hook.
L 06/23/2026 - 23:02:27: [l4d2_shop.smx] [LOAD]: "[T-T]MoY<72><STEAM_ID_PENDING><>" loaded the record successfully! Points: "0"
L 06/23/2026 - 23:05:07: [l4d2_shop.smx] [INSERT]: "Barrage<82><STEAM_1:0:574867425><>" is a new user!!
L 06/23/2026 - 23:07:30: [l4d2_shop.smx] [INSERT]: "DON GIL KCHA PALOMITAS.<87><STEAM_1:1:407440296><>" is a new user!!
L 06/23/2026 - 23:08:36: [funcommands.smx] "[T-T]MoY<72><STEAM_1:0:511491787><>" froze "Barrage<82><STEAM_1:0:574867425><>"
L 06/23/2026 - 23:08:49: [funcommands.smx] "[T-T]MoY<72><STEAM_1:0:511491787><>" froze "Barrage<82><STEAM_1:0:574867425><>"
L 06/23/2026 - 23:09:10: [l4d2_shop.smx] [UPDATE]: "[T-T]MoY<72><STEAM_1:0:511491787><>" saved. Points: "1"
L 06/23/2026 - 23:09:10: [l4d2_shop.smx] [UPDATE]: "DON GIL KCHA PALOMITAS.<87><STEAM_1:1:407440296><>" saved. Points: "0"
L 06/23/2026 - 23:09:10: [l4d2_shop.smx] [UPDATE]: "Barrage<82><STEAM_1:0:574867425><>" saved. Points: "4"
L 06/23/2026 - 23:12:21: [l4d2_shop.smx] [INSERT]: "bolitanegra<108><STEAM_1:1:393140979><>" is a new user!!
L 06/23/2026 - 23:14:05: -------- Mapchange to glubtastic4_2 --------
L 06/23/2026 - 23:14:08: [basecommands.smx] "Console<0><Console><Console>" changed cvar (cvar "sv_consistency") (value "0")
L 06/23/2026 - 23:14:08: [basecommands.smx] "Console<0><Console><Console>" changed cvar (cvar "sv_allow_lobby_connect_only") (value "0")
L 06/23/2026 - 23:14:08: [basecommands.smx] "Console<0><Console><Console>" changed cvar (cvar "sv_maxplayers") (value "8")
L 06/23/2026 - 23:14:08: [basecommands.smx] "Console<0><Console><Console>" changed cvar (cvar "sv_visiblemaxplayers") (value "-1")
L 06/23/2026 - 23:14:08: [chat-processor.smx] Message formats generated for game 'left4dead2'.
L 06/23/2026 - 23:14:08: [chat-processor.smx] Successfully hooked a SayText2 chat hook.
L 06/23/2026 - 23:14:14: [l4d2_shop.smx] [LOAD]: "[T-T]MoY<72><STEAM_1:0:511491787><>" loaded the record successfully! Points: "1"
L 06/23/2026 - 23:14:15: [l4d2_shop.smx] [LOAD]: "Barrage<82><STEAM_1:0:574867425><>" loaded the record successfully! Points: "4"
L 06/23/2026 - 23:14:17: [l4d2_shop.smx] [LOAD]: "bolitanegra<108><STEAM_1:1:393140979><>" loaded the record successfully! Points: "0"
L 06/23/2026 - 23:14:20: [l4d2_shop.smx] [LOAD]: "DON GIL KCHA PALOMITAS.<87><STEAM_1:1:407440296><>" loaded the record successfully! Points: "0"
L 06/23/2026 - 23:15:28: [l4d2_shop.smx] [UPDATE]: "[T-T]MoY<72><STEAM_1:0:511491787><>" saved. Points: "1"
L 06/23/2026 - 23:15:28: [l4d2_shop.smx] UPDATE SpecialFunctions SET isEnabled = 1 WHERE steamId = 'STEAM_1:0:511491787' AND (functionNo = 'GRAY_AMMO' OR functionNo = 'BLUE_AMMO' OR functionNo = 'GOLD_AMMO')
L 06/23/2026 - 23:15:28: [l4d2_shop.smx] [UPDATE]: "DON GIL KCHA PALOMITAS.<87><STEAM_1:1:407440296><>" saved. Points: "0"
L 06/23/2026 - 23:15:28: [l4d2_shop.smx] [UPDATE]: "Barrage<82><STEAM_1:0:574867425><>" saved. Points: "4"
L 06/23/2026 - 23:15:28: [l4d2_shop.smx] [UPDATE]: "bolitanegra<108><STEAM_1:1:393140979><>" saved. Points: "0"
L 06/23/2026 - 23:16:16: [l4d2_shop.smx] [INSERT]: "AMÉRICA<132><STEAM_1:1:934042372><>" is a new user!!
L 06/23/2026 - 23:17:19: [l4d2_shop.smx] [UPDATE]: "[T-T]MoY<72><STEAM_1:0:511491787><>" saved. Points: "1"
L 06/23/2026 - 23:17:19: [l4d2_shop.smx] UPDATE SpecialFunctions SET isEnabled = 1 WHERE steamId = 'STEAM_1:0:511491787' AND (functionNo = 'GRAY_AMMO' OR functionNo = 'BLUE_AMMO' OR functionNo = 'GOLD_AMMO')
L 06/23/2026 - 23:17:19: [l4d2_shop.smx] [UPDATE]: "AMÉRICA<132><STEAM_1:1:934042372><>" saved. Points: "1"
L 06/23/2026 - 23:17:19: [l4d2_shop.smx] [UPDATE]: "DON GIL KCHA PALOMITAS.<87><STEAM_1:1:407440296><>" saved. Points: "0"
L 06/23/2026 - 23:17:19: [l4d2_shop.smx] [UPDATE]: "Barrage<82><STEAM_1:0:574867425><>" saved. Points: "4"
L 06/23/2026 - 23:17:19: [l4d2_shop.smx] [UPDATE]: "bolitanegra<108><STEAM_1:1:393140979><>" saved. Points: "1"
L 06/23/2026 - 23:24:04: [l4d2_shop.smx] [UPDATE]: "[T-T]MoY<72><STEAM_1:0:511491787><>" saved. Points: "1"
L 06/23/2026 - 23:24:04: [l4d2_shop.smx] UPDATE SpecialFunctions SET isEnabled = 1 WHERE steamId = 'STEAM_1:0:511491787' AND (functionNo = 'GRAY_AMMO' OR functionNo = 'BLUE_AMMO' OR functionNo = 'GOLD_AMMO')
L 06/23/2026 - 23:24:04: [l4d2_shop.smx] [UPDATE]: "AMÉRICA<132><STEAM_1:1:934042372><>" saved. Points: "4"
L 06/23/2026 - 23:24:04: [l4d2_shop.smx] [UPDATE]: "DON GIL KCHA PALOMITAS.<87><STEAM_1:1:407440296><>" saved. Points: "2"
L 06/23/2026 - 23:24:04: [l4d2_shop.smx] [UPDATE]: "Barrage<82><STEAM_1:0:574867425><>" saved. Points: "9"
L 06/23/2026 - 23:24:04: [l4d2_shop.smx] [UPDATE]: "bolitanegra<108><STEAM_1:1:393140979><>" saved. Points: "3"
L 06/23/2026 - 23:25:44: [l4d2_shop.smx] [INSERT]: "xccoreia 1.0<252><STEAM_1:0:444835763><>" is a new user!!
L 06/23/2026 - 23:26:25: -------- Mapchange to glubtastic4_3 --------
L 06/23/2026 - 23:26:29: [basecommands.smx] "Console<0><Console><Console>" changed cvar (cvar "sv_consistency") (value "0")
L 06/23/2026 - 23:26:29: [basecommands.smx] "Console<0><Console><Console>" changed cvar (cvar "sv_allow_lobby_connect_only") (value "0")
L 06/23/2026 - 23:26:29: [basecommands.smx] "Console<0><Console><Console>" changed cvar (cvar "sv_maxplayers") (value "8")
L 06/23/2026 - 23:26:29: [basecommands.smx] "Console<0><Console><Console>" changed cvar (cvar "sv_visiblemaxplayers") (value "-1")
L 06/23/2026 - 23:26:29: [chat-processor.smx] Message formats generated for game 'left4dead2'.
L 06/23/2026 - 23:26:29: [chat-processor.smx] Successfully hooked a SayText2 chat hook.
L 06/23/2026 - 23:26:34: [l4d2_shop.smx] [LOAD]: "[T-T]MoY<72><STEAM_1:0:511491787><>" loaded the record successfully! Points: "1"
L 06/23/2026 - 23:26:36: [l4d2_shop.smx] [LOAD]: "xccoreia 1.0<252><STEAM_1:0:444835763><>" loaded the record successfully! Points: "0"
L 06/23/2026 - 23:26:37: [l4d2_shop.smx] [LOAD]: "Barrage<82><STEAM_1:0:574867425><>" loaded the record successfully! Points: "9"
L 06/23/2026 - 23:26:37: [l4d2_shop.smx] [LOAD]: "bolitanegra<108><STEAM_1:1:393140979><>" loaded the record successfully! Points: "3"
L 06/23/2026 - 23:26:40: [l4d2_shop.smx] [LOAD]: "DON GIL KCHA PALOMITAS.<87><STEAM_1:1:407440296><>" loaded the record successfully! Points: "2"
L 06/23/2026 - 23:26:49: [l4d2_shop.smx] [LOAD]: "AMÉRICA<132><STEAM_1:1:934042372><>" loaded the record successfully! Points: "4"
L 06/23/2026 - 23:28:41: [l4d2_shop.smx] [INSERT]: "Vagina seca<259><STEAM_1:0:515512262><>" is a new user!!
L 06/23/2026 - 23:29:10: [l4d2_shop.smx] [INSERT]: "SSuperSS_LG<260><STEAM_1:0:461875021><>" is a new user!!
L 06/23/2026 - 23:29:41: [l4d_sm_respawn.smx] "[T-T]MoY<72><STEAM_1:0:511491787><>" teleported "xccoreia 1.0<252><STEAM_1:0:444835763><>" after respawning him
L 06/23/2026 - 23:30:12: [l4d2_shop.smx] [INSERT]: "TELEASE<265><STEAM_1:1:570477903><>" is a new user!!
L 06/23/2026 - 23:31:02: [l4d2_shop.smx] [LOAD]: "DON GIL KCHA PALOMITAS.<267><STEAM_1:1:407440296><>" loaded the record successfully! Points: "2"
L 06/23/2026 - 23:32:07: [l4d2_shop.smx] [UPDATE]: "[T-T]MoY<72><STEAM_1:0:511491787><>" saved. Points: "4"
L 06/23/2026 - 23:32:07: [l4d2_shop.smx] UPDATE SpecialFunctions SET isEnabled = 1 WHERE steamId = 'STEAM_1:0:511491787' AND (functionNo = 'GRAY_AMMO' OR functionNo = 'BLUE_AMMO' OR functionNo = 'GOLD_AMMO')
L 06/23/2026 - 23:32:07: [l4d2_shop.smx] [UPDATE]: "TELEASE<265><STEAM_1:1:570477903><>" saved. Points: "0"
L 06/23/2026 - 23:32:07: [l4d2_shop.smx] [UPDATE]: "DON GIL KCHA PALOMITAS.<267><STEAM_1:1:407440296><>" saved. Points: "2"
L 06/23/2026 - 23:32:07: [l4d2_shop.smx] [UPDATE]: "SSuperSS_LG<260><STEAM_1:0:461875021><>" saved. Points: "0"
L 06/23/2026 - 23:32:07: [l4d2_shop.smx] [UPDATE]: "Barrage<82><STEAM_1:0:574867425><>" saved. Points: "11"
L 06/23/2026 - 23:32:07: [l4d2_shop.smx] [UPDATE]: "bolitanegra<108><STEAM_1:1:393140979><>" saved. Points: "5"
L 06/23/2026 - 23:32:07: [l4d2_shop.smx] [UPDATE]: "xccoreia 1.0<252><STEAM_1:0:444835763><>" saved. Points: "2"
L 06/23/2026 - 23:34:20: [l4d2_shop.smx] [UPDATE]: "[T-T]MoY<72><STEAM_1:0:511491787><>" saved. Points: "5"
L 06/23/2026 - 23:34:20: [l4d2_shop.smx] UPDATE SpecialFunctions SET isEnabled = 1 WHERE steamId = 'STEAM_1:0:511491787' AND (functionNo = 'GRAY_AMMO' OR functionNo = 'BLUE_AMMO' OR functionNo = 'GOLD_AMMO')
L 06/23/2026 - 23:34:20: [l4d2_shop.smx] [UPDATE]: "TELEASE<265><STEAM_1:1:570477903><>" saved. Points: "0"
L 06/23/2026 - 23:34:20: [l4d2_shop.smx] [UPDATE]: "SSuperSS_LG<260><STEAM_1:0:461875021><>" saved. Points: "0"
L 06/23/2026 - 23:34:20: [l4d2_shop.smx] [UPDATE]: "Barrage<82><STEAM_1:0:574867425><>" saved. Points: "11"
L 06/23/2026 - 23:34:20: [l4d2_shop.smx] [UPDATE]: "bolitanegra<108><STEAM_1:1:393140979><>" saved. Points: "7"
L 06/23/2026 - 23:34:20: [l4d2_shop.smx] [UPDATE]: "xccoreia 1.0<252><STEAM_1:0:444835763><>" saved. Points: "2"
L 06/23/2026 - 23:39:04: -------- Mapchange to glubtastic4_4 --------
L 06/23/2026 - 23:39:09: [basecommands.smx] "Console<0><Console><Console>" changed cvar (cvar "sv_consistency") (value "0")
L 06/23/2026 - 23:39:09: [basecommands.smx] "Console<0><Console><Console>" changed cvar (cvar "sv_allow_lobby_connect_only") (value "0")
L 06/23/2026 - 23:39:09: [basecommands.smx] "Console<0><Console><Console>" changed cvar (cvar "sv_maxplayers") (value "8")
L 06/23/2026 - 23:39:09: [basecommands.smx] "Console<0><Console><Console>" changed cvar (cvar "sv_visiblemaxplayers") (value "-1")
L 06/23/2026 - 23:39:09: [chat-processor.smx] Message formats generated for game 'left4dead2'.
L 06/23/2026 - 23:39:09: [chat-processor.smx] Successfully hooked a SayText2 chat hook.
L 06/23/2026 - 23:39:14: [l4d2_shop.smx] [LOAD]: "[T-T]MoY<72><STEAM_1:0:511491787><>" loaded the record successfully! Points: "5"
L 06/23/2026 - 23:39:17: [l4d2_shop.smx] [LOAD]: "Barrage<82><STEAM_1:0:574867425><>" loaded the record successfully! Points: "11"
L 06/23/2026 - 23:39:19: [l4d2_shop.smx] [LOAD]: "bolitanegra<108><STEAM_1:1:393140979><>" loaded the record successfully! Points: "7"
L 06/23/2026 - 23:39:33: [l4d2_shop.smx] [LOAD]: "SSuperSS_LG<260><STEAM_1:0:461875021><>" loaded the record successfully! Points: "0"
L 06/23/2026 - 23:42:05: Log file closed.
