L 07/08/2026 - 22:39:56: SourceMod log file session started (file "d:\steamlibrary\steamapps\common\left 4 dead 2\left4dead2\addons\sourcemod\logs\L20260708.log") (Version "1.12.0.7207")
L 07/08/2026 - 22:39:56: [GEOIP] GeoIP2 database loaded: GeoLite2-ASN (2024-08-21 08:15:21 UTC) (d:\steamlibrary\steamapps\common\left 4 dead 2\left4dead2\addons\sourcemod\configs\geoip\GeoLite2-ASN.mmdb)
L 07/08/2026 - 22:39:56: [GEOIP] GeoIP2 supported languages: en
L 07/08/2026 - 22:39:56: [GEOIP] Your database is older than 90 days. You should consider downloading a newer version from e.g. https://dev.maxmind.com/geoip/geolite2-free-geolocation-data
L 07/08/2026 - 22:39:58: [l4d_extinguisher.smx] 
==========
Warning: You should install "[L4D2] Scavenge Score Fix - Gascan Pouring" to prevent affecting the score when filling gas in Scavenge style events: https://forums.alliedmods.net/showthread.php?t=187686
==========

L 07/08/2026 - 22:39:58: [l4d_extinguisher.smx] 
==========
Warning: You should install "[L4D & L4D2] Use Priority Patch" to fix attached models blocking +USE action: https://forums.alliedmods.net/showthread.php?t=327511
==========

L 07/08/2026 - 22:40:11: [basecommands.smx] "Console<0><Console><Console>" changed cvar (cvar "sv_consistency") (value "0")
L 07/08/2026 - 22:40:11: [basecommands.smx] "Console<0><Console><Console>" changed cvar (cvar "sv_allow_lobby_connect_only") (value "0")
L 07/08/2026 - 22:40:11: [basecommands.smx] "Console<0><Console><Console>" changed cvar (cvar "sv_maxplayers") (value "8")
L 07/08/2026 - 22:40:11: [basecommands.smx] "Console<0><Console><Console>" changed cvar (cvar "sv_visiblemaxplayers") (value "-1")
L 07/08/2026 - 22:40:11: [chat-processor.smx] Message formats generated for game 'left4dead2'.
L 07/08/2026 - 22:40:11: [chat-processor.smx] Successfully hooked a SayText2 chat hook.
L 07/08/2026 - 22:40:17: [l4d2_shop.smx] [LOAD]: "[T-T]MoY<2><STEAM_1:0:511491787><>" loaded the record successfully! Points: "15"
L 07/08/2026 - 22:41:07: [l4d2_shop.smx] [UPDATE]: "[T-T]MoY<2><STEAM_1:0:511491787><>" saved. Points: "15"
L 07/08/2026 - 22:41:07: [l4d2_shop.smx] UPDATE SpecialFunctions SET isEnabled = 1 WHERE steamId = 'STEAM_1:0:511491787' AND (functionNo = 'GRAY_AMMO' OR functionNo = 'BLUE_AMMO' OR functionNo = 'GOLD_AMMO')
L 07/08/2026 - 22:42:11: [l4d2_shop.smx] [UPDATE]: "[T-T]MoY<2><STEAM_1:0:511491787><>" saved. Points: "15"
L 07/08/2026 - 22:42:11: [l4d2_shop.smx] UPDATE SpecialFunctions SET isEnabled = 1 WHERE steamId = 'STEAM_1:0:511491787' AND (functionNo = 'GRAY_AMMO' OR functionNo = 'BLUE_AMMO' OR functionNo = 'GOLD_AMMO')
L 07/08/2026 - 22:42:15: [l4d2_shop.smx] [INSERT]: "reco.dev<6><STEAM_1:1:629768035><>" is a new user!!
L 07/08/2026 - 22:43:46: [l4d2_shop.smx] [INSERT]: "Gatito plomo<8><STEAM_1:0:607618848><>" is a new user!!
L 07/08/2026 - 22:44:26: [l4d2_shop.smx] [INSERT]: "RODRIXD<12><STEAM_1:0:908096513><>" is a new user!!
L 07/08/2026 - 22:45:18: [l4d2_shop.smx] [UPDATE]: "[T-T]MoY<2><STEAM_1:0:511491787><>" saved. Points: "16"
L 07/08/2026 - 22:45:18: [l4d2_shop.smx] UPDATE SpecialFunctions SET isEnabled = 1 WHERE steamId = 'STEAM_1:0:511491787' AND (functionNo = 'GRAY_AMMO' OR functionNo = 'BLUE_AMMO' OR functionNo = 'GOLD_AMMO')
L 07/08/2026 - 22:45:18: [l4d2_shop.smx] [UPDATE]: "Gatito plomo<8><STEAM_1:0:607618848><>" saved. Points: "0"
L 07/08/2026 - 22:45:18: [l4d2_shop.smx] [UPDATE]: "RODRIXD<12><STEAM_1:0:908096513><>" saved. Points: "0"
L 07/08/2026 - 22:45:18: [l4d2_shop.smx] [UPDATE]: "reco.dev<6><STEAM_1:1:629768035><>" saved. Points: "2"
L 07/08/2026 - 22:53:34: -------- Mapchange to glubtastic5_2 --------
L 07/08/2026 - 22:53:37: [basecommands.smx] "Console<0><Console><Console>" changed cvar (cvar "sv_consistency") (value "0")
L 07/08/2026 - 22:53:37: [basecommands.smx] "Console<0><Console><Console>" changed cvar (cvar "sv_allow_lobby_connect_only") (value "0")
L 07/08/2026 - 22:53:37: [basecommands.smx] "Console<0><Console><Console>" changed cvar (cvar "sv_maxplayers") (value "8")
L 07/08/2026 - 22:53:37: [basecommands.smx] "Console<0><Console><Console>" changed cvar (cvar "sv_visiblemaxplayers") (value "-1")
L 07/08/2026 - 22:53:37: [chat-processor.smx] Message formats generated for game 'left4dead2'.
L 07/08/2026 - 22:53:37: [chat-processor.smx] Successfully hooked a SayText2 chat hook.
L 07/08/2026 - 22:53:44: [l4d2_shop.smx] [LOAD]: "[T-T]MoY<2><STEAM_1:0:511491787><>" loaded the record successfully! Points: "16"
L 07/08/2026 - 22:53:46: [l4d2_shop.smx] [LOAD]: "Gatito plomo<8><STEAM_1:0:607618848><>" loaded the record successfully! Points: "0"
L 07/08/2026 - 22:53:48: [l4d2_shop.smx] [LOAD]: "reco.dev<6><STEAM_1:1:629768035><>" loaded the record successfully! Points: "2"
L 07/08/2026 - 22:56:01: [l4d2_shop.smx] [INSERT]: "familiamed1114<41><STEAM_1:0:379015219><>" is a new user!!
L 07/08/2026 - 22:56:17: [l4d2_shop.smx] [LOAD]: "pedrofernandeslanzoni<44><STEAM_1:1:539704310><>" loaded the record successfully! Points: "0"
L 07/08/2026 - 22:56:34: [l4d2_shop.smx] [INSERT]: "SILVERSARFER<43><STEAM_1:1:908543184><>" is a new user!!
L 07/08/2026 - 22:56:44: [l4d2_shop.smx] [INSERT]: "Raulfep11<46><STEAM_1:1:244012119><>" is a new user!!
L 07/08/2026 - 22:59:43: [l4d2_shop.smx] [LOAD]: "Pepe<55><STEAM_1:1:600403390><>" loaded the record successfully! Points: "0"
L 07/08/2026 - 23:00:13: [l4d2_shop.smx] [LOAD]: "pedrofernandeslanzoni<59><STEAM_1:1:539704310><>" loaded the record successfully! Points: "0"
L 07/08/2026 - 23:00:45: [l4d2_shop.smx] [UPDATE]: "[T-T]MoY<2><STEAM_1:0:511491787><>" saved. Points: "21"
L 07/08/2026 - 23:00:45: [l4d2_shop.smx] UPDATE SpecialFunctions SET isEnabled = 1 WHERE steamId = 'STEAM_1:0:511491787' AND (functionNo = 'GRAY_AMMO' OR functionNo = 'BLUE_AMMO' OR functionNo = 'GOLD_AMMO')
L 07/08/2026 - 23:00:45: [l4d2_shop.smx] [UPDATE]: "Gatito plomo<8><STEAM_1:0:607618848><>" saved. Points: "4"
L 07/08/2026 - 23:00:45: [l4d2_shop.smx] [UPDATE]: "Pepe<55><STEAM_1:1:600403390><>" saved. Points: "0"
L 07/08/2026 - 23:00:45: [l4d2_shop.smx] [UPDATE]: "reco.dev<6><STEAM_1:1:629768035><>" saved. Points: "7"
L 07/08/2026 - 23:00:45: [l4d2_shop.smx] [UPDATE]: "familiamed1114<41><STEAM_1:0:379015219><>" saved. Points: "4"
L 07/08/2026 - 23:00:45: [l4d2_shop.smx] [UPDATE]: "SILVERSARFER<43><STEAM_1:1:908543184><>" saved. Points: "2"
L 07/08/2026 - 23:00:45: [l4d2_shop.smx] [UPDATE]: "Raulfep11<46><STEAM_1:1:244012119><>" saved. Points: "11"
L 07/08/2026 - 23:04:38: [l4d2_shop.smx] [INSERT]: "DahJoe<70><STEAM_1:0:193947987><>" is a new user!!
L 07/08/2026 - 23:05:27: [l4d2_shop.smx] [UPDATE]: "[T-T]MoY<2><STEAM_1:0:511491787><>" saved. Points: "29"
L 07/08/2026 - 23:05:27: [l4d2_shop.smx] UPDATE SpecialFunctions SET isEnabled = 1 WHERE steamId = 'STEAM_1:0:511491787' AND (functionNo = 'GRAY_AMMO' OR functionNo = 'BLUE_AMMO' OR functionNo = 'GOLD_AMMO')
L 07/08/2026 - 23:05:27: [l4d2_shop.smx] [UPDATE]: "Gatito plomo<8><STEAM_1:0:607618848><>" saved. Points: "16"
L 07/08/2026 - 23:05:27: [l4d2_shop.smx] [UPDATE]: "Pepe<55><STEAM_1:1:600403390><>" saved. Points: "7"
L 07/08/2026 - 23:05:27: [l4d2_shop.smx] [UPDATE]: "reco.dev<6><STEAM_1:1:629768035><>" saved. Points: "9"
L 07/08/2026 - 23:05:27: [l4d2_shop.smx] [UPDATE]: "familiamed1114<41><STEAM_1:0:379015219><>" saved. Points: "5"
L 07/08/2026 - 23:05:27: [l4d2_shop.smx] [UPDATE]: "SILVERSARFER<43><STEAM_1:1:908543184><>" saved. Points: "6"
L 07/08/2026 - 23:05:27: [l4d2_shop.smx] [UPDATE]: "Raulfep11<46><STEAM_1:1:244012119><>" saved. Points: "12"
L 07/08/2026 - 23:05:27: [l4d2_shop.smx] [UPDATE]: "DahJoe<70><STEAM_1:0:193947987><>" saved. Points: "0"
L 07/08/2026 - 23:07:38: -------- Mapchange to glubtastic5_3 --------
L 07/08/2026 - 23:07:41: [basecommands.smx] "Console<0><Console><Console>" changed cvar (cvar "sv_consistency") (value "0")
L 07/08/2026 - 23:07:41: [basecommands.smx] "Console<0><Console><Console>" changed cvar (cvar "sv_allow_lobby_connect_only") (value "0")
L 07/08/2026 - 23:07:41: [basecommands.smx] "Console<0><Console><Console>" changed cvar (cvar "sv_maxplayers") (value "8")
L 07/08/2026 - 23:07:41: [basecommands.smx] "Console<0><Console><Console>" changed cvar (cvar "sv_visiblemaxplayers") (value "-1")
L 07/08/2026 - 23:07:41: [chat-processor.smx] Message formats generated for game 'left4dead2'.
L 07/08/2026 - 23:07:41: [chat-processor.smx] Successfully hooked a SayText2 chat hook.
L 07/08/2026 - 23:07:49: [l4d2_shop.smx] [LOAD]: "[T-T]MoY<2><STEAM_1:0:511491787><>" loaded the record successfully! Points: "29"
L 07/08/2026 - 23:07:50: [l4d2_shop.smx] [LOAD]: "Pepe<55><STEAM_1:1:600403390><>" loaded the record successfully! Points: "7"
L 07/08/2026 - 23:07:51: [l4d2_shop.smx] [LOAD]: "Gatito plomo<8><STEAM_1:0:607618848><>" loaded the record successfully! Points: "16"
L 07/08/2026 - 23:07:51: [l4d2_shop.smx] [LOAD]: "DahJoe<70><STEAM_1:0:193947987><>" loaded the record successfully! Points: "0"
L 07/08/2026 - 23:07:55: [l4d2_shop.smx] [LOAD]: "Raulfep11<46><STEAM_1:1:244012119><>" loaded the record successfully! Points: "12"
L 07/08/2026 - 23:08:02: [l4d2_shop.smx] [LOAD]: "reco.dev<6><STEAM_1:1:629768035><>" loaded the record successfully! Points: "9"
L 07/08/2026 - 23:08:11: [l4d2_shop.smx] [LOAD]: "familiamed1114<41><STEAM_1:0:379015219><>" loaded the record successfully! Points: "5"
L 07/08/2026 - 23:09:05: [l4d2_shop.smx] [LOAD]: "SILVERSARFER<43><STEAM_1:1:908543184><>" loaded the record successfully! Points: "6"
L 07/08/2026 - 23:10:43: [all4dead2.smx] [NOTICE]: ([T-T]MoY<2><STEAM_1:0:511491787><>) has spawned a fireaxe
L 07/08/2026 - 23:10:43: [all4dead2.smx] [NOTICE]: ([T-T]MoY<2><STEAM_1:0:511491787><>) has spawned a fireaxe
L 07/08/2026 - 23:10:43: [all4dead2.smx] [NOTICE]: ([T-T]MoY<2><STEAM_1:0:511491787><>) has spawned a fireaxe
L 07/08/2026 - 23:10:44: [all4dead2.smx] [NOTICE]: ([T-T]MoY<2><STEAM_1:0:511491787><>) has spawned a fireaxe
L 07/08/2026 - 23:10:44: [all4dead2.smx] [NOTICE]: ([T-T]MoY<2><STEAM_1:0:511491787><>) has spawned a fireaxe
L 07/08/2026 - 23:10:44: [all4dead2.smx] [NOTICE]: ([T-T]MoY<2><STEAM_1:0:511491787><>) has spawned a fireaxe
L 07/08/2026 - 23:10:44: [all4dead2.smx] [NOTICE]: ([T-T]MoY<2><STEAM_1:0:511491787><>) has spawned a fireaxe
L 07/08/2026 - 23:10:44: [all4dead2.smx] [NOTICE]: ([T-T]MoY<2><STEAM_1:0:511491787><>) has spawned a fireaxe
L 07/08/2026 - 23:10:45: [all4dead2.smx] [NOTICE]: ([T-T]MoY<2><STEAM_1:0:511491787><>) has spawned a fireaxe
L 07/08/2026 - 23:10:45: [all4dead2.smx] [NOTICE]: ([T-T]MoY<2><STEAM_1:0:511491787><>) has spawned a fireaxe
L 07/08/2026 - 23:10:45: [all4dead2.smx] [NOTICE]: ([T-T]MoY<2><STEAM_1:0:511491787><>) has spawned a fireaxe
L 07/08/2026 - 23:16:32: [l4d2_shop.smx] [INSERT]: "Capibara<98><STEAM_1:0:799897810><>" is a new user!!
L 07/08/2026 - 23:18:02: [all4dead2.smx] [NOTICE]: ([T-T]MoY<2><STEAM_1:0:511491787><>) has spawned a tank
L 07/08/2026 - 23:18:03: [all4dead2.smx] [NOTICE]: ([T-T]MoY<2><STEAM_1:0:511491787><>) has spawned a tank
L 07/08/2026 - 23:18:04: [all4dead2.smx] [NOTICE]: ([T-T]MoY<2><STEAM_1:0:511491787><>) has spawned a tank
L 07/08/2026 - 23:18:04: [all4dead2.smx] [NOTICE]: ([T-T]MoY<2><STEAM_1:0:511491787><>) has spawned a tank
L 07/08/2026 - 23:20:56: [all4dead2.smx] [NOTICE]: ([T-T]MoY<2><STEAM_1:0:511491787><>) has spawned a defibrillator
L 07/08/2026 - 23:22:00: [l4d2_shop.smx] [INSERT]: "Si yo entro, perdemos<114><STEAM_1:0:928372233><>" is a new user!!
L 07/08/2026 - 23:22:09: [l4d2_shop.smx] [INSERT]: "P.Diddy<115><STEAM_1:1:634398755><>" is a new user!!
L 07/08/2026 - 23:22:42: [playercommands.smx] "[T-T]MoY<2><STEAM_1:0:511491787><>" slayed "Gatito plomo<8><STEAM_1:0:607618848><>"
L 07/08/2026 - 23:22:42: [playercommands.smx] "[T-T]MoY<2><STEAM_1:0:511491787><>" slayed "Pepe<55><STEAM_1:1:600403390><>"
L 07/08/2026 - 23:22:42: [playercommands.smx] "[T-T]MoY<2><STEAM_1:0:511491787><>" slayed "reco.dev<6><STEAM_1:1:629768035><>"
L 07/08/2026 - 23:22:42: [playercommands.smx] "[T-T]MoY<2><STEAM_1:0:511491787><>" slayed "Si yo entro, perdemos<114><STEAM_1:0:928372233><>"
L 07/08/2026 - 23:22:43: [playercommands.smx] "[T-T]MoY<2><STEAM_1:0:511491787><>" slayed "SILVERSARFER<43><STEAM_1:1:908543184><>"
L 07/08/2026 - 23:22:43: [playercommands.smx] "[T-T]MoY<2><STEAM_1:0:511491787><>" slayed "P.Diddy<115><STEAM_1:1:634398755><>"
L 07/08/2026 - 23:22:43: [playercommands.smx] "[T-T]MoY<2><STEAM_1:0:511491787><>" slayed "DahJoe<70><STEAM_1:0:193947987><>"
L 07/08/2026 - 23:22:44: [l4d2_shop.smx] [UPDATE]: "[T-T]MoY<2><STEAM_1:0:511491787><>" saved. Points: "53"
L 07/08/2026 - 23:22:44: [l4d2_shop.smx] UPDATE SpecialFunctions SET isEnabled = 1 WHERE steamId = 'STEAM_1:0:511491787' AND (functionNo = 'GRAY_AMMO' OR functionNo = 'BLUE_AMMO' OR functionNo = 'GOLD_AMMO')
L 07/08/2026 - 23:22:44: [l4d2_shop.smx] [UPDATE]: "Gatito plomo<8><STEAM_1:0:607618848><>" saved. Points: "29"
L 07/08/2026 - 23:22:44: [l4d2_shop.smx] [UPDATE]: "Pepe<55><STEAM_1:1:600403390><>" saved. Points: "22"
L 07/08/2026 - 23:22:44: [l4d2_shop.smx] [UPDATE]: "reco.dev<6><STEAM_1:1:629768035><>" saved. Points: "19"
L 07/08/2026 - 23:22:44: [l4d2_shop.smx] [UPDATE]: "Si yo entro, perdemos<114><STEAM_1:0:928372233><>" saved. Points: "0"
L 07/08/2026 - 23:22:44: [l4d2_shop.smx] [UPDATE]: "SILVERSARFER<43><STEAM_1:1:908543184><>" saved. Points: "18"
L 07/08/2026 - 23:22:44: [l4d2_shop.smx] [UPDATE]: "P.Diddy<115><STEAM_1:1:634398755><>" saved. Points: "0"
L 07/08/2026 - 23:22:44: [l4d2_shop.smx] [UPDATE]: "DahJoe<70><STEAM_1:0:193947987><>" saved. Points: "10"
L 07/08/2026 - 23:25:26: [all4dead2.smx] [NOTICE]: ([T-T]MoY<2><STEAM_1:0:511491787><>) has spawned a fireaxe
L 07/08/2026 - 23:25:27: [all4dead2.smx] [NOTICE]: ([T-T]MoY<2><STEAM_1:0:511491787><>) has spawned a fireaxe
L 07/08/2026 - 23:25:27: [all4dead2.smx] [NOTICE]: ([T-T]MoY<2><STEAM_1:0:511491787><>) has spawned a fireaxe
L 07/08/2026 - 23:25:27: [all4dead2.smx] [NOTICE]: ([T-T]MoY<2><STEAM_1:0:511491787><>) has spawned a fireaxe
L 07/08/2026 - 23:25:27: [all4dead2.smx] [NOTICE]: ([T-T]MoY<2><STEAM_1:0:511491787><>) has spawned a fireaxe
L 07/08/2026 - 23:25:27: [all4dead2.smx] [NOTICE]: ([T-T]MoY<2><STEAM_1:0:511491787><>) has spawned a fireaxe
L 07/08/2026 - 23:25:27: [all4dead2.smx] [NOTICE]: ([T-T]MoY<2><STEAM_1:0:511491787><>) has spawned a fireaxe
L 07/08/2026 - 23:25:28: [all4dead2.smx] [NOTICE]: ([T-T]MoY<2><STEAM_1:0:511491787><>) has spawned a fireaxe
L 07/08/2026 - 23:25:28: [all4dead2.smx] [NOTICE]: ([T-T]MoY<2><STEAM_1:0:511491787><>) has spawned a fireaxe
L 07/08/2026 - 23:27:39: -------- Mapchange to glubtastic5_bigtesco --------
L 07/08/2026 - 23:27:43: [basecommands.smx] "Console<0><Console><Console>" changed cvar (cvar "sv_consistency") (value "0")
L 07/08/2026 - 23:27:43: [basecommands.smx] "Console<0><Console><Console>" changed cvar (cvar "sv_allow_lobby_connect_only") (value "0")
L 07/08/2026 - 23:27:43: [basecommands.smx] "Console<0><Console><Console>" changed cvar (cvar "sv_maxplayers") (value "8")
L 07/08/2026 - 23:27:43: [basecommands.smx] "Console<0><Console><Console>" changed cvar (cvar "sv_visiblemaxplayers") (value "-1")
L 07/08/2026 - 23:27:43: [chat-processor.smx] Message formats generated for game 'left4dead2'.
L 07/08/2026 - 23:27:43: [chat-processor.smx] Successfully hooked a SayText2 chat hook.
L 07/08/2026 - 23:27:50: [l4d2_shop.smx] [LOAD]: "[T-T]MoY<2><STEAM_1:0:511491787><>" loaded the record successfully! Points: "53"
L 07/08/2026 - 23:27:51: [l4d2_shop.smx] [LOAD]: "Pepe<55><STEAM_1:1:600403390><>" loaded the record successfully! Points: "22"
L 07/08/2026 - 23:27:52: [l4d2_shop.smx] [LOAD]: "Gatito plomo<8><STEAM_1:0:607618848><>" loaded the record successfully! Points: "29"
L 07/08/2026 - 23:27:52: [l4d2_shop.smx] [LOAD]: "DahJoe<70><STEAM_1:0:193947987><>" loaded the record successfully! Points: "10"
L 07/08/2026 - 23:27:56: [l4d2_shop.smx] [LOAD]: "reco.dev<6><STEAM_1:1:629768035><>" loaded the record successfully! Points: "19"
L 07/08/2026 - 23:27:57: [l4d2_shop.smx] [LOAD]: "P.Diddy<115><STEAM_1:1:634398755><>" loaded the record successfully! Points: "0"
L 07/08/2026 - 23:27:58: [l4d2_shop.smx] [LOAD]: "Si yo entro, perdemos<114><STEAM_1:0:928372233><>" loaded the record successfully! Points: "0"
L 07/08/2026 - 23:33:28: [l4d2_shop.smx] [UPDATE]: "[T-T]MoY<2><STEAM_1:0:511491787><>" saved. Points: "58"
L 07/08/2026 - 23:33:28: [l4d2_shop.smx] UPDATE SpecialFunctions SET isEnabled = 1 WHERE steamId = 'STEAM_1:0:511491787' AND (functionNo = 'GRAY_AMMO' OR functionNo = 'BLUE_AMMO' OR functionNo = 'GOLD_AMMO')
L 07/08/2026 - 23:33:28: [l4d2_shop.smx] [UPDATE]: "Gatito plomo<8><STEAM_1:0:607618848><>" saved. Points: "36"
L 07/08/2026 - 23:33:28: [l4d2_shop.smx] [UPDATE]: "Pepe<55><STEAM_1:1:600403390><>" saved. Points: "24"
L 07/08/2026 - 23:33:28: [l4d2_shop.smx] [UPDATE]: "reco.dev<6><STEAM_1:1:629768035><>" saved. Points: "39"
L 07/08/2026 - 23:33:28: [l4d2_shop.smx] [UPDATE]: "P.Diddy<115><STEAM_1:1:634398755><>" saved. Points: "5"
L 07/08/2026 - 23:33:28: [l4d2_shop.smx] [UPDATE]: "DahJoe<70><STEAM_1:0:193947987><>" saved. Points: "12"
L 07/08/2026 - 23:35:03: [l4d_sm_respawn.smx] "[T-T]MoY<2><STEAM_1:0:511491787><>" teleported "Gatito plomo<8><STEAM_1:0:607618848><>" after respawning him
L 07/08/2026 - 23:35:04: [l4d_sm_respawn.smx] "[T-T]MoY<2><STEAM_1:0:511491787><>" teleported "Pepe<55><STEAM_1:1:600403390><>" after respawning him
L 07/08/2026 - 23:35:04: [l4d_sm_respawn.smx] "[T-T]MoY<2><STEAM_1:0:511491787><>" teleported "reco.dev<6><STEAM_1:1:629768035><>" after respawning him
L 07/08/2026 - 23:35:51: [l4d_sm_respawn.smx] "[T-T]MoY<2><STEAM_1:0:511491787><>" teleported "[T-T]MoY<2><STEAM_1:0:511491787><>" after respawning him
L 07/08/2026 - 23:35:51: [l4d_sm_respawn.smx] "[T-T]MoY<2><STEAM_1:0:511491787><>" teleported "P.Diddy<115><STEAM_1:1:634398755><>" after respawning him
L 07/08/2026 - 23:35:51: [l4d_sm_respawn.smx] "[T-T]MoY<2><STEAM_1:0:511491787><>" teleported "DahJoe<70><STEAM_1:0:193947987><>" after respawning him
L 07/08/2026 - 23:36:34: [l4d_sm_respawn.smx] "[T-T]MoY<2><STEAM_1:0:511491787><>" teleported "DahJoe<70><STEAM_1:0:193947987><>" after respawning him
L 07/08/2026 - 23:36:59: [l4d_sm_respawn.smx] "[T-T]MoY<2><STEAM_1:0:511491787><>" teleported "DahJoe<70><STEAM_1:0:193947987><>" after respawning him
L 07/08/2026 - 23:44:12: -------- Mapchange to glubtastic5_5 --------
L 07/08/2026 - 23:44:18: [basecommands.smx] "Console<0><Console><Console>" changed cvar (cvar "sv_consistency") (value "0")
L 07/08/2026 - 23:44:18: [basecommands.smx] "Console<0><Console><Console>" changed cvar (cvar "sv_allow_lobby_connect_only") (value "0")
L 07/08/2026 - 23:44:18: [basecommands.smx] "Console<0><Console><Console>" changed cvar (cvar "sv_maxplayers") (value "8")
L 07/08/2026 - 23:44:18: [basecommands.smx] "Console<0><Console><Console>" changed cvar (cvar "sv_visiblemaxplayers") (value "-1")
L 07/08/2026 - 23:44:18: [chat-processor.smx] Message formats generated for game 'left4dead2'.
L 07/08/2026 - 23:44:18: [chat-processor.smx] Successfully hooked a SayText2 chat hook.
L 07/08/2026 - 23:44:24: [l4d2_shop.smx] [LOAD]: "[T-T]MoY<2><STEAM_1:0:511491787><>" loaded the record successfully! Points: "58"
L 07/08/2026 - 23:44:27: [l4d2_shop.smx] [LOAD]: "Pepe<55><STEAM_1:1:600403390><>" loaded the record successfully! Points: "24"
L 07/08/2026 - 23:44:28: [l4d2_shop.smx] [LOAD]: "DahJoe<70><STEAM_1:0:193947987><>" loaded the record successfully! Points: "12"
L 07/08/2026 - 23:44:34: [l4d2_shop.smx] [LOAD]: "Gatito plomo<8><STEAM_1:0:607618848><>" loaded the record successfully! Points: "36"
L 07/08/2026 - 23:44:34: [l4d2_shop.smx] [LOAD]: "P.Diddy<115><STEAM_1:1:634398755><>" loaded the record successfully! Points: "5"
L 07/08/2026 - 23:44:37: [l4d2_shop.smx] [INSERT]: "Linkun07<154><STEAM_1:1:75975913><>" is a new user!!
L 07/08/2026 - 23:44:40: [l4d2_shop.smx] [LOAD]: "reco.dev<6><STEAM_1:1:629768035><>" loaded the record successfully! Points: "39"
