L 08/08/2026 - 22:58:36: SourceMod log file session started (file "d:\steamlibrary\steamapps\common\left 4 dead 2\left4dead2\addons\sourcemod\logs\L20260808.log") (Version "1.12.0.7207")
L 08/08/2026 - 22:58:36: [GEOIP] GeoIP2 database loaded: GeoLite2-ASN (2024-08-21 08:15:21 UTC) (d:\steamlibrary\steamapps\common\left 4 dead 2\left4dead2\addons\sourcemod\configs\geoip\GeoLite2-ASN.mmdb)
L 08/08/2026 - 22:58:36: [GEOIP] GeoIP2 supported languages: en
L 08/08/2026 - 22:58:36: [GEOIP] Your database is older than 90 days. You should consider downloading a newer version from e.g. https://dev.maxmind.com/geoip/geolite2-free-geolocation-data
L 08/08/2026 - 22:58:38: [l4d_extinguisher.smx] 
==========
Warning: You should install "[L4D2] Scavenge Score Fix - Gascan Pouring" to prevent affecting the score when filling gas in Scavenge style events: https://forums.alliedmods.net/showthread.php?t=187686
==========

L 08/08/2026 - 22:58:38: [l4d_extinguisher.smx] 
==========
Warning: You should install "[L4D & L4D2] Use Priority Patch" to fix attached models blocking +USE action: https://forums.alliedmods.net/showthread.php?t=327511
==========

L 08/08/2026 - 22:58:48: [chat-processor.smx] Message formats generated for game 'left4dead2'.
L 08/08/2026 - 22:58:48: [chat-processor.smx] Successfully hooked a SayText2 chat hook.
L 08/08/2026 - 22:59:05: [l4d2_shop.smx] [LOAD]: "[T-T]MoY<2><STEAM_1:0:511491787><>" loaded the record successfully! Points: "1034"
L 08/08/2026 - 22:59:15: [basecommands.smx] "[T-T]MoY<2><STEAM_1:0:511491787><>" changed cvar (cvar "sv_gravity") (value "200")
L 08/08/2026 - 23:01:08: [l4d2_shop.smx] [UPDATE]: "[T-T]MoY<2><STEAM_1:0:511491787><>" saved. Points: "1034"
L 08/08/2026 - 23:01:08: [l4d2_shop.smx] UPDATE SpecialFunctions SET isEnabled = 1 WHERE steamId = 'STEAM_1:0:511491787' AND (functionNo = 'GRAY_AMMO' OR functionNo = 'BLUE_AMMO' OR functionNo = 'GOLD_AMMO')
L 08/08/2026 - 23:02:10: [Vote_menu.smx] "[T-T]MoY<2><STEAM_1:0:511491787><>" cambió la dificultad a easy
L 08/08/2026 - 23:02:12: [Vote_menu.smx] "[T-T]MoY<2><STEAM_1:0:511491787><>" cambió la dificultad a impossible
L 08/08/2026 - 23:03:12: [l4d2_shop.smx] [UPDATE]: "[T-T]MoY<2><STEAM_1:0:511491787><>" saved. Points: "1034"
L 08/08/2026 - 23:03:12: [l4d2_shop.smx] UPDATE SpecialFunctions SET isEnabled = 1 WHERE steamId = 'STEAM_1:0:511491787' AND (functionNo = 'GRAY_AMMO' OR functionNo = 'BLUE_AMMO' OR functionNo = 'GOLD_AMMO')
L 08/08/2026 - 23:03:57: [l4d2_shop.smx] [UPDATE]: "[T-T]MoY<2><STEAM_1:0:511491787><>" saved. Points: "1034"
L 08/08/2026 - 23:03:57: [l4d2_shop.smx] UPDATE SpecialFunctions SET isEnabled = 1 WHERE steamId = 'STEAM_1:0:511491787' AND (functionNo = 'GRAY_AMMO' OR functionNo = 'BLUE_AMMO' OR functionNo = 'GOLD_AMMO')
L 08/08/2026 - 23:05:37: [l4d2_shop.smx] [UPDATE]: "[T-T]MoY<2><STEAM_1:0:511491787><>" saved. Points: "1034"
L 08/08/2026 - 23:05:37: [l4d2_shop.smx] UPDATE SpecialFunctions SET isEnabled = 1 WHERE steamId = 'STEAM_1:0:511491787' AND (functionNo = 'GRAY_AMMO' OR functionNo = 'BLUE_AMMO' OR functionNo = 'GOLD_AMMO')
L 08/08/2026 - 23:05:58: [basecommands.smx] "[T-T]MoY<2><STEAM_1:0:511491787><>" changed map to "c2m1_highway"
L 08/08/2026 - 23:06:01: [SM] Changed map to "c2m1_highway"
L 08/08/2026 - 23:06:03: -------- Mapchange to c2m1_highway --------
L 08/08/2026 - 23:06:07: [chat-processor.smx] Message formats generated for game 'left4dead2'.
L 08/08/2026 - 23:06:07: [chat-processor.smx] Successfully hooked a SayText2 chat hook.
L 08/08/2026 - 23:06:24: [l4d2_shop.smx] [LOAD]: "[T-T]MoY<2><STEAM_1:0:511491787><>" loaded the record successfully! Points: "1034"
L 08/08/2026 - 23:07:19: [l4d2_shop.smx] [UPDATE]: "[T-T]MoY<2><STEAM_1:0:511491787><>" saved. Points: "1036"
L 08/08/2026 - 23:07:19: [l4d2_shop.smx] UPDATE SpecialFunctions SET isEnabled = 1 WHERE steamId = 'STEAM_1:0:511491787' AND (functionNo = 'GRAY_AMMO' OR functionNo = 'BLUE_AMMO' OR functionNo = 'GOLD_AMMO')
L 08/08/2026 - 23:09:19: [l4d2_shop.smx] [UPDATE]: "[T-T]MoY<2><STEAM_1:0:511491787><>" saved. Points: "1036"
L 08/08/2026 - 23:09:19: [l4d2_shop.smx] UPDATE SpecialFunctions SET isEnabled = 1 WHERE steamId = 'STEAM_1:0:511491787' AND (functionNo = 'GRAY_AMMO' OR functionNo = 'BLUE_AMMO' OR functionNo = 'GOLD_AMMO')
L 08/08/2026 - 23:12:12: [l4d2_shop.smx] [INSERT]: "ElSucioDann<39><STEAM_1:0:904718636><>" is a new user!!
L 08/08/2026 - 23:12:13: [l4d2_shop.smx] [UPDATE]: "[T-T]MoY<2><STEAM_1:0:511491787><>" saved. Points: "1040"
L 08/08/2026 - 23:12:13: [l4d2_shop.smx] UPDATE SpecialFunctions SET isEnabled = 1 WHERE steamId = 'STEAM_1:0:511491787' AND (functionNo = 'GRAY_AMMO' OR functionNo = 'BLUE_AMMO' OR functionNo = 'GOLD_AMMO')
L 08/08/2026 - 23:12:13: [l4d2_shop.smx] [UPDATE]: "ElSucioDann<39><STEAM_1:0:904718636><>" saved. Points: "0"
L 08/08/2026 - 23:13:07: [l4d2_shop.smx] [INSERT]: "Andrézito<41><STEAM_1:0:780136209><>" is a new user!!
L 08/08/2026 - 23:13:58: [l4d2_shop.smx] [LOAD]: "Bash<46><STEAM_1:0:592192666><>" loaded the record successfully! Points: "0"
L 08/08/2026 - 23:14:06: [l4d_sm_respawn.smx] "[T-T]MoY<2><STEAM_1:0:511491787><>" teleported "Bash<46><STEAM_1:0:592192666><>" after respawning him
L 08/08/2026 - 23:14:59: -------- Mapchange to c2m2_fairgrounds --------
L 08/08/2026 - 23:15:03: [chat-processor.smx] Message formats generated for game 'left4dead2'.
L 08/08/2026 - 23:15:03: [chat-processor.smx] Successfully hooked a SayText2 chat hook.
L 08/08/2026 - 23:15:13: [l4d2_shop.smx] [LOAD]: "[T-T]MoY<2><STEAM_1:0:511491787><>" loaded the record successfully! Points: "1040"
L 08/08/2026 - 23:15:18: [l4d2_shop.smx] [LOAD]: "ElSucioDann<39><STEAM_1:0:904718636><>" loaded the record successfully! Points: "0"
L 08/08/2026 - 23:15:20: [l4d2_shop.smx] [LOAD]: "Bash<46><STEAM_1:0:592192666><>" loaded the record successfully! Points: "0"
L 08/08/2026 - 23:16:37: [l4d2_shop.smx] [LOAD]: "Arthur<56><STEAM_1:0:568756615><>" loaded the record successfully! Points: "2050"
L 08/08/2026 - 23:18:06: [l4d2_shop.smx] [UPDATE]: "[T-T]MoY<2><STEAM_1:0:511491787><>" saved. Points: "1044"
L 08/08/2026 - 23:18:06: [l4d2_shop.smx] UPDATE SpecialFunctions SET isEnabled = 1 WHERE steamId = 'STEAM_1:0:511491787' AND (functionNo = 'GRAY_AMMO' OR functionNo = 'BLUE_AMMO' OR functionNo = 'GOLD_AMMO')
L 08/08/2026 - 23:18:06: [l4d2_shop.smx] [UPDATE]: "Arthur<56><STEAM_1:0:568756615><>" saved. Points: "2054"
L 08/08/2026 - 23:18:06: [l4d2_shop.smx] [UPDATE]: "Bash<46><STEAM_1:0:592192666><>" saved. Points: "4"
L 08/08/2026 - 23:19:12: [l4d2_shop.smx] [UPDATE]: "[T-T]MoY<2><STEAM_1:0:511491787><>" saved. Points: "1046"
L 08/08/2026 - 23:19:12: [l4d2_shop.smx] UPDATE SpecialFunctions SET isEnabled = 1 WHERE steamId = 'STEAM_1:0:511491787' AND (functionNo = 'GRAY_AMMO' OR functionNo = 'BLUE_AMMO' OR functionNo = 'GOLD_AMMO')
L 08/08/2026 - 23:19:12: [l4d2_shop.smx] [UPDATE]: "Arthur<56><STEAM_1:0:568756615><>" saved. Points: "2056"
L 08/08/2026 - 23:19:12: [l4d2_shop.smx] [UPDATE]: "Bash<46><STEAM_1:0:592192666><>" saved. Points: "6"
L 08/08/2026 - 23:21:50: [l4d2_shop.smx] [UPDATE]: "[T-T]MoY<2><STEAM_1:0:511491787><>" saved. Points: "1066"
L 08/08/2026 - 23:21:50: [l4d2_shop.smx] UPDATE SpecialFunctions SET isEnabled = 1 WHERE steamId = 'STEAM_1:0:511491787' AND (functionNo = 'GRAY_AMMO' OR functionNo = 'BLUE_AMMO' OR functionNo = 'GOLD_AMMO')
L 08/08/2026 - 23:21:50: [l4d2_shop.smx] [UPDATE]: "Arthur<56><STEAM_1:0:568756615><>" saved. Points: "2064"
L 08/08/2026 - 23:21:50: [l4d2_shop.smx] [UPDATE]: "Bash<46><STEAM_1:0:592192666><>" saved. Points: "14"
L 08/08/2026 - 23:22:43: [l4d2_shop.smx] [INSERT]: "pps<77><STEAM_1:0:449323988><>" is a new user!!
L 08/08/2026 - 23:23:03: [l4d2_shop.smx] [UPDATE]: "[T-T]MoY<2><STEAM_1:0:511491787><>" saved. Points: "1068"
L 08/08/2026 - 23:23:03: [l4d2_shop.smx] UPDATE SpecialFunctions SET isEnabled = 1 WHERE steamId = 'STEAM_1:0:511491787' AND (functionNo = 'GRAY_AMMO' OR functionNo = 'BLUE_AMMO' OR functionNo = 'GOLD_AMMO')
L 08/08/2026 - 23:23:03: [l4d2_shop.smx] [UPDATE]: "pps<77><STEAM_1:0:449323988><>" saved. Points: "2"
L 08/08/2026 - 23:23:03: [l4d2_shop.smx] [UPDATE]: "Arthur<56><STEAM_1:0:568756615><>" saved. Points: "2066"
L 08/08/2026 - 23:23:03: [l4d2_shop.smx] [UPDATE]: "Bash<46><STEAM_1:0:592192666><>" saved. Points: "16"
L 08/08/2026 - 23:26:05: [l4d2_shop.smx] [UPDATE]: "[T-T]MoY<2><STEAM_1:0:511491787><>" saved. Points: "1087"
L 08/08/2026 - 23:26:05: [l4d2_shop.smx] UPDATE SpecialFunctions SET isEnabled = 1 WHERE steamId = 'STEAM_1:0:511491787' AND (functionNo = 'GRAY_AMMO' OR functionNo = 'BLUE_AMMO' OR functionNo = 'GOLD_AMMO')
L 08/08/2026 - 23:26:05: [l4d2_shop.smx] [UPDATE]: "Arthur<56><STEAM_1:0:568756615><>" saved. Points: "2076"
L 08/08/2026 - 23:26:05: [l4d2_shop.smx] [UPDATE]: "Bash<46><STEAM_1:0:592192666><>" saved. Points: "26"
L 08/08/2026 - 23:30:20: [l4d2_shop.smx] [UPDATE]: "[T-T]MoY<2><STEAM_1:0:511491787><>" saved. Points: "1122"
L 08/08/2026 - 23:30:20: [l4d2_shop.smx] UPDATE SpecialFunctions SET isEnabled = 1 WHERE steamId = 'STEAM_1:0:511491787' AND (functionNo = 'GRAY_AMMO' OR functionNo = 'BLUE_AMMO' OR functionNo = 'GOLD_AMMO')
L 08/08/2026 - 23:30:20: [l4d2_shop.smx] [UPDATE]: "Arthur<56><STEAM_1:0:568756615><>" saved. Points: "2096"
L 08/08/2026 - 23:30:20: [l4d2_shop.smx] [UPDATE]: "Bash<46><STEAM_1:0:592192666><>" saved. Points: "40"
L 08/08/2026 - 23:30:25: [l4d2_shop.smx] [INSERT]: "el principe encantador<103><STEAM_1:0:127455126><>" is a new user!!
L 08/08/2026 - 23:31:43: [l4d2_shop.smx] [UPDATE]: "[T-T]MoY<2><STEAM_1:0:511491787><>" saved. Points: "1126"
L 08/08/2026 - 23:31:43: [l4d2_shop.smx] UPDATE SpecialFunctions SET isEnabled = 1 WHERE steamId = 'STEAM_1:0:511491787' AND (functionNo = 'GRAY_AMMO' OR functionNo = 'BLUE_AMMO' OR functionNo = 'GOLD_AMMO')
L 08/08/2026 - 23:31:43: [l4d2_shop.smx] [UPDATE]: "Arthur<56><STEAM_1:0:568756615><>" saved. Points: "2106"
L 08/08/2026 - 23:31:43: [l4d2_shop.smx] [UPDATE]: "Bash<46><STEAM_1:0:592192666><>" saved. Points: "44"
L 08/08/2026 - 23:33:01: [l4d2_shop.smx] [UPDATE]: "[T-T]MoY<2><STEAM_1:0:511491787><>" saved. Points: "1131"
L 08/08/2026 - 23:33:01: [l4d2_shop.smx] UPDATE SpecialFunctions SET isEnabled = 1 WHERE steamId = 'STEAM_1:0:511491787' AND (functionNo = 'GRAY_AMMO' OR functionNo = 'BLUE_AMMO' OR functionNo = 'GOLD_AMMO')
L 08/08/2026 - 23:33:01: [l4d2_shop.smx] [UPDATE]: "Arthur<56><STEAM_1:0:568756615><>" saved. Points: "2108"
L 08/08/2026 - 23:33:01: [l4d2_shop.smx] [UPDATE]: "Bash<46><STEAM_1:0:592192666><>" saved. Points: "46"
L 08/08/2026 - 23:33:33: [l4d2_shop.smx] [INSERT]: "Alecsx113<116><STEAM_1:0:645879350><>" is a new user!!
L 08/08/2026 - 23:35:04: [l4d2_shop.smx] [UPDATE]: "[T-T]MoY<2><STEAM_1:0:511491787><>" saved. Points: "1135"
L 08/08/2026 - 23:35:04: [l4d2_shop.smx] UPDATE SpecialFunctions SET isEnabled = 1 WHERE steamId = 'STEAM_1:0:511491787' AND (functionNo = 'GRAY_AMMO' OR functionNo = 'BLUE_AMMO' OR functionNo = 'GOLD_AMMO')
L 08/08/2026 - 23:35:04: [l4d2_shop.smx] [UPDATE]: "Arthur<56><STEAM_1:0:568756615><>" saved. Points: "2112"
L 08/08/2026 - 23:35:04: [l4d2_shop.smx] [UPDATE]: "Bash<46><STEAM_1:0:592192666><>" saved. Points: "50"
L 08/08/2026 - 23:39:15: [l4d2_shop.smx] [UPDATE]: "[T-T]MoY<2><STEAM_1:0:511491787><>" saved. Points: "1171"
L 08/08/2026 - 23:39:15: [l4d2_shop.smx] UPDATE SpecialFunctions SET isEnabled = 1 WHERE steamId = 'STEAM_1:0:511491787' AND (functionNo = 'GRAY_AMMO' OR functionNo = 'BLUE_AMMO' OR functionNo = 'GOLD_AMMO')
L 08/08/2026 - 23:39:15: [l4d2_shop.smx] [UPDATE]: "Arthur<56><STEAM_1:0:568756615><>" saved. Points: "2130"
L 08/08/2026 - 23:39:15: [l4d2_shop.smx] [UPDATE]: "Bash<46><STEAM_1:0:592192666><>" saved. Points: "68"
L 08/08/2026 - 23:41:44: [l4d2_shop.smx] [INSERT]: "WESTIERCOL<145><STEAM_1:0:354634534><>" is a new user!!
L 08/08/2026 - 23:41:54: [l4d_sm_respawn.smx] "[T-T]MoY<2><STEAM_1:0:511491787><>" teleported "WESTIERCOL<145><STEAM_1:0:354634534><>" after respawning him
L 08/08/2026 - 23:42:14: [l4d2_shop.smx] [UPDATE]: "[T-T]MoY<2><STEAM_1:0:511491787><>" saved. Points: "1180"
L 08/08/2026 - 23:42:14: [l4d2_shop.smx] UPDATE SpecialFunctions SET isEnabled = 1 WHERE steamId = 'STEAM_1:0:511491787' AND (functionNo = 'GRAY_AMMO' OR functionNo = 'BLUE_AMMO' OR functionNo = 'GOLD_AMMO')
L 08/08/2026 - 23:42:14: [l4d2_shop.smx] [UPDATE]: "Arthur<56><STEAM_1:0:568756615><>" saved. Points: "2139"
L 08/08/2026 - 23:42:14: [l4d2_shop.smx] [UPDATE]: "Bash<46><STEAM_1:0:592192666><>" saved. Points: "74"
L 08/08/2026 - 23:42:14: [l4d2_shop.smx] [UPDATE]: "WESTIERCOL<145><STEAM_1:0:354634534><>" saved. Points: "0"
L 08/08/2026 - 23:47:24: [l4d2_shop.smx] [UPDATE]: "[T-T]MoY<2><STEAM_1:0:511491787><>" saved. Points: "1228"
L 08/08/2026 - 23:47:24: [l4d2_shop.smx] UPDATE SpecialFunctions SET isEnabled = 1 WHERE steamId = 'STEAM_1:0:511491787' AND (functionNo = 'GRAY_AMMO' OR functionNo = 'BLUE_AMMO' OR functionNo = 'GOLD_AMMO')
L 08/08/2026 - 23:47:24: [l4d2_shop.smx] [UPDATE]: "Arthur<56><STEAM_1:0:568756615><>" saved. Points: "2157"
L 08/08/2026 - 23:47:24: [l4d2_shop.smx] [UPDATE]: "Bash<46><STEAM_1:0:592192666><>" saved. Points: "92"
L 08/08/2026 - 23:49:41: [l4d2_shop.smx] [Buy]: "[T-T]MoY<2><STEAM_1:0:511491787><>" bought "Revivir (Costo actual: 50)" (price: "50"), remaining points: "1190"
L 08/08/2026 - 23:50:16: [l4d2_shop.smx] [Buy]: "[T-T]MoY<2><STEAM_1:0:511491787><>" bought "Revivir (Costo actual: 150)" (price: "150"), remaining points: "1040"
L 08/08/2026 - 23:51:01: [l4d2_shop.smx] [LOAD]: "Joss3242<178><STEAM_1:0:576554270><>" loaded the record successfully! Points: "0"
L 08/08/2026 - 23:51:09: [l4d_sm_respawn.smx] "[T-T]MoY<2><STEAM_1:0:511491787><>" teleported "Joss3242<178><STEAM_1:0:576554270><>" after respawning him
L 08/08/2026 - 23:54:56: -------- Mapchange to c2m3_coaster --------
L 08/08/2026 - 23:55:00: [chat-processor.smx] Message formats generated for game 'left4dead2'.
L 08/08/2026 - 23:55:00: [chat-processor.smx] Successfully hooked a SayText2 chat hook.
L 08/08/2026 - 23:55:10: [l4d2_shop.smx] [LOAD]: "[T-T]MoY<2><STEAM_1:0:511491787><>" loaded the record successfully! Points: "1228"
L 08/08/2026 - 23:55:16: [l4d2_shop.smx] [LOAD]: "Bash<46><STEAM_1:0:592192666><>" loaded the record successfully! Points: "92"
L 08/08/2026 - 23:55:19: [l4d2_shop.smx] [LOAD]: "Arthur<56><STEAM_1:0:568756615><>" loaded the record successfully! Points: "2157"
L 08/08/2026 - 23:56:38: [l4d2_shop.smx] [UPDATE]: "[T-T]MoY<2><STEAM_1:0:511491787><>" saved. Points: "1228"
L 08/08/2026 - 23:56:38: [l4d2_shop.smx] UPDATE SpecialFunctions SET isEnabled = 1 WHERE steamId = 'STEAM_1:0:511491787' AND (functionNo = 'GRAY_AMMO' OR functionNo = 'BLUE_AMMO' OR functionNo = 'GOLD_AMMO')
L 08/08/2026 - 23:56:38: [l4d2_shop.smx] [UPDATE]: "Arthur<56><STEAM_1:0:568756615><>" saved. Points: "2157"
L 08/08/2026 - 23:56:38: [l4d2_shop.smx] [UPDATE]: "Bash<46><STEAM_1:0:592192666><>" saved. Points: "92"
L 08/08/2026 - 23:56:58: [l4d2_shop.smx] [LOAD]: "pps<199><STEAM_1:0:449323988><>" loaded the record successfully! Points: "2"
L 08/08/2026 - 23:58:14: [l4d2_shop.smx] [UPDATE]: "[T-T]MoY<2><STEAM_1:0:511491787><>" saved. Points: "1230"
L 08/08/2026 - 23:58:14: [l4d2_shop.smx] UPDATE SpecialFunctions SET isEnabled = 1 WHERE steamId = 'STEAM_1:0:511491787' AND (functionNo = 'GRAY_AMMO' OR functionNo = 'BLUE_AMMO' OR functionNo = 'GOLD_AMMO')
L 08/08/2026 - 23:58:14: [l4d2_shop.smx] [UPDATE]: "pps<199><STEAM_1:0:449323988><>" saved. Points: "4"
L 08/08/2026 - 23:58:14: [l4d2_shop.smx] [UPDATE]: "Arthur<56><STEAM_1:0:568756615><>" saved. Points: "2159"
L 08/08/2026 - 23:58:14: [l4d2_shop.smx] [UPDATE]: "Bash<46><STEAM_1:0:592192666><>" saved. Points: "94"
L 08/09/2026 - 00:00:09: Log file closed.
