L 07/02/2026 - 18:24:47: SourceMod log file session started (file "d:\steamlibrary\steamapps\common\left 4 dead 2\left4dead2\addons\sourcemod\logs\L20260702.log") (Version "1.12.0.7207")
L 07/02/2026 - 18:24:47: [GEOIP] GeoIP2 database loaded: GeoLite2-ASN (2024-08-21 08:15:21 UTC) (d:\steamlibrary\steamapps\common\left 4 dead 2\left4dead2\addons\sourcemod\configs\geoip\GeoLite2-ASN.mmdb)
L 07/02/2026 - 18:24:47: [GEOIP] GeoIP2 supported languages: en
L 07/02/2026 - 18:24:47: [GEOIP] Your database is older than 90 days. You should consider downloading a newer version from e.g. https://dev.maxmind.com/geoip/geolite2-free-geolocation-data
L 07/02/2026 - 18:24:48: [l4d_extinguisher.smx] 
==========
Warning: You should install "[L4D2] Scavenge Score Fix - Gascan Pouring" to prevent affecting the score when filling gas in Scavenge style events: https://forums.alliedmods.net/showthread.php?t=187686
==========

L 07/02/2026 - 18:24:48: [l4d_extinguisher.smx] 
==========
Warning: You should install "[L4D & L4D2] Use Priority Patch" to fix attached models blocking +USE action: https://forums.alliedmods.net/showthread.php?t=327511
==========

L 07/02/2026 - 18:25:02: [basecommands.smx] "Console<0><Console><Console>" changed cvar (cvar "sv_consistency") (value "0")
L 07/02/2026 - 18:25:02: [basecommands.smx] "Console<0><Console><Console>" changed cvar (cvar "sv_allow_lobby_connect_only") (value "0")
L 07/02/2026 - 18:25:02: [basecommands.smx] "Console<0><Console><Console>" changed cvar (cvar "sv_maxplayers") (value "8")
L 07/02/2026 - 18:25:02: [basecommands.smx] "Console<0><Console><Console>" changed cvar (cvar "sv_visiblemaxplayers") (value "-1")
L 07/02/2026 - 18:25:02: [chat-processor.smx] Message formats generated for game 'left4dead2'.
L 07/02/2026 - 18:25:02: [chat-processor.smx] Successfully hooked a SayText2 chat hook.
L 07/02/2026 - 18:25:20: [l4d2_shop.smx] [LOAD]: "[T-T]MoY<2><STEAM_1:0:511491787><>" loaded the record successfully! Points: "216"
L 07/02/2026 - 18:25:33: [playercommands.smx] "[T-T]MoY<2><STEAM_1:0:511491787><>" slayed "Ellis<3><BOT><>"
L 07/02/2026 - 18:25:33: [playercommands.smx] "[T-T]MoY<2><STEAM_1:0:511491787><>" slayed "Nick<4><BOT><>"
L 07/02/2026 - 18:25:34: [playercommands.smx] "[T-T]MoY<2><STEAM_1:0:511491787><>" slayed "Rochelle<5><BOT><>"
L 07/02/2026 - 18:25:50: [funcommands.smx] "[T-T]MoY<2><STEAM_1:0:511491787><>" toggled noclip on "[T-T]MoY<2><STEAM_1:0:511491787><>"
L 07/02/2026 - 18:27:08: [playercommands.smx] "[T-T]MoY<2><STEAM_1:0:511491787><>" slayed "(4)Tank<10><BOT><>"
L 07/02/2026 - 18:27:08: [playercommands.smx] "[T-T]MoY<2><STEAM_1:0:511491787><>" slayed "(5)Tank<11><BOT><>"
L 07/02/2026 - 18:27:08: [playercommands.smx] "[T-T]MoY<2><STEAM_1:0:511491787><>" slayed "(6)Tank<12><BOT><>"
L 07/02/2026 - 18:29:50: Log file closed.
L 07/02/2026 - 20:09:10: SourceMod log file session started (file "d:\steamlibrary\steamapps\common\left 4 dead 2\left4dead2\addons\sourcemod\logs\L20260702.log") (Version "1.12.0.7207")
L 07/02/2026 - 20:09:10: [GEOIP] GeoIP2 database loaded: GeoLite2-ASN (2024-08-21 08:15:21 UTC) (d:\steamlibrary\steamapps\common\left 4 dead 2\left4dead2\addons\sourcemod\configs\geoip\GeoLite2-ASN.mmdb)
L 07/02/2026 - 20:09:10: [GEOIP] GeoIP2 supported languages: en
L 07/02/2026 - 20:09:10: [GEOIP] Your database is older than 90 days. You should consider downloading a newer version from e.g. https://dev.maxmind.com/geoip/geolite2-free-geolocation-data
L 07/02/2026 - 20:09:12: [l4d_extinguisher.smx] 
==========
Warning: You should install "[L4D2] Scavenge Score Fix - Gascan Pouring" to prevent affecting the score when filling gas in Scavenge style events: https://forums.alliedmods.net/showthread.php?t=187686
==========

L 07/02/2026 - 20:09:12: [l4d_extinguisher.smx] 
==========
Warning: You should install "[L4D & L4D2] Use Priority Patch" to fix attached models blocking +USE action: https://forums.alliedmods.net/showthread.php?t=327511
==========

L 07/02/2026 - 20:09:24: [basecommands.smx] "Console<0><Console><Console>" changed cvar (cvar "sv_consistency") (value "0")
L 07/02/2026 - 20:09:24: [basecommands.smx] "Console<0><Console><Console>" changed cvar (cvar "sv_allow_lobby_connect_only") (value "0")
L 07/02/2026 - 20:09:24: [basecommands.smx] "Console<0><Console><Console>" changed cvar (cvar "sv_maxplayers") (value "8")
L 07/02/2026 - 20:09:24: [basecommands.smx] "Console<0><Console><Console>" changed cvar (cvar "sv_visiblemaxplayers") (value "-1")
L 07/02/2026 - 20:09:25: [chat-processor.smx] Message formats generated for game 'left4dead2'.
L 07/02/2026 - 20:09:25: [chat-processor.smx] Successfully hooked a SayText2 chat hook.
L 07/02/2026 - 20:09:43: [l4d2_shop.smx] [LOAD]: "[T-T]MoY<2><STEAM_1:0:511491787><>" loaded the record successfully! Points: "216"
L 07/02/2026 - 20:09:56: [basecommands.smx] "[T-T]MoY<2><STEAM_1:0:511491787><>" changed cvar (cvar "sv_gravity") (value "200")
L 07/02/2026 - 20:10:42: [l4d2_shop.smx] [UPDATE]: "[T-T]MoY<2><STEAM_1:0:511491787><>" saved. Points: "216"
L 07/02/2026 - 20:10:42: [l4d2_shop.smx] UPDATE SpecialFunctions SET isEnabled = 1 WHERE steamId = 'STEAM_1:0:511491787' AND (functionNo = 'GRAY_AMMO' OR functionNo = 'BLUE_AMMO' OR functionNo = 'GOLD_AMMO')
L 07/02/2026 - 20:11:07: [l4d2_shop.smx] [INSERT]: "͜͡𝓚𝓸𝓭𝓮𝔁コド<7><STEAM_1:0:604161419><>" is a new user!!
L 07/02/2026 - 20:13:07: [l4d2_shop.smx] [LOAD]: "sergitoxd_:vඞ<17><STEAM_1:1:782589661><>" loaded the record successfully! Points: "0"
L 07/02/2026 - 20:13:19: [l4d2_shop.smx] [UPDATE]: "[T-T]MoY<2><STEAM_1:0:511491787><>" saved. Points: "230"
L 07/02/2026 - 20:13:19: [l4d2_shop.smx] UPDATE SpecialFunctions SET isEnabled = 1 WHERE steamId = 'STEAM_1:0:511491787' AND (functionNo = 'GRAY_AMMO' OR functionNo = 'BLUE_AMMO' OR functionNo = 'GOLD_AMMO')
L 07/02/2026 - 20:13:19: [l4d2_shop.smx] [UPDATE]: "͜͡𝓚𝓸𝓭𝓮𝔁コド<7><STEAM_1:0:604161419><>" saved. Points: "12"
L 07/02/2026 - 20:13:19: [l4d2_shop.smx] [UPDATE]: "sergitoxd_:vඞ<17><STEAM_1:1:782589661><>" saved. Points: "0"
L 07/02/2026 - 20:14:00: [l4d2_shop.smx] [INSERT]: "Dr. Coito<15><STEAM_1:0:578210900><>" is a new user!!
L 07/02/2026 - 20:15:24: [l4d2_shop.smx] [INSERT]: " <24><STEAM_1:0:868634783><>" is a new user!!
L 07/02/2026 - 20:16:08: [l4d2_shop.smx] [INSERT]: "CAPITAN LARA<28><STEAM_1:1:924766781><>" is a new user!!
L 07/02/2026 - 20:16:14: -------- Mapchange to c1m2_streets --------
L 07/02/2026 - 20:16:25: [basecommands.smx] "Console<0><Console><Console>" changed cvar (cvar "sv_consistency") (value "0")
L 07/02/2026 - 20:16:25: [basecommands.smx] "Console<0><Console><Console>" changed cvar (cvar "sv_allow_lobby_connect_only") (value "0")
L 07/02/2026 - 20:16:25: [basecommands.smx] "Console<0><Console><Console>" changed cvar (cvar "sv_maxplayers") (value "8")
L 07/02/2026 - 20:16:25: [basecommands.smx] "Console<0><Console><Console>" changed cvar (cvar "sv_visiblemaxplayers") (value "-1")
L 07/02/2026 - 20:16:25: [chat-processor.smx] Message formats generated for game 'left4dead2'.
L 07/02/2026 - 20:16:25: [chat-processor.smx] Successfully hooked a SayText2 chat hook.
L 07/02/2026 - 20:16:44: [l4d2_shop.smx] [LOAD]: "[T-T]MoY<2><STEAM_1:0:511491787><>" loaded the record successfully! Points: "230"
L 07/02/2026 - 20:16:44: [l4d2_shop.smx] [LOAD]: "sergitoxd_:vඞ<17><STEAM_1:1:782589661><>" loaded the record successfully! Points: "0"
L 07/02/2026 - 20:16:45: [l4d2_shop.smx] [LOAD]: " <24><STEAM_1:0:868634783><>" loaded the record successfully! Points: "0"
L 07/02/2026 - 20:17:03: [l4d2_shop.smx] [LOAD]: "͜͡𝓚𝓸𝓭𝓮𝔁コド<7><STEAM_1:0:604161419><>" loaded the record successfully! Points: "12"
L 07/02/2026 - 20:17:15: [l4d2_shop.smx] [LOAD]: "CAPITAN LARA<28><STEAM_1:1:924766781><>" loaded the record successfully! Points: "0"
L 07/02/2026 - 20:17:30: [l4d2_shop.smx] [LOAD]: "Dr. Coito<15><STEAM_1:0:578210900><>" loaded the record successfully! Points: "0"
L 07/02/2026 - 20:18:37: [l4d2_shop.smx] [LOAD]: "Jery<35><STEAM_1:1:534725285><>" loaded the record successfully! Points: "22"
L 07/02/2026 - 20:18:52: [l4d2_shop.smx] [LOAD]: "alexander<38><STEAM_1:1:628732621><>" loaded the record successfully! Points: "0"
L 07/02/2026 - 20:20:10: [l4d2_shop.smx] [UPDATE]: "[T-T]MoY<2><STEAM_1:0:511491787><>" saved. Points: "242"
L 07/02/2026 - 20:20:10: [l4d2_shop.smx] UPDATE SpecialFunctions SET isEnabled = 1 WHERE steamId = 'STEAM_1:0:511491787' AND (functionNo = 'GRAY_AMMO' OR functionNo = 'BLUE_AMMO' OR functionNo = 'GOLD_AMMO')
L 07/02/2026 - 20:20:10: [l4d2_shop.smx] [UPDATE]: " <24><STEAM_1:0:868634783><>" saved. Points: "20"
L 07/02/2026 - 20:20:10: [l4d2_shop.smx] [UPDATE]: "Jery<35><STEAM_1:1:534725285><>" saved. Points: "30"
L 07/02/2026 - 20:20:10: [l4d2_shop.smx] [UPDATE]: "͜͡𝓚𝓸𝓭𝓮𝔁コド<7><STEAM_1:0:604161419><>" saved. Points: "25"
L 07/02/2026 - 20:20:10: [l4d2_shop.smx] [UPDATE]: "Dr. Coito<15><STEAM_1:0:578210900><>" saved. Points: "8"
L 07/02/2026 - 20:20:10: [l4d2_shop.smx] [UPDATE]: "sergitoxd_:vඞ<17><STEAM_1:1:782589661><>" saved. Points: "11"
L 07/02/2026 - 20:20:56: [l4d2_shop.smx] [INSERT]: "volex_97<48><STEAM_1:1:459709904><>" is a new user!!
L 07/02/2026 - 20:24:54: -------- Mapchange to c1m3_mall --------
L 07/02/2026 - 20:25:10: [basecommands.smx] "Console<0><Console><Console>" changed cvar (cvar "sv_consistency") (value "0")
L 07/02/2026 - 20:25:10: [basecommands.smx] "Console<0><Console><Console>" changed cvar (cvar "sv_allow_lobby_connect_only") (value "0")
L 07/02/2026 - 20:25:10: [basecommands.smx] "Console<0><Console><Console>" changed cvar (cvar "sv_maxplayers") (value "8")
L 07/02/2026 - 20:25:10: [basecommands.smx] "Console<0><Console><Console>" changed cvar (cvar "sv_visiblemaxplayers") (value "-1")
L 07/02/2026 - 20:25:10: [chat-processor.smx] Message formats generated for game 'left4dead2'.
L 07/02/2026 - 20:25:10: [chat-processor.smx] Successfully hooked a SayText2 chat hook.
L 07/02/2026 - 20:25:31: [l4d2_shop.smx] [LOAD]: "[T-T]MoY<2><STEAM_1:0:511491787><>" loaded the record successfully! Points: "242"
L 07/02/2026 - 20:25:34: [l4d2_shop.smx] [LOAD]: " <24><STEAM_1:0:868634783><>" loaded the record successfully! Points: "20"
L 07/02/2026 - 20:25:35: [l4d2_shop.smx] [LOAD]: "volex_97<48><STEAM_1:1:459709904><>" loaded the record successfully! Points: "0"
L 07/02/2026 - 20:25:43: [l4d2_shop.smx] [LOAD]: "Dr. Coito<15><STEAM_1:0:578210900><>" loaded the record successfully! Points: "8"
L 07/02/2026 - 20:25:48: [l4d2_shop.smx] [LOAD]: "Jery<35><STEAM_1:1:534725285><>" loaded the record successfully! Points: "30"
L 07/02/2026 - 20:25:49: [l4d2_shop.smx] [LOAD]: "͜͡𝓚𝓸𝓭𝓮𝔁コド<7><STEAM_1:0:604161419><>" loaded the record successfully! Points: "25"
L 07/02/2026 - 20:28:28: [l4d2_shop.smx] [UPDATE]: "[T-T]MoY<2><STEAM_1:0:511491787><>" saved. Points: "250"
L 07/02/2026 - 20:28:28: [l4d2_shop.smx] UPDATE SpecialFunctions SET isEnabled = 1 WHERE steamId = 'STEAM_1:0:511491787' AND (functionNo = 'GRAY_AMMO' OR functionNo = 'BLUE_AMMO' OR functionNo = 'GOLD_AMMO')
L 07/02/2026 - 20:28:28: [l4d2_shop.smx] [UPDATE]: " <24><STEAM_1:0:868634783><>" saved. Points: "28"
L 07/02/2026 - 20:28:28: [l4d2_shop.smx] [UPDATE]: "Jery<35><STEAM_1:1:534725285><>" saved. Points: "38"
L 07/02/2026 - 20:28:28: [l4d2_shop.smx] [UPDATE]: "Dr. Coito<15><STEAM_1:0:578210900><>" saved. Points: "16"
L 07/02/2026 - 20:28:58: [l4d2_shop.smx] [LOAD]: "BRAYAN ISA SOFIA<85><STEAM_1:0:933076135><>" loaded the record successfully! Points: "0"
L 07/02/2026 - 20:30:02: [l4d2_shop.smx] [LOAD]: "KEIKO FUGIMORI<92><STEAM_1:0:398130396><>" loaded the record successfully! Points: "8"
L 07/02/2026 - 20:31:03: [l4d2_shop.smx] [UPDATE]: "[T-T]MoY<2><STEAM_1:0:511491787><>" saved. Points: "252"
L 07/02/2026 - 20:31:03: [l4d2_shop.smx] UPDATE SpecialFunctions SET isEnabled = 1 WHERE steamId = 'STEAM_1:0:511491787' AND (functionNo = 'GRAY_AMMO' OR functionNo = 'BLUE_AMMO' OR functionNo = 'GOLD_AMMO')
L 07/02/2026 - 20:31:03: [l4d2_shop.smx] [UPDATE]: " <24><STEAM_1:0:868634783><>" saved. Points: "30"
L 07/02/2026 - 20:31:03: [l4d2_shop.smx] [UPDATE]: "Jery<35><STEAM_1:1:534725285><>" saved. Points: "40"
L 07/02/2026 - 20:31:03: [l4d2_shop.smx] [UPDATE]: "KEIKO FUGIMORI<92><STEAM_1:0:398130396><>" saved. Points: "8"
L 07/02/2026 - 20:32:06: [l4d2_shop.smx] [INSERT]: "JL<99><STEAM_1:1:922094481><>" is a new user!!
L 07/02/2026 - 20:32:35: [l4d2_shop.smx] [LOAD]: "BENJAMIN007<102><STEAM_1:0:518343828><>" loaded the record successfully! Points: "49"
L 07/02/2026 - 20:33:45: [l4d2_shop.smx] [UPDATE]: "[T-T]MoY<2><STEAM_1:0:511491787><>" saved. Points: "258"
L 07/02/2026 - 20:33:45: [l4d2_shop.smx] UPDATE SpecialFunctions SET isEnabled = 1 WHERE steamId = 'STEAM_1:0:511491787' AND (functionNo = 'GRAY_AMMO' OR functionNo = 'BLUE_AMMO' OR functionNo = 'GOLD_AMMO')
L 07/02/2026 - 20:33:45: [l4d2_shop.smx] [UPDATE]: " <24><STEAM_1:0:868634783><>" saved. Points: "36"
L 07/02/2026 - 20:33:45: [l4d2_shop.smx] [UPDATE]: "Jery<35><STEAM_1:1:534725285><>" saved. Points: "46"
L 07/02/2026 - 20:34:36: [l4d2_shop.smx] [Buy]: "[T-T]MoY<2><STEAM_1:0:511491787><>" bought "health" (price: "98"), remaining points: "160"
L 07/02/2026 - 20:35:25: [l4d2_shop.smx] [INSERT]: "ZOMBI VIOLIN<116><STEAM_1:0:649924429><>" is a new user!!
L 07/02/2026 - 20:36:28: -------- Mapchange to c1m4_atrium --------
L 07/02/2026 - 20:36:41: [basecommands.smx] "Console<0><Console><Console>" changed cvar (cvar "sv_consistency") (value "0")
L 07/02/2026 - 20:36:41: [basecommands.smx] "Console<0><Console><Console>" changed cvar (cvar "sv_allow_lobby_connect_only") (value "0")
L 07/02/2026 - 20:36:41: [basecommands.smx] "Console<0><Console><Console>" changed cvar (cvar "sv_maxplayers") (value "8")
L 07/02/2026 - 20:36:41: [basecommands.smx] "Console<0><Console><Console>" changed cvar (cvar "sv_visiblemaxplayers") (value "-1")
L 07/02/2026 - 20:36:41: [chat-processor.smx] Message formats generated for game 'left4dead2'.
L 07/02/2026 - 20:36:41: [chat-processor.smx] Successfully hooked a SayText2 chat hook.
L 07/02/2026 - 20:37:03: [l4d2_shop.smx] [LOAD]: "[T-T]MoY<2><STEAM_1:0:511491787><>" loaded the record successfully! Points: "258"
L 07/02/2026 - 20:37:04: [l4d2_shop.smx] [LOAD]: " <24><STEAM_1:0:868634783><>" loaded the record successfully! Points: "36"
L 07/02/2026 - 20:37:10: [l4d2_shop.smx] [LOAD]: "ZOMBI VIOLIN<116><STEAM_1:0:649924429><>" loaded the record successfully! Points: "0"
L 07/02/2026 - 20:39:04: -------- Mapchange to Glubtastic2_1 --------
L 07/02/2026 - 20:39:08: [basecommands.smx] "Console<0><Console><Console>" changed cvar (cvar "sv_consistency") (value "0")
L 07/02/2026 - 20:39:08: [basecommands.smx] "Console<0><Console><Console>" changed cvar (cvar "sv_allow_lobby_connect_only") (value "0")
L 07/02/2026 - 20:39:08: [basecommands.smx] "Console<0><Console><Console>" changed cvar (cvar "sv_maxplayers") (value "8")
L 07/02/2026 - 20:39:08: [basecommands.smx] "Console<0><Console><Console>" changed cvar (cvar "sv_visiblemaxplayers") (value "-1")
L 07/02/2026 - 20:39:08: [chat-processor.smx] Message formats generated for game 'left4dead2'.
L 07/02/2026 - 20:39:08: [chat-processor.smx] Successfully hooked a SayText2 chat hook.
L 07/02/2026 - 20:39:19: [l4d2_shop.smx] [LOAD]: "[T-T]MoY<129><STEAM_ID_PENDING><>" loaded the record successfully! Points: "0"
L 07/02/2026 - 20:39:40: [l4d2_shop.smx] [UPDATE]: "[T-T]MoY<129><STEAM_1:0:511491787><>" saved. Points: "1000"
L 07/02/2026 - 20:39:40: [l4d2_shop.smx] [Admin]: "[T-T]MoY<129><STEAM_1:0:511491787><>" rewarded "1000" points for "[T-T]MoY<129><STEAM_1:0:511491787><>" (current: "1000")
L 07/02/2026 - 20:39:44: [basecommands.smx] "[T-T]MoY<129><STEAM_1:0:511491787><>" changed cvar (cvar "sv_gravity") (value "800")
L 07/02/2026 - 20:40:35: [playercommands.smx] "[T-T]MoY<129><STEAM_1:0:511491787><>" slayed "[T-T]MoY<129><STEAM_1:0:511491787><>"
L 07/02/2026 - 20:40:35: [l4d2_shop.smx] [UPDATE]: "[T-T]MoY<129><STEAM_1:0:511491787><>" saved. Points: "1002"
L 07/02/2026 - 20:40:36: [playercommands.smx] "[T-T]MoY<129><STEAM_1:0:511491787><>" slayed "Tank<130><BOT><>"
L 07/02/2026 - 20:40:36: [playercommands.smx] "[T-T]MoY<129><STEAM_1:0:511491787><>" slayed "(1)Tank<131><BOT><>"
L 07/02/2026 - 20:40:36: [playercommands.smx] "[T-T]MoY<129><STEAM_1:0:511491787><>" slayed "(2)Tank<132><BOT><>"
L 07/02/2026 - 20:40:36: [playercommands.smx] "[T-T]MoY<129><STEAM_1:0:511491787><>" slayed "(3)Tank<133><BOT><>"
L 07/02/2026 - 20:40:37: [playercommands.smx] "[T-T]MoY<129><STEAM_1:0:511491787><>" slayed "(4)Tank<134><BOT><>"
L 07/02/2026 - 20:41:03: [playercommands.smx] "[T-T]MoY<129><STEAM_1:0:511491787><>" slayed "[T-T]MoY<129><STEAM_1:0:511491787><>"
L 07/02/2026 - 20:41:03: [l4d2_shop.smx] [UPDATE]: "[T-T]MoY<129><STEAM_1:0:511491787><>" saved. Points: "1012"
L 07/02/2026 - 20:42:51: [l4d_sm_respawn.smx] "[T-T]MoY<129><STEAM_1:0:511491787><>" teleported "Coach<142><BOT><>" after respawning him
L 07/02/2026 - 20:42:51: [l4d_sm_respawn.smx] "[T-T]MoY<129><STEAM_1:0:511491787><>" teleported "Nick<143><BOT><>" after respawning him
L 07/02/2026 - 20:45:01: [l4d2_shop.smx] [LOAD]: "็<176><STEAM_ID_PENDING><>" loaded the record successfully! Points: "0"
L 07/02/2026 - 20:46:41: [l4d2_shop.smx] [UPDATE]: "[T-T]MoY<129><STEAM_1:0:511491787><>" saved. Points: "1037"
L 07/02/2026 - 20:49:05: [l4d2_shop.smx] [UPDATE]: "[T-T]MoY<129><STEAM_1:0:511491787><>" saved. Points: "1039"
L 07/02/2026 - 20:51:30: [l4d2_shop.smx] [UPDATE]: "[T-T]MoY<129><STEAM_1:0:511491787><>" saved. Points: "1039"
L 07/02/2026 - 20:52:16: -------- Mapchange to glubtastic5_1 --------
L 07/02/2026 - 20:52:20: [basecommands.smx] "Console<0><Console><Console>" changed cvar (cvar "sv_consistency") (value "0")
L 07/02/2026 - 20:52:20: [basecommands.smx] "Console<0><Console><Console>" changed cvar (cvar "sv_allow_lobby_connect_only") (value "0")
L 07/02/2026 - 20:52:20: [basecommands.smx] "Console<0><Console><Console>" changed cvar (cvar "sv_maxplayers") (value "8")
L 07/02/2026 - 20:52:20: [basecommands.smx] "Console<0><Console><Console>" changed cvar (cvar "sv_visiblemaxplayers") (value "-1")
L 07/02/2026 - 20:52:20: [chat-processor.smx] Message formats generated for game 'left4dead2'.
L 07/02/2026 - 20:52:20: [chat-processor.smx] Successfully hooked a SayText2 chat hook.
L 07/02/2026 - 20:52:27: [l4d2_shop.smx] [LOAD]: "[T-T]MoY<264><STEAM_ID_PENDING><>" loaded the record successfully! Points: "0"
L 07/02/2026 - 20:53:05: [l4d2_shop.smx] [INSERT]: "Manquito bb<268><STEAM_1:0:922085885><>" is a new user!!
L 07/02/2026 - 20:53:46: [l4d2_shop.smx] [INSERT]: "pouc80<272><STEAM_1:0:887440158><>" is a new user!!
L 07/02/2026 - 20:54:04: [l4d2_shop.smx] [INSERT]: "causa rellena<273><STEAM_1:1:937805194><>" is a new user!!
L 07/02/2026 - 20:54:23: [l4d2_shop.smx] [INSERT]: "ChOpPeR<276><STEAM_1:1:162006817><>" is a new user!!
L 07/02/2026 - 20:54:29: [l4d2_shop.smx] [UPDATE]: "[T-T]MoY<264><STEAM_1:0:511491787><>" saved. Points: "0"
L 07/02/2026 - 20:54:29: [l4d2_shop.smx] [UPDATE]: "ChOpPeR<276><STEAM_1:1:162006817><>" saved. Points: "0"
L 07/02/2026 - 20:54:29: [l4d2_shop.smx] [UPDATE]: "Manquito bb<268><STEAM_1:0:922085885><>" saved. Points: "1"
L 07/02/2026 - 20:54:29: [l4d2_shop.smx] [UPDATE]: "causa rellena<273><STEAM_1:1:937805194><>" saved. Points: "0"
L 07/02/2026 - 20:54:29: [l4d2_shop.smx] [UPDATE]: "pouc80<272><STEAM_1:0:887440158><>" saved. Points: "0"
L 07/02/2026 - 20:54:50: [l4d2_shop.smx] [LOAD]: "Frᵃn<277><STEAM_ID_PENDING><>" loaded the record successfully! Points: "0"
L 07/02/2026 - 20:56:11: [l4d2_shop.smx] [LOAD]: "⛑EPIC GAMES⛑<285><STEAM_1:0:588496291><>" loaded the record successfully! Points: "11008"
L 07/02/2026 - 20:57:34: [l4d2_shop.smx] [UPDATE]: "[T-T]MoY<264><STEAM_1:0:511491787><>" saved. Points: "0"
L 07/02/2026 - 20:57:34: [l4d2_shop.smx] [UPDATE]: "ChOpPeR<276><STEAM_1:1:162006817><>" saved. Points: "0"
L 07/02/2026 - 20:57:34: [l4d2_shop.smx] [UPDATE]: "Manquito bb<268><STEAM_1:0:922085885><>" saved. Points: "7"
L 07/02/2026 - 20:57:34: [l4d2_shop.smx] [UPDATE]: "causa rellena<273><STEAM_1:1:937805194><>" saved. Points: "0"
L 07/02/2026 - 20:57:34: [l4d2_shop.smx] [UPDATE]: "⛑EPIC GAMES⛑<285><STEAM_1:0:588496291><>" saved. Points: "11008"
L 07/02/2026 - 20:57:38: [l4d2_shop.smx] [LOAD]: "yo solo veo no carreo<294><STEAM_1:0:205363452><>" loaded the record successfully! Points: "0"
L 07/02/2026 - 20:59:49: [l4d2_shop.smx] [INSERT]: "Alexian_Zapcen<303><STEAM_1:1:649291560><>" is a new user!!
L 07/02/2026 - 20:59:55: [l4d2_shop.smx] [INSERT]: "ElCachaAbuelas3000<302><STEAM_1:0:701905374><>" is a new user!!
L 07/02/2026 - 21:02:13: [basevotes.smx] "[T-T]MoY<264><STEAM_1:0:511491787><>" initiated a generic vote (question "Es cine?" / answers "Yes" "No").
L 07/02/2026 - 21:02:34: [basevotes.smx] Vote successful. (Received "100" of 2 votes)
L 07/02/2026 - 21:02:34: [basevotes.smx] The answer to Es cine? is: Yes.
L 07/02/2026 - 21:02:57: -------- Mapchange to glubtastic5_2 --------
L 07/02/2026 - 21:03:00: [basecommands.smx] "Console<0><Console><Console>" changed cvar (cvar "sv_consistency") (value "0")
L 07/02/2026 - 21:03:00: [basecommands.smx] "Console<0><Console><Console>" changed cvar (cvar "sv_allow_lobby_connect_only") (value "0")
L 07/02/2026 - 21:03:00: [basecommands.smx] "Console<0><Console><Console>" changed cvar (cvar "sv_maxplayers") (value "8")
L 07/02/2026 - 21:03:00: [basecommands.smx] "Console<0><Console><Console>" changed cvar (cvar "sv_visiblemaxplayers") (value "-1")
L 07/02/2026 - 21:03:00: [chat-processor.smx] Message formats generated for game 'left4dead2'.
L 07/02/2026 - 21:03:00: [chat-processor.smx] Successfully hooked a SayText2 chat hook.
L 07/02/2026 - 21:03:07: [l4d2_shop.smx] [LOAD]: "[T-T]MoY<264><STEAM_1:0:511491787><>" loaded the record successfully! Points: "0"
L 07/02/2026 - 21:03:07: [l4d2_shop.smx] [LOAD]: "ChOpPeR<276><STEAM_1:1:162006817><>" loaded the record successfully! Points: "0"
L 07/02/2026 - 21:03:09: [l4d2_shop.smx] [LOAD]: "Manquito bb<268><STEAM_1:0:922085885><>" loaded the record successfully! Points: "7"
L 07/02/2026 - 21:03:10: [l4d2_shop.smx] [LOAD]: "⛑EPIC GAMES⛑<285><STEAM_1:0:588496291><>" loaded the record successfully! Points: "11008"
L 07/02/2026 - 21:03:10: [l4d2_shop.smx] [LOAD]: "Alexian_Zapcen<303><STEAM_1:1:649291560><>" loaded the record successfully! Points: "0"
L 07/02/2026 - 21:03:19: [l4d2_shop.smx] [LOAD]: "causa rellena<273><STEAM_1:1:937805194><>" loaded the record successfully! Points: "0"
L 07/02/2026 - 21:03:36: [l4d2_shop.smx] [INSERT]: "NANANANANANANANA<311><STEAM_1:0:553618380><>" is a new user!!
L 07/02/2026 - 21:06:15: [l4d2_shop.smx] [INSERT]: "SP<313><STEAM_1:0:572137760><>" is a new user!!
L 07/02/2026 - 21:06:52: [l4d2_shop.smx] [UPDATE]: "[T-T]MoY<264><STEAM_1:0:511491787><>" saved. Points: "4"
L 07/02/2026 - 21:06:52: [l4d2_shop.smx] UPDATE SpecialFunctions SET isEnabled = 1 WHERE steamId = 'STEAM_1:0:511491787' AND (functionNo = 'GRAY_AMMO' OR functionNo = 'BLUE_AMMO' OR functionNo = 'GOLD_AMMO')
L 07/02/2026 - 21:06:52: [l4d2_shop.smx] [UPDATE]: "ChOpPeR<276><STEAM_1:1:162006817><>" saved. Points: "4"
L 07/02/2026 - 21:06:52: [l4d2_shop.smx] [UPDATE]: "SP<313><STEAM_1:0:572137760><>" saved. Points: "0"
L 07/02/2026 - 21:06:52: [l4d2_shop.smx] [UPDATE]: "NANANANANANANANA<311><STEAM_1:0:553618380><>" saved. Points: "14"
L 07/02/2026 - 21:06:52: [l4d2_shop.smx] [UPDATE]: "causa rellena<273><STEAM_1:1:937805194><>" saved. Points: "6"
L 07/02/2026 - 21:06:52: [l4d2_shop.smx] [UPDATE]: "⛑EPIC GAMES⛑<285><STEAM_1:0:588496291><>" saved. Points: "11010"
L 07/02/2026 - 21:06:52: [l4d2_shop.smx] [UPDATE]: "Alexian_Zapcen<303><STEAM_1:1:649291560><>" saved. Points: "2"
L 07/02/2026 - 21:07:06: [l4d2_shop.smx] [INSERT]: "Akecrafcito<318><STEAM_1:1:471338895><>" is a new user!!
L 07/02/2026 - 21:09:39: [l4d2_shop.smx] [UPDATE]: "[T-T]MoY<264><STEAM_1:0:511491787><>" saved. Points: "7"
L 07/02/2026 - 21:09:39: [l4d2_shop.smx] UPDATE SpecialFunctions SET isEnabled = 1 WHERE steamId = 'STEAM_1:0:511491787' AND (functionNo = 'GRAY_AMMO' OR functionNo = 'BLUE_AMMO' OR functionNo = 'GOLD_AMMO')
L 07/02/2026 - 21:09:39: [l4d2_shop.smx] [UPDATE]: "ChOpPeR<276><STEAM_1:1:162006817><>" saved. Points: "4"
L 07/02/2026 - 21:09:39: [l4d2_shop.smx] [UPDATE]: "SP<313><STEAM_1:0:572137760><>" saved. Points: "0"
L 07/02/2026 - 21:09:39: [l4d2_shop.smx] [UPDATE]: "NANANANANANANANA<311><STEAM_1:0:553618380><>" saved. Points: "15"
L 07/02/2026 - 21:09:39: [l4d2_shop.smx] [UPDATE]: "causa rellena<273><STEAM_1:1:937805194><>" saved. Points: "6"
L 07/02/2026 - 21:09:39: [l4d2_shop.smx] [UPDATE]: "⛑EPIC GAMES⛑<285><STEAM_1:0:588496291><>" saved. Points: "11010"
L 07/02/2026 - 21:09:39: [l4d2_shop.smx] [UPDATE]: "Alexian_Zapcen<303><STEAM_1:1:649291560><>" saved. Points: "2"
L 07/02/2026 - 21:10:24: [l4d2_shop.smx] [INSERT]: "joaquin.r04.val<328><STEAM_1:1:408085704><>" is a new user!!
L 07/02/2026 - 21:11:44: [basevotes.smx] "[T-T]MoY<264><STEAM_1:0:511491787><>" initiated a generic vote (question "se lo aplasta la roka?" / answers "Yes" "No").
L 07/02/2026 - 21:12:04: [basevotes.smx] Vote successful. (Received "100" of 6 votes)
L 07/02/2026 - 21:12:04: [basevotes.smx] The answer to se lo aplasta la roka? is: Yes.
L 07/02/2026 - 21:12:38: [l4d2_shop.smx] [UPDATE]: "[T-T]MoY<264><STEAM_1:0:511491787><>" saved. Points: "11"
L 07/02/2026 - 21:12:38: [l4d2_shop.smx] UPDATE SpecialFunctions SET isEnabled = 1 WHERE steamId = 'STEAM_1:0:511491787' AND (functionNo = 'GRAY_AMMO' OR functionNo = 'BLUE_AMMO' OR functionNo = 'GOLD_AMMO')
L 07/02/2026 - 21:12:38: [l4d2_shop.smx] [UPDATE]: "ChOpPeR<276><STEAM_1:1:162006817><>" saved. Points: "6"
L 07/02/2026 - 21:12:38: [l4d2_shop.smx] [UPDATE]: "SP<313><STEAM_1:0:572137760><>" saved. Points: "2"
L 07/02/2026 - 21:12:38: [l4d2_shop.smx] [UPDATE]: "NANANANANANANANA<311><STEAM_1:0:553618380><>" saved. Points: "17"
L 07/02/2026 - 21:12:38: [l4d2_shop.smx] [UPDATE]: "causa rellena<273><STEAM_1:1:937805194><>" saved. Points: "8"
L 07/02/2026 - 21:12:38: [l4d2_shop.smx] [UPDATE]: "joaquin.r04.val<328><STEAM_1:1:408085704><>" saved. Points: "0"
L 07/02/2026 - 21:12:38: [l4d2_shop.smx] [UPDATE]: "⛑EPIC GAMES⛑<285><STEAM_1:0:588496291><>" saved. Points: "11012"
L 07/02/2026 - 21:12:38: [l4d2_shop.smx] [UPDATE]: "Alexian_Zapcen<303><STEAM_1:1:649291560><>" saved. Points: "5"
L 07/02/2026 - 21:13:39: [l4d2_shop.smx] [UPDATE]: "[T-T]MoY<264><STEAM_1:0:511491787><>" saved. Points: "11"
L 07/02/2026 - 21:13:39: [l4d2_shop.smx] UPDATE SpecialFunctions SET isEnabled = 1 WHERE steamId = 'STEAM_1:0:511491787' AND (functionNo = 'GRAY_AMMO' OR functionNo = 'BLUE_AMMO' OR functionNo = 'GOLD_AMMO')
L 07/02/2026 - 21:13:39: [l4d2_shop.smx] [UPDATE]: "ChOpPeR<276><STEAM_1:1:162006817><>" saved. Points: "6"
L 07/02/2026 - 21:13:39: [l4d2_shop.smx] [UPDATE]: "SP<313><STEAM_1:0:572137760><>" saved. Points: "2"
L 07/02/2026 - 21:13:39: [l4d2_shop.smx] [UPDATE]: "NANANANANANANANA<311><STEAM_1:0:553618380><>" saved. Points: "17"
L 07/02/2026 - 21:13:39: [l4d2_shop.smx] [UPDATE]: "causa rellena<273><STEAM_1:1:937805194><>" saved. Points: "8"
L 07/02/2026 - 21:13:39: [l4d2_shop.smx] [UPDATE]: "⛑EPIC GAMES⛑<285><STEAM_1:0:588496291><>" saved. Points: "11012"
L 07/02/2026 - 21:13:39: [l4d2_shop.smx] [UPDATE]: "Alexian_Zapcen<303><STEAM_1:1:649291560><>" saved. Points: "5"
L 07/02/2026 - 21:13:56: [l4d2_shop.smx] [INSERT]: "Farid Dieck<340><STEAM_1:1:807415215><>" is a new user!!
L 07/02/2026 - 21:15:33: [l4d2_shop.smx] [LOAD]: "Quebuendoby<345><STEAM_1:1:601841727><>" loaded the record successfully! Points: "12109"
L 07/02/2026 - 21:15:57: -------- Mapchange to glubtastic5_3 --------
L 07/02/2026 - 21:16:00: [basecommands.smx] "Console<0><Console><Console>" changed cvar (cvar "sv_consistency") (value "0")
L 07/02/2026 - 21:16:00: [basecommands.smx] "Console<0><Console><Console>" changed cvar (cvar "sv_allow_lobby_connect_only") (value "0")
L 07/02/2026 - 21:16:00: [basecommands.smx] "Console<0><Console><Console>" changed cvar (cvar "sv_maxplayers") (value "8")
L 07/02/2026 - 21:16:00: [basecommands.smx] "Console<0><Console><Console>" changed cvar (cvar "sv_visiblemaxplayers") (value "-1")
L 07/02/2026 - 21:16:01: [chat-processor.smx] Message formats generated for game 'left4dead2'.
L 07/02/2026 - 21:16:01: [chat-processor.smx] Successfully hooked a SayText2 chat hook.
L 07/02/2026 - 21:16:08: [l4d2_shop.smx] [LOAD]: "[T-T]MoY<264><STEAM_1:0:511491787><>" loaded the record successfully! Points: "11"
L 07/02/2026 - 21:16:10: [l4d2_shop.smx] [LOAD]: "ChOpPeR<276><STEAM_1:1:162006817><>" loaded the record successfully! Points: "6"
L 07/02/2026 - 21:16:10: [l4d2_shop.smx] [LOAD]: "NANANANANANANANA<311><STEAM_1:0:553618380><>" loaded the record successfully! Points: "17"
L 07/02/2026 - 21:16:19: [l4d2_shop.smx] [LOAD]: "causa rellena<273><STEAM_1:1:937805194><>" loaded the record successfully! Points: "8"
L 07/02/2026 - 21:16:21: [l4d2_shop.smx] [LOAD]: "Alexian_Zapcen<303><STEAM_1:1:649291560><>" loaded the record successfully! Points: "5"
L 07/02/2026 - 21:16:22: [l4d2_shop.smx] [LOAD]: "Quebuendoby<345><STEAM_1:1:601841727><>" loaded the record successfully! Points: "12109"
L 07/02/2026 - 21:16:28: [l4d2_shop.smx] [LOAD]: "SP<313><STEAM_1:0:572137760><>" loaded the record successfully! Points: "2"
L 07/02/2026 - 21:16:44: [basevotes.smx] "[T-T]MoY<264><STEAM_1:0:511491787><>" initiated a generic vote (question "pódran con los tanks tienen pdoeres?" / answers "Yes" "No").
L 07/02/2026 - 21:17:05: [basevotes.smx] Vote successful. (Received "60" of 5 votes)
L 07/02/2026 - 21:17:05: [basevotes.smx] The answer to pódran con los tanks tienen pdoeres? is: Yes.
L 07/02/2026 - 21:17:09: [l4d2_shop.smx] [INSERT]: "vol<349><STEAM_1:0:566597731><>" is a new user!!
L 07/02/2026 - 21:22:43: [l4d2_shop.smx] [LOAD]: "HardCarry<357><STEAM_1:1:429917705><>" loaded the record successfully! Points: "0"
L 07/02/2026 - 21:24:20: [all4dead2.smx] [NOTICE]: ([T-T]MoY<264><STEAM_1:0:511491787><>) has spawned a fireaxe
L 07/02/2026 - 21:24:21: [all4dead2.smx] [NOTICE]: ([T-T]MoY<264><STEAM_1:0:511491787><>) has spawned a fireaxe
L 07/02/2026 - 21:24:22: [all4dead2.smx] [NOTICE]: ([T-T]MoY<264><STEAM_1:0:511491787><>) has spawned a fireaxe
L 07/02/2026 - 21:24:22: [all4dead2.smx] [NOTICE]: ([T-T]MoY<264><STEAM_1:0:511491787><>) has spawned a fireaxe
L 07/02/2026 - 21:24:22: [all4dead2.smx] [NOTICE]: ([T-T]MoY<264><STEAM_1:0:511491787><>) has spawned a fireaxe
L 07/02/2026 - 21:24:22: [all4dead2.smx] [NOTICE]: ([T-T]MoY<264><STEAM_1:0:511491787><>) has spawned a fireaxe
L 07/02/2026 - 21:24:23: [all4dead2.smx] [NOTICE]: ([T-T]MoY<264><STEAM_1:0:511491787><>) has spawned a fireaxe
L 07/02/2026 - 21:24:23: [all4dead2.smx] [NOTICE]: ([T-T]MoY<264><STEAM_1:0:511491787><>) has spawned a fireaxe
L 07/02/2026 - 21:24:23: [all4dead2.smx] [NOTICE]: ([T-T]MoY<264><STEAM_1:0:511491787><>) has spawned a fireaxe
L 07/02/2026 - 21:24:23: [all4dead2.smx] [NOTICE]: ([T-T]MoY<264><STEAM_1:0:511491787><>) has spawned a fireaxe
L 07/02/2026 - 21:24:24: [all4dead2.smx] [NOTICE]: ([T-T]MoY<264><STEAM_1:0:511491787><>) has spawned a fireaxe
L 07/02/2026 - 21:24:24: [all4dead2.smx] [NOTICE]: ([T-T]MoY<264><STEAM_1:0:511491787><>) has spawned a fireaxe
L 07/02/2026 - 21:24:24: [all4dead2.smx] [NOTICE]: ([T-T]MoY<264><STEAM_1:0:511491787><>) has spawned a fireaxe
L 07/02/2026 - 21:24:24: [all4dead2.smx] [NOTICE]: ([T-T]MoY<264><STEAM_1:0:511491787><>) has spawned a fireaxe
L 07/02/2026 - 21:24:24: [all4dead2.smx] [NOTICE]: ([T-T]MoY<264><STEAM_1:0:511491787><>) has spawned a fireaxe
L 07/02/2026 - 21:24:25: [all4dead2.smx] [NOTICE]: ([T-T]MoY<264><STEAM_1:0:511491787><>) has spawned a fireaxe
L 07/02/2026 - 21:24:25: [all4dead2.smx] [NOTICE]: ([T-T]MoY<264><STEAM_1:0:511491787><>) has spawned a fireaxe
L 07/02/2026 - 21:24:25: [all4dead2.smx] [NOTICE]: ([T-T]MoY<264><STEAM_1:0:511491787><>) has spawned a fireaxe
L 07/02/2026 - 21:24:25: [all4dead2.smx] [NOTICE]: ([T-T]MoY<264><STEAM_1:0:511491787><>) has spawned a fireaxe
L 07/02/2026 - 21:24:25: [all4dead2.smx] [NOTICE]: ([T-T]MoY<264><STEAM_1:0:511491787><>) has spawned a fireaxe
L 07/02/2026 - 21:24:50: [playercommands.smx] "[T-T]MoY<264><STEAM_1:0:511491787><>" slayed "Tank<359><BOT><>"
L 07/02/2026 - 21:28:02: [l4d2_shop.smx] [INSERT]: "RAM O REM CUAL ES MAS POTENTE<360><STEAM_1:1:360806514><>" is a new user!!
L 07/02/2026 - 21:29:12: -------- Mapchange to glubtastic5_bigtesco --------
L 07/02/2026 - 21:29:16: [basecommands.smx] "Console<0><Console><Console>" changed cvar (cvar "sv_consistency") (value "0")
L 07/02/2026 - 21:29:16: [basecommands.smx] "Console<0><Console><Console>" changed cvar (cvar "sv_allow_lobby_connect_only") (value "0")
L 07/02/2026 - 21:29:16: [basecommands.smx] "Console<0><Console><Console>" changed cvar (cvar "sv_maxplayers") (value "8")
L 07/02/2026 - 21:29:16: [basecommands.smx] "Console<0><Console><Console>" changed cvar (cvar "sv_visiblemaxplayers") (value "-1")
L 07/02/2026 - 21:29:16: [chat-processor.smx] Message formats generated for game 'left4dead2'.
L 07/02/2026 - 21:29:16: [chat-processor.smx] Successfully hooked a SayText2 chat hook.
L 07/02/2026 - 21:29:22: [l4d2_shop.smx] [LOAD]: "[T-T]MoY<264><STEAM_1:0:511491787><>" loaded the record successfully! Points: "11"
L 07/02/2026 - 21:29:23: [l4d2_shop.smx] [LOAD]: "ChOpPeR<276><STEAM_1:1:162006817><>" loaded the record successfully! Points: "6"
L 07/02/2026 - 21:29:27: [l4d2_shop.smx] [LOAD]: "Alexian_Zapcen<303><STEAM_1:1:649291560><>" loaded the record successfully! Points: "5"
L 07/02/2026 - 21:29:29: [l4d2_shop.smx] [LOAD]: "HardCarry<357><STEAM_1:1:429917705><>" loaded the record successfully! Points: "0"
L 07/02/2026 - 21:29:33: [l4d2_shop.smx] [LOAD]: "Quebuendoby<345><STEAM_1:1:601841727><>" loaded the record successfully! Points: "12109"
L 07/02/2026 - 21:29:34: [l4d2_shop.smx] [LOAD]: "RAM O REM CUAL ES MAS POTENTE<360><STEAM_1:1:360806514><>" loaded the record successfully! Points: "0"
L 07/02/2026 - 21:29:37: [l4d2_shop.smx] [LOAD]: "causa rellena<273><STEAM_1:1:937805194><>" loaded the record successfully! Points: "8"
L 07/02/2026 - 21:29:40: [l4d2_shop.smx] [LOAD]: "SP<313><STEAM_1:0:572137760><>" loaded the record successfully! Points: "2"
L 07/02/2026 - 21:32:09: [l4d2_shop.smx] [Buy]: "Quebuendoby<345><STEAM_1:1:601841727><>" bought "health" (price: "98"), remaining points: "12012"
L 07/02/2026 - 21:33:55: [basevotes.smx] "[T-T]MoY<264><STEAM_1:0:511491787><>" initiated a generic vote (question "se la kachan ala nera?" / answers "Yes" "No").
L 07/02/2026 - 21:34:15: [l4d2_shop.smx] [UPDATE]: "[T-T]MoY<264><STEAM_1:0:511491787><>" saved. Points: "19"
L 07/02/2026 - 21:34:15: [l4d2_shop.smx] UPDATE SpecialFunctions SET isEnabled = 1 WHERE steamId = 'STEAM_1:0:511491787' AND (functionNo = 'GRAY_AMMO' OR functionNo = 'BLUE_AMMO' OR functionNo = 'GOLD_AMMO')
L 07/02/2026 - 21:34:15: [l4d2_shop.smx] [UPDATE]: "ChOpPeR<276><STEAM_1:1:162006817><>" saved. Points: "6"
L 07/02/2026 - 21:34:15: [l4d2_shop.smx] [UPDATE]: "SP<313><STEAM_1:0:572137760><>" saved. Points: "3"
L 07/02/2026 - 21:34:15: [l4d2_shop.smx] [UPDATE]: "RAM O REM CUAL ES MAS POTENTE<360><STEAM_1:1:360806514><>" saved. Points: "0"
L 07/02/2026 - 21:34:15: [l4d2_shop.smx] [UPDATE]: "HardCarry<357><STEAM_1:1:429917705><>" saved. Points: "0"
L 07/02/2026 - 21:34:15: [l4d2_shop.smx] [UPDATE]: "causa rellena<273><STEAM_1:1:937805194><>" saved. Points: "10"
L 07/02/2026 - 21:34:15: [l4d2_shop.smx] [UPDATE]: "Quebuendoby<345><STEAM_1:1:601841727><>" saved. Points: "12012"
L 07/02/2026 - 21:34:15: [l4d2_shop.smx] [UPDATE]: "Alexian_Zapcen<303><STEAM_1:1:649291560><>" saved. Points: "5"
L 07/02/2026 - 21:34:16: [basevotes.smx] Vote successful. (Received "100" of 5 votes)
L 07/02/2026 - 21:34:16: [basevotes.smx] The answer to se la kachan ala nera? is: Yes.
L 07/02/2026 - 21:37:54: [l4d2_shop.smx] [Buy]: "Quebuendoby<345><STEAM_1:1:601841727><>" bought "Revivir (Costo actual: 50)" (price: "50"), remaining points: "11962"
L 07/02/2026 - 21:38:14: [l4d2_shop.smx] [Buy]: "Quebuendoby<345><STEAM_1:1:601841727><>" bought "Revivir (Costo actual: 150)" (price: "150"), remaining points: "11812"
L 07/02/2026 - 21:45:59: [l4d2_shop.smx] [INSERT]: "Dayto<384><STEAM_1:1:648725865><>" is a new user!!
L 07/02/2026 - 21:46:23: -------- Mapchange to glubtastic5_5 --------
L 07/02/2026 - 21:46:28: [basecommands.smx] "Console<0><Console><Console>" changed cvar (cvar "sv_consistency") (value "0")
L 07/02/2026 - 21:46:28: [basecommands.smx] "Console<0><Console><Console>" changed cvar (cvar "sv_allow_lobby_connect_only") (value "0")
L 07/02/2026 - 21:46:28: [basecommands.smx] "Console<0><Console><Console>" changed cvar (cvar "sv_maxplayers") (value "8")
L 07/02/2026 - 21:46:28: [basecommands.smx] "Console<0><Console><Console>" changed cvar (cvar "sv_visiblemaxplayers") (value "-1")
L 07/02/2026 - 21:46:28: [chat-processor.smx] Message formats generated for game 'left4dead2'.
L 07/02/2026 - 21:46:28: [chat-processor.smx] Successfully hooked a SayText2 chat hook.
L 07/02/2026 - 21:46:36: [l4d2_shop.smx] [LOAD]: "[T-T]MoY<264><STEAM_1:0:511491787><>" loaded the record successfully! Points: "19"
L 07/02/2026 - 21:47:49: SourceMod log file session started (file "d:\steamlibrary\steamapps\common\left 4 dead 2\left4dead2\addons\sourcemod\logs\L20260702.log") (Version "1.12.0.7207")
L 07/02/2026 - 21:47:49: [GEOIP] GeoIP2 database loaded: GeoLite2-ASN (2024-08-21 08:15:21 UTC) (d:\steamlibrary\steamapps\common\left 4 dead 2\left4dead2\addons\sourcemod\configs\geoip\GeoLite2-ASN.mmdb)
L 07/02/2026 - 21:47:49: [GEOIP] GeoIP2 supported languages: en
L 07/02/2026 - 21:47:49: [GEOIP] Your database is older than 90 days. You should consider downloading a newer version from e.g. https://dev.maxmind.com/geoip/geolite2-free-geolocation-data
L 07/02/2026 - 21:47:50: [l4d_extinguisher.smx] 
==========
Warning: You should install "[L4D2] Scavenge Score Fix - Gascan Pouring" to prevent affecting the score when filling gas in Scavenge style events: https://forums.alliedmods.net/showthread.php?t=187686
==========

L 07/02/2026 - 21:47:50: [l4d_extinguisher.smx] 
==========
Warning: You should install "[L4D & L4D2] Use Priority Patch" to fix attached models blocking +USE action: https://forums.alliedmods.net/showthread.php?t=327511
==========

L 07/02/2026 - 21:47:56: [basecommands.smx] "Console<0><Console><Console>" changed cvar (cvar "sv_consistency") (value "0")
L 07/02/2026 - 21:47:56: [basecommands.smx] "Console<0><Console><Console>" changed cvar (cvar "sv_allow_lobby_connect_only") (value "0")
L 07/02/2026 - 21:47:56: [basecommands.smx] "Console<0><Console><Console>" changed cvar (cvar "sv_maxplayers") (value "8")
L 07/02/2026 - 21:47:56: [basecommands.smx] "Console<0><Console><Console>" changed cvar (cvar "sv_visiblemaxplayers") (value "-1")
L 07/02/2026 - 21:47:56: [chat-processor.smx] Message formats generated for game 'left4dead2'.
L 07/02/2026 - 21:47:56: [chat-processor.smx] Successfully hooked a SayText2 chat hook.
L 07/02/2026 - 21:48:03: [l4d2_shop.smx] [LOAD]: "[T-T]MoY<2><STEAM_ID_PENDING><>" loaded the record successfully! Points: "0"
L 07/02/2026 - 21:48:47: [l4d2_shop.smx] [LOAD]: "Quebuendoby<6><STEAM_1:1:601841727><>" loaded the record successfully! Points: "12012"
