L 11/30/2025 - 00:02:14: SourceMod log file session started (file "d:\steamlibrary\steamapps\common\left 4 dead 2\left4dead2\addons\sourcemod\logs\L20251130.log") (Version "1.12.0.7207")
L 11/30/2025 - 00:02:14: [test_1.smx] "[T-T]MoY<2><STEAM_1:0:511491787><>" cambió la dificultad a hard
L 11/30/2025 - 00:06:20: -------- Mapchange to c5m5_bridge --------
L 11/30/2025 - 00:06:24: [basecommands.smx] "Console<0><Console><Console>" changed cvar (cvar "sv_consistency") (value "0")
L 11/30/2025 - 00:06:24: [basecommands.smx] "Console<0><Console><Console>" changed cvar (cvar "sv_allow_lobby_connect_only") (value "0")
L 11/30/2025 - 00:06:24: [basecommands.smx] "Console<0><Console><Console>" changed cvar (cvar "sv_maxplayers") (value "8")
L 11/30/2025 - 00:06:24: [basecommands.smx] "Console<0><Console><Console>" changed cvar (cvar "sv_visiblemaxplayers") (value "-1")
L 11/30/2025 - 00:06:25: [chat-processor.smx] Message formats generated for game 'left4dead2'.
L 11/30/2025 - 00:06:25: [chat-processor.smx] Successfully hooked a SayText2 chat hook.
L 11/30/2025 - 00:07:29: [test_1.smx] "[T-T]MoY<2><STEAM_1:0:511491787><>" cambió la dificultad a impossible
L 11/30/2025 - 00:07:35: [l4d_sm_respawn.smx] "[T-T]MoY<2><STEAM_1:0:511491787><>" teleported "Darkgo._.<512><STEAM_1:0:922044797><>" after respawning him
L 11/30/2025 - 00:09:42: [all4dead2.smx] [NOTICE]: ([T-T]MoY<2><STEAM_1:0:511491787><>) has spawned a tank
L 11/30/2025 - 00:09:43: [all4dead2.smx] [NOTICE]: ([T-T]MoY<2><STEAM_1:0:511491787><>) has spawned a tank
L 11/30/2025 - 00:09:43: [all4dead2.smx] [NOTICE]: ([T-T]MoY<2><STEAM_1:0:511491787><>) has spawned a tank
L 11/30/2025 - 00:12:38: [l4d_sm_respawn.smx] "[T-T]MoY<2><STEAM_1:0:511491787><>" teleported "[T-T]MoY<2><STEAM_1:0:511491787><>" after respawning him
L 11/30/2025 - 00:12:38: [l4d_sm_respawn.smx] "[T-T]MoY<2><STEAM_1:0:511491787><>" teleported "Mini Pinguita<8><STEAM_1:0:757625856><>" after respawning him
L 11/30/2025 - 00:14:08: [l4d_sm_respawn.smx] "[T-T]MoY<2><STEAM_1:0:511491787><>" teleported "[T-T]MoY<2><STEAM_1:0:511491787><>" after respawning him
L 11/30/2025 - 00:14:08: [l4d_sm_respawn.smx] "[T-T]MoY<2><STEAM_1:0:511491787><>" teleported "Mini Pinguita<8><STEAM_1:0:757625856><>" after respawning him
L 11/30/2025 - 00:14:08: [l4d_sm_respawn.smx] "[T-T]MoY<2><STEAM_1:0:511491787><>" teleported "Darkgo._.<512><STEAM_1:0:922044797><>" after respawning him
L 11/30/2025 - 00:14:08: [l4d_sm_respawn.smx] "[T-T]MoY<2><STEAM_1:0:511491787><>" teleported "daniel_cr.<513><STEAM_1:0:937559636><>" after respawning him
L 11/30/2025 - 00:14:09: [l4d_sm_respawn.smx] "[T-T]MoY<2><STEAM_1:0:511491787><>" teleported "vitocho<255><STEAM_1:1:117175021><>" after respawning him
L 11/30/2025 - 00:14:32: [l4d_sm_respawn.smx] "[T-T]MoY<2><STEAM_1:0:511491787><>" teleported "[T-T]MoY<2><STEAM_1:0:511491787><>" after respawning him
L 11/30/2025 - 00:14:32: [l4d_sm_respawn.smx] "[T-T]MoY<2><STEAM_1:0:511491787><>" teleported "Mini Pinguita<8><STEAM_1:0:757625856><>" after respawning him
L 11/30/2025 - 00:14:32: [l4d_sm_respawn.smx] "[T-T]MoY<2><STEAM_1:0:511491787><>" teleported "daniel_cr.<513><STEAM_1:0:937559636><>" after respawning him
L 11/30/2025 - 00:15:20: Log file closed.
L 11/30/2025 - 16:17:19: SourceMod log file session started (file "d:\steamlibrary\steamapps\common\left 4 dead 2\left4dead2\addons\sourcemod\logs\L20251130.log") (Version "1.12.0.7207")
L 11/30/2025 - 16:17:19: [GEOIP] GeoIP2 database loaded: GeoLite2-ASN (2024-08-21 08:15:21 UTC) (d:\steamlibrary\steamapps\common\left 4 dead 2\left4dead2\addons\sourcemod\configs\geoip\GeoLite2-ASN.mmdb)
L 11/30/2025 - 16:17:19: [GEOIP] GeoIP2 supported languages: en
L 11/30/2025 - 16:17:19: [GEOIP] Your database is older than 90 days. You should consider downloading a newer version from e.g. https://dev.maxmind.com/geoip/geolite2-free-geolocation-data
L 11/30/2025 - 16:17:28: [basecommands.smx] "Console<0><Console><Console>" changed cvar (cvar "sv_consistency") (value "0")
L 11/30/2025 - 16:17:28: [basecommands.smx] "Console<0><Console><Console>" changed cvar (cvar "sv_allow_lobby_connect_only") (value "0")
L 11/30/2025 - 16:17:28: [basecommands.smx] "Console<0><Console><Console>" changed cvar (cvar "sv_maxplayers") (value "8")
L 11/30/2025 - 16:17:28: [basecommands.smx] "Console<0><Console><Console>" changed cvar (cvar "sv_visiblemaxplayers") (value "-1")
L 11/30/2025 - 16:17:29: [chat-processor.smx] Message formats generated for game 'left4dead2'.
L 11/30/2025 - 16:17:29: [chat-processor.smx] Successfully hooked a SayText2 chat hook.
L 11/30/2025 - 16:22:53: -------- Mapchange to c1m2_streets --------
L 11/30/2025 - 16:22:57: [basecommands.smx] "Console<0><Console><Console>" changed cvar (cvar "sv_consistency") (value "0")
L 11/30/2025 - 16:22:57: [basecommands.smx] "Console<0><Console><Console>" changed cvar (cvar "sv_allow_lobby_connect_only") (value "0")
L 11/30/2025 - 16:22:57: [basecommands.smx] "Console<0><Console><Console>" changed cvar (cvar "sv_maxplayers") (value "8")
L 11/30/2025 - 16:22:57: [basecommands.smx] "Console<0><Console><Console>" changed cvar (cvar "sv_visiblemaxplayers") (value "-1")
L 11/30/2025 - 16:22:57: [chat-processor.smx] Message formats generated for game 'left4dead2'.
L 11/30/2025 - 16:22:57: [chat-processor.smx] Successfully hooked a SayText2 chat hook.
L 11/30/2025 - 16:40:58: -------- Mapchange to c1m3_mall --------
L 11/30/2025 - 16:41:02: [basecommands.smx] "Console<0><Console><Console>" changed cvar (cvar "sv_consistency") (value "0")
L 11/30/2025 - 16:41:02: [basecommands.smx] "Console<0><Console><Console>" changed cvar (cvar "sv_allow_lobby_connect_only") (value "0")
L 11/30/2025 - 16:41:02: [basecommands.smx] "Console<0><Console><Console>" changed cvar (cvar "sv_maxplayers") (value "8")
L 11/30/2025 - 16:41:02: [basecommands.smx] "Console<0><Console><Console>" changed cvar (cvar "sv_visiblemaxplayers") (value "-1")
L 11/30/2025 - 16:41:02: [chat-processor.smx] Message formats generated for game 'left4dead2'.
L 11/30/2025 - 16:41:02: [chat-processor.smx] Successfully hooked a SayText2 chat hook.
L 11/30/2025 - 16:49:50: [funcommands.smx] "[T-T]MoY<2><STEAM_1:0:511491787><>" froze "Graduado por Excelencia<8><STEAM_1:0:586661553><>"
L 11/30/2025 - 16:50:12: [basecomm.smx] "[T-T]MoY<2><STEAM_1:0:511491787><>" silenced "Graduado por Excelencia<8><STEAM_1:0:586661553><>"
L 11/30/2025 - 16:50:46: [l4d_sm_respawn.smx] "[T-T]MoY<2><STEAM_1:0:511491787><>" teleported "Graduado por Excelencia<8><STEAM_1:0:586661553><>" after respawning him
L 11/30/2025 - 16:50:51: [l4d_sm_respawn.smx] "[T-T]MoY<2><STEAM_1:0:511491787><>" teleported "Graduado por Excelencia<8><STEAM_1:0:586661553><>" after respawning him
L 11/30/2025 - 16:50:54: [l4d_sm_respawn.smx] "[T-T]MoY<2><STEAM_1:0:511491787><>" teleported "Graduado por Excelencia<8><STEAM_1:0:586661553><>" after respawning him
L 11/30/2025 - 16:51:00: [l4d_sm_respawn.smx] "[T-T]MoY<2><STEAM_1:0:511491787><>" teleported "Graduado por Excelencia<8><STEAM_1:0:586661553><>" after respawning him
L 11/30/2025 - 16:51:09: -------- Mapchange to c1m4_atrium --------
L 11/30/2025 - 16:51:13: [basecommands.smx] "Console<0><Console><Console>" changed cvar (cvar "sv_consistency") (value "0")
L 11/30/2025 - 16:51:13: [basecommands.smx] "Console<0><Console><Console>" changed cvar (cvar "sv_allow_lobby_connect_only") (value "0")
L 11/30/2025 - 16:51:13: [basecommands.smx] "Console<0><Console><Console>" changed cvar (cvar "sv_maxplayers") (value "8")
L 11/30/2025 - 16:51:13: [basecommands.smx] "Console<0><Console><Console>" changed cvar (cvar "sv_visiblemaxplayers") (value "-1")
L 11/30/2025 - 16:51:13: [chat-processor.smx] Message formats generated for game 'left4dead2'.
L 11/30/2025 - 16:51:13: [chat-processor.smx] Successfully hooked a SayText2 chat hook.
L 11/30/2025 - 16:55:36: [l4d_sm_respawn.smx] "[T-T]MoY<2><STEAM_1:0:511491787><>" teleported "[T-T]MoY<2><STEAM_1:0:511491787><>" after respawning him
L 11/30/2025 - 16:55:37: [l4d_sm_respawn.smx] "[T-T]MoY<2><STEAM_1:0:511491787><>" teleported "alex2.0<85><STEAM_1:1:739511779><>" after respawning him
L 11/30/2025 - 16:55:37: [l4d_sm_respawn.smx] "[T-T]MoY<2><STEAM_1:0:511491787><>" teleported "L.A.D.T<109><STEAM_1:1:627647139><>" after respawning him
L 11/30/2025 - 16:55:37: [l4d_sm_respawn.smx] "[T-T]MoY<2><STEAM_1:0:511491787><>" teleported "MaxPOWER<76><STEAM_1:1:93303894><>" after respawning him
L 11/30/2025 - 16:55:37: [l4d_sm_respawn.smx] "[T-T]MoY<2><STEAM_1:0:511491787><>" teleported "「FORMULA 1」<104><STEAM_1:0:699240595><>" after respawning him
L 11/30/2025 - 16:57:10: [l4d_sm_respawn.smx] "[T-T]MoY<2><STEAM_1:0:511491787><>" teleported "[T-T]MoY<2><STEAM_1:0:511491787><>" after respawning him
L 11/30/2025 - 16:57:10: [l4d_sm_respawn.smx] "[T-T]MoY<2><STEAM_1:0:511491787><>" teleported "alex2.0<85><STEAM_1:1:739511779><>" after respawning him
L 11/30/2025 - 16:57:10: [l4d_sm_respawn.smx] "[T-T]MoY<2><STEAM_1:0:511491787><>" teleported "Niceje<86><STEAM_1:1:956897321><>" after respawning him
L 11/30/2025 - 16:57:11: [l4d_sm_respawn.smx] "[T-T]MoY<2><STEAM_1:0:511491787><>" teleported "L.A.D.T<109><STEAM_1:1:627647139><>" after respawning him
L 11/30/2025 - 16:58:50: [l4d_sm_respawn.smx] "[T-T]MoY<2><STEAM_1:0:511491787><>" teleported "alex2.0<85><STEAM_1:1:739511779><>" after respawning him
L 11/30/2025 - 16:58:50: [l4d_sm_respawn.smx] "[T-T]MoY<2><STEAM_1:0:511491787><>" teleported "Niceje<86><STEAM_1:1:956897321><>" after respawning him
L 11/30/2025 - 16:58:50: [l4d_sm_respawn.smx] "[T-T]MoY<2><STEAM_1:0:511491787><>" teleported "inactivelife2<33><STEAM_1:1:938601532><>" after respawning him
L 11/30/2025 - 16:58:51: [l4d_sm_respawn.smx] "[T-T]MoY<2><STEAM_1:0:511491787><>" teleported "MaxPOWER<76><STEAM_1:1:93303894><>" after respawning him
L 11/30/2025 - 16:59:13: [basecommands.smx] "[T-T]MoY<2><STEAM_1:0:511491787><>" changed map to "c2m1_highway"
L 11/30/2025 - 16:59:17: [SM] Changed map to "c2m1_highway"
L 11/30/2025 - 16:59:19: -------- Mapchange to c2m1_highway --------
L 11/30/2025 - 16:59:22: [basecommands.smx] "Console<0><Console><Console>" changed cvar (cvar "sv_consistency") (value "0")
L 11/30/2025 - 16:59:22: [basecommands.smx] "Console<0><Console><Console>" changed cvar (cvar "sv_allow_lobby_connect_only") (value "0")
L 11/30/2025 - 16:59:22: [basecommands.smx] "Console<0><Console><Console>" changed cvar (cvar "sv_maxplayers") (value "8")
L 11/30/2025 - 16:59:22: [basecommands.smx] "Console<0><Console><Console>" changed cvar (cvar "sv_visiblemaxplayers") (value "-1")
L 11/30/2025 - 16:59:22: [chat-processor.smx] Message formats generated for game 'left4dead2'.
L 11/30/2025 - 16:59:22: [chat-processor.smx] Successfully hooked a SayText2 chat hook.
L 11/30/2025 - 17:04:32: [playercommands.smx] "[T-T]MoY<2><STEAM_1:0:511491787><>" slayed "Tank<176><BOT><>"
L 11/30/2025 - 17:04:32: [playercommands.smx] "[T-T]MoY<2><STEAM_1:0:511491787><>" slayed "(1)Tank<184><BOT><>"
L 11/30/2025 - 17:04:33: [playercommands.smx] "[T-T]MoY<2><STEAM_1:0:511491787><>" slayed "MaxPOWER<76><STEAM_1:1:93303894><>"
L 11/30/2025 - 17:04:33: [playercommands.smx] "[T-T]MoY<2><STEAM_1:0:511491787><>" slayed "(2)Tank<178><BOT><>"
L 11/30/2025 - 17:04:33: [playercommands.smx] "[T-T]MoY<2><STEAM_1:0:511491787><>" slayed "(3)Tank<179><BOT><>"
L 11/30/2025 - 17:04:33: [playercommands.smx] "[T-T]MoY<2><STEAM_1:0:511491787><>" slayed "(4)Tank<180><BOT><>"
L 11/30/2025 - 17:04:33: [playercommands.smx] "[T-T]MoY<2><STEAM_1:0:511491787><>" slayed "(5)Tank<181><BOT><>"
L 11/30/2025 - 17:07:37: -------- Mapchange to c2m2_fairgrounds --------
L 11/30/2025 - 17:07:41: [basecommands.smx] "Console<0><Console><Console>" changed cvar (cvar "sv_consistency") (value "0")
L 11/30/2025 - 17:07:41: [basecommands.smx] "Console<0><Console><Console>" changed cvar (cvar "sv_allow_lobby_connect_only") (value "0")
L 11/30/2025 - 17:07:41: [basecommands.smx] "Console<0><Console><Console>" changed cvar (cvar "sv_maxplayers") (value "8")
L 11/30/2025 - 17:07:41: [basecommands.smx] "Console<0><Console><Console>" changed cvar (cvar "sv_visiblemaxplayers") (value "-1")
L 11/30/2025 - 17:07:41: [chat-processor.smx] Message formats generated for game 'left4dead2'.
L 11/30/2025 - 17:07:41: [chat-processor.smx] Successfully hooked a SayText2 chat hook.
L 11/30/2025 - 17:18:51: [l4d_sm_respawn.smx] "[T-T]MoY<2><STEAM_1:0:511491787><>" teleported "L.A.D.T<109><STEAM_1:1:627647139><>" after respawning him
L 11/30/2025 - 17:18:51: [l4d_sm_respawn.smx] "[T-T]MoY<2><STEAM_1:0:511491787><>" teleported "MaxPOWER<76><STEAM_1:1:93303894><>" after respawning him
L 11/30/2025 - 17:18:51: [l4d_sm_respawn.smx] "[T-T]MoY<2><STEAM_1:0:511491787><>" teleported "DEXTER<229><STEAM_1:0:922779619><>" after respawning him
L 11/30/2025 - 17:18:52: [l4d_sm_respawn.smx] "[T-T]MoY<2><STEAM_1:0:511491787><>" teleported "「FORMULA 1」<104><STEAM_1:0:699240595><>" after respawning him
L 11/30/2025 - 17:20:04: [l4d_sm_respawn.smx] "[T-T]MoY<2><STEAM_1:0:511491787><>" teleported "[T-T]MoY<2><STEAM_1:0:511491787><>" after respawning him
L 11/30/2025 - 17:20:04: [l4d_sm_respawn.smx] "[T-T]MoY<2><STEAM_1:0:511491787><>" teleported "alex2.0<85><STEAM_1:1:739511779><>" after respawning him
L 11/30/2025 - 17:20:05: [l4d_sm_respawn.smx] "[T-T]MoY<2><STEAM_1:0:511491787><>" teleported "L.A.D.T<109><STEAM_1:1:627647139><>" after respawning him
L 11/30/2025 - 17:20:05: [l4d_sm_respawn.smx] "[T-T]MoY<2><STEAM_1:0:511491787><>" teleported "MaxPOWER<76><STEAM_1:1:93303894><>" after respawning him
L 11/30/2025 - 17:20:05: [l4d_sm_respawn.smx] "[T-T]MoY<2><STEAM_1:0:511491787><>" teleported "cristian<185><STEAM_1:1:406567070><>" after respawning him
L 11/30/2025 - 17:21:15: -------- Mapchange to c2m3_coaster --------
L 11/30/2025 - 17:21:19: [basecommands.smx] "Console<0><Console><Console>" changed cvar (cvar "sv_consistency") (value "0")
L 11/30/2025 - 17:21:19: [basecommands.smx] "Console<0><Console><Console>" changed cvar (cvar "sv_allow_lobby_connect_only") (value "0")
L 11/30/2025 - 17:21:19: [basecommands.smx] "Console<0><Console><Console>" changed cvar (cvar "sv_maxplayers") (value "8")
L 11/30/2025 - 17:21:19: [basecommands.smx] "Console<0><Console><Console>" changed cvar (cvar "sv_visiblemaxplayers") (value "-1")
L 11/30/2025 - 17:21:19: [chat-processor.smx] Message formats generated for game 'left4dead2'.
L 11/30/2025 - 17:21:19: [chat-processor.smx] Successfully hooked a SayText2 chat hook.
L 11/30/2025 - 17:25:26: [test_1.smx] "[T-T]MoY<2><STEAM_1:0:511491787><>" cambió la dificultad a hard
L 11/30/2025 - 17:28:22: -------- Mapchange to c2m4_barns --------
L 11/30/2025 - 17:28:26: [basecommands.smx] "Console<0><Console><Console>" changed cvar (cvar "sv_consistency") (value "0")
L 11/30/2025 - 17:28:26: [basecommands.smx] "Console<0><Console><Console>" changed cvar (cvar "sv_allow_lobby_connect_only") (value "0")
L 11/30/2025 - 17:28:26: [basecommands.smx] "Console<0><Console><Console>" changed cvar (cvar "sv_maxplayers") (value "8")
L 11/30/2025 - 17:28:26: [basecommands.smx] "Console<0><Console><Console>" changed cvar (cvar "sv_visiblemaxplayers") (value "-1")
L 11/30/2025 - 17:28:26: [chat-processor.smx] Message formats generated for game 'left4dead2'.
L 11/30/2025 - 17:28:26: [chat-processor.smx] Successfully hooked a SayText2 chat hook.
L 11/30/2025 - 17:29:43: [test_1.smx] "[T-T]MoY<2><STEAM_1:0:511491787><>" cambió la dificultad a impossible
L 11/30/2025 - 17:32:59: -------- Mapchange to c2m5_concert --------
L 11/30/2025 - 17:33:02: [basecommands.smx] "Console<0><Console><Console>" changed cvar (cvar "sv_consistency") (value "0")
L 11/30/2025 - 17:33:02: [basecommands.smx] "Console<0><Console><Console>" changed cvar (cvar "sv_allow_lobby_connect_only") (value "0")
L 11/30/2025 - 17:33:02: [basecommands.smx] "Console<0><Console><Console>" changed cvar (cvar "sv_maxplayers") (value "8")
L 11/30/2025 - 17:33:02: [basecommands.smx] "Console<0><Console><Console>" changed cvar (cvar "sv_visiblemaxplayers") (value "-1")
L 11/30/2025 - 17:33:02: [chat-processor.smx] Message formats generated for game 'left4dead2'.
L 11/30/2025 - 17:33:02: [chat-processor.smx] Successfully hooked a SayText2 chat hook.
L 11/30/2025 - 17:40:04: [basecommands.smx] "[T-T]MoY<2><STEAM_1:0:511491787><>" changed map to "c5m1_waterfront"
L 11/30/2025 - 17:40:07: [SM] Changed map to "c5m1_waterfront"
L 11/30/2025 - 17:40:09: -------- Mapchange to c5m1_waterfront --------
L 11/30/2025 - 17:40:12: [basecommands.smx] "Console<0><Console><Console>" changed cvar (cvar "sv_consistency") (value "0")
L 11/30/2025 - 17:40:12: [basecommands.smx] "Console<0><Console><Console>" changed cvar (cvar "sv_allow_lobby_connect_only") (value "0")
L 11/30/2025 - 17:40:12: [basecommands.smx] "Console<0><Console><Console>" changed cvar (cvar "sv_maxplayers") (value "8")
L 11/30/2025 - 17:40:12: [basecommands.smx] "Console<0><Console><Console>" changed cvar (cvar "sv_visiblemaxplayers") (value "-1")
L 11/30/2025 - 17:40:12: [chat-processor.smx] Message formats generated for game 'left4dead2'.
L 11/30/2025 - 17:40:12: [chat-processor.smx] Successfully hooked a SayText2 chat hook.
L 11/30/2025 - 17:42:14: -------- Mapchange to c5m2_park --------
L 11/30/2025 - 17:42:17: [basecommands.smx] "Console<0><Console><Console>" changed cvar (cvar "sv_consistency") (value "0")
L 11/30/2025 - 17:42:17: [basecommands.smx] "Console<0><Console><Console>" changed cvar (cvar "sv_allow_lobby_connect_only") (value "0")
L 11/30/2025 - 17:42:17: [basecommands.smx] "Console<0><Console><Console>" changed cvar (cvar "sv_maxplayers") (value "8")
L 11/30/2025 - 17:42:17: [basecommands.smx] "Console<0><Console><Console>" changed cvar (cvar "sv_visiblemaxplayers") (value "-1")
L 11/30/2025 - 17:42:18: [chat-processor.smx] Message formats generated for game 'left4dead2'.
L 11/30/2025 - 17:42:18: [chat-processor.smx] Successfully hooked a SayText2 chat hook.
L 11/30/2025 - 17:57:09: [test_1.smx] "[T-T]MoY<2><STEAM_1:0:511491787><>" cambió la dificultad a hard
L 11/30/2025 - 18:00:33: -------- Mapchange to c5m3_cemetery --------
L 11/30/2025 - 18:00:36: [basecommands.smx] "Console<0><Console><Console>" changed cvar (cvar "sv_consistency") (value "0")
L 11/30/2025 - 18:00:36: [basecommands.smx] "Console<0><Console><Console>" changed cvar (cvar "sv_allow_lobby_connect_only") (value "0")
L 11/30/2025 - 18:00:36: [basecommands.smx] "Console<0><Console><Console>" changed cvar (cvar "sv_maxplayers") (value "8")
L 11/30/2025 - 18:00:36: [basecommands.smx] "Console<0><Console><Console>" changed cvar (cvar "sv_visiblemaxplayers") (value "-1")
L 11/30/2025 - 18:00:37: [chat-processor.smx] Message formats generated for game 'left4dead2'.
L 11/30/2025 - 18:00:37: [chat-processor.smx] Successfully hooked a SayText2 chat hook.
L 11/30/2025 - 18:01:15: [test_1.smx] "[T-T]MoY<2><STEAM_1:0:511491787><>" cambió la dificultad a impossible
L 11/30/2025 - 18:01:21: [all4dead2.smx] [NOTICE]: ([T-T]MoY<2><STEAM_1:0:511491787><>) has spawned a adrenaline
L 11/30/2025 - 18:01:22: [all4dead2.smx] [NOTICE]: ([T-T]MoY<2><STEAM_1:0:511491787><>) has spawned a adrenaline
L 11/30/2025 - 18:01:22: [all4dead2.smx] [NOTICE]: ([T-T]MoY<2><STEAM_1:0:511491787><>) has spawned a adrenaline
L 11/30/2025 - 18:01:22: [all4dead2.smx] [NOTICE]: ([T-T]MoY<2><STEAM_1:0:511491787><>) has spawned a adrenaline
L 11/30/2025 - 18:01:22: [all4dead2.smx] [NOTICE]: ([T-T]MoY<2><STEAM_1:0:511491787><>) has spawned a adrenaline
L 11/30/2025 - 18:01:22: [all4dead2.smx] [NOTICE]: ([T-T]MoY<2><STEAM_1:0:511491787><>) has spawned a adrenaline
L 11/30/2025 - 18:01:23: [all4dead2.smx] [NOTICE]: ([T-T]MoY<2><STEAM_1:0:511491787><>) has spawned a adrenaline
L 11/30/2025 - 18:01:23: [all4dead2.smx] [NOTICE]: ([T-T]MoY<2><STEAM_1:0:511491787><>) has spawned a adrenaline
L 11/30/2025 - 18:01:23: [all4dead2.smx] [NOTICE]: ([T-T]MoY<2><STEAM_1:0:511491787><>) has spawned a adrenaline
L 11/30/2025 - 18:01:23: [all4dead2.smx] [NOTICE]: ([T-T]MoY<2><STEAM_1:0:511491787><>) has spawned a adrenaline
L 11/30/2025 - 18:01:23: [all4dead2.smx] [NOTICE]: ([T-T]MoY<2><STEAM_1:0:511491787><>) has spawned a adrenaline
L 11/30/2025 - 18:01:23: [all4dead2.smx] [NOTICE]: ([T-T]MoY<2><STEAM_1:0:511491787><>) has spawned a adrenaline
L 11/30/2025 - 18:01:24: [all4dead2.smx] [NOTICE]: ([T-T]MoY<2><STEAM_1:0:511491787><>) has spawned a adrenaline
L 11/30/2025 - 18:01:24: [all4dead2.smx] [NOTICE]: ([T-T]MoY<2><STEAM_1:0:511491787><>) has spawned a adrenaline
L 11/30/2025 - 18:01:24: [all4dead2.smx] [NOTICE]: ([T-T]MoY<2><STEAM_1:0:511491787><>) has spawned a adrenaline
L 11/30/2025 - 18:01:24: [all4dead2.smx] [NOTICE]: ([T-T]MoY<2><STEAM_1:0:511491787><>) has spawned a adrenaline
L 11/30/2025 - 18:01:24: [all4dead2.smx] [NOTICE]: ([T-T]MoY<2><STEAM_1:0:511491787><>) has spawned a adrenaline
L 11/30/2025 - 18:01:25: [all4dead2.smx] [NOTICE]: ([T-T]MoY<2><STEAM_1:0:511491787><>) has spawned a adrenaline
L 11/30/2025 - 18:01:25: [all4dead2.smx] [NOTICE]: ([T-T]MoY<2><STEAM_1:0:511491787><>) has spawned a adrenaline
L 11/30/2025 - 18:01:25: [all4dead2.smx] [NOTICE]: ([T-T]MoY<2><STEAM_1:0:511491787><>) has spawned a adrenaline
L 11/30/2025 - 18:01:25: [all4dead2.smx] [NOTICE]: ([T-T]MoY<2><STEAM_1:0:511491787><>) has spawned a adrenaline
L 11/30/2025 - 18:01:25: [all4dead2.smx] [NOTICE]: ([T-T]MoY<2><STEAM_1:0:511491787><>) has spawned a adrenaline
L 11/30/2025 - 18:01:26: [all4dead2.smx] [NOTICE]: ([T-T]MoY<2><STEAM_1:0:511491787><>) has spawned a adrenaline
L 11/30/2025 - 18:01:26: [all4dead2.smx] [NOTICE]: ([T-T]MoY<2><STEAM_1:0:511491787><>) has spawned a adrenaline
L 11/30/2025 - 18:01:26: [all4dead2.smx] [NOTICE]: ([T-T]MoY<2><STEAM_1:0:511491787><>) has spawned a adrenaline
L 11/30/2025 - 18:01:26: [all4dead2.smx] [NOTICE]: ([T-T]MoY<2><STEAM_1:0:511491787><>) has spawned a adrenaline
L 11/30/2025 - 18:03:51: [all4dead2.smx] [NOTICE]: ([T-T]MoY<2><STEAM_1:0:511491787><>) has spawned a adrenaline
L 11/30/2025 - 18:03:51: [all4dead2.smx] [NOTICE]: ([T-T]MoY<2><STEAM_1:0:511491787><>) has spawned a adrenaline
L 11/30/2025 - 18:03:51: [all4dead2.smx] [NOTICE]: ([T-T]MoY<2><STEAM_1:0:511491787><>) has spawned a adrenaline
L 11/30/2025 - 18:03:52: [all4dead2.smx] [NOTICE]: ([T-T]MoY<2><STEAM_1:0:511491787><>) has spawned a adrenaline
L 11/30/2025 - 18:03:52: [all4dead2.smx] [NOTICE]: ([T-T]MoY<2><STEAM_1:0:511491787><>) has spawned a adrenaline
L 11/30/2025 - 18:03:52: [all4dead2.smx] [NOTICE]: ([T-T]MoY<2><STEAM_1:0:511491787><>) has spawned a adrenaline
L 11/30/2025 - 18:03:52: [all4dead2.smx] [NOTICE]: ([T-T]MoY<2><STEAM_1:0:511491787><>) has spawned a adrenaline
L 11/30/2025 - 18:03:52: [all4dead2.smx] [NOTICE]: ([T-T]MoY<2><STEAM_1:0:511491787><>) has spawned a adrenaline
L 11/30/2025 - 18:03:53: [all4dead2.smx] [NOTICE]: ([T-T]MoY<2><STEAM_1:0:511491787><>) has spawned a adrenaline
L 11/30/2025 - 18:03:53: [all4dead2.smx] [NOTICE]: ([T-T]MoY<2><STEAM_1:0:511491787><>) has spawned a adrenaline
L 11/30/2025 - 18:03:53: [all4dead2.smx] [NOTICE]: ([T-T]MoY<2><STEAM_1:0:511491787><>) has spawned a adrenaline
L 11/30/2025 - 18:03:53: [all4dead2.smx] [NOTICE]: ([T-T]MoY<2><STEAM_1:0:511491787><>) has spawned a adrenaline
L 11/30/2025 - 18:03:54: [all4dead2.smx] [NOTICE]: ([T-T]MoY<2><STEAM_1:0:511491787><>) has spawned a adrenaline
L 11/30/2025 - 18:03:54: [all4dead2.smx] [NOTICE]: ([T-T]MoY<2><STEAM_1:0:511491787><>) has spawned a adrenaline
L 11/30/2025 - 18:03:54: [all4dead2.smx] [NOTICE]: ([T-T]MoY<2><STEAM_1:0:511491787><>) has spawned a adrenaline
L 11/30/2025 - 18:03:54: [all4dead2.smx] [NOTICE]: ([T-T]MoY<2><STEAM_1:0:511491787><>) has spawned a adrenaline
L 11/30/2025 - 18:07:41: [test_1.smx] "[T-T]MoY<2><STEAM_1:0:511491787><>" cambió la dificultad a hard
L 11/30/2025 - 18:16:06: [l4d_sm_respawn.smx] "[T-T]MoY<2><STEAM_1:0:511491787><>" teleported "[T-T]MoY<2><STEAM_1:0:511491787><>" after respawning him
L 11/30/2025 - 18:16:06: [l4d_sm_respawn.smx] "[T-T]MoY<2><STEAM_1:0:511491787><>" teleported "alex2.0<85><STEAM_1:1:739511779><>" after respawning him
L 11/30/2025 - 18:16:06: [l4d_sm_respawn.smx] "[T-T]MoY<2><STEAM_1:0:511491787><>" teleported "pene de hormiga<355><STEAM_1:0:811274174><>" after respawning him
L 11/30/2025 - 18:16:06: [l4d_sm_respawn.smx] "[T-T]MoY<2><STEAM_1:0:511491787><>" teleported "Pedro Catillo<303><STEAM_1:0:656753772><>" after respawning him
L 11/30/2025 - 18:16:07: [l4d_sm_respawn.smx] "[T-T]MoY<2><STEAM_1:0:511491787><>" teleported "Hercules@is023<378><STEAM_1:1:958158533><>" after respawning him
L 11/30/2025 - 18:18:15: [funvotes.smx] "[T-T]MoY<2><STEAM_1:0:511491787><>" initiated a slay vote against "alex2.0<85><STEAM_1:1:739511779><>"
L 11/30/2025 - 18:18:32: -------- Mapchange to c5m4_quarter --------
L 11/30/2025 - 18:18:35: [basecommands.smx] "Console<0><Console><Console>" changed cvar (cvar "sv_consistency") (value "0")
L 11/30/2025 - 18:18:35: [basecommands.smx] "Console<0><Console><Console>" changed cvar (cvar "sv_allow_lobby_connect_only") (value "0")
L 11/30/2025 - 18:18:35: [basecommands.smx] "Console<0><Console><Console>" changed cvar (cvar "sv_maxplayers") (value "8")
L 11/30/2025 - 18:18:35: [basecommands.smx] "Console<0><Console><Console>" changed cvar (cvar "sv_visiblemaxplayers") (value "-1")
L 11/30/2025 - 18:18:36: [chat-processor.smx] Message formats generated for game 'left4dead2'.
L 11/30/2025 - 18:18:36: [chat-processor.smx] Successfully hooked a SayText2 chat hook.
L 11/30/2025 - 18:19:17: [test_1.smx] "[T-T]MoY<2><STEAM_1:0:511491787><>" cambió la dificultad a impossible
L 11/30/2025 - 18:28:06: [test_1.smx] "[T-T]MoY<2><STEAM_1:0:511491787><>" cambió la dificultad a hard
L 11/30/2025 - 18:37:54: -------- Mapchange to c5m5_bridge --------
L 11/30/2025 - 18:37:58: [basecommands.smx] "Console<0><Console><Console>" changed cvar (cvar "sv_consistency") (value "0")
L 11/30/2025 - 18:37:58: [basecommands.smx] "Console<0><Console><Console>" changed cvar (cvar "sv_allow_lobby_connect_only") (value "0")
L 11/30/2025 - 18:37:58: [basecommands.smx] "Console<0><Console><Console>" changed cvar (cvar "sv_maxplayers") (value "8")
L 11/30/2025 - 18:37:58: [basecommands.smx] "Console<0><Console><Console>" changed cvar (cvar "sv_visiblemaxplayers") (value "-1")
L 11/30/2025 - 18:37:58: [chat-processor.smx] Message formats generated for game 'left4dead2'.
L 11/30/2025 - 18:37:58: [chat-processor.smx] Successfully hooked a SayText2 chat hook.
L 11/30/2025 - 18:39:45: [test_1.smx] "[T-T]MoY<2><STEAM_1:0:511491787><>" cambió la dificultad a impossible
L 11/30/2025 - 18:50:26: [playercommands.smx] "[T-T]MoY<2><STEAM_1:0:511491787><>" slayed "(1)Tank<574><BOT><>"
L 11/30/2025 - 18:50:27: [playercommands.smx] "[T-T]MoY<2><STEAM_1:0:511491787><>" slayed "(2)Tank<576><BOT><>"
L 11/30/2025 - 18:51:13: Log file closed.
