L 06/27/2026 - 15:31:38: SourceMod log file session started (file "d:\steamlibrary\steamapps\common\left 4 dead 2\left4dead2\addons\sourcemod\logs\L20260627.log") (Version "1.12.0.7207")
L 06/27/2026 - 15:31:38: [GEOIP] GeoIP2 database loaded: GeoLite2-ASN (2024-08-21 08:15:21 UTC) (d:\steamlibrary\steamapps\common\left 4 dead 2\left4dead2\addons\sourcemod\configs\geoip\GeoLite2-ASN.mmdb)
L 06/27/2026 - 15:31:38: [GEOIP] GeoIP2 supported languages: en
L 06/27/2026 - 15:31:38: [GEOIP] Your database is older than 90 days. You should consider downloading a newer version from e.g. https://dev.maxmind.com/geoip/geolite2-free-geolocation-data
L 06/27/2026 - 15:31:40: [l4d_extinguisher.smx] 
==========
Warning: You should install "[L4D2] Scavenge Score Fix - Gascan Pouring" to prevent affecting the score when filling gas in Scavenge style events: https://forums.alliedmods.net/showthread.php?t=187686
==========

L 06/27/2026 - 15:31:40: [l4d_extinguisher.smx] 
==========
Warning: You should install "[L4D & L4D2] Use Priority Patch" to fix attached models blocking +USE action: https://forums.alliedmods.net/showthread.php?t=327511
==========

L 06/27/2026 - 15:31:51: [basecommands.smx] "Console<0><Console><Console>" changed cvar (cvar "sv_consistency") (value "0")
L 06/27/2026 - 15:31:51: [basecommands.smx] "Console<0><Console><Console>" changed cvar (cvar "sv_allow_lobby_connect_only") (value "0")
L 06/27/2026 - 15:31:51: [basecommands.smx] "Console<0><Console><Console>" changed cvar (cvar "sv_maxplayers") (value "8")
L 06/27/2026 - 15:31:51: [basecommands.smx] "Console<0><Console><Console>" changed cvar (cvar "sv_visiblemaxplayers") (value "-1")
L 06/27/2026 - 15:31:51: [chat-processor.smx] Message formats generated for game 'left4dead2'.
L 06/27/2026 - 15:31:51: [chat-processor.smx] Successfully hooked a SayText2 chat hook.
L 06/27/2026 - 15:32:10: [l4d2_shop.smx] [LOAD]: "[T-T]MoY<2><STEAM_1:0:511491787><>" loaded the record successfully! Points: "15"
L 06/27/2026 - 15:32:34: [l4d2_shop.smx] [INSERT]: "CHOLO<3><STEAM_1:1:899233941><>" is a new user!!
L 06/27/2026 - 15:32:54: [l4d2_shop.smx] [INSERT]: "josiaswin456<7><STEAM_1:0:752764330><>" is a new user!!
L 06/27/2026 - 15:35:33: [l4d2_shop.smx] [UPDATE]: "[T-T]MoY<2><STEAM_1:0:511491787><>" saved. Points: "20"
L 06/27/2026 - 15:35:33: [l4d2_shop.smx] UPDATE SpecialFunctions SET isEnabled = 1 WHERE steamId = 'STEAM_1:0:511491787' AND (functionNo = 'GRAY_AMMO' OR functionNo = 'BLUE_AMMO' OR functionNo = 'GOLD_AMMO')
L 06/27/2026 - 15:35:33: [l4d2_shop.smx] [UPDATE]: "josiaswin456<7><STEAM_1:0:752764330><>" saved. Points: "3"
L 06/27/2026 - 15:36:55: [l4d2_shop.smx] [LOAD]: "BRCA<17><STEAM_1:0:170592827><>" loaded the record successfully! Points: "4509"
L 06/27/2026 - 15:37:55: [l4d2_shop.smx] [Buy]: "BRCA<17><STEAM_1:0:170592827><>" bought "Revivir (Costo actual: 50)" (price: "50"), remaining points: "4461"
L 06/27/2026 - 15:39:54: [l4d2_shop.smx] [UPDATE]: "[T-T]MoY<2><STEAM_1:0:511491787><>" saved. Points: "33"
L 06/27/2026 - 15:39:54: [l4d2_shop.smx] UPDATE SpecialFunctions SET isEnabled = 1 WHERE steamId = 'STEAM_1:0:511491787' AND (functionNo = 'GRAY_AMMO' OR functionNo = 'BLUE_AMMO' OR functionNo = 'GOLD_AMMO')
L 06/27/2026 - 15:39:54: [l4d2_shop.smx] [UPDATE]: "BRCA<17><STEAM_1:0:170592827><>" saved. Points: "4465"
L 06/27/2026 - 15:39:54: [l4d2_shop.smx] UPDATE SpecialFunctions SET isEnabled = 1 WHERE steamId = 'STEAM_1:0:170592827' AND (functionNo = 'GOLD_AMMO')
L 06/27/2026 - 15:39:54: [l4d2_shop.smx] [UPDATE]: "josiaswin456<7><STEAM_1:0:752764330><>" saved. Points: "9"
L 06/27/2026 - 15:43:24: [l4d2_shop.smx] [UPDATE]: "[T-T]MoY<2><STEAM_1:0:511491787><>" saved. Points: "41"
L 06/27/2026 - 15:43:24: [l4d2_shop.smx] UPDATE SpecialFunctions SET isEnabled = 1 WHERE steamId = 'STEAM_1:0:511491787' AND (functionNo = 'GRAY_AMMO' OR functionNo = 'BLUE_AMMO' OR functionNo = 'GOLD_AMMO')
L 06/27/2026 - 15:43:24: [l4d2_shop.smx] [UPDATE]: "BRCA<17><STEAM_1:0:170592827><>" saved. Points: "4470"
L 06/27/2026 - 15:43:24: [l4d2_shop.smx] UPDATE SpecialFunctions SET isEnabled = 1 WHERE steamId = 'STEAM_1:0:170592827' AND (functionNo = 'GOLD_AMMO')
L 06/27/2026 - 15:43:24: [l4d2_shop.smx] [UPDATE]: "josiaswin456<7><STEAM_1:0:752764330><>" saved. Points: "19"
L 06/27/2026 - 15:44:19: [l4d2_shop.smx] [INSERT]: "Zhonyk<38><STEAM_1:0:443551280><>" is a new user!!
L 06/27/2026 - 15:45:05: [l4d2_shop.smx] [UPDATE]: "[T-T]MoY<2><STEAM_1:0:511491787><>" saved. Points: "46"
L 06/27/2026 - 15:45:05: [l4d2_shop.smx] UPDATE SpecialFunctions SET isEnabled = 1 WHERE steamId = 'STEAM_1:0:511491787' AND (functionNo = 'GRAY_AMMO' OR functionNo = 'BLUE_AMMO' OR functionNo = 'GOLD_AMMO')
L 06/27/2026 - 15:45:05: [l4d2_shop.smx] [UPDATE]: "Zhonyk<38><STEAM_1:0:443551280><>" saved. Points: "4"
L 06/27/2026 - 15:45:05: [l4d2_shop.smx] [UPDATE]: "BRCA<17><STEAM_1:0:170592827><>" saved. Points: "4476"
L 06/27/2026 - 15:45:05: [l4d2_shop.smx] UPDATE SpecialFunctions SET isEnabled = 1 WHERE steamId = 'STEAM_1:0:170592827' AND (functionNo = 'GOLD_AMMO')
L 06/27/2026 - 15:45:05: [l4d2_shop.smx] [UPDATE]: "josiaswin456<7><STEAM_1:0:752764330><>" saved. Points: "23"
L 06/27/2026 - 15:47:34: [l4d2_shop.smx] [INSERT]: "DR SEXO<57><STEAM_1:0:572547376><>" is a new user!!
L 06/27/2026 - 15:48:50: [l4d2_shop.smx] [Buy]: "BRCA<17><STEAM_1:0:170592827><>" bought "health" (price: "98"), remaining points: "4387"
L 06/27/2026 - 15:50:52: -------- Mapchange to Glubtastic_2 --------
L 06/27/2026 - 15:50:56: [basecommands.smx] "Console<0><Console><Console>" changed cvar (cvar "sv_consistency") (value "0")
L 06/27/2026 - 15:50:56: [basecommands.smx] "Console<0><Console><Console>" changed cvar (cvar "sv_allow_lobby_connect_only") (value "0")
L 06/27/2026 - 15:50:56: [basecommands.smx] "Console<0><Console><Console>" changed cvar (cvar "sv_maxplayers") (value "8")
L 06/27/2026 - 15:50:56: [basecommands.smx] "Console<0><Console><Console>" changed cvar (cvar "sv_visiblemaxplayers") (value "-1")
L 06/27/2026 - 15:50:56: [chat-processor.smx] Message formats generated for game 'left4dead2'.
L 06/27/2026 - 15:50:56: [chat-processor.smx] Successfully hooked a SayText2 chat hook.
L 06/27/2026 - 15:51:15: [l4d2_shop.smx] [LOAD]: "[T-T]MoY<2><STEAM_1:0:511491787><>" loaded the record successfully! Points: "46"
L 06/27/2026 - 15:51:21: [l4d2_shop.smx] [LOAD]: "DR SEXO<57><STEAM_1:0:572547376><>" loaded the record successfully! Points: "0"
L 06/27/2026 - 15:51:22: [l4d2_shop.smx] [LOAD]: "Zhonyk<38><STEAM_1:0:443551280><>" loaded the record successfully! Points: "4"
L 06/27/2026 - 15:51:22: [l4d2_shop.smx] [LOAD]: "josiaswin456<7><STEAM_1:0:752764330><>" loaded the record successfully! Points: "23"
L 06/27/2026 - 15:51:24: [l4d2_shop.smx] [LOAD]: "BRCA<17><STEAM_1:0:170592827><>" loaded the record successfully! Points: "4476"
L 06/27/2026 - 15:52:32: [l4d2_shop.smx] [INSERT]: "MIJAEL<80><STEAM_1:0:436514507><>" is a new user!!
L 06/27/2026 - 15:53:37: [l4d2_shop.smx] [UPDATE]: "[T-T]MoY<2><STEAM_1:0:511491787><>" saved. Points: "48"
L 06/27/2026 - 15:53:37: [l4d2_shop.smx] UPDATE SpecialFunctions SET isEnabled = 1 WHERE steamId = 'STEAM_1:0:511491787' AND (functionNo = 'GRAY_AMMO' OR functionNo = 'BLUE_AMMO' OR functionNo = 'GOLD_AMMO')
L 06/27/2026 - 15:53:37: [l4d2_shop.smx] [UPDATE]: "Zhonyk<38><STEAM_1:0:443551280><>" saved. Points: "8"
L 06/27/2026 - 15:53:37: [l4d2_shop.smx] [UPDATE]: "BRCA<17><STEAM_1:0:170592827><>" saved. Points: "4478"
L 06/27/2026 - 15:53:37: [l4d2_shop.smx] UPDATE SpecialFunctions SET isEnabled = 1 WHERE steamId = 'STEAM_1:0:170592827' AND (functionNo = 'GOLD_AMMO')
L 06/27/2026 - 15:53:37: [l4d2_shop.smx] [UPDATE]: "josiaswin456<7><STEAM_1:0:752764330><>" saved. Points: "25"
L 06/27/2026 - 15:53:37: [l4d2_shop.smx] [UPDATE]: "MIJAEL<80><STEAM_1:0:436514507><>" saved. Points: "2"
L 06/27/2026 - 15:53:37: [l4d2_shop.smx] [UPDATE]: "DR SEXO<57><STEAM_1:0:572547376><>" saved. Points: "2"
L 06/27/2026 - 15:54:36: [l4d2_shop.smx] [INSERT]: "tankdeComas<86><STEAM_1:1:371368455><>" is a new user!!
L 06/27/2026 - 15:56:04: [l4d2_shop.smx] [INSERT]: "LA CHILI HUACHANA<91><STEAM_1:1:762173555><>" is a new user!!
L 06/27/2026 - 15:56:29: -------- Mapchange to Glubtastic_3 --------
L 06/27/2026 - 15:56:34: [basecommands.smx] "Console<0><Console><Console>" changed cvar (cvar "sv_consistency") (value "0")
L 06/27/2026 - 15:56:34: [basecommands.smx] "Console<0><Console><Console>" changed cvar (cvar "sv_allow_lobby_connect_only") (value "0")
L 06/27/2026 - 15:56:34: [basecommands.smx] "Console<0><Console><Console>" changed cvar (cvar "sv_maxplayers") (value "8")
L 06/27/2026 - 15:56:34: [basecommands.smx] "Console<0><Console><Console>" changed cvar (cvar "sv_visiblemaxplayers") (value "-1")
L 06/27/2026 - 15:56:34: [chat-processor.smx] Message formats generated for game 'left4dead2'.
L 06/27/2026 - 15:56:34: [chat-processor.smx] Successfully hooked a SayText2 chat hook.
L 06/27/2026 - 15:56:53: [l4d2_shop.smx] [LOAD]: "[T-T]MoY<2><STEAM_1:0:511491787><>" loaded the record successfully! Points: "48"
L 06/27/2026 - 15:56:55: [l4d2_shop.smx] [LOAD]: "MIJAEL<80><STEAM_1:0:436514507><>" loaded the record successfully! Points: "2"
L 06/27/2026 - 15:56:57: [l4d2_shop.smx] [LOAD]: "tankdeComas<86><STEAM_1:1:371368455><>" loaded the record successfully! Points: "0"
L 06/27/2026 - 15:57:00: [l4d2_shop.smx] [LOAD]: "Zhonyk<38><STEAM_1:0:443551280><>" loaded the record successfully! Points: "8"
L 06/27/2026 - 15:57:00: [l4d2_shop.smx] [LOAD]: "josiaswin456<7><STEAM_1:0:752764330><>" loaded the record successfully! Points: "25"
L 06/27/2026 - 15:57:04: [l4d2_shop.smx] [LOAD]: "BRCA<17><STEAM_1:0:170592827><>" loaded the record successfully! Points: "4478"
L 06/27/2026 - 15:57:12: [l4d2_shop.smx] [INSERT]: "MrReaper<95><STEAM_1:0:569803844><>" is a new user!!
L 06/27/2026 - 15:58:38: [l4d2_shop.smx] [LOAD]: "DR SEXO<98><STEAM_1:0:572547376><>" loaded the record successfully! Points: "2"
L 06/27/2026 - 15:58:43: [l4d2_shop.smx] [INSERT]: "Bull4245<99><STEAM_1:1:709721084><>" is a new user!!
L 06/27/2026 - 16:00:19: [basevotes.smx] "[T-T]MoY<2><STEAM_1:0:511491787><>" initiated a generic vote (question "sera que la hacen?" / answers "Yes" "No").
L 06/27/2026 - 16:00:31: [l4d2_shop.smx] [UPDATE]: "[T-T]MoY<2><STEAM_1:0:511491787><>" saved. Points: "54"
L 06/27/2026 - 16:00:31: [l4d2_shop.smx] UPDATE SpecialFunctions SET isEnabled = 1 WHERE steamId = 'STEAM_1:0:511491787' AND (functionNo = 'GRAY_AMMO' OR functionNo = 'BLUE_AMMO' OR functionNo = 'GOLD_AMMO')
L 06/27/2026 - 16:00:31: [l4d2_shop.smx] [UPDATE]: "Zhonyk<38><STEAM_1:0:443551280><>" saved. Points: "18"
L 06/27/2026 - 16:00:31: [l4d2_shop.smx] [UPDATE]: "tankdeComas<86><STEAM_1:1:371368455><>" saved. Points: "6"
L 06/27/2026 - 16:00:31: [l4d2_shop.smx] [UPDATE]: "DR SEXO<98><STEAM_1:0:572547376><>" saved. Points: "12"
L 06/27/2026 - 16:00:31: [l4d2_shop.smx] [UPDATE]: "josiaswin456<7><STEAM_1:0:752764330><>" saved. Points: "34"
L 06/27/2026 - 16:00:31: [l4d2_shop.smx] [UPDATE]: "MIJAEL<80><STEAM_1:0:436514507><>" saved. Points: "10"
L 06/27/2026 - 16:00:31: [l4d2_shop.smx] [UPDATE]: "MrReaper<95><STEAM_1:0:569803844><>" saved. Points: "16"
L 06/27/2026 - 16:00:31: [l4d2_shop.smx] [UPDATE]: "Bull4245<99><STEAM_1:1:709721084><>" saved. Points: "6"
L 06/27/2026 - 16:00:40: [basevotes.smx] Vote failed. 0% vote required. (Received "43" of 7 votes)
L 06/27/2026 - 16:01:55: [l4d2_shop.smx] [UPDATE]: "[T-T]MoY<2><STEAM_1:0:511491787><>" saved. Points: "56"
L 06/27/2026 - 16:01:55: [l4d2_shop.smx] UPDATE SpecialFunctions SET isEnabled = 1 WHERE steamId = 'STEAM_1:0:511491787' AND (functionNo = 'GRAY_AMMO' OR functionNo = 'BLUE_AMMO' OR functionNo = 'GOLD_AMMO')
L 06/27/2026 - 16:01:55: [l4d2_shop.smx] [UPDATE]: "Zhonyk<38><STEAM_1:0:443551280><>" saved. Points: "22"
L 06/27/2026 - 16:01:55: [l4d2_shop.smx] [UPDATE]: "tankdeComas<86><STEAM_1:1:371368455><>" saved. Points: "8"
L 06/27/2026 - 16:01:55: [l4d2_shop.smx] [UPDATE]: "DR SEXO<98><STEAM_1:0:572547376><>" saved. Points: "14"
L 06/27/2026 - 16:01:55: [l4d2_shop.smx] [UPDATE]: "josiaswin456<7><STEAM_1:0:752764330><>" saved. Points: "38"
L 06/27/2026 - 16:01:55: [l4d2_shop.smx] [UPDATE]: "MIJAEL<80><STEAM_1:0:436514507><>" saved. Points: "15"
L 06/27/2026 - 16:01:55: [l4d2_shop.smx] [UPDATE]: "MrReaper<95><STEAM_1:0:569803844><>" saved. Points: "20"
L 06/27/2026 - 16:01:55: [l4d2_shop.smx] [UPDATE]: "Bull4245<99><STEAM_1:1:709721084><>" saved. Points: "8"
L 06/27/2026 - 16:03:06: [l4d2_shop.smx] [UPDATE]: "[T-T]MoY<2><STEAM_1:0:511491787><>" saved. Points: "59"
L 06/27/2026 - 16:03:06: [l4d2_shop.smx] UPDATE SpecialFunctions SET isEnabled = 1 WHERE steamId = 'STEAM_1:0:511491787' AND (functionNo = 'GRAY_AMMO' OR functionNo = 'BLUE_AMMO' OR functionNo = 'GOLD_AMMO')
L 06/27/2026 - 16:03:06: [l4d2_shop.smx] [UPDATE]: "Zhonyk<38><STEAM_1:0:443551280><>" saved. Points: "23"
L 06/27/2026 - 16:03:06: [l4d2_shop.smx] [UPDATE]: "tankdeComas<86><STEAM_1:1:371368455><>" saved. Points: "8"
L 06/27/2026 - 16:03:06: [l4d2_shop.smx] [UPDATE]: "DR SEXO<98><STEAM_1:0:572547376><>" saved. Points: "14"
L 06/27/2026 - 16:03:06: [l4d2_shop.smx] [UPDATE]: "josiaswin456<7><STEAM_1:0:752764330><>" saved. Points: "39"
L 06/27/2026 - 16:03:06: [l4d2_shop.smx] [UPDATE]: "MIJAEL<80><STEAM_1:0:436514507><>" saved. Points: "15"
L 06/27/2026 - 16:03:06: [l4d2_shop.smx] [UPDATE]: "MrReaper<95><STEAM_1:0:569803844><>" saved. Points: "20"
L 06/27/2026 - 16:04:10: [l4d2_shop.smx] [INSERT]: "eliascarranza316<120><STEAM_1:0:959327364><>" is a new user!!
L 06/27/2026 - 16:04:55: [l4d2_shop.smx] [UPDATE]: "[T-T]MoY<2><STEAM_1:0:511491787><>" saved. Points: "59"
L 06/27/2026 - 16:04:55: [l4d2_shop.smx] UPDATE SpecialFunctions SET isEnabled = 1 WHERE steamId = 'STEAM_1:0:511491787' AND (functionNo = 'GRAY_AMMO' OR functionNo = 'BLUE_AMMO' OR functionNo = 'GOLD_AMMO')
L 06/27/2026 - 16:04:55: [l4d2_shop.smx] [UPDATE]: "Zhonyk<38><STEAM_1:0:443551280><>" saved. Points: "24"
L 06/27/2026 - 16:04:55: [l4d2_shop.smx] [UPDATE]: "tankdeComas<86><STEAM_1:1:371368455><>" saved. Points: "9"
L 06/27/2026 - 16:04:55: [l4d2_shop.smx] [UPDATE]: "DR SEXO<98><STEAM_1:0:572547376><>" saved. Points: "14"
L 06/27/2026 - 16:04:55: [l4d2_shop.smx] [UPDATE]: "josiaswin456<7><STEAM_1:0:752764330><>" saved. Points: "40"
L 06/27/2026 - 16:04:55: [l4d2_shop.smx] [UPDATE]: "MIJAEL<80><STEAM_1:0:436514507><>" saved. Points: "17"
L 06/27/2026 - 16:04:55: [l4d2_shop.smx] [UPDATE]: "MrReaper<95><STEAM_1:0:569803844><>" saved. Points: "20"
L 06/27/2026 - 16:04:55: [l4d2_shop.smx] [UPDATE]: "eliascarranza316<120><STEAM_1:0:959327364><>" saved. Points: "0"
L 06/27/2026 - 16:06:47: [l4d2_shop.smx] [UPDATE]: "[T-T]MoY<2><STEAM_1:0:511491787><>" saved. Points: "68"
L 06/27/2026 - 16:06:47: [l4d2_shop.smx] UPDATE SpecialFunctions SET isEnabled = 1 WHERE steamId = 'STEAM_1:0:511491787' AND (functionNo = 'GRAY_AMMO' OR functionNo = 'BLUE_AMMO' OR functionNo = 'GOLD_AMMO')
L 06/27/2026 - 16:06:47: [l4d2_shop.smx] [UPDATE]: "Zhonyk<38><STEAM_1:0:443551280><>" saved. Points: "28"
L 06/27/2026 - 16:06:47: [l4d2_shop.smx] [UPDATE]: "tankdeComas<86><STEAM_1:1:371368455><>" saved. Points: "11"
L 06/27/2026 - 16:06:47: [l4d2_shop.smx] [UPDATE]: "DR SEXO<98><STEAM_1:0:572547376><>" saved. Points: "16"
L 06/27/2026 - 16:06:47: [l4d2_shop.smx] [UPDATE]: "josiaswin456<7><STEAM_1:0:752764330><>" saved. Points: "42"
L 06/27/2026 - 16:06:47: [l4d2_shop.smx] [UPDATE]: "MIJAEL<80><STEAM_1:0:436514507><>" saved. Points: "19"
L 06/27/2026 - 16:06:47: [l4d2_shop.smx] [UPDATE]: "MrReaper<95><STEAM_1:0:569803844><>" saved. Points: "24"
L 06/27/2026 - 16:06:47: [l4d2_shop.smx] [UPDATE]: "eliascarranza316<120><STEAM_1:0:959327364><>" saved. Points: "12"
L 06/27/2026 - 16:09:15: [l4d2_shop.smx] [UPDATE]: "[T-T]MoY<2><STEAM_1:0:511491787><>" saved. Points: "70"
L 06/27/2026 - 16:09:15: [l4d2_shop.smx] UPDATE SpecialFunctions SET isEnabled = 1 WHERE steamId = 'STEAM_1:0:511491787' AND (functionNo = 'GRAY_AMMO' OR functionNo = 'BLUE_AMMO' OR functionNo = 'GOLD_AMMO')
L 06/27/2026 - 16:09:15: [l4d2_shop.smx] [UPDATE]: "Zhonyk<38><STEAM_1:0:443551280><>" saved. Points: "28"
L 06/27/2026 - 16:09:15: [l4d2_shop.smx] [UPDATE]: "tankdeComas<86><STEAM_1:1:371368455><>" saved. Points: "11"
L 06/27/2026 - 16:09:15: [l4d2_shop.smx] [UPDATE]: "DR SEXO<98><STEAM_1:0:572547376><>" saved. Points: "16"
L 06/27/2026 - 16:09:15: [l4d2_shop.smx] [UPDATE]: "josiaswin456<7><STEAM_1:0:752764330><>" saved. Points: "42"
L 06/27/2026 - 16:09:15: [l4d2_shop.smx] [UPDATE]: "MIJAEL<80><STEAM_1:0:436514507><>" saved. Points: "19"
L 06/27/2026 - 16:09:15: [l4d2_shop.smx] [UPDATE]: "MrReaper<95><STEAM_1:0:569803844><>" saved. Points: "28"
L 06/27/2026 - 16:09:15: [l4d2_shop.smx] [UPDATE]: "eliascarranza316<120><STEAM_1:0:959327364><>" saved. Points: "12"
L 06/27/2026 - 16:11:30: [l4d2_shop.smx] [INSERT]: "meowl<149><STEAM_1:0:405761072><>" is a new user!!
L 06/27/2026 - 16:11:53: [l4d2_shop.smx] [UPDATE]: "meowl<149><STEAM_1:0:405761072><>" saved. Points: "1000"
L 06/27/2026 - 16:11:53: [l4d2_shop.smx] [Admin]: "[T-T]MoY<2><STEAM_1:0:511491787><>" rewarded "1000" points for "meowl<149><STEAM_1:0:405761072><>" (current: "1000")
L 06/27/2026 - 16:11:54: [l4d2_shop.smx] [UPDATE]: "tankdeComas<86><STEAM_1:1:371368455><>" saved. Points: "1019"
L 06/27/2026 - 16:11:54: [l4d2_shop.smx] [Admin]: "[T-T]MoY<2><STEAM_1:0:511491787><>" rewarded "1000" points for "tankdeComas<86><STEAM_1:1:371368455><>" (current: "1019")
L 06/27/2026 - 16:11:54: [l4d2_shop.smx] [UPDATE]: "DR SEXO<98><STEAM_1:0:572547376><>" saved. Points: "1027"
L 06/27/2026 - 16:11:54: [l4d2_shop.smx] [Admin]: "[T-T]MoY<2><STEAM_1:0:511491787><>" rewarded "1000" points for "DR SEXO<98><STEAM_1:0:572547376><>" (current: "1027")
L 06/27/2026 - 16:11:55: [l4d2_shop.smx] [UPDATE]: "josiaswin456<7><STEAM_1:0:752764330><>" saved. Points: "1053"
L 06/27/2026 - 16:11:55: [l4d2_shop.smx] [Admin]: "[T-T]MoY<2><STEAM_1:0:511491787><>" rewarded "1000" points for "josiaswin456<7><STEAM_1:0:752764330><>" (current: "1053")
L 06/27/2026 - 16:11:55: [l4d2_shop.smx] [UPDATE]: "MIJAEL<80><STEAM_1:0:436514507><>" saved. Points: "1029"
L 06/27/2026 - 16:11:55: [l4d2_shop.smx] [Admin]: "[T-T]MoY<2><STEAM_1:0:511491787><>" rewarded "1000" points for "MIJAEL<80><STEAM_1:0:436514507><>" (current: "1029")
L 06/27/2026 - 16:11:57: [l4d2_shop.smx] [UPDATE]: "MrReaper<95><STEAM_1:0:569803844><>" saved. Points: "1036"
L 06/27/2026 - 16:11:57: [l4d2_shop.smx] [Admin]: "[T-T]MoY<2><STEAM_1:0:511491787><>" rewarded "1000" points for "MrReaper<95><STEAM_1:0:569803844><>" (current: "1036")
L 06/27/2026 - 16:11:58: [l4d2_shop.smx] [UPDATE]: "eliascarranza316<120><STEAM_1:0:959327364><>" saved. Points: "1022"
L 06/27/2026 - 16:11:58: [l4d2_shop.smx] [Admin]: "[T-T]MoY<2><STEAM_1:0:511491787><>" rewarded "1000" points for "eliascarranza316<120><STEAM_1:0:959327364><>" (current: "1022")
L 06/27/2026 - 16:12:03: [l4d2_shop.smx] [Buy]: "MrReaper<95><STEAM_1:0:569803844><>" bought "Revivir (Costo actual: 50)" (price: "50"), remaining points: "986"
L 06/27/2026 - 16:12:15: [l4d2_shop.smx] [Buy]: "MIJAEL<80><STEAM_1:0:436514507><>" bought "Revivir (Costo actual: 50)" (price: "50"), remaining points: "979"
L 06/27/2026 - 16:12:25: [l4d2_shop.smx] [Buy]: "DR SEXO<98><STEAM_1:0:572547376><>" bought "Revivir (Costo actual: 50)" (price: "50"), remaining points: "977"
L 06/27/2026 - 16:12:40: [l4d2_shop.smx] [Admin]: "[T-T]MoY<2><STEAM_1:0:511491787><>" set "1" points for "MrReaper<95><STEAM_1:0:569803844><>" (current: "1")
L 06/27/2026 - 16:12:50: [l4d_sm_respawn.smx] "[T-T]MoY<2><STEAM_1:0:511491787><>" teleported "tankdeComas<86><STEAM_1:1:371368455><>" after respawning him
L 06/27/2026 - 16:12:50: [l4d_sm_respawn.smx] "[T-T]MoY<2><STEAM_1:0:511491787><>" teleported "josiaswin456<7><STEAM_1:0:752764330><>" after respawning him
L 06/27/2026 - 16:12:50: [l4d_sm_respawn.smx] "[T-T]MoY<2><STEAM_1:0:511491787><>" teleported "MIJAEL<80><STEAM_1:0:436514507><>" after respawning him
L 06/27/2026 - 16:12:50: [l4d_sm_respawn.smx] "[T-T]MoY<2><STEAM_1:0:511491787><>" teleported "MrReaper<95><STEAM_1:0:569803844><>" after respawning him
L 06/27/2026 - 16:12:50: [l4d_sm_respawn.smx] "[T-T]MoY<2><STEAM_1:0:511491787><>" teleported "eliascarranza316<120><STEAM_1:0:959327364><>" after respawning him
L 06/27/2026 - 16:14:20: -------- Mapchange to Glubtastic_4 --------
L 06/27/2026 - 16:14:24: [basecommands.smx] "Console<0><Console><Console>" changed cvar (cvar "sv_consistency") (value "0")
L 06/27/2026 - 16:14:24: [basecommands.smx] "Console<0><Console><Console>" changed cvar (cvar "sv_allow_lobby_connect_only") (value "0")
L 06/27/2026 - 16:14:24: [basecommands.smx] "Console<0><Console><Console>" changed cvar (cvar "sv_maxplayers") (value "8")
L 06/27/2026 - 16:14:24: [basecommands.smx] "Console<0><Console><Console>" changed cvar (cvar "sv_visiblemaxplayers") (value "-1")
L 06/27/2026 - 16:14:24: [chat-processor.smx] Message formats generated for game 'left4dead2'.
L 06/27/2026 - 16:14:24: [chat-processor.smx] Successfully hooked a SayText2 chat hook.
L 06/27/2026 - 16:14:43: [l4d2_shop.smx] [LOAD]: "[T-T]MoY<2><STEAM_1:0:511491787><>" loaded the record successfully! Points: "70"
L 06/27/2026 - 16:14:46: [l4d2_shop.smx] [LOAD]: "MIJAEL<80><STEAM_1:0:436514507><>" loaded the record successfully! Points: "1029"
L 06/27/2026 - 16:14:47: [l4d2_shop.smx] [LOAD]: "tankdeComas<86><STEAM_1:1:371368455><>" loaded the record successfully! Points: "1019"
L 06/27/2026 - 16:14:47: [l4d2_shop.smx] [LOAD]: "DR SEXO<98><STEAM_1:0:572547376><>" loaded the record successfully! Points: "1027"
L 06/27/2026 - 16:14:49: [l4d2_shop.smx] [LOAD]: "eliascarranza316<120><STEAM_1:0:959327364><>" loaded the record successfully! Points: "1022"
L 06/27/2026 - 16:14:50: [l4d2_shop.smx] [LOAD]: "meowl<149><STEAM_1:0:405761072><>" loaded the record successfully! Points: "1000"
L 06/27/2026 - 16:14:51: [l4d2_shop.smx] [LOAD]: "josiaswin456<7><STEAM_1:0:752764330><>" loaded the record successfully! Points: "1053"
L 06/27/2026 - 16:14:55: [l4d2_shop.smx] [LOAD]: "MrReaper<95><STEAM_1:0:569803844><>" loaded the record successfully! Points: "1036"
L 06/27/2026 - 16:18:32: [l4d2_shop.smx] [UPDATE]: "[T-T]MoY<2><STEAM_1:0:511491787><>" saved. Points: "1075"
L 06/27/2026 - 16:18:32: [l4d2_shop.smx] UPDATE SpecialFunctions SET isEnabled = 1 WHERE steamId = 'STEAM_1:0:511491787' AND (functionNo = 'GRAY_AMMO' OR functionNo = 'BLUE_AMMO' OR functionNo = 'GOLD_AMMO')
L 06/27/2026 - 16:18:32: [l4d2_shop.smx] [Admin]: "[T-T]MoY<2><STEAM_1:0:511491787><>" rewarded "1000" points for "[T-T]MoY<2><STEAM_1:0:511491787><>" (current: "1075")
L 06/27/2026 - 16:23:35: [l4d2_shop.smx] [Buy]: "DR SEXO<98><STEAM_1:0:572547376><>" bought "Revivir (Costo actual: 50)" (price: "50"), remaining points: "977"
L 06/27/2026 - 16:24:03: -------- Mapchange to Glubtastic_5 --------
L 06/27/2026 - 16:24:07: [basecommands.smx] "Console<0><Console><Console>" changed cvar (cvar "sv_consistency") (value "0")
L 06/27/2026 - 16:24:07: [basecommands.smx] "Console<0><Console><Console>" changed cvar (cvar "sv_allow_lobby_connect_only") (value "0")
L 06/27/2026 - 16:24:07: [basecommands.smx] "Console<0><Console><Console>" changed cvar (cvar "sv_maxplayers") (value "8")
L 06/27/2026 - 16:24:07: [basecommands.smx] "Console<0><Console><Console>" changed cvar (cvar "sv_visiblemaxplayers") (value "-1")
L 06/27/2026 - 16:24:07: [chat-processor.smx] Message formats generated for game 'left4dead2'.
L 06/27/2026 - 16:24:07: [chat-processor.smx] Successfully hooked a SayText2 chat hook.
L 06/27/2026 - 16:24:17: [l4d2_shop.smx] [LOAD]: "[T-T]MoY<2><STEAM_1:0:511491787><>" loaded the record successfully! Points: "1075"
L 06/27/2026 - 16:24:20: [l4d2_shop.smx] [LOAD]: "eliascarranza316<120><STEAM_1:0:959327364><>" loaded the record successfully! Points: "1022"
L 06/27/2026 - 16:24:20: [l4d2_shop.smx] [LOAD]: "MIJAEL<80><STEAM_1:0:436514507><>" loaded the record successfully! Points: "1029"
L 06/27/2026 - 16:24:21: [l4d2_shop.smx] [LOAD]: "tankdeComas<86><STEAM_1:1:371368455><>" loaded the record successfully! Points: "1019"
L 06/27/2026 - 16:24:22: [l4d2_shop.smx] [LOAD]: "DR SEXO<98><STEAM_1:0:572547376><>" loaded the record successfully! Points: "1027"
L 06/27/2026 - 16:24:23: [l4d2_shop.smx] [LOAD]: "meowl<149><STEAM_1:0:405761072><>" loaded the record successfully! Points: "1000"
L 06/27/2026 - 16:24:26: [l4d2_shop.smx] [LOAD]: "josiaswin456<7><STEAM_1:0:752764330><>" loaded the record successfully! Points: "1053"
L 06/27/2026 - 16:24:28: [l4d2_shop.smx] [LOAD]: "MrReaper<95><STEAM_1:0:569803844><>" loaded the record successfully! Points: "1036"
L 06/27/2026 - 16:27:22: [l4d2_shop.smx] [Buy]: "MrReaper<95><STEAM_1:0:569803844><>" bought "Revivir (Costo actual: 50)" (price: "50"), remaining points: "1021"
L 06/27/2026 - 16:27:36: [l4d2_shop.smx] [Admin]: "[T-T]MoY<2><STEAM_1:0:511491787><>" set "1" points for "MrReaper<95><STEAM_1:0:569803844><>" (current: "1")
L 06/27/2026 - 16:28:18: [l4d2_shop.smx] [Buy]: "josiaswin456<7><STEAM_1:0:752764330><>" bought "Revivir (Costo actual: 50)" (price: "50"), remaining points: "1028"
L 06/27/2026 - 16:28:37: [l4d2_shop.smx] [Buy]: "DR SEXO<98><STEAM_1:0:572547376><>" bought "Revivir (Costo actual: 50)" (price: "50"), remaining points: "982"
L 06/27/2026 - 16:28:55: [funcommands.smx] "[T-T]MoY<2><STEAM_1:0:511491787><>" froze "MrReaper<95><STEAM_1:0:569803844><>"
L 06/27/2026 - 16:29:20: [funcommands.smx] "[T-T]MoY<2><STEAM_1:0:511491787><>" froze "MrReaper<95><STEAM_1:0:569803844><>"
L 06/27/2026 - 16:29:47: [l4d2_shop.smx] [INSERT]: "WladYm_Gerald<241><STEAM_1:1:571443787><>" is a new user!!
L 06/27/2026 - 16:32:10: [l4d2_shop.smx] [UPDATE]: "[T-T]MoY<2><STEAM_1:0:511491787><>" saved. Points: "1083"
L 06/27/2026 - 16:32:10: [l4d2_shop.smx] UPDATE SpecialFunctions SET isEnabled = 1 WHERE steamId = 'STEAM_1:0:511491787' AND (functionNo = 'GRAY_AMMO' OR functionNo = 'BLUE_AMMO' OR functionNo = 'GOLD_AMMO')
L 06/27/2026 - 16:32:10: [l4d2_shop.smx] [UPDATE]: "meowl<149><STEAM_1:0:405761072><>" saved. Points: "1007"
L 06/27/2026 - 16:32:10: [l4d2_shop.smx] [UPDATE]: "tankdeComas<86><STEAM_1:1:371368455><>" saved. Points: "1026"
L 06/27/2026 - 16:32:10: [l4d2_shop.smx] [UPDATE]: "josiaswin456<7><STEAM_1:0:752764330><>" saved. Points: "1030"
L 06/27/2026 - 16:32:17: Log file closed.
L 06/27/2026 - 19:58:15: SourceMod log file session started (file "d:\steamlibrary\steamapps\common\left 4 dead 2\left4dead2\addons\sourcemod\logs\L20260627.log") (Version "1.12.0.7207")
L 06/27/2026 - 19:58:15: [GEOIP] GeoIP2 database loaded: GeoLite2-ASN (2024-08-21 08:15:21 UTC) (d:\steamlibrary\steamapps\common\left 4 dead 2\left4dead2\addons\sourcemod\configs\geoip\GeoLite2-ASN.mmdb)
L 06/27/2026 - 19:58:15: [GEOIP] GeoIP2 supported languages: en
L 06/27/2026 - 19:58:15: [GEOIP] Your database is older than 90 days. You should consider downloading a newer version from e.g. https://dev.maxmind.com/geoip/geolite2-free-geolocation-data
L 06/27/2026 - 19:58:17: [l4d_extinguisher.smx] 
==========
Warning: You should install "[L4D2] Scavenge Score Fix - Gascan Pouring" to prevent affecting the score when filling gas in Scavenge style events: https://forums.alliedmods.net/showthread.php?t=187686
==========

L 06/27/2026 - 19:58:17: [l4d_extinguisher.smx] 
==========
Warning: You should install "[L4D & L4D2] Use Priority Patch" to fix attached models blocking +USE action: https://forums.alliedmods.net/showthread.php?t=327511
==========

L 06/27/2026 - 19:58:28: [basecommands.smx] "Console<0><Console><Console>" changed cvar (cvar "sv_consistency") (value "0")
L 06/27/2026 - 19:58:28: [basecommands.smx] "Console<0><Console><Console>" changed cvar (cvar "sv_allow_lobby_connect_only") (value "0")
L 06/27/2026 - 19:58:28: [basecommands.smx] "Console<0><Console><Console>" changed cvar (cvar "sv_maxplayers") (value "8")
L 06/27/2026 - 19:58:28: [basecommands.smx] "Console<0><Console><Console>" changed cvar (cvar "sv_visiblemaxplayers") (value "-1")
L 06/27/2026 - 19:58:29: [chat-processor.smx] Message formats generated for game 'left4dead2'.
L 06/27/2026 - 19:58:29: [chat-processor.smx] Successfully hooked a SayText2 chat hook.
L 06/27/2026 - 19:58:35: [l4d2_shop.smx] [LOAD]: "[T-T]MoY<2><STEAM_ID_PENDING><>" loaded the record successfully! Points: "0"
L 06/27/2026 - 20:03:00: Log file closed.
L 06/27/2026 - 20:12:57: SourceMod log file session started (file "d:\steamlibrary\steamapps\common\left 4 dead 2\left4dead2\addons\sourcemod\logs\L20260627.log") (Version "1.12.0.7207")
L 06/27/2026 - 20:12:57: [GEOIP] GeoIP2 database loaded: GeoLite2-ASN (2024-08-21 08:15:21 UTC) (d:\steamlibrary\steamapps\common\left 4 dead 2\left4dead2\addons\sourcemod\configs\geoip\GeoLite2-ASN.mmdb)
L 06/27/2026 - 20:12:57: [GEOIP] GeoIP2 supported languages: en
L 06/27/2026 - 20:12:57: [GEOIP] Your database is older than 90 days. You should consider downloading a newer version from e.g. https://dev.maxmind.com/geoip/geolite2-free-geolocation-data
L 06/27/2026 - 20:12:59: [l4d_extinguisher.smx] 
==========
Warning: You should install "[L4D2] Scavenge Score Fix - Gascan Pouring" to prevent affecting the score when filling gas in Scavenge style events: https://forums.alliedmods.net/showthread.php?t=187686
==========

L 06/27/2026 - 20:12:59: [l4d_extinguisher.smx] 
==========
Warning: You should install "[L4D & L4D2] Use Priority Patch" to fix attached models blocking +USE action: https://forums.alliedmods.net/showthread.php?t=327511
==========

L 06/27/2026 - 20:13:10: [basecommands.smx] "Console<0><Console><Console>" changed cvar (cvar "sv_consistency") (value "0")
L 06/27/2026 - 20:13:10: [basecommands.smx] "Console<0><Console><Console>" changed cvar (cvar "sv_allow_lobby_connect_only") (value "0")
L 06/27/2026 - 20:13:10: [basecommands.smx] "Console<0><Console><Console>" changed cvar (cvar "sv_maxplayers") (value "8")
L 06/27/2026 - 20:13:10: [basecommands.smx] "Console<0><Console><Console>" changed cvar (cvar "sv_visiblemaxplayers") (value "-1")
L 06/27/2026 - 20:13:11: [chat-processor.smx] Message formats generated for game 'left4dead2'.
L 06/27/2026 - 20:13:11: [chat-processor.smx] Successfully hooked a SayText2 chat hook.
L 06/27/2026 - 20:13:17: [l4d2_shop.smx] [LOAD]: "[T-T]MoY<2><STEAM_ID_PENDING><>" loaded the record successfully! Points: "0"
L 06/27/2026 - 20:25:13: -------- Mapchange to glubtastic5_1 --------
L 06/27/2026 - 20:25:18: [basecommands.smx] "Console<0><Console><Console>" changed cvar (cvar "sv_consistency") (value "0")
L 06/27/2026 - 20:25:18: [basecommands.smx] "Console<0><Console><Console>" changed cvar (cvar "sv_allow_lobby_connect_only") (value "0")
L 06/27/2026 - 20:25:18: [basecommands.smx] "Console<0><Console><Console>" changed cvar (cvar "sv_maxplayers") (value "8")
L 06/27/2026 - 20:25:18: [basecommands.smx] "Console<0><Console><Console>" changed cvar (cvar "sv_visiblemaxplayers") (value "-1")
L 06/27/2026 - 20:25:18: [chat-processor.smx] Message formats generated for game 'left4dead2'.
L 06/27/2026 - 20:25:18: [chat-processor.smx] Successfully hooked a SayText2 chat hook.
L 06/27/2026 - 20:25:24: [l4d2_shop.smx] [LOAD]: "[T-T]MoY<22><STEAM_ID_PENDING><>" loaded the record successfully! Points: "0"
L 06/27/2026 - 20:28:22: [l4d2_shop.smx] [UPDATE]: "[T-T]MoY<22><STEAM_1:0:511491787><>" saved. Points: "2"
L 06/27/2026 - 20:29:20: [l4d2_shop.smx] [UPDATE]: "[T-T]MoY<22><STEAM_1:0:511491787><>" saved. Points: "3"
L 06/27/2026 - 20:34:21: -------- Mapchange to hls_10 --------
L 06/27/2026 - 20:34:24: [basecommands.smx] "Console<0><Console><Console>" changed cvar (cvar "sv_consistency") (value "0")
L 06/27/2026 - 20:34:24: [basecommands.smx] "Console<0><Console><Console>" changed cvar (cvar "sv_allow_lobby_connect_only") (value "0")
L 06/27/2026 - 20:34:24: [basecommands.smx] "Console<0><Console><Console>" changed cvar (cvar "sv_maxplayers") (value "8")
L 06/27/2026 - 20:34:24: [basecommands.smx] "Console<0><Console><Console>" changed cvar (cvar "sv_visiblemaxplayers") (value "-1")
L 06/27/2026 - 20:34:24: [chat-processor.smx] Message formats generated for game 'left4dead2'.
L 06/27/2026 - 20:34:24: [chat-processor.smx] Successfully hooked a SayText2 chat hook.
L 06/27/2026 - 20:34:31: [l4d2_shop.smx] [LOAD]: "[T-T]MoY<42><STEAM_ID_PENDING><>" loaded the record successfully! Points: "0"
L 06/27/2026 - 22:23:31: SourceMod log file session started (file "d:\steamlibrary\steamapps\common\left 4 dead 2\left4dead2\addons\sourcemod\logs\L20260627.log") (Version "1.12.0.7207")
L 06/27/2026 - 22:23:31: [GEOIP] GeoIP2 database loaded: GeoLite2-ASN (2024-08-21 08:15:21 UTC) (d:\steamlibrary\steamapps\common\left 4 dead 2\left4dead2\addons\sourcemod\configs\geoip\GeoLite2-ASN.mmdb)
L 06/27/2026 - 22:23:31: [GEOIP] GeoIP2 supported languages: en
L 06/27/2026 - 22:23:31: [GEOIP] Your database is older than 90 days. You should consider downloading a newer version from e.g. https://dev.maxmind.com/geoip/geolite2-free-geolocation-data
L 06/27/2026 - 22:23:32: [l4d_extinguisher.smx] 
==========
Warning: You should install "[L4D2] Scavenge Score Fix - Gascan Pouring" to prevent affecting the score when filling gas in Scavenge style events: https://forums.alliedmods.net/showthread.php?t=187686
==========

L 06/27/2026 - 22:23:32: [l4d_extinguisher.smx] 
==========
Warning: You should install "[L4D & L4D2] Use Priority Patch" to fix attached models blocking +USE action: https://forums.alliedmods.net/showthread.php?t=327511
==========

L 06/27/2026 - 22:23:45: [basecommands.smx] "Console<0><Console><Console>" changed cvar (cvar "sv_consistency") (value "0")
L 06/27/2026 - 22:23:45: [basecommands.smx] "Console<0><Console><Console>" changed cvar (cvar "sv_allow_lobby_connect_only") (value "0")
L 06/27/2026 - 22:23:45: [basecommands.smx] "Console<0><Console><Console>" changed cvar (cvar "sv_maxplayers") (value "8")
L 06/27/2026 - 22:23:45: [basecommands.smx] "Console<0><Console><Console>" changed cvar (cvar "sv_visiblemaxplayers") (value "-1")
L 06/27/2026 - 22:23:45: [chat-processor.smx] Message formats generated for game 'left4dead2'.
L 06/27/2026 - 22:23:45: [chat-processor.smx] Successfully hooked a SayText2 chat hook.
L 06/27/2026 - 22:23:52: [l4d2_shop.smx] [LOAD]: "[T-T]MoY<2><STEAM_ID_PENDING><>" loaded the record successfully! Points: "0"
L 06/27/2026 - 22:27:15: [playercommands.smx] "[T-T]MoY<2><STEAM_1:0:511491787><>" slayed "Tank<12><BOT><>"
L 06/27/2026 - 22:28:51: -------- Mapchange to c2m1_highway --------
L 06/27/2026 - 22:28:56: [basecommands.smx] "Console<0><Console><Console>" changed cvar (cvar "sv_consistency") (value "0")
L 06/27/2026 - 22:28:56: [basecommands.smx] "Console<0><Console><Console>" changed cvar (cvar "sv_allow_lobby_connect_only") (value "0")
L 06/27/2026 - 22:28:56: [basecommands.smx] "Console<0><Console><Console>" changed cvar (cvar "sv_maxplayers") (value "8")
L 06/27/2026 - 22:28:56: [basecommands.smx] "Console<0><Console><Console>" changed cvar (cvar "sv_visiblemaxplayers") (value "-1")
L 06/27/2026 - 22:28:56: [chat-processor.smx] Message formats generated for game 'left4dead2'.
L 06/27/2026 - 22:28:56: [chat-processor.smx] Successfully hooked a SayText2 chat hook.
L 06/27/2026 - 22:29:09: [l4d2_shop.smx] [LOAD]: "[T-T]MoY<17><STEAM_ID_PENDING><>" loaded the record successfully! Points: "0"
L 06/27/2026 - 22:29:45: [l4d2_shop.smx] [LOAD]: "PANDITA<21><STEAM_1:1:544610071><>" loaded the record successfully! Points: "5083"
L 06/27/2026 - 22:30:56: [l4d2_shop.smx] [INSERT]: "EL F1 ME CAMBIO LA VIDA<25><STEAM_1:0:915859533><>" is a new user!!
L 06/27/2026 - 22:31:15: [l4d2_shop.smx] [INSERT]: "montalvito3000<27><STEAM_1:0:398171194><>" is a new user!!
L 06/27/2026 - 22:31:26: [l4d2_shop.smx] [INSERT]: "...<29><STEAM_1:0:838679446><>" is a new user!!
L 06/27/2026 - 22:31:37: [l4d2_shop.smx] [LOAD]: "miikee彡<30><STEAM_1:1:508949820><>" loaded the record successfully! Points: "0"
L 06/27/2026 - 22:32:47: -------- Mapchange to c2m2_fairgrounds --------
L 06/27/2026 - 22:32:52: [basecommands.smx] "Console<0><Console><Console>" changed cvar (cvar "sv_consistency") (value "0")
L 06/27/2026 - 22:32:52: [basecommands.smx] "Console<0><Console><Console>" changed cvar (cvar "sv_allow_lobby_connect_only") (value "0")
L 06/27/2026 - 22:32:52: [basecommands.smx] "Console<0><Console><Console>" changed cvar (cvar "sv_maxplayers") (value "8")
L 06/27/2026 - 22:32:52: [basecommands.smx] "Console<0><Console><Console>" changed cvar (cvar "sv_visiblemaxplayers") (value "-1")
L 06/27/2026 - 22:32:52: [chat-processor.smx] Message formats generated for game 'left4dead2'.
L 06/27/2026 - 22:32:52: [chat-processor.smx] Successfully hooked a SayText2 chat hook.
L 06/27/2026 - 22:32:59: [l4d2_shop.smx] [LOAD]: "[T-T]MoY<17><STEAM_1:0:511491787><>" loaded the record successfully! Points: "3"
L 06/27/2026 - 22:33:04: [l4d2_shop.smx] [LOAD]: "PANDITA<21><STEAM_1:1:544610071><>" loaded the record successfully! Points: "5083"
L 06/27/2026 - 22:33:05: [l4d2_shop.smx] [LOAD]: "miikee彡<30><STEAM_1:1:508949820><>" loaded the record successfully! Points: "0"
L 06/27/2026 - 22:33:06: [l4d2_shop.smx] [LOAD]: "EL F1 ME CAMBIO LA VIDA<25><STEAM_1:0:915859533><>" loaded the record successfully! Points: "0"
L 06/27/2026 - 22:33:41: [l4d2_shop.smx] [INSERT]: "TÍO VILCHEZ<42><STEAM_1:0:612360072><>" is a new user!!
L 06/27/2026 - 22:34:45: [l4d2_shop.smx] [UPDATE]: "[T-T]MoY<17><STEAM_1:0:511491787><>" saved. Points: "8"
L 06/27/2026 - 22:34:45: [l4d2_shop.smx] UPDATE SpecialFunctions SET isEnabled = 1 WHERE steamId = 'STEAM_1:0:511491787' AND (functionNo = 'GRAY_AMMO' OR functionNo = 'BLUE_AMMO' OR functionNo = 'GOLD_AMMO')
L 06/27/2026 - 22:34:45: [l4d2_shop.smx] [UPDATE]: "TÍO VILCHEZ<42><STEAM_1:0:612360072><>" saved. Points: "2"
L 06/27/2026 - 22:34:45: [l4d2_shop.smx] [UPDATE]: "miikee彡<30><STEAM_1:1:508949820><>" saved. Points: "2"
L 06/27/2026 - 22:34:45: [l4d2_shop.smx] [UPDATE]: "PANDITA<21><STEAM_1:1:544610071><>" saved. Points: "5085"
L 06/27/2026 - 22:34:45: [l4d2_shop.smx] [UPDATE]: "EL F1 ME CAMBIO LA VIDA<25><STEAM_1:0:915859533><>" saved. Points: "2"
L 06/27/2026 - 22:36:55: [l4d2_shop.smx] [UPDATE]: "[T-T]MoY<17><STEAM_1:0:511491787><>" saved. Points: "17"
L 06/27/2026 - 22:36:55: [l4d2_shop.smx] UPDATE SpecialFunctions SET isEnabled = 1 WHERE steamId = 'STEAM_1:0:511491787' AND (functionNo = 'GRAY_AMMO' OR functionNo = 'BLUE_AMMO' OR functionNo = 'GOLD_AMMO')
L 06/27/2026 - 22:36:55: [l4d2_shop.smx] [UPDATE]: "TÍO VILCHEZ<42><STEAM_1:0:612360072><>" saved. Points: "8"
L 06/27/2026 - 22:36:55: [l4d2_shop.smx] [UPDATE]: "miikee彡<30><STEAM_1:1:508949820><>" saved. Points: "11"
L 06/27/2026 - 22:36:55: [l4d2_shop.smx] [UPDATE]: "PANDITA<21><STEAM_1:1:544610071><>" saved. Points: "5091"
L 06/27/2026 - 22:36:59: [l4d2_shop.smx] [INSERT]: "Patata111<55><STEAM_1:0:846756365><>" is a new user!!
L 06/27/2026 - 22:37:05: [l4d2_shop.smx] [INSERT]: "PEPE<56><STEAM_1:1:741581416><>" is a new user!!
L 06/27/2026 - 22:37:48: [l4d2_shop.smx] [LOAD]: "...<60><STEAM_1:0:838679446><>" loaded the record successfully! Points: "0"
L 06/27/2026 - 22:38:18: [l4d2_shop.smx] [INSERT]: "NINO NAKANO<64><STEAM_1:0:404273542><>" is a new user!!
L 06/27/2026 - 22:39:23: [l4d2_shop.smx] [INSERT]: "sebasloqd21<70><STEAM_1:1:374167712><>" is a new user!!
L 06/27/2026 - 22:42:46: -------- Mapchange to c2m3_coaster --------
L 06/27/2026 - 22:42:50: [basecommands.smx] "Console<0><Console><Console>" changed cvar (cvar "sv_consistency") (value "0")
L 06/27/2026 - 22:42:50: [basecommands.smx] "Console<0><Console><Console>" changed cvar (cvar "sv_allow_lobby_connect_only") (value "0")
L 06/27/2026 - 22:42:50: [basecommands.smx] "Console<0><Console><Console>" changed cvar (cvar "sv_maxplayers") (value "8")
L 06/27/2026 - 22:42:50: [basecommands.smx] "Console<0><Console><Console>" changed cvar (cvar "sv_visiblemaxplayers") (value "-1")
L 06/27/2026 - 22:42:50: [chat-processor.smx] Message formats generated for game 'left4dead2'.
L 06/27/2026 - 22:42:50: [chat-processor.smx] Successfully hooked a SayText2 chat hook.
L 06/27/2026 - 22:42:58: [l4d2_shop.smx] [LOAD]: "[T-T]MoY<17><STEAM_1:0:511491787><>" loaded the record successfully! Points: "17"
L 06/27/2026 - 22:43:00: [l4d2_shop.smx] [LOAD]: "Patata111<55><STEAM_1:0:846756365><>" loaded the record successfully! Points: "0"
L 06/27/2026 - 22:43:01: [l4d2_shop.smx] [LOAD]: "miikee彡<30><STEAM_1:1:508949820><>" loaded the record successfully! Points: "11"
L 06/27/2026 - 22:43:01: [l4d2_shop.smx] [LOAD]: "PEPE<56><STEAM_1:1:741581416><>" loaded the record successfully! Points: "0"
L 06/27/2026 - 22:43:01: [l4d2_shop.smx] [LOAD]: "PANDITA<21><STEAM_1:1:544610071><>" loaded the record successfully! Points: "5091"
L 06/27/2026 - 22:43:01: [l4d2_shop.smx] [LOAD]: "sebasloqd21<70><STEAM_1:1:374167712><>" loaded the record successfully! Points: "0"
L 06/27/2026 - 22:43:06: [l4d2_shop.smx] [LOAD]: "NINO NAKANO<64><STEAM_1:0:404273542><>" loaded the record successfully! Points: "0"
L 06/27/2026 - 22:43:08: [l4d2_shop.smx] [LOAD]: "TÍO VILCHEZ<42><STEAM_1:0:612360072><>" loaded the record successfully! Points: "8"
L 06/27/2026 - 22:47:19: -------- Mapchange to c2m4_barns --------
L 06/27/2026 - 22:47:23: [basecommands.smx] "Console<0><Console><Console>" changed cvar (cvar "sv_consistency") (value "0")
L 06/27/2026 - 22:47:23: [basecommands.smx] "Console<0><Console><Console>" changed cvar (cvar "sv_allow_lobby_connect_only") (value "0")
L 06/27/2026 - 22:47:23: [basecommands.smx] "Console<0><Console><Console>" changed cvar (cvar "sv_maxplayers") (value "8")
L 06/27/2026 - 22:47:23: [basecommands.smx] "Console<0><Console><Console>" changed cvar (cvar "sv_visiblemaxplayers") (value "-1")
L 06/27/2026 - 22:47:24: [chat-processor.smx] Message formats generated for game 'left4dead2'.
L 06/27/2026 - 22:47:24: [chat-processor.smx] Successfully hooked a SayText2 chat hook.
L 06/27/2026 - 22:47:36: [l4d2_shop.smx] [LOAD]: "[T-T]MoY<17><STEAM_1:0:511491787><>" loaded the record successfully! Points: "17"
L 06/27/2026 - 22:47:39: [l4d2_shop.smx] [LOAD]: "Patata111<55><STEAM_1:0:846756365><>" loaded the record successfully! Points: "0"
L 06/27/2026 - 22:47:39: [l4d2_shop.smx] [LOAD]: "PEPE<56><STEAM_1:1:741581416><>" loaded the record successfully! Points: "0"
L 06/27/2026 - 22:47:40: [l4d2_shop.smx] [LOAD]: "PANDITA<21><STEAM_1:1:544610071><>" loaded the record successfully! Points: "5091"
L 06/27/2026 - 22:47:42: [l4d2_shop.smx] [LOAD]: "miikee彡<30><STEAM_1:1:508949820><>" loaded the record successfully! Points: "11"
L 06/27/2026 - 22:47:44: [l4d2_shop.smx] [LOAD]: "sebasloqd21<70><STEAM_1:1:374167712><>" loaded the record successfully! Points: "0"
L 06/27/2026 - 22:47:45: [l4d2_shop.smx] [LOAD]: "NINO NAKANO<64><STEAM_1:0:404273542><>" loaded the record successfully! Points: "0"
L 06/27/2026 - 22:47:50: [l4d2_shop.smx] [LOAD]: "TÍO VILCHEZ<42><STEAM_1:0:612360072><>" loaded the record successfully! Points: "8"
L 06/27/2026 - 22:51:38: -------- Mapchange to c2m5_concert --------
L 06/27/2026 - 22:51:41: [basecommands.smx] "Console<0><Console><Console>" changed cvar (cvar "sv_consistency") (value "0")
L 06/27/2026 - 22:51:41: [basecommands.smx] "Console<0><Console><Console>" changed cvar (cvar "sv_allow_lobby_connect_only") (value "0")
L 06/27/2026 - 22:51:41: [basecommands.smx] "Console<0><Console><Console>" changed cvar (cvar "sv_maxplayers") (value "8")
L 06/27/2026 - 22:51:41: [basecommands.smx] "Console<0><Console><Console>" changed cvar (cvar "sv_visiblemaxplayers") (value "-1")
L 06/27/2026 - 22:51:41: [chat-processor.smx] Message formats generated for game 'left4dead2'.
L 06/27/2026 - 22:51:41: [chat-processor.smx] Successfully hooked a SayText2 chat hook.
L 06/27/2026 - 22:51:49: [l4d2_shop.smx] [LOAD]: "[T-T]MoY<17><STEAM_1:0:511491787><>" loaded the record successfully! Points: "17"
L 06/27/2026 - 22:51:51: [l4d2_shop.smx] [LOAD]: "Patata111<55><STEAM_1:0:846756365><>" loaded the record successfully! Points: "0"
L 06/27/2026 - 22:51:52: [l4d2_shop.smx] [LOAD]: "PEPE<56><STEAM_1:1:741581416><>" loaded the record successfully! Points: "0"
L 06/27/2026 - 22:51:52: [l4d2_shop.smx] [LOAD]: "PANDITA<21><STEAM_1:1:544610071><>" loaded the record successfully! Points: "5091"
L 06/27/2026 - 22:51:52: [l4d2_shop.smx] [LOAD]: "sebasloqd21<70><STEAM_1:1:374167712><>" loaded the record successfully! Points: "0"
L 06/27/2026 - 22:51:56: [l4d2_shop.smx] [LOAD]: "NINO NAKANO<64><STEAM_1:0:404273542><>" loaded the record successfully! Points: "0"
L 06/27/2026 - 22:52:02: [l4d2_shop.smx] [LOAD]: "TÍO VILCHEZ<42><STEAM_1:0:612360072><>" loaded the record successfully! Points: "8"
L 06/27/2026 - 22:52:40: [l4d2_shop.smx] [INSERT]: "Dragón_RZ_<129><STEAM_1:1:696842059><>" is a new user!!
L 06/27/2026 - 22:53:00: [l4d2_shop.smx] [LOAD]: "Carpihat<131><STEAM_1:0:590087847><>" loaded the record successfully! Points: "42"
L 06/27/2026 - 22:54:54: [l4d2_shop.smx] [INSERT]: "『GF』CartoonCharles<138><STEAM_1:0:545740826><>" is a new user!!
L 06/27/2026 - 23:00:42: [l4d2_shop.smx] [UPDATE]: "[T-T]MoY<17><STEAM_1:0:511491787><>" saved. Points: "65"
L 06/27/2026 - 23:00:42: [l4d2_shop.smx] UPDATE SpecialFunctions SET isEnabled = 1 WHERE steamId = 'STEAM_1:0:511491787' AND (functionNo = 'GRAY_AMMO' OR functionNo = 'BLUE_AMMO' OR functionNo = 'GOLD_AMMO')
L 06/27/2026 - 23:00:42: [l4d2_shop.smx] [UPDATE]: "PANDITA<21><STEAM_1:1:544610071><>" saved. Points: "5139"
L 06/27/2026 - 23:00:42: [l4d2_shop.smx] [UPDATE]: "NINO NAKANO<64><STEAM_1:0:404273542><>" saved. Points: "93"
L 06/27/2026 - 23:00:42: [l4d2_shop.smx] [UPDATE]: "Carpihat<131><STEAM_1:0:590087847><>" saved. Points: "95"
L 06/27/2026 - 23:00:52: -------- Mapchange to c5m1_waterfront --------
L 06/27/2026 - 23:00:56: [basecommands.smx] "Console<0><Console><Console>" changed cvar (cvar "sv_consistency") (value "0")
L 06/27/2026 - 23:00:56: [basecommands.smx] "Console<0><Console><Console>" changed cvar (cvar "sv_allow_lobby_connect_only") (value "0")
L 06/27/2026 - 23:00:56: [basecommands.smx] "Console<0><Console><Console>" changed cvar (cvar "sv_maxplayers") (value "8")
L 06/27/2026 - 23:00:56: [basecommands.smx] "Console<0><Console><Console>" changed cvar (cvar "sv_visiblemaxplayers") (value "-1")
L 06/27/2026 - 23:00:57: [chat-processor.smx] Message formats generated for game 'left4dead2'.
L 06/27/2026 - 23:00:57: [chat-processor.smx] Successfully hooked a SayText2 chat hook.
L 06/27/2026 - 23:01:09: [l4d2_shop.smx] [LOAD]: "[T-T]MoY<161><STEAM_ID_PENDING><>" loaded the record successfully! Points: "0"
L 06/27/2026 - 23:01:28: [l4d2_shop.smx] [LOAD]: "PANDITA<163><STEAM_1:1:544610071><>" loaded the record successfully! Points: "5139"
L 06/27/2026 - 23:01:28: [l4d2_shop.smx] [LOAD]: "Carpihat<164><STEAM_1:0:590087847><>" loaded the record successfully! Points: "95"
L 06/27/2026 - 23:01:32: [l4d2_shop.smx] [LOAD]: "NINO NAKANO<162><STEAM_1:0:404273542><>" loaded the record successfully! Points: "93"
L 06/27/2026 - 23:01:43: [l4d2_shop.smx] [INSERT]: "Joss3242<165><STEAM_1:0:576554270><>" is a new user!!
L 06/27/2026 - 23:02:27: [l4d2_shop.smx] [INSERT]: "0<170><STEAM_1:1:950690277><>" is a new user!!
L 06/27/2026 - 23:03:04: [l4d2_shop.smx] [LOAD]: "CoMiCCoM<175><STEAM_1:0:490866213><>" loaded the record successfully! Points: "0"
L 06/27/2026 - 23:03:41: -------- Mapchange to c5m2_park --------
L 06/27/2026 - 23:03:44: [basecommands.smx] "Console<0><Console><Console>" changed cvar (cvar "sv_consistency") (value "0")
L 06/27/2026 - 23:03:44: [basecommands.smx] "Console<0><Console><Console>" changed cvar (cvar "sv_allow_lobby_connect_only") (value "0")
L 06/27/2026 - 23:03:44: [basecommands.smx] "Console<0><Console><Console>" changed cvar (cvar "sv_maxplayers") (value "8")
L 06/27/2026 - 23:03:44: [basecommands.smx] "Console<0><Console><Console>" changed cvar (cvar "sv_visiblemaxplayers") (value "-1")
L 06/27/2026 - 23:03:44: [chat-processor.smx] Message formats generated for game 'left4dead2'.
L 06/27/2026 - 23:03:44: [chat-processor.smx] Successfully hooked a SayText2 chat hook.
L 06/27/2026 - 23:03:58: [l4d2_shop.smx] [LOAD]: "[T-T]MoY<161><STEAM_1:0:511491787><>" loaded the record successfully! Points: "65"
L 06/27/2026 - 23:03:58: [l4d2_shop.smx] [LOAD]: "CoMiCCoM<175><STEAM_1:0:490866213><>" loaded the record successfully! Points: "0"
L 06/27/2026 - 23:04:01: [l4d2_shop.smx] [LOAD]: "PANDITA<163><STEAM_1:1:544610071><>" loaded the record successfully! Points: "5139"
L 06/27/2026 - 23:04:01: [l4d2_shop.smx] [LOAD]: "Carpihat<164><STEAM_1:0:590087847><>" loaded the record successfully! Points: "95"
L 06/27/2026 - 23:04:05: [l4d2_shop.smx] [LOAD]: "NINO NAKANO<162><STEAM_1:0:404273542><>" loaded the record successfully! Points: "93"
L 06/27/2026 - 23:04:08: [l4d2_shop.smx] [LOAD]: "0<170><STEAM_1:1:950690277><>" loaded the record successfully! Points: "0"
L 06/27/2026 - 23:04:44: [l4d2_shop.smx] [INSERT]: "Mx20<185><STEAM_1:1:129038127><>" is a new user!!
L 06/27/2026 - 23:04:47: [l4d2_shop.smx] [LOAD]: "a<186><STEAM_1:1:576860752><>" loaded the record successfully! Points: "10"
L 06/27/2026 - 23:07:56: -------- Mapchange to c5m3_cemetery --------
L 06/27/2026 - 23:08:01: [basecommands.smx] "Console<0><Console><Console>" changed cvar (cvar "sv_consistency") (value "0")
L 06/27/2026 - 23:08:01: [basecommands.smx] "Console<0><Console><Console>" changed cvar (cvar "sv_allow_lobby_connect_only") (value "0")
L 06/27/2026 - 23:08:01: [basecommands.smx] "Console<0><Console><Console>" changed cvar (cvar "sv_maxplayers") (value "8")
L 06/27/2026 - 23:08:01: [basecommands.smx] "Console<0><Console><Console>" changed cvar (cvar "sv_visiblemaxplayers") (value "-1")
L 06/27/2026 - 23:08:01: [chat-processor.smx] Message formats generated for game 'left4dead2'.
L 06/27/2026 - 23:08:01: [chat-processor.smx] Successfully hooked a SayText2 chat hook.
L 06/27/2026 - 23:08:14: [l4d2_shop.smx] [LOAD]: "[T-T]MoY<161><STEAM_1:0:511491787><>" loaded the record successfully! Points: "65"
L 06/27/2026 - 23:08:14: [l4d2_shop.smx] [LOAD]: "CoMiCCoM<175><STEAM_1:0:490866213><>" loaded the record successfully! Points: "0"
L 06/27/2026 - 23:08:18: [l4d2_shop.smx] [LOAD]: "PANDITA<163><STEAM_1:1:544610071><>" loaded the record successfully! Points: "5139"
L 06/27/2026 - 23:08:21: [l4d2_shop.smx] [LOAD]: "Mx20<185><STEAM_1:1:129038127><>" loaded the record successfully! Points: "0"
L 06/27/2026 - 23:08:21: [l4d2_shop.smx] [LOAD]: "Carpihat<164><STEAM_1:0:590087847><>" loaded the record successfully! Points: "95"
L 06/27/2026 - 23:08:23: [l4d2_shop.smx] [LOAD]: "NINO NAKANO<162><STEAM_1:0:404273542><>" loaded the record successfully! Points: "93"
L 06/27/2026 - 23:08:26: [l4d2_shop.smx] [LOAD]: "0<170><STEAM_1:1:950690277><>" loaded the record successfully! Points: "0"
L 06/27/2026 - 23:12:26: [l4d2_shop.smx] [LOAD]: "Patata111<217><STEAM_1:0:846756365><>" loaded the record successfully! Points: "0"
L 06/27/2026 - 23:12:53: -------- Mapchange to c5m4_quarter --------
L 06/27/2026 - 23:12:58: [basecommands.smx] "Console<0><Console><Console>" changed cvar (cvar "sv_consistency") (value "0")
L 06/27/2026 - 23:12:58: [basecommands.smx] "Console<0><Console><Console>" changed cvar (cvar "sv_allow_lobby_connect_only") (value "0")
L 06/27/2026 - 23:12:58: [basecommands.smx] "Console<0><Console><Console>" changed cvar (cvar "sv_maxplayers") (value "8")
L 06/27/2026 - 23:12:58: [basecommands.smx] "Console<0><Console><Console>" changed cvar (cvar "sv_visiblemaxplayers") (value "-1")
L 06/27/2026 - 23:12:58: [chat-processor.smx] Message formats generated for game 'left4dead2'.
L 06/27/2026 - 23:12:58: [chat-processor.smx] Successfully hooked a SayText2 chat hook.
L 06/27/2026 - 23:13:11: [l4d2_shop.smx] [LOAD]: "[T-T]MoY<161><STEAM_1:0:511491787><>" loaded the record successfully! Points: "65"
L 06/27/2026 - 23:13:11: [l4d2_shop.smx] [LOAD]: "CoMiCCoM<175><STEAM_1:0:490866213><>" loaded the record successfully! Points: "0"
L 06/27/2026 - 23:13:13: [l4d2_shop.smx] [LOAD]: "Patata111<217><STEAM_1:0:846756365><>" loaded the record successfully! Points: "0"
L 06/27/2026 - 23:13:15: [l4d2_shop.smx] [LOAD]: "PANDITA<163><STEAM_1:1:544610071><>" loaded the record successfully! Points: "5139"
L 06/27/2026 - 23:13:17: [l4d2_shop.smx] [LOAD]: "Mx20<185><STEAM_1:1:129038127><>" loaded the record successfully! Points: "0"
L 06/27/2026 - 23:13:19: [l4d2_shop.smx] [LOAD]: "Carpihat<164><STEAM_1:0:590087847><>" loaded the record successfully! Points: "95"
L 06/27/2026 - 23:13:20: [l4d2_shop.smx] [LOAD]: "0<170><STEAM_1:1:950690277><>" loaded the record successfully! Points: "0"
L 06/27/2026 - 23:13:20: [l4d2_shop.smx] [LOAD]: "NINO NAKANO<162><STEAM_1:0:404273542><>" loaded the record successfully! Points: "93"
L 06/27/2026 - 23:18:41: -------- Mapchange to c5m5_bridge --------
L 06/27/2026 - 23:18:45: [basecommands.smx] "Console<0><Console><Console>" changed cvar (cvar "sv_consistency") (value "0")
L 06/27/2026 - 23:18:45: [basecommands.smx] "Console<0><Console><Console>" changed cvar (cvar "sv_allow_lobby_connect_only") (value "0")
L 06/27/2026 - 23:18:45: [basecommands.smx] "Console<0><Console><Console>" changed cvar (cvar "sv_maxplayers") (value "8")
L 06/27/2026 - 23:18:45: [basecommands.smx] "Console<0><Console><Console>" changed cvar (cvar "sv_visiblemaxplayers") (value "-1")
L 06/27/2026 - 23:18:45: [chat-processor.smx] Message formats generated for game 'left4dead2'.
L 06/27/2026 - 23:18:45: [chat-processor.smx] Successfully hooked a SayText2 chat hook.
L 06/27/2026 - 23:18:59: [l4d2_shop.smx] [LOAD]: "[T-T]MoY<161><STEAM_1:0:511491787><>" loaded the record successfully! Points: "65"
L 06/27/2026 - 23:18:59: [l4d2_shop.smx] [LOAD]: "CoMiCCoM<175><STEAM_1:0:490866213><>" loaded the record successfully! Points: "0"
L 06/27/2026 - 23:18:59: [l4d2_shop.smx] [LOAD]: "Patata111<217><STEAM_1:0:846756365><>" loaded the record successfully! Points: "0"
L 06/27/2026 - 23:19:02: [l4d2_shop.smx] [LOAD]: "PANDITA<163><STEAM_1:1:544610071><>" loaded the record successfully! Points: "5139"
L 06/27/2026 - 23:19:03: [l4d2_shop.smx] [LOAD]: "Mx20<185><STEAM_1:1:129038127><>" loaded the record successfully! Points: "0"
L 06/27/2026 - 23:19:05: [l4d2_shop.smx] [LOAD]: "Carpihat<164><STEAM_1:0:590087847><>" loaded the record successfully! Points: "95"
L 06/27/2026 - 23:19:06: [l4d2_shop.smx] [LOAD]: "0<170><STEAM_1:1:950690277><>" loaded the record successfully! Points: "0"
L 06/27/2026 - 23:19:08: [l4d2_shop.smx] [LOAD]: "NINO NAKANO<162><STEAM_1:0:404273542><>" loaded the record successfully! Points: "93"
L 06/27/2026 - 23:23:48: [l4d2_shop.smx] [UPDATE]: "[T-T]MoY<161><STEAM_1:0:511491787><>" saved. Points: "75"
L 06/27/2026 - 23:23:48: [l4d2_shop.smx] UPDATE SpecialFunctions SET isEnabled = 1 WHERE steamId = 'STEAM_1:0:511491787' AND (functionNo = 'GRAY_AMMO' OR functionNo = 'BLUE_AMMO' OR functionNo = 'GOLD_AMMO')
L 06/27/2026 - 23:23:48: [l4d2_shop.smx] [UPDATE]: "NINO NAKANO<162><STEAM_1:0:404273542><>" saved. Points: "103"
L 06/27/2026 - 23:23:48: [l4d2_shop.smx] [UPDATE]: "PANDITA<163><STEAM_1:1:544610071><>" saved. Points: "5149"
L 06/27/2026 - 23:23:48: [l4d2_shop.smx] [UPDATE]: "Carpihat<164><STEAM_1:0:590087847><>" saved. Points: "105"
L 06/27/2026 - 23:23:48: [l4d2_shop.smx] [UPDATE]: "CoMiCCoM<175><STEAM_1:0:490866213><>" saved. Points: "10"
L 06/27/2026 - 23:23:48: [l4d2_shop.smx] [UPDATE]: "0<170><STEAM_1:1:950690277><>" saved. Points: "10"
L 06/27/2026 - 23:23:48: [l4d2_shop.smx] [UPDATE]: "Mx20<185><STEAM_1:1:129038127><>" saved. Points: "19"
L 06/27/2026 - 23:23:48: [l4d2_shop.smx] [UPDATE]: "Patata111<217><STEAM_1:0:846756365><>" saved. Points: "10"
L 06/27/2026 - 23:28:22: Log file closed.
