L 07/24/2026 - 23:54:13: SourceMod log file session started (file "d:\steamlibrary\steamapps\common\left 4 dead 2\left4dead2\addons\sourcemod\logs\L20260724.log") (Version "1.12.0.7207")
L 07/24/2026 - 23:54:13: [GEOIP] GeoIP2 database loaded: GeoLite2-ASN (2024-08-21 08:15:21 UTC) (d:\steamlibrary\steamapps\common\left 4 dead 2\left4dead2\addons\sourcemod\configs\geoip\GeoLite2-ASN.mmdb)
L 07/24/2026 - 23:54:13: [GEOIP] GeoIP2 supported languages: en
L 07/24/2026 - 23:54:13: [GEOIP] Your database is older than 90 days. You should consider downloading a newer version from e.g. https://dev.maxmind.com/geoip/geolite2-free-geolocation-data
L 07/24/2026 - 23:54:15: [l4d_extinguisher.smx] 
==========
Warning: You should install "[L4D2] Scavenge Score Fix - Gascan Pouring" to prevent affecting the score when filling gas in Scavenge style events: https://forums.alliedmods.net/showthread.php?t=187686
==========

L 07/24/2026 - 23:54:15: [l4d_extinguisher.smx] 
==========
Warning: You should install "[L4D & L4D2] Use Priority Patch" to fix attached models blocking +USE action: https://forums.alliedmods.net/showthread.php?t=327511
==========

L 07/24/2026 - 23:54:20: [basecommands.smx] "Console<0><Console><Console>" changed cvar (cvar "sv_consistency") (value "0")
L 07/24/2026 - 23:54:20: [basecommands.smx] "Console<0><Console><Console>" changed cvar (cvar "sv_allow_lobby_connect_only") (value "0")
L 07/24/2026 - 23:54:20: [basecommands.smx] "Console<0><Console><Console>" changed cvar (cvar "sv_maxplayers") (value "8")
L 07/24/2026 - 23:54:20: [basecommands.smx] "Console<0><Console><Console>" changed cvar (cvar "sv_visiblemaxplayers") (value "-1")
L 07/24/2026 - 23:54:20: [chat-processor.smx] Message formats generated for game 'left4dead2'.
L 07/24/2026 - 23:54:20: [chat-processor.smx] Successfully hooked a SayText2 chat hook.
L 07/24/2026 - 23:54:38: [l4d2_shop.smx] [LOAD]: "[T-T]MoY<2><STEAM_1:0:511491787><>" loaded the record successfully! Points: "273"
L 07/24/2026 - 23:55:47: [l4d2_shop.smx] [INSERT]: "DpZim<6><STEAM_1:0:707488697><>" is a new user!!
L 07/24/2026 - 23:56:00: [basecommands.smx] "[T-T]MoY<2><STEAM_1:0:511491787><>" changed cvar (cvar "sv_gravity") (value "200")
L 07/24/2026 - 23:58:06: [l4d2_shop.smx] [UPDATE]: "[T-T]MoY<2><STEAM_1:0:511491787><>" saved. Points: "285"
L 07/24/2026 - 23:58:06: [l4d2_shop.smx] UPDATE SpecialFunctions SET isEnabled = 1 WHERE steamId = 'STEAM_1:0:511491787' AND (functionNo = 'GRAY_AMMO' OR functionNo = 'BLUE_AMMO' OR functionNo = 'GOLD_AMMO')
L 07/24/2026 - 23:58:06: [l4d2_shop.smx] [UPDATE]: "DpZim<6><STEAM_1:0:707488697><>" saved. Points: "6"
L 07/25/2026 - 00:00:14: Log file closed.
