L 03/15/2026 - 14:56:13: SourceMod log file session started (file "d:\steamlibrary\steamapps\common\left 4 dead 2\left4dead2\addons\sourcemod\logs\L20260315.log") (Version "1.12.0.7207")
L 03/15/2026 - 14:56:13: [GEOIP] GeoIP2 database loaded: GeoLite2-ASN (2024-08-21 08:15:21 UTC) (d:\steamlibrary\steamapps\common\left 4 dead 2\left4dead2\addons\sourcemod\configs\geoip\GeoLite2-ASN.mmdb)
L 03/15/2026 - 14:56:13: [GEOIP] GeoIP2 supported languages: en
L 03/15/2026 - 14:56:13: [GEOIP] Your database is older than 90 days. You should consider downloading a newer version from e.g. https://dev.maxmind.com/geoip/geolite2-free-geolocation-data
L 03/15/2026 - 14:56:13: [l4d2_map_rotation.smx] [Rotation] Lista cargada con 4 campañas.
L 03/15/2026 - 14:56:14: [l4d_extinguisher.smx] 
==========
Warning: You should install "[L4D2] Scavenge Score Fix - Gascan Pouring" to prevent affecting the score when filling gas in Scavenge style events: https://forums.alliedmods.net/showthread.php?t=187686
==========

L 03/15/2026 - 14:56:14: [l4d_extinguisher.smx] 
==========
Warning: You should install "[L4D & L4D2] Use Priority Patch" to fix attached models blocking +USE action: https://forums.alliedmods.net/showthread.php?t=327511
==========

L 03/15/2026 - 14:56:25: [basecommands.smx] "Console<0><Console><Console>" changed cvar (cvar "sv_consistency") (value "0")
L 03/15/2026 - 14:56:25: [basecommands.smx] "Console<0><Console><Console>" changed cvar (cvar "sv_allow_lobby_connect_only") (value "0")
L 03/15/2026 - 14:56:25: [basecommands.smx] "Console<0><Console><Console>" changed cvar (cvar "sv_maxplayers") (value "8")
L 03/15/2026 - 14:56:25: [basecommands.smx] "Console<0><Console><Console>" changed cvar (cvar "sv_visiblemaxplayers") (value "-1")
L 03/15/2026 - 14:56:25: [chat-processor.smx] Message formats generated for game 'left4dead2'.
L 03/15/2026 - 14:56:25: [chat-processor.smx] Successfully hooked a SayText2 chat hook.
L 03/15/2026 - 14:56:56: [basecommands.smx] "[T-T]MoY<2><STEAM_ID_PENDING><>" changed cvar (cvar "sv_gravity") (value "800")
L 03/15/2026 - 15:01:47: [l4d2_shop.smx] [UPDATE]: "[T-T]MoY<2><STEAM_1:0:511491787><>" saved. Points: "39"
L 03/15/2026 - 15:05:23: [l4d2_shop.smx] [UPDATE]: "[T-T]MoY<2><STEAM_1:0:511491787><>" saved. Points: "48"
L 03/15/2026 - 15:07:05: [l4d2_shop.smx] [UPDATE]: "[T-T]MoY<2><STEAM_1:0:511491787><>" saved. Points: "56"
L 03/15/2026 - 15:20:15: [basevotes.smx] "[T-T]MoY<2><STEAM_1:0:511491787><>" initiated a ban vote against "markssuellsantos<33><STEAM_1:1:912796187><>"
L 03/15/2026 - 15:20:36: [basevotes.smx] Vote successful. (Received "67" of 3 votes)
L 03/15/2026 - 15:20:36: [basevotes.smx] Vote ban successful, banned "markssuellsantos<33><STEAM_1:1:912796187><>" (minutes "30") (reason "Votebanned")
L 03/15/2026 - 15:21:49: [l4d_sm_respawn.smx] "[T-T]MoY<2><STEAM_1:0:511491787><>" teleported "gamersduo<109><STEAM_1:1:662316401><>" after respawning him
L 03/15/2026 - 15:21:49: [l4d_sm_respawn.smx] "[T-T]MoY<2><STEAM_1:0:511491787><>" teleported "lorenzo2200<110><STEAM_1:0:675103074><>" after respawning him
L 03/15/2026 - 15:25:14: -------- Mapchange to Glubtastic2_2 --------
L 03/15/2026 - 15:25:20: [basecommands.smx] "Console<0><Console><Console>" changed cvar (cvar "sv_consistency") (value "0")
L 03/15/2026 - 15:25:20: [basecommands.smx] "Console<0><Console><Console>" changed cvar (cvar "sv_allow_lobby_connect_only") (value "0")
L 03/15/2026 - 15:25:20: [basecommands.smx] "Console<0><Console><Console>" changed cvar (cvar "sv_maxplayers") (value "8")
L 03/15/2026 - 15:25:20: [basecommands.smx] "Console<0><Console><Console>" changed cvar (cvar "sv_visiblemaxplayers") (value "-1")
L 03/15/2026 - 15:25:20: [chat-processor.smx] Message formats generated for game 'left4dead2'.
L 03/15/2026 - 15:25:20: [chat-processor.smx] Successfully hooked a SayText2 chat hook.
L 03/15/2026 - 15:31:13: -------- Mapchange to Glubtastic2_3 --------
L 03/15/2026 - 15:31:17: [basecommands.smx] "Console<0><Console><Console>" changed cvar (cvar "sv_consistency") (value "0")
L 03/15/2026 - 15:31:17: [basecommands.smx] "Console<0><Console><Console>" changed cvar (cvar "sv_allow_lobby_connect_only") (value "0")
L 03/15/2026 - 15:31:17: [basecommands.smx] "Console<0><Console><Console>" changed cvar (cvar "sv_maxplayers") (value "8")
L 03/15/2026 - 15:31:17: [basecommands.smx] "Console<0><Console><Console>" changed cvar (cvar "sv_visiblemaxplayers") (value "-1")
L 03/15/2026 - 15:31:17: [chat-processor.smx] Message formats generated for game 'left4dead2'.
L 03/15/2026 - 15:31:17: [chat-processor.smx] Successfully hooked a SayText2 chat hook.
L 03/15/2026 - 15:34:55: [playercommands.smx] "[T-T]MoY<2><STEAM_1:0:511491787><>" slayed "Tank<198><BOT><>"
L 03/15/2026 - 15:34:56: [playercommands.smx] "[T-T]MoY<2><STEAM_1:0:511491787><>" slayed "(1)Tank<199><BOT><>"
L 03/15/2026 - 15:35:29: Log file closed.
L 03/15/2026 - 16:05:41: SourceMod log file session started (file "d:\steamlibrary\steamapps\common\left 4 dead 2\left4dead2\addons\sourcemod\logs\L20260315.log") (Version "1.12.0.7207")
L 03/15/2026 - 16:05:41: [GEOIP] GeoIP2 database loaded: GeoLite2-ASN (2024-08-21 08:15:21 UTC) (d:\steamlibrary\steamapps\common\left 4 dead 2\left4dead2\addons\sourcemod\configs\geoip\GeoLite2-ASN.mmdb)
L 03/15/2026 - 16:05:41: [GEOIP] GeoIP2 supported languages: en
L 03/15/2026 - 16:05:41: [GEOIP] Your database is older than 90 days. You should consider downloading a newer version from e.g. https://dev.maxmind.com/geoip/geolite2-free-geolocation-data
L 03/15/2026 - 16:05:41: [l4d2_map_rotation.smx] [Rotation] Lista cargada con 4 campañas.
L 03/15/2026 - 16:05:42: [l4d_extinguisher.smx] 
==========
Warning: You should install "[L4D2] Scavenge Score Fix - Gascan Pouring" to prevent affecting the score when filling gas in Scavenge style events: https://forums.alliedmods.net/showthread.php?t=187686
==========

L 03/15/2026 - 16:05:42: [l4d_extinguisher.smx] 
==========
Warning: You should install "[L4D & L4D2] Use Priority Patch" to fix attached models blocking +USE action: https://forums.alliedmods.net/showthread.php?t=327511
==========

L 03/15/2026 - 16:05:52: [basecommands.smx] "Console<0><Console><Console>" changed cvar (cvar "sv_consistency") (value "0")
L 03/15/2026 - 16:05:52: [basecommands.smx] "Console<0><Console><Console>" changed cvar (cvar "sv_allow_lobby_connect_only") (value "0")
L 03/15/2026 - 16:05:52: [basecommands.smx] "Console<0><Console><Console>" changed cvar (cvar "sv_maxplayers") (value "8")
L 03/15/2026 - 16:05:52: [basecommands.smx] "Console<0><Console><Console>" changed cvar (cvar "sv_visiblemaxplayers") (value "-1")
L 03/15/2026 - 16:05:53: [chat-processor.smx] Message formats generated for game 'left4dead2'.
L 03/15/2026 - 16:05:53: [chat-processor.smx] Successfully hooked a SayText2 chat hook.
L 03/15/2026 - 16:06:41: [basecommands.smx] "[T-T]MoY<2><STEAM_1:0:511491787><>" changed cvar (cvar "sv_gravity") (value "200")
L 03/15/2026 - 16:08:12: [l4d2_shop.smx] [UPDATE]: "[T-T]MoY<2><STEAM_1:0:511491787><>" saved. Points: "0"
L 03/15/2026 - 16:08:12: [l4d2_shop.smx] [UPDATE]: "BRCA<6><STEAM_1:0:170592827><>" saved. Points: "0"
L 03/15/2026 - 16:09:18: [l4d2_shop.smx] [UPDATE]: "[T-T]MoY<2><STEAM_1:0:511491787><>" saved. Points: "0"
L 03/15/2026 - 16:09:18: [l4d2_shop.smx] [UPDATE]: "BRCA<6><STEAM_1:0:170592827><>" saved. Points: "0"
L 03/15/2026 - 16:11:30: [l4d2_shop.smx] [UPDATE]: "[T-T]MoY<2><STEAM_1:0:511491787><>" saved. Points: "8"
L 03/15/2026 - 16:11:30: [l4d2_shop.smx] [UPDATE]: "BRCA<6><STEAM_1:0:170592827><>" saved. Points: "8"
L 03/15/2026 - 16:13:53: [l4d2_shop.smx] [UPDATE]: "[T-T]MoY<2><STEAM_1:0:511491787><>" saved. Points: "14"
L 03/15/2026 - 16:13:53: [l4d2_shop.smx] [UPDATE]: "BRCA<6><STEAM_1:0:170592827><>" saved. Points: "15"
L 03/15/2026 - 16:15:25: [l4d2_shop.smx] [UPDATE]: "[T-T]MoY<2><STEAM_1:0:511491787><>" saved. Points: "18"
L 03/15/2026 - 16:15:25: [l4d2_shop.smx] [UPDATE]: "BRCA<6><STEAM_1:0:170592827><>" saved. Points: "19"
L 03/15/2026 - 16:17:19: [l4d2_shop.smx] [UPDATE]: "[T-T]MoY<2><STEAM_1:0:511491787><>" saved. Points: "22"
L 03/15/2026 - 16:17:19: [l4d2_shop.smx] [UPDATE]: "BRCA<6><STEAM_1:0:170592827><>" saved. Points: "23"
L 03/15/2026 - 16:19:38: -------- Mapchange to bwm2_city --------
L 03/15/2026 - 16:19:42: [basecommands.smx] "Console<0><Console><Console>" changed cvar (cvar "sv_consistency") (value "0")
L 03/15/2026 - 16:19:42: [basecommands.smx] "Console<0><Console><Console>" changed cvar (cvar "sv_allow_lobby_connect_only") (value "0")
L 03/15/2026 - 16:19:42: [basecommands.smx] "Console<0><Console><Console>" changed cvar (cvar "sv_maxplayers") (value "8")
L 03/15/2026 - 16:19:42: [basecommands.smx] "Console<0><Console><Console>" changed cvar (cvar "sv_visiblemaxplayers") (value "-1")
L 03/15/2026 - 16:19:42: [chat-processor.smx] Message formats generated for game 'left4dead2'.
L 03/15/2026 - 16:19:42: [chat-processor.smx] Successfully hooked a SayText2 chat hook.
L 03/15/2026 - 16:23:40: [l4d2_shop.smx] [UPDATE]: "[T-T]MoY<2><STEAM_1:0:511491787><>" saved. Points: "45"
L 03/15/2026 - 16:23:40: [l4d2_shop.smx] [UPDATE]: "BRCA<6><STEAM_1:0:170592827><>" saved. Points: "41"
L 03/15/2026 - 16:27:31: -------- Mapchange to bwm3_forest --------
L 03/15/2026 - 16:27:35: [basecommands.smx] "Console<0><Console><Console>" changed cvar (cvar "sv_consistency") (value "0")
L 03/15/2026 - 16:27:35: [basecommands.smx] "Console<0><Console><Console>" changed cvar (cvar "sv_allow_lobby_connect_only") (value "0")
L 03/15/2026 - 16:27:35: [basecommands.smx] "Console<0><Console><Console>" changed cvar (cvar "sv_maxplayers") (value "8")
L 03/15/2026 - 16:27:35: [basecommands.smx] "Console<0><Console><Console>" changed cvar (cvar "sv_visiblemaxplayers") (value "-1")
L 03/15/2026 - 16:27:36: [chat-processor.smx] Message formats generated for game 'left4dead2'.
L 03/15/2026 - 16:27:36: [chat-processor.smx] Successfully hooked a SayText2 chat hook.
L 03/15/2026 - 16:30:46: -------- Mapchange to bwm4_rooftops --------
L 03/15/2026 - 16:30:51: [basecommands.smx] "Console<0><Console><Console>" changed cvar (cvar "sv_consistency") (value "0")
L 03/15/2026 - 16:30:51: [basecommands.smx] "Console<0><Console><Console>" changed cvar (cvar "sv_allow_lobby_connect_only") (value "0")
L 03/15/2026 - 16:30:51: [basecommands.smx] "Console<0><Console><Console>" changed cvar (cvar "sv_maxplayers") (value "8")
L 03/15/2026 - 16:30:51: [basecommands.smx] "Console<0><Console><Console>" changed cvar (cvar "sv_visiblemaxplayers") (value "-1")
L 03/15/2026 - 16:30:51: [chat-processor.smx] Message formats generated for game 'left4dead2'.
L 03/15/2026 - 16:30:51: [chat-processor.smx] Successfully hooked a SayText2 chat hook.
L 03/15/2026 - 16:33:39: -------- Mapchange to bwm5_bridge --------
L 03/15/2026 - 16:33:43: [basecommands.smx] "Console<0><Console><Console>" changed cvar (cvar "sv_consistency") (value "0")
L 03/15/2026 - 16:33:43: [basecommands.smx] "Console<0><Console><Console>" changed cvar (cvar "sv_allow_lobby_connect_only") (value "0")
L 03/15/2026 - 16:33:43: [basecommands.smx] "Console<0><Console><Console>" changed cvar (cvar "sv_maxplayers") (value "8")
L 03/15/2026 - 16:33:43: [basecommands.smx] "Console<0><Console><Console>" changed cvar (cvar "sv_visiblemaxplayers") (value "-1")
L 03/15/2026 - 16:33:43: [chat-processor.smx] Message formats generated for game 'left4dead2'.
L 03/15/2026 - 16:33:43: [chat-processor.smx] Successfully hooked a SayText2 chat hook.
L 03/15/2026 - 16:35:38: [l4d2_shop.smx] [UPDATE]: "[T-T]MoY<2><STEAM_1:0:511491787><>" saved. Points: "95"
L 03/15/2026 - 16:35:39: [l4d2_shop.smx] [UPDATE]: "BRCA<6><STEAM_1:0:170592827><>" saved. Points: "94"
L 03/15/2026 - 16:37:20: [l4d2_shop.smx] [UPDATE]: "[T-T]MoY<2><STEAM_1:0:511491787><>" saved. Points: "103"
L 03/15/2026 - 16:37:20: [l4d2_shop.smx] [UPDATE]: "BRCA<6><STEAM_1:0:170592827><>" saved. Points: "102"
L 03/15/2026 - 16:40:14: [basevotes.smx] "[T-T]MoY<2><STEAM_1:0:511491787><>" initiated a generic vote (question "sera que le hace?" / answers "Yes" "No").
L 03/15/2026 - 16:40:20: [l4d2_shop.smx] [UPDATE]: "[T-T]MoY<2><STEAM_1:0:511491787><>" saved. Points: "117"
L 03/15/2026 - 16:40:20: [l4d2_shop.smx] [UPDATE]: "BRCA<6><STEAM_1:0:170592827><>" saved. Points: "116"
L 03/15/2026 - 16:40:35: [basevotes.smx] Vote failed. 0% vote required. (Received "0" of 2 votes)
L 03/15/2026 - 16:43:52: -------- Mapchange to c1m1_hotel --------
L 03/15/2026 - 16:43:56: [basecommands.smx] "Console<0><Console><Console>" changed cvar (cvar "sv_consistency") (value "0")
L 03/15/2026 - 16:43:56: [basecommands.smx] "Console<0><Console><Console>" changed cvar (cvar "sv_allow_lobby_connect_only") (value "0")
L 03/15/2026 - 16:43:56: [basecommands.smx] "Console<0><Console><Console>" changed cvar (cvar "sv_maxplayers") (value "8")
L 03/15/2026 - 16:43:56: [basecommands.smx] "Console<0><Console><Console>" changed cvar (cvar "sv_visiblemaxplayers") (value "-1")
L 03/15/2026 - 16:43:56: [chat-processor.smx] Message formats generated for game 'left4dead2'.
L 03/15/2026 - 16:43:56: [chat-processor.smx] Successfully hooked a SayText2 chat hook.
L 03/15/2026 - 16:47:03: -------- Mapchange to c1m2_streets --------
L 03/15/2026 - 16:47:08: [basecommands.smx] "Console<0><Console><Console>" changed cvar (cvar "sv_consistency") (value "0")
L 03/15/2026 - 16:47:08: [basecommands.smx] "Console<0><Console><Console>" changed cvar (cvar "sv_allow_lobby_connect_only") (value "0")
L 03/15/2026 - 16:47:08: [basecommands.smx] "Console<0><Console><Console>" changed cvar (cvar "sv_maxplayers") (value "8")
L 03/15/2026 - 16:47:08: [basecommands.smx] "Console<0><Console><Console>" changed cvar (cvar "sv_visiblemaxplayers") (value "-1")
L 03/15/2026 - 16:47:08: [chat-processor.smx] Message formats generated for game 'left4dead2'.
L 03/15/2026 - 16:47:08: [chat-processor.smx] Successfully hooked a SayText2 chat hook.
L 03/15/2026 - 16:51:40: -------- Mapchange to c1m3_mall --------
L 03/15/2026 - 16:51:45: [basecommands.smx] "Console<0><Console><Console>" changed cvar (cvar "sv_consistency") (value "0")
L 03/15/2026 - 16:51:45: [basecommands.smx] "Console<0><Console><Console>" changed cvar (cvar "sv_allow_lobby_connect_only") (value "0")
L 03/15/2026 - 16:51:45: [basecommands.smx] "Console<0><Console><Console>" changed cvar (cvar "sv_maxplayers") (value "8")
L 03/15/2026 - 16:51:45: [basecommands.smx] "Console<0><Console><Console>" changed cvar (cvar "sv_visiblemaxplayers") (value "-1")
L 03/15/2026 - 16:51:45: [chat-processor.smx] Message formats generated for game 'left4dead2'.
L 03/15/2026 - 16:51:45: [chat-processor.smx] Successfully hooked a SayText2 chat hook.
L 03/15/2026 - 16:55:36: -------- Mapchange to c1m4_atrium --------
L 03/15/2026 - 16:55:41: [basecommands.smx] "Console<0><Console><Console>" changed cvar (cvar "sv_consistency") (value "0")
L 03/15/2026 - 16:55:41: [basecommands.smx] "Console<0><Console><Console>" changed cvar (cvar "sv_allow_lobby_connect_only") (value "0")
L 03/15/2026 - 16:55:41: [basecommands.smx] "Console<0><Console><Console>" changed cvar (cvar "sv_maxplayers") (value "8")
L 03/15/2026 - 16:55:41: [basecommands.smx] "Console<0><Console><Console>" changed cvar (cvar "sv_visiblemaxplayers") (value "-1")
L 03/15/2026 - 16:55:41: [chat-processor.smx] Message formats generated for game 'left4dead2'.
L 03/15/2026 - 16:55:41: [chat-processor.smx] Successfully hooked a SayText2 chat hook.
L 03/15/2026 - 16:56:59: [l4d_sm_respawn.smx] "[T-T]MoY<2><STEAM_1:0:511491787><>" teleported "CPasaron del f1<142><STEAM_1:1:814626626><>" after respawning him
L 03/15/2026 - 17:00:46: -------- Mapchange to c2m1_highway --------
L 03/15/2026 - 17:00:51: [basecommands.smx] "Console<0><Console><Console>" changed cvar (cvar "sv_consistency") (value "0")
L 03/15/2026 - 17:00:51: [basecommands.smx] "Console<0><Console><Console>" changed cvar (cvar "sv_allow_lobby_connect_only") (value "0")
L 03/15/2026 - 17:00:51: [basecommands.smx] "Console<0><Console><Console>" changed cvar (cvar "sv_maxplayers") (value "8")
L 03/15/2026 - 17:00:51: [basecommands.smx] "Console<0><Console><Console>" changed cvar (cvar "sv_visiblemaxplayers") (value "-1")
L 03/15/2026 - 17:00:51: [chat-processor.smx] Message formats generated for game 'left4dead2'.
L 03/15/2026 - 17:00:51: [chat-processor.smx] Successfully hooked a SayText2 chat hook.
L 03/15/2026 - 17:04:35: -------- Mapchange to c2m2_fairgrounds --------
L 03/15/2026 - 17:04:39: [basecommands.smx] "Console<0><Console><Console>" changed cvar (cvar "sv_consistency") (value "0")
L 03/15/2026 - 17:04:39: [basecommands.smx] "Console<0><Console><Console>" changed cvar (cvar "sv_allow_lobby_connect_only") (value "0")
L 03/15/2026 - 17:04:39: [basecommands.smx] "Console<0><Console><Console>" changed cvar (cvar "sv_maxplayers") (value "8")
L 03/15/2026 - 17:04:39: [basecommands.smx] "Console<0><Console><Console>" changed cvar (cvar "sv_visiblemaxplayers") (value "-1")
L 03/15/2026 - 17:04:40: [chat-processor.smx] Message formats generated for game 'left4dead2'.
L 03/15/2026 - 17:04:40: [chat-processor.smx] Successfully hooked a SayText2 chat hook.
L 03/15/2026 - 17:08:19: -------- Mapchange to c2m3_coaster --------
L 03/15/2026 - 17:08:24: [basecommands.smx] "Console<0><Console><Console>" changed cvar (cvar "sv_consistency") (value "0")
L 03/15/2026 - 17:08:24: [basecommands.smx] "Console<0><Console><Console>" changed cvar (cvar "sv_allow_lobby_connect_only") (value "0")
L 03/15/2026 - 17:08:24: [basecommands.smx] "Console<0><Console><Console>" changed cvar (cvar "sv_maxplayers") (value "8")
L 03/15/2026 - 17:08:24: [basecommands.smx] "Console<0><Console><Console>" changed cvar (cvar "sv_visiblemaxplayers") (value "-1")
L 03/15/2026 - 17:08:24: [chat-processor.smx] Message formats generated for game 'left4dead2'.
L 03/15/2026 - 17:08:24: [chat-processor.smx] Successfully hooked a SayText2 chat hook.
L 03/15/2026 - 17:13:20: -------- Mapchange to c2m4_barns --------
L 03/15/2026 - 17:13:24: [basecommands.smx] "Console<0><Console><Console>" changed cvar (cvar "sv_consistency") (value "0")
L 03/15/2026 - 17:13:24: [basecommands.smx] "Console<0><Console><Console>" changed cvar (cvar "sv_allow_lobby_connect_only") (value "0")
L 03/15/2026 - 17:13:24: [basecommands.smx] "Console<0><Console><Console>" changed cvar (cvar "sv_maxplayers") (value "8")
L 03/15/2026 - 17:13:24: [basecommands.smx] "Console<0><Console><Console>" changed cvar (cvar "sv_visiblemaxplayers") (value "-1")
L 03/15/2026 - 17:13:25: [chat-processor.smx] Message formats generated for game 'left4dead2'.
L 03/15/2026 - 17:13:25: [chat-processor.smx] Successfully hooked a SayText2 chat hook.
L 03/15/2026 - 17:16:25: -------- Mapchange to c2m5_concert --------
L 03/15/2026 - 17:16:29: [basecommands.smx] "Console<0><Console><Console>" changed cvar (cvar "sv_consistency") (value "0")
L 03/15/2026 - 17:16:29: [basecommands.smx] "Console<0><Console><Console>" changed cvar (cvar "sv_allow_lobby_connect_only") (value "0")
L 03/15/2026 - 17:16:29: [basecommands.smx] "Console<0><Console><Console>" changed cvar (cvar "sv_maxplayers") (value "8")
L 03/15/2026 - 17:16:29: [basecommands.smx] "Console<0><Console><Console>" changed cvar (cvar "sv_visiblemaxplayers") (value "-1")
L 03/15/2026 - 17:16:29: [chat-processor.smx] Message formats generated for game 'left4dead2'.
L 03/15/2026 - 17:16:29: [chat-processor.smx] Successfully hooked a SayText2 chat hook.
L 03/15/2026 - 17:17:05: [l4d_sm_respawn.smx] "[T-T]MoY<2><STEAM_1:0:511491787><>" teleported "BRCA<6><STEAM_1:0:170592827><>" after respawning him
L 03/15/2026 - 17:17:40: [l4d_sm_respawn.smx] "[T-T]MoY<2><STEAM_1:0:511491787><>" teleported "[T-T]MoY<2><STEAM_1:0:511491787><>" after respawning him
L 03/15/2026 - 17:17:40: [l4d_sm_respawn.smx] "[T-T]MoY<2><STEAM_1:0:511491787><>" teleported "Zeth :]<173><STEAM_1:1:608271154><>" after respawning him
L 03/15/2026 - 17:17:40: [l4d_sm_respawn.smx] "[T-T]MoY<2><STEAM_1:0:511491787><>" teleported "BRCA<6><STEAM_1:0:170592827><>" after respawning him
L 03/15/2026 - 17:17:40: [l4d_sm_respawn.smx] "[T-T]MoY<2><STEAM_1:0:511491787><>" teleported "ALAN-GOKU<239><STEAM_1:0:621231682><>" after respawning him
L 03/15/2026 - 17:20:46: [funcommands.smx] "[T-T]MoY<2><STEAM_1:0:511491787><>" set a FireBomb on "[T-T]MoY<2><STEAM_1:0:511491787><>"
L 03/15/2026 - 17:21:06: [l4d_sm_respawn.smx] "[T-T]MoY<2><STEAM_1:0:511491787><>" teleported "Zeth :]<173><STEAM_1:1:608271154><>" after respawning him
L 03/15/2026 - 17:22:45: [l4d2_shop.smx] [Buy]: "Ghøst_Recøn501<244><STEAM_1:0:197754918><>" bought "pain_pills" (price: "43"), remaining points: "30"
L 03/15/2026 - 17:23:04: [l4d_sm_respawn.smx] "[T-T]MoY<2><STEAM_1:0:511491787><>" teleported "BRCA<6><STEAM_1:0:170592827><>" after respawning him
L 03/15/2026 - 17:23:13: [l4d_sm_respawn.smx] "[T-T]MoY<2><STEAM_1:0:511491787><>" teleported "BRCA<6><STEAM_1:0:170592827><>" after respawning him
L 03/15/2026 - 17:23:44: [l4d_sm_respawn.smx] "[T-T]MoY<2><STEAM_1:0:511491787><>" teleported "BRCA<6><STEAM_1:0:170592827><>" after respawning him
L 03/15/2026 - 17:24:46: [l4d_sm_respawn.smx] "[T-T]MoY<2><STEAM_1:0:511491787><>" teleported "Zeth :]<173><STEAM_1:1:608271154><>" after respawning him
L 03/15/2026 - 17:24:46: [l4d_sm_respawn.smx] "[T-T]MoY<2><STEAM_1:0:511491787><>" teleported "BRCA<6><STEAM_1:0:170592827><>" after respawning him
L 03/15/2026 - 17:25:15: [l4d_sm_respawn.smx] "[T-T]MoY<2><STEAM_1:0:511491787><>" teleported "BRCA<6><STEAM_1:0:170592827><>" after respawning him
L 03/15/2026 - 17:26:13: -------- Mapchange to c5m1_waterfront --------
L 03/15/2026 - 17:26:17: [basecommands.smx] "Console<0><Console><Console>" changed cvar (cvar "sv_consistency") (value "0")
L 03/15/2026 - 17:26:17: [basecommands.smx] "Console<0><Console><Console>" changed cvar (cvar "sv_allow_lobby_connect_only") (value "0")
L 03/15/2026 - 17:26:17: [basecommands.smx] "Console<0><Console><Console>" changed cvar (cvar "sv_maxplayers") (value "8")
L 03/15/2026 - 17:26:17: [basecommands.smx] "Console<0><Console><Console>" changed cvar (cvar "sv_visiblemaxplayers") (value "-1")
L 03/15/2026 - 17:26:17: [chat-processor.smx] Message formats generated for game 'left4dead2'.
L 03/15/2026 - 17:26:17: [chat-processor.smx] Successfully hooked a SayText2 chat hook.
L 03/15/2026 - 17:28:22: -------- Mapchange to c5m2_park --------
L 03/15/2026 - 17:28:27: [basecommands.smx] "Console<0><Console><Console>" changed cvar (cvar "sv_consistency") (value "0")
L 03/15/2026 - 17:28:27: [basecommands.smx] "Console<0><Console><Console>" changed cvar (cvar "sv_allow_lobby_connect_only") (value "0")
L 03/15/2026 - 17:28:27: [basecommands.smx] "Console<0><Console><Console>" changed cvar (cvar "sv_maxplayers") (value "8")
L 03/15/2026 - 17:28:27: [basecommands.smx] "Console<0><Console><Console>" changed cvar (cvar "sv_visiblemaxplayers") (value "-1")
L 03/15/2026 - 17:28:27: [chat-processor.smx] Message formats generated for game 'left4dead2'.
L 03/15/2026 - 17:28:27: [chat-processor.smx] Successfully hooked a SayText2 chat hook.
L 03/15/2026 - 17:32:10: -------- Mapchange to c5m3_cemetery --------
L 03/15/2026 - 17:32:14: [basecommands.smx] "Console<0><Console><Console>" changed cvar (cvar "sv_consistency") (value "0")
L 03/15/2026 - 17:32:14: [basecommands.smx] "Console<0><Console><Console>" changed cvar (cvar "sv_allow_lobby_connect_only") (value "0")
L 03/15/2026 - 17:32:14: [basecommands.smx] "Console<0><Console><Console>" changed cvar (cvar "sv_maxplayers") (value "8")
L 03/15/2026 - 17:32:14: [basecommands.smx] "Console<0><Console><Console>" changed cvar (cvar "sv_visiblemaxplayers") (value "-1")
L 03/15/2026 - 17:32:15: [chat-processor.smx] Message formats generated for game 'left4dead2'.
L 03/15/2026 - 17:32:15: [chat-processor.smx] Successfully hooked a SayText2 chat hook.
L 03/15/2026 - 17:35:59: [l4d2_shop.smx] [UPDATE]: "[T-T]MoY<2><STEAM_1:0:511491787><>" saved. Points: "305"
L 03/15/2026 - 17:35:59: [l4d2_shop.smx] [UPDATE]: "BRCA<6><STEAM_1:0:170592827><>" saved. Points: "412"
L 03/15/2026 - 17:40:48: -------- Mapchange to c5m4_quarter --------
L 03/15/2026 - 17:40:53: [basecommands.smx] "Console<0><Console><Console>" changed cvar (cvar "sv_consistency") (value "0")
L 03/15/2026 - 17:40:53: [basecommands.smx] "Console<0><Console><Console>" changed cvar (cvar "sv_allow_lobby_connect_only") (value "0")
L 03/15/2026 - 17:40:53: [basecommands.smx] "Console<0><Console><Console>" changed cvar (cvar "sv_maxplayers") (value "8")
L 03/15/2026 - 17:40:53: [basecommands.smx] "Console<0><Console><Console>" changed cvar (cvar "sv_visiblemaxplayers") (value "-1")
L 03/15/2026 - 17:40:53: [chat-processor.smx] Message formats generated for game 'left4dead2'.
L 03/15/2026 - 17:40:53: [chat-processor.smx] Successfully hooked a SayText2 chat hook.
L 03/15/2026 - 17:44:43: -------- Mapchange to c5m5_bridge --------
L 03/15/2026 - 17:44:48: [basecommands.smx] "Console<0><Console><Console>" changed cvar (cvar "sv_consistency") (value "0")
L 03/15/2026 - 17:44:48: [basecommands.smx] "Console<0><Console><Console>" changed cvar (cvar "sv_allow_lobby_connect_only") (value "0")
L 03/15/2026 - 17:44:48: [basecommands.smx] "Console<0><Console><Console>" changed cvar (cvar "sv_maxplayers") (value "8")
L 03/15/2026 - 17:44:48: [basecommands.smx] "Console<0><Console><Console>" changed cvar (cvar "sv_visiblemaxplayers") (value "-1")
L 03/15/2026 - 17:44:49: [chat-processor.smx] Message formats generated for game 'left4dead2'.
L 03/15/2026 - 17:44:49: [chat-processor.smx] Successfully hooked a SayText2 chat hook.
L 03/15/2026 - 17:49:00: -------- Mapchange to c13m1_alpinecreek --------
L 03/15/2026 - 17:49:04: [basecommands.smx] "Console<0><Console><Console>" changed cvar (cvar "sv_consistency") (value "0")
L 03/15/2026 - 17:49:04: [basecommands.smx] "Console<0><Console><Console>" changed cvar (cvar "sv_allow_lobby_connect_only") (value "0")
L 03/15/2026 - 17:49:04: [basecommands.smx] "Console<0><Console><Console>" changed cvar (cvar "sv_maxplayers") (value "8")
L 03/15/2026 - 17:49:04: [basecommands.smx] "Console<0><Console><Console>" changed cvar (cvar "sv_visiblemaxplayers") (value "-1")
L 03/15/2026 - 17:49:05: [chat-processor.smx] Message formats generated for game 'left4dead2'.
L 03/15/2026 - 17:49:05: [chat-processor.smx] Successfully hooked a SayText2 chat hook.
L 03/15/2026 - 17:52:17: -------- Mapchange to c13m2_southpinestream --------
L 03/15/2026 - 17:52:22: [basecommands.smx] "Console<0><Console><Console>" changed cvar (cvar "sv_consistency") (value "0")
L 03/15/2026 - 17:52:22: [basecommands.smx] "Console<0><Console><Console>" changed cvar (cvar "sv_allow_lobby_connect_only") (value "0")
L 03/15/2026 - 17:52:22: [basecommands.smx] "Console<0><Console><Console>" changed cvar (cvar "sv_maxplayers") (value "8")
L 03/15/2026 - 17:52:22: [basecommands.smx] "Console<0><Console><Console>" changed cvar (cvar "sv_visiblemaxplayers") (value "-1")
L 03/15/2026 - 17:52:22: [chat-processor.smx] Message formats generated for game 'left4dead2'.
L 03/15/2026 - 17:52:22: [chat-processor.smx] Successfully hooked a SayText2 chat hook.
L 03/15/2026 - 17:55:49: -------- Mapchange to c13m3_memorialbridge --------
L 03/15/2026 - 17:55:53: [basecommands.smx] "Console<0><Console><Console>" changed cvar (cvar "sv_consistency") (value "0")
L 03/15/2026 - 17:55:53: [basecommands.smx] "Console<0><Console><Console>" changed cvar (cvar "sv_allow_lobby_connect_only") (value "0")
L 03/15/2026 - 17:55:53: [basecommands.smx] "Console<0><Console><Console>" changed cvar (cvar "sv_maxplayers") (value "8")
L 03/15/2026 - 17:55:53: [basecommands.smx] "Console<0><Console><Console>" changed cvar (cvar "sv_visiblemaxplayers") (value "-1")
L 03/15/2026 - 17:55:53: [chat-processor.smx] Message formats generated for game 'left4dead2'.
L 03/15/2026 - 17:55:53: [chat-processor.smx] Successfully hooked a SayText2 chat hook.
L 03/15/2026 - 17:59:55: -------- Mapchange to c13m4_cutthroatcreek --------
L 03/15/2026 - 18:00:00: [basecommands.smx] "Console<0><Console><Console>" changed cvar (cvar "sv_consistency") (value "0")
L 03/15/2026 - 18:00:00: [basecommands.smx] "Console<0><Console><Console>" changed cvar (cvar "sv_allow_lobby_connect_only") (value "0")
L 03/15/2026 - 18:00:00: [basecommands.smx] "Console<0><Console><Console>" changed cvar (cvar "sv_maxplayers") (value "8")
L 03/15/2026 - 18:00:00: [basecommands.smx] "Console<0><Console><Console>" changed cvar (cvar "sv_visiblemaxplayers") (value "-1")
L 03/15/2026 - 18:00:00: [chat-processor.smx] Message formats generated for game 'left4dead2'.
L 03/15/2026 - 18:00:00: [chat-processor.smx] Successfully hooked a SayText2 chat hook.
L 03/15/2026 - 18:04:28: Log file closed.
