L 01/13/2026 - 21:40:05: SourceMod log file session started (file "d:\steamlibrary\steamapps\common\left 4 dead 2\left4dead2\addons\sourcemod\logs\L20260113.log") (Version "1.12.0.7207")
L 01/13/2026 - 21:40:05: [GEOIP] GeoIP2 database loaded: GeoLite2-ASN (2024-08-21 08:15:21 UTC) (d:\steamlibrary\steamapps\common\left 4 dead 2\left4dead2\addons\sourcemod\configs\geoip\GeoLite2-ASN.mmdb)
L 01/13/2026 - 21:40:05: [GEOIP] GeoIP2 supported languages: en
L 01/13/2026 - 21:40:05: [GEOIP] Your database is older than 90 days. You should consider downloading a newer version from e.g. https://dev.maxmind.com/geoip/geolite2-free-geolocation-data
L 01/13/2026 - 21:40:14: [basecommands.smx] "Console<0><Console><Console>" changed cvar (cvar "sv_consistency") (value "0")
L 01/13/2026 - 21:40:14: [basecommands.smx] "Console<0><Console><Console>" changed cvar (cvar "sv_allow_lobby_connect_only") (value "0")
L 01/13/2026 - 21:40:14: [basecommands.smx] "Console<0><Console><Console>" changed cvar (cvar "sv_maxplayers") (value "8")
L 01/13/2026 - 21:40:14: [basecommands.smx] "Console<0><Console><Console>" changed cvar (cvar "sv_visiblemaxplayers") (value "-1")
L 01/13/2026 - 21:40:15: [chat-processor.smx] Message formats generated for game 'left4dead2'.
L 01/13/2026 - 21:40:15: [chat-processor.smx] Successfully hooked a SayText2 chat hook.
L 01/13/2026 - 21:41:11: [basecommands.smx] "[T-T]MoY<2><STEAM_1:0:511491787><>" changed cvar (cvar "sv_gravity") (value "200")
L 01/13/2026 - 21:45:18: -------- Mapchange to c1m2_streets --------
L 01/13/2026 - 21:45:21: [basecommands.smx] "Console<0><Console><Console>" changed cvar (cvar "sv_consistency") (value "0")
L 01/13/2026 - 21:45:21: [basecommands.smx] "Console<0><Console><Console>" changed cvar (cvar "sv_allow_lobby_connect_only") (value "0")
L 01/13/2026 - 21:45:21: [basecommands.smx] "Console<0><Console><Console>" changed cvar (cvar "sv_maxplayers") (value "8")
L 01/13/2026 - 21:45:21: [basecommands.smx] "Console<0><Console><Console>" changed cvar (cvar "sv_visiblemaxplayers") (value "-1")
L 01/13/2026 - 21:45:22: [chat-processor.smx] Message formats generated for game 'left4dead2'.
L 01/13/2026 - 21:45:22: [chat-processor.smx] Successfully hooked a SayText2 chat hook.
L 01/13/2026 - 21:52:46: -------- Mapchange to c1m3_mall --------
L 01/13/2026 - 21:52:49: [basecommands.smx] "Console<0><Console><Console>" changed cvar (cvar "sv_consistency") (value "0")
L 01/13/2026 - 21:52:49: [basecommands.smx] "Console<0><Console><Console>" changed cvar (cvar "sv_allow_lobby_connect_only") (value "0")
L 01/13/2026 - 21:52:49: [basecommands.smx] "Console<0><Console><Console>" changed cvar (cvar "sv_maxplayers") (value "8")
L 01/13/2026 - 21:52:49: [basecommands.smx] "Console<0><Console><Console>" changed cvar (cvar "sv_visiblemaxplayers") (value "-1")
L 01/13/2026 - 21:52:50: [chat-processor.smx] Message formats generated for game 'left4dead2'.
L 01/13/2026 - 21:52:50: [chat-processor.smx] Successfully hooked a SayText2 chat hook.
L 01/13/2026 - 21:57:08: -------- Mapchange to c1m4_atrium --------
L 01/13/2026 - 21:57:11: [basecommands.smx] "Console<0><Console><Console>" changed cvar (cvar "sv_consistency") (value "0")
L 01/13/2026 - 21:57:11: [basecommands.smx] "Console<0><Console><Console>" changed cvar (cvar "sv_allow_lobby_connect_only") (value "0")
L 01/13/2026 - 21:57:11: [basecommands.smx] "Console<0><Console><Console>" changed cvar (cvar "sv_maxplayers") (value "8")
L 01/13/2026 - 21:57:11: [basecommands.smx] "Console<0><Console><Console>" changed cvar (cvar "sv_visiblemaxplayers") (value "-1")
L 01/13/2026 - 21:57:12: [chat-processor.smx] Message formats generated for game 'left4dead2'.
L 01/13/2026 - 21:57:12: [chat-processor.smx] Successfully hooked a SayText2 chat hook.
L 01/13/2026 - 21:58:45: [l4d_sm_respawn.smx] "[T-T]MoY<2><STEAM_1:0:511491787><>" teleported "AlejoI03<50><STEAM_1:1:567258799><>" after respawning him
L 01/13/2026 - 21:58:45: [l4d_sm_respawn.smx] "[T-T]MoY<2><STEAM_1:0:511491787><>" teleported "Tyrone<82><STEAM_1:1:442139655><>" after respawning him
L 01/13/2026 - 22:02:08: [basecommands.smx] "[T-T]MoY<2><STEAM_1:0:511491787><>" changed map to "c2m1_highway"
L 01/13/2026 - 22:02:11: [SM] Changed map to "c2m1_highway"
L 01/13/2026 - 22:02:13: -------- Mapchange to c2m1_highway --------
L 01/13/2026 - 22:02:17: [basecommands.smx] "Console<0><Console><Console>" changed cvar (cvar "sv_consistency") (value "0")
L 01/13/2026 - 22:02:17: [basecommands.smx] "Console<0><Console><Console>" changed cvar (cvar "sv_allow_lobby_connect_only") (value "0")
L 01/13/2026 - 22:02:17: [basecommands.smx] "Console<0><Console><Console>" changed cvar (cvar "sv_maxplayers") (value "8")
L 01/13/2026 - 22:02:17: [basecommands.smx] "Console<0><Console><Console>" changed cvar (cvar "sv_visiblemaxplayers") (value "-1")
L 01/13/2026 - 22:02:17: [chat-processor.smx] Message formats generated for game 'left4dead2'.
L 01/13/2026 - 22:02:17: [chat-processor.smx] Successfully hooked a SayText2 chat hook.
L 01/13/2026 - 22:07:37: -------- Mapchange to c2m2_fairgrounds --------
L 01/13/2026 - 22:07:40: [basecommands.smx] "Console<0><Console><Console>" changed cvar (cvar "sv_consistency") (value "0")
L 01/13/2026 - 22:07:40: [basecommands.smx] "Console<0><Console><Console>" changed cvar (cvar "sv_allow_lobby_connect_only") (value "0")
L 01/13/2026 - 22:07:40: [basecommands.smx] "Console<0><Console><Console>" changed cvar (cvar "sv_maxplayers") (value "8")
L 01/13/2026 - 22:07:40: [basecommands.smx] "Console<0><Console><Console>" changed cvar (cvar "sv_visiblemaxplayers") (value "-1")
L 01/13/2026 - 22:07:41: [chat-processor.smx] Message formats generated for game 'left4dead2'.
L 01/13/2026 - 22:07:41: [chat-processor.smx] Successfully hooked a SayText2 chat hook.
L 01/13/2026 - 22:15:59: -------- Mapchange to c2m3_coaster --------
L 01/13/2026 - 22:16:03: [basecommands.smx] "Console<0><Console><Console>" changed cvar (cvar "sv_consistency") (value "0")
L 01/13/2026 - 22:16:03: [basecommands.smx] "Console<0><Console><Console>" changed cvar (cvar "sv_allow_lobby_connect_only") (value "0")
L 01/13/2026 - 22:16:03: [basecommands.smx] "Console<0><Console><Console>" changed cvar (cvar "sv_maxplayers") (value "8")
L 01/13/2026 - 22:16:03: [basecommands.smx] "Console<0><Console><Console>" changed cvar (cvar "sv_visiblemaxplayers") (value "-1")
L 01/13/2026 - 22:16:03: [chat-processor.smx] Message formats generated for game 'left4dead2'.
L 01/13/2026 - 22:16:03: [chat-processor.smx] Successfully hooked a SayText2 chat hook.
L 01/13/2026 - 22:21:29: -------- Mapchange to c2m4_barns --------
L 01/13/2026 - 22:21:33: [basecommands.smx] "Console<0><Console><Console>" changed cvar (cvar "sv_consistency") (value "0")
L 01/13/2026 - 22:21:33: [basecommands.smx] "Console<0><Console><Console>" changed cvar (cvar "sv_allow_lobby_connect_only") (value "0")
L 01/13/2026 - 22:21:33: [basecommands.smx] "Console<0><Console><Console>" changed cvar (cvar "sv_maxplayers") (value "8")
L 01/13/2026 - 22:21:33: [basecommands.smx] "Console<0><Console><Console>" changed cvar (cvar "sv_visiblemaxplayers") (value "-1")
L 01/13/2026 - 22:21:33: [chat-processor.smx] Message formats generated for game 'left4dead2'.
L 01/13/2026 - 22:21:33: [chat-processor.smx] Successfully hooked a SayText2 chat hook.
L 01/13/2026 - 22:25:27: -------- Mapchange to c2m5_concert --------
L 01/13/2026 - 22:25:30: [basecommands.smx] "Console<0><Console><Console>" changed cvar (cvar "sv_consistency") (value "0")
L 01/13/2026 - 22:25:30: [basecommands.smx] "Console<0><Console><Console>" changed cvar (cvar "sv_allow_lobby_connect_only") (value "0")
L 01/13/2026 - 22:25:30: [basecommands.smx] "Console<0><Console><Console>" changed cvar (cvar "sv_maxplayers") (value "8")
L 01/13/2026 - 22:25:30: [basecommands.smx] "Console<0><Console><Console>" changed cvar (cvar "sv_visiblemaxplayers") (value "-1")
L 01/13/2026 - 22:25:31: [chat-processor.smx] Message formats generated for game 'left4dead2'.
L 01/13/2026 - 22:25:31: [chat-processor.smx] Successfully hooked a SayText2 chat hook.
L 01/13/2026 - 22:29:05: [l4d_sm_respawn.smx] "[T-T]MoY<2><STEAM_1:0:511491787><>" teleported "Tyrone<82><STEAM_1:1:442139655><>" after respawning him
L 01/13/2026 - 22:31:05: [l4d_sm_respawn.smx] "[T-T]MoY<2><STEAM_1:0:511491787><>" teleported "AlejoI03<50><STEAM_1:1:567258799><>" after respawning him
L 01/13/2026 - 22:31:30: [l4d_sm_respawn.smx] "[T-T]MoY<2><STEAM_1:0:511491787><>" teleported "Mushu<94><STEAM_1:0:449848973><>" after respawning him
L 01/13/2026 - 22:31:51: [l4d_sm_respawn.smx] "[T-T]MoY<2><STEAM_1:0:511491787><>" teleported "AlejoI03<50><STEAM_1:1:567258799><>" after respawning him
L 01/13/2026 - 22:32:08: [l4d_sm_respawn.smx] "[T-T]MoY<2><STEAM_1:0:511491787><>" teleported "JERRY SAN<7><STEAM_1:0:515399578><>" after respawning him
L 01/13/2026 - 22:34:01: [basecommands.smx] "[T-T]MoY<2><STEAM_1:0:511491787><>" changed map to "c6m2_bedlam"
L 01/13/2026 - 22:34:04: [SM] Changed map to "c6m2_bedlam"
L 01/13/2026 - 22:34:06: -------- Mapchange to c6m2_bedlam --------
L 01/13/2026 - 22:34:10: [basecommands.smx] "Console<0><Console><Console>" changed cvar (cvar "sv_consistency") (value "0")
L 01/13/2026 - 22:34:10: [basecommands.smx] "Console<0><Console><Console>" changed cvar (cvar "sv_allow_lobby_connect_only") (value "0")
L 01/13/2026 - 22:34:10: [basecommands.smx] "Console<0><Console><Console>" changed cvar (cvar "sv_maxplayers") (value "8")
L 01/13/2026 - 22:34:10: [basecommands.smx] "Console<0><Console><Console>" changed cvar (cvar "sv_visiblemaxplayers") (value "-1")
L 01/13/2026 - 22:34:10: [chat-processor.smx] Message formats generated for game 'left4dead2'.
L 01/13/2026 - 22:34:10: [chat-processor.smx] Successfully hooked a SayText2 chat hook.
L 01/13/2026 - 22:38:28: [basecommands.smx] "[T-T]MoY<2><STEAM_1:0:511491787><>" changed map to "c5m1_waterfront"
L 01/13/2026 - 22:38:31: [SM] Changed map to "c5m1_waterfront"
L 01/13/2026 - 22:38:33: -------- Mapchange to c5m1_waterfront --------
L 01/13/2026 - 22:38:36: [basecommands.smx] "Console<0><Console><Console>" changed cvar (cvar "sv_consistency") (value "0")
L 01/13/2026 - 22:38:36: [basecommands.smx] "Console<0><Console><Console>" changed cvar (cvar "sv_allow_lobby_connect_only") (value "0")
L 01/13/2026 - 22:38:36: [basecommands.smx] "Console<0><Console><Console>" changed cvar (cvar "sv_maxplayers") (value "8")
L 01/13/2026 - 22:38:36: [basecommands.smx] "Console<0><Console><Console>" changed cvar (cvar "sv_visiblemaxplayers") (value "-1")
L 01/13/2026 - 22:38:36: [chat-processor.smx] Message formats generated for game 'left4dead2'.
L 01/13/2026 - 22:38:36: [chat-processor.smx] Successfully hooked a SayText2 chat hook.
L 01/13/2026 - 22:39:22: [l4d_sm_respawn.smx] "[T-T]MoY<2><STEAM_1:0:511491787><>" teleported "Tyrone<82><STEAM_1:1:442139655><>" after respawning him
L 01/13/2026 - 22:41:30: -------- Mapchange to c5m2_park --------
L 01/13/2026 - 22:41:34: [basecommands.smx] "Console<0><Console><Console>" changed cvar (cvar "sv_consistency") (value "0")
L 01/13/2026 - 22:41:34: [basecommands.smx] "Console<0><Console><Console>" changed cvar (cvar "sv_allow_lobby_connect_only") (value "0")
L 01/13/2026 - 22:41:34: [basecommands.smx] "Console<0><Console><Console>" changed cvar (cvar "sv_maxplayers") (value "8")
L 01/13/2026 - 22:41:34: [basecommands.smx] "Console<0><Console><Console>" changed cvar (cvar "sv_visiblemaxplayers") (value "-1")
L 01/13/2026 - 22:41:34: [chat-processor.smx] Message formats generated for game 'left4dead2'.
L 01/13/2026 - 22:41:34: [chat-processor.smx] Successfully hooked a SayText2 chat hook.
L 01/13/2026 - 22:46:11: -------- Mapchange to c5m3_cemetery --------
L 01/13/2026 - 22:46:15: [basecommands.smx] "Console<0><Console><Console>" changed cvar (cvar "sv_consistency") (value "0")
L 01/13/2026 - 22:46:15: [basecommands.smx] "Console<0><Console><Console>" changed cvar (cvar "sv_allow_lobby_connect_only") (value "0")
L 01/13/2026 - 22:46:15: [basecommands.smx] "Console<0><Console><Console>" changed cvar (cvar "sv_maxplayers") (value "8")
L 01/13/2026 - 22:46:15: [basecommands.smx] "Console<0><Console><Console>" changed cvar (cvar "sv_visiblemaxplayers") (value "-1")
L 01/13/2026 - 22:46:16: [chat-processor.smx] Message formats generated for game 'left4dead2'.
L 01/13/2026 - 22:46:16: [chat-processor.smx] Successfully hooked a SayText2 chat hook.
L 01/13/2026 - 22:53:45: -------- Mapchange to c5m4_quarter --------
L 01/13/2026 - 22:53:49: [basecommands.smx] "Console<0><Console><Console>" changed cvar (cvar "sv_consistency") (value "0")
L 01/13/2026 - 22:53:49: [basecommands.smx] "Console<0><Console><Console>" changed cvar (cvar "sv_allow_lobby_connect_only") (value "0")
L 01/13/2026 - 22:53:49: [basecommands.smx] "Console<0><Console><Console>" changed cvar (cvar "sv_maxplayers") (value "8")
L 01/13/2026 - 22:53:49: [basecommands.smx] "Console<0><Console><Console>" changed cvar (cvar "sv_visiblemaxplayers") (value "-1")
L 01/13/2026 - 22:53:49: [chat-processor.smx] Message formats generated for game 'left4dead2'.
L 01/13/2026 - 22:53:50: [chat-processor.smx] Successfully hooked a SayText2 chat hook.
L 01/13/2026 - 23:04:30: -------- Mapchange to c5m5_bridge --------
L 01/13/2026 - 23:04:35: [basecommands.smx] "Console<0><Console><Console>" changed cvar (cvar "sv_consistency") (value "0")
L 01/13/2026 - 23:04:35: [basecommands.smx] "Console<0><Console><Console>" changed cvar (cvar "sv_allow_lobby_connect_only") (value "0")
L 01/13/2026 - 23:04:35: [basecommands.smx] "Console<0><Console><Console>" changed cvar (cvar "sv_maxplayers") (value "8")
L 01/13/2026 - 23:04:35: [basecommands.smx] "Console<0><Console><Console>" changed cvar (cvar "sv_visiblemaxplayers") (value "-1")
L 01/13/2026 - 23:04:35: [chat-processor.smx] Message formats generated for game 'left4dead2'.
L 01/13/2026 - 23:04:35: [chat-processor.smx] Successfully hooked a SayText2 chat hook.
L 01/13/2026 - 23:09:31: [basecommands.smx] "[T-T]MoY<2><STEAM_1:0:511491787><>" changed map to "c13m1_alpinecreek"
L 01/13/2026 - 23:09:34: [SM] Changed map to "c13m1_alpinecreek"
L 01/13/2026 - 23:09:36: -------- Mapchange to c13m1_alpinecreek --------
L 01/13/2026 - 23:09:40: [basecommands.smx] "Console<0><Console><Console>" changed cvar (cvar "sv_consistency") (value "0")
L 01/13/2026 - 23:09:40: [basecommands.smx] "Console<0><Console><Console>" changed cvar (cvar "sv_allow_lobby_connect_only") (value "0")
L 01/13/2026 - 23:09:40: [basecommands.smx] "Console<0><Console><Console>" changed cvar (cvar "sv_maxplayers") (value "8")
L 01/13/2026 - 23:09:40: [basecommands.smx] "Console<0><Console><Console>" changed cvar (cvar "sv_visiblemaxplayers") (value "-1")
L 01/13/2026 - 23:09:40: [chat-processor.smx] Message formats generated for game 'left4dead2'.
L 01/13/2026 - 23:09:40: [chat-processor.smx] Successfully hooked a SayText2 chat hook.
L 01/13/2026 - 23:11:48: -------- Mapchange to c13m2_southpinestream --------
L 01/13/2026 - 23:11:51: [basecommands.smx] "Console<0><Console><Console>" changed cvar (cvar "sv_consistency") (value "0")
L 01/13/2026 - 23:11:51: [basecommands.smx] "Console<0><Console><Console>" changed cvar (cvar "sv_allow_lobby_connect_only") (value "0")
L 01/13/2026 - 23:11:51: [basecommands.smx] "Console<0><Console><Console>" changed cvar (cvar "sv_maxplayers") (value "8")
L 01/13/2026 - 23:11:51: [basecommands.smx] "Console<0><Console><Console>" changed cvar (cvar "sv_visiblemaxplayers") (value "-1")
L 01/13/2026 - 23:11:52: [chat-processor.smx] Message formats generated for game 'left4dead2'.
L 01/13/2026 - 23:11:52: [chat-processor.smx] Successfully hooked a SayText2 chat hook.
L 01/13/2026 - 23:15:59: -------- Mapchange to c13m3_memorialbridge --------
L 01/13/2026 - 23:16:03: [basecommands.smx] "Console<0><Console><Console>" changed cvar (cvar "sv_consistency") (value "0")
L 01/13/2026 - 23:16:03: [basecommands.smx] "Console<0><Console><Console>" changed cvar (cvar "sv_allow_lobby_connect_only") (value "0")
L 01/13/2026 - 23:16:03: [basecommands.smx] "Console<0><Console><Console>" changed cvar (cvar "sv_maxplayers") (value "8")
L 01/13/2026 - 23:16:03: [basecommands.smx] "Console<0><Console><Console>" changed cvar (cvar "sv_visiblemaxplayers") (value "-1")
L 01/13/2026 - 23:16:03: [chat-processor.smx] Message formats generated for game 'left4dead2'.
L 01/13/2026 - 23:16:03: [chat-processor.smx] Successfully hooked a SayText2 chat hook.
L 01/13/2026 - 23:26:39: -------- Mapchange to c13m4_cutthroatcreek --------
L 01/13/2026 - 23:26:43: [basecommands.smx] "Console<0><Console><Console>" changed cvar (cvar "sv_consistency") (value "0")
L 01/13/2026 - 23:26:43: [basecommands.smx] "Console<0><Console><Console>" changed cvar (cvar "sv_allow_lobby_connect_only") (value "0")
L 01/13/2026 - 23:26:43: [basecommands.smx] "Console<0><Console><Console>" changed cvar (cvar "sv_maxplayers") (value "8")
L 01/13/2026 - 23:26:43: [basecommands.smx] "Console<0><Console><Console>" changed cvar (cvar "sv_visiblemaxplayers") (value "-1")
L 01/13/2026 - 23:26:43: [chat-processor.smx] Message formats generated for game 'left4dead2'.
L 01/13/2026 - 23:26:43: [chat-processor.smx] Successfully hooked a SayText2 chat hook.
L 01/13/2026 - 23:31:03: Log file closed.
