L 01/26/2026 - 22:30:25: SourceMod log file session started (file "d:\steamlibrary\steamapps\common\left 4 dead 2\left4dead2\addons\sourcemod\logs\L20260126.log") (Version "1.12.0.7207")
L 01/26/2026 - 22:30:25: [GEOIP] GeoIP2 database loaded: GeoLite2-ASN (2024-08-21 08:15:21 UTC) (d:\steamlibrary\steamapps\common\left 4 dead 2\left4dead2\addons\sourcemod\configs\geoip\GeoLite2-ASN.mmdb)
L 01/26/2026 - 22:30:25: [GEOIP] GeoIP2 supported languages: en
L 01/26/2026 - 22:30:25: [GEOIP] Your database is older than 90 days. You should consider downloading a newer version from e.g. https://dev.maxmind.com/geoip/geolite2-free-geolocation-data
L 01/26/2026 - 22:30:34: [basecommands.smx] "Console<0><Console><Console>" changed cvar (cvar "sv_consistency") (value "0")
L 01/26/2026 - 22:30:34: [basecommands.smx] "Console<0><Console><Console>" changed cvar (cvar "sv_allow_lobby_connect_only") (value "0")
L 01/26/2026 - 22:30:34: [basecommands.smx] "Console<0><Console><Console>" changed cvar (cvar "sv_maxplayers") (value "8")
L 01/26/2026 - 22:30:34: [basecommands.smx] "Console<0><Console><Console>" changed cvar (cvar "sv_visiblemaxplayers") (value "-1")
L 01/26/2026 - 22:30:34: [chat-processor.smx] Message formats generated for game 'left4dead2'.
L 01/26/2026 - 22:30:34: [chat-processor.smx] Successfully hooked a SayText2 chat hook.
L 01/26/2026 - 22:31:07: [basecommands.smx] "[T-T]MoY<2><STEAM_1:0:511491787><>" changed cvar (cvar "sv_gravity") (value "200")
L 01/26/2026 - 22:44:21: [l4d_sm_respawn.smx] "[T-T]MoY<2><STEAM_1:0:511491787><>" teleported "[T-T]MoY<2><STEAM_1:0:511491787><>" after respawning him
L 01/26/2026 - 22:44:21: [l4d_sm_respawn.smx] "[T-T]MoY<2><STEAM_1:0:511491787><>" teleported "pedritoelmascapito<6><STEAM_1:1:639552062><>" after respawning him
L 01/26/2026 - 22:44:22: [l4d_sm_respawn.smx] "[T-T]MoY<2><STEAM_1:0:511491787><>" teleported "Quebuendoby<7><STEAM_1:1:601841727><>" after respawning him
L 01/26/2026 - 22:44:22: [l4d_sm_respawn.smx] "[T-T]MoY<2><STEAM_1:0:511491787><>" teleported "h4nskz10<29><STEAM_1:0:846835576><>" after respawning him
L 01/26/2026 - 22:44:22: [l4d_sm_respawn.smx] "[T-T]MoY<2><STEAM_1:0:511491787><>" teleported "DASV26<53><STEAM_1:1:944686409><>" after respawning him
L 01/26/2026 - 22:45:54: [l4d_sm_respawn.smx] "[T-T]MoY<2><STEAM_1:0:511491787><>" teleported "[T-T]MoY<2><STEAM_1:0:511491787><>" after respawning him
L 01/26/2026 - 22:45:54: [l4d_sm_respawn.smx] "[T-T]MoY<2><STEAM_1:0:511491787><>" teleported "pedritoelmascapito<6><STEAM_1:1:639552062><>" after respawning him
L 01/26/2026 - 22:45:54: [l4d_sm_respawn.smx] "[T-T]MoY<2><STEAM_1:0:511491787><>" teleported "h4nskz10<29><STEAM_1:0:846835576><>" after respawning him
L 01/26/2026 - 22:50:56: [l4d_sm_respawn.smx] "[T-T]MoY<2><STEAM_1:0:511491787><>" teleported "[T-T]MoY<2><STEAM_1:0:511491787><>" after respawning him
L 01/26/2026 - 22:50:56: [l4d_sm_respawn.smx] "[T-T]MoY<2><STEAM_1:0:511491787><>" teleported "pedritoelmascapito<6><STEAM_1:1:639552062><>" after respawning him
L 01/26/2026 - 22:50:56: [l4d_sm_respawn.smx] "[T-T]MoY<2><STEAM_1:0:511491787><>" teleported "h4nskz10<29><STEAM_1:0:846835576><>" after respawning him
L 01/26/2026 - 22:50:56: [l4d_sm_respawn.smx] "[T-T]MoY<2><STEAM_1:0:511491787><>" teleported "xxrchrdxx13<72><STEAM_1:1:847832524><>" after respawning him
L 01/26/2026 - 22:52:23: [l4d_sm_respawn.smx] "[T-T]MoY<2><STEAM_1:0:511491787><>" teleported "[T-T]MoY<2><STEAM_1:0:511491787><>" after respawning him
L 01/26/2026 - 22:52:24: [l4d_sm_respawn.smx] "[T-T]MoY<2><STEAM_1:0:511491787><>" teleported "pedritoelmascapito<6><STEAM_1:1:639552062><>" after respawning him
L 01/26/2026 - 22:52:24: [l4d_sm_respawn.smx] "[T-T]MoY<2><STEAM_1:0:511491787><>" teleported "h4nskz10<29><STEAM_1:0:846835576><>" after respawning him
L 01/26/2026 - 22:52:24: [l4d_sm_respawn.smx] "[T-T]MoY<2><STEAM_1:0:511491787><>" teleported "xxrchrdxx13<72><STEAM_1:1:847832524><>" after respawning him
L 01/26/2026 - 22:53:33: -------- Mapchange to c7m2_barge --------
L 01/26/2026 - 22:53:36: [basecommands.smx] "Console<0><Console><Console>" changed cvar (cvar "sv_consistency") (value "0")
L 01/26/2026 - 22:53:36: [basecommands.smx] "Console<0><Console><Console>" changed cvar (cvar "sv_allow_lobby_connect_only") (value "0")
L 01/26/2026 - 22:53:36: [basecommands.smx] "Console<0><Console><Console>" changed cvar (cvar "sv_maxplayers") (value "8")
L 01/26/2026 - 22:53:36: [basecommands.smx] "Console<0><Console><Console>" changed cvar (cvar "sv_visiblemaxplayers") (value "-1")
L 01/26/2026 - 22:53:36: [chat-processor.smx] Message formats generated for game 'left4dead2'.
L 01/26/2026 - 22:53:36: [chat-processor.smx] Successfully hooked a SayText2 chat hook.
L 01/26/2026 - 22:59:06: -------- Mapchange to c7m3_port --------
L 01/26/2026 - 22:59:09: [basecommands.smx] "Console<0><Console><Console>" changed cvar (cvar "sv_consistency") (value "0")
L 01/26/2026 - 22:59:09: [basecommands.smx] "Console<0><Console><Console>" changed cvar (cvar "sv_allow_lobby_connect_only") (value "0")
L 01/26/2026 - 22:59:09: [basecommands.smx] "Console<0><Console><Console>" changed cvar (cvar "sv_maxplayers") (value "8")
L 01/26/2026 - 22:59:09: [basecommands.smx] "Console<0><Console><Console>" changed cvar (cvar "sv_visiblemaxplayers") (value "-1")
L 01/26/2026 - 22:59:09: [chat-processor.smx] Message formats generated for game 'left4dead2'.
L 01/26/2026 - 22:59:09: [chat-processor.smx] Successfully hooked a SayText2 chat hook.
L 01/26/2026 - 23:01:47: [l4d_sm_respawn.smx] "[T-T]MoY<2><STEAM_1:0:511491787><>" teleported "pedritoelmascapito<6><STEAM_1:1:639552062><>" after respawning him
L 01/26/2026 - 23:01:47: [l4d_sm_respawn.smx] "[T-T]MoY<2><STEAM_1:0:511491787><>" teleported "Quebuendoby<7><STEAM_1:1:601841727><>" after respawning him
L 01/26/2026 - 23:01:48: [l4d_sm_respawn.smx] "[T-T]MoY<2><STEAM_1:0:511491787><>" teleported "h4nskz10<29><STEAM_1:0:846835576><>" after respawning him
L 01/26/2026 - 23:01:48: [l4d_sm_respawn.smx] "[T-T]MoY<2><STEAM_1:0:511491787><>" teleported "xxrchrdxx13<72><STEAM_1:1:847832524><>" after respawning him
L 01/26/2026 - 23:02:06: [l4d_sm_respawn.smx] "[T-T]MoY<2><STEAM_1:0:511491787><>" teleported "roquiz161100<87><STEAM_1:1:965350214><>" after respawning him
L 01/26/2026 - 23:02:17: [l4d_sm_respawn.smx] "[T-T]MoY<2><STEAM_1:0:511491787><>" teleported "roquiz161100<87><STEAM_1:1:965350214><>" after respawning him
L 01/26/2026 - 23:02:17: [l4d_sm_respawn.smx] "[T-T]MoY<2><STEAM_1:0:511491787><>" teleported "h4nskz10<29><STEAM_1:0:846835576><>" after respawning him
L 01/26/2026 - 23:05:43: [l4d_sm_respawn.smx] "[T-T]MoY<2><STEAM_1:0:511491787><>" teleported "[T-T]MoY<2><STEAM_1:0:511491787><>" after respawning him
L 01/26/2026 - 23:05:43: [l4d_sm_respawn.smx] "[T-T]MoY<2><STEAM_1:0:511491787><>" teleported "roquiz161100<87><STEAM_1:1:965350214><>" after respawning him
L 01/26/2026 - 23:05:43: [l4d_sm_respawn.smx] "[T-T]MoY<2><STEAM_1:0:511491787><>" teleported "h4nskz10<29><STEAM_1:0:846835576><>" after respawning him
L 01/26/2026 - 23:05:44: [l4d_sm_respawn.smx] "[T-T]MoY<2><STEAM_1:0:511491787><>" teleported "xxrchrdxx13<72><STEAM_1:1:847832524><>" after respawning him
L 01/26/2026 - 23:07:07: [l4d_sm_respawn.smx] "[T-T]MoY<2><STEAM_1:0:511491787><>" teleported "xxrchrdxx13<72><STEAM_1:1:847832524><>" after respawning him
L 01/26/2026 - 23:08:49: [l4d_sm_respawn.smx] "[T-T]MoY<2><STEAM_1:0:511491787><>" teleported "[T-T]MoY<2><STEAM_1:0:511491787><>" after respawning him
L 01/26/2026 - 23:08:49: [l4d_sm_respawn.smx] "[T-T]MoY<2><STEAM_1:0:511491787><>" teleported "roquiz161100<87><STEAM_1:1:965350214><>" after respawning him
L 01/26/2026 - 23:08:49: [l4d_sm_respawn.smx] "[T-T]MoY<2><STEAM_1:0:511491787><>" teleported "pedritoelmascapito<6><STEAM_1:1:639552062><>" after respawning him
L 01/26/2026 - 23:08:50: [l4d_sm_respawn.smx] "[T-T]MoY<2><STEAM_1:0:511491787><>" teleported "Quebuendoby<7><STEAM_1:1:601841727><>" after respawning him
L 01/26/2026 - 23:08:50: [l4d_sm_respawn.smx] "[T-T]MoY<2><STEAM_1:0:511491787><>" teleported "h4nskz10<29><STEAM_1:0:846835576><>" after respawning him
L 01/26/2026 - 23:08:50: [l4d_sm_respawn.smx] "[T-T]MoY<2><STEAM_1:0:511491787><>" teleported "xxrchrdxx13<72><STEAM_1:1:847832524><>" after respawning him
L 01/26/2026 - 23:09:07: [basecommands.smx] "[T-T]MoY<2><STEAM_1:0:511491787><>" changed map to "c1m1_hotel"
L 01/26/2026 - 23:09:10: [SM] Changed map to "c1m1_hotel"
L 01/26/2026 - 23:09:12: -------- Mapchange to c1m1_hotel --------
L 01/26/2026 - 23:09:15: [basecommands.smx] "Console<0><Console><Console>" changed cvar (cvar "sv_consistency") (value "0")
L 01/26/2026 - 23:09:15: [basecommands.smx] "Console<0><Console><Console>" changed cvar (cvar "sv_allow_lobby_connect_only") (value "0")
L 01/26/2026 - 23:09:15: [basecommands.smx] "Console<0><Console><Console>" changed cvar (cvar "sv_maxplayers") (value "8")
L 01/26/2026 - 23:09:15: [basecommands.smx] "Console<0><Console><Console>" changed cvar (cvar "sv_visiblemaxplayers") (value "-1")
L 01/26/2026 - 23:09:16: [chat-processor.smx] Message formats generated for game 'left4dead2'.
L 01/26/2026 - 23:09:16: [chat-processor.smx] Successfully hooked a SayText2 chat hook.
L 01/26/2026 - 23:13:20: [basevotes.smx] "[T-T]MoY<2><STEAM_1:0:511491787><>" initiated a generic vote (question "sera que lo hacen" / answers "Yes" "No").
L 01/26/2026 - 23:13:40: [basevotes.smx] Vote successful. (Received "80" of 5 votes)
L 01/26/2026 - 23:13:40: [basevotes.smx] The answer to sera que lo hacen is: Yes.
L 01/26/2026 - 23:14:26: -------- Mapchange to c1m2_streets --------
L 01/26/2026 - 23:14:29: [basecommands.smx] "Console<0><Console><Console>" changed cvar (cvar "sv_consistency") (value "0")
L 01/26/2026 - 23:14:29: [basecommands.smx] "Console<0><Console><Console>" changed cvar (cvar "sv_allow_lobby_connect_only") (value "0")
L 01/26/2026 - 23:14:29: [basecommands.smx] "Console<0><Console><Console>" changed cvar (cvar "sv_maxplayers") (value "8")
L 01/26/2026 - 23:14:29: [basecommands.smx] "Console<0><Console><Console>" changed cvar (cvar "sv_visiblemaxplayers") (value "-1")
L 01/26/2026 - 23:14:29: [chat-processor.smx] Message formats generated for game 'left4dead2'.
L 01/26/2026 - 23:14:29: [chat-processor.smx] Successfully hooked a SayText2 chat hook.
L 01/26/2026 - 23:20:42: -------- Mapchange to c1m3_mall --------
L 01/26/2026 - 23:20:46: [basecommands.smx] "Console<0><Console><Console>" changed cvar (cvar "sv_consistency") (value "0")
L 01/26/2026 - 23:20:46: [basecommands.smx] "Console<0><Console><Console>" changed cvar (cvar "sv_allow_lobby_connect_only") (value "0")
L 01/26/2026 - 23:20:46: [basecommands.smx] "Console<0><Console><Console>" changed cvar (cvar "sv_maxplayers") (value "8")
L 01/26/2026 - 23:20:46: [basecommands.smx] "Console<0><Console><Console>" changed cvar (cvar "sv_visiblemaxplayers") (value "-1")
L 01/26/2026 - 23:20:46: [chat-processor.smx] Message formats generated for game 'left4dead2'.
L 01/26/2026 - 23:20:46: [chat-processor.smx] Successfully hooked a SayText2 chat hook.
L 01/26/2026 - 23:30:00: -------- Mapchange to c1m4_atrium --------
L 01/26/2026 - 23:30:03: [basecommands.smx] "Console<0><Console><Console>" changed cvar (cvar "sv_consistency") (value "0")
L 01/26/2026 - 23:30:03: [basecommands.smx] "Console<0><Console><Console>" changed cvar (cvar "sv_allow_lobby_connect_only") (value "0")
L 01/26/2026 - 23:30:03: [basecommands.smx] "Console<0><Console><Console>" changed cvar (cvar "sv_maxplayers") (value "8")
L 01/26/2026 - 23:30:03: [basecommands.smx] "Console<0><Console><Console>" changed cvar (cvar "sv_visiblemaxplayers") (value "-1")
L 01/26/2026 - 23:30:04: [chat-processor.smx] Message formats generated for game 'left4dead2'.
L 01/26/2026 - 23:30:04: [chat-processor.smx] Successfully hooked a SayText2 chat hook.
L 01/26/2026 - 23:31:52: [basevotes.smx] "[T-T]MoY<2><STEAM_1:0:511491787><>" initiated a generic vote (question "quieren adelantar a feria?" / answers "Yes" "No").
L 01/26/2026 - 23:32:12: [basevotes.smx] Vote successful. (Received "100" of 3 votes)
L 01/26/2026 - 23:32:12: [basevotes.smx] The answer to quieren adelantar a feria? is: Yes.
L 01/26/2026 - 23:32:59: [basecommands.smx] "[T-T]MoY<2><STEAM_1:0:511491787><>" changed map to "c2m1_highway"
L 01/26/2026 - 23:33:02: [SM] Changed map to "c2m1_highway"
L 01/26/2026 - 23:33:04: -------- Mapchange to c2m1_highway --------
L 01/26/2026 - 23:33:08: [basecommands.smx] "Console<0><Console><Console>" changed cvar (cvar "sv_consistency") (value "0")
L 01/26/2026 - 23:33:08: [basecommands.smx] "Console<0><Console><Console>" changed cvar (cvar "sv_allow_lobby_connect_only") (value "0")
L 01/26/2026 - 23:33:08: [basecommands.smx] "Console<0><Console><Console>" changed cvar (cvar "sv_maxplayers") (value "8")
L 01/26/2026 - 23:33:08: [basecommands.smx] "Console<0><Console><Console>" changed cvar (cvar "sv_visiblemaxplayers") (value "-1")
L 01/26/2026 - 23:33:08: [chat-processor.smx] Message formats generated for game 'left4dead2'.
L 01/26/2026 - 23:33:08: [chat-processor.smx] Successfully hooked a SayText2 chat hook.
L 01/26/2026 - 23:37:10: -------- Mapchange to c2m2_fairgrounds --------
L 01/26/2026 - 23:37:14: [basecommands.smx] "Console<0><Console><Console>" changed cvar (cvar "sv_consistency") (value "0")
L 01/26/2026 - 23:37:14: [basecommands.smx] "Console<0><Console><Console>" changed cvar (cvar "sv_allow_lobby_connect_only") (value "0")
L 01/26/2026 - 23:37:14: [basecommands.smx] "Console<0><Console><Console>" changed cvar (cvar "sv_maxplayers") (value "8")
L 01/26/2026 - 23:37:14: [basecommands.smx] "Console<0><Console><Console>" changed cvar (cvar "sv_visiblemaxplayers") (value "-1")
L 01/26/2026 - 23:37:14: [chat-processor.smx] Message formats generated for game 'left4dead2'.
L 01/26/2026 - 23:37:14: [chat-processor.smx] Successfully hooked a SayText2 chat hook.
L 01/26/2026 - 23:41:19: -------- Mapchange to c2m3_coaster --------
L 01/26/2026 - 23:41:22: [basecommands.smx] "Console<0><Console><Console>" changed cvar (cvar "sv_consistency") (value "0")
L 01/26/2026 - 23:41:22: [basecommands.smx] "Console<0><Console><Console>" changed cvar (cvar "sv_allow_lobby_connect_only") (value "0")
L 01/26/2026 - 23:41:22: [basecommands.smx] "Console<0><Console><Console>" changed cvar (cvar "sv_maxplayers") (value "8")
L 01/26/2026 - 23:41:22: [basecommands.smx] "Console<0><Console><Console>" changed cvar (cvar "sv_visiblemaxplayers") (value "-1")
L 01/26/2026 - 23:41:23: [chat-processor.smx] Message formats generated for game 'left4dead2'.
L 01/26/2026 - 23:41:23: [chat-processor.smx] Successfully hooked a SayText2 chat hook.
L 01/26/2026 - 23:44:34: [basevotes.smx] "[T-T]MoY<2><STEAM_1:0:511491787><>" initiated a generic vote (question "llega o nel" / answers "si" "no").
L 01/26/2026 - 23:44:55: [basevotes.smx] Vote successful. (Received "100" of 2 votes)
L 01/26/2026 - 23:44:55: [basevotes.smx] The answer to llega o nel is: no.
L 01/26/2026 - 23:48:49: -------- Mapchange to c2m4_barns --------
L 01/26/2026 - 23:48:52: [basecommands.smx] "Console<0><Console><Console>" changed cvar (cvar "sv_consistency") (value "0")
L 01/26/2026 - 23:48:52: [basecommands.smx] "Console<0><Console><Console>" changed cvar (cvar "sv_allow_lobby_connect_only") (value "0")
L 01/26/2026 - 23:48:52: [basecommands.smx] "Console<0><Console><Console>" changed cvar (cvar "sv_maxplayers") (value "8")
L 01/26/2026 - 23:48:52: [basecommands.smx] "Console<0><Console><Console>" changed cvar (cvar "sv_visiblemaxplayers") (value "-1")
L 01/26/2026 - 23:48:53: [chat-processor.smx] Message formats generated for game 'left4dead2'.
L 01/26/2026 - 23:48:53: [chat-processor.smx] Successfully hooked a SayText2 chat hook.
L 01/26/2026 - 23:51:24: [all4dead2.smx] [NOTICE]: ([T-T]MoY<2><STEAM_1:0:511491787><>) has spawned a tank
L 01/26/2026 - 23:51:29: [all4dead2.smx] [NOTICE]: ([T-T]MoY<2><STEAM_1:0:511491787><>) has spawned a tank
L 01/26/2026 - 23:51:41: [all4dead2.smx] [NOTICE]: ([T-T]MoY<2><STEAM_1:0:511491787><>) has spawned a tank
L 01/26/2026 - 23:52:47: -------- Mapchange to c2m5_concert --------
L 01/26/2026 - 23:52:50: [basecommands.smx] "Console<0><Console><Console>" changed cvar (cvar "sv_consistency") (value "0")
L 01/26/2026 - 23:52:50: [basecommands.smx] "Console<0><Console><Console>" changed cvar (cvar "sv_allow_lobby_connect_only") (value "0")
L 01/26/2026 - 23:52:50: [basecommands.smx] "Console<0><Console><Console>" changed cvar (cvar "sv_maxplayers") (value "8")
L 01/26/2026 - 23:52:50: [basecommands.smx] "Console<0><Console><Console>" changed cvar (cvar "sv_visiblemaxplayers") (value "-1")
L 01/26/2026 - 23:52:51: [chat-processor.smx] Message formats generated for game 'left4dead2'.
L 01/26/2026 - 23:52:51: [chat-processor.smx] Successfully hooked a SayText2 chat hook.
L 01/26/2026 - 23:54:11: [basevotes.smx] "[T-T]MoY<2><STEAM_1:0:511491787><>" initiated a generic vote (question "quieren adelnatar a la parroquia?" / answers "Yes" "No").
L 01/26/2026 - 23:54:32: [basevotes.smx] Vote successful. (Received "75" of 4 votes)
L 01/26/2026 - 23:54:32: [basevotes.smx] The answer to quieren adelnatar a la parroquia? is: Yes.
L 01/26/2026 - 23:54:57: [l4d_sm_respawn.smx] "[T-T]MoY<2><STEAM_1:0:511491787><>" teleported "[T-T]MoY<2><STEAM_1:0:511491787><>" after respawning him
L 01/26/2026 - 23:54:57: [l4d_sm_respawn.smx] "[T-T]MoY<2><STEAM_1:0:511491787><>" teleported "pedritoelmascapito<275><STEAM_1:1:639552062><>" after respawning him
L 01/26/2026 - 23:54:57: [l4d_sm_respawn.smx] "[T-T]MoY<2><STEAM_1:0:511491787><>" teleported "Quebuendoby<7><STEAM_1:1:601841727><>" after respawning him
L 01/26/2026 - 23:54:57: [l4d_sm_respawn.smx] "[T-T]MoY<2><STEAM_1:0:511491787><>" teleported "Rick<160><STEAM_1:1:609099455><>" after respawning him
L 01/26/2026 - 23:57:58: [l4d_sm_respawn.smx] "[T-T]MoY<2><STEAM_1:0:511491787><>" teleported "h4nskz10<29><STEAM_1:0:846835576><>" after respawning him
L 01/26/2026 - 23:58:16: [l4d_sm_respawn.smx] "[T-T]MoY<2><STEAM_1:0:511491787><>" teleported "Rick<160><STEAM_1:1:609099455><>" after respawning him
L 01/26/2026 - 23:58:39: [l4d_sm_respawn.smx] "[T-T]MoY<2><STEAM_1:0:511491787><>" teleported "pedritoelmascapito<275><STEAM_1:1:639552062><>" after respawning him
L 01/26/2026 - 23:59:37: [l4d_sm_respawn.smx] "[T-T]MoY<2><STEAM_1:0:511491787><>" teleported "[T-T]MoY<2><STEAM_1:0:511491787><>" after respawning him
L 01/27/2026 - 00:00:08: Log file closed.
