L 02/04/2026 - 20:55:08: SourceMod log file session started (file "d:\steamlibrary\steamapps\common\left 4 dead 2\left4dead2\addons\sourcemod\logs\L20260204.log") (Version "1.12.0.7207")
L 02/04/2026 - 20:55:08: [GEOIP] GeoIP2 database loaded: GeoLite2-ASN (2024-08-21 08:15:21 UTC) (d:\steamlibrary\steamapps\common\left 4 dead 2\left4dead2\addons\sourcemod\configs\geoip\GeoLite2-ASN.mmdb)
L 02/04/2026 - 20:55:08: [GEOIP] GeoIP2 supported languages: en
L 02/04/2026 - 20:55:08: [GEOIP] Your database is older than 90 days. You should consider downloading a newer version from e.g. https://dev.maxmind.com/geoip/geolite2-free-geolocation-data
L 02/04/2026 - 20:55:08: [l4d2_map_rotation.smx] Lista de rotación cargada con 3 mapas.
L 02/04/2026 - 20:55:10: [l4d_extinguisher.smx] 
==========
Warning: You should install "[L4D2] Scavenge Score Fix - Gascan Pouring" to prevent affecting the score when filling gas in Scavenge style events: https://forums.alliedmods.net/showthread.php?t=187686
==========

L 02/04/2026 - 20:55:10: [l4d_extinguisher.smx] 
==========
Warning: You should install "[L4D & L4D2] Use Priority Patch" to fix attached models blocking +USE action: https://forums.alliedmods.net/showthread.php?t=327511
==========

L 02/04/2026 - 20:55:18: [basecommands.smx] "Console<0><Console><Console>" changed cvar (cvar "sv_consistency") (value "0")
L 02/04/2026 - 20:55:18: [basecommands.smx] "Console<0><Console><Console>" changed cvar (cvar "sv_allow_lobby_connect_only") (value "0")
L 02/04/2026 - 20:55:18: [basecommands.smx] "Console<0><Console><Console>" changed cvar (cvar "sv_maxplayers") (value "8")
L 02/04/2026 - 20:55:18: [basecommands.smx] "Console<0><Console><Console>" changed cvar (cvar "sv_visiblemaxplayers") (value "-1")
L 02/04/2026 - 20:55:18: [chat-processor.smx] Message formats generated for game 'left4dead2'.
L 02/04/2026 - 20:55:18: [chat-processor.smx] Successfully hooked a SayText2 chat hook.
L 02/04/2026 - 20:56:24: [basecommands.smx] "[T-T]MoY<2><STEAM_1:0:511491787><>" changed cvar (cvar "sv_gravity") (value "200")
L 02/04/2026 - 20:57:16: [l4d2_shop.smx] [UPDATE]: "[T-T]MoY<2><STEAM_1:0:511491787><>" saved. Points: "0"
L 02/04/2026 - 20:58:03: [l4d2_shop.smx] [UPDATE]: "[T-T]MoY<2><STEAM_1:0:511491787><>" saved. Points: "0"
L 02/04/2026 - 20:59:44: [l4d2_shop.smx] [UPDATE]: "[T-T]MoY<2><STEAM_1:0:511491787><>" saved. Points: "7"
L 02/04/2026 - 21:01:45: [l4d2_shop.smx] [UPDATE]: "[T-T]MoY<2><STEAM_1:0:511491787><>" saved. Points: "9"
L 02/04/2026 - 21:04:22: [l4d2_shop.smx] [UPDATE]: "[T-T]MoY<2><STEAM_1:0:511491787><>" saved. Points: "19"
L 02/04/2026 - 21:04:50: -------- Mapchange to c1m1_hotel --------
L 02/04/2026 - 21:04:54: [basecommands.smx] "Console<0><Console><Console>" changed cvar (cvar "sv_consistency") (value "0")
L 02/04/2026 - 21:04:54: [basecommands.smx] "Console<0><Console><Console>" changed cvar (cvar "sv_allow_lobby_connect_only") (value "0")
L 02/04/2026 - 21:04:54: [basecommands.smx] "Console<0><Console><Console>" changed cvar (cvar "sv_maxplayers") (value "8")
L 02/04/2026 - 21:04:54: [basecommands.smx] "Console<0><Console><Console>" changed cvar (cvar "sv_visiblemaxplayers") (value "-1")
L 02/04/2026 - 21:04:54: [chat-processor.smx] Message formats generated for game 'left4dead2'.
L 02/04/2026 - 21:04:54: [chat-processor.smx] Successfully hooked a SayText2 chat hook.
L 02/04/2026 - 21:07:23: [l4d2_shop.smx] [UPDATE]: "[T-T]MoY<29><STEAM_1:0:511491787><>" saved. Points: "25"
