L 02/09/2026 - 21:27:54: SourceMod log file session started (file "d:\steamlibrary\steamapps\common\left 4 dead 2\left4dead2\addons\sourcemod\logs\L20260209.log") (Version "1.12.0.7207")
L 02/09/2026 - 21:27:54: [GEOIP] GeoIP2 database loaded: GeoLite2-ASN (2024-08-21 08:15:21 UTC) (d:\steamlibrary\steamapps\common\left 4 dead 2\left4dead2\addons\sourcemod\configs\geoip\GeoLite2-ASN.mmdb)
L 02/09/2026 - 21:27:54: [GEOIP] GeoIP2 supported languages: en
L 02/09/2026 - 21:27:54: [GEOIP] Your database is older than 90 days. You should consider downloading a newer version from e.g. https://dev.maxmind.com/geoip/geolite2-free-geolocation-data
L 02/09/2026 - 21:27:55: [l4d2_map_rotation.smx] [Rotation] Lista cargada con 4 campañas.
L 02/09/2026 - 21:27:56: [l4d_extinguisher.smx] 
==========
Warning: You should install "[L4D2] Scavenge Score Fix - Gascan Pouring" to prevent affecting the score when filling gas in Scavenge style events: https://forums.alliedmods.net/showthread.php?t=187686
==========

L 02/09/2026 - 21:27:56: [l4d_extinguisher.smx] 
==========
Warning: You should install "[L4D & L4D2] Use Priority Patch" to fix attached models blocking +USE action: https://forums.alliedmods.net/showthread.php?t=327511
==========

L 02/09/2026 - 21:28:03: [basecommands.smx] "Console<0><Console><Console>" changed cvar (cvar "sv_consistency") (value "0")
L 02/09/2026 - 21:28:03: [basecommands.smx] "Console<0><Console><Console>" changed cvar (cvar "sv_allow_lobby_connect_only") (value "0")
L 02/09/2026 - 21:28:03: [basecommands.smx] "Console<0><Console><Console>" changed cvar (cvar "sv_maxplayers") (value "8")
L 02/09/2026 - 21:28:03: [basecommands.smx] "Console<0><Console><Console>" changed cvar (cvar "sv_visiblemaxplayers") (value "-1")
L 02/09/2026 - 21:28:03: [chat-processor.smx] Message formats generated for game 'left4dead2'.
L 02/09/2026 - 21:28:03: [chat-processor.smx] Successfully hooked a SayText2 chat hook.
L 02/09/2026 - 21:28:31: [basecommands.smx] "[T-T]MoY<2><STEAM_1:0:511491787><>" changed cvar (cvar "sv_gravity") (value "200")
L 02/09/2026 - 21:29:10: [l4d2_shop.smx] [UPDATE]: "[T-T]MoY<2><STEAM_1:0:511491787><>" saved. Points: "2"
L 02/09/2026 - 21:30:28: [l4d2_shop.smx] [UPDATE]: "[T-T]MoY<2><STEAM_1:0:511491787><>" saved. Points: "4"
L 02/09/2026 - 21:31:47: [playercommands.smx] "[T-T]MoY<2><STEAM_1:0:511491787><>" slayed "Coach<4><BOT><>"
L 02/09/2026 - 21:31:48: [playercommands.smx] "[T-T]MoY<2><STEAM_1:0:511491787><>" slayed "Ellis<5><BOT><>"
L 02/09/2026 - 21:31:50: [l4d_sm_respawn.smx] "[T-T]MoY<2><STEAM_1:0:511491787><>" teleported "Rochelle<3><BOT><>" after respawning him
L 02/09/2026 - 21:31:50: [l4d_sm_respawn.smx] "[T-T]MoY<2><STEAM_1:0:511491787><>" teleported "Coach<4><BOT><>" after respawning him
L 02/09/2026 - 21:31:51: [l4d_sm_respawn.smx] "[T-T]MoY<2><STEAM_1:0:511491787><>" teleported "Ellis<5><BOT><>" after respawning him
L 02/09/2026 - 21:32:51: [l4d2_shop.smx] [UPDATE]: "[T-T]MoY<2><STEAM_1:0:511491787><>" saved. Points: "16"
L 02/09/2026 - 21:33:56: [playercommands.smx] "[T-T]MoY<2><STEAM_1:0:511491787><>" slayed "Rochelle<3><BOT><>"
L 02/09/2026 - 21:33:57: [playercommands.smx] "[T-T]MoY<2><STEAM_1:0:511491787><>" slayed "(2)Tank<24><BOT><>"
L 02/09/2026 - 21:34:30: [basecommands.smx] "[T-T]MoY<2><STEAM_1:0:511491787><>" kicked "Eduardo<21><STEAM_1:0:396571923><>" (reason "")
L 02/09/2026 - 21:34:41: [l4d2_shop.smx] [UPDATE]: "[T-T]MoY<2><STEAM_1:0:511491787><>" saved. Points: "25"
L 02/09/2026 - 21:34:54: [funcommands.smx] "[T-T]MoY<2><STEAM_1:0:511491787><>" toggled noclip on "[T-T]MoY<2><STEAM_1:0:511491787><>"
L 02/09/2026 - 21:35:06: [funcommands.smx] "[T-T]MoY<2><STEAM_1:0:511491787><>" toggled noclip on "[T-T]MoY<2><STEAM_1:0:511491787><>"
L 02/09/2026 - 21:35:30: [basebans.smx] "[T-T]MoY<2><STEAM_1:0:511491787><>" banned "Eduardo<29><STEAM_1:0:396571923><>" (minutes "0") (reason "Other")
L 02/09/2026 - 21:36:42: -------- Mapchange to c7m2_barge --------
L 02/09/2026 - 21:36:48: [basecommands.smx] "Console<0><Console><Console>" changed cvar (cvar "sv_consistency") (value "0")
L 02/09/2026 - 21:36:48: [basecommands.smx] "Console<0><Console><Console>" changed cvar (cvar "sv_allow_lobby_connect_only") (value "0")
L 02/09/2026 - 21:36:48: [basecommands.smx] "Console<0><Console><Console>" changed cvar (cvar "sv_maxplayers") (value "8")
L 02/09/2026 - 21:36:48: [basecommands.smx] "Console<0><Console><Console>" changed cvar (cvar "sv_visiblemaxplayers") (value "-1")
L 02/09/2026 - 21:36:48: [chat-processor.smx] Message formats generated for game 'left4dead2'.
L 02/09/2026 - 21:36:48: [chat-processor.smx] Successfully hooked a SayText2 chat hook.
L 02/09/2026 - 21:38:49: [l4d2_shop.smx] [UPDATE]: "[T-T]MoY<2><STEAM_1:0:511491787><>" saved. Points: "33"
L 02/09/2026 - 21:43:19: -------- Mapchange to c7m3_port --------
L 02/09/2026 - 21:43:22: [basecommands.smx] "Console<0><Console><Console>" changed cvar (cvar "sv_consistency") (value "0")
L 02/09/2026 - 21:43:22: [basecommands.smx] "Console<0><Console><Console>" changed cvar (cvar "sv_allow_lobby_connect_only") (value "0")
L 02/09/2026 - 21:43:22: [basecommands.smx] "Console<0><Console><Console>" changed cvar (cvar "sv_maxplayers") (value "8")
L 02/09/2026 - 21:43:22: [basecommands.smx] "Console<0><Console><Console>" changed cvar (cvar "sv_visiblemaxplayers") (value "-1")
L 02/09/2026 - 21:43:22: [chat-processor.smx] Message formats generated for game 'left4dead2'.
L 02/09/2026 - 21:43:22: [chat-processor.smx] Successfully hooked a SayText2 chat hook.
L 02/09/2026 - 21:47:32: [l4d_sm_respawn.smx] "[T-T]MoY<2><STEAM_1:0:511491787><>" teleported "tukulitosabroso<67><STEAM_1:0:964067384><>" after respawning him
L 02/09/2026 - 21:51:36: [l4d2_shop.smx] [UPDATE]: "[T-T]MoY<2><STEAM_1:0:511491787><>" saved. Points: "179"
L 02/09/2026 - 21:51:49: [basecommands.smx] "[T-T]MoY<2><STEAM_1:0:511491787><>" changed map to "c1m1_hotel"
L 02/09/2026 - 21:51:52: [SM] Changed map to "c1m1_hotel"
L 02/09/2026 - 21:51:54: -------- Mapchange to c1m1_hotel --------
L 02/09/2026 - 21:51:57: [basecommands.smx] "Console<0><Console><Console>" changed cvar (cvar "sv_consistency") (value "0")
L 02/09/2026 - 21:51:57: [basecommands.smx] "Console<0><Console><Console>" changed cvar (cvar "sv_allow_lobby_connect_only") (value "0")
L 02/09/2026 - 21:51:57: [basecommands.smx] "Console<0><Console><Console>" changed cvar (cvar "sv_maxplayers") (value "8")
L 02/09/2026 - 21:51:57: [basecommands.smx] "Console<0><Console><Console>" changed cvar (cvar "sv_visiblemaxplayers") (value "-1")
L 02/09/2026 - 21:51:57: [chat-processor.smx] Message formats generated for game 'left4dead2'.
L 02/09/2026 - 21:51:57: [chat-processor.smx] Successfully hooked a SayText2 chat hook.
L 02/09/2026 - 21:52:59: [l4d2_shop.smx] [Buy]: "[T-T]MoY<2><STEAM_1:0:511491787><>" bought "extinguisher" (price: "40"), remaining points: "141"
L 02/09/2026 - 21:54:35: [l4d_sm_respawn.smx] "[T-T]MoY<2><STEAM_1:0:511491787><>" teleported "AbuelitaHOT<95><STEAM_1:1:860208593><>" after respawning him
L 02/09/2026 - 21:54:36: [l4d_sm_respawn.smx] "[T-T]MoY<2><STEAM_1:0:511491787><>" teleported "Eduardo<29><STEAM_1:0:396571923><>" after respawning him
L 02/09/2026 - 21:55:28: [basebans.smx] "[T-T]MoY<2><STEAM_1:0:511491787><>" banned "Eduardo<29><STEAM_1:0:396571923><>" (minutes "0") (reason "Abusive")
L 02/09/2026 - 21:56:34: -------- Mapchange to c1m2_streets --------
L 02/09/2026 - 21:56:38: [basecommands.smx] "Console<0><Console><Console>" changed cvar (cvar "sv_consistency") (value "0")
L 02/09/2026 - 21:56:38: [basecommands.smx] "Console<0><Console><Console>" changed cvar (cvar "sv_allow_lobby_connect_only") (value "0")
L 02/09/2026 - 21:56:38: [basecommands.smx] "Console<0><Console><Console>" changed cvar (cvar "sv_maxplayers") (value "8")
L 02/09/2026 - 21:56:38: [basecommands.smx] "Console<0><Console><Console>" changed cvar (cvar "sv_visiblemaxplayers") (value "-1")
L 02/09/2026 - 21:56:38: [chat-processor.smx] Message formats generated for game 'left4dead2'.
L 02/09/2026 - 21:56:38: [chat-processor.smx] Successfully hooked a SayText2 chat hook.
L 02/09/2026 - 21:57:46: [l4d2_shop.smx] [Buy]: "[T-T]MoY<2><STEAM_1:0:511491787><>" bought "extinguisher" (price: "40"), remaining points: "121"
L 02/09/2026 - 22:01:26: [l4d2_shop.smx] [Buy]: "[T-T]MoY<2><STEAM_1:0:511491787><>" bought "first_aid_kit" (price: "88"), remaining points: "78"
L 02/09/2026 - 22:02:57: -------- Mapchange to c1m3_mall --------
L 02/09/2026 - 22:03:01: [basecommands.smx] "Console<0><Console><Console>" changed cvar (cvar "sv_consistency") (value "0")
L 02/09/2026 - 22:03:01: [basecommands.smx] "Console<0><Console><Console>" changed cvar (cvar "sv_allow_lobby_connect_only") (value "0")
L 02/09/2026 - 22:03:01: [basecommands.smx] "Console<0><Console><Console>" changed cvar (cvar "sv_maxplayers") (value "8")
L 02/09/2026 - 22:03:01: [basecommands.smx] "Console<0><Console><Console>" changed cvar (cvar "sv_visiblemaxplayers") (value "-1")
L 02/09/2026 - 22:03:01: [chat-processor.smx] Message formats generated for game 'left4dead2'.
L 02/09/2026 - 22:03:01: [chat-processor.smx] Successfully hooked a SayText2 chat hook.
L 02/09/2026 - 22:03:42: [l4d2_shop.smx] [Buy]: "yamlask<100><STEAM_1:0:216422661><>" bought "molotov" (price: "28"), remaining points: "32"
L 02/09/2026 - 22:04:34: [l4d2_shop.smx] [Buy]: "[T-T]MoY<2><STEAM_1:0:511491787><>" bought "extinguisher" (price: "40"), remaining points: "58"
L 02/09/2026 - 22:06:54: [l4d2_shop.smx] [UPDATE]: "[T-T]MoY<2><STEAM_1:0:511491787><>" saved. Points: "77"
L 02/09/2026 - 22:06:54: [l4d2_shop.smx] [UPDATE]: "L0k1<130><STEAM_1:0:33788190><>" saved. Points: "40"
L 02/09/2026 - 22:07:04: [l4d2_shop.smx] [UPDATE]: "[T-T]MoY<2><STEAM_1:0:511491787><>" saved. Points: "577"
L 02/09/2026 - 22:07:04: [l4d2_shop.smx] [Admin]: "[T-T]MoY<2><STEAM_1:0:511491787><>" rewarded "500" points for "[T-T]MoY<2><STEAM_1:0:511491787><>" (current: "577")
L 02/09/2026 - 22:07:05: [l4d2_shop.smx] [Admin]: "[T-T]MoY<2><STEAM_1:0:511491787><>" rewarded "500" points for "AbuelitaHOT<95><STEAM_1:1:860208593><>" (current: "571")
L 02/09/2026 - 22:07:05: [l4d2_shop.smx] [Admin]: "[T-T]MoY<2><STEAM_1:0:511491787><>" rewarded "500" points for "Pelambre<135><STEAM_1:1:396355661><>" (current: "534")
L 02/09/2026 - 22:07:05: [l4d2_shop.smx] [Admin]: "[T-T]MoY<2><STEAM_1:0:511491787><>" rewarded "500" points for "val<155><STEAM_1:1:921043499><>" (current: "526")
L 02/09/2026 - 22:07:06: [l4d2_shop.smx] [UPDATE]: "L0k1<130><STEAM_1:0:33788190><>" saved. Points: "540"
L 02/09/2026 - 22:07:06: [l4d2_shop.smx] [Admin]: "[T-T]MoY<2><STEAM_1:0:511491787><>" rewarded "500" points for "L0k1<130><STEAM_1:0:33788190><>" (current: "540")
L 02/09/2026 - 22:07:24: [l4d2_shop.smx] [Buy]: "[T-T]MoY<2><STEAM_1:0:511491787><>" bought "first_aid_kit" (price: "88"), remaining points: "489"
L 02/09/2026 - 22:08:07: [l4d2_shop.smx] [Buy]: "AbuelitaHOT<95><STEAM_1:1:860208593><>" bought "oxygentank" (price: "18"), remaining points: "555"
L 02/09/2026 - 22:09:33: [l4d2_shop.smx] [Buy]: "AbuelitaHOT<95><STEAM_1:1:860208593><>" bought "Revivir (Costo actual: 50)" (price: "50"), remaining points: "511"
L 02/09/2026 - 22:10:07: [l4d2_shop.smx] [Buy]: "[T-T]MoY<2><STEAM_1:0:511491787><>" bought "Revivir (Costo actual: 50)" (price: "50"), remaining points: "449"
L 02/09/2026 - 22:10:40: [l4d2_shop.smx] [Buy]: "[T-T]MoY<2><STEAM_1:0:511491787><>" bought "extinguisher" (price: "40"), remaining points: "417"
L 02/09/2026 - 22:10:57: -------- Mapchange to c1m4_atrium --------
L 02/09/2026 - 22:11:00: [basecommands.smx] "Console<0><Console><Console>" changed cvar (cvar "sv_consistency") (value "0")
L 02/09/2026 - 22:11:00: [basecommands.smx] "Console<0><Console><Console>" changed cvar (cvar "sv_allow_lobby_connect_only") (value "0")
L 02/09/2026 - 22:11:00: [basecommands.smx] "Console<0><Console><Console>" changed cvar (cvar "sv_maxplayers") (value "8")
L 02/09/2026 - 22:11:00: [basecommands.smx] "Console<0><Console><Console>" changed cvar (cvar "sv_visiblemaxplayers") (value "-1")
L 02/09/2026 - 22:11:01: [chat-processor.smx] Message formats generated for game 'left4dead2'.
L 02/09/2026 - 22:11:01: [chat-processor.smx] Successfully hooked a SayText2 chat hook.
L 02/09/2026 - 22:11:53: [l4d2_shop.smx] [Buy]: "AbuelitaHOT<95><STEAM_1:1:860208593><>" bought "molotov" (price: "28"), remaining points: "511"
L 02/09/2026 - 22:12:11: [l4d2_shop.smx] [Buy]: "AbuelitaHOT<95><STEAM_1:1:860208593><>" bought "adrenaline" (price: "43"), remaining points: "468"
L 02/09/2026 - 22:12:12: [l4d2_shop.smx] [Buy]: "Pelambre<135><STEAM_1:1:396355661><>" bought "extinguisher" (price: "40"), remaining points: "512"
L 02/09/2026 - 22:13:22: [l4d2_shop.smx] [Buy]: "[T-T]MoY<2><STEAM_1:0:511491787><>" bought "extinguisher" (price: "40"), remaining points: "381"
L 02/09/2026 - 22:14:48: [l4d2_shop.smx] [Buy]: "Pelambre<135><STEAM_1:1:396355661><>" bought "Revivir (Costo actual: 50)" (price: "50"), remaining points: "475"
L 02/09/2026 - 22:16:04: [l4d2_shop.smx] [Buy]: "[T-T]MoY<2><STEAM_1:0:511491787><>" bought "Revivir (Costo actual: 50)" (price: "50"), remaining points: "355"
L 02/09/2026 - 22:16:44: [l4d2_shop.smx] [Buy]: "[T-T]MoY<2><STEAM_1:0:511491787><>" bought "health" (price: "98"), remaining points: "261"
L 02/09/2026 - 22:17:31: [l4d2_shop.smx] [Buy]: "[T-T]MoY<2><STEAM_1:0:511491787><>" bought "extinguisher" (price: "40"), remaining points: "229"
L 02/09/2026 - 22:17:50: [l4d2_shop.smx] [Buy]: "[T-T]MoY<2><STEAM_1:0:511491787><>" bought "gascan" (price: "18"), remaining points: "211"
L 02/09/2026 - 22:19:43: [basebans.smx] "[T-T]MoY<2><STEAM_1:0:511491787><>" banned "AbuelitaHOT<95><STEAM_1:1:860208593><>" (minutes "0") (reason "Abusive")
L 02/09/2026 - 22:19:44: [l4d2_shop.smx] [UPDATE]: "[T-T]MoY<2><STEAM_1:0:511491787><>" saved. Points: "232"
L 02/09/2026 - 22:19:50: [basecommands.smx] "[T-T]MoY<2><STEAM_1:0:511491787><>" changed map to "c2m1_highway"
L 02/09/2026 - 22:19:53: [SM] Changed map to "c2m1_highway"
L 02/09/2026 - 22:19:55: -------- Mapchange to c2m1_highway --------
L 02/09/2026 - 22:19:58: [basecommands.smx] "Console<0><Console><Console>" changed cvar (cvar "sv_consistency") (value "0")
L 02/09/2026 - 22:19:58: [basecommands.smx] "Console<0><Console><Console>" changed cvar (cvar "sv_allow_lobby_connect_only") (value "0")
L 02/09/2026 - 22:19:58: [basecommands.smx] "Console<0><Console><Console>" changed cvar (cvar "sv_maxplayers") (value "8")
L 02/09/2026 - 22:19:58: [basecommands.smx] "Console<0><Console><Console>" changed cvar (cvar "sv_visiblemaxplayers") (value "-1")
L 02/09/2026 - 22:19:58: [chat-processor.smx] Message formats generated for game 'left4dead2'.
L 02/09/2026 - 22:19:58: [chat-processor.smx] Successfully hooked a SayText2 chat hook.
L 02/09/2026 - 22:24:18: [l4d2_shop.smx] [Buy]: "[T-T]MoY<2><STEAM_1:0:511491787><>" bought "extinguisher" (price: "40"), remaining points: "216"
L 02/09/2026 - 22:25:02: -------- Mapchange to c2m2_fairgrounds --------
L 02/09/2026 - 22:25:06: [basecommands.smx] "Console<0><Console><Console>" changed cvar (cvar "sv_consistency") (value "0")
L 02/09/2026 - 22:25:06: [basecommands.smx] "Console<0><Console><Console>" changed cvar (cvar "sv_allow_lobby_connect_only") (value "0")
L 02/09/2026 - 22:25:06: [basecommands.smx] "Console<0><Console><Console>" changed cvar (cvar "sv_maxplayers") (value "8")
L 02/09/2026 - 22:25:06: [basecommands.smx] "Console<0><Console><Console>" changed cvar (cvar "sv_visiblemaxplayers") (value "-1")
L 02/09/2026 - 22:25:06: [chat-processor.smx] Message formats generated for game 'left4dead2'.
L 02/09/2026 - 22:25:06: [chat-processor.smx] Successfully hooked a SayText2 chat hook.
L 02/09/2026 - 22:29:01: -------- Mapchange to c2m3_coaster --------
L 02/09/2026 - 22:29:04: [basecommands.smx] "Console<0><Console><Console>" changed cvar (cvar "sv_consistency") (value "0")
L 02/09/2026 - 22:29:04: [basecommands.smx] "Console<0><Console><Console>" changed cvar (cvar "sv_allow_lobby_connect_only") (value "0")
L 02/09/2026 - 22:29:04: [basecommands.smx] "Console<0><Console><Console>" changed cvar (cvar "sv_maxplayers") (value "8")
L 02/09/2026 - 22:29:04: [basecommands.smx] "Console<0><Console><Console>" changed cvar (cvar "sv_visiblemaxplayers") (value "-1")
L 02/09/2026 - 22:29:04: [chat-processor.smx] Message formats generated for game 'left4dead2'.
L 02/09/2026 - 22:29:04: [chat-processor.smx] Successfully hooked a SayText2 chat hook.
L 02/09/2026 - 22:33:29: -------- Mapchange to c2m4_barns --------
L 02/09/2026 - 22:33:32: [basecommands.smx] "Console<0><Console><Console>" changed cvar (cvar "sv_consistency") (value "0")
L 02/09/2026 - 22:33:32: [basecommands.smx] "Console<0><Console><Console>" changed cvar (cvar "sv_allow_lobby_connect_only") (value "0")
L 02/09/2026 - 22:33:32: [basecommands.smx] "Console<0><Console><Console>" changed cvar (cvar "sv_maxplayers") (value "8")
L 02/09/2026 - 22:33:32: [basecommands.smx] "Console<0><Console><Console>" changed cvar (cvar "sv_visiblemaxplayers") (value "-1")
L 02/09/2026 - 22:33:32: [chat-processor.smx] Message formats generated for game 'left4dead2'.
L 02/09/2026 - 22:33:32: [chat-processor.smx] Successfully hooked a SayText2 chat hook.
L 02/09/2026 - 22:37:03: [l4d2_shop.smx] [UPDATE]: "[T-T]MoY<2><STEAM_1:0:511491787><>" saved. Points: "265"
L 02/09/2026 - 22:40:03: -------- Mapchange to c2m5_concert --------
L 02/09/2026 - 22:40:06: [basecommands.smx] "Console<0><Console><Console>" changed cvar (cvar "sv_consistency") (value "0")
L 02/09/2026 - 22:40:06: [basecommands.smx] "Console<0><Console><Console>" changed cvar (cvar "sv_allow_lobby_connect_only") (value "0")
L 02/09/2026 - 22:40:06: [basecommands.smx] "Console<0><Console><Console>" changed cvar (cvar "sv_maxplayers") (value "8")
L 02/09/2026 - 22:40:06: [basecommands.smx] "Console<0><Console><Console>" changed cvar (cvar "sv_visiblemaxplayers") (value "-1")
L 02/09/2026 - 22:40:06: [chat-processor.smx] Message formats generated for game 'left4dead2'.
L 02/09/2026 - 22:40:06: [chat-processor.smx] Successfully hooked a SayText2 chat hook.
L 02/09/2026 - 22:41:07: [l4d_sm_respawn.smx] "[T-T]MoY<2><STEAM_1:0:511491787><>" teleported "[T-T]MoY<2><STEAM_1:0:511491787><>" after respawning him
L 02/09/2026 - 22:41:07: [l4d_sm_respawn.smx] "[T-T]MoY<2><STEAM_1:0:511491787><>" teleported "JERRY SAN<259><STEAM_1:0:515399578><>" after respawning him
L 02/09/2026 - 22:41:07: [l4d_sm_respawn.smx] "[T-T]MoY<2><STEAM_1:0:511491787><>" teleported "el cacha burras<260><STEAM_1:0:771800564><>" after respawning him
L 02/09/2026 - 22:41:30: [l4d2_shop.smx] [Buy]: "[T-T]MoY<2><STEAM_1:0:511491787><>" bought "extinguisher" (price: "40"), remaining points: "239"
L 02/09/2026 - 22:42:44: [l4d_sm_respawn.smx] "[T-T]MoY<2><STEAM_1:0:511491787><>" teleported "JERRY SAN<259><STEAM_1:0:515399578><>" after respawning him
L 02/09/2026 - 22:44:30: [l4d2_shop.smx] [Buy]: "[T-T]MoY<2><STEAM_1:0:511491787><>" bought "health" (price: "98"), remaining points: "171"
L 02/09/2026 - 22:45:38: [l4d2_shop.smx] [Buy]: "[T-T]MoY<2><STEAM_1:0:511491787><>" bought "health" (price: "98"), remaining points: "89"
L 02/09/2026 - 22:45:45: [l4d_sm_respawn.smx] "[T-T]MoY<2><STEAM_1:0:511491787><>" teleported "Nick<333><BOT><>" after respawning him
L 02/09/2026 - 22:45:45: [l4d_sm_respawn.smx] "[T-T]MoY<2><STEAM_1:0:511491787><>" teleported "JERRY SAN<259><STEAM_1:0:515399578><>" after respawning him
L 02/09/2026 - 22:46:54: [l4d_sm_respawn.smx] "[T-T]MoY<2><STEAM_1:0:511491787><>" teleported "JERRY SAN<259><STEAM_1:0:515399578><>" after respawning him
L 02/09/2026 - 22:47:31: [l4d2_shop.smx] [Buy]: "[T-T]MoY<2><STEAM_1:0:511491787><>" bought "Revivir (Costo actual: 50)" (price: "50"), remaining points: "63"
L 02/09/2026 - 22:47:53: [l4d2_shop.smx] [Buy]: "[T-T]MoY<2><STEAM_1:0:511491787><>" bought "extinguisher" (price: "40"), remaining points: "25"
L 02/09/2026 - 22:48:11: [l4d_sm_respawn.smx] "[T-T]MoY<2><STEAM_1:0:511491787><>" teleported "Nick<346><BOT><>" after respawning him
L 02/09/2026 - 22:48:11: [l4d_sm_respawn.smx] "[T-T]MoY<2><STEAM_1:0:511491787><>" teleported "Bill<343><BOT><>" after respawning him
L 02/09/2026 - 22:49:40: -------- Mapchange to c5m1_waterfront --------
L 02/09/2026 - 22:49:43: [basecommands.smx] "Console<0><Console><Console>" changed cvar (cvar "sv_consistency") (value "0")
L 02/09/2026 - 22:49:43: [basecommands.smx] "Console<0><Console><Console>" changed cvar (cvar "sv_allow_lobby_connect_only") (value "0")
L 02/09/2026 - 22:49:43: [basecommands.smx] "Console<0><Console><Console>" changed cvar (cvar "sv_maxplayers") (value "8")
L 02/09/2026 - 22:49:43: [basecommands.smx] "Console<0><Console><Console>" changed cvar (cvar "sv_visiblemaxplayers") (value "-1")
L 02/09/2026 - 22:49:43: [chat-processor.smx] Message formats generated for game 'left4dead2'.
L 02/09/2026 - 22:49:43: [chat-processor.smx] Successfully hooked a SayText2 chat hook.
L 02/09/2026 - 22:52:03: -------- Mapchange to c5m2_park --------
L 02/09/2026 - 22:52:06: [basecommands.smx] "Console<0><Console><Console>" changed cvar (cvar "sv_consistency") (value "0")
L 02/09/2026 - 22:52:06: [basecommands.smx] "Console<0><Console><Console>" changed cvar (cvar "sv_allow_lobby_connect_only") (value "0")
L 02/09/2026 - 22:52:06: [basecommands.smx] "Console<0><Console><Console>" changed cvar (cvar "sv_maxplayers") (value "8")
L 02/09/2026 - 22:52:06: [basecommands.smx] "Console<0><Console><Console>" changed cvar (cvar "sv_visiblemaxplayers") (value "-1")
L 02/09/2026 - 22:52:06: [chat-processor.smx] Message formats generated for game 'left4dead2'.
L 02/09/2026 - 22:52:06: [chat-processor.smx] Successfully hooked a SayText2 chat hook.
L 02/09/2026 - 22:54:14: [l4d2_shop.smx] [UPDATE]: "[T-T]MoY<2><STEAM_1:0:511491787><>" saved. Points: "45"
L 02/09/2026 - 22:57:38: -------- Mapchange to c5m3_cemetery --------
L 02/09/2026 - 22:57:41: [basecommands.smx] "Console<0><Console><Console>" changed cvar (cvar "sv_consistency") (value "0")
L 02/09/2026 - 22:57:41: [basecommands.smx] "Console<0><Console><Console>" changed cvar (cvar "sv_allow_lobby_connect_only") (value "0")
L 02/09/2026 - 22:57:41: [basecommands.smx] "Console<0><Console><Console>" changed cvar (cvar "sv_maxplayers") (value "8")
L 02/09/2026 - 22:57:41: [basecommands.smx] "Console<0><Console><Console>" changed cvar (cvar "sv_visiblemaxplayers") (value "-1")
L 02/09/2026 - 22:57:41: [chat-processor.smx] Message formats generated for game 'left4dead2'.
L 02/09/2026 - 22:57:41: [chat-processor.smx] Successfully hooked a SayText2 chat hook.
L 02/09/2026 - 23:01:42: [l4d2_shop.smx] [UPDATE]: "[T-T]MoY<2><STEAM_1:0:511491787><>" saved. Points: "67"
L 02/09/2026 - 23:07:32: [l4d2_shop.smx] [UPDATE]: "[T-T]MoY<2><STEAM_1:0:511491787><>" saved. Points: "117"
L 02/09/2026 - 23:11:52: [l4d2_shop.smx] [UPDATE]: "[T-T]MoY<2><STEAM_1:0:511491787><>" saved. Points: "136"
L 02/09/2026 - 23:12:49: [l4d_sm_respawn.smx] "[T-T]MoY<2><STEAM_1:0:511491787><>" teleported "Dado de esto es Guerra<411><STEAM_1:1:605632222><>" after respawning him
L 02/09/2026 - 23:13:41: [l4d_sm_respawn.smx] "[T-T]MoY<2><STEAM_1:0:511491787><>" teleported "KAPO<383><STEAM_1:1:539692740><>" after respawning him
L 02/09/2026 - 23:13:41: [l4d_sm_respawn.smx] "[T-T]MoY<2><STEAM_1:0:511491787><>" teleported "Arjxn_B22<398><STEAM_1:0:398861456><>" after respawning him
L 02/09/2026 - 23:13:41: [l4d_sm_respawn.smx] "[T-T]MoY<2><STEAM_1:0:511491787><>" teleported "Dado de esto es Guerra<411><STEAM_1:1:605632222><>" after respawning him
L 02/09/2026 - 23:15:36: -------- Mapchange to c5m4_quarter --------
L 02/09/2026 - 23:15:39: [basecommands.smx] "Console<0><Console><Console>" changed cvar (cvar "sv_consistency") (value "0")
L 02/09/2026 - 23:15:39: [basecommands.smx] "Console<0><Console><Console>" changed cvar (cvar "sv_allow_lobby_connect_only") (value "0")
L 02/09/2026 - 23:15:39: [basecommands.smx] "Console<0><Console><Console>" changed cvar (cvar "sv_maxplayers") (value "8")
L 02/09/2026 - 23:15:39: [basecommands.smx] "Console<0><Console><Console>" changed cvar (cvar "sv_visiblemaxplayers") (value "-1")
L 02/09/2026 - 23:15:39: [chat-processor.smx] Message formats generated for game 'left4dead2'.
L 02/09/2026 - 23:15:39: [chat-processor.smx] Successfully hooked a SayText2 chat hook.
L 02/09/2026 - 23:19:24: [l4d2_shop.smx] [UPDATE]: "[T-T]MoY<2><STEAM_1:0:511491787><>" saved. Points: "173"
L 02/09/2026 - 23:20:44: [l4d2_shop.smx] [UPDATE]: "[T-T]MoY<2><STEAM_1:0:511491787><>" saved. Points: "175"
L 02/09/2026 - 23:21:41: [l4d2_shop.smx] [UPDATE]: "[T-T]MoY<2><STEAM_1:0:511491787><>" saved. Points: "177"
L 02/09/2026 - 23:23:43: [l4d_sm_respawn.smx] "[T-T]MoY<2><STEAM_1:0:511491787><>" teleported "[T-T]MoY<2><STEAM_1:0:511491787><>" after respawning him
L 02/09/2026 - 23:23:43: [l4d_sm_respawn.smx] "[T-T]MoY<2><STEAM_1:0:511491787><>" teleported "KAPO<383><STEAM_1:1:539692740><>" after respawning him
L 02/09/2026 - 23:23:43: [l4d_sm_respawn.smx] "[T-T]MoY<2><STEAM_1:0:511491787><>" teleported "Dado de esto es Guerra<411><STEAM_1:1:605632222><>" after respawning him
L 02/09/2026 - 23:24:45: -------- Mapchange to c5m5_bridge --------
L 02/09/2026 - 23:24:49: [basecommands.smx] "Console<0><Console><Console>" changed cvar (cvar "sv_consistency") (value "0")
L 02/09/2026 - 23:24:49: [basecommands.smx] "Console<0><Console><Console>" changed cvar (cvar "sv_allow_lobby_connect_only") (value "0")
L 02/09/2026 - 23:24:49: [basecommands.smx] "Console<0><Console><Console>" changed cvar (cvar "sv_maxplayers") (value "8")
L 02/09/2026 - 23:24:49: [basecommands.smx] "Console<0><Console><Console>" changed cvar (cvar "sv_visiblemaxplayers") (value "-1")
L 02/09/2026 - 23:24:49: [chat-processor.smx] Message formats generated for game 'left4dead2'.
L 02/09/2026 - 23:24:49: [chat-processor.smx] Successfully hooked a SayText2 chat hook.
L 02/09/2026 - 23:25:53: [l4d2_shop.smx] [Buy]: "[T-T]MoY<2><STEAM_1:0:511491787><>" bought "extinguisher" (price: "40"), remaining points: "145"
L 02/09/2026 - 23:29:50: Log file closed.
