L 08/01/2025 - 20:53:57: SourceMod log file session started (file "e:\steamlibrary\steamapps\common\left 4 dead 2\left4dead2\addons\sourcemod\logs\L20250801.log") (Version "1.12.0.7207")
L 08/01/2025 - 20:53:57: [GEOIP] GeoIP2 database loaded: GeoLite2-ASN (2024-08-21 08:15:21 UTC) (e:\steamlibrary\steamapps\common\left 4 dead 2\left4dead2\addons\sourcemod\configs\geoip\GeoLite2-ASN.mmdb)
L 08/01/2025 - 20:53:57: [GEOIP] GeoIP2 supported languages: en
L 08/01/2025 - 20:53:57: [GEOIP] Your database is older than 90 days. You should consider downloading a newer version from e.g. https://dev.maxmind.com/geoip/geolite2-free-geolocation-data
L 08/01/2025 - 20:53:59: [l4d_extinguisher.smx] 
==========
Warning: You should install "[L4D2] Scavenge Score Fix - Gascan Pouring" to prevent affecting the score when filling gas in Scavenge style events: https://forums.alliedmods.net/showthread.php?t=187686
==========

L 08/01/2025 - 20:53:59: [l4d_extinguisher.smx] 
==========
Warning: You should install "[L4D & L4D2] Use Priority Patch" to fix attached models blocking +USE action: https://forums.alliedmods.net/showthread.php?t=327511
==========

L 08/01/2025 - 20:54:07: [basecommands.smx] "Console<0><Console><Console>" changed cvar (cvar "sv_consistency") (value "0")
L 08/01/2025 - 20:54:07: [basecommands.smx] "Console<0><Console><Console>" changed cvar (cvar "sv_allow_lobby_connect_only") (value "0")
L 08/01/2025 - 20:54:07: [basecommands.smx] "Console<0><Console><Console>" changed cvar (cvar "sv_maxplayers") (value "8")
L 08/01/2025 - 20:54:07: [basecommands.smx] "Console<0><Console><Console>" changed cvar (cvar "sv_visiblemaxplayers") (value "-1")
L 08/01/2025 - 20:54:17: [l4d2_shop.smx] [INSERT]: "[T-T]MoY<2><STEAM_1:0:511491787><>" is a new user!!
L 08/01/2025 - 20:54:28: [basecommands.smx] "[T-T]MoY<2><STEAM_1:0:511491787><>" changed cvar (cvar "sv_gravity") (value "200")
L 08/01/2025 - 20:58:23: -------- Mapchange to bwm1_climb_night --------
L 08/01/2025 - 20:58:26: [basecommands.smx] "Console<0><Console><Console>" changed cvar (cvar "sv_consistency") (value "0")
L 08/01/2025 - 20:58:26: [basecommands.smx] "Console<0><Console><Console>" changed cvar (cvar "sv_allow_lobby_connect_only") (value "0")
L 08/01/2025 - 20:58:26: [basecommands.smx] "Console<0><Console><Console>" changed cvar (cvar "sv_maxplayers") (value "8")
L 08/01/2025 - 20:58:26: [basecommands.smx] "Console<0><Console><Console>" changed cvar (cvar "sv_visiblemaxplayers") (value "-1")
L 08/01/2025 - 20:58:51: Log file closed.
L 08/01/2025 - 21:01:04: SourceMod log file session started (file "e:\steamlibrary\steamapps\common\left 4 dead 2\left4dead2\addons\sourcemod\logs\L20250801.log") (Version "1.12.0.7207")
L 08/01/2025 - 21:01:04: [GEOIP] GeoIP2 database loaded: GeoLite2-ASN (2024-08-21 08:15:21 UTC) (e:\steamlibrary\steamapps\common\left 4 dead 2\left4dead2\addons\sourcemod\configs\geoip\GeoLite2-ASN.mmdb)
L 08/01/2025 - 21:01:04: [GEOIP] GeoIP2 supported languages: en
L 08/01/2025 - 21:01:04: [GEOIP] Your database is older than 90 days. You should consider downloading a newer version from e.g. https://dev.maxmind.com/geoip/geolite2-free-geolocation-data
L 08/01/2025 - 21:01:10: [basecommands.smx] "Console<0><Console><Console>" changed cvar (cvar "sv_consistency") (value "0")
L 08/01/2025 - 21:01:10: [basecommands.smx] "Console<0><Console><Console>" changed cvar (cvar "sv_allow_lobby_connect_only") (value "0")
L 08/01/2025 - 21:01:10: [basecommands.smx] "Console<0><Console><Console>" changed cvar (cvar "sv_maxplayers") (value "8")
L 08/01/2025 - 21:01:10: [basecommands.smx] "Console<0><Console><Console>" changed cvar (cvar "sv_visiblemaxplayers") (value "-1")
L 08/01/2025 - 21:28:09: -------- Mapchange to bwm1_climb --------
L 08/01/2025 - 21:28:12: [basecommands.smx] "Console<0><Console><Console>" changed cvar (cvar "sv_consistency") (value "0")
L 08/01/2025 - 21:28:12: [basecommands.smx] "Console<0><Console><Console>" changed cvar (cvar "sv_allow_lobby_connect_only") (value "0")
L 08/01/2025 - 21:28:12: [basecommands.smx] "Console<0><Console><Console>" changed cvar (cvar "sv_maxplayers") (value "8")
L 08/01/2025 - 21:28:12: [basecommands.smx] "Console<0><Console><Console>" changed cvar (cvar "sv_visiblemaxplayers") (value "-1")
L 08/01/2025 - 21:31:18: -------- Mapchange to bwm1_climb --------
L 08/01/2025 - 21:31:21: [basecommands.smx] "Console<0><Console><Console>" changed cvar (cvar "sv_consistency") (value "0")
L 08/01/2025 - 21:31:21: [basecommands.smx] "Console<0><Console><Console>" changed cvar (cvar "sv_allow_lobby_connect_only") (value "0")
L 08/01/2025 - 21:31:21: [basecommands.smx] "Console<0><Console><Console>" changed cvar (cvar "sv_maxplayers") (value "8")
L 08/01/2025 - 21:31:21: [basecommands.smx] "Console<0><Console><Console>" changed cvar (cvar "sv_visiblemaxplayers") (value "-1")
L 08/01/2025 - 21:31:47: Log file closed.
L 08/01/2025 - 21:32:59: SourceMod log file session started (file "e:\steamlibrary\steamapps\common\left 4 dead 2\left4dead2\addons\sourcemod\logs\L20250801.log") (Version "1.12.0.7207")
L 08/01/2025 - 21:32:59: [GEOIP] GeoIP2 database loaded: GeoLite2-ASN (2024-08-21 08:15:21 UTC) (e:\steamlibrary\steamapps\common\left 4 dead 2\left4dead2\addons\sourcemod\configs\geoip\GeoLite2-ASN.mmdb)
L 08/01/2025 - 21:32:59: [GEOIP] GeoIP2 supported languages: en
L 08/01/2025 - 21:32:59: [GEOIP] Your database is older than 90 days. You should consider downloading a newer version from e.g. https://dev.maxmind.com/geoip/geolite2-free-geolocation-data
L 08/01/2025 - 21:33:04: [basecommands.smx] "Console<0><Console><Console>" changed cvar (cvar "sv_consistency") (value "0")
L 08/01/2025 - 21:33:04: [basecommands.smx] "Console<0><Console><Console>" changed cvar (cvar "sv_allow_lobby_connect_only") (value "0")
L 08/01/2025 - 21:33:04: [basecommands.smx] "Console<0><Console><Console>" changed cvar (cvar "sv_maxplayers") (value "8")
L 08/01/2025 - 21:33:04: [basecommands.smx] "Console<0><Console><Console>" changed cvar (cvar "sv_visiblemaxplayers") (value "-1")
L 08/01/2025 - 21:37:47: -------- Mapchange to c1m1_hotel --------
L 08/01/2025 - 21:37:50: [basecommands.smx] "Console<0><Console><Console>" changed cvar (cvar "sv_consistency") (value "0")
L 08/01/2025 - 21:37:50: [basecommands.smx] "Console<0><Console><Console>" changed cvar (cvar "sv_allow_lobby_connect_only") (value "0")
L 08/01/2025 - 21:37:50: [basecommands.smx] "Console<0><Console><Console>" changed cvar (cvar "sv_maxplayers") (value "8")
L 08/01/2025 - 21:37:50: [basecommands.smx] "Console<0><Console><Console>" changed cvar (cvar "sv_visiblemaxplayers") (value "-1")
L 08/01/2025 - 21:38:56: [basecommands.smx] "[T-T]MoY<10><STEAM_1:0:511491787><>" changed cvar (cvar "sv_gravity") (value "200")
L 08/01/2025 - 21:47:04: -------- Mapchange to c1m2_streets --------
L 08/01/2025 - 21:47:07: [basecommands.smx] "Console<0><Console><Console>" changed cvar (cvar "sv_consistency") (value "0")
L 08/01/2025 - 21:47:07: [basecommands.smx] "Console<0><Console><Console>" changed cvar (cvar "sv_allow_lobby_connect_only") (value "0")
L 08/01/2025 - 21:47:07: [basecommands.smx] "Console<0><Console><Console>" changed cvar (cvar "sv_maxplayers") (value "8")
L 08/01/2025 - 21:47:07: [basecommands.smx] "Console<0><Console><Console>" changed cvar (cvar "sv_visiblemaxplayers") (value "-1")
L 08/01/2025 - 22:01:40: -------- Mapchange to Glubtastic2_1 --------
L 08/01/2025 - 22:01:43: [basecommands.smx] "Console<0><Console><Console>" changed cvar (cvar "sv_consistency") (value "0")
L 08/01/2025 - 22:01:43: [basecommands.smx] "Console<0><Console><Console>" changed cvar (cvar "sv_allow_lobby_connect_only") (value "0")
L 08/01/2025 - 22:01:43: [basecommands.smx] "Console<0><Console><Console>" changed cvar (cvar "sv_maxplayers") (value "8")
L 08/01/2025 - 22:01:43: [basecommands.smx] "Console<0><Console><Console>" changed cvar (cvar "sv_visiblemaxplayers") (value "-1")
L 08/01/2025 - 22:05:03: [basecommands.smx] "[T-T]MoY<59><STEAM_1:0:511491787><>" changed cvar (cvar "sv_gravity") (value "800")
L 08/01/2025 - 22:24:43: -------- Mapchange to Glubtastic2_2 --------
L 08/01/2025 - 22:24:46: [basecommands.smx] "Console<0><Console><Console>" changed cvar (cvar "sv_consistency") (value "0")
L 08/01/2025 - 22:24:46: [basecommands.smx] "Console<0><Console><Console>" changed cvar (cvar "sv_allow_lobby_connect_only") (value "0")
L 08/01/2025 - 22:24:46: [basecommands.smx] "Console<0><Console><Console>" changed cvar (cvar "sv_maxplayers") (value "8")
L 08/01/2025 - 22:24:46: [basecommands.smx] "Console<0><Console><Console>" changed cvar (cvar "sv_visiblemaxplayers") (value "-1")
L 08/01/2025 - 22:32:45: -------- Mapchange to Glubtastic2_3 --------
L 08/01/2025 - 22:32:48: [basecommands.smx] "Console<0><Console><Console>" changed cvar (cvar "sv_consistency") (value "0")
L 08/01/2025 - 22:32:48: [basecommands.smx] "Console<0><Console><Console>" changed cvar (cvar "sv_allow_lobby_connect_only") (value "0")
L 08/01/2025 - 22:32:48: [basecommands.smx] "Console<0><Console><Console>" changed cvar (cvar "sv_maxplayers") (value "8")
L 08/01/2025 - 22:32:48: [basecommands.smx] "Console<0><Console><Console>" changed cvar (cvar "sv_visiblemaxplayers") (value "-1")
