L 03/19/2026 - 15:49:55: SourceMod log file session started (file "d:\steamlibrary\steamapps\common\left 4 dead 2\left4dead2\addons\sourcemod\logs\L20260319.log") (Version "1.12.0.7207")
L 03/19/2026 - 15:49:55: [GEOIP] GeoIP2 database loaded: GeoLite2-ASN (2024-08-21 08:15:21 UTC) (d:\steamlibrary\steamapps\common\left 4 dead 2\left4dead2\addons\sourcemod\configs\geoip\GeoLite2-ASN.mmdb)
L 03/19/2026 - 15:49:55: [GEOIP] GeoIP2 supported languages: en
L 03/19/2026 - 15:49:55: [GEOIP] Your database is older than 90 days. You should consider downloading a newer version from e.g. https://dev.maxmind.com/geoip/geolite2-free-geolocation-data
L 03/19/2026 - 15:49:55: [l4d2_map_rotation.smx] [Rotation] Lista cargada con 4 campañas.
L 03/19/2026 - 15:49:57: [l4d_extinguisher.smx] 
==========
Warning: You should install "[L4D2] Scavenge Score Fix - Gascan Pouring" to prevent affecting the score when filling gas in Scavenge style events: https://forums.alliedmods.net/showthread.php?t=187686
==========

L 03/19/2026 - 15:49:57: [l4d_extinguisher.smx] 
==========
Warning: You should install "[L4D & L4D2] Use Priority Patch" to fix attached models blocking +USE action: https://forums.alliedmods.net/showthread.php?t=327511
==========

L 03/19/2026 - 15:50:09: [basecommands.smx] "Console<0><Console><Console>" changed cvar (cvar "sv_consistency") (value "0")
L 03/19/2026 - 15:50:09: [basecommands.smx] "Console<0><Console><Console>" changed cvar (cvar "sv_allow_lobby_connect_only") (value "0")
L 03/19/2026 - 15:50:09: [basecommands.smx] "Console<0><Console><Console>" changed cvar (cvar "sv_maxplayers") (value "8")
L 03/19/2026 - 15:50:09: [basecommands.smx] "Console<0><Console><Console>" changed cvar (cvar "sv_visiblemaxplayers") (value "-1")
L 03/19/2026 - 15:50:10: [chat-processor.smx] Message formats generated for game 'left4dead2'.
L 03/19/2026 - 15:50:10: [chat-processor.smx] Successfully hooked a SayText2 chat hook.
L 03/19/2026 - 15:52:22: [basecommands.smx] "[T-T]MoY<2><STEAM_1:0:511491787><>" changed cvar (cvar "sv_gravity") (value "200")
L 03/19/2026 - 15:53:10: [l4d2_shop.smx] [UPDATE]: "[T-T]MoY<2><STEAM_1:0:511491787><>" saved. Points: "0"
L 03/19/2026 - 15:56:03: -------- Mapchange to bwm2_city_night --------
L 03/19/2026 - 15:56:07: [basecommands.smx] "Console<0><Console><Console>" changed cvar (cvar "sv_consistency") (value "0")
L 03/19/2026 - 15:56:07: [basecommands.smx] "Console<0><Console><Console>" changed cvar (cvar "sv_allow_lobby_connect_only") (value "0")
L 03/19/2026 - 15:56:07: [basecommands.smx] "Console<0><Console><Console>" changed cvar (cvar "sv_maxplayers") (value "8")
L 03/19/2026 - 15:56:07: [basecommands.smx] "Console<0><Console><Console>" changed cvar (cvar "sv_visiblemaxplayers") (value "-1")
L 03/19/2026 - 15:56:08: [chat-processor.smx] Message formats generated for game 'left4dead2'.
L 03/19/2026 - 15:56:08: [chat-processor.smx] Successfully hooked a SayText2 chat hook.
L 03/19/2026 - 15:57:49: [l4d2_shop.smx] [UPDATE]: "[T-T]MoY<2><STEAM_1:0:511491787><>" saved. Points: "4"
L 03/19/2026 - 15:58:17: [l4d2_shop.smx] [UPDATE]: "[T-T]MoY<2><STEAM_1:0:511491787><>" saved. Points: "4"
L 03/19/2026 - 15:59:20: [l4d_sm_respawn.smx] "[T-T]MoY<2><STEAM_1:0:511491787><>" teleported "Nick<14><BOT><>" after respawning him
L 03/19/2026 - 15:59:20: [l4d_sm_respawn.smx] "[T-T]MoY<2><STEAM_1:0:511491787><>" teleported "Rochelle<15><BOT><>" after respawning him
L 03/19/2026 - 15:59:20: [l4d_sm_respawn.smx] "[T-T]MoY<2><STEAM_1:0:511491787><>" teleported "Coach<16><BOT><>" after respawning him
L 03/19/2026 - 15:59:47: Log file closed.
L 03/19/2026 - 16:05:32: SourceMod log file session started (file "d:\steamlibrary\steamapps\common\left 4 dead 2\left4dead2\addons\sourcemod\logs\L20260319.log") (Version "1.12.0.7207")
L 03/19/2026 - 16:05:32: [GEOIP] GeoIP2 database loaded: GeoLite2-ASN (2024-08-21 08:15:21 UTC) (d:\steamlibrary\steamapps\common\left 4 dead 2\left4dead2\addons\sourcemod\configs\geoip\GeoLite2-ASN.mmdb)
L 03/19/2026 - 16:05:32: [GEOIP] GeoIP2 supported languages: en
L 03/19/2026 - 16:05:32: [GEOIP] Your database is older than 90 days. You should consider downloading a newer version from e.g. https://dev.maxmind.com/geoip/geolite2-free-geolocation-data
L 03/19/2026 - 16:05:32: [l4d2_map_rotation.smx] [Rotation] Lista cargada con 4 campañas.
L 03/19/2026 - 16:05:33: [l4d_extinguisher.smx] 
==========
Warning: You should install "[L4D2] Scavenge Score Fix - Gascan Pouring" to prevent affecting the score when filling gas in Scavenge style events: https://forums.alliedmods.net/showthread.php?t=187686
==========

L 03/19/2026 - 16:05:33: [l4d_extinguisher.smx] 
==========
Warning: You should install "[L4D & L4D2] Use Priority Patch" to fix attached models blocking +USE action: https://forums.alliedmods.net/showthread.php?t=327511
==========

L 03/19/2026 - 16:05:39: [basecommands.smx] "Console<0><Console><Console>" changed cvar (cvar "sv_consistency") (value "0")
L 03/19/2026 - 16:05:39: [basecommands.smx] "Console<0><Console><Console>" changed cvar (cvar "sv_allow_lobby_connect_only") (value "0")
L 03/19/2026 - 16:05:39: [basecommands.smx] "Console<0><Console><Console>" changed cvar (cvar "sv_maxplayers") (value "8")
L 03/19/2026 - 16:05:39: [basecommands.smx] "Console<0><Console><Console>" changed cvar (cvar "sv_visiblemaxplayers") (value "-1")
L 03/19/2026 - 16:05:39: [chat-processor.smx] Message formats generated for game 'left4dead2'.
L 03/19/2026 - 16:05:39: [chat-processor.smx] Successfully hooked a SayText2 chat hook.
L 03/19/2026 - 16:06:17: [basecommands.smx] "[T-T]MoY<2><STEAM_ID_PENDING><>" changed cvar (cvar "sv_gravity") (value "200")
L 03/19/2026 - 16:09:52: [l4d2_shop.smx] [UPDATE]: "[T-T]MoY<2><STEAM_1:0:511491787><>" saved. Points: "0"
L 03/19/2026 - 16:10:33: [l4d2_shop.smx] [UPDATE]: "[T-T]MoY<2><STEAM_1:0:511491787><>" saved. Points: "0"
L 03/19/2026 - 16:11:43: [l4d2_shop.smx] [UPDATE]: "[T-T]MoY<2><STEAM_1:0:511491787><>" saved. Points: "2"
L 03/19/2026 - 16:12:28: [l4d2_shop.smx] [UPDATE]: "[T-T]MoY<2><STEAM_1:0:511491787><>" saved. Points: "2"
L 03/19/2026 - 16:12:43: [basecommands.smx] "[T-T]MoY<2><STEAM_1:0:511491787><>" kicked "TRAFICANTES DE ÑAÑOS<20><STEAM_ID_PENDING><>" (reason "")
L 03/19/2026 - 16:14:30: -------- Mapchange to bwm2_city --------
L 03/19/2026 - 16:14:34: [basecommands.smx] "Console<0><Console><Console>" changed cvar (cvar "sv_consistency") (value "0")
L 03/19/2026 - 16:14:34: [basecommands.smx] "Console<0><Console><Console>" changed cvar (cvar "sv_allow_lobby_connect_only") (value "0")
L 03/19/2026 - 16:14:34: [basecommands.smx] "Console<0><Console><Console>" changed cvar (cvar "sv_maxplayers") (value "8")
L 03/19/2026 - 16:14:34: [basecommands.smx] "Console<0><Console><Console>" changed cvar (cvar "sv_visiblemaxplayers") (value "-1")
L 03/19/2026 - 16:14:34: [chat-processor.smx] Message formats generated for game 'left4dead2'.
L 03/19/2026 - 16:14:34: [chat-processor.smx] Successfully hooked a SayText2 chat hook.
L 03/19/2026 - 16:15:41: [basecommands.smx] "[T-T]MoY<2><STEAM_1:0:511491787><>" changed map to "c1m1_hotel"
L 03/19/2026 - 16:15:44: [SM] Changed map to "c1m1_hotel"
L 03/19/2026 - 16:15:59: -------- Mapchange to c1m1_hotel --------
L 03/19/2026 - 16:16:03: [basecommands.smx] "Console<0><Console><Console>" changed cvar (cvar "sv_consistency") (value "0")
L 03/19/2026 - 16:16:03: [basecommands.smx] "Console<0><Console><Console>" changed cvar (cvar "sv_allow_lobby_connect_only") (value "0")
L 03/19/2026 - 16:16:03: [basecommands.smx] "Console<0><Console><Console>" changed cvar (cvar "sv_maxplayers") (value "8")
L 03/19/2026 - 16:16:03: [basecommands.smx] "Console<0><Console><Console>" changed cvar (cvar "sv_visiblemaxplayers") (value "-1")
L 03/19/2026 - 16:16:04: [chat-processor.smx] Message formats generated for game 'left4dead2'.
L 03/19/2026 - 16:16:04: [chat-processor.smx] Successfully hooked a SayText2 chat hook.
L 03/19/2026 - 16:17:28: [l4d2_shop.smx] [UPDATE]: "[T-T]MoY<2><STEAM_1:0:511491787><>" saved. Points: "14"
L 03/19/2026 - 16:20:07: -------- Mapchange to c1m2_streets --------
L 03/19/2026 - 16:20:12: [basecommands.smx] "Console<0><Console><Console>" changed cvar (cvar "sv_consistency") (value "0")
L 03/19/2026 - 16:20:12: [basecommands.smx] "Console<0><Console><Console>" changed cvar (cvar "sv_allow_lobby_connect_only") (value "0")
L 03/19/2026 - 16:20:12: [basecommands.smx] "Console<0><Console><Console>" changed cvar (cvar "sv_maxplayers") (value "8")
L 03/19/2026 - 16:20:12: [basecommands.smx] "Console<0><Console><Console>" changed cvar (cvar "sv_visiblemaxplayers") (value "-1")
L 03/19/2026 - 16:20:12: [chat-processor.smx] Message formats generated for game 'left4dead2'.
L 03/19/2026 - 16:20:12: [chat-processor.smx] Successfully hooked a SayText2 chat hook.
L 03/19/2026 - 16:23:13: [l4d2_shop.smx] [UPDATE]: "[T-T]MoY<2><STEAM_1:0:511491787><>" saved. Points: "44"
L 03/19/2026 - 16:25:01: [l4d2_shop.smx] [UPDATE]: "[T-T]MoY<2><STEAM_1:0:511491787><>" saved. Points: "50"
L 03/19/2026 - 16:28:46: -------- Mapchange to c1m3_mall --------
L 03/19/2026 - 16:28:51: [basecommands.smx] "Console<0><Console><Console>" changed cvar (cvar "sv_consistency") (value "0")
L 03/19/2026 - 16:28:51: [basecommands.smx] "Console<0><Console><Console>" changed cvar (cvar "sv_allow_lobby_connect_only") (value "0")
L 03/19/2026 - 16:28:51: [basecommands.smx] "Console<0><Console><Console>" changed cvar (cvar "sv_maxplayers") (value "8")
L 03/19/2026 - 16:28:51: [basecommands.smx] "Console<0><Console><Console>" changed cvar (cvar "sv_visiblemaxplayers") (value "-1")
L 03/19/2026 - 16:28:51: [chat-processor.smx] Message formats generated for game 'left4dead2'.
L 03/19/2026 - 16:28:51: [chat-processor.smx] Successfully hooked a SayText2 chat hook.
L 03/19/2026 - 16:30:46: [l4d2_shop.smx] [UPDATE]: "[T-T]MoY<2><STEAM_1:0:511491787><>" saved. Points: "72"
L 03/19/2026 - 16:34:54: -------- Mapchange to c1m4_atrium --------
L 03/19/2026 - 16:34:59: [basecommands.smx] "Console<0><Console><Console>" changed cvar (cvar "sv_consistency") (value "0")
L 03/19/2026 - 16:34:59: [basecommands.smx] "Console<0><Console><Console>" changed cvar (cvar "sv_allow_lobby_connect_only") (value "0")
L 03/19/2026 - 16:34:59: [basecommands.smx] "Console<0><Console><Console>" changed cvar (cvar "sv_maxplayers") (value "8")
L 03/19/2026 - 16:34:59: [basecommands.smx] "Console<0><Console><Console>" changed cvar (cvar "sv_visiblemaxplayers") (value "-1")
L 03/19/2026 - 16:34:59: [chat-processor.smx] Message formats generated for game 'left4dead2'.
L 03/19/2026 - 16:34:59: [chat-processor.smx] Successfully hooked a SayText2 chat hook.
L 03/19/2026 - 16:36:44: [l4d_sm_respawn.smx] "[T-T]MoY<2><STEAM_1:0:511491787><>" teleported "zaratecallex07<75><STEAM_1:1:741145140><>" after respawning him
L 03/19/2026 - 16:37:10: [l4d_sm_respawn.smx] "[T-T]MoY<2><STEAM_1:0:511491787><>" teleported "IJBIÑIJ<91><STEAM_1:1:782829503><>" after respawning him
L 03/19/2026 - 16:37:43: [l4d_sm_respawn.smx] "[T-T]MoY<2><STEAM_1:0:511491787><>" teleported "fetuchini1928<89><STEAM_1:1:699649889><>" after respawning him
L 03/19/2026 - 16:38:11: [l4d_sm_respawn.smx] "[T-T]MoY<2><STEAM_1:0:511491787><>" teleported "zaratecallex07<75><STEAM_1:1:741145140><>" after respawning him
L 03/19/2026 - 16:38:58: [l4d_sm_respawn.smx] "[T-T]MoY<2><STEAM_1:0:511491787><>" teleported "TARQUI<52><STEAM_1:0:731298230><>" after respawning him
L 03/19/2026 - 16:38:59: [l4d_sm_respawn.smx] "[T-T]MoY<2><STEAM_1:0:511491787><>" teleported "EL QUE TE LA PONE<70><STEAM_1:1:122742148><>" after respawning him
L 03/19/2026 - 16:42:06: -------- Mapchange to c2m1_highway --------
L 03/19/2026 - 16:42:11: [basecommands.smx] "Console<0><Console><Console>" changed cvar (cvar "sv_consistency") (value "0")
L 03/19/2026 - 16:42:11: [basecommands.smx] "Console<0><Console><Console>" changed cvar (cvar "sv_allow_lobby_connect_only") (value "0")
L 03/19/2026 - 16:42:11: [basecommands.smx] "Console<0><Console><Console>" changed cvar (cvar "sv_maxplayers") (value "8")
L 03/19/2026 - 16:42:11: [basecommands.smx] "Console<0><Console><Console>" changed cvar (cvar "sv_visiblemaxplayers") (value "-1")
L 03/19/2026 - 16:42:11: [chat-processor.smx] Message formats generated for game 'left4dead2'.
L 03/19/2026 - 16:42:11: [chat-processor.smx] Successfully hooked a SayText2 chat hook.
L 03/19/2026 - 16:46:42: [l4d2_shop.smx] [UPDATE]: "[T-T]MoY<2><STEAM_1:0:511491787><>" saved. Points: "164"
L 03/19/2026 - 16:50:04: -------- Mapchange to c2m2_fairgrounds --------
L 03/19/2026 - 16:50:10: [basecommands.smx] "Console<0><Console><Console>" changed cvar (cvar "sv_consistency") (value "0")
L 03/19/2026 - 16:50:10: [basecommands.smx] "Console<0><Console><Console>" changed cvar (cvar "sv_allow_lobby_connect_only") (value "0")
L 03/19/2026 - 16:50:10: [basecommands.smx] "Console<0><Console><Console>" changed cvar (cvar "sv_maxplayers") (value "8")
L 03/19/2026 - 16:50:10: [basecommands.smx] "Console<0><Console><Console>" changed cvar (cvar "sv_visiblemaxplayers") (value "-1")
L 03/19/2026 - 16:50:10: [chat-processor.smx] Message formats generated for game 'left4dead2'.
L 03/19/2026 - 16:50:10: [chat-processor.smx] Successfully hooked a SayText2 chat hook.
L 03/19/2026 - 16:51:01: [l4d2_shop.smx] [Buy]: "fetuchini1928<89><STEAM_1:1:699649889><>" bought "extinguisher" (price: "40"), remaining points: "26"
L 03/19/2026 - 16:54:38: [l4d2_shop.smx] [UPDATE]: "[T-T]MoY<2><STEAM_1:0:511491787><>" saved. Points: "189"
L 03/19/2026 - 16:55:57: [l4d2_shop.smx] [Buy]: "[T-T]MoY<2><STEAM_1:0:511491787><>" bought "Revivir (Costo actual: 50)" (price: "50"), remaining points: "144"
L 03/19/2026 - 16:59:04: -------- Mapchange to c2m3_coaster --------
L 03/19/2026 - 16:59:09: [basecommands.smx] "Console<0><Console><Console>" changed cvar (cvar "sv_consistency") (value "0")
L 03/19/2026 - 16:59:09: [basecommands.smx] "Console<0><Console><Console>" changed cvar (cvar "sv_allow_lobby_connect_only") (value "0")
L 03/19/2026 - 16:59:09: [basecommands.smx] "Console<0><Console><Console>" changed cvar (cvar "sv_maxplayers") (value "8")
L 03/19/2026 - 16:59:09: [basecommands.smx] "Console<0><Console><Console>" changed cvar (cvar "sv_visiblemaxplayers") (value "-1")
L 03/19/2026 - 16:59:09: [chat-processor.smx] Message formats generated for game 'left4dead2'.
L 03/19/2026 - 16:59:09: [chat-processor.smx] Successfully hooked a SayText2 chat hook.
L 03/19/2026 - 17:01:14: [l4d2_shop.smx] [UPDATE]: "[T-T]MoY<2><STEAM_1:0:511491787><>" saved. Points: "158"
L 03/19/2026 - 17:02:50: [l4d2_shop.smx] [UPDATE]: "[T-T]MoY<2><STEAM_1:0:511491787><>" saved. Points: "160"
L 03/19/2026 - 17:03:08: [l4d_sm_respawn.smx] "[T-T]MoY<2><STEAM_1:0:511491787><>" teleported "fetuchini1928<89><STEAM_1:1:699649889><>" after respawning him
L 03/19/2026 - 17:03:38: [l4d_sm_respawn.smx] "[T-T]MoY<2><STEAM_1:0:511491787><>" teleported "DannySsj<74><STEAM_1:1:813976324><>" after respawning him
L 03/19/2026 - 17:03:38: [l4d_sm_respawn.smx] "[T-T]MoY<2><STEAM_1:0:511491787><>" teleported "zaratecallex07<75><STEAM_1:1:741145140><>" after respawning him
L 03/19/2026 - 17:04:30: [l4d_sm_respawn.smx] "[T-T]MoY<2><STEAM_1:0:511491787><>" teleported "[T-T]MoY<2><STEAM_1:0:511491787><>" after respawning him
L 03/19/2026 - 17:04:30: [l4d_sm_respawn.smx] "[T-T]MoY<2><STEAM_1:0:511491787><>" teleported "zaratecallex07<75><STEAM_1:1:741145140><>" after respawning him
L 03/19/2026 - 17:04:30: [l4d_sm_respawn.smx] "[T-T]MoY<2><STEAM_1:0:511491787><>" teleported "RONALD<76><STEAM_1:0:743769834><>" after respawning him
L 03/19/2026 - 17:04:31: [l4d_sm_respawn.smx] "[T-T]MoY<2><STEAM_1:0:511491787><>" teleported "fetuchini1928<89><STEAM_1:1:699649889><>" after respawning him
L 03/19/2026 - 17:04:31: [l4d_sm_respawn.smx] "[T-T]MoY<2><STEAM_1:0:511491787><>" teleported "TARQUI<52><STEAM_1:0:731298230><>" after respawning him
L 03/19/2026 - 17:05:29: [l4d2_shop.smx] [UPDATE]: "[T-T]MoY<2><STEAM_1:0:511491787><>" saved. Points: "170"
L 03/19/2026 - 17:05:41: [l4d2_shop.smx] [Buy]: "fetuchini1928<89><STEAM_1:1:699649889><>" bought "lethal_ammo_3" (price: "60"), remaining points: "22"
L 03/19/2026 - 17:06:27: [l4d_sm_respawn.smx] "[T-T]MoY<2><STEAM_1:0:511491787><>" teleported "[T-T]MoY<2><STEAM_1:0:511491787><>" after respawning him
L 03/19/2026 - 17:06:27: [l4d_sm_respawn.smx] "[T-T]MoY<2><STEAM_1:0:511491787><>" teleported "zaratecallex07<75><STEAM_1:1:741145140><>" after respawning him
L 03/19/2026 - 17:06:27: [l4d_sm_respawn.smx] "[T-T]MoY<2><STEAM_1:0:511491787><>" teleported "RONALD<76><STEAM_1:0:743769834><>" after respawning him
L 03/19/2026 - 17:06:27: [l4d_sm_respawn.smx] "[T-T]MoY<2><STEAM_1:0:511491787><>" teleported "DannySsj<74><STEAM_1:1:813976324><>" after respawning him
L 03/19/2026 - 17:06:28: [l4d_sm_respawn.smx] "[T-T]MoY<2><STEAM_1:0:511491787><>" teleported "fetuchini1928<89><STEAM_1:1:699649889><>" after respawning him
L 03/19/2026 - 17:06:28: [l4d_sm_respawn.smx] "[T-T]MoY<2><STEAM_1:0:511491787><>" teleported "TARQUI<52><STEAM_1:0:731298230><>" after respawning him
L 03/19/2026 - 17:06:38: [l4d_sm_respawn.smx] "[T-T]MoY<2><STEAM_1:0:511491787><>" teleported "DannySsj<74><STEAM_1:1:813976324><>" after respawning him
L 03/19/2026 - 17:06:38: [l4d_sm_respawn.smx] "[T-T]MoY<2><STEAM_1:0:511491787><>" teleported "TARQUI<52><STEAM_1:0:731298230><>" after respawning him
L 03/19/2026 - 17:06:57: [l4d_sm_respawn.smx] "[T-T]MoY<2><STEAM_1:0:511491787><>" teleported "DannySsj<74><STEAM_1:1:813976324><>" after respawning him
L 03/19/2026 - 17:06:58: [l4d_sm_respawn.smx] "[T-T]MoY<2><STEAM_1:0:511491787><>" teleported "zaratecallex07<75><STEAM_1:1:741145140><>" after respawning him
L 03/19/2026 - 17:06:58: [l4d_sm_respawn.smx] "[T-T]MoY<2><STEAM_1:0:511491787><>" teleported "Nick<222><BOT><>" after respawning him
L 03/19/2026 - 17:07:16: [l4d_sm_respawn.smx] "[T-T]MoY<2><STEAM_1:0:511491787><>" teleported "[T-T]MoY<2><STEAM_1:0:511491787><>" after respawning him
L 03/19/2026 - 17:07:16: [l4d_sm_respawn.smx] "[T-T]MoY<2><STEAM_1:0:511491787><>" teleported "DannySsj<74><STEAM_1:1:813976324><>" after respawning him
L 03/19/2026 - 17:07:52: [l4d_sm_respawn.smx] "[T-T]MoY<2><STEAM_1:0:511491787><>" teleported "[T-T]MoY<2><STEAM_1:0:511491787><>" after respawning him
L 03/19/2026 - 17:07:52: [l4d_sm_respawn.smx] "[T-T]MoY<2><STEAM_1:0:511491787><>" teleported "DannySsj<74><STEAM_1:1:813976324><>" after respawning him
L 03/19/2026 - 17:07:52: [l4d_sm_respawn.smx] "[T-T]MoY<2><STEAM_1:0:511491787><>" teleported "zaratecallex07<75><STEAM_1:1:741145140><>" after respawning him
L 03/19/2026 - 17:07:53: [l4d_sm_respawn.smx] "[T-T]MoY<2><STEAM_1:0:511491787><>" teleported "TARQUI<52><STEAM_1:0:731298230><>" after respawning him
L 03/19/2026 - 17:08:05: [l4d2_shop.smx] [Buy]: "DannySsj<74><STEAM_1:1:813976324><>" bought "incendiary_ammo" (price: "12"), remaining points: "121"
L 03/19/2026 - 17:08:25: [l4d2_shop.smx] [UPDATE]: "[T-T]MoY<2><STEAM_1:0:511491787><>" saved. Points: "174"
L 03/19/2026 - 18:41:07: SourceMod log file session started (file "d:\steamlibrary\steamapps\common\left 4 dead 2\left4dead2\addons\sourcemod\logs\L20260319.log") (Version "1.12.0.7207")
L 03/19/2026 - 18:41:07: [GEOIP] GeoIP2 database loaded: GeoLite2-ASN (2024-08-21 08:15:21 UTC) (d:\steamlibrary\steamapps\common\left 4 dead 2\left4dead2\addons\sourcemod\configs\geoip\GeoLite2-ASN.mmdb)
L 03/19/2026 - 18:41:07: [GEOIP] GeoIP2 supported languages: en
L 03/19/2026 - 18:41:07: [GEOIP] Your database is older than 90 days. You should consider downloading a newer version from e.g. https://dev.maxmind.com/geoip/geolite2-free-geolocation-data
L 03/19/2026 - 18:41:07: [l4d2_map_rotation.smx] [Rotation] Lista cargada con 4 campañas.
L 03/19/2026 - 18:41:08: [l4d_extinguisher.smx] 
==========
Warning: You should install "[L4D2] Scavenge Score Fix - Gascan Pouring" to prevent affecting the score when filling gas in Scavenge style events: https://forums.alliedmods.net/showthread.php?t=187686
==========

L 03/19/2026 - 18:41:08: [l4d_extinguisher.smx] 
==========
Warning: You should install "[L4D & L4D2] Use Priority Patch" to fix attached models blocking +USE action: https://forums.alliedmods.net/showthread.php?t=327511
==========

L 03/19/2026 - 18:41:20: [basecommands.smx] "Console<0><Console><Console>" changed cvar (cvar "sv_consistency") (value "0")
L 03/19/2026 - 18:41:20: [basecommands.smx] "Console<0><Console><Console>" changed cvar (cvar "sv_allow_lobby_connect_only") (value "0")
L 03/19/2026 - 18:41:20: [basecommands.smx] "Console<0><Console><Console>" changed cvar (cvar "sv_maxplayers") (value "8")
L 03/19/2026 - 18:41:20: [basecommands.smx] "Console<0><Console><Console>" changed cvar (cvar "sv_visiblemaxplayers") (value "-1")
L 03/19/2026 - 18:41:20: [chat-processor.smx] Message formats generated for game 'left4dead2'.
L 03/19/2026 - 18:41:20: [chat-processor.smx] Successfully hooked a SayText2 chat hook.
L 03/19/2026 - 18:42:14: [funcommands.smx] "[T-T]MoY<2><STEAM_1:0:511491787><>" toggled noclip on "[T-T]MoY<2><STEAM_1:0:511491787><>"
L 03/19/2026 - 18:42:24: [funcommands.smx] "[T-T]MoY<2><STEAM_1:0:511491787><>" toggled noclip on "[T-T]MoY<2><STEAM_1:0:511491787><>"
L 03/19/2026 - 18:42:28: [playercommands.smx] "[T-T]MoY<2><STEAM_1:0:511491787><>" slayed "Ellis<3><BOT><>"
L 03/19/2026 - 18:42:28: [playercommands.smx] "[T-T]MoY<2><STEAM_1:0:511491787><>" slayed "Nick<4><BOT><>"
L 03/19/2026 - 18:42:29: [playercommands.smx] "[T-T]MoY<2><STEAM_1:0:511491787><>" slayed "Rochelle<5><BOT><>"
L 03/19/2026 - 18:42:41: -------- Mapchange to c2m2_fairgrounds --------
L 03/19/2026 - 18:42:45: [basecommands.smx] "Console<0><Console><Console>" changed cvar (cvar "sv_consistency") (value "0")
L 03/19/2026 - 18:42:45: [basecommands.smx] "Console<0><Console><Console>" changed cvar (cvar "sv_allow_lobby_connect_only") (value "0")
L 03/19/2026 - 18:42:45: [basecommands.smx] "Console<0><Console><Console>" changed cvar (cvar "sv_maxplayers") (value "8")
L 03/19/2026 - 18:42:45: [basecommands.smx] "Console<0><Console><Console>" changed cvar (cvar "sv_visiblemaxplayers") (value "-1")
L 03/19/2026 - 18:42:46: [chat-processor.smx] Message formats generated for game 'left4dead2'.
L 03/19/2026 - 18:42:46: [chat-processor.smx] Successfully hooked a SayText2 chat hook.
L 03/19/2026 - 18:43:14: [playercommands.smx] "[T-T]MoY<2><STEAM_1:0:511491787><>" slayed "Nick<6><BOT><>"
L 03/19/2026 - 18:43:15: [playercommands.smx] "[T-T]MoY<2><STEAM_1:0:511491787><>" slayed "Rochelle<7><BOT><>"
L 03/19/2026 - 18:43:15: [playercommands.smx] "[T-T]MoY<2><STEAM_1:0:511491787><>" slayed "Ellis<8><BOT><>"
L 03/19/2026 - 18:43:18: [funcommands.smx] "[T-T]MoY<2><STEAM_1:0:511491787><>" toggled noclip on "[T-T]MoY<2><STEAM_1:0:511491787><>"
L 03/19/2026 - 18:43:31: [funcommands.smx] "[T-T]MoY<2><STEAM_1:0:511491787><>" toggled noclip on "[T-T]MoY<2><STEAM_1:0:511491787><>"
L 03/19/2026 - 18:45:06: -------- Mapchange to c2m3_coaster --------
L 03/19/2026 - 18:45:11: [basecommands.smx] "Console<0><Console><Console>" changed cvar (cvar "sv_consistency") (value "0")
L 03/19/2026 - 18:45:11: [basecommands.smx] "Console<0><Console><Console>" changed cvar (cvar "sv_allow_lobby_connect_only") (value "0")
L 03/19/2026 - 18:45:11: [basecommands.smx] "Console<0><Console><Console>" changed cvar (cvar "sv_maxplayers") (value "8")
L 03/19/2026 - 18:45:11: [basecommands.smx] "Console<0><Console><Console>" changed cvar (cvar "sv_visiblemaxplayers") (value "-1")
L 03/19/2026 - 18:45:11: [chat-processor.smx] Message formats generated for game 'left4dead2'.
L 03/19/2026 - 18:45:11: [chat-processor.smx] Successfully hooked a SayText2 chat hook.
L 03/19/2026 - 18:46:53: -------- Mapchange to c2m1_highway --------
L 03/19/2026 - 18:46:58: [basecommands.smx] "Console<0><Console><Console>" changed cvar (cvar "sv_consistency") (value "0")
L 03/19/2026 - 18:46:58: [basecommands.smx] "Console<0><Console><Console>" changed cvar (cvar "sv_allow_lobby_connect_only") (value "0")
L 03/19/2026 - 18:46:58: [basecommands.smx] "Console<0><Console><Console>" changed cvar (cvar "sv_maxplayers") (value "8")
L 03/19/2026 - 18:46:58: [basecommands.smx] "Console<0><Console><Console>" changed cvar (cvar "sv_visiblemaxplayers") (value "-1")
L 03/19/2026 - 18:46:58: [chat-processor.smx] Message formats generated for game 'left4dead2'.
L 03/19/2026 - 18:46:58: [chat-processor.smx] Successfully hooked a SayText2 chat hook.
L 03/19/2026 - 18:47:53: [basecommands.smx] "[T-T]MoY<12><STEAM_1:0:511491787><>" changed cvar (cvar "sv_gravity") (value "200")
L 03/19/2026 - 18:48:29: -------- Mapchange to c2m1_highway --------
L 03/19/2026 - 18:48:34: [basecommands.smx] "Console<0><Console><Console>" changed cvar (cvar "sv_consistency") (value "0")
L 03/19/2026 - 18:48:34: [basecommands.smx] "Console<0><Console><Console>" changed cvar (cvar "sv_allow_lobby_connect_only") (value "0")
L 03/19/2026 - 18:48:34: [basecommands.smx] "Console<0><Console><Console>" changed cvar (cvar "sv_maxplayers") (value "8")
L 03/19/2026 - 18:48:34: [basecommands.smx] "Console<0><Console><Console>" changed cvar (cvar "sv_visiblemaxplayers") (value "-1")
L 03/19/2026 - 18:48:34: [chat-processor.smx] Message formats generated for game 'left4dead2'.
L 03/19/2026 - 18:48:34: [chat-processor.smx] Successfully hooked a SayText2 chat hook.
L 03/19/2026 - 18:49:33: [basecommands.smx] "[T-T]MoY<16><STEAM_1:0:511491787><>" changed cvar (cvar "sv_gravity") (value "200")
L 03/19/2026 - 18:50:16: [l4d2_shop.smx] [UPDATE]: "[T-T]MoY<16><STEAM_1:0:511491787><>" saved. Points: "0"
L 03/19/2026 - 18:51:49: [l4d2_shop.smx] [UPDATE]: "[T-T]MoY<16><STEAM_1:0:511491787><>" saved. Points: "0"
L 03/19/2026 - 18:54:19: -------- Mapchange to c2m2_fairgrounds --------
L 03/19/2026 - 18:54:23: [basecommands.smx] "Console<0><Console><Console>" changed cvar (cvar "sv_consistency") (value "0")
L 03/19/2026 - 18:54:23: [basecommands.smx] "Console<0><Console><Console>" changed cvar (cvar "sv_allow_lobby_connect_only") (value "0")
L 03/19/2026 - 18:54:23: [basecommands.smx] "Console<0><Console><Console>" changed cvar (cvar "sv_maxplayers") (value "8")
L 03/19/2026 - 18:54:23: [basecommands.smx] "Console<0><Console><Console>" changed cvar (cvar "sv_visiblemaxplayers") (value "-1")
L 03/19/2026 - 18:54:23: [chat-processor.smx] Message formats generated for game 'left4dead2'.
L 03/19/2026 - 18:54:23: [chat-processor.smx] Successfully hooked a SayText2 chat hook.
L 03/19/2026 - 18:57:50: [l4d2_shop.smx] [UPDATE]: "[T-T]MoY<16><STEAM_1:0:511491787><>" saved. Points: "20"
L 03/19/2026 - 19:02:08: -------- Mapchange to c2m3_coaster --------
L 03/19/2026 - 19:02:12: [basecommands.smx] "Console<0><Console><Console>" changed cvar (cvar "sv_consistency") (value "0")
L 03/19/2026 - 19:02:12: [basecommands.smx] "Console<0><Console><Console>" changed cvar (cvar "sv_allow_lobby_connect_only") (value "0")
L 03/19/2026 - 19:02:12: [basecommands.smx] "Console<0><Console><Console>" changed cvar (cvar "sv_maxplayers") (value "8")
L 03/19/2026 - 19:02:12: [basecommands.smx] "Console<0><Console><Console>" changed cvar (cvar "sv_visiblemaxplayers") (value "-1")
L 03/19/2026 - 19:02:12: [chat-processor.smx] Message formats generated for game 'left4dead2'.
L 03/19/2026 - 19:02:12: [chat-processor.smx] Successfully hooked a SayText2 chat hook.
L 03/19/2026 - 19:03:38: [l4d2_shop.smx] [UPDATE]: "[T-T]MoY<16><STEAM_1:0:511491787><>" saved. Points: "51"
L 03/19/2026 - 19:06:54: -------- Mapchange to c2m4_barns --------
L 03/19/2026 - 19:06:59: [basecommands.smx] "Console<0><Console><Console>" changed cvar (cvar "sv_consistency") (value "0")
L 03/19/2026 - 19:06:59: [basecommands.smx] "Console<0><Console><Console>" changed cvar (cvar "sv_allow_lobby_connect_only") (value "0")
L 03/19/2026 - 19:06:59: [basecommands.smx] "Console<0><Console><Console>" changed cvar (cvar "sv_maxplayers") (value "8")
L 03/19/2026 - 19:06:59: [basecommands.smx] "Console<0><Console><Console>" changed cvar (cvar "sv_visiblemaxplayers") (value "-1")
L 03/19/2026 - 19:07:00: [chat-processor.smx] Message formats generated for game 'left4dead2'.
L 03/19/2026 - 19:07:00: [chat-processor.smx] Successfully hooked a SayText2 chat hook.
L 03/19/2026 - 19:10:46: -------- Mapchange to c2m5_concert --------
L 03/19/2026 - 19:10:51: [basecommands.smx] "Console<0><Console><Console>" changed cvar (cvar "sv_consistency") (value "0")
L 03/19/2026 - 19:10:51: [basecommands.smx] "Console<0><Console><Console>" changed cvar (cvar "sv_allow_lobby_connect_only") (value "0")
L 03/19/2026 - 19:10:51: [basecommands.smx] "Console<0><Console><Console>" changed cvar (cvar "sv_maxplayers") (value "8")
L 03/19/2026 - 19:10:51: [basecommands.smx] "Console<0><Console><Console>" changed cvar (cvar "sv_visiblemaxplayers") (value "-1")
L 03/19/2026 - 19:10:51: [chat-processor.smx] Message formats generated for game 'left4dead2'.
L 03/19/2026 - 19:10:51: [chat-processor.smx] Successfully hooked a SayText2 chat hook.
L 03/19/2026 - 19:16:47: [l4d_sm_respawn.smx] "[T-T]MoY<16><STEAM_1:0:511491787><>" teleported "Rochelle<93><BOT><>" after respawning him
L 03/19/2026 - 19:16:48: [l4d_sm_respawn.smx] "[T-T]MoY<16><STEAM_1:0:511491787><>" teleported "Tio HANS<54><STEAM_1:1:561390472><>" after respawning him
L 03/19/2026 - 19:18:15: [l4d_sm_respawn.smx] "[T-T]MoY<16><STEAM_1:0:511491787><>" teleported "[T-T]MoY<16><STEAM_1:0:511491787><>" after respawning him
L 03/19/2026 - 19:18:15: [l4d_sm_respawn.smx] "[T-T]MoY<16><STEAM_1:0:511491787><>" teleported "Rochelle<93><BOT><>" after respawning him
L 03/19/2026 - 19:18:16: [l4d_sm_respawn.smx] "[T-T]MoY<16><STEAM_1:0:511491787><>" teleported "JTanya<36><STEAM_1:0:162341753><>" after respawning him
L 03/19/2026 - 19:19:16: [l4d_sm_respawn.smx] "[T-T]MoY<16><STEAM_1:0:511491787><>" teleported "Rochelle<93><BOT><>" after respawning him
L 03/19/2026 - 19:19:16: [l4d_sm_respawn.smx] "[T-T]MoY<16><STEAM_1:0:511491787><>" teleported "Tio HANS<54><STEAM_1:1:561390472><>" after respawning him
L 03/19/2026 - 19:19:16: [l4d_sm_respawn.smx] "[T-T]MoY<16><STEAM_1:0:511491787><>" teleported "JTanya<36><STEAM_1:0:162341753><>" after respawning him
L 03/19/2026 - 19:19:27: [l4d_sm_respawn.smx] "[T-T]MoY<16><STEAM_1:0:511491787><>" teleported "[T-T]MoY<16><STEAM_1:0:511491787><>" after respawning him
L 03/19/2026 - 19:19:27: [l4d_sm_respawn.smx] "[T-T]MoY<16><STEAM_1:0:511491787><>" teleported "Rochelle<93><BOT><>" after respawning him
L 03/19/2026 - 19:19:27: [l4d_sm_respawn.smx] "[T-T]MoY<16><STEAM_1:0:511491787><>" teleported "JTanya<36><STEAM_1:0:162341753><>" after respawning him
L 03/19/2026 - 19:20:06: -------- Mapchange to c5m1_waterfront --------
L 03/19/2026 - 19:20:11: [basecommands.smx] "Console<0><Console><Console>" changed cvar (cvar "sv_consistency") (value "0")
L 03/19/2026 - 19:20:11: [basecommands.smx] "Console<0><Console><Console>" changed cvar (cvar "sv_allow_lobby_connect_only") (value "0")
L 03/19/2026 - 19:20:11: [basecommands.smx] "Console<0><Console><Console>" changed cvar (cvar "sv_maxplayers") (value "8")
L 03/19/2026 - 19:20:11: [basecommands.smx] "Console<0><Console><Console>" changed cvar (cvar "sv_visiblemaxplayers") (value "-1")
L 03/19/2026 - 19:20:11: [chat-processor.smx] Message formats generated for game 'left4dead2'.
L 03/19/2026 - 19:20:11: [chat-processor.smx] Successfully hooked a SayText2 chat hook.
L 03/19/2026 - 19:21:51: -------- Mapchange to c5m2_park --------
L 03/19/2026 - 19:21:55: [basecommands.smx] "Console<0><Console><Console>" changed cvar (cvar "sv_consistency") (value "0")
L 03/19/2026 - 19:21:55: [basecommands.smx] "Console<0><Console><Console>" changed cvar (cvar "sv_allow_lobby_connect_only") (value "0")
L 03/19/2026 - 19:21:55: [basecommands.smx] "Console<0><Console><Console>" changed cvar (cvar "sv_maxplayers") (value "8")
L 03/19/2026 - 19:21:55: [basecommands.smx] "Console<0><Console><Console>" changed cvar (cvar "sv_visiblemaxplayers") (value "-1")
L 03/19/2026 - 19:21:56: [chat-processor.smx] Message formats generated for game 'left4dead2'.
L 03/19/2026 - 19:21:56: [chat-processor.smx] Successfully hooked a SayText2 chat hook.
L 03/19/2026 - 19:24:02: [l4d2_shop.smx] [UPDATE]: "[T-T]MoY<16><STEAM_1:0:511491787><>" saved. Points: "152"
L 03/19/2026 - 19:24:31: [l4d2_shop.smx] [UPDATE]: "[T-T]MoY<16><STEAM_1:0:511491787><>" saved. Points: "152"
L 03/19/2026 - 19:27:05: [l4d2_shop.smx] [UPDATE]: "[T-T]MoY<16><STEAM_1:0:511491787><>" saved. Points: "158"
L 03/19/2026 - 19:30:46: [l4d2_shop.smx] [UPDATE]: "[T-T]MoY<16><STEAM_1:0:511491787><>" saved. Points: "175"
L 03/19/2026 - 19:32:11: [l4d2_shop.smx] [UPDATE]: "[T-T]MoY<16><STEAM_1:0:511491787><>" saved. Points: "175"
L 03/19/2026 - 19:34:35: [l4d2_shop.smx] [UPDATE]: "[T-T]MoY<16><STEAM_1:0:511491787><>" saved. Points: "189"
L 03/19/2026 - 19:36:32: [l4d2_shop.smx] [UPDATE]: "[T-T]MoY<16><STEAM_1:0:511491787><>" saved. Points: "695"
L 03/19/2026 - 19:36:32: [l4d2_shop.smx] [Admin]: "[T-T]MoY<16><STEAM_1:0:511491787><>" rewarded "500" points for "[T-T]MoY<16><STEAM_1:0:511491787><>" (current: "695")
L 03/19/2026 - 19:36:33: [l4d2_shop.smx] [Admin]: "[T-T]MoY<16><STEAM_1:0:511491787><>" rewarded "500" points for "zack<149><STEAM_1:1:187459272><>" (current: "528")
L 03/19/2026 - 19:36:33: [l4d2_shop.smx] [Admin]: "[T-T]MoY<16><STEAM_1:0:511491787><>" rewarded "500" points for "Tio HANS<54><STEAM_1:1:561390472><>" (current: "691")
L 03/19/2026 - 19:36:34: [l4d2_shop.smx] [Admin]: "[T-T]MoY<16><STEAM_1:0:511491787><>" rewarded "500" points for "0__0<139><STEAM_1:1:569025483><>" (current: "541")
L 03/19/2026 - 19:36:34: [l4d2_shop.smx] [Admin]: "[T-T]MoY<16><STEAM_1:0:511491787><>" rewarded "500" points for "BigBoss ⚔<171><STEAM_1:1:164372806><>" (current: "514")
L 03/19/2026 - 19:36:35: [l4d2_shop.smx] [Admin]: "[T-T]MoY<16><STEAM_1:0:511491787><>" rewarded "500" points for "JTanya<36><STEAM_1:0:162341753><>" (current: "630")
L 03/19/2026 - 19:36:35: [l4d2_shop.smx] [UPDATE]: "[T-T]MoY<16><STEAM_1:0:511491787><>" saved. Points: "695"
L 03/19/2026 - 19:36:37: [l4d2_shop.smx] [Admin]: "[T-T]MoY<16><STEAM_1:0:511491787><>" rewarded "500" points for "Frankthon45<143><STEAM_1:1:411144581><>" (current: "530")
L 03/19/2026 - 19:38:52: [l4d_sm_respawn.smx] "[T-T]MoY<16><STEAM_1:0:511491787><>" teleported "[T-T]MoY<16><STEAM_1:0:511491787><>" after respawning him
L 03/19/2026 - 19:38:53: [l4d_sm_respawn.smx] "[T-T]MoY<16><STEAM_1:0:511491787><>" teleported "zack<149><STEAM_1:1:187459272><>" after respawning him
L 03/19/2026 - 19:38:53: [l4d_sm_respawn.smx] "[T-T]MoY<16><STEAM_1:0:511491787><>" teleported "Joseluis(SDT)<194><STEAM_1:1:178351252><>" after respawning him
L 03/19/2026 - 19:38:54: [l4d_sm_respawn.smx] "[T-T]MoY<16><STEAM_1:0:511491787><>" teleported "0__0<139><STEAM_1:1:569025483><>" after respawning him
L 03/19/2026 - 19:38:54: [l4d_sm_respawn.smx] "[T-T]MoY<16><STEAM_1:0:511491787><>" teleported "BigBoss ⚔<171><STEAM_1:1:164372806><>" after respawning him
L 03/19/2026 - 19:38:54: [l4d_sm_respawn.smx] "[T-T]MoY<16><STEAM_1:0:511491787><>" teleported "JTanya<36><STEAM_1:0:162341753><>" after respawning him
L 03/19/2026 - 19:38:54: [l4d_sm_respawn.smx] "[T-T]MoY<16><STEAM_1:0:511491787><>" teleported "Frankthon45<143><STEAM_1:1:411144581><>" after respawning him
L 03/19/2026 - 19:40:05: -------- Mapchange to c5m3_cemetery --------
L 03/19/2026 - 19:40:10: [basecommands.smx] "Console<0><Console><Console>" changed cvar (cvar "sv_consistency") (value "0")
L 03/19/2026 - 19:40:10: [basecommands.smx] "Console<0><Console><Console>" changed cvar (cvar "sv_allow_lobby_connect_only") (value "0")
L 03/19/2026 - 19:40:10: [basecommands.smx] "Console<0><Console><Console>" changed cvar (cvar "sv_maxplayers") (value "8")
L 03/19/2026 - 19:40:10: [basecommands.smx] "Console<0><Console><Console>" changed cvar (cvar "sv_visiblemaxplayers") (value "-1")
L 03/19/2026 - 19:40:10: [chat-processor.smx] Message formats generated for game 'left4dead2'.
L 03/19/2026 - 19:40:10: [chat-processor.smx] Successfully hooked a SayText2 chat hook.
L 03/19/2026 - 19:42:31: [l4d2_shop.smx] [UPDATE]: "[T-T]MoY<16><STEAM_1:0:511491787><>" saved. Points: "702"
L 03/19/2026 - 19:45:26: [l4d2_shop.smx] [UPDATE]: "[T-T]MoY<16><STEAM_1:0:511491787><>" saved. Points: "708"
L 03/19/2026 - 19:48:20: [l4d_sm_respawn.smx] "[T-T]MoY<16><STEAM_1:0:511491787><>" teleported "zack<149><STEAM_1:1:187459272><>" after respawning him
L 03/19/2026 - 19:48:21: [l4d_sm_respawn.smx] "[T-T]MoY<16><STEAM_1:0:511491787><>" teleported "Joseluis(SDT)<194><STEAM_1:1:178351252><>" after respawning him
L 03/19/2026 - 19:48:21: [l4d_sm_respawn.smx] "[T-T]MoY<16><STEAM_1:0:511491787><>" teleported "Tio HANS<54><STEAM_1:1:561390472><>" after respawning him
L 03/19/2026 - 19:48:21: [l4d_sm_respawn.smx] "[T-T]MoY<16><STEAM_1:0:511491787><>" teleported "0__0<139><STEAM_1:1:569025483><>" after respawning him
L 03/19/2026 - 19:48:22: [l4d_sm_respawn.smx] "[T-T]MoY<16><STEAM_1:0:511491787><>" teleported "JTanya<36><STEAM_1:0:162341753><>" after respawning him
L 03/19/2026 - 19:48:22: [l4d_sm_respawn.smx] "[T-T]MoY<16><STEAM_1:0:511491787><>" teleported "Frankthon45<143><STEAM_1:1:411144581><>" after respawning him
L 03/19/2026 - 19:48:27: [l4d_sm_respawn.smx] "[T-T]MoY<16><STEAM_1:0:511491787><>" teleported "Tio HANS<54><STEAM_1:1:561390472><>" after respawning him
L 03/19/2026 - 19:48:28: [l4d_sm_respawn.smx] "[T-T]MoY<16><STEAM_1:0:511491787><>" teleported "zack<149><STEAM_1:1:187459272><>" after respawning him
L 03/19/2026 - 19:48:28: [l4d_sm_respawn.smx] "[T-T]MoY<16><STEAM_1:0:511491787><>" teleported "Frankthon45<143><STEAM_1:1:411144581><>" after respawning him
L 03/19/2026 - 19:48:28: [l4d_sm_respawn.smx] "[T-T]MoY<16><STEAM_1:0:511491787><>" teleported "Tio HANS<54><STEAM_1:1:561390472><>" after respawning him
L 03/19/2026 - 19:48:30: [l4d_sm_respawn.smx] "[T-T]MoY<16><STEAM_1:0:511491787><>" teleported "JTanya<36><STEAM_1:0:162341753><>" after respawning him
L 03/19/2026 - 19:49:22: [l4d_sm_respawn.smx] "[T-T]MoY<16><STEAM_1:0:511491787><>" teleported "[T-T]MoY<16><STEAM_1:0:511491787><>" after respawning him
L 03/19/2026 - 19:49:22: [l4d_sm_respawn.smx] "[T-T]MoY<16><STEAM_1:0:511491787><>" teleported "zack<149><STEAM_1:1:187459272><>" after respawning him
L 03/19/2026 - 19:49:22: [l4d_sm_respawn.smx] "[T-T]MoY<16><STEAM_1:0:511491787><>" teleported "Joseluis(SDT)<194><STEAM_1:1:178351252><>" after respawning him
L 03/19/2026 - 19:49:22: [l4d_sm_respawn.smx] "[T-T]MoY<16><STEAM_1:0:511491787><>" teleported "Tio HANS<54><STEAM_1:1:561390472><>" after respawning him
L 03/19/2026 - 19:49:22: [l4d_sm_respawn.smx] "[T-T]MoY<16><STEAM_1:0:511491787><>" teleported "0__0<139><STEAM_1:1:569025483><>" after respawning him
L 03/19/2026 - 19:49:23: [l4d_sm_respawn.smx] "[T-T]MoY<16><STEAM_1:0:511491787><>" teleported "JTanya<36><STEAM_1:0:162341753><>" after respawning him
L 03/19/2026 - 19:49:23: [l4d_sm_respawn.smx] "[T-T]MoY<16><STEAM_1:0:511491787><>" teleported "Frankthon45<143><STEAM_1:1:411144581><>" after respawning him
L 03/19/2026 - 19:51:31: [l4d_sm_respawn.smx] "[T-T]MoY<16><STEAM_1:0:511491787><>" teleported "[T-T]MoY<16><STEAM_1:0:511491787><>" after respawning him
L 03/19/2026 - 19:51:32: [l4d_sm_respawn.smx] "[T-T]MoY<16><STEAM_1:0:511491787><>" teleported "zack<149><STEAM_1:1:187459272><>" after respawning him
L 03/19/2026 - 19:51:32: [l4d_sm_respawn.smx] "[T-T]MoY<16><STEAM_1:0:511491787><>" teleported "Joseluis(SDT)<194><STEAM_1:1:178351252><>" after respawning him
L 03/19/2026 - 19:51:32: [l4d_sm_respawn.smx] "[T-T]MoY<16><STEAM_1:0:511491787><>" teleported "0__0<139><STEAM_1:1:569025483><>" after respawning him
L 03/19/2026 - 19:51:32: [l4d_sm_respawn.smx] "[T-T]MoY<16><STEAM_1:0:511491787><>" teleported "JTanya<36><STEAM_1:0:162341753><>" after respawning him
L 03/19/2026 - 19:51:32: [l4d_sm_respawn.smx] "[T-T]MoY<16><STEAM_1:0:511491787><>" teleported "Frankthon45<143><STEAM_1:1:411144581><>" after respawning him
L 03/19/2026 - 19:52:53: -------- Mapchange to c5m4_quarter --------
L 03/19/2026 - 19:52:58: [basecommands.smx] "Console<0><Console><Console>" changed cvar (cvar "sv_consistency") (value "0")
L 03/19/2026 - 19:52:58: [basecommands.smx] "Console<0><Console><Console>" changed cvar (cvar "sv_allow_lobby_connect_only") (value "0")
L 03/19/2026 - 19:52:58: [basecommands.smx] "Console<0><Console><Console>" changed cvar (cvar "sv_maxplayers") (value "8")
L 03/19/2026 - 19:52:58: [basecommands.smx] "Console<0><Console><Console>" changed cvar (cvar "sv_visiblemaxplayers") (value "-1")
L 03/19/2026 - 19:52:59: [chat-processor.smx] Message formats generated for game 'left4dead2'.
L 03/19/2026 - 19:52:59: [chat-processor.smx] Successfully hooked a SayText2 chat hook.
L 03/19/2026 - 19:56:35: [l4d2_shop.smx] [UPDATE]: "[T-T]MoY<16><STEAM_1:0:511491787><>" saved. Points: "737"
L 03/19/2026 - 20:00:25: -------- Mapchange to c5m5_bridge --------
L 03/19/2026 - 20:00:31: [basecommands.smx] "Console<0><Console><Console>" changed cvar (cvar "sv_consistency") (value "0")
L 03/19/2026 - 20:00:31: [basecommands.smx] "Console<0><Console><Console>" changed cvar (cvar "sv_allow_lobby_connect_only") (value "0")
L 03/19/2026 - 20:00:31: [basecommands.smx] "Console<0><Console><Console>" changed cvar (cvar "sv_maxplayers") (value "8")
L 03/19/2026 - 20:00:31: [basecommands.smx] "Console<0><Console><Console>" changed cvar (cvar "sv_visiblemaxplayers") (value "-1")
L 03/19/2026 - 20:00:31: [chat-processor.smx] Message formats generated for game 'left4dead2'.
L 03/19/2026 - 20:00:31: [chat-processor.smx] Successfully hooked a SayText2 chat hook.
L 03/19/2026 - 20:04:43: -------- Mapchange to c13m1_alpinecreek --------
L 03/19/2026 - 20:04:48: [basecommands.smx] "Console<0><Console><Console>" changed cvar (cvar "sv_consistency") (value "0")
L 03/19/2026 - 20:04:48: [basecommands.smx] "Console<0><Console><Console>" changed cvar (cvar "sv_allow_lobby_connect_only") (value "0")
L 03/19/2026 - 20:04:48: [basecommands.smx] "Console<0><Console><Console>" changed cvar (cvar "sv_maxplayers") (value "8")
L 03/19/2026 - 20:04:48: [basecommands.smx] "Console<0><Console><Console>" changed cvar (cvar "sv_visiblemaxplayers") (value "-1")
L 03/19/2026 - 20:04:48: [chat-processor.smx] Message formats generated for game 'left4dead2'.
L 03/19/2026 - 20:04:48: [chat-processor.smx] Successfully hooked a SayText2 chat hook.
L 03/19/2026 - 20:06:48: -------- Mapchange to c13m2_southpinestream --------
L 03/19/2026 - 20:06:53: [basecommands.smx] "Console<0><Console><Console>" changed cvar (cvar "sv_consistency") (value "0")
L 03/19/2026 - 20:06:53: [basecommands.smx] "Console<0><Console><Console>" changed cvar (cvar "sv_allow_lobby_connect_only") (value "0")
L 03/19/2026 - 20:06:53: [basecommands.smx] "Console<0><Console><Console>" changed cvar (cvar "sv_maxplayers") (value "8")
L 03/19/2026 - 20:06:53: [basecommands.smx] "Console<0><Console><Console>" changed cvar (cvar "sv_visiblemaxplayers") (value "-1")
L 03/19/2026 - 20:06:53: [chat-processor.smx] Message formats generated for game 'left4dead2'.
L 03/19/2026 - 20:06:53: [chat-processor.smx] Successfully hooked a SayText2 chat hook.
L 03/19/2026 - 20:09:16: [l4d2_shop.smx] [UPDATE]: "[T-T]MoY<16><STEAM_1:0:511491787><>" saved. Points: "768"
L 03/19/2026 - 20:09:56: [l4d_sm_respawn.smx] "[T-T]MoY<16><STEAM_1:0:511491787><>" teleported "BigBoss ⚔<171><STEAM_1:1:164372806><>" after respawning him
L 03/19/2026 - 20:12:02: [l4d2_shop.smx] [UPDATE]: "[T-T]MoY<16><STEAM_1:0:511491787><>" saved. Points: "774"
L 03/19/2026 - 20:12:28: [l4d_sm_respawn.smx] "[T-T]MoY<16><STEAM_1:0:511491787><>" teleported "Joseluis(SDT)<194><STEAM_1:1:178351252><>" after respawning him
L 03/19/2026 - 20:12:28: [l4d_sm_respawn.smx] "[T-T]MoY<16><STEAM_1:0:511491787><>" teleported "Tio HANS<54><STEAM_1:1:561390472><>" after respawning him
L 03/19/2026 - 20:13:24: [l4d2_shop.smx] [Buy]: "[T-T]MoY<16><STEAM_1:0:511491787><>" bought "Revivir (Costo actual: 50)" (price: "50"), remaining points: "726"
L 03/19/2026 - 20:14:18: [l4d_sm_respawn.smx] "[T-T]MoY<16><STEAM_1:0:511491787><>" teleported "[T-T]MoY<16><STEAM_1:0:511491787><>" after respawning him
L 03/19/2026 - 20:14:19: [l4d_sm_respawn.smx] "[T-T]MoY<16><STEAM_1:0:511491787><>" teleported "onichan12<308><STEAM_1:1:630810877><>" after respawning him
L 03/19/2026 - 20:14:19: [l4d_sm_respawn.smx] "[T-T]MoY<16><STEAM_1:0:511491787><>" teleported "Tio HANS<54><STEAM_1:1:561390472><>" after respawning him
L 03/19/2026 - 20:14:19: [l4d_sm_respawn.smx] "[T-T]MoY<16><STEAM_1:0:511491787><>" teleported "BigBoss ⚔<171><STEAM_1:1:164372806><>" after respawning him
L 03/19/2026 - 20:15:20: -------- Mapchange to c13m3_memorialbridge --------
L 03/19/2026 - 20:15:24: [basecommands.smx] "Console<0><Console><Console>" changed cvar (cvar "sv_consistency") (value "0")
L 03/19/2026 - 20:15:24: [basecommands.smx] "Console<0><Console><Console>" changed cvar (cvar "sv_allow_lobby_connect_only") (value "0")
L 03/19/2026 - 20:15:24: [basecommands.smx] "Console<0><Console><Console>" changed cvar (cvar "sv_maxplayers") (value "8")
L 03/19/2026 - 20:15:24: [basecommands.smx] "Console<0><Console><Console>" changed cvar (cvar "sv_visiblemaxplayers") (value "-1")
L 03/19/2026 - 20:15:24: [chat-processor.smx] Message formats generated for game 'left4dead2'.
L 03/19/2026 - 20:15:24: [chat-processor.smx] Successfully hooked a SayText2 chat hook.
L 03/19/2026 - 20:17:30: [l4d2_shop.smx] [UPDATE]: "[T-T]MoY<16><STEAM_1:0:511491787><>" saved. Points: "736"
L 03/19/2026 - 20:20:56: -------- Mapchange to c13m4_cutthroatcreek --------
L 03/19/2026 - 20:21:00: [basecommands.smx] "Console<0><Console><Console>" changed cvar (cvar "sv_consistency") (value "0")
L 03/19/2026 - 20:21:00: [basecommands.smx] "Console<0><Console><Console>" changed cvar (cvar "sv_allow_lobby_connect_only") (value "0")
L 03/19/2026 - 20:21:00: [basecommands.smx] "Console<0><Console><Console>" changed cvar (cvar "sv_maxplayers") (value "8")
L 03/19/2026 - 20:21:00: [basecommands.smx] "Console<0><Console><Console>" changed cvar (cvar "sv_visiblemaxplayers") (value "-1")
L 03/19/2026 - 20:21:01: [chat-processor.smx] Message formats generated for game 'left4dead2'.
L 03/19/2026 - 20:21:01: [chat-processor.smx] Successfully hooked a SayText2 chat hook.
L 03/19/2026 - 20:21:31: [l4d_sm_respawn.smx] "[T-T]MoY<16><STEAM_1:0:511491787><>" teleported "Tio HANS<54><STEAM_1:1:561390472><>" after respawning him
L 03/19/2026 - 20:22:27: [funcommands.smx] "[T-T]MoY<16><STEAM_1:0:511491787><>" froze "onichan12<308><STEAM_1:1:630810877><>"
L 03/19/2026 - 20:22:41: [l4d_sm_respawn.smx] "[T-T]MoY<16><STEAM_1:0:511491787><>" teleported "Joseluis(SDT)<194><STEAM_1:1:178351252><>" after respawning him
L 03/19/2026 - 20:22:41: [l4d_sm_respawn.smx] "[T-T]MoY<16><STEAM_1:0:511491787><>" teleported "Tio HANS<54><STEAM_1:1:561390472><>" after respawning him
L 03/19/2026 - 20:22:57: [basevotes.smx] "[T-T]MoY<16><STEAM_1:0:511491787><>" initiated a ban vote against "onichan12<308><STEAM_1:1:630810877><>"
L 03/19/2026 - 20:23:09: [basebans.smx] "[T-T]MoY<16><STEAM_1:0:511491787><>" banned "onichan12<308><STEAM_1:1:630810877><>" (minutes "0") (reason "Racism")
L 03/19/2026 - 20:23:18: [basevotes.smx] Vote failed. 60% vote required. (Received "40" of 5 votes)
L 03/19/2026 - 20:25:42: -------- Mapchange to c1m1_hotel --------
L 03/19/2026 - 20:25:46: [basecommands.smx] "Console<0><Console><Console>" changed cvar (cvar "sv_consistency") (value "0")
L 03/19/2026 - 20:25:46: [basecommands.smx] "Console<0><Console><Console>" changed cvar (cvar "sv_allow_lobby_connect_only") (value "0")
L 03/19/2026 - 20:25:46: [basecommands.smx] "Console<0><Console><Console>" changed cvar (cvar "sv_maxplayers") (value "8")
L 03/19/2026 - 20:25:46: [basecommands.smx] "Console<0><Console><Console>" changed cvar (cvar "sv_visiblemaxplayers") (value "-1")
L 03/19/2026 - 20:25:47: [chat-processor.smx] Message formats generated for game 'left4dead2'.
L 03/19/2026 - 20:25:47: [chat-processor.smx] Successfully hooked a SayText2 chat hook.
L 03/19/2026 - 20:25:56: Log file closed.
L 03/19/2026 - 22:49:57: SourceMod log file session started (file "d:\steamlibrary\steamapps\common\left 4 dead 2\left4dead2\addons\sourcemod\logs\L20260319.log") (Version "1.12.0.7207")
L 03/19/2026 - 22:49:57: [GEOIP] GeoIP2 database loaded: GeoLite2-ASN (2024-08-21 08:15:21 UTC) (d:\steamlibrary\steamapps\common\left 4 dead 2\left4dead2\addons\sourcemod\configs\geoip\GeoLite2-ASN.mmdb)
L 03/19/2026 - 22:49:57: [GEOIP] GeoIP2 supported languages: en
L 03/19/2026 - 22:49:57: [GEOIP] Your database is older than 90 days. You should consider downloading a newer version from e.g. https://dev.maxmind.com/geoip/geolite2-free-geolocation-data
L 03/19/2026 - 22:49:57: [l4d2_map_rotation.smx] [Rotation] Lista cargada con 4 campañas.
L 03/19/2026 - 22:49:58: [l4d_extinguisher.smx] 
==========
Warning: You should install "[L4D2] Scavenge Score Fix - Gascan Pouring" to prevent affecting the score when filling gas in Scavenge style events: https://forums.alliedmods.net/showthread.php?t=187686
==========

L 03/19/2026 - 22:49:58: [l4d_extinguisher.smx] 
==========
Warning: You should install "[L4D & L4D2] Use Priority Patch" to fix attached models blocking +USE action: https://forums.alliedmods.net/showthread.php?t=327511
==========

L 03/19/2026 - 22:50:13: [basecommands.smx] "Console<0><Console><Console>" changed cvar (cvar "sv_consistency") (value "0")
L 03/19/2026 - 22:50:13: [basecommands.smx] "Console<0><Console><Console>" changed cvar (cvar "sv_allow_lobby_connect_only") (value "0")
L 03/19/2026 - 22:50:13: [basecommands.smx] "Console<0><Console><Console>" changed cvar (cvar "sv_maxplayers") (value "8")
L 03/19/2026 - 22:50:13: [basecommands.smx] "Console<0><Console><Console>" changed cvar (cvar "sv_visiblemaxplayers") (value "-1")
L 03/19/2026 - 22:50:13: [chat-processor.smx] Message formats generated for game 'left4dead2'.
L 03/19/2026 - 22:50:13: [chat-processor.smx] Successfully hooked a SayText2 chat hook.
L 03/19/2026 - 22:51:19: [basecommands.smx] "[T-T]MoY<2><STEAM_1:0:511491787><>" changed cvar (cvar "sv_gravity") (value "200")
L 03/19/2026 - 22:51:34: [l4d2_shop.smx] [UPDATE]: "[T-T]MoY<2><STEAM_1:0:511491787><>" saved. Points: "0"
L 03/19/2026 - 22:52:21: [l4d2_shop.smx] [UPDATE]: "[T-T]MoY<2><STEAM_1:0:511491787><>" saved. Points: "0"
L 03/19/2026 - 22:53:43: [l4d2_shop.smx] [UPDATE]: "[T-T]MoY<2><STEAM_1:0:511491787><>" saved. Points: "0"
L 03/19/2026 - 22:54:26: [l4d2_shop.smx] [UPDATE]: "[T-T]MoY<2><STEAM_1:0:511491787><>" saved. Points: "0"
L 03/19/2026 - 22:55:52: [l4d2_shop.smx] [UPDATE]: "[T-T]MoY<2><STEAM_1:0:511491787><>" saved. Points: "0"
L 03/19/2026 - 22:57:45: [l4d2_shop.smx] [UPDATE]: "[T-T]MoY<2><STEAM_1:0:511491787><>" saved. Points: "2"
L 03/19/2026 - 22:58:15: [l4d2_shop.smx] [UPDATE]: "[T-T]MoY<2><STEAM_1:0:511491787><>" saved. Points: "2"
L 03/19/2026 - 22:58:52: [l4d2_shop.smx] [UPDATE]: "[T-T]MoY<2><STEAM_1:0:511491787><>" saved. Points: "2"
L 03/19/2026 - 22:59:45: [l4d2_shop.smx] [UPDATE]: "[T-T]MoY<2><STEAM_1:0:511491787><>" saved. Points: "2"
L 03/19/2026 - 23:02:07: -------- Mapchange to bwm2_city --------
L 03/19/2026 - 23:02:11: [basecommands.smx] "Console<0><Console><Console>" changed cvar (cvar "sv_consistency") (value "0")
L 03/19/2026 - 23:02:11: [basecommands.smx] "Console<0><Console><Console>" changed cvar (cvar "sv_allow_lobby_connect_only") (value "0")
L 03/19/2026 - 23:02:11: [basecommands.smx] "Console<0><Console><Console>" changed cvar (cvar "sv_maxplayers") (value "8")
L 03/19/2026 - 23:02:11: [basecommands.smx] "Console<0><Console><Console>" changed cvar (cvar "sv_visiblemaxplayers") (value "-1")
L 03/19/2026 - 23:02:12: [chat-processor.smx] Message formats generated for game 'left4dead2'.
L 03/19/2026 - 23:02:12: [chat-processor.smx] Successfully hooked a SayText2 chat hook.
L 03/19/2026 - 23:04:10: [l4d2_shop.smx] [UPDATE]: "[T-T]MoY<2><STEAM_1:0:511491787><>" saved. Points: "14"
L 03/19/2026 - 23:07:06: -------- Mapchange to bwm3_forest --------
L 03/19/2026 - 23:07:10: [basecommands.smx] "Console<0><Console><Console>" changed cvar (cvar "sv_consistency") (value "0")
L 03/19/2026 - 23:07:10: [basecommands.smx] "Console<0><Console><Console>" changed cvar (cvar "sv_allow_lobby_connect_only") (value "0")
L 03/19/2026 - 23:07:10: [basecommands.smx] "Console<0><Console><Console>" changed cvar (cvar "sv_maxplayers") (value "8")
L 03/19/2026 - 23:07:10: [basecommands.smx] "Console<0><Console><Console>" changed cvar (cvar "sv_visiblemaxplayers") (value "-1")
L 03/19/2026 - 23:07:10: [chat-processor.smx] Message formats generated for game 'left4dead2'.
L 03/19/2026 - 23:07:10: [chat-processor.smx] Successfully hooked a SayText2 chat hook.
L 03/19/2026 - 23:08:20: [l4d2_shop.smx] [UPDATE]: "[T-T]MoY<2><STEAM_1:0:511491787><>" saved. Points: "24"
L 03/19/2026 - 23:10:23: -------- Mapchange to bwm4_rooftops --------
L 03/19/2026 - 23:10:28: [basecommands.smx] "Console<0><Console><Console>" changed cvar (cvar "sv_consistency") (value "0")
L 03/19/2026 - 23:10:28: [basecommands.smx] "Console<0><Console><Console>" changed cvar (cvar "sv_allow_lobby_connect_only") (value "0")
L 03/19/2026 - 23:10:28: [basecommands.smx] "Console<0><Console><Console>" changed cvar (cvar "sv_maxplayers") (value "8")
L 03/19/2026 - 23:10:28: [basecommands.smx] "Console<0><Console><Console>" changed cvar (cvar "sv_visiblemaxplayers") (value "-1")
L 03/19/2026 - 23:10:28: [chat-processor.smx] Message formats generated for game 'left4dead2'.
L 03/19/2026 - 23:10:28: [chat-processor.smx] Successfully hooked a SayText2 chat hook.
L 03/19/2026 - 23:12:01: [l4d2_shop.smx] [UPDATE]: "[T-T]MoY<2><STEAM_1:0:511491787><>" saved. Points: "34"
L 03/19/2026 - 23:13:59: [l4d2_shop.smx] [UPDATE]: "[T-T]MoY<2><STEAM_1:0:511491787><>" saved. Points: "38"
L 03/19/2026 - 23:15:09: [l4d2_shop.smx] [UPDATE]: "[T-T]MoY<2><STEAM_1:0:511491787><>" saved. Points: "42"
L 03/19/2026 - 23:17:21: -------- Mapchange to bwm5_bridge --------
L 03/19/2026 - 23:17:25: [basecommands.smx] "Console<0><Console><Console>" changed cvar (cvar "sv_consistency") (value "0")
L 03/19/2026 - 23:17:25: [basecommands.smx] "Console<0><Console><Console>" changed cvar (cvar "sv_allow_lobby_connect_only") (value "0")
L 03/19/2026 - 23:17:25: [basecommands.smx] "Console<0><Console><Console>" changed cvar (cvar "sv_maxplayers") (value "8")
L 03/19/2026 - 23:17:25: [basecommands.smx] "Console<0><Console><Console>" changed cvar (cvar "sv_visiblemaxplayers") (value "-1")
L 03/19/2026 - 23:17:26: [chat-processor.smx] Message formats generated for game 'left4dead2'.
L 03/19/2026 - 23:17:26: [chat-processor.smx] Successfully hooked a SayText2 chat hook.
L 03/19/2026 - 23:18:47: [l4d2_shop.smx] [UPDATE]: "[T-T]MoY<2><STEAM_1:0:511491787><>" saved. Points: "50"
L 03/19/2026 - 23:19:23: [l4d2_shop.smx] [UPDATE]: "[T-T]MoY<2><STEAM_1:0:511491787><>" saved. Points: "50"
L 03/19/2026 - 23:22:26: -------- Mapchange to c1m1_hotel --------
L 03/19/2026 - 23:22:30: [basecommands.smx] "Console<0><Console><Console>" changed cvar (cvar "sv_consistency") (value "0")
L 03/19/2026 - 23:22:30: [basecommands.smx] "Console<0><Console><Console>" changed cvar (cvar "sv_allow_lobby_connect_only") (value "0")
L 03/19/2026 - 23:22:30: [basecommands.smx] "Console<0><Console><Console>" changed cvar (cvar "sv_maxplayers") (value "8")
L 03/19/2026 - 23:22:30: [basecommands.smx] "Console<0><Console><Console>" changed cvar (cvar "sv_visiblemaxplayers") (value "-1")
L 03/19/2026 - 23:22:31: [chat-processor.smx] Message formats generated for game 'left4dead2'.
L 03/19/2026 - 23:22:31: [chat-processor.smx] Successfully hooked a SayText2 chat hook.
L 03/19/2026 - 23:25:10: -------- Mapchange to c1m2_streets --------
L 03/19/2026 - 23:25:15: [basecommands.smx] "Console<0><Console><Console>" changed cvar (cvar "sv_consistency") (value "0")
L 03/19/2026 - 23:25:15: [basecommands.smx] "Console<0><Console><Console>" changed cvar (cvar "sv_allow_lobby_connect_only") (value "0")
L 03/19/2026 - 23:25:15: [basecommands.smx] "Console<0><Console><Console>" changed cvar (cvar "sv_maxplayers") (value "8")
L 03/19/2026 - 23:25:15: [basecommands.smx] "Console<0><Console><Console>" changed cvar (cvar "sv_visiblemaxplayers") (value "-1")
L 03/19/2026 - 23:25:15: [chat-processor.smx] Message formats generated for game 'left4dead2'.
L 03/19/2026 - 23:25:15: [chat-processor.smx] Successfully hooked a SayText2 chat hook.
L 03/19/2026 - 23:26:47: [l4d2_shop.smx] [UPDATE]: "[T-T]MoY<2><STEAM_1:0:511491787><>" saved. Points: "66"
L 03/19/2026 - 23:30:16: [l4d2_shop.smx] [UPDATE]: "[T-T]MoY<2><STEAM_1:0:511491787><>" saved. Points: "84"
L 03/19/2026 - 23:32:35: [l4d2_shop.smx] [UPDATE]: "[T-T]MoY<2><STEAM_1:0:511491787><>" saved. Points: "90"
L 03/19/2026 - 23:35:01: [l4d2_shop.smx] [UPDATE]: "[T-T]MoY<2><STEAM_1:0:511491787><>" saved. Points: "97"
L 03/19/2026 - 23:39:30: -------- Mapchange to c1m3_mall --------
L 03/19/2026 - 23:39:35: [basecommands.smx] "Console<0><Console><Console>" changed cvar (cvar "sv_consistency") (value "0")
L 03/19/2026 - 23:39:35: [basecommands.smx] "Console<0><Console><Console>" changed cvar (cvar "sv_allow_lobby_connect_only") (value "0")
L 03/19/2026 - 23:39:35: [basecommands.smx] "Console<0><Console><Console>" changed cvar (cvar "sv_maxplayers") (value "8")
L 03/19/2026 - 23:39:35: [basecommands.smx] "Console<0><Console><Console>" changed cvar (cvar "sv_visiblemaxplayers") (value "-1")
L 03/19/2026 - 23:39:35: [chat-processor.smx] Message formats generated for game 'left4dead2'.
L 03/19/2026 - 23:39:35: [chat-processor.smx] Successfully hooked a SayText2 chat hook.
L 03/19/2026 - 23:41:46: [l4d2_shop.smx] [UPDATE]: "[T-T]MoY<2><STEAM_1:0:511491787><>" saved. Points: "109"
L 03/19/2026 - 23:41:46: [l4d2_shop.smx] [UPDATE]: "carlos<171><STEAM_1:0:873911328><>" saved. Points: "10"
L 03/19/2026 - 23:46:14: -------- Mapchange to c1m4_atrium --------
L 03/19/2026 - 23:46:19: [basecommands.smx] "Console<0><Console><Console>" changed cvar (cvar "sv_consistency") (value "0")
L 03/19/2026 - 23:46:19: [basecommands.smx] "Console<0><Console><Console>" changed cvar (cvar "sv_allow_lobby_connect_only") (value "0")
L 03/19/2026 - 23:46:19: [basecommands.smx] "Console<0><Console><Console>" changed cvar (cvar "sv_maxplayers") (value "8")
L 03/19/2026 - 23:46:19: [basecommands.smx] "Console<0><Console><Console>" changed cvar (cvar "sv_visiblemaxplayers") (value "-1")
L 03/19/2026 - 23:46:19: [chat-processor.smx] Message formats generated for game 'left4dead2'.
L 03/19/2026 - 23:46:19: [chat-processor.smx] Successfully hooked a SayText2 chat hook.
L 03/19/2026 - 23:48:30: [l4d_sm_respawn.smx] "[T-T]MoY<2><STEAM_1:0:511491787><>" teleported "[T-T]MoY<2><STEAM_1:0:511491787><>" after respawning him
L 03/19/2026 - 23:48:30: [l4d_sm_respawn.smx] "[T-T]MoY<2><STEAM_1:0:511491787><>" teleported "BigBoss ⚔<85><STEAM_1:1:164372806><>" after respawning him
L 03/19/2026 - 23:48:31: [l4d_sm_respawn.smx] "[T-T]MoY<2><STEAM_1:0:511491787><>" teleported "carlos<171><STEAM_1:0:873911328><>" after respawning him
L 03/19/2026 - 23:48:31: [l4d_sm_respawn.smx] "[T-T]MoY<2><STEAM_1:0:511491787><>" teleported "andres010101<47><STEAM_1:0:829677607><>" after respawning him
L 03/19/2026 - 23:48:31: [l4d_sm_respawn.smx] "[T-T]MoY<2><STEAM_1:0:511491787><>" teleported "WOLF<143><STEAM_1:1:887892719><>" after respawning him
L 03/19/2026 - 23:48:31: [l4d_sm_respawn.smx] "[T-T]MoY<2><STEAM_1:0:511491787><>" teleported "Kuro<152><STEAM_1:0:932596861><>" after respawning him
L 03/19/2026 - 23:49:26: [l4d_sm_respawn.smx] "[T-T]MoY<2><STEAM_1:0:511491787><>" teleported "WOLF<143><STEAM_1:1:887892719><>" after respawning him
L 03/19/2026 - 23:49:53: [l4d_sm_respawn.smx] "[T-T]MoY<2><STEAM_1:0:511491787><>" teleported "Kuro<152><STEAM_1:0:932596861><>" after respawning him
L 03/19/2026 - 23:50:14: [l4d_sm_respawn.smx] "[T-T]MoY<2><STEAM_1:0:511491787><>" teleported "BigBoss ⚔<85><STEAM_1:1:164372806><>" after respawning him
L 03/19/2026 - 23:50:14: [l4d_sm_respawn.smx] "[T-T]MoY<2><STEAM_1:0:511491787><>" teleported "Kuro<152><STEAM_1:0:932596861><>" after respawning him
L 03/19/2026 - 23:50:35: [l4d_sm_respawn.smx] "[T-T]MoY<2><STEAM_1:0:511491787><>" teleported "carlos<171><STEAM_1:0:873911328><>" after respawning him
L 03/19/2026 - 23:50:35: [l4d_sm_respawn.smx] "[T-T]MoY<2><STEAM_1:0:511491787><>" teleported "Kuro<152><STEAM_1:0:932596861><>" after respawning him
L 03/19/2026 - 23:51:13: [l4d_sm_respawn.smx] "[T-T]MoY<2><STEAM_1:0:511491787><>" teleported "Ghøst_Recøn501<114><STEAM_1:0:197754918><>" after respawning him
L 03/19/2026 - 23:51:13: [l4d_sm_respawn.smx] "[T-T]MoY<2><STEAM_1:0:511491787><>" teleported "carlos<171><STEAM_1:0:873911328><>" after respawning him
L 03/19/2026 - 23:51:14: [l4d_sm_respawn.smx] "[T-T]MoY<2><STEAM_1:0:511491787><>" teleported "WOLF<143><STEAM_1:1:887892719><>" after respawning him
L 03/19/2026 - 23:51:40: [l4d_sm_respawn.smx] "[T-T]MoY<2><STEAM_1:0:511491787><>" teleported "[T-T]MoY<2><STEAM_1:0:511491787><>" after respawning him
L 03/19/2026 - 23:51:41: [l4d_sm_respawn.smx] "[T-T]MoY<2><STEAM_1:0:511491787><>" teleported "BigBoss ⚔<85><STEAM_1:1:164372806><>" after respawning him
L 03/19/2026 - 23:51:41: [l4d_sm_respawn.smx] "[T-T]MoY<2><STEAM_1:0:511491787><>" teleported "Kuro<152><STEAM_1:0:932596861><>" after respawning him
L 03/19/2026 - 23:51:44: [l4d_sm_respawn.smx] "[T-T]MoY<2><STEAM_1:0:511491787><>" teleported "carlos<171><STEAM_1:0:873911328><>" after respawning him
L 03/19/2026 - 23:51:59: [l4d_sm_respawn.smx] "[T-T]MoY<2><STEAM_1:0:511491787><>" teleported "[T-T]MoY<2><STEAM_1:0:511491787><>" after respawning him
L 03/19/2026 - 23:52:00: [l4d_sm_respawn.smx] "[T-T]MoY<2><STEAM_1:0:511491787><>" teleported "WOLF<143><STEAM_1:1:887892719><>" after respawning him
L 03/19/2026 - 23:52:00: [l4d_sm_respawn.smx] "[T-T]MoY<2><STEAM_1:0:511491787><>" teleported "Kuro<152><STEAM_1:0:932596861><>" after respawning him
L 03/19/2026 - 23:52:58: [l4d_sm_respawn.smx] "[T-T]MoY<2><STEAM_1:0:511491787><>" teleported "[T-T]MoY<2><STEAM_1:0:511491787><>" after respawning him
L 03/19/2026 - 23:52:58: [l4d_sm_respawn.smx] "[T-T]MoY<2><STEAM_1:0:511491787><>" teleported "WOLF<143><STEAM_1:1:887892719><>" after respawning him
L 03/19/2026 - 23:52:58: [l4d_sm_respawn.smx] "[T-T]MoY<2><STEAM_1:0:511491787><>" teleported "Kuro<152><STEAM_1:0:932596861><>" after respawning him
L 03/19/2026 - 23:53:14: [l4d_sm_respawn.smx] "[T-T]MoY<2><STEAM_1:0:511491787><>" teleported "Ghøst_Recøn501<114><STEAM_1:0:197754918><>" after respawning him
L 03/19/2026 - 23:53:15: [l4d_sm_respawn.smx] "[T-T]MoY<2><STEAM_1:0:511491787><>" teleported "Kuro<152><STEAM_1:0:932596861><>" after respawning him
L 03/19/2026 - 23:53:36: [l4d_sm_respawn.smx] "[T-T]MoY<2><STEAM_1:0:511491787><>" teleported "Kuro<152><STEAM_1:0:932596861><>" after respawning him
L 03/19/2026 - 23:54:04: [l4d_sm_respawn.smx] "[T-T]MoY<2><STEAM_1:0:511491787><>" teleported "WOLF<143><STEAM_1:1:887892719><>" after respawning him
L 03/19/2026 - 23:54:14: [l4d_sm_respawn.smx] "[T-T]MoY<2><STEAM_1:0:511491787><>" teleported "Kuro<152><STEAM_1:0:932596861><>" after respawning him
L 03/19/2026 - 23:55:35: -------- Mapchange to c2m1_highway --------
L 03/19/2026 - 23:55:39: [basecommands.smx] "Console<0><Console><Console>" changed cvar (cvar "sv_consistency") (value "0")
L 03/19/2026 - 23:55:39: [basecommands.smx] "Console<0><Console><Console>" changed cvar (cvar "sv_allow_lobby_connect_only") (value "0")
L 03/19/2026 - 23:55:39: [basecommands.smx] "Console<0><Console><Console>" changed cvar (cvar "sv_maxplayers") (value "8")
L 03/19/2026 - 23:55:39: [basecommands.smx] "Console<0><Console><Console>" changed cvar (cvar "sv_visiblemaxplayers") (value "-1")
L 03/19/2026 - 23:55:39: [chat-processor.smx] Message formats generated for game 'left4dead2'.
L 03/19/2026 - 23:55:39: [chat-processor.smx] Successfully hooked a SayText2 chat hook.
L 03/19/2026 - 23:56:58: [basecommands.smx] "[T-T]MoY<2><STEAM_1:0:511491787><>" kicked "CALLATE<133><STEAM_1:1:922101156><>" (reason "")
L 03/19/2026 - 23:59:20: -------- Mapchange to c2m2_fairgrounds --------
L 03/19/2026 - 23:59:24: [basecommands.smx] "Console<0><Console><Console>" changed cvar (cvar "sv_consistency") (value "0")
L 03/19/2026 - 23:59:24: [basecommands.smx] "Console<0><Console><Console>" changed cvar (cvar "sv_allow_lobby_connect_only") (value "0")
L 03/19/2026 - 23:59:24: [basecommands.smx] "Console<0><Console><Console>" changed cvar (cvar "sv_maxplayers") (value "8")
L 03/19/2026 - 23:59:24: [basecommands.smx] "Console<0><Console><Console>" changed cvar (cvar "sv_visiblemaxplayers") (value "-1")
L 03/19/2026 - 23:59:25: [chat-processor.smx] Message formats generated for game 'left4dead2'.
L 03/19/2026 - 23:59:25: [chat-processor.smx] Successfully hooked a SayText2 chat hook.
L 03/20/2026 - 00:00:09: Log file closed.
