L 06/21/2026 - 16:19:57: SourceMod log file session started (file "d:\steamlibrary\steamapps\common\left 4 dead 2\left4dead2\addons\sourcemod\logs\L20260621.log") (Version "1.12.0.7207")
L 06/21/2026 - 16:19:57: [GEOIP] GeoIP2 database loaded: GeoLite2-ASN (2024-08-21 08:15:21 UTC) (d:\steamlibrary\steamapps\common\left 4 dead 2\left4dead2\addons\sourcemod\configs\geoip\GeoLite2-ASN.mmdb)
L 06/21/2026 - 16:19:57: [GEOIP] GeoIP2 supported languages: en
L 06/21/2026 - 16:19:57: [GEOIP] Your database is older than 90 days. You should consider downloading a newer version from e.g. https://dev.maxmind.com/geoip/geolite2-free-geolocation-data
L 06/21/2026 - 16:19:57: [l4d2_map_rotation.smx] [Rotation] Lista cargada con 5 campañas.
L 06/21/2026 - 16:19:58: [l4d_extinguisher.smx] 
==========
Warning: You should install "[L4D2] Scavenge Score Fix - Gascan Pouring" to prevent affecting the score when filling gas in Scavenge style events: https://forums.alliedmods.net/showthread.php?t=187686
==========

L 06/21/2026 - 16:19:58: [l4d_extinguisher.smx] 
==========
Warning: You should install "[L4D & L4D2] Use Priority Patch" to fix attached models blocking +USE action: https://forums.alliedmods.net/showthread.php?t=327511
==========

L 06/21/2026 - 16:20:16: [basecommands.smx] "Console<0><Console><Console>" changed cvar (cvar "sv_consistency") (value "0")
L 06/21/2026 - 16:20:16: [basecommands.smx] "Console<0><Console><Console>" changed cvar (cvar "sv_allow_lobby_connect_only") (value "0")
L 06/21/2026 - 16:20:16: [basecommands.smx] "Console<0><Console><Console>" changed cvar (cvar "sv_maxplayers") (value "8")
L 06/21/2026 - 16:20:16: [basecommands.smx] "Console<0><Console><Console>" changed cvar (cvar "sv_visiblemaxplayers") (value "-1")
L 06/21/2026 - 16:20:16: [chat-processor.smx] Message formats generated for game 'left4dead2'.
L 06/21/2026 - 16:20:16: [chat-processor.smx] Successfully hooked a SayText2 chat hook.
L 06/21/2026 - 16:20:22: [l4d2_shop.smx] [LOAD]: "[T-T]MoY<2><STEAM_ID_PENDING><>" loaded the record successfully! Points: "0"
L 06/21/2026 - 16:21:55: [l4d2_shop.smx] [UPDATE]: "[T-T]MoY<2><STEAM_1:0:511491787><>" saved. Points: "0"
L 06/21/2026 - 16:22:54: -------- Mapchange to hls_05 --------
L 06/21/2026 - 16:22:57: [basecommands.smx] "Console<0><Console><Console>" changed cvar (cvar "sv_consistency") (value "0")
L 06/21/2026 - 16:22:57: [basecommands.smx] "Console<0><Console><Console>" changed cvar (cvar "sv_allow_lobby_connect_only") (value "0")
L 06/21/2026 - 16:22:57: [basecommands.smx] "Console<0><Console><Console>" changed cvar (cvar "sv_maxplayers") (value "8")
L 06/21/2026 - 16:22:57: [basecommands.smx] "Console<0><Console><Console>" changed cvar (cvar "sv_visiblemaxplayers") (value "-1")
L 06/21/2026 - 16:22:57: [chat-processor.smx] Message formats generated for game 'left4dead2'.
L 06/21/2026 - 16:22:57: [chat-processor.smx] Successfully hooked a SayText2 chat hook.
L 06/21/2026 - 16:23:03: [l4d2_shop.smx] [LOAD]: "[T-T]MoY<9><STEAM_1:0:511491787><>" loaded the record successfully! Points: "0"
L 06/21/2026 - 16:34:41: [l4d_sm_respawn.smx] "[T-T]MoY<9><STEAM_1:0:511491787><>" teleported "Ellis<10><BOT><>" after respawning him
L 06/21/2026 - 16:34:41: [l4d_sm_respawn.smx] "[T-T]MoY<9><STEAM_1:0:511491787><>" teleported "Rochelle<11><BOT><>" after respawning him
L 06/21/2026 - 16:34:41: [l4d_sm_respawn.smx] "[T-T]MoY<9><STEAM_1:0:511491787><>" teleported "Nick<12><BOT><>" after respawning him
L 06/21/2026 - 16:38:40: [l4d2_shop.smx] [INSERT]: "ELLIS30<36><STEAM_1:0:811118991><>" is a new user!!
L 06/21/2026 - 16:40:22: -------- Mapchange to hls_06 --------
L 06/21/2026 - 16:40:27: [basecommands.smx] "Console<0><Console><Console>" changed cvar (cvar "sv_consistency") (value "0")
L 06/21/2026 - 16:40:27: [basecommands.smx] "Console<0><Console><Console>" changed cvar (cvar "sv_allow_lobby_connect_only") (value "0")
L 06/21/2026 - 16:40:27: [basecommands.smx] "Console<0><Console><Console>" changed cvar (cvar "sv_maxplayers") (value "8")
L 06/21/2026 - 16:40:27: [basecommands.smx] "Console<0><Console><Console>" changed cvar (cvar "sv_visiblemaxplayers") (value "-1")
L 06/21/2026 - 16:40:27: [chat-processor.smx] Message formats generated for game 'left4dead2'.
L 06/21/2026 - 16:40:27: [chat-processor.smx] Successfully hooked a SayText2 chat hook.
L 06/21/2026 - 16:40:32: [l4d2_shop.smx] [LOAD]: "[T-T]MoY<9><STEAM_1:0:511491787><>" loaded the record successfully! Points: "0"
L 06/21/2026 - 16:46:14: [l4d_sm_respawn.smx] "[T-T]MoY<9><STEAM_1:0:511491787><>" teleported "Rochelle<43><BOT><>" after respawning him
L 06/21/2026 - 16:46:14: [l4d_sm_respawn.smx] "[T-T]MoY<9><STEAM_1:0:511491787><>" teleported "Nick<44><BOT><>" after respawning him
L 06/21/2026 - 16:46:14: [l4d_sm_respawn.smx] "[T-T]MoY<9><STEAM_1:0:511491787><>" teleported "Coach<45><BOT><>" after respawning him
L 06/21/2026 - 16:47:02: [l4d2_shop.smx] [UPDATE]: "[T-T]MoY<9><STEAM_1:0:511491787><>" saved. Points: "7"
L 06/21/2026 - 16:47:02: [l4d2_shop.smx] UPDATE SpecialFunctions SET isEnabled = 1 WHERE steamId = 'STEAM_1:0:511491787' AND (functionNo = 'GRAY_AMMO' OR functionNo = 'BLUE_AMMO' OR functionNo = 'GOLD_AMMO')
L 06/21/2026 - 16:47:10: [l4d2_shop.smx] [LOAD]: ":3 PROenEl69<56><STEAM_1:0:88355328><>" loaded the record successfully! Points: "8"
L 06/21/2026 - 16:51:10: [l4d_sm_respawn.smx] "[T-T]MoY<9><STEAM_1:0:511491787><>" teleported "Nick<44><BOT><>" after respawning him
L 06/21/2026 - 16:51:10: [l4d_sm_respawn.smx] "[T-T]MoY<9><STEAM_1:0:511491787><>" teleported "Coach<45><BOT><>" after respawning him
L 06/21/2026 - 16:51:10: [l4d_sm_respawn.smx] "[T-T]MoY<9><STEAM_1:0:511491787><>" teleported "Rochelle<61><BOT><>" after respawning him
L 06/21/2026 - 16:51:42: [l4d2_shop.smx] [UPDATE]: "[T-T]MoY<9><STEAM_1:0:511491787><>" saved. Points: "14"
L 06/21/2026 - 16:51:42: [l4d2_shop.smx] UPDATE SpecialFunctions SET isEnabled = 1 WHERE steamId = 'STEAM_1:0:511491787' AND (functionNo = 'GRAY_AMMO' OR functionNo = 'BLUE_AMMO' OR functionNo = 'GOLD_AMMO')
L 06/21/2026 - 16:52:01: Log file closed.
