L 02/08/2026 - 20:30:41: SourceMod log file session started (file "d:\steamlibrary\steamapps\common\left 4 dead 2\left4dead2\addons\sourcemod\logs\L20260208.log") (Version "1.12.0.7207")
L 02/08/2026 - 20:30:41: [GEOIP] GeoIP2 database loaded: GeoLite2-ASN (2024-08-21 08:15:21 UTC) (d:\steamlibrary\steamapps\common\left 4 dead 2\left4dead2\addons\sourcemod\configs\geoip\GeoLite2-ASN.mmdb)
L 02/08/2026 - 20:30:41: [GEOIP] GeoIP2 supported languages: en
L 02/08/2026 - 20:30:41: [GEOIP] Your database is older than 90 days. You should consider downloading a newer version from e.g. https://dev.maxmind.com/geoip/geolite2-free-geolocation-data
L 02/08/2026 - 20:30:41: [l4d2_map_rotation.smx] Lista de rotación cargada con 3 mapas.
L 02/08/2026 - 20:30:42: [l4d_extinguisher.smx] 
==========
Warning: You should install "[L4D2] Scavenge Score Fix - Gascan Pouring" to prevent affecting the score when filling gas in Scavenge style events: https://forums.alliedmods.net/showthread.php?t=187686
==========

L 02/08/2026 - 20:30:42: [l4d_extinguisher.smx] 
==========
Warning: You should install "[L4D & L4D2] Use Priority Patch" to fix attached models blocking +USE action: https://forums.alliedmods.net/showthread.php?t=327511
==========

L 02/08/2026 - 20:30:50: [basecommands.smx] "Console<0><Console><Console>" changed cvar (cvar "sv_consistency") (value "0")
L 02/08/2026 - 20:30:50: [basecommands.smx] "Console<0><Console><Console>" changed cvar (cvar "sv_allow_lobby_connect_only") (value "0")
L 02/08/2026 - 20:30:50: [basecommands.smx] "Console<0><Console><Console>" changed cvar (cvar "sv_maxplayers") (value "8")
L 02/08/2026 - 20:30:50: [basecommands.smx] "Console<0><Console><Console>" changed cvar (cvar "sv_visiblemaxplayers") (value "-1")
L 02/08/2026 - 20:30:50: [chat-processor.smx] Message formats generated for game 'left4dead2'.
L 02/08/2026 - 20:30:50: [chat-processor.smx] Successfully hooked a SayText2 chat hook.
L 02/08/2026 - 20:32:12: [basecommands.smx] "[T-T]MoY<2><STEAM_1:0:511491787><>" changed cvar (cvar "sv_gravity") (value "200")
L 02/08/2026 - 20:33:08: [l4d2_shop.smx] [UPDATE]: "[T-T]MoY<2><STEAM_1:0:511491787><>" saved. Points: "0"
L 02/08/2026 - 20:33:24: [Vote_Custom_test_v2.smx] "[T-T]MoY<2><STEAM_1:0:511491787><>" cambió la dificultad a hard
L 02/08/2026 - 20:35:48: -------- Mapchange to c1m2_streets --------
L 02/08/2026 - 20:35:52: [basecommands.smx] "Console<0><Console><Console>" changed cvar (cvar "sv_consistency") (value "0")
L 02/08/2026 - 20:35:52: [basecommands.smx] "Console<0><Console><Console>" changed cvar (cvar "sv_allow_lobby_connect_only") (value "0")
L 02/08/2026 - 20:35:52: [basecommands.smx] "Console<0><Console><Console>" changed cvar (cvar "sv_maxplayers") (value "8")
L 02/08/2026 - 20:35:52: [basecommands.smx] "Console<0><Console><Console>" changed cvar (cvar "sv_visiblemaxplayers") (value "-1")
L 02/08/2026 - 20:35:52: [chat-processor.smx] Message formats generated for game 'left4dead2'.
L 02/08/2026 - 20:35:52: [chat-processor.smx] Successfully hooked a SayText2 chat hook.
L 02/08/2026 - 20:37:23: [l4d2_shop.smx] [UPDATE]: "[T-T]MoY<2><STEAM_1:0:511491787><>" saved. Points: "10"
L 02/08/2026 - 20:43:22: -------- Mapchange to c1m3_mall --------
L 02/08/2026 - 20:43:25: [basecommands.smx] "Console<0><Console><Console>" changed cvar (cvar "sv_consistency") (value "0")
L 02/08/2026 - 20:43:25: [basecommands.smx] "Console<0><Console><Console>" changed cvar (cvar "sv_allow_lobby_connect_only") (value "0")
L 02/08/2026 - 20:43:25: [basecommands.smx] "Console<0><Console><Console>" changed cvar (cvar "sv_maxplayers") (value "8")
L 02/08/2026 - 20:43:25: [basecommands.smx] "Console<0><Console><Console>" changed cvar (cvar "sv_visiblemaxplayers") (value "-1")
L 02/08/2026 - 20:43:26: [chat-processor.smx] Message formats generated for game 'left4dead2'.
L 02/08/2026 - 20:43:26: [chat-processor.smx] Successfully hooked a SayText2 chat hook.
L 02/08/2026 - 20:45:25: [l4d2_shop.smx] [UPDATE]: "[T-T]MoY<2><STEAM_1:0:511491787><>" saved. Points: "62"
L 02/08/2026 - 20:50:09: -------- Mapchange to c1m4_atrium --------
L 02/08/2026 - 20:50:13: [basecommands.smx] "Console<0><Console><Console>" changed cvar (cvar "sv_consistency") (value "0")
L 02/08/2026 - 20:50:13: [basecommands.smx] "Console<0><Console><Console>" changed cvar (cvar "sv_allow_lobby_connect_only") (value "0")
L 02/08/2026 - 20:50:13: [basecommands.smx] "Console<0><Console><Console>" changed cvar (cvar "sv_maxplayers") (value "8")
L 02/08/2026 - 20:50:13: [basecommands.smx] "Console<0><Console><Console>" changed cvar (cvar "sv_visiblemaxplayers") (value "-1")
L 02/08/2026 - 20:50:13: [chat-processor.smx] Message formats generated for game 'left4dead2'.
L 02/08/2026 - 20:50:13: [chat-processor.smx] Successfully hooked a SayText2 chat hook.
L 02/08/2026 - 20:53:14: [l4d_sm_respawn.smx] "[T-T]MoY<2><STEAM_1:0:511491787><>" teleported "ICE MC<97><STEAM_1:0:721291354><>" after respawning him
L 02/08/2026 - 20:54:20: [basecommands.smx] "[T-T]MoY<2><STEAM_1:0:511491787><>" changed map to "c2m1_highway"
L 02/08/2026 - 20:54:23: [SM] Changed map to "c2m1_highway"
L 02/08/2026 - 20:54:25: -------- Mapchange to c2m1_highway --------
L 02/08/2026 - 20:54:28: [basecommands.smx] "Console<0><Console><Console>" changed cvar (cvar "sv_consistency") (value "0")
L 02/08/2026 - 20:54:28: [basecommands.smx] "Console<0><Console><Console>" changed cvar (cvar "sv_allow_lobby_connect_only") (value "0")
L 02/08/2026 - 20:54:28: [basecommands.smx] "Console<0><Console><Console>" changed cvar (cvar "sv_maxplayers") (value "8")
L 02/08/2026 - 20:54:28: [basecommands.smx] "Console<0><Console><Console>" changed cvar (cvar "sv_visiblemaxplayers") (value "-1")
L 02/08/2026 - 20:54:28: [chat-processor.smx] Message formats generated for game 'left4dead2'.
L 02/08/2026 - 20:54:28: [chat-processor.smx] Successfully hooked a SayText2 chat hook.
L 02/08/2026 - 20:58:09: -------- Mapchange to c2m2_fairgrounds --------
L 02/08/2026 - 20:58:12: [basecommands.smx] "Console<0><Console><Console>" changed cvar (cvar "sv_consistency") (value "0")
L 02/08/2026 - 20:58:12: [basecommands.smx] "Console<0><Console><Console>" changed cvar (cvar "sv_allow_lobby_connect_only") (value "0")
L 02/08/2026 - 20:58:12: [basecommands.smx] "Console<0><Console><Console>" changed cvar (cvar "sv_maxplayers") (value "8")
L 02/08/2026 - 20:58:12: [basecommands.smx] "Console<0><Console><Console>" changed cvar (cvar "sv_visiblemaxplayers") (value "-1")
L 02/08/2026 - 20:58:12: [chat-processor.smx] Message formats generated for game 'left4dead2'.
L 02/08/2026 - 20:58:12: [chat-processor.smx] Successfully hooked a SayText2 chat hook.
L 02/08/2026 - 21:03:38: -------- Mapchange to c2m3_coaster --------
L 02/08/2026 - 21:03:42: [basecommands.smx] "Console<0><Console><Console>" changed cvar (cvar "sv_consistency") (value "0")
L 02/08/2026 - 21:03:42: [basecommands.smx] "Console<0><Console><Console>" changed cvar (cvar "sv_allow_lobby_connect_only") (value "0")
L 02/08/2026 - 21:03:42: [basecommands.smx] "Console<0><Console><Console>" changed cvar (cvar "sv_maxplayers") (value "8")
L 02/08/2026 - 21:03:42: [basecommands.smx] "Console<0><Console><Console>" changed cvar (cvar "sv_visiblemaxplayers") (value "-1")
L 02/08/2026 - 21:03:42: [chat-processor.smx] Message formats generated for game 'left4dead2'.
L 02/08/2026 - 21:03:42: [chat-processor.smx] Successfully hooked a SayText2 chat hook.
L 02/08/2026 - 21:08:15: -------- Mapchange to c2m4_barns --------
L 02/08/2026 - 21:08:18: [basecommands.smx] "Console<0><Console><Console>" changed cvar (cvar "sv_consistency") (value "0")
L 02/08/2026 - 21:08:18: [basecommands.smx] "Console<0><Console><Console>" changed cvar (cvar "sv_allow_lobby_connect_only") (value "0")
L 02/08/2026 - 21:08:18: [basecommands.smx] "Console<0><Console><Console>" changed cvar (cvar "sv_maxplayers") (value "8")
L 02/08/2026 - 21:08:18: [basecommands.smx] "Console<0><Console><Console>" changed cvar (cvar "sv_visiblemaxplayers") (value "-1")
L 02/08/2026 - 21:08:18: [chat-processor.smx] Message formats generated for game 'left4dead2'.
L 02/08/2026 - 21:08:18: [chat-processor.smx] Successfully hooked a SayText2 chat hook.
L 02/08/2026 - 21:12:33: -------- Mapchange to c2m5_concert --------
L 02/08/2026 - 21:12:36: [basecommands.smx] "Console<0><Console><Console>" changed cvar (cvar "sv_consistency") (value "0")
L 02/08/2026 - 21:12:36: [basecommands.smx] "Console<0><Console><Console>" changed cvar (cvar "sv_allow_lobby_connect_only") (value "0")
L 02/08/2026 - 21:12:36: [basecommands.smx] "Console<0><Console><Console>" changed cvar (cvar "sv_maxplayers") (value "8")
L 02/08/2026 - 21:12:36: [basecommands.smx] "Console<0><Console><Console>" changed cvar (cvar "sv_visiblemaxplayers") (value "-1")
L 02/08/2026 - 21:12:36: [chat-processor.smx] Message formats generated for game 'left4dead2'.
L 02/08/2026 - 21:12:36: [chat-processor.smx] Successfully hooked a SayText2 chat hook.
L 02/08/2026 - 21:13:57: [l4d_sm_respawn.smx] "[T-T]MoY<2><STEAM_1:0:511491787><>" teleported "DOÑA NELI 3000<170><STEAM_1:1:396016528><>" after respawning him
L 02/08/2026 - 21:13:57: [l4d_sm_respawn.smx] "[T-T]MoY<2><STEAM_1:0:511491787><>" teleported ">.<Alex>.<<105><STEAM_1:0:64363071><>" after respawning him
L 02/08/2026 - 21:14:24: [l4d2_shop.smx] [Buy]: "[T-T]MoY<2><STEAM_1:0:511491787><>" bought "extinguisher" (price: "40"), remaining points: "137"
L 02/08/2026 - 21:20:05: [l4d2_shop.smx] [Buy]: "Luger<206><STEAM_1:1:524848444><>" bought "molotov" (price: "28"), remaining points: "106"
L 02/08/2026 - 21:20:25: [l4d2_shop.smx] [Buy]: "Luger<206><STEAM_1:1:524848444><>" bought "molotov" (price: "28"), remaining points: "78"
L 02/08/2026 - 21:21:10: [l4d2_shop.smx] [Buy]: "Luger<206><STEAM_1:1:524848444><>" bought "molotov" (price: "28"), remaining points: "59"
L 02/08/2026 - 21:21:13: [l4d2_shop.smx] [Buy]: "[T-T]MoY<2><STEAM_1:0:511491787><>" bought "first_aid_kit" (price: "88"), remaining points: "129"
L 02/08/2026 - 21:21:24: [l4d2_shop.smx] [Buy]: "Luger<206><STEAM_1:1:524848444><>" bought "adrenaline" (price: "43"), remaining points: "19"
L 02/08/2026 - 21:21:55: [basecommands.smx] "[T-T]MoY<2><STEAM_1:0:511491787><>" changed map to "c5m1_waterfront"
L 02/08/2026 - 21:21:58: [SM] Changed map to "c5m1_waterfront"
L 02/08/2026 - 21:22:00: -------- Mapchange to c5m1_waterfront --------
L 02/08/2026 - 21:22:03: [basecommands.smx] "Console<0><Console><Console>" changed cvar (cvar "sv_consistency") (value "0")
L 02/08/2026 - 21:22:03: [basecommands.smx] "Console<0><Console><Console>" changed cvar (cvar "sv_allow_lobby_connect_only") (value "0")
L 02/08/2026 - 21:22:03: [basecommands.smx] "Console<0><Console><Console>" changed cvar (cvar "sv_maxplayers") (value "8")
L 02/08/2026 - 21:22:03: [basecommands.smx] "Console<0><Console><Console>" changed cvar (cvar "sv_visiblemaxplayers") (value "-1")
L 02/08/2026 - 21:22:03: [chat-processor.smx] Message formats generated for game 'left4dead2'.
L 02/08/2026 - 21:22:03: [chat-processor.smx] Successfully hooked a SayText2 chat hook.
L 02/08/2026 - 21:22:11: -------- Mapchange to c1m1_hotel --------
L 02/08/2026 - 21:22:14: [basecommands.smx] "Console<0><Console><Console>" changed cvar (cvar "sv_consistency") (value "0")
L 02/08/2026 - 21:22:14: [basecommands.smx] "Console<0><Console><Console>" changed cvar (cvar "sv_allow_lobby_connect_only") (value "0")
L 02/08/2026 - 21:22:14: [basecommands.smx] "Console<0><Console><Console>" changed cvar (cvar "sv_maxplayers") (value "8")
L 02/08/2026 - 21:22:14: [basecommands.smx] "Console<0><Console><Console>" changed cvar (cvar "sv_visiblemaxplayers") (value "-1")
L 02/08/2026 - 21:22:14: [chat-processor.smx] Message formats generated for game 'left4dead2'.
L 02/08/2026 - 21:22:14: [chat-processor.smx] Successfully hooked a SayText2 chat hook.
L 02/08/2026 - 21:25:51: [l4d2_shop.smx] [UPDATE]: "[T-T]MoY<2><STEAM_1:0:511491787><>" saved. Points: "139"
L 02/08/2026 - 21:25:51: [l4d2_shop.smx] [UPDATE]: "Luger<235><STEAM_1:1:524848444><>" saved. Points: "29"
L 02/08/2026 - 21:25:51: [l4d2_shop.smx] [UPDATE]: "BRCA<239><STEAM_1:0:170592827><>" saved. Points: "131"
L 02/08/2026 - 21:27:07: [l4d2_shop.smx] [UPDATE]: "[T-T]MoY<2><STEAM_1:0:511491787><>" saved. Points: "139"
L 02/08/2026 - 21:27:07: [l4d2_shop.smx] [UPDATE]: "Luger<235><STEAM_1:1:524848444><>" saved. Points: "29"
L 02/08/2026 - 21:27:07: [l4d2_shop.smx] [UPDATE]: "BRCA<239><STEAM_1:0:170592827><>" saved. Points: "131"
L 02/08/2026 - 21:27:55: [l4d2_shop.smx] [Buy]: "Luger<235><STEAM_1:1:524848444><>" bought "molotov" (price: "28"), remaining points: "1"
L 02/08/2026 - 21:30:33: -------- Mapchange to c1m2_streets --------
L 02/08/2026 - 21:30:36: [basecommands.smx] "Console<0><Console><Console>" changed cvar (cvar "sv_consistency") (value "0")
L 02/08/2026 - 21:30:36: [basecommands.smx] "Console<0><Console><Console>" changed cvar (cvar "sv_allow_lobby_connect_only") (value "0")
L 02/08/2026 - 21:30:36: [basecommands.smx] "Console<0><Console><Console>" changed cvar (cvar "sv_maxplayers") (value "8")
L 02/08/2026 - 21:30:36: [basecommands.smx] "Console<0><Console><Console>" changed cvar (cvar "sv_visiblemaxplayers") (value "-1")
L 02/08/2026 - 21:30:36: [chat-processor.smx] Message formats generated for game 'left4dead2'.
L 02/08/2026 - 21:30:36: [chat-processor.smx] Successfully hooked a SayText2 chat hook.
L 02/08/2026 - 21:32:42: [basecommands.smx] "[T-T]MoY<2><STEAM_1:0:511491787><>" kicked "Francis<276><BOT><>" (reason "")
L 02/08/2026 - 21:32:48: [basecommands.smx] "[T-T]MoY<2><STEAM_1:0:511491787><>" kicked "miladepollo<279><STEAM_1:0:920849654><>" (reason "")
L 02/08/2026 - 21:33:19: [playercommands.smx] "[T-T]MoY<2><STEAM_1:0:511491787><>" slayed "[T-T]MoY<2><STEAM_1:0:511491787><>"
L 02/08/2026 - 21:33:19: [playercommands.smx] "[T-T]MoY<2><STEAM_1:0:511491787><>" slayed "Luger<235><STEAM_1:1:524848444><>"
L 02/08/2026 - 21:33:19: [playercommands.smx] "[T-T]MoY<2><STEAM_1:0:511491787><>" slayed "Ellis<282><BOT><>"
L 02/08/2026 - 21:33:19: [playercommands.smx] "[T-T]MoY<2><STEAM_1:0:511491787><>" slayed "srem<280><STEAM_1:0:621139248><>"
L 02/08/2026 - 21:33:20: [playercommands.smx] "[T-T]MoY<2><STEAM_1:0:511491787><>" slayed "Quebuendoby<263><STEAM_1:1:601841727><>"
L 02/08/2026 - 21:33:20: [playercommands.smx] "[T-T]MoY<2><STEAM_1:0:511491787><>" slayed "Gahtitw<242><STEAM_1:1:182960800><>"
L 02/08/2026 - 21:33:21: [l4d2_shop.smx] [UPDATE]: "[T-T]MoY<2><STEAM_1:0:511491787><>" saved. Points: "153"
L 02/08/2026 - 21:33:21: [l4d2_shop.smx] [UPDATE]: "Luger<235><STEAM_1:1:524848444><>" saved. Points: "18"
L 02/08/2026 - 21:33:21: [l4d2_shop.smx] [UPDATE]: "Quebuendoby<263><STEAM_1:1:601841727><>" saved. Points: "18"
L 02/08/2026 - 21:36:34: [l4d2_shop.smx] [Buy]: "[T-T]MoY<2><STEAM_1:0:511491787><>" bought "extinguisher" (price: "40"), remaining points: "125"
L 02/08/2026 - 21:37:46: -------- Mapchange to c1m3_mall --------
L 02/08/2026 - 21:37:49: [basecommands.smx] "Console<0><Console><Console>" changed cvar (cvar "sv_consistency") (value "0")
L 02/08/2026 - 21:37:49: [basecommands.smx] "Console<0><Console><Console>" changed cvar (cvar "sv_allow_lobby_connect_only") (value "0")
L 02/08/2026 - 21:37:49: [basecommands.smx] "Console<0><Console><Console>" changed cvar (cvar "sv_maxplayers") (value "8")
L 02/08/2026 - 21:37:49: [basecommands.smx] "Console<0><Console><Console>" changed cvar (cvar "sv_visiblemaxplayers") (value "-1")
L 02/08/2026 - 21:37:49: [chat-processor.smx] Message formats generated for game 'left4dead2'.
L 02/08/2026 - 21:37:49: [chat-processor.smx] Successfully hooked a SayText2 chat hook.
L 02/08/2026 - 21:38:44: [l4d_sm_respawn.smx] "[T-T]MoY<2><STEAM_1:0:511491787><>" teleported "shadowz<297><STEAM_1:1:737390916><>" after respawning him
L 02/08/2026 - 21:39:05: [l4d2_shop.smx] [Buy]: "Luger<235><STEAM_1:1:524848444><>" bought "molotov" (price: "28"), remaining points: "17"
L 02/08/2026 - 21:44:07: [l4d2_shop.smx] [UPDATE]: "[T-T]MoY<2><STEAM_1:0:511491787><>" saved. Points: "157"
L 02/08/2026 - 21:44:07: [l4d2_shop.smx] [UPDATE]: "BRCA<283><STEAM_1:0:170592827><>" saved. Points: "138"
L 02/08/2026 - 21:44:07: [l4d2_shop.smx] [UPDATE]: "pedritoelmascapito<307><STEAM_1:1:639552062><>" saved. Points: "171"
L 02/08/2026 - 21:44:07: [l4d2_shop.smx] [UPDATE]: "Quebuendoby<263><STEAM_1:1:601841727><>" saved. Points: "64"
L 02/08/2026 - 21:47:56: [l4d2_shop.smx] [Buy]: "Gahtitw<242><STEAM_1:1:182960800><>" bought "extinguisher" (price: "40"), remaining points: "149"
L 02/08/2026 - 21:48:16: -------- Mapchange to c1m4_atrium --------
L 02/08/2026 - 21:48:19: [basecommands.smx] "Console<0><Console><Console>" changed cvar (cvar "sv_consistency") (value "0")
L 02/08/2026 - 21:48:19: [basecommands.smx] "Console<0><Console><Console>" changed cvar (cvar "sv_allow_lobby_connect_only") (value "0")
L 02/08/2026 - 21:48:19: [basecommands.smx] "Console<0><Console><Console>" changed cvar (cvar "sv_maxplayers") (value "8")
L 02/08/2026 - 21:48:19: [basecommands.smx] "Console<0><Console><Console>" changed cvar (cvar "sv_visiblemaxplayers") (value "-1")
L 02/08/2026 - 21:48:19: [chat-processor.smx] Message formats generated for game 'left4dead2'.
L 02/08/2026 - 21:48:19: [chat-processor.smx] Successfully hooked a SayText2 chat hook.
L 02/08/2026 - 21:48:57: [l4d2_shop.smx] [Buy]: "Gahtitw<242><STEAM_1:1:182960800><>" bought "extinguisher" (price: "40"), remaining points: "109"
L 02/08/2026 - 21:49:49: [l4d2_shop.smx] [Buy]: "Quebuendoby<263><STEAM_1:1:601841727><>" bought "extinguisher" (price: "40"), remaining points: "40"
L 02/08/2026 - 21:52:08: [basecommands.smx] "[T-T]MoY<2><STEAM_1:0:511491787><>" changed map to "c5m1_waterfront"
L 02/08/2026 - 21:52:11: [SM] Changed map to "c5m1_waterfront"
L 02/08/2026 - 21:52:13: -------- Mapchange to c5m1_waterfront --------
L 02/08/2026 - 21:52:16: [basecommands.smx] "Console<0><Console><Console>" changed cvar (cvar "sv_consistency") (value "0")
L 02/08/2026 - 21:52:16: [basecommands.smx] "Console<0><Console><Console>" changed cvar (cvar "sv_allow_lobby_connect_only") (value "0")
L 02/08/2026 - 21:52:16: [basecommands.smx] "Console<0><Console><Console>" changed cvar (cvar "sv_maxplayers") (value "8")
L 02/08/2026 - 21:52:16: [basecommands.smx] "Console<0><Console><Console>" changed cvar (cvar "sv_visiblemaxplayers") (value "-1")
L 02/08/2026 - 21:52:16: [chat-processor.smx] Message formats generated for game 'left4dead2'.
L 02/08/2026 - 21:52:16: [chat-processor.smx] Successfully hooked a SayText2 chat hook.
L 02/08/2026 - 21:54:10: -------- Mapchange to c5m2_park --------
L 02/08/2026 - 21:54:13: [basecommands.smx] "Console<0><Console><Console>" changed cvar (cvar "sv_consistency") (value "0")
L 02/08/2026 - 21:54:13: [basecommands.smx] "Console<0><Console><Console>" changed cvar (cvar "sv_allow_lobby_connect_only") (value "0")
L 02/08/2026 - 21:54:13: [basecommands.smx] "Console<0><Console><Console>" changed cvar (cvar "sv_maxplayers") (value "8")
L 02/08/2026 - 21:54:13: [basecommands.smx] "Console<0><Console><Console>" changed cvar (cvar "sv_visiblemaxplayers") (value "-1")
L 02/08/2026 - 21:54:14: [chat-processor.smx] Message formats generated for game 'left4dead2'.
L 02/08/2026 - 21:54:14: [chat-processor.smx] Successfully hooked a SayText2 chat hook.
L 02/08/2026 - 21:55:39: [l4d2_shop.smx] [Buy]: "Quebuendoby<263><STEAM_1:1:601841727><>" bought "extinguisher" (price: "40"), remaining points: "25"
L 02/08/2026 - 21:58:41: -------- Mapchange to c5m3_cemetery --------
L 02/08/2026 - 21:58:44: [basecommands.smx] "Console<0><Console><Console>" changed cvar (cvar "sv_consistency") (value "0")
L 02/08/2026 - 21:58:44: [basecommands.smx] "Console<0><Console><Console>" changed cvar (cvar "sv_allow_lobby_connect_only") (value "0")
L 02/08/2026 - 21:58:44: [basecommands.smx] "Console<0><Console><Console>" changed cvar (cvar "sv_maxplayers") (value "8")
L 02/08/2026 - 21:58:44: [basecommands.smx] "Console<0><Console><Console>" changed cvar (cvar "sv_visiblemaxplayers") (value "-1")
L 02/08/2026 - 21:58:44: [chat-processor.smx] Message formats generated for game 'left4dead2'.
L 02/08/2026 - 21:58:44: [chat-processor.smx] Successfully hooked a SayText2 chat hook.
L 02/08/2026 - 22:04:00: -------- Mapchange to c5m4_quarter --------
L 02/08/2026 - 22:04:04: [basecommands.smx] "Console<0><Console><Console>" changed cvar (cvar "sv_consistency") (value "0")
L 02/08/2026 - 22:04:04: [basecommands.smx] "Console<0><Console><Console>" changed cvar (cvar "sv_allow_lobby_connect_only") (value "0")
L 02/08/2026 - 22:04:04: [basecommands.smx] "Console<0><Console><Console>" changed cvar (cvar "sv_maxplayers") (value "8")
L 02/08/2026 - 22:04:04: [basecommands.smx] "Console<0><Console><Console>" changed cvar (cvar "sv_visiblemaxplayers") (value "-1")
L 02/08/2026 - 22:04:04: [chat-processor.smx] Message formats generated for game 'left4dead2'.
L 02/08/2026 - 22:04:04: [chat-processor.smx] Successfully hooked a SayText2 chat hook.
L 02/08/2026 - 22:08:02: -------- Mapchange to c5m5_bridge --------
L 02/08/2026 - 22:08:06: [basecommands.smx] "Console<0><Console><Console>" changed cvar (cvar "sv_consistency") (value "0")
L 02/08/2026 - 22:08:06: [basecommands.smx] "Console<0><Console><Console>" changed cvar (cvar "sv_allow_lobby_connect_only") (value "0")
L 02/08/2026 - 22:08:06: [basecommands.smx] "Console<0><Console><Console>" changed cvar (cvar "sv_maxplayers") (value "8")
L 02/08/2026 - 22:08:06: [basecommands.smx] "Console<0><Console><Console>" changed cvar (cvar "sv_visiblemaxplayers") (value "-1")
L 02/08/2026 - 22:08:06: [chat-processor.smx] Message formats generated for game 'left4dead2'.
L 02/08/2026 - 22:08:06: [chat-processor.smx] Successfully hooked a SayText2 chat hook.
L 02/08/2026 - 22:12:26: [basecommands.smx] "[T-T]MoY<2><STEAM_1:0:511491787><>" changed map to "c13m1_alpinecreek"
L 02/08/2026 - 22:12:29: [SM] Changed map to "c13m1_alpinecreek"
L 02/08/2026 - 22:12:31: -------- Mapchange to c13m1_alpinecreek --------
L 02/08/2026 - 22:12:34: [basecommands.smx] "Console<0><Console><Console>" changed cvar (cvar "sv_consistency") (value "0")
L 02/08/2026 - 22:12:34: [basecommands.smx] "Console<0><Console><Console>" changed cvar (cvar "sv_allow_lobby_connect_only") (value "0")
L 02/08/2026 - 22:12:34: [basecommands.smx] "Console<0><Console><Console>" changed cvar (cvar "sv_maxplayers") (value "8")
L 02/08/2026 - 22:12:34: [basecommands.smx] "Console<0><Console><Console>" changed cvar (cvar "sv_visiblemaxplayers") (value "-1")
L 02/08/2026 - 22:12:35: [chat-processor.smx] Message formats generated for game 'left4dead2'.
L 02/08/2026 - 22:12:35: [chat-processor.smx] Successfully hooked a SayText2 chat hook.
L 02/08/2026 - 22:13:32: [l4d2_shop.smx] [Buy]: "Gahtitw<242><STEAM_1:1:182960800><>" bought "extinguisher" (price: "40"), remaining points: "146"
L 02/08/2026 - 22:15:42: -------- Mapchange to c13m2_southpinestream --------
L 02/08/2026 - 22:15:46: [basecommands.smx] "Console<0><Console><Console>" changed cvar (cvar "sv_consistency") (value "0")
L 02/08/2026 - 22:15:46: [basecommands.smx] "Console<0><Console><Console>" changed cvar (cvar "sv_allow_lobby_connect_only") (value "0")
L 02/08/2026 - 22:15:46: [basecommands.smx] "Console<0><Console><Console>" changed cvar (cvar "sv_maxplayers") (value "8")
L 02/08/2026 - 22:15:46: [basecommands.smx] "Console<0><Console><Console>" changed cvar (cvar "sv_visiblemaxplayers") (value "-1")
L 02/08/2026 - 22:15:46: [chat-processor.smx] Message formats generated for game 'left4dead2'.
L 02/08/2026 - 22:15:46: [chat-processor.smx] Successfully hooked a SayText2 chat hook.
L 02/08/2026 - 22:16:18: [l4d2_shop.smx] [Buy]: "[T-T]MoY<2><STEAM_1:0:511491787><>" bought "extinguisher" (price: "40"), remaining points: "218"
L 02/08/2026 - 22:16:21: [l4d2_shop.smx] [Buy]: "Luger<433><STEAM_1:1:524848444><>" bought "pipe_bomb" (price: "28"), remaining points: "212"
L 02/08/2026 - 22:16:48: [l4d2_shop.smx] [Buy]: "Gahtitw<242><STEAM_1:1:182960800><>" bought "extinguisher" (price: "40"), remaining points: "114"
L 02/08/2026 - 22:16:53: [l4d2_shop.smx] [Buy]: "Luger<433><STEAM_1:1:524848444><>" bought "laser_sight" (price: "10"), remaining points: "202"
L 02/08/2026 - 22:18:33: [l4d2_shop.smx] [Buy]: "Luger<433><STEAM_1:1:524848444><>" bought "pipe_bomb" (price: "28"), remaining points: "188"
L 02/08/2026 - 22:19:18: -------- Mapchange to c13m3_memorialbridge --------
L 02/08/2026 - 22:19:21: [basecommands.smx] "Console<0><Console><Console>" changed cvar (cvar "sv_consistency") (value "0")
L 02/08/2026 - 22:19:21: [basecommands.smx] "Console<0><Console><Console>" changed cvar (cvar "sv_allow_lobby_connect_only") (value "0")
L 02/08/2026 - 22:19:21: [basecommands.smx] "Console<0><Console><Console>" changed cvar (cvar "sv_maxplayers") (value "8")
L 02/08/2026 - 22:19:21: [basecommands.smx] "Console<0><Console><Console>" changed cvar (cvar "sv_visiblemaxplayers") (value "-1")
L 02/08/2026 - 22:19:21: [chat-processor.smx] Message formats generated for game 'left4dead2'.
L 02/08/2026 - 22:19:21: [chat-processor.smx] Successfully hooked a SayText2 chat hook.
L 02/08/2026 - 22:19:58: [l4d2_shop.smx] [Buy]: "Luger<433><STEAM_1:1:524848444><>" bought "extinguisher" (price: "40"), remaining points: "150"
L 02/08/2026 - 22:20:11: [l4d2_shop.smx] [Buy]: "[T-T]MoY<2><STEAM_1:0:511491787><>" bought "extinguisher" (price: "40"), remaining points: "190"
L 02/08/2026 - 22:20:34: [l4d2_shop.smx] [Buy]: "Quebuendoby<461><STEAM_1:1:601841727><>" bought "pain_pills" (price: "43"), remaining points: "55"
L 02/08/2026 - 22:21:03: [l4d2_shop.smx] [Buy]: "Quebuendoby<461><STEAM_1:1:601841727><>" bought "defibrillator" (price: "50"), remaining points: "7"
L 02/08/2026 - 22:21:06: [l4d2_shop.smx] [Buy]: "[T-T]MoY<2><STEAM_1:0:511491787><>" bought "Revivir (Costo actual: 50)" (price: "50"), remaining points: "147"
L 02/08/2026 - 22:21:45: [l4d2_shop.smx] [Buy]: "Luger<433><STEAM_1:1:524848444><>" bought "pipe_bomb" (price: "28"), remaining points: "134"
L 02/08/2026 - 22:23:54: -------- Mapchange to c13m4_cutthroatcreek --------
L 02/08/2026 - 22:23:57: [basecommands.smx] "Console<0><Console><Console>" changed cvar (cvar "sv_consistency") (value "0")
L 02/08/2026 - 22:23:57: [basecommands.smx] "Console<0><Console><Console>" changed cvar (cvar "sv_allow_lobby_connect_only") (value "0")
L 02/08/2026 - 22:23:57: [basecommands.smx] "Console<0><Console><Console>" changed cvar (cvar "sv_maxplayers") (value "8")
L 02/08/2026 - 22:23:57: [basecommands.smx] "Console<0><Console><Console>" changed cvar (cvar "sv_visiblemaxplayers") (value "-1")
L 02/08/2026 - 22:23:58: [chat-processor.smx] Message formats generated for game 'left4dead2'.
L 02/08/2026 - 22:23:58: [chat-processor.smx] Successfully hooked a SayText2 chat hook.
L 02/08/2026 - 22:24:35: [l4d2_shop.smx] [Buy]: "Gahtitw<242><STEAM_1:1:182960800><>" bought "extinguisher" (price: "40"), remaining points: "109"
L 02/08/2026 - 22:24:40: [l4d2_shop.smx] [Buy]: "[T-T]MoY<2><STEAM_1:0:511491787><>" bought "extinguisher" (price: "40"), remaining points: "124"
L 02/08/2026 - 22:25:26: [l4d2_shop.smx] [Buy]: "Luger<433><STEAM_1:1:524848444><>" bought "pipe_bomb" (price: "28"), remaining points: "118"
L 02/08/2026 - 22:25:39: [l4d2_shop.smx] [Buy]: "Luger<433><STEAM_1:1:524848444><>" bought "molotov" (price: "28"), remaining points: "90"
L 02/08/2026 - 22:26:09: [l4d2_shop.smx] [Buy]: "[T-T]MoY<2><STEAM_1:0:511491787><>" bought "Revivir (Costo actual: 50)" (price: "50"), remaining points: "80"
L 02/08/2026 - 22:26:29: [l4d_sm_respawn.smx] "[T-T]MoY<2><STEAM_1:0:511491787><>" teleported "BRCA<283><STEAM_1:0:170592827><>" after respawning him
L 02/08/2026 - 22:26:29: [l4d_sm_respawn.smx] "[T-T]MoY<2><STEAM_1:0:511491787><>" teleported "Quebuendoby<461><STEAM_1:1:601841727><>" after respawning him
L 02/08/2026 - 22:27:29: [l4d2_shop.smx] [Buy]: "Luger<433><STEAM_1:1:524848444><>" bought "pipe_bomb" (price: "28"), remaining points: "73"
L 02/08/2026 - 22:27:47: -------- Mapchange to c1m1_hotel --------
L 02/08/2026 - 22:27:50: [basecommands.smx] "Console<0><Console><Console>" changed cvar (cvar "sv_consistency") (value "0")
L 02/08/2026 - 22:27:50: [basecommands.smx] "Console<0><Console><Console>" changed cvar (cvar "sv_allow_lobby_connect_only") (value "0")
L 02/08/2026 - 22:27:50: [basecommands.smx] "Console<0><Console><Console>" changed cvar (cvar "sv_maxplayers") (value "8")
L 02/08/2026 - 22:27:50: [basecommands.smx] "Console<0><Console><Console>" changed cvar (cvar "sv_visiblemaxplayers") (value "-1")
L 02/08/2026 - 22:27:50: [chat-processor.smx] Message formats generated for game 'left4dead2'.
L 02/08/2026 - 22:27:50: [chat-processor.smx] Successfully hooked a SayText2 chat hook.
L 02/08/2026 - 22:29:08: Log file closed.
