L 06/16/2026 - 22:26:22: SourceMod log file session started (file "d:\steamlibrary\steamapps\common\left 4 dead 2\left4dead2\addons\sourcemod\logs\L20260616.log") (Version "1.12.0.7207")
L 06/16/2026 - 22:26:22: [GEOIP] GeoIP2 database loaded: GeoLite2-ASN (2024-08-21 08:15:21 UTC) (d:\steamlibrary\steamapps\common\left 4 dead 2\left4dead2\addons\sourcemod\configs\geoip\GeoLite2-ASN.mmdb)
L 06/16/2026 - 22:26:22: [GEOIP] GeoIP2 supported languages: en
L 06/16/2026 - 22:26:22: [GEOIP] Your database is older than 90 days. You should consider downloading a newer version from e.g. https://dev.maxmind.com/geoip/geolite2-free-geolocation-data
L 06/16/2026 - 22:26:22: [l4d2_map_rotation.smx] [Rotation] Lista cargada con 5 campañas.
L 06/16/2026 - 22:26:24: [l4d_extinguisher.smx] 
==========
Warning: You should install "[L4D2] Scavenge Score Fix - Gascan Pouring" to prevent affecting the score when filling gas in Scavenge style events: https://forums.alliedmods.net/showthread.php?t=187686
==========

L 06/16/2026 - 22:26:24: [l4d_extinguisher.smx] 
==========
Warning: You should install "[L4D & L4D2] Use Priority Patch" to fix attached models blocking +USE action: https://forums.alliedmods.net/showthread.php?t=327511
==========

L 06/16/2026 - 22:26:37: [basecommands.smx] "Console<0><Console><Console>" changed cvar (cvar "sv_consistency") (value "0")
L 06/16/2026 - 22:26:37: [basecommands.smx] "Console<0><Console><Console>" changed cvar (cvar "sv_allow_lobby_connect_only") (value "0")
L 06/16/2026 - 22:26:37: [basecommands.smx] "Console<0><Console><Console>" changed cvar (cvar "sv_maxplayers") (value "8")
L 06/16/2026 - 22:26:37: [basecommands.smx] "Console<0><Console><Console>" changed cvar (cvar "sv_visiblemaxplayers") (value "-1")
L 06/16/2026 - 22:26:37: [chat-processor.smx] Message formats generated for game 'left4dead2'.
L 06/16/2026 - 22:26:37: [chat-processor.smx] Successfully hooked a SayText2 chat hook.
L 06/16/2026 - 22:26:44: [l4d2_shop.smx] [LOAD]: "[T-T]MoY<2><STEAM_ID_PENDING><>" loaded the record successfully! Points: "0"
L 06/16/2026 - 22:27:11: [basecommands.smx] "[T-T]MoY<2><STEAM_1:0:511491787><>" changed cvar (cvar "sv_gravity") (value "200")
L 06/16/2026 - 22:28:08: [l4d2_shop.smx] [INSERT]: "R.Adus<8><STEAM_1:0:763626172><>" is a new user!!
L 06/16/2026 - 22:29:18: [l4d2_shop.smx] [UPDATE]: "[T-T]MoY<2><STEAM_1:0:511491787><>" saved. Points: "2"
L 06/16/2026 - 22:29:18: [l4d2_shop.smx] [UPDATE]: "R.Adus<8><STEAM_1:0:763626172><>" saved. Points: "2"
L 06/16/2026 - 22:33:49: [l4d2_shop.smx] [UPDATE]: "[T-T]MoY<2><STEAM_1:0:511491787><>" saved. Points: "16"
L 06/16/2026 - 22:33:49: [l4d2_shop.smx] [UPDATE]: "R.Adus<8><STEAM_1:0:763626172><>" saved. Points: "16"
L 06/16/2026 - 22:36:10: [l4d2_shop.smx] [UPDATE]: "[T-T]MoY<2><STEAM_1:0:511491787><>" saved. Points: "20"
L 06/16/2026 - 22:36:10: [l4d2_shop.smx] [UPDATE]: "R.Adus<8><STEAM_1:0:763626172><>" saved. Points: "20"
L 06/16/2026 - 22:38:59: [l4d2_shop.smx] [LOAD]: "Tapir3000<39><STEAM_1:0:392744624><>" loaded the record successfully! Points: "10002"
L 06/16/2026 - 22:39:34: -------- Mapchange to hls_06 --------
L 06/16/2026 - 22:39:38: [basecommands.smx] "Console<0><Console><Console>" changed cvar (cvar "sv_consistency") (value "0")
L 06/16/2026 - 22:39:38: [basecommands.smx] "Console<0><Console><Console>" changed cvar (cvar "sv_allow_lobby_connect_only") (value "0")
L 06/16/2026 - 22:39:38: [basecommands.smx] "Console<0><Console><Console>" changed cvar (cvar "sv_maxplayers") (value "8")
L 06/16/2026 - 22:39:38: [basecommands.smx] "Console<0><Console><Console>" changed cvar (cvar "sv_visiblemaxplayers") (value "-1")
L 06/16/2026 - 22:39:39: [chat-processor.smx] Message formats generated for game 'left4dead2'.
L 06/16/2026 - 22:39:39: [chat-processor.smx] Successfully hooked a SayText2 chat hook.
L 06/16/2026 - 22:39:46: [l4d2_shop.smx] [LOAD]: "[T-T]MoY<2><STEAM_1:0:511491787><>" loaded the record successfully! Points: "20"
L 06/16/2026 - 22:39:48: [l4d2_shop.smx] [LOAD]: "R.Adus<8><STEAM_1:0:763626172><>" loaded the record successfully! Points: "20"
L 06/16/2026 - 22:40:51: [l4d2_shop.smx] [UPDATE]: "[T-T]MoY<2><STEAM_1:0:511491787><>" saved. Points: "20"
L 06/16/2026 - 22:40:51: [l4d2_shop.smx] UPDATE SpecialFunctions SET isEnabled = 1 WHERE steamId = 'STEAM_1:0:511491787' AND (functionNo = 'GRAY_AMMO' OR functionNo = 'BLUE_AMMO' OR functionNo = 'GOLD_AMMO')
L 06/16/2026 - 22:40:51: [l4d2_shop.smx] [UPDATE]: "R.Adus<8><STEAM_1:0:763626172><>" saved. Points: "20"
L 06/16/2026 - 22:44:16: [l4d2_shop.smx] [UPDATE]: "[T-T]MoY<2><STEAM_1:0:511491787><>" saved. Points: "24"
L 06/16/2026 - 22:44:16: [l4d2_shop.smx] UPDATE SpecialFunctions SET isEnabled = 1 WHERE steamId = 'STEAM_1:0:511491787' AND (functionNo = 'GRAY_AMMO' OR functionNo = 'BLUE_AMMO' OR functionNo = 'GOLD_AMMO')
L 06/16/2026 - 22:44:16: [l4d2_shop.smx] [UPDATE]: "R.Adus<8><STEAM_1:0:763626172><>" saved. Points: "24"
L 06/16/2026 - 22:48:18: [l4d2_shop.smx] [UPDATE]: "[T-T]MoY<2><STEAM_1:0:511491787><>" saved. Points: "50"
L 06/16/2026 - 22:48:18: [l4d2_shop.smx] UPDATE SpecialFunctions SET isEnabled = 1 WHERE steamId = 'STEAM_1:0:511491787' AND (functionNo = 'GRAY_AMMO' OR functionNo = 'BLUE_AMMO' OR functionNo = 'GOLD_AMMO')
L 06/16/2026 - 22:48:18: [l4d2_shop.smx] [UPDATE]: "R.Adus<8><STEAM_1:0:763626172><>" saved. Points: "50"
L 06/16/2026 - 22:50:52: [l4d2_shop.smx] [UPDATE]: "[T-T]MoY<2><STEAM_1:0:511491787><>" saved. Points: "66"
L 06/16/2026 - 22:50:52: [l4d2_shop.smx] UPDATE SpecialFunctions SET isEnabled = 1 WHERE steamId = 'STEAM_1:0:511491787' AND (functionNo = 'GRAY_AMMO' OR functionNo = 'BLUE_AMMO' OR functionNo = 'GOLD_AMMO')
L 06/16/2026 - 22:50:52: [l4d2_shop.smx] [UPDATE]: "R.Adus<8><STEAM_1:0:763626172><>" saved. Points: "60"
L 06/16/2026 - 22:51:27: [l4d2_shop.smx] [LOAD]: "alexanderdie51<82><STEAM_1:1:636649980><>" loaded the record successfully! Points: "6"
L 06/16/2026 - 22:52:43: [l4d2_shop.smx] [UPDATE]: "[T-T]MoY<2><STEAM_1:0:511491787><>" saved. Points: "70"
L 06/16/2026 - 22:52:43: [l4d2_shop.smx] UPDATE SpecialFunctions SET isEnabled = 1 WHERE steamId = 'STEAM_1:0:511491787' AND (functionNo = 'GRAY_AMMO' OR functionNo = 'BLUE_AMMO' OR functionNo = 'GOLD_AMMO')
L 06/16/2026 - 22:52:43: [l4d2_shop.smx] [UPDATE]: "alexanderdie51<82><STEAM_1:1:636649980><>" saved. Points: "10"
L 06/16/2026 - 22:52:43: [l4d2_shop.smx] [UPDATE]: "R.Adus<8><STEAM_1:0:763626172><>" saved. Points: "64"
L 06/16/2026 - 22:53:28: [l4d2_shop.smx] [INSERT]: "perry el ortitorico<88><STEAM_1:0:960861833><>" is a new user!!
L 06/16/2026 - 22:56:52: [l4d2_shop.smx] [INSERT]: "PAN<103><STEAM_1:0:635242802><>" is a new user!!
L 06/16/2026 - 22:57:16: [l4d2_shop.smx] [INSERT]: "Gato mewing<105><STEAM_1:0:924166584><>" is a new user!!
L 06/16/2026 - 22:57:23: [l4d2_shop.smx] [LOAD]: "javiercuri10<108><STEAM_1:1:539342870><>" loaded the record successfully! Points: "37"
L 06/16/2026 - 22:58:59: [l4d2_shop.smx] [UPDATE]: "[T-T]MoY<2><STEAM_1:0:511491787><>" saved. Points: "105"
L 06/16/2026 - 22:58:59: [l4d2_shop.smx] UPDATE SpecialFunctions SET isEnabled = 1 WHERE steamId = 'STEAM_1:0:511491787' AND (functionNo = 'GRAY_AMMO' OR functionNo = 'BLUE_AMMO' OR functionNo = 'GOLD_AMMO')
L 06/16/2026 - 22:58:59: [l4d2_shop.smx] [UPDATE]: "perry el ortitorico<88><STEAM_1:0:960861833><>" saved. Points: "32"
L 06/16/2026 - 22:58:59: [l4d2_shop.smx] [UPDATE]: "alexanderdie51<82><STEAM_1:1:636649980><>" saved. Points: "42"
L 06/16/2026 - 22:58:59: [l4d2_shop.smx] [UPDATE]: "R.Adus<8><STEAM_1:0:763626172><>" saved. Points: "97"
L 06/16/2026 - 22:58:59: [l4d2_shop.smx] [UPDATE]: "Gato mewing<105><STEAM_1:0:924166584><>" saved. Points: "16"
L 06/16/2026 - 22:58:59: [l4d2_shop.smx] [UPDATE]: "javiercuri10<108><STEAM_1:1:539342870><>" saved. Points: "51"
L 06/16/2026 - 23:01:32: [l4d2_shop.smx] [UPDATE]: "[T-T]MoY<2><STEAM_1:0:511491787><>" saved. Points: "117"
L 06/16/2026 - 23:01:32: [l4d2_shop.smx] UPDATE SpecialFunctions SET isEnabled = 1 WHERE steamId = 'STEAM_1:0:511491787' AND (functionNo = 'GRAY_AMMO' OR functionNo = 'BLUE_AMMO' OR functionNo = 'GOLD_AMMO')
L 06/16/2026 - 23:01:32: [l4d2_shop.smx] [UPDATE]: "perry el ortitorico<88><STEAM_1:0:960861833><>" saved. Points: "38"
L 06/16/2026 - 23:01:32: [l4d2_shop.smx] [UPDATE]: "alexanderdie51<82><STEAM_1:1:636649980><>" saved. Points: "48"
L 06/16/2026 - 23:01:32: [l4d2_shop.smx] [UPDATE]: "R.Adus<8><STEAM_1:0:763626172><>" saved. Points: "103"
L 06/16/2026 - 23:01:32: [l4d2_shop.smx] [UPDATE]: "javiercuri10<108><STEAM_1:1:539342870><>" saved. Points: "57"
L 06/16/2026 - 23:06:45: [l4d2_shop.smx] [LOAD]: "Tapir3000<142><STEAM_1:0:392744624><>" loaded the record successfully! Points: "10002"
L 06/16/2026 - 23:07:02: -------- Mapchange to hls_07 --------
L 06/16/2026 - 23:07:07: [basecommands.smx] "Console<0><Console><Console>" changed cvar (cvar "sv_consistency") (value "0")
L 06/16/2026 - 23:07:07: [basecommands.smx] "Console<0><Console><Console>" changed cvar (cvar "sv_allow_lobby_connect_only") (value "0")
L 06/16/2026 - 23:07:07: [basecommands.smx] "Console<0><Console><Console>" changed cvar (cvar "sv_maxplayers") (value "8")
L 06/16/2026 - 23:07:07: [basecommands.smx] "Console<0><Console><Console>" changed cvar (cvar "sv_visiblemaxplayers") (value "-1")
L 06/16/2026 - 23:07:07: [chat-processor.smx] Message formats generated for game 'left4dead2'.
L 06/16/2026 - 23:07:07: [chat-processor.smx] Successfully hooked a SayText2 chat hook.
L 06/16/2026 - 23:07:13: [l4d2_shop.smx] [LOAD]: "[T-T]MoY<2><STEAM_1:0:511491787><>" loaded the record successfully! Points: "117"
L 06/16/2026 - 23:07:14: [l4d2_shop.smx] [LOAD]: "alexanderdie51<82><STEAM_1:1:636649980><>" loaded the record successfully! Points: "48"
L 06/16/2026 - 23:07:14: [l4d2_shop.smx] [LOAD]: "javiercuri10<108><STEAM_1:1:539342870><>" loaded the record successfully! Points: "57"
L 06/16/2026 - 23:07:16: [l4d2_shop.smx] [LOAD]: "R.Adus<8><STEAM_1:0:763626172><>" loaded the record successfully! Points: "103"
L 06/16/2026 - 23:07:16: [l4d2_shop.smx] [LOAD]: "perry el ortitorico<88><STEAM_1:0:960861833><>" loaded the record successfully! Points: "38"
L 06/16/2026 - 23:07:26: [l4d2_shop.smx] [LOAD]: "Tapir3000<142><STEAM_1:0:392744624><>" loaded the record successfully! Points: "10002"
L 06/16/2026 - 23:09:33: [l4d2_shop.smx] [UPDATE]: "[T-T]MoY<2><STEAM_1:0:511491787><>" saved. Points: "131"
L 06/16/2026 - 23:09:33: [l4d2_shop.smx] UPDATE SpecialFunctions SET isEnabled = 1 WHERE steamId = 'STEAM_1:0:511491787' AND (functionNo = 'GRAY_AMMO' OR functionNo = 'BLUE_AMMO' OR functionNo = 'GOLD_AMMO')
L 06/16/2026 - 23:09:33: [l4d2_shop.smx] [UPDATE]: "perry el ortitorico<88><STEAM_1:0:960861833><>" saved. Points: "52"
L 06/16/2026 - 23:09:33: [l4d2_shop.smx] [UPDATE]: "alexanderdie51<82><STEAM_1:1:636649980><>" saved. Points: "62"
L 06/16/2026 - 23:09:33: [l4d2_shop.smx] [UPDATE]: "R.Adus<8><STEAM_1:0:763626172><>" saved. Points: "117"
L 06/16/2026 - 23:09:33: [l4d2_shop.smx] [UPDATE]: "javiercuri10<108><STEAM_1:1:539342870><>" saved. Points: "71"
L 06/16/2026 - 23:11:56: [l4d2_shop.smx] [INSERT]: "bob el careador<176><STEAM_1:0:152863169><>" is a new user!!
L 06/16/2026 - 23:12:20: [l4d2_shop.smx] [UPDATE]: "[T-T]MoY<2><STEAM_1:0:511491787><>" saved. Points: "143"
L 06/16/2026 - 23:12:20: [l4d2_shop.smx] UPDATE SpecialFunctions SET isEnabled = 1 WHERE steamId = 'STEAM_1:0:511491787' AND (functionNo = 'GRAY_AMMO' OR functionNo = 'BLUE_AMMO' OR functionNo = 'GOLD_AMMO')
L 06/16/2026 - 23:12:20: [l4d2_shop.smx] [UPDATE]: "perry el ortitorico<88><STEAM_1:0:960861833><>" saved. Points: "64"
L 06/16/2026 - 23:12:20: [l4d2_shop.smx] [UPDATE]: "alexanderdie51<82><STEAM_1:1:636649980><>" saved. Points: "74"
L 06/16/2026 - 23:12:20: [l4d2_shop.smx] [UPDATE]: "R.Adus<8><STEAM_1:0:763626172><>" saved. Points: "129"
L 06/16/2026 - 23:12:20: [l4d2_shop.smx] [UPDATE]: "bob el careador<176><STEAM_1:0:152863169><>" saved. Points: "2"
L 06/16/2026 - 23:12:20: [l4d2_shop.smx] [UPDATE]: "javiercuri10<108><STEAM_1:1:539342870><>" saved. Points: "92"
L 06/16/2026 - 23:13:14: [l4d2_shop.smx] [LOAD]: "castrorevollob<180><STEAM_1:1:703443058><>" loaded the record successfully! Points: "8"
L 06/16/2026 - 23:15:37: [l4d2_shop.smx] [LOAD]: "Tapir3000<196><STEAM_1:0:392744624><>" loaded the record successfully! Points: "10002"
L 06/16/2026 - 23:18:21: [l4d2_shop.smx] [UPDATE]: "[T-T]MoY<2><STEAM_1:0:511491787><>" saved. Points: "169"
L 06/16/2026 - 23:18:21: [l4d2_shop.smx] UPDATE SpecialFunctions SET isEnabled = 1 WHERE steamId = 'STEAM_1:0:511491787' AND (functionNo = 'GRAY_AMMO' OR functionNo = 'BLUE_AMMO' OR functionNo = 'GOLD_AMMO')
L 06/16/2026 - 23:18:21: [l4d2_shop.smx] [UPDATE]: "castrorevollob<180><STEAM_1:1:703443058><>" saved. Points: "30"
L 06/16/2026 - 23:18:21: [l4d2_shop.smx] [UPDATE]: "perry el ortitorico<88><STEAM_1:0:960861833><>" saved. Points: "90"
L 06/16/2026 - 23:18:21: [l4d2_shop.smx] [UPDATE]: "alexanderdie51<82><STEAM_1:1:636649980><>" saved. Points: "108"
L 06/16/2026 - 23:18:21: [l4d2_shop.smx] [UPDATE]: "R.Adus<8><STEAM_1:0:763626172><>" saved. Points: "155"
L 06/16/2026 - 23:18:21: [l4d2_shop.smx] [UPDATE]: "bob el careador<176><STEAM_1:0:152863169><>" saved. Points: "37"
L 06/16/2026 - 23:18:21: [l4d2_shop.smx] [UPDATE]: "javiercuri10<108><STEAM_1:1:539342870><>" saved. Points: "118"
L 06/16/2026 - 23:20:09: [l4d2_shop.smx] [INSERT]: "KraToz$<219><STEAM_1:0:938792383><>" is a new user!!
L 06/16/2026 - 23:25:17: [l4d2_shop.smx] [INSERT]: "Zentos02<237><STEAM_1:0:421846402><>" is a new user!!
L 06/16/2026 - 23:27:14: -------- Mapchange to hls_09 --------
L 06/16/2026 - 23:27:18: [basecommands.smx] "Console<0><Console><Console>" changed cvar (cvar "sv_consistency") (value "0")
L 06/16/2026 - 23:27:18: [basecommands.smx] "Console<0><Console><Console>" changed cvar (cvar "sv_allow_lobby_connect_only") (value "0")
L 06/16/2026 - 23:27:18: [basecommands.smx] "Console<0><Console><Console>" changed cvar (cvar "sv_maxplayers") (value "8")
L 06/16/2026 - 23:27:18: [basecommands.smx] "Console<0><Console><Console>" changed cvar (cvar "sv_visiblemaxplayers") (value "-1")
L 06/16/2026 - 23:27:19: [chat-processor.smx] Message formats generated for game 'left4dead2'.
L 06/16/2026 - 23:27:19: [chat-processor.smx] Successfully hooked a SayText2 chat hook.
L 06/16/2026 - 23:27:24: [l4d2_shop.smx] [LOAD]: "[T-T]MoY<2><STEAM_1:0:511491787><>" loaded the record successfully! Points: "169"
L 06/16/2026 - 23:27:26: [l4d2_shop.smx] [LOAD]: "alexanderdie51<82><STEAM_1:1:636649980><>" loaded the record successfully! Points: "108"
L 06/16/2026 - 23:27:26: [l4d2_shop.smx] [LOAD]: "javiercuri10<108><STEAM_1:1:539342870><>" loaded the record successfully! Points: "118"
L 06/16/2026 - 23:27:27: [l4d2_shop.smx] [LOAD]: "bob el careador<176><STEAM_1:0:152863169><>" loaded the record successfully! Points: "37"
L 06/16/2026 - 23:27:28: [l4d2_shop.smx] [LOAD]: "perry el ortitorico<88><STEAM_1:0:960861833><>" loaded the record successfully! Points: "90"
L 06/16/2026 - 23:27:28: [l4d2_shop.smx] [LOAD]: "R.Adus<8><STEAM_1:0:763626172><>" loaded the record successfully! Points: "155"
L 06/16/2026 - 23:27:31: [l4d2_shop.smx] [LOAD]: "Zentos02<237><STEAM_1:0:421846402><>" loaded the record successfully! Points: "0"
L 06/16/2026 - 23:27:42: [l4d2_shop.smx] [LOAD]: "castrorevollob<180><STEAM_1:1:703443058><>" loaded the record successfully! Points: "30"
L 06/16/2026 - 23:33:36: Log file closed.
