L 07/15/2026 - 23:27:14: SourceMod log file session started (file "d:\steamlibrary\steamapps\common\left 4 dead 2\left4dead2\addons\sourcemod\logs\L20260715.log") (Version "1.12.0.7207")
L 07/15/2026 - 23:27:14: [GEOIP] GeoIP2 database loaded: GeoLite2-ASN (2024-08-21 08:15:21 UTC) (d:\steamlibrary\steamapps\common\left 4 dead 2\left4dead2\addons\sourcemod\configs\geoip\GeoLite2-ASN.mmdb)
L 07/15/2026 - 23:27:14: [GEOIP] GeoIP2 supported languages: en
L 07/15/2026 - 23:27:14: [GEOIP] Your database is older than 90 days. You should consider downloading a newer version from e.g. https://dev.maxmind.com/geoip/geolite2-free-geolocation-data
L 07/15/2026 - 23:27:15: [l4d_extinguisher.smx] 
==========
Warning: You should install "[L4D2] Scavenge Score Fix - Gascan Pouring" to prevent affecting the score when filling gas in Scavenge style events: https://forums.alliedmods.net/showthread.php?t=187686
==========

L 07/15/2026 - 23:27:15: [l4d_extinguisher.smx] 
==========
Warning: You should install "[L4D & L4D2] Use Priority Patch" to fix attached models blocking +USE action: https://forums.alliedmods.net/showthread.php?t=327511
==========

L 07/15/2026 - 23:27:29: [basecommands.smx] "Console<0><Console><Console>" changed cvar (cvar "sv_consistency") (value "0")
L 07/15/2026 - 23:27:29: [basecommands.smx] "Console<0><Console><Console>" changed cvar (cvar "sv_allow_lobby_connect_only") (value "0")
L 07/15/2026 - 23:27:29: [basecommands.smx] "Console<0><Console><Console>" changed cvar (cvar "sv_maxplayers") (value "8")
L 07/15/2026 - 23:27:29: [basecommands.smx] "Console<0><Console><Console>" changed cvar (cvar "sv_visiblemaxplayers") (value "-1")
L 07/15/2026 - 23:27:29: [chat-processor.smx] Message formats generated for game 'left4dead2'.
L 07/15/2026 - 23:27:29: [chat-processor.smx] Successfully hooked a SayText2 chat hook.
L 07/15/2026 - 23:27:35: [l4d2_shop.smx] [LOAD]: "[T-T]MoY<2><STEAM_ID_PENDING><>" loaded the record successfully! Points: "0"
L 07/15/2026 - 23:29:08: [l4d_sm_respawn.smx] "[T-T]MoY<2><STEAM_1:0:511491787><>" teleported "Rochelle<5><BOT><>" after respawning him
L 07/15/2026 - 23:31:20: [playercommands.smx] "[T-T]MoY<2><STEAM_1:0:511491787><>" slayed "Nick<5><BOT><>"
L 07/15/2026 - 23:31:28: [l4d_sm_respawn.smx] "[T-T]MoY<2><STEAM_1:0:511491787><>" teleported "Nick<5><BOT><>" after respawning him
L 07/15/2026 - 23:32:40: [l4d2_shop.smx] [UPDATE]: "[T-T]MoY<2><STEAM_1:0:511491787><>" saved. Points: "3"
L 07/15/2026 - 23:34:03: [basecommands.smx] "[T-T]MoY<2><STEAM_1:0:511491787><>" changed cvar (cvar "mp_gamemode") (value "lobby")
L 07/15/2026 - 23:34:59: [basecommands.smx] "[T-T]MoY<2><STEAM_1:0:511491787><>" changed cvar (cvar "mp_gamemode") (value "lobby")
L 07/15/2026 - 23:44:45: -------- Mapchange to Glubtastic2_1 --------
L 07/15/2026 - 23:44:48: [basecommands.smx] "Console<0><Console><Console>" changed cvar (cvar "sv_consistency") (value "0")
L 07/15/2026 - 23:44:48: [basecommands.smx] "Console<0><Console><Console>" changed cvar (cvar "sv_allow_lobby_connect_only") (value "0")
L 07/15/2026 - 23:44:48: [basecommands.smx] "Console<0><Console><Console>" changed cvar (cvar "sv_maxplayers") (value "8")
L 07/15/2026 - 23:44:48: [basecommands.smx] "Console<0><Console><Console>" changed cvar (cvar "sv_visiblemaxplayers") (value "-1")
L 07/15/2026 - 23:44:48: [chat-processor.smx] Message formats generated for game 'left4dead2'.
L 07/15/2026 - 23:44:48: [chat-processor.smx] Successfully hooked a SayText2 chat hook.
L 07/15/2026 - 23:44:58: [l4d2_shop.smx] [LOAD]: "[T-T]MoY<21><STEAM_ID_PENDING><>" loaded the record successfully! Points: "0"
L 07/15/2026 - 23:45:19: [l4d2_shop.smx] [UPDATE]: "[T-T]MoY<21><STEAM_1:0:511491787><>" saved. Points: "0"
L 07/15/2026 - 23:45:58: [l4d2_shop.smx] [UPDATE]: "[T-T]MoY<21><STEAM_1:0:511491787><>" saved. Points: "4"
L 07/15/2026 - 23:46:19: [l4d2_shop.smx] [UPDATE]: "[T-T]MoY<21><STEAM_1:0:511491787><>" saved. Points: "4"
L 07/15/2026 - 23:48:35: -------- Mapchange to c2m1_highway --------
L 07/15/2026 - 23:48:39: [basecommands.smx] "Console<0><Console><Console>" changed cvar (cvar "sv_consistency") (value "0")
L 07/15/2026 - 23:48:39: [basecommands.smx] "Console<0><Console><Console>" changed cvar (cvar "sv_allow_lobby_connect_only") (value "0")
L 07/15/2026 - 23:48:39: [basecommands.smx] "Console<0><Console><Console>" changed cvar (cvar "sv_maxplayers") (value "8")
L 07/15/2026 - 23:48:39: [basecommands.smx] "Console<0><Console><Console>" changed cvar (cvar "sv_visiblemaxplayers") (value "-1")
L 07/15/2026 - 23:48:39: [chat-processor.smx] Message formats generated for game 'left4dead2'.
L 07/15/2026 - 23:48:39: [chat-processor.smx] Successfully hooked a SayText2 chat hook.
L 07/15/2026 - 23:48:56: [l4d2_shop.smx] [LOAD]: "[T-T]MoY<73><STEAM_1:0:511491787><>" loaded the record successfully! Points: "4"
L 07/15/2026 - 23:49:22: [basecommands.smx] "[T-T]MoY<73><STEAM_1:0:511491787><>" changed cvar (cvar "sv_gravity") (value "200")
L 07/15/2026 - 23:50:08: [l4d2_shop.smx] [INSERT]: "luan<77><STEAM_1:1:577922118><>" is a new user!!
L 07/15/2026 - 23:52:31: -------- Mapchange to c2m2_fairgrounds --------
L 07/15/2026 - 23:52:36: [basecommands.smx] "Console<0><Console><Console>" changed cvar (cvar "sv_consistency") (value "0")
L 07/15/2026 - 23:52:36: [basecommands.smx] "Console<0><Console><Console>" changed cvar (cvar "sv_allow_lobby_connect_only") (value "0")
L 07/15/2026 - 23:52:36: [basecommands.smx] "Console<0><Console><Console>" changed cvar (cvar "sv_maxplayers") (value "8")
L 07/15/2026 - 23:52:36: [basecommands.smx] "Console<0><Console><Console>" changed cvar (cvar "sv_visiblemaxplayers") (value "-1")
L 07/15/2026 - 23:52:36: [chat-processor.smx] Message formats generated for game 'left4dead2'.
L 07/15/2026 - 23:52:36: [chat-processor.smx] Successfully hooked a SayText2 chat hook.
L 07/15/2026 - 23:52:45: [l4d2_shop.smx] [LOAD]: "[T-T]MoY<73><STEAM_1:0:511491787><>" loaded the record successfully! Points: "4"
L 07/15/2026 - 23:52:57: [l4d2_shop.smx] [INSERT]: "Levi<87><STEAM_1:0:396793443><>" is a new user!!
L 07/15/2026 - 23:54:49: [l4d2_shop.smx] [INSERT]: "WENA CTM!<97><STEAM_1:1:225576762><>" is a new user!!
L 07/15/2026 - 23:55:39: [l4d2_shop.smx] [UPDATE]: "[T-T]MoY<73><STEAM_1:0:511491787><>" saved. Points: "14"
L 07/15/2026 - 23:55:39: [l4d2_shop.smx] UPDATE SpecialFunctions SET isEnabled = 1 WHERE steamId = 'STEAM_1:0:511491787' AND (functionNo = 'GRAY_AMMO' OR functionNo = 'BLUE_AMMO' OR functionNo = 'GOLD_AMMO')
L 07/15/2026 - 23:55:39: [l4d2_shop.smx] [UPDATE]: "WENA CTM!<97><STEAM_1:1:225576762><>" saved. Points: "2"
L 07/15/2026 - 23:57:57: [l4d2_shop.smx] [INSERT]: "SkeetGod<107><STEAM_1:1:398090910><>" is a new user!!
L 07/15/2026 - 23:58:04: [l4d2_shop.smx] [UPDATE]: "[T-T]MoY<73><STEAM_1:0:511491787><>" saved. Points: "18"
L 07/15/2026 - 23:58:04: [l4d2_shop.smx] UPDATE SpecialFunctions SET isEnabled = 1 WHERE steamId = 'STEAM_1:0:511491787' AND (functionNo = 'GRAY_AMMO' OR functionNo = 'BLUE_AMMO' OR functionNo = 'GOLD_AMMO')
L 07/15/2026 - 23:58:04: [l4d2_shop.smx] [UPDATE]: "WENA CTM!<97><STEAM_1:1:225576762><>" saved. Points: "6"
L 07/15/2026 - 23:58:04: [l4d2_shop.smx] [UPDATE]: "SkeetGod<107><STEAM_1:1:398090910><>" saved. Points: "0"
L 07/16/2026 - 00:01:07: Log file closed.
