L 12/03/2025 - 20:50:45: SourceMod log file session started (file "d:\steamlibrary\steamapps\common\left 4 dead 2\left4dead2\addons\sourcemod\logs\L20251203.log") (Version "1.12.0.7207")
L 12/03/2025 - 20:50:45: [GEOIP] GeoIP2 database loaded: GeoLite2-ASN (2024-08-21 08:15:21 UTC) (d:\steamlibrary\steamapps\common\left 4 dead 2\left4dead2\addons\sourcemod\configs\geoip\GeoLite2-ASN.mmdb)
L 12/03/2025 - 20:50:45: [GEOIP] GeoIP2 supported languages: en
L 12/03/2025 - 20:50:45: [GEOIP] Your database is older than 90 days. You should consider downloading a newer version from e.g. https://dev.maxmind.com/geoip/geolite2-free-geolocation-data
L 12/03/2025 - 20:50:55: [basecommands.smx] "Console<0><Console><Console>" changed cvar (cvar "sv_consistency") (value "0")
L 12/03/2025 - 20:50:55: [basecommands.smx] "Console<0><Console><Console>" changed cvar (cvar "sv_allow_lobby_connect_only") (value "0")
L 12/03/2025 - 20:50:55: [basecommands.smx] "Console<0><Console><Console>" changed cvar (cvar "sv_maxplayers") (value "8")
L 12/03/2025 - 20:50:55: [basecommands.smx] "Console<0><Console><Console>" changed cvar (cvar "sv_visiblemaxplayers") (value "-1")
L 12/03/2025 - 20:50:56: [chat-processor.smx] Message formats generated for game 'left4dead2'.
L 12/03/2025 - 20:50:56: [chat-processor.smx] Successfully hooked a SayText2 chat hook.
L 12/03/2025 - 20:58:03: -------- Mapchange to c1m2_streets --------
L 12/03/2025 - 20:58:07: [basecommands.smx] "Console<0><Console><Console>" changed cvar (cvar "sv_consistency") (value "0")
L 12/03/2025 - 20:58:07: [basecommands.smx] "Console<0><Console><Console>" changed cvar (cvar "sv_allow_lobby_connect_only") (value "0")
L 12/03/2025 - 20:58:07: [basecommands.smx] "Console<0><Console><Console>" changed cvar (cvar "sv_maxplayers") (value "8")
L 12/03/2025 - 20:58:07: [basecommands.smx] "Console<0><Console><Console>" changed cvar (cvar "sv_visiblemaxplayers") (value "-1")
L 12/03/2025 - 20:58:07: [chat-processor.smx] Message formats generated for game 'left4dead2'.
L 12/03/2025 - 20:58:07: [chat-processor.smx] Successfully hooked a SayText2 chat hook.
L 12/03/2025 - 21:02:20: [test_1.smx] "[T-T]MoY<2><STEAM_1:0:511491787><>" cambió la dificultad a hard
L 12/03/2025 - 21:09:23: [playercommands.smx] "[T-T]MoY<2><STEAM_1:0:511491787><>" slayed "Davertmin<54><STEAM_1:0:921293426><>"
L 12/03/2025 - 21:15:43: -------- Mapchange to c1m3_mall --------
L 12/03/2025 - 21:15:47: [basecommands.smx] "Console<0><Console><Console>" changed cvar (cvar "sv_consistency") (value "0")
L 12/03/2025 - 21:15:47: [basecommands.smx] "Console<0><Console><Console>" changed cvar (cvar "sv_allow_lobby_connect_only") (value "0")
L 12/03/2025 - 21:15:47: [basecommands.smx] "Console<0><Console><Console>" changed cvar (cvar "sv_maxplayers") (value "8")
L 12/03/2025 - 21:15:47: [basecommands.smx] "Console<0><Console><Console>" changed cvar (cvar "sv_visiblemaxplayers") (value "-1")
L 12/03/2025 - 21:15:47: [chat-processor.smx] Message formats generated for game 'left4dead2'.
L 12/03/2025 - 21:15:47: [chat-processor.smx] Successfully hooked a SayText2 chat hook.
L 12/03/2025 - 21:20:58: -------- Mapchange to c1m4_atrium --------
L 12/03/2025 - 21:21:01: [basecommands.smx] "Console<0><Console><Console>" changed cvar (cvar "sv_consistency") (value "0")
L 12/03/2025 - 21:21:01: [basecommands.smx] "Console<0><Console><Console>" changed cvar (cvar "sv_allow_lobby_connect_only") (value "0")
L 12/03/2025 - 21:21:01: [basecommands.smx] "Console<0><Console><Console>" changed cvar (cvar "sv_maxplayers") (value "8")
L 12/03/2025 - 21:21:01: [basecommands.smx] "Console<0><Console><Console>" changed cvar (cvar "sv_visiblemaxplayers") (value "-1")
L 12/03/2025 - 21:21:01: [chat-processor.smx] Message formats generated for game 'left4dead2'.
L 12/03/2025 - 21:21:01: [chat-processor.smx] Successfully hooked a SayText2 chat hook.
L 12/03/2025 - 21:21:47: [test_1.smx] "[T-T]MoY<2><STEAM_1:0:511491787><>" cambió la dificultad a impossible
L 12/03/2025 - 21:24:57: [l4d_sm_respawn.smx] "[T-T]MoY<2><STEAM_1:0:511491787><>" teleported "PRIEVTROSKOV<94><STEAM_1:1:961033473><>" after respawning him
L 12/03/2025 - 21:24:58: [l4d_sm_respawn.smx] "[T-T]MoY<2><STEAM_1:0:511491787><>" teleported "Loghan_EC<122><STEAM_1:1:410216785><>" after respawning him
L 12/03/2025 - 21:25:43: [basecommands.smx] "[T-T]MoY<2><STEAM_1:0:511491787><>" changed map to "c2m1_highway"
L 12/03/2025 - 21:25:46: [SM] Changed map to "c2m1_highway"
L 12/03/2025 - 21:25:48: -------- Mapchange to c2m1_highway --------
L 12/03/2025 - 21:25:51: [basecommands.smx] "Console<0><Console><Console>" changed cvar (cvar "sv_consistency") (value "0")
L 12/03/2025 - 21:25:51: [basecommands.smx] "Console<0><Console><Console>" changed cvar (cvar "sv_allow_lobby_connect_only") (value "0")
L 12/03/2025 - 21:25:51: [basecommands.smx] "Console<0><Console><Console>" changed cvar (cvar "sv_maxplayers") (value "8")
L 12/03/2025 - 21:25:51: [basecommands.smx] "Console<0><Console><Console>" changed cvar (cvar "sv_visiblemaxplayers") (value "-1")
L 12/03/2025 - 21:25:51: [chat-processor.smx] Message formats generated for game 'left4dead2'.
L 12/03/2025 - 21:25:51: [chat-processor.smx] Successfully hooked a SayText2 chat hook.
L 12/03/2025 - 21:29:45: -------- Mapchange to c2m2_fairgrounds --------
L 12/03/2025 - 21:29:49: [basecommands.smx] "Console<0><Console><Console>" changed cvar (cvar "sv_consistency") (value "0")
L 12/03/2025 - 21:29:49: [basecommands.smx] "Console<0><Console><Console>" changed cvar (cvar "sv_allow_lobby_connect_only") (value "0")
L 12/03/2025 - 21:29:49: [basecommands.smx] "Console<0><Console><Console>" changed cvar (cvar "sv_maxplayers") (value "8")
L 12/03/2025 - 21:29:49: [basecommands.smx] "Console<0><Console><Console>" changed cvar (cvar "sv_visiblemaxplayers") (value "-1")
L 12/03/2025 - 21:29:49: [chat-processor.smx] Message formats generated for game 'left4dead2'.
L 12/03/2025 - 21:29:49: [chat-processor.smx] Successfully hooked a SayText2 chat hook.
L 12/03/2025 - 21:32:22: [l4d_sm_respawn.smx] "[T-T]MoY<2><STEAM_1:0:511491787><>" teleported "Chochito de Limon<192><STEAM_1:0:964724368><>" after respawning him
L 12/03/2025 - 21:33:26: -------- Mapchange to c2m3_coaster --------
L 12/03/2025 - 21:33:29: [basecommands.smx] "Console<0><Console><Console>" changed cvar (cvar "sv_consistency") (value "0")
L 12/03/2025 - 21:33:29: [basecommands.smx] "Console<0><Console><Console>" changed cvar (cvar "sv_allow_lobby_connect_only") (value "0")
L 12/03/2025 - 21:33:29: [basecommands.smx] "Console<0><Console><Console>" changed cvar (cvar "sv_maxplayers") (value "8")
L 12/03/2025 - 21:33:29: [basecommands.smx] "Console<0><Console><Console>" changed cvar (cvar "sv_visiblemaxplayers") (value "-1")
L 12/03/2025 - 21:33:30: [chat-processor.smx] Message formats generated for game 'left4dead2'.
L 12/03/2025 - 21:33:30: [chat-processor.smx] Successfully hooked a SayText2 chat hook.
L 12/03/2025 - 21:45:33: [test_1.smx] "[T-T]MoY<2><STEAM_1:0:511491787><>" cambió la dificultad a hard
L 12/03/2025 - 21:49:39: -------- Mapchange to c2m4_barns --------
L 12/03/2025 - 21:49:42: [basecommands.smx] "Console<0><Console><Console>" changed cvar (cvar "sv_consistency") (value "0")
L 12/03/2025 - 21:49:42: [basecommands.smx] "Console<0><Console><Console>" changed cvar (cvar "sv_allow_lobby_connect_only") (value "0")
L 12/03/2025 - 21:49:42: [basecommands.smx] "Console<0><Console><Console>" changed cvar (cvar "sv_maxplayers") (value "8")
L 12/03/2025 - 21:49:42: [basecommands.smx] "Console<0><Console><Console>" changed cvar (cvar "sv_visiblemaxplayers") (value "-1")
L 12/03/2025 - 21:49:42: [chat-processor.smx] Message formats generated for game 'left4dead2'.
L 12/03/2025 - 21:49:42: [chat-processor.smx] Successfully hooked a SayText2 chat hook.
L 12/03/2025 - 21:50:28: [test_1.smx] "[T-T]MoY<2><STEAM_1:0:511491787><>" cambió la dificultad a impossible
L 12/03/2025 - 21:56:17: [l4d_sm_respawn.smx] "[T-T]MoY<2><STEAM_1:0:511491787><>" teleported "[T-T]MoY<2><STEAM_1:0:511491787><>" after respawning him
L 12/03/2025 - 21:56:17: [l4d_sm_respawn.smx] "[T-T]MoY<2><STEAM_1:0:511491787><>" teleported "Fitopaez<75><STEAM_1:1:88527822><>" after respawning him
L 12/03/2025 - 21:57:29: -------- Mapchange to c2m5_concert --------
L 12/03/2025 - 21:57:32: [basecommands.smx] "Console<0><Console><Console>" changed cvar (cvar "sv_consistency") (value "0")
L 12/03/2025 - 21:57:32: [basecommands.smx] "Console<0><Console><Console>" changed cvar (cvar "sv_allow_lobby_connect_only") (value "0")
L 12/03/2025 - 21:57:32: [basecommands.smx] "Console<0><Console><Console>" changed cvar (cvar "sv_maxplayers") (value "8")
L 12/03/2025 - 21:57:32: [basecommands.smx] "Console<0><Console><Console>" changed cvar (cvar "sv_visiblemaxplayers") (value "-1")
L 12/03/2025 - 21:57:32: [chat-processor.smx] Message formats generated for game 'left4dead2'.
L 12/03/2025 - 21:57:32: [chat-processor.smx] Successfully hooked a SayText2 chat hook.
L 12/03/2025 - 21:58:32: [l4d_sm_respawn.smx] "[T-T]MoY<2><STEAM_1:0:511491787><>" teleported "VinsDec<144><STEAM_1:1:221263600><>" after respawning him
L 12/03/2025 - 21:58:47: [l4d_sm_respawn.smx] "[T-T]MoY<2><STEAM_1:0:511491787><>" teleported "VinsDec<144><STEAM_1:1:221263600><>" after respawning him
L 12/03/2025 - 21:58:47: [l4d_sm_respawn.smx] "[T-T]MoY<2><STEAM_1:0:511491787><>" teleported "ASESINA DE CHILI<299><STEAM_1:0:553517070><>" after respawning him
L 12/03/2025 - 21:58:47: [l4d_sm_respawn.smx] "[T-T]MoY<2><STEAM_1:0:511491787><>" teleported "vitocho<72><STEAM_1:1:117175021><>" after respawning him
L 12/03/2025 - 22:05:54: [basecommands.smx] "[T-T]MoY<2><STEAM_1:0:511491787><>" changed map to "c5m1_waterfront"
L 12/03/2025 - 22:05:57: [SM] Changed map to "c5m1_waterfront"
L 12/03/2025 - 22:05:59: -------- Mapchange to c5m1_waterfront --------
L 12/03/2025 - 22:06:02: [basecommands.smx] "Console<0><Console><Console>" changed cvar (cvar "sv_consistency") (value "0")
L 12/03/2025 - 22:06:02: [basecommands.smx] "Console<0><Console><Console>" changed cvar (cvar "sv_allow_lobby_connect_only") (value "0")
L 12/03/2025 - 22:06:02: [basecommands.smx] "Console<0><Console><Console>" changed cvar (cvar "sv_maxplayers") (value "8")
L 12/03/2025 - 22:06:02: [basecommands.smx] "Console<0><Console><Console>" changed cvar (cvar "sv_visiblemaxplayers") (value "-1")
L 12/03/2025 - 22:06:03: [chat-processor.smx] Message formats generated for game 'left4dead2'.
L 12/03/2025 - 22:06:03: [chat-processor.smx] Successfully hooked a SayText2 chat hook.
L 12/03/2025 - 22:07:58: -------- Mapchange to c5m2_park --------
L 12/03/2025 - 22:08:01: [basecommands.smx] "Console<0><Console><Console>" changed cvar (cvar "sv_consistency") (value "0")
L 12/03/2025 - 22:08:01: [basecommands.smx] "Console<0><Console><Console>" changed cvar (cvar "sv_allow_lobby_connect_only") (value "0")
L 12/03/2025 - 22:08:01: [basecommands.smx] "Console<0><Console><Console>" changed cvar (cvar "sv_maxplayers") (value "8")
L 12/03/2025 - 22:08:01: [basecommands.smx] "Console<0><Console><Console>" changed cvar (cvar "sv_visiblemaxplayers") (value "-1")
L 12/03/2025 - 22:08:02: [chat-processor.smx] Message formats generated for game 'left4dead2'.
L 12/03/2025 - 22:08:02: [chat-processor.smx] Successfully hooked a SayText2 chat hook.
L 12/03/2025 - 22:11:34: -------- Mapchange to c5m3_cemetery --------
L 12/03/2025 - 22:11:37: [basecommands.smx] "Console<0><Console><Console>" changed cvar (cvar "sv_consistency") (value "0")
L 12/03/2025 - 22:11:37: [basecommands.smx] "Console<0><Console><Console>" changed cvar (cvar "sv_allow_lobby_connect_only") (value "0")
L 12/03/2025 - 22:11:37: [basecommands.smx] "Console<0><Console><Console>" changed cvar (cvar "sv_maxplayers") (value "8")
L 12/03/2025 - 22:11:37: [basecommands.smx] "Console<0><Console><Console>" changed cvar (cvar "sv_visiblemaxplayers") (value "-1")
L 12/03/2025 - 22:11:38: [chat-processor.smx] Message formats generated for game 'left4dead2'.
L 12/03/2025 - 22:11:38: [chat-processor.smx] Successfully hooked a SayText2 chat hook.
L 12/03/2025 - 22:18:33: [funcommands.smx] "[T-T]MoY<2><STEAM_1:0:511491787><>" froze "KitsNi<340><STEAM_1:0:511682297><>"
L 12/03/2025 - 22:19:03: [all4dead2.smx] [NOTICE]: ([T-T]MoY<2><STEAM_1:0:511491787><>) has spawned a adrenaline
L 12/03/2025 - 22:19:04: [all4dead2.smx] [NOTICE]: ([T-T]MoY<2><STEAM_1:0:511491787><>) has spawned a adrenaline
L 12/03/2025 - 22:19:04: [all4dead2.smx] [NOTICE]: ([T-T]MoY<2><STEAM_1:0:511491787><>) has spawned a adrenaline
L 12/03/2025 - 22:19:04: [all4dead2.smx] [NOTICE]: ([T-T]MoY<2><STEAM_1:0:511491787><>) has spawned a adrenaline
L 12/03/2025 - 22:19:05: [all4dead2.smx] [NOTICE]: ([T-T]MoY<2><STEAM_1:0:511491787><>) has spawned a adrenaline
L 12/03/2025 - 22:19:05: [all4dead2.smx] [NOTICE]: ([T-T]MoY<2><STEAM_1:0:511491787><>) has spawned a adrenaline
L 12/03/2025 - 22:19:05: [all4dead2.smx] [NOTICE]: ([T-T]MoY<2><STEAM_1:0:511491787><>) has spawned a adrenaline
L 12/03/2025 - 22:19:05: [all4dead2.smx] [NOTICE]: ([T-T]MoY<2><STEAM_1:0:511491787><>) has spawned a adrenaline
L 12/03/2025 - 22:19:05: [all4dead2.smx] [NOTICE]: ([T-T]MoY<2><STEAM_1:0:511491787><>) has spawned a adrenaline
L 12/03/2025 - 22:19:06: [all4dead2.smx] [NOTICE]: ([T-T]MoY<2><STEAM_1:0:511491787><>) has spawned a adrenaline
L 12/03/2025 - 22:19:06: [all4dead2.smx] [NOTICE]: ([T-T]MoY<2><STEAM_1:0:511491787><>) has spawned a adrenaline
L 12/03/2025 - 22:19:06: [all4dead2.smx] [NOTICE]: ([T-T]MoY<2><STEAM_1:0:511491787><>) has spawned a adrenaline
L 12/03/2025 - 22:19:06: [all4dead2.smx] [NOTICE]: ([T-T]MoY<2><STEAM_1:0:511491787><>) has spawned a adrenaline
L 12/03/2025 - 22:19:07: [all4dead2.smx] [NOTICE]: ([T-T]MoY<2><STEAM_1:0:511491787><>) has spawned a adrenaline
L 12/03/2025 - 22:19:07: [all4dead2.smx] [NOTICE]: ([T-T]MoY<2><STEAM_1:0:511491787><>) has spawned a adrenaline
L 12/03/2025 - 22:19:07: [all4dead2.smx] [NOTICE]: ([T-T]MoY<2><STEAM_1:0:511491787><>) has spawned a adrenaline
L 12/03/2025 - 22:19:07: [all4dead2.smx] [NOTICE]: ([T-T]MoY<2><STEAM_1:0:511491787><>) has spawned a adrenaline
L 12/03/2025 - 22:19:07: [all4dead2.smx] [NOTICE]: ([T-T]MoY<2><STEAM_1:0:511491787><>) has spawned a adrenaline
L 12/03/2025 - 22:19:07: [all4dead2.smx] [NOTICE]: ([T-T]MoY<2><STEAM_1:0:511491787><>) has spawned a adrenaline
L 12/03/2025 - 22:19:08: [all4dead2.smx] [NOTICE]: ([T-T]MoY<2><STEAM_1:0:511491787><>) has spawned a adrenaline
L 12/03/2025 - 22:19:08: [all4dead2.smx] [NOTICE]: ([T-T]MoY<2><STEAM_1:0:511491787><>) has spawned a adrenaline
L 12/03/2025 - 22:19:08: [all4dead2.smx] [NOTICE]: ([T-T]MoY<2><STEAM_1:0:511491787><>) has spawned a adrenaline
L 12/03/2025 - 22:19:56: [all4dead2.smx] [NOTICE]: ([T-T]MoY<2><STEAM_1:0:511491787><>) has spawned a adrenaline
L 12/03/2025 - 22:19:56: [all4dead2.smx] [NOTICE]: ([T-T]MoY<2><STEAM_1:0:511491787><>) has spawned a adrenaline
L 12/03/2025 - 22:19:56: [all4dead2.smx] [NOTICE]: ([T-T]MoY<2><STEAM_1:0:511491787><>) has spawned a adrenaline
L 12/03/2025 - 22:19:56: [all4dead2.smx] [NOTICE]: ([T-T]MoY<2><STEAM_1:0:511491787><>) has spawned a adrenaline
L 12/03/2025 - 22:19:56: [all4dead2.smx] [NOTICE]: ([T-T]MoY<2><STEAM_1:0:511491787><>) has spawned a adrenaline
L 12/03/2025 - 22:19:57: [all4dead2.smx] [NOTICE]: ([T-T]MoY<2><STEAM_1:0:511491787><>) has spawned a adrenaline
L 12/03/2025 - 22:19:57: [all4dead2.smx] [NOTICE]: ([T-T]MoY<2><STEAM_1:0:511491787><>) has spawned a adrenaline
L 12/03/2025 - 22:19:57: [all4dead2.smx] [NOTICE]: ([T-T]MoY<2><STEAM_1:0:511491787><>) has spawned a adrenaline
L 12/03/2025 - 22:19:57: [all4dead2.smx] [NOTICE]: ([T-T]MoY<2><STEAM_1:0:511491787><>) has spawned a adrenaline
L 12/03/2025 - 22:19:57: [all4dead2.smx] [NOTICE]: ([T-T]MoY<2><STEAM_1:0:511491787><>) has spawned a adrenaline
L 12/03/2025 - 22:19:58: [all4dead2.smx] [NOTICE]: ([T-T]MoY<2><STEAM_1:0:511491787><>) has spawned a adrenaline
L 12/03/2025 - 22:19:58: [all4dead2.smx] [NOTICE]: ([T-T]MoY<2><STEAM_1:0:511491787><>) has spawned a adrenaline
L 12/03/2025 - 22:19:58: [all4dead2.smx] [NOTICE]: ([T-T]MoY<2><STEAM_1:0:511491787><>) has spawned a adrenaline
L 12/03/2025 - 22:19:58: [all4dead2.smx] [NOTICE]: ([T-T]MoY<2><STEAM_1:0:511491787><>) has spawned a adrenaline
L 12/03/2025 - 22:19:59: [all4dead2.smx] [NOTICE]: ([T-T]MoY<2><STEAM_1:0:511491787><>) has spawned a adrenaline
L 12/03/2025 - 22:19:59: [all4dead2.smx] [NOTICE]: ([T-T]MoY<2><STEAM_1:0:511491787><>) has spawned a adrenaline
L 12/03/2025 - 22:19:59: [all4dead2.smx] [NOTICE]: ([T-T]MoY<2><STEAM_1:0:511491787><>) has spawned a adrenaline
L 12/03/2025 - 22:19:59: [all4dead2.smx] [NOTICE]: ([T-T]MoY<2><STEAM_1:0:511491787><>) has spawned a adrenaline
L 12/03/2025 - 22:19:59: [all4dead2.smx] [NOTICE]: ([T-T]MoY<2><STEAM_1:0:511491787><>) has spawned a adrenaline
L 12/03/2025 - 22:20:00: [all4dead2.smx] [NOTICE]: ([T-T]MoY<2><STEAM_1:0:511491787><>) has spawned a adrenaline
L 12/03/2025 - 22:20:00: [all4dead2.smx] [NOTICE]: ([T-T]MoY<2><STEAM_1:0:511491787><>) has spawned a adrenaline
L 12/03/2025 - 22:20:00: [all4dead2.smx] [NOTICE]: ([T-T]MoY<2><STEAM_1:0:511491787><>) has spawned a adrenaline
L 12/03/2025 - 22:20:00: [all4dead2.smx] [NOTICE]: ([T-T]MoY<2><STEAM_1:0:511491787><>) has spawned a adrenaline
L 12/03/2025 - 22:20:01: [all4dead2.smx] [NOTICE]: ([T-T]MoY<2><STEAM_1:0:511491787><>) has spawned a adrenaline
L 12/03/2025 - 22:20:01: [all4dead2.smx] [NOTICE]: ([T-T]MoY<2><STEAM_1:0:511491787><>) has spawned a adrenaline
L 12/03/2025 - 22:20:01: [all4dead2.smx] [NOTICE]: ([T-T]MoY<2><STEAM_1:0:511491787><>) has spawned a adrenaline
L 12/03/2025 - 22:20:01: [all4dead2.smx] [NOTICE]: ([T-T]MoY<2><STEAM_1:0:511491787><>) has spawned a adrenaline
L 12/03/2025 - 22:20:02: [all4dead2.smx] [NOTICE]: ([T-T]MoY<2><STEAM_1:0:511491787><>) has spawned a adrenaline
L 12/03/2025 - 22:20:02: [all4dead2.smx] [NOTICE]: ([T-T]MoY<2><STEAM_1:0:511491787><>) has spawned a adrenaline
L 12/03/2025 - 22:22:22: [all4dead2.smx] ([T-T]MoY<2><STEAM_1:0:511491787><>) set a4d_notify_players to 0
L 12/03/2025 - 22:22:28: [all4dead2.smx] [NOTICE]: ([T-T]MoY<2><STEAM_1:0:511491787><>) has spawned a adrenaline
L 12/03/2025 - 22:22:29: [all4dead2.smx] [NOTICE]: ([T-T]MoY<2><STEAM_1:0:511491787><>) has spawned a adrenaline
L 12/03/2025 - 22:22:29: [all4dead2.smx] [NOTICE]: ([T-T]MoY<2><STEAM_1:0:511491787><>) has spawned a adrenaline
L 12/03/2025 - 22:22:29: [all4dead2.smx] [NOTICE]: ([T-T]MoY<2><STEAM_1:0:511491787><>) has spawned a adrenaline
L 12/03/2025 - 22:22:29: [all4dead2.smx] [NOTICE]: ([T-T]MoY<2><STEAM_1:0:511491787><>) has spawned a adrenaline
L 12/03/2025 - 22:22:30: [all4dead2.smx] [NOTICE]: ([T-T]MoY<2><STEAM_1:0:511491787><>) has spawned a adrenaline
L 12/03/2025 - 22:22:31: [all4dead2.smx] [NOTICE]: ([T-T]MoY<2><STEAM_1:0:511491787><>) has spawned a adrenaline
L 12/03/2025 - 22:22:32: [all4dead2.smx] [NOTICE]: ([T-T]MoY<2><STEAM_1:0:511491787><>) has spawned a adrenaline
L 12/03/2025 - 22:22:32: [all4dead2.smx] [NOTICE]: ([T-T]MoY<2><STEAM_1:0:511491787><>) has spawned a adrenaline
L 12/03/2025 - 22:22:32: [all4dead2.smx] [NOTICE]: ([T-T]MoY<2><STEAM_1:0:511491787><>) has spawned a adrenaline
L 12/03/2025 - 22:22:32: [all4dead2.smx] [NOTICE]: ([T-T]MoY<2><STEAM_1:0:511491787><>) has spawned a adrenaline
L 12/03/2025 - 22:22:33: [all4dead2.smx] [NOTICE]: ([T-T]MoY<2><STEAM_1:0:511491787><>) has spawned a adrenaline
L 12/03/2025 - 22:22:34: [all4dead2.smx] [NOTICE]: ([T-T]MoY<2><STEAM_1:0:511491787><>) has spawned a adrenaline
L 12/03/2025 - 22:22:34: [all4dead2.smx] [NOTICE]: ([T-T]MoY<2><STEAM_1:0:511491787><>) has spawned a adrenaline
L 12/03/2025 - 22:22:34: [all4dead2.smx] [NOTICE]: ([T-T]MoY<2><STEAM_1:0:511491787><>) has spawned a adrenaline
L 12/03/2025 - 22:22:35: [all4dead2.smx] [NOTICE]: ([T-T]MoY<2><STEAM_1:0:511491787><>) has spawned a adrenaline
L 12/03/2025 - 22:22:35: [all4dead2.smx] [NOTICE]: ([T-T]MoY<2><STEAM_1:0:511491787><>) has spawned a adrenaline
L 12/03/2025 - 22:22:36: [all4dead2.smx] [NOTICE]: ([T-T]MoY<2><STEAM_1:0:511491787><>) has spawned a adrenaline
L 12/03/2025 - 22:22:36: [all4dead2.smx] [NOTICE]: ([T-T]MoY<2><STEAM_1:0:511491787><>) has spawned a adrenaline
L 12/03/2025 - 22:22:36: [all4dead2.smx] [NOTICE]: ([T-T]MoY<2><STEAM_1:0:511491787><>) has spawned a adrenaline
L 12/03/2025 - 22:22:37: [all4dead2.smx] [NOTICE]: ([T-T]MoY<2><STEAM_1:0:511491787><>) has spawned a adrenaline
L 12/03/2025 - 22:22:37: [all4dead2.smx] [NOTICE]: ([T-T]MoY<2><STEAM_1:0:511491787><>) has spawned a adrenaline
L 12/03/2025 - 22:22:37: [all4dead2.smx] [NOTICE]: ([T-T]MoY<2><STEAM_1:0:511491787><>) has spawned a adrenaline
L 12/03/2025 - 22:22:37: [all4dead2.smx] [NOTICE]: ([T-T]MoY<2><STEAM_1:0:511491787><>) has spawned a adrenaline
L 12/03/2025 - 22:22:37: [all4dead2.smx] [NOTICE]: ([T-T]MoY<2><STEAM_1:0:511491787><>) has spawned a adrenaline
L 12/03/2025 - 22:22:37: [all4dead2.smx] [NOTICE]: ([T-T]MoY<2><STEAM_1:0:511491787><>) has spawned a adrenaline
L 12/03/2025 - 22:22:38: [all4dead2.smx] [NOTICE]: ([T-T]MoY<2><STEAM_1:0:511491787><>) has spawned a adrenaline
L 12/03/2025 - 22:22:38: [all4dead2.smx] [NOTICE]: ([T-T]MoY<2><STEAM_1:0:511491787><>) has spawned a adrenaline
L 12/03/2025 - 22:22:38: [all4dead2.smx] [NOTICE]: ([T-T]MoY<2><STEAM_1:0:511491787><>) has spawned a adrenaline
L 12/03/2025 - 22:22:38: [all4dead2.smx] [NOTICE]: ([T-T]MoY<2><STEAM_1:0:511491787><>) has spawned a adrenaline
L 12/03/2025 - 22:23:26: [all4dead2.smx] [NOTICE]: ([T-T]MoY<2><STEAM_1:0:511491787><>) has spawned a adrenaline
L 12/03/2025 - 22:23:27: [all4dead2.smx] [NOTICE]: ([T-T]MoY<2><STEAM_1:0:511491787><>) has spawned a adrenaline
L 12/03/2025 - 22:23:27: [all4dead2.smx] [NOTICE]: ([T-T]MoY<2><STEAM_1:0:511491787><>) has spawned a adrenaline
L 12/03/2025 - 22:23:27: [all4dead2.smx] [NOTICE]: ([T-T]MoY<2><STEAM_1:0:511491787><>) has spawned a adrenaline
L 12/03/2025 - 22:23:27: [all4dead2.smx] [NOTICE]: ([T-T]MoY<2><STEAM_1:0:511491787><>) has spawned a adrenaline
L 12/03/2025 - 22:23:28: [all4dead2.smx] [NOTICE]: ([T-T]MoY<2><STEAM_1:0:511491787><>) has spawned a adrenaline
L 12/03/2025 - 22:23:28: [all4dead2.smx] [NOTICE]: ([T-T]MoY<2><STEAM_1:0:511491787><>) has spawned a adrenaline
L 12/03/2025 - 22:23:28: [all4dead2.smx] [NOTICE]: ([T-T]MoY<2><STEAM_1:0:511491787><>) has spawned a adrenaline
L 12/03/2025 - 22:23:28: [all4dead2.smx] [NOTICE]: ([T-T]MoY<2><STEAM_1:0:511491787><>) has spawned a adrenaline
L 12/03/2025 - 22:23:28: [all4dead2.smx] [NOTICE]: ([T-T]MoY<2><STEAM_1:0:511491787><>) has spawned a adrenaline
L 12/03/2025 - 22:23:29: [all4dead2.smx] [NOTICE]: ([T-T]MoY<2><STEAM_1:0:511491787><>) has spawned a adrenaline
L 12/03/2025 - 22:23:29: [all4dead2.smx] [NOTICE]: ([T-T]MoY<2><STEAM_1:0:511491787><>) has spawned a adrenaline
L 12/03/2025 - 22:23:29: [all4dead2.smx] [NOTICE]: ([T-T]MoY<2><STEAM_1:0:511491787><>) has spawned a adrenaline
L 12/03/2025 - 22:23:29: [all4dead2.smx] [NOTICE]: ([T-T]MoY<2><STEAM_1:0:511491787><>) has spawned a adrenaline
L 12/03/2025 - 22:23:30: [all4dead2.smx] [NOTICE]: ([T-T]MoY<2><STEAM_1:0:511491787><>) has spawned a adrenaline
L 12/03/2025 - 22:23:30: [all4dead2.smx] [NOTICE]: ([T-T]MoY<2><STEAM_1:0:511491787><>) has spawned a adrenaline
L 12/03/2025 - 22:23:30: [all4dead2.smx] [NOTICE]: ([T-T]MoY<2><STEAM_1:0:511491787><>) has spawned a adrenaline
L 12/03/2025 - 22:23:30: [all4dead2.smx] [NOTICE]: ([T-T]MoY<2><STEAM_1:0:511491787><>) has spawned a adrenaline
L 12/03/2025 - 22:23:30: [all4dead2.smx] [NOTICE]: ([T-T]MoY<2><STEAM_1:0:511491787><>) has spawned a adrenaline
L 12/03/2025 - 22:23:31: [all4dead2.smx] [NOTICE]: ([T-T]MoY<2><STEAM_1:0:511491787><>) has spawned a adrenaline
L 12/03/2025 - 22:23:31: [all4dead2.smx] [NOTICE]: ([T-T]MoY<2><STEAM_1:0:511491787><>) has spawned a adrenaline
L 12/03/2025 - 22:23:31: [all4dead2.smx] [NOTICE]: ([T-T]MoY<2><STEAM_1:0:511491787><>) has spawned a adrenaline
L 12/03/2025 - 22:23:31: [all4dead2.smx] [NOTICE]: ([T-T]MoY<2><STEAM_1:0:511491787><>) has spawned a adrenaline
L 12/03/2025 - 22:27:25: [all4dead2.smx] [NOTICE]: ([T-T]MoY<2><STEAM_1:0:511491787><>) has spawned a tank
L 12/03/2025 - 22:28:22: [all4dead2.smx] [NOTICE]: ([T-T]MoY<2><STEAM_1:0:511491787><>) has spawned a tank
L 12/03/2025 - 22:28:38: [all4dead2.smx] [NOTICE]: ([T-T]MoY<2><STEAM_1:0:511491787><>) has spawned a tank
L 12/03/2025 - 22:28:57: [test_1.smx] "[T-T]MoY<2><STEAM_1:0:511491787><>" cambió la dificultad a hard
L 12/03/2025 - 22:29:04: [all4dead2.smx] [NOTICE]: ([T-T]MoY<2><STEAM_1:0:511491787><>) has spawned a pain_pills
L 12/03/2025 - 22:29:05: [all4dead2.smx] [NOTICE]: ([T-T]MoY<2><STEAM_1:0:511491787><>) has spawned a adrenaline
L 12/03/2025 - 22:29:05: [all4dead2.smx] [NOTICE]: ([T-T]MoY<2><STEAM_1:0:511491787><>) has spawned a adrenaline
L 12/03/2025 - 22:29:05: [all4dead2.smx] [NOTICE]: ([T-T]MoY<2><STEAM_1:0:511491787><>) has spawned a adrenaline
L 12/03/2025 - 22:29:05: [all4dead2.smx] [NOTICE]: ([T-T]MoY<2><STEAM_1:0:511491787><>) has spawned a adrenaline
L 12/03/2025 - 22:29:06: [all4dead2.smx] [NOTICE]: ([T-T]MoY<2><STEAM_1:0:511491787><>) has spawned a adrenaline
L 12/03/2025 - 22:29:06: [all4dead2.smx] [NOTICE]: ([T-T]MoY<2><STEAM_1:0:511491787><>) has spawned a adrenaline
L 12/03/2025 - 22:29:06: [all4dead2.smx] [NOTICE]: ([T-T]MoY<2><STEAM_1:0:511491787><>) has spawned a adrenaline
L 12/03/2025 - 22:29:06: [all4dead2.smx] [NOTICE]: ([T-T]MoY<2><STEAM_1:0:511491787><>) has spawned a adrenaline
L 12/03/2025 - 22:29:06: [all4dead2.smx] [NOTICE]: ([T-T]MoY<2><STEAM_1:0:511491787><>) has spawned a adrenaline
L 12/03/2025 - 22:29:07: [all4dead2.smx] [NOTICE]: ([T-T]MoY<2><STEAM_1:0:511491787><>) has spawned a adrenaline
L 12/03/2025 - 22:29:07: [all4dead2.smx] [NOTICE]: ([T-T]MoY<2><STEAM_1:0:511491787><>) has spawned a adrenaline
L 12/03/2025 - 22:29:07: [all4dead2.smx] [NOTICE]: ([T-T]MoY<2><STEAM_1:0:511491787><>) has spawned a adrenaline
L 12/03/2025 - 22:29:07: [all4dead2.smx] [NOTICE]: ([T-T]MoY<2><STEAM_1:0:511491787><>) has spawned a adrenaline
L 12/03/2025 - 22:29:07: [all4dead2.smx] [NOTICE]: ([T-T]MoY<2><STEAM_1:0:511491787><>) has spawned a adrenaline
L 12/03/2025 - 22:29:08: [all4dead2.smx] [NOTICE]: ([T-T]MoY<2><STEAM_1:0:511491787><>) has spawned a adrenaline
L 12/03/2025 - 22:29:08: [all4dead2.smx] [NOTICE]: ([T-T]MoY<2><STEAM_1:0:511491787><>) has spawned a adrenaline
L 12/03/2025 - 22:29:08: [all4dead2.smx] [NOTICE]: ([T-T]MoY<2><STEAM_1:0:511491787><>) has spawned a adrenaline
L 12/03/2025 - 22:29:08: [all4dead2.smx] [NOTICE]: ([T-T]MoY<2><STEAM_1:0:511491787><>) has spawned a adrenaline
L 12/03/2025 - 22:29:08: [all4dead2.smx] [NOTICE]: ([T-T]MoY<2><STEAM_1:0:511491787><>) has spawned a adrenaline
L 12/03/2025 - 22:34:40: -------- Mapchange to c5m4_quarter --------
L 12/03/2025 - 22:34:44: [basecommands.smx] "Console<0><Console><Console>" changed cvar (cvar "sv_consistency") (value "0")
L 12/03/2025 - 22:34:44: [basecommands.smx] "Console<0><Console><Console>" changed cvar (cvar "sv_allow_lobby_connect_only") (value "0")
L 12/03/2025 - 22:34:44: [basecommands.smx] "Console<0><Console><Console>" changed cvar (cvar "sv_maxplayers") (value "8")
L 12/03/2025 - 22:34:44: [basecommands.smx] "Console<0><Console><Console>" changed cvar (cvar "sv_visiblemaxplayers") (value "-1")
L 12/03/2025 - 22:34:44: [chat-processor.smx] Message formats generated for game 'left4dead2'.
L 12/03/2025 - 22:34:44: [chat-processor.smx] Successfully hooked a SayText2 chat hook.
L 12/03/2025 - 22:35:29: [test_1.smx] "[T-T]MoY<2><STEAM_1:0:511491787><>" cambió la dificultad a impossible
L 12/03/2025 - 22:45:03: -------- Mapchange to c5m5_bridge --------
L 12/03/2025 - 22:45:07: [basecommands.smx] "Console<0><Console><Console>" changed cvar (cvar "sv_consistency") (value "0")
L 12/03/2025 - 22:45:07: [basecommands.smx] "Console<0><Console><Console>" changed cvar (cvar "sv_allow_lobby_connect_only") (value "0")
L 12/03/2025 - 22:45:07: [basecommands.smx] "Console<0><Console><Console>" changed cvar (cvar "sv_maxplayers") (value "8")
L 12/03/2025 - 22:45:07: [basecommands.smx] "Console<0><Console><Console>" changed cvar (cvar "sv_visiblemaxplayers") (value "-1")
L 12/03/2025 - 22:45:07: [chat-processor.smx] Message formats generated for game 'left4dead2'.
L 12/03/2025 - 22:45:07: [chat-processor.smx] Successfully hooked a SayText2 chat hook.
L 12/03/2025 - 22:46:20: [playercommands.smx] "[T-T]MoY<2><STEAM_1:0:511491787><>" slayed "ChrisJusett<440><STEAM_1:1:920715939><>"
L 12/03/2025 - 22:46:20: [playercommands.smx] "[T-T]MoY<2><STEAM_1:0:511491787><>" slayed ":v<235><STEAM_1:0:632938318><>"
L 12/03/2025 - 22:46:21: [playercommands.smx] "[T-T]MoY<2><STEAM_1:0:511491787><>" slayed "vitocho<72><STEAM_1:1:117175021><>"
L 12/03/2025 - 22:46:21: [playercommands.smx] "[T-T]MoY<2><STEAM_1:0:511491787><>" slayed "SubPendej0<286><STEAM_1:1:772448582><>"
L 12/03/2025 - 22:46:21: [playercommands.smx] "[T-T]MoY<2><STEAM_1:0:511491787><>" slayed "Fitopaez<75><STEAM_1:1:88527822><>"
L 12/03/2025 - 22:46:21: [playercommands.smx] "[T-T]MoY<2><STEAM_1:0:511491787><>" slayed "Constantin Valdor<371><STEAM_1:1:187367145><>"
L 12/03/2025 - 22:46:46: [funcommands.smx] "[T-T]MoY<2><STEAM_1:0:511491787><>" froze "Constantin Valdor<371><STEAM_1:1:187367145><>"
L 12/03/2025 - 22:49:06: [all4dead2.smx] [NOTICE]: ([T-T]MoY<2><STEAM_1:0:511491787><>) has spawned a tank
L 12/03/2025 - 22:50:47: [l4d_sm_respawn.smx] "[T-T]MoY<2><STEAM_1:0:511491787><>" teleported "SubPendej0<286><STEAM_1:1:772448582><>" after respawning him
L 12/03/2025 - 22:54:05: Log file closed.
