L 06/18/2025 - 19:45:52: SourceMod log file session started (file "e:\steamlibrary\steamapps\common\left 4 dead 2\left4dead2\addons\sourcemod\logs\L20250618.log") (Version "1.12.0.7207")
L 06/18/2025 - 19:45:52: [GEOIP] GeoIP2 database loaded: GeoLite2-ASN (2024-08-21 08:15:21 UTC) (e:\steamlibrary\steamapps\common\left 4 dead 2\left4dead2\addons\sourcemod\configs\geoip\GeoLite2-ASN.mmdb)
L 06/18/2025 - 19:45:52: [GEOIP] GeoIP2 supported languages: en
L 06/18/2025 - 19:45:52: [GEOIP] Your database is older than 90 days. You should consider downloading a newer version from e.g. https://dev.maxmind.com/geoip/geolite2-free-geolocation-data
L 06/18/2025 - 19:45:59: [basecommands.smx] "Console<0><Console><Console>" changed cvar (cvar "sv_consistency") (value "0")
L 06/18/2025 - 19:45:59: [basecommands.smx] "Console<0><Console><Console>" changed cvar (cvar "sv_allow_lobby_connect_only") (value "0")
L 06/18/2025 - 19:45:59: [basecommands.smx] "Console<0><Console><Console>" changed cvar (cvar "sv_maxplayers") (value "8")
L 06/18/2025 - 19:45:59: [basecommands.smx] "Console<0><Console><Console>" changed cvar (cvar "sv_visiblemaxplayers") (value "-1")
L 06/18/2025 - 19:46:23: [basecommands.smx] "[T-T]MoY<2><STEAM_ID_PENDING><>" changed cvar (cvar "sv_gravity") (value "200")
L 06/18/2025 - 19:51:33: -------- Mapchange to bwm2_city_night --------
L 06/18/2025 - 19:51:35: [basecommands.smx] "Console<0><Console><Console>" changed cvar (cvar "sv_consistency") (value "0")
L 06/18/2025 - 19:51:35: [basecommands.smx] "Console<0><Console><Console>" changed cvar (cvar "sv_allow_lobby_connect_only") (value "0")
L 06/18/2025 - 19:51:35: [basecommands.smx] "Console<0><Console><Console>" changed cvar (cvar "sv_maxplayers") (value "8")
L 06/18/2025 - 19:51:35: [basecommands.smx] "Console<0><Console><Console>" changed cvar (cvar "sv_visiblemaxplayers") (value "-1")
L 06/18/2025 - 19:57:16: -------- Mapchange to bwm3_forest_night --------
L 06/18/2025 - 19:57:19: [basecommands.smx] "Console<0><Console><Console>" changed cvar (cvar "sv_consistency") (value "0")
L 06/18/2025 - 19:57:19: [basecommands.smx] "Console<0><Console><Console>" changed cvar (cvar "sv_allow_lobby_connect_only") (value "0")
L 06/18/2025 - 19:57:19: [basecommands.smx] "Console<0><Console><Console>" changed cvar (cvar "sv_maxplayers") (value "8")
L 06/18/2025 - 19:57:19: [basecommands.smx] "Console<0><Console><Console>" changed cvar (cvar "sv_visiblemaxplayers") (value "-1")
L 06/18/2025 - 20:05:28: -------- Mapchange to bwm4_rooftops_night --------
L 06/18/2025 - 20:05:31: [basecommands.smx] "Console<0><Console><Console>" changed cvar (cvar "sv_consistency") (value "0")
L 06/18/2025 - 20:05:31: [basecommands.smx] "Console<0><Console><Console>" changed cvar (cvar "sv_allow_lobby_connect_only") (value "0")
L 06/18/2025 - 20:05:31: [basecommands.smx] "Console<0><Console><Console>" changed cvar (cvar "sv_maxplayers") (value "8")
L 06/18/2025 - 20:05:31: [basecommands.smx] "Console<0><Console><Console>" changed cvar (cvar "sv_visiblemaxplayers") (value "-1")
L 06/18/2025 - 20:21:56: -------- Mapchange to bwm5_bridge_night --------
L 06/18/2025 - 20:21:58: [basecommands.smx] "Console<0><Console><Console>" changed cvar (cvar "sv_consistency") (value "0")
L 06/18/2025 - 20:21:58: [basecommands.smx] "Console<0><Console><Console>" changed cvar (cvar "sv_allow_lobby_connect_only") (value "0")
L 06/18/2025 - 20:21:58: [basecommands.smx] "Console<0><Console><Console>" changed cvar (cvar "sv_maxplayers") (value "8")
L 06/18/2025 - 20:21:58: [basecommands.smx] "Console<0><Console><Console>" changed cvar (cvar "sv_visiblemaxplayers") (value "-1")
L 06/18/2025 - 20:25:37: [basevotes.smx] "[T-T]MoY<2><STEAM_1:0:511491787><>" initiated a ban vote against "adrian :) x]<83><STEAM_1:0:799968744><>"
L 06/18/2025 - 20:25:55: [funcommands.smx] "[T-T]MoY<2><STEAM_1:0:511491787><>" set a TimeBomb on "¡¡Dark*Merxis!!<41><STEAM_1:1:737611236><>"
L 06/18/2025 - 20:25:57: [basevotes.smx] Vote failed. 60% vote required. (Received "0" of 2 votes)
L 06/18/2025 - 20:25:58: [funcommands.smx] "[T-T]MoY<2><STEAM_1:0:511491787><>" set a TimeBomb on "Luxu§<57><STEAM_1:1:67322021><>"
L 06/18/2025 - 20:32:28: -------- Mapchange to glubtastic5_1 --------
L 06/18/2025 - 20:32:31: [basecommands.smx] "Console<0><Console><Console>" changed cvar (cvar "sv_consistency") (value "0")
L 06/18/2025 - 20:32:31: [basecommands.smx] "Console<0><Console><Console>" changed cvar (cvar "sv_allow_lobby_connect_only") (value "0")
L 06/18/2025 - 20:32:31: [basecommands.smx] "Console<0><Console><Console>" changed cvar (cvar "sv_maxplayers") (value "8")
L 06/18/2025 - 20:32:31: [basecommands.smx] "Console<0><Console><Console>" changed cvar (cvar "sv_visiblemaxplayers") (value "-1")
L 06/18/2025 - 20:36:34: [basevotes.smx] "[T-T]MoY<147><STEAM_1:0:511491787><>" initiated a map vote for c1m1_hotel.
L 06/18/2025 - 20:36:36: [basevotes.smx] Vote successful. (Received "100" of 2 votes)
L 06/18/2025 - 20:36:36: [basevotes.smx] Changing map to c1m1_hotel due to vote.
L 06/18/2025 - 20:36:41: [SM] Changed map to "c1m1_hotel"
L 06/18/2025 - 20:36:43: -------- Mapchange to c1m1_hotel --------
L 06/18/2025 - 20:36:46: [basecommands.smx] "Console<0><Console><Console>" changed cvar (cvar "sv_consistency") (value "0")
L 06/18/2025 - 20:36:46: [basecommands.smx] "Console<0><Console><Console>" changed cvar (cvar "sv_allow_lobby_connect_only") (value "0")
L 06/18/2025 - 20:36:46: [basecommands.smx] "Console<0><Console><Console>" changed cvar (cvar "sv_maxplayers") (value "8")
L 06/18/2025 - 20:36:46: [basecommands.smx] "Console<0><Console><Console>" changed cvar (cvar "sv_visiblemaxplayers") (value "-1")
L 06/18/2025 - 20:53:32: -------- Mapchange to c1m2_streets --------
L 06/18/2025 - 20:53:35: [basecommands.smx] "Console<0><Console><Console>" changed cvar (cvar "sv_consistency") (value "0")
L 06/18/2025 - 20:53:35: [basecommands.smx] "Console<0><Console><Console>" changed cvar (cvar "sv_allow_lobby_connect_only") (value "0")
L 06/18/2025 - 20:53:35: [basecommands.smx] "Console<0><Console><Console>" changed cvar (cvar "sv_maxplayers") (value "8")
L 06/18/2025 - 20:53:35: [basecommands.smx] "Console<0><Console><Console>" changed cvar (cvar "sv_visiblemaxplayers") (value "-1")
L 06/18/2025 - 21:02:01: -------- Mapchange to c1m3_mall --------
L 06/18/2025 - 21:02:04: [basecommands.smx] "Console<0><Console><Console>" changed cvar (cvar "sv_consistency") (value "0")
L 06/18/2025 - 21:02:04: [basecommands.smx] "Console<0><Console><Console>" changed cvar (cvar "sv_allow_lobby_connect_only") (value "0")
L 06/18/2025 - 21:02:04: [basecommands.smx] "Console<0><Console><Console>" changed cvar (cvar "sv_maxplayers") (value "8")
L 06/18/2025 - 21:02:04: [basecommands.smx] "Console<0><Console><Console>" changed cvar (cvar "sv_visiblemaxplayers") (value "-1")
L 06/18/2025 - 21:10:02: -------- Mapchange to c1m4_atrium --------
L 06/18/2025 - 21:10:04: [basecommands.smx] "Console<0><Console><Console>" changed cvar (cvar "sv_consistency") (value "0")
L 06/18/2025 - 21:10:04: [basecommands.smx] "Console<0><Console><Console>" changed cvar (cvar "sv_allow_lobby_connect_only") (value "0")
L 06/18/2025 - 21:10:04: [basecommands.smx] "Console<0><Console><Console>" changed cvar (cvar "sv_maxplayers") (value "8")
L 06/18/2025 - 21:10:04: [basecommands.smx] "Console<0><Console><Console>" changed cvar (cvar "sv_visiblemaxplayers") (value "-1")
L 06/18/2025 - 21:17:21: [basevotes.smx] "[T-T]MoY<147><STEAM_1:0:511491787><>" initiated a generic vote (question "Revivo a duolingo?" / answers "Yes" "No").
L 06/18/2025 - 21:17:42: [basevotes.smx] Vote successful. (Received "83" of 6 votes)
L 06/18/2025 - 21:17:42: [basevotes.smx] The answer to Revivo a duolingo? is: Yes.
L 06/18/2025 - 21:19:19: -------- Mapchange to c2m1_highway --------
L 06/18/2025 - 21:19:21: [basecommands.smx] "Console<0><Console><Console>" changed cvar (cvar "sv_consistency") (value "0")
L 06/18/2025 - 21:19:21: [basecommands.smx] "Console<0><Console><Console>" changed cvar (cvar "sv_allow_lobby_connect_only") (value "0")
L 06/18/2025 - 21:19:21: [basecommands.smx] "Console<0><Console><Console>" changed cvar (cvar "sv_maxplayers") (value "8")
L 06/18/2025 - 21:19:21: [basecommands.smx] "Console<0><Console><Console>" changed cvar (cvar "sv_visiblemaxplayers") (value "-1")
L 06/18/2025 - 21:23:11: -------- Mapchange to c2m2_fairgrounds --------
L 06/18/2025 - 21:23:13: [basecommands.smx] "Console<0><Console><Console>" changed cvar (cvar "sv_consistency") (value "0")
L 06/18/2025 - 21:23:13: [basecommands.smx] "Console<0><Console><Console>" changed cvar (cvar "sv_allow_lobby_connect_only") (value "0")
L 06/18/2025 - 21:23:13: [basecommands.smx] "Console<0><Console><Console>" changed cvar (cvar "sv_maxplayers") (value "8")
L 06/18/2025 - 21:23:13: [basecommands.smx] "Console<0><Console><Console>" changed cvar (cvar "sv_visiblemaxplayers") (value "-1")
L 06/18/2025 - 21:25:56: -------- Mapchange to c2m3_coaster --------
L 06/18/2025 - 21:25:58: [basecommands.smx] "Console<0><Console><Console>" changed cvar (cvar "sv_consistency") (value "0")
L 06/18/2025 - 21:25:58: [basecommands.smx] "Console<0><Console><Console>" changed cvar (cvar "sv_allow_lobby_connect_only") (value "0")
L 06/18/2025 - 21:25:58: [basecommands.smx] "Console<0><Console><Console>" changed cvar (cvar "sv_maxplayers") (value "8")
L 06/18/2025 - 21:25:58: [basecommands.smx] "Console<0><Console><Console>" changed cvar (cvar "sv_visiblemaxplayers") (value "-1")
L 06/18/2025 - 21:37:16: -------- Mapchange to c2m4_barns --------
L 06/18/2025 - 21:37:18: [basecommands.smx] "Console<0><Console><Console>" changed cvar (cvar "sv_consistency") (value "0")
L 06/18/2025 - 21:37:18: [basecommands.smx] "Console<0><Console><Console>" changed cvar (cvar "sv_allow_lobby_connect_only") (value "0")
L 06/18/2025 - 21:37:18: [basecommands.smx] "Console<0><Console><Console>" changed cvar (cvar "sv_maxplayers") (value "8")
L 06/18/2025 - 21:37:18: [basecommands.smx] "Console<0><Console><Console>" changed cvar (cvar "sv_visiblemaxplayers") (value "-1")
L 06/18/2025 - 21:45:11: -------- Mapchange to c2m5_concert --------
L 06/18/2025 - 21:45:13: [basecommands.smx] "Console<0><Console><Console>" changed cvar (cvar "sv_consistency") (value "0")
L 06/18/2025 - 21:45:13: [basecommands.smx] "Console<0><Console><Console>" changed cvar (cvar "sv_allow_lobby_connect_only") (value "0")
L 06/18/2025 - 21:45:13: [basecommands.smx] "Console<0><Console><Console>" changed cvar (cvar "sv_maxplayers") (value "8")
L 06/18/2025 - 21:45:13: [basecommands.smx] "Console<0><Console><Console>" changed cvar (cvar "sv_visiblemaxplayers") (value "-1")
L 06/18/2025 - 21:56:53: [basevotes.smx] "[T-T]MoY<348><STEAM_1:0:511491787><>" initiated a map vote for c13m1_alpinecreek.
L 06/18/2025 - 21:57:14: [basevotes.smx] Vote successful. (Received "100" of 2 votes)
L 06/18/2025 - 21:57:14: [basevotes.smx] Changing map to c13m1_alpinecreek due to vote.
L 06/18/2025 - 21:57:19: [SM] Changed map to "c13m1_alpinecreek"
L 06/18/2025 - 21:57:20: -------- Mapchange to c13m1_alpinecreek --------
L 06/18/2025 - 21:57:23: [basecommands.smx] "Console<0><Console><Console>" changed cvar (cvar "sv_consistency") (value "0")
L 06/18/2025 - 21:57:23: [basecommands.smx] "Console<0><Console><Console>" changed cvar (cvar "sv_allow_lobby_connect_only") (value "0")
L 06/18/2025 - 21:57:23: [basecommands.smx] "Console<0><Console><Console>" changed cvar (cvar "sv_maxplayers") (value "8")
L 06/18/2025 - 21:57:23: [basecommands.smx] "Console<0><Console><Console>" changed cvar (cvar "sv_visiblemaxplayers") (value "-1")
L 06/18/2025 - 21:59:49: -------- Mapchange to c13m2_southpinestream --------
L 06/18/2025 - 21:59:51: [basecommands.smx] "Console<0><Console><Console>" changed cvar (cvar "sv_consistency") (value "0")
L 06/18/2025 - 21:59:51: [basecommands.smx] "Console<0><Console><Console>" changed cvar (cvar "sv_allow_lobby_connect_only") (value "0")
L 06/18/2025 - 21:59:51: [basecommands.smx] "Console<0><Console><Console>" changed cvar (cvar "sv_maxplayers") (value "8")
L 06/18/2025 - 21:59:51: [basecommands.smx] "Console<0><Console><Console>" changed cvar (cvar "sv_visiblemaxplayers") (value "-1")
L 06/18/2025 - 22:03:41: -------- Mapchange to c13m3_memorialbridge --------
L 06/18/2025 - 22:03:44: [basecommands.smx] "Console<0><Console><Console>" changed cvar (cvar "sv_consistency") (value "0")
L 06/18/2025 - 22:03:44: [basecommands.smx] "Console<0><Console><Console>" changed cvar (cvar "sv_allow_lobby_connect_only") (value "0")
L 06/18/2025 - 22:03:44: [basecommands.smx] "Console<0><Console><Console>" changed cvar (cvar "sv_maxplayers") (value "8")
L 06/18/2025 - 22:03:44: [basecommands.smx] "Console<0><Console><Console>" changed cvar (cvar "sv_visiblemaxplayers") (value "-1")
L 06/18/2025 - 22:10:30: -------- Mapchange to c13m4_cutthroatcreek --------
L 06/18/2025 - 22:10:32: [basecommands.smx] "Console<0><Console><Console>" changed cvar (cvar "sv_consistency") (value "0")
L 06/18/2025 - 22:10:32: [basecommands.smx] "Console<0><Console><Console>" changed cvar (cvar "sv_allow_lobby_connect_only") (value "0")
L 06/18/2025 - 22:10:32: [basecommands.smx] "Console<0><Console><Console>" changed cvar (cvar "sv_maxplayers") (value "8")
L 06/18/2025 - 22:10:32: [basecommands.smx] "Console<0><Console><Console>" changed cvar (cvar "sv_visiblemaxplayers") (value "-1")
L 06/18/2025 - 22:11:41: [basecomm.smx] "[T-T]MoY<348><STEAM_1:0:511491787><>" silenced "tyrone de los backyardigans<567><STEAM_1:0:920727488><>"
L 06/18/2025 - 22:11:56: [basecomm.smx] "[T-T]MoY<348><STEAM_1:0:511491787><>" unsilenced "tyrone de los backyardigans<567><STEAM_1:0:920727488><>"
L 06/18/2025 - 22:14:45: -------- Mapchange to c8m1_apartment --------
L 06/18/2025 - 22:14:48: [basecommands.smx] "Console<0><Console><Console>" changed cvar (cvar "sv_consistency") (value "0")
L 06/18/2025 - 22:14:48: [basecommands.smx] "Console<0><Console><Console>" changed cvar (cvar "sv_allow_lobby_connect_only") (value "0")
L 06/18/2025 - 22:14:48: [basecommands.smx] "Console<0><Console><Console>" changed cvar (cvar "sv_maxplayers") (value "8")
L 06/18/2025 - 22:14:48: [basecommands.smx] "Console<0><Console><Console>" changed cvar (cvar "sv_visiblemaxplayers") (value "-1")
L 06/18/2025 - 22:17:21: -------- Mapchange to c8m2_subway --------
L 06/18/2025 - 22:17:25: [basecommands.smx] "Console<0><Console><Console>" changed cvar (cvar "sv_consistency") (value "0")
L 06/18/2025 - 22:17:25: [basecommands.smx] "Console<0><Console><Console>" changed cvar (cvar "sv_allow_lobby_connect_only") (value "0")
L 06/18/2025 - 22:17:25: [basecommands.smx] "Console<0><Console><Console>" changed cvar (cvar "sv_maxplayers") (value "8")
L 06/18/2025 - 22:17:25: [basecommands.smx] "Console<0><Console><Console>" changed cvar (cvar "sv_visiblemaxplayers") (value "-1")
L 06/18/2025 - 22:18:06: [playercommands.smx] "[T-T]MoY<591><STEAM_1:0:511491787><>" slayed "[T-T]MoY<591><STEAM_1:0:511491787><>"
L 06/18/2025 - 22:18:06: [playercommands.smx] "[T-T]MoY<591><STEAM_1:0:511491787><>" slayed "-Azumi<592><STEAM_1:0:554397103><>"
L 06/18/2025 - 22:18:06: [playercommands.smx] "[T-T]MoY<591><STEAM_1:0:511491787><>" slayed "tyrone de los backyardigans<593><STEAM_1:0:920727488><>"
L 06/18/2025 - 22:18:06: [playercommands.smx] "[T-T]MoY<591><STEAM_1:0:511491787><>" slayed "PANDITA<595><STEAM_1:1:544610071><>"
L 06/18/2025 - 22:18:07: [playercommands.smx] "[T-T]MoY<591><STEAM_1:0:511491787><>" slayed "Celym<597><STEAM_1:1:633369961><>"
L 06/18/2025 - 22:18:07: [playercommands.smx] "[T-T]MoY<591><STEAM_1:0:511491787><>" slayed "¾ROman¾®<607><STEAM_1:0:219300423><>"
L 06/18/2025 - 22:18:07: [playercommands.smx] "[T-T]MoY<591><STEAM_1:0:511491787><>" slayed "Tank<615><BOT><>"
L 06/18/2025 - 22:21:00: -------- Mapchange to c8m3_sewers --------
L 06/18/2025 - 22:21:03: [basecommands.smx] "Console<0><Console><Console>" changed cvar (cvar "sv_consistency") (value "0")
L 06/18/2025 - 22:21:03: [basecommands.smx] "Console<0><Console><Console>" changed cvar (cvar "sv_allow_lobby_connect_only") (value "0")
L 06/18/2025 - 22:21:03: [basecommands.smx] "Console<0><Console><Console>" changed cvar (cvar "sv_maxplayers") (value "8")
L 06/18/2025 - 22:21:03: [basecommands.smx] "Console<0><Console><Console>" changed cvar (cvar "sv_visiblemaxplayers") (value "-1")
L 06/18/2025 - 22:21:36: [basevotes.smx] "[T-T]MoY<591><STEAM_1:0:511491787><>" initiated a ban vote against "tyrone de los backyardigans<593><STEAM_1:0:920727488><>"
L 06/18/2025 - 22:21:57: [basevotes.smx] Vote successful. (Received "86" of 7 votes)
L 06/18/2025 - 22:21:57: [basevotes.smx] Vote ban successful, banned "tyrone de los backyardigans<593><STEAM_1:0:920727488><>" (minutes "30") (reason "Votebanned")
L 06/18/2025 - 22:24:13: -------- Mapchange to c8m4_interior --------
L 06/18/2025 - 22:24:17: [basecommands.smx] "Console<0><Console><Console>" changed cvar (cvar "sv_consistency") (value "0")
L 06/18/2025 - 22:24:17: [basecommands.smx] "Console<0><Console><Console>" changed cvar (cvar "sv_allow_lobby_connect_only") (value "0")
L 06/18/2025 - 22:24:17: [basecommands.smx] "Console<0><Console><Console>" changed cvar (cvar "sv_maxplayers") (value "8")
L 06/18/2025 - 22:24:17: [basecommands.smx] "Console<0><Console><Console>" changed cvar (cvar "sv_visiblemaxplayers") (value "-1")
L 06/18/2025 - 22:30:53: [playercommands.smx] "[T-T]MoY<591><STEAM_1:0:511491787><>" slayed "Tank<659><BOT><>"
L 06/18/2025 - 22:30:56: [playercommands.smx] "[T-T]MoY<591><STEAM_1:0:511491787><>" slayed "(1)Tank<660><BOT><>"
L 06/18/2025 - 22:30:59: [playercommands.smx] "[T-T]MoY<591><STEAM_1:0:511491787><>" slayed "(2)Tank<661><BOT><>"
L 06/18/2025 - 22:31:27: [playercommands.smx] "[T-T]MoY<591><STEAM_1:0:511491787><>" slayed "Tank<662><BOT><>"
L 06/18/2025 - 22:32:04: [playercommands.smx] "[T-T]MoY<591><STEAM_1:0:511491787><>" slayed "Tank<665><BOT><>"
L 06/18/2025 - 22:32:05: [playercommands.smx] "[T-T]MoY<591><STEAM_1:0:511491787><>" slayed "(1)Tank<664><BOT><>"
L 06/18/2025 - 22:32:35: [playercommands.smx] "[T-T]MoY<591><STEAM_1:0:511491787><>" slayed "Tank<667><BOT><>"
L 06/18/2025 - 22:33:35: -------- Mapchange to c8m5_rooftop --------
L 06/18/2025 - 22:33:38: [basecommands.smx] "Console<0><Console><Console>" changed cvar (cvar "sv_consistency") (value "0")
L 06/18/2025 - 22:33:38: [basecommands.smx] "Console<0><Console><Console>" changed cvar (cvar "sv_allow_lobby_connect_only") (value "0")
L 06/18/2025 - 22:33:38: [basecommands.smx] "Console<0><Console><Console>" changed cvar (cvar "sv_maxplayers") (value "8")
L 06/18/2025 - 22:33:38: [basecommands.smx] "Console<0><Console><Console>" changed cvar (cvar "sv_visiblemaxplayers") (value "-1")
L 06/18/2025 - 22:42:37: [l4d_sm_respawn.smx] "[T-T]MoY<591><STEAM_1:0:511491787><>" teleported "-Azumi<592><STEAM_1:0:554397103><>" after respawning him
L 06/18/2025 - 22:42:44: [l4d_sm_respawn.smx] "[T-T]MoY<591><STEAM_1:0:511491787><>" teleported "SATORU FERGA LARGA GOJO<596><STEAM_1:0:164667498><>" after respawning him
L 06/18/2025 - 22:43:07: [l4d_sm_respawn.smx] "[T-T]MoY<591><STEAM_1:0:511491787><>" teleported "¾ROman¾®<607><STEAM_1:0:219300423><>" after respawning him
L 06/18/2025 - 22:43:40: [l4d_sm_respawn.smx] "[T-T]MoY<591><STEAM_1:0:511491787><>" teleported "SATORU FERGA LARGA GOJO<596><STEAM_1:0:164667498><>" after respawning him
L 06/18/2025 - 22:43:44: [l4d_sm_respawn.smx] "[T-T]MoY<591><STEAM_1:0:511491787><>" teleported "-Azumi<592><STEAM_1:0:554397103><>" after respawning him
L 06/18/2025 - 22:44:01: [l4d_sm_respawn.smx] "[T-T]MoY<591><STEAM_1:0:511491787><>" teleported "[T-T]MoY<591><STEAM_1:0:511491787><>" after respawning him
L 06/18/2025 - 22:45:54: [l4d_sm_respawn.smx] "[T-T]MoY<591><STEAM_1:0:511491787><>" teleported "SATORU FERGA LARGA GOJO<596><STEAM_1:0:164667498><>" after respawning him
L 06/18/2025 - 22:46:00: [l4d_sm_respawn.smx] "[T-T]MoY<591><STEAM_1:0:511491787><>" teleported "SATORU FERGA LARGA GOJO<596><STEAM_1:0:164667498><>" after respawning him
L 06/18/2025 - 22:47:54: [l4d_sm_respawn.smx] "[T-T]MoY<591><STEAM_1:0:511491787><>" teleported "SATORU FERGA LARGA GOJO<596><STEAM_1:0:164667498><>" after respawning him
L 06/18/2025 - 22:47:58: [l4d_sm_respawn.smx] "[T-T]MoY<591><STEAM_1:0:511491787><>" teleported "[T-T]MoY<591><STEAM_1:0:511491787><>" after respawning him
L 06/18/2025 - 22:48:22: [l4d_sm_respawn.smx] "[T-T]MoY<591><STEAM_1:0:511491787><>" teleported "[T-T]MoY<591><STEAM_1:0:511491787><>" after respawning him
L 06/18/2025 - 22:48:24: [l4d_sm_respawn.smx] "[T-T]MoY<591><STEAM_1:0:511491787><>" teleported "[T-T]MoY<591><STEAM_1:0:511491787><>" after respawning him
L 06/18/2025 - 22:48:31: [l4d_sm_respawn.smx] "[T-T]MoY<591><STEAM_1:0:511491787><>" teleported "[T-T]MoY<591><STEAM_1:0:511491787><>" after respawning him
L 06/18/2025 - 22:48:38: [l4d_sm_respawn.smx] "[T-T]MoY<591><STEAM_1:0:511491787><>" teleported "SATORU FERGA LARGA GOJO<596><STEAM_1:0:164667498><>" after respawning him
L 06/18/2025 - 22:48:47: [l4d_sm_respawn.smx] "[T-T]MoY<591><STEAM_1:0:511491787><>" teleported "¾ROman¾®<607><STEAM_1:0:219300423><>" after respawning him
L 06/18/2025 - 22:48:51: [l4d_sm_respawn.smx] "[T-T]MoY<591><STEAM_1:0:511491787><>" teleported "Real Plaza Truji<594><STEAM_1:0:634891297><>" after respawning him
L 06/18/2025 - 22:48:57: [l4d_sm_respawn.smx] "[T-T]MoY<591><STEAM_1:0:511491787><>" teleported "¾ROman¾®<607><STEAM_1:0:219300423><>" after respawning him
L 06/18/2025 - 22:49:07: [l4d_sm_respawn.smx] "[T-T]MoY<591><STEAM_1:0:511491787><>" teleported "Real Plaza Truji<594><STEAM_1:0:634891297><>" after respawning him
L 06/18/2025 - 22:49:32: [l4d_sm_respawn.smx] "[T-T]MoY<591><STEAM_1:0:511491787><>" teleported "SATORU FERGA LARGA GOJO<596><STEAM_1:0:164667498><>" after respawning him
L 06/18/2025 - 22:49:45: [l4d_sm_respawn.smx] "[T-T]MoY<591><STEAM_1:0:511491787><>" teleported "Real Plaza Truji<594><STEAM_1:0:634891297><>" after respawning him
L 06/18/2025 - 22:49:47: [l4d_sm_respawn.smx] "[T-T]MoY<591><STEAM_1:0:511491787><>" teleported "SATORU FERGA LARGA GOJO<596><STEAM_1:0:164667498><>" after respawning him
L 06/18/2025 - 22:49:56: [playercommands.smx] "[T-T]MoY<591><STEAM_1:0:511491787><>" slayed "(1)Tank<713><BOT><>"
L 06/18/2025 - 22:49:57: [playercommands.smx] "[T-T]MoY<591><STEAM_1:0:511491787><>" slayed "Tank<715><BOT><>"
L 06/18/2025 - 22:50:06: [l4d_sm_respawn.smx] "[T-T]MoY<591><STEAM_1:0:511491787><>" teleported "Real Plaza Truji<594><STEAM_1:0:634891297><>" after respawning him
L 06/18/2025 - 22:52:24: Log file closed.
