L 04/15/2026 - 22:01:22: SourceMod log file session started (file "d:\steamlibrary\steamapps\common\left 4 dead 2\left4dead2\addons\sourcemod\logs\L20260415.log") (Version "1.12.0.7207")
L 04/15/2026 - 22:01:22: [GEOIP] GeoIP2 database loaded: GeoLite2-ASN (2024-08-21 08:15:21 UTC) (d:\steamlibrary\steamapps\common\left 4 dead 2\left4dead2\addons\sourcemod\configs\geoip\GeoLite2-ASN.mmdb)
L 04/15/2026 - 22:01:22: [GEOIP] GeoIP2 supported languages: en
L 04/15/2026 - 22:01:22: [GEOIP] Your database is older than 90 days. You should consider downloading a newer version from e.g. https://dev.maxmind.com/geoip/geolite2-free-geolocation-data
L 04/15/2026 - 22:01:22: [l4d2_map_rotation.smx] [Rotation] Lista cargada con 5 campañas.
L 04/15/2026 - 22:01:23: [l4d_extinguisher.smx] 
==========
Warning: You should install "[L4D2] Scavenge Score Fix - Gascan Pouring" to prevent affecting the score when filling gas in Scavenge style events: https://forums.alliedmods.net/showthread.php?t=187686
==========

L 04/15/2026 - 22:01:23: [l4d_extinguisher.smx] 
==========
Warning: You should install "[L4D & L4D2] Use Priority Patch" to fix attached models blocking +USE action: https://forums.alliedmods.net/showthread.php?t=327511
==========

L 04/15/2026 - 22:01:35: [basecommands.smx] "Console<0><Console><Console>" changed cvar (cvar "sv_consistency") (value "0")
L 04/15/2026 - 22:01:35: [basecommands.smx] "Console<0><Console><Console>" changed cvar (cvar "sv_allow_lobby_connect_only") (value "0")
L 04/15/2026 - 22:01:35: [basecommands.smx] "Console<0><Console><Console>" changed cvar (cvar "sv_maxplayers") (value "8")
L 04/15/2026 - 22:01:35: [basecommands.smx] "Console<0><Console><Console>" changed cvar (cvar "sv_visiblemaxplayers") (value "-1")
L 04/15/2026 - 22:01:36: [chat-processor.smx] Message formats generated for game 'left4dead2'.
L 04/15/2026 - 22:01:36: [chat-processor.smx] Successfully hooked a SayText2 chat hook.
L 04/15/2026 - 22:02:06: [l4d2_shop.smx] [LOAD]: "[T-T]MoY<2><STEAM_1:0:511491787><>" loaded the record successfully! Points: "10209"
L 04/15/2026 - 22:02:41: [funcommands.smx] "[T-T]MoY<2><STEAM_1:0:511491787><>" toggled noclip on "[T-T]MoY<2><STEAM_1:0:511491787><>"
L 04/15/2026 - 22:11:30: Log file closed.
L 04/15/2026 - 22:12:43: SourceMod log file session started (file "d:\steamlibrary\steamapps\common\left 4 dead 2\left4dead2\addons\sourcemod\logs\L20260415.log") (Version "1.12.0.7207")
L 04/15/2026 - 22:12:43: [GEOIP] GeoIP2 database loaded: GeoLite2-ASN (2024-08-21 08:15:21 UTC) (d:\steamlibrary\steamapps\common\left 4 dead 2\left4dead2\addons\sourcemod\configs\geoip\GeoLite2-ASN.mmdb)
L 04/15/2026 - 22:12:43: [GEOIP] GeoIP2 supported languages: en
L 04/15/2026 - 22:12:43: [GEOIP] Your database is older than 90 days. You should consider downloading a newer version from e.g. https://dev.maxmind.com/geoip/geolite2-free-geolocation-data
L 04/15/2026 - 22:12:43: [l4d2_map_rotation.smx] [Rotation] Lista cargada con 5 campañas.
L 04/15/2026 - 22:12:44: [l4d_extinguisher.smx] 
==========
Warning: You should install "[L4D2] Scavenge Score Fix - Gascan Pouring" to prevent affecting the score when filling gas in Scavenge style events: https://forums.alliedmods.net/showthread.php?t=187686
==========

L 04/15/2026 - 22:12:44: [l4d_extinguisher.smx] 
==========
Warning: You should install "[L4D & L4D2] Use Priority Patch" to fix attached models blocking +USE action: https://forums.alliedmods.net/showthread.php?t=327511
==========

L 04/15/2026 - 22:12:50: [basecommands.smx] "Console<0><Console><Console>" changed cvar (cvar "sv_consistency") (value "0")
L 04/15/2026 - 22:12:50: [basecommands.smx] "Console<0><Console><Console>" changed cvar (cvar "sv_allow_lobby_connect_only") (value "0")
L 04/15/2026 - 22:12:50: [basecommands.smx] "Console<0><Console><Console>" changed cvar (cvar "sv_maxplayers") (value "8")
L 04/15/2026 - 22:12:50: [basecommands.smx] "Console<0><Console><Console>" changed cvar (cvar "sv_visiblemaxplayers") (value "-1")
L 04/15/2026 - 22:12:50: [chat-processor.smx] Message formats generated for game 'left4dead2'.
L 04/15/2026 - 22:12:50: [chat-processor.smx] Successfully hooked a SayText2 chat hook.
L 04/15/2026 - 22:13:20: [l4d2_shop.smx] [LOAD]: "[T-T]MoY<2><STEAM_1:0:511491787><>" loaded the record successfully! Points: "10209"
L 04/15/2026 - 22:13:38: [funcommands.smx] "[T-T]MoY<2><STEAM_1:0:511491787><>" toggled noclip on "[T-T]MoY<2><STEAM_1:0:511491787><>"
L 04/15/2026 - 22:14:01: [funcommands.smx] "[T-T]MoY<2><STEAM_1:0:511491787><>" toggled noclip on "[T-T]MoY<2><STEAM_1:0:511491787><>"
L 04/15/2026 - 22:14:03: [l4d2_shop.smx] [UPDATE]: "[T-T]MoY<2><STEAM_1:0:511491787><>" saved. Points: "10209"
L 04/15/2026 - 22:14:03: [l4d2_shop.smx] UPDATE SpecialFunctions SET isEnabled = 1 WHERE steamId = 'STEAM_1:0:511491787' AND (functionNo = 'GRAY_AMMO' OR functionNo = 'BLUE_AMMO' OR functionNo = 'GOLD_AMMO')
L 04/15/2026 - 22:14:09: [basecommands.smx] "[T-T]MoY<2><STEAM_1:0:511491787><>" changed cvar (cvar "sv_gravity") (value "200")
L 04/15/2026 - 22:14:43: [l4d2_shop.smx] [UPDATE]: "[T-T]MoY<2><STEAM_1:0:511491787><>" saved. Points: "10209"
L 04/15/2026 - 22:14:43: [l4d2_shop.smx] UPDATE SpecialFunctions SET isEnabled = 1 WHERE steamId = 'STEAM_1:0:511491787' AND (functionNo = 'GRAY_AMMO' OR functionNo = 'BLUE_AMMO' OR functionNo = 'GOLD_AMMO')
L 04/15/2026 - 22:16:58: [l4d2_shop.smx] [UPDATE]: "[T-T]MoY<2><STEAM_1:0:511491787><>" saved. Points: "10211"
L 04/15/2026 - 22:16:58: [l4d2_shop.smx] UPDATE SpecialFunctions SET isEnabled = 1 WHERE steamId = 'STEAM_1:0:511491787' AND (functionNo = 'GRAY_AMMO' OR functionNo = 'BLUE_AMMO' OR functionNo = 'GOLD_AMMO')
L 04/15/2026 - 22:18:29: [l4d2_shop.smx] [INSERT]: "❦ღMahiru Shiina❦ღ<21><STEAM_1:1:508193965><>" is a new user!!
L 04/15/2026 - 22:18:36: [l4d2_shop.smx] [UPDATE]: "[T-T]MoY<2><STEAM_1:0:511491787><>" saved. Points: "10216"
L 04/15/2026 - 22:18:36: [l4d2_shop.smx] UPDATE SpecialFunctions SET isEnabled = 1 WHERE steamId = 'STEAM_1:0:511491787' AND (functionNo = 'GRAY_AMMO' OR functionNo = 'BLUE_AMMO' OR functionNo = 'GOLD_AMMO')
L 04/15/2026 - 22:18:36: [l4d2_shop.smx] [UPDATE]: "❦ღMahiru Shiina❦ღ<21><STEAM_1:1:508193965><>" saved. Points: "0"
L 04/15/2026 - 22:19:34: -------- Mapchange to Glubtastic2_1 --------
L 04/15/2026 - 22:19:38: [basecommands.smx] "Console<0><Console><Console>" changed cvar (cvar "sv_consistency") (value "0")
L 04/15/2026 - 22:19:38: [basecommands.smx] "Console<0><Console><Console>" changed cvar (cvar "sv_allow_lobby_connect_only") (value "0")
L 04/15/2026 - 22:19:38: [basecommands.smx] "Console<0><Console><Console>" changed cvar (cvar "sv_maxplayers") (value "8")
L 04/15/2026 - 22:19:38: [basecommands.smx] "Console<0><Console><Console>" changed cvar (cvar "sv_visiblemaxplayers") (value "-1")
L 04/15/2026 - 22:19:38: [chat-processor.smx] Message formats generated for game 'left4dead2'.
L 04/15/2026 - 22:19:38: [chat-processor.smx] Successfully hooked a SayText2 chat hook.
L 04/15/2026 - 22:19:54: [l4d2_shop.smx] [LOAD]: "[T-T]MoY<24><STEAM_ID_PENDING><>" loaded the record successfully! Points: "0"
L 04/15/2026 - 22:20:18: [basecommands.smx] "[T-T]MoY<24><STEAM_1:0:511491787><>" changed cvar (cvar "sv_gravity") (value "800")
L 04/15/2026 - 22:22:12: [l4d2_shop.smx] [UPDATE]: "[T-T]MoY<24><STEAM_1:0:511491787><>" saved. Points: "5"
L 04/15/2026 - 22:22:57: [l4d2_shop.smx] [INSERT]: "SONRIS<58><STEAM_1:0:924354552><>" is a new user!!
L 04/15/2026 - 22:24:58: [l4d2_shop.smx] [INSERT]: "hola ke ase<60><STEAM_1:0:448870045><>" is a new user!!
L 04/15/2026 - 22:25:12: [l4d2_shop.smx] [INSERT]: "Dorothy vallens gaming<63><STEAM_1:0:77792460><>" is a new user!!
L 04/15/2026 - 22:26:51: [l4d2_shop.smx] [UPDATE]: "[T-T]MoY<24><STEAM_1:0:511491787><>" saved. Points: "19"
L 04/15/2026 - 22:26:51: [l4d2_shop.smx] [UPDATE]: "hola ke ase<60><STEAM_1:0:448870045><>" saved. Points: "2"
L 04/15/2026 - 22:26:51: [l4d2_shop.smx] [UPDATE]: "Dorothy vallens gaming<63><STEAM_1:0:77792460><>" saved. Points: "6"
L 04/15/2026 - 22:27:07: [l4d2_shop.smx] [INSERT]: "leonardo_justbe<65><STEAM_1:0:62288194><>" is a new user!!
L 04/15/2026 - 22:28:56: [l4d2_shop.smx] [UPDATE]: "[T-T]MoY<24><STEAM_1:0:511491787><>" saved. Points: "23"
L 04/15/2026 - 22:28:56: [l4d2_shop.smx] [UPDATE]: "hola ke ase<60><STEAM_1:0:448870045><>" saved. Points: "6"
L 04/15/2026 - 22:28:56: [l4d2_shop.smx] [UPDATE]: "Dorothy vallens gaming<63><STEAM_1:0:77792460><>" saved. Points: "13"
L 04/15/2026 - 22:28:56: [l4d2_shop.smx] [UPDATE]: "leonardo_justbe<65><STEAM_1:0:62288194><>" saved. Points: "2"
L 04/15/2026 - 22:31:48: [l4d2_shop.smx] [INSERT]: "-Serge-<90><STEAM_1:1:419701425><>" is a new user!!
L 04/15/2026 - 22:34:24: [l4d2_shop.smx] [Buy]: "Dorothy vallens gaming<63><STEAM_1:0:77792460><>" bought "extinguisher" (price: "40"), remaining points: "15"
L 04/15/2026 - 22:36:01: [l4d2_shop.smx] [INSERT]: "CADETE<98><STEAM_1:0:554927249><>" is a new user!!
L 04/15/2026 - 22:36:48: [l4d2_shop.smx] [Buy]: "Dorothy vallens gaming<63><STEAM_1:0:77792460><>" bought "smg" (price: "13"), remaining points: "14"
L 04/15/2026 - 22:37:37: [l4d2_shop.smx] [Buy]: "[T-T]MoY<24><STEAM_1:0:511491787><>" bought "defibrillator" (price: "50"), remaining points: "4"
L 04/15/2026 - 22:37:49: [l4d2_shop.smx] [LOAD]: "redwolf<103><STEAM_1:0:659064498><>" loaded the record successfully! Points: "5227"
L 04/15/2026 - 22:38:36: [l4d2_shop.smx] [INSERT]: " Arzeus<106><STEAM_1:0:566506819><>" is a new user!!
L 04/15/2026 - 22:40:25: [basecomm.smx] "[T-T]MoY<24><STEAM_1:0:511491787><>" silenced "leonardo_justbe<65><STEAM_1:0:62288194><>"
L 04/15/2026 - 22:40:43: [l4d_sm_respawn.smx] "[T-T]MoY<24><STEAM_1:0:511491787><>" teleported "-Serge-<90><STEAM_1:1:419701425><>" after respawning him
L 04/15/2026 - 22:40:43: [l4d_sm_respawn.smx] "[T-T]MoY<24><STEAM_1:0:511491787><>" teleported "CADETE<98><STEAM_1:0:554927249><>" after respawning him
L 04/15/2026 - 22:41:02: [l4d2_shop.smx] [INSERT]: "master<111><STEAM_1:1:565936017><>" is a new user!!
L 04/15/2026 - 22:45:16: -------- Mapchange to Glubtastic2_2 --------
L 04/15/2026 - 22:45:20: [basecommands.smx] "Console<0><Console><Console>" changed cvar (cvar "sv_consistency") (value "0")
L 04/15/2026 - 22:45:20: [basecommands.smx] "Console<0><Console><Console>" changed cvar (cvar "sv_allow_lobby_connect_only") (value "0")
L 04/15/2026 - 22:45:20: [basecommands.smx] "Console<0><Console><Console>" changed cvar (cvar "sv_maxplayers") (value "8")
L 04/15/2026 - 22:45:20: [basecommands.smx] "Console<0><Console><Console>" changed cvar (cvar "sv_visiblemaxplayers") (value "-1")
L 04/15/2026 - 22:45:20: [chat-processor.smx] Message formats generated for game 'left4dead2'.
L 04/15/2026 - 22:45:20: [chat-processor.smx] Successfully hooked a SayText2 chat hook.
L 04/15/2026 - 22:45:35: [l4d2_shop.smx] [LOAD]: "redwolf<103><STEAM_1:0:659064498><>" loaded the record successfully! Points: "5227"
L 04/15/2026 - 22:45:35: [l4d2_shop.smx] [LOAD]: "Dorothy vallens gaming<63><STEAM_1:0:77792460><>" loaded the record successfully! Points: "13"
L 04/15/2026 - 22:45:35: [l4d2_shop.smx] [LOAD]: "[T-T]MoY<24><STEAM_1:0:511491787><>" loaded the record successfully! Points: "23"
L 04/15/2026 - 22:45:37: [l4d2_shop.smx] [LOAD]: "hola ke ase<60><STEAM_1:0:448870045><>" loaded the record successfully! Points: "6"
L 04/15/2026 - 22:45:40: [l4d2_shop.smx] [LOAD]: "-Serge-<90><STEAM_1:1:419701425><>" loaded the record successfully! Points: "0"
L 04/15/2026 - 22:45:42: [l4d2_shop.smx] [LOAD]: "master<111><STEAM_1:1:565936017><>" loaded the record successfully! Points: "0"
L 04/15/2026 - 22:45:54: [basecommands.smx] "[T-T]MoY<24><STEAM_1:0:511491787><>" changed cvar (cvar "sv_gravity") (value "200")
L 04/15/2026 - 22:45:58: [basecommands.smx] "[T-T]MoY<24><STEAM_1:0:511491787><>" changed cvar (cvar "sv_gravity") (value "800")
L 04/15/2026 - 22:46:25: [l4d2_shop.smx] [INSERT]: "Emisfero<129><STEAM_1:0:244360131><>" is a new user!!
L 04/15/2026 - 22:47:21: [l4d2_shop.smx] [INSERT]: "Noir<134><STEAM_1:0:633464105><>" is a new user!!
L 04/15/2026 - 22:47:37: [l4d_sm_respawn.smx] "[T-T]MoY<24><STEAM_1:0:511491787><>" teleported "hola ke ase<60><STEAM_1:0:448870045><>" after respawning him
L 04/15/2026 - 22:48:50: [basevotes.smx] "[T-T]MoY<24><STEAM_1:0:511491787><>" initiated a generic vote (question "master pon !join en el chat " / answers "" "").
L 04/15/2026 - 22:49:10: [basevotes.smx] Vote successful. (Received "50" of 2 votes)
L 04/15/2026 - 22:49:10: [basevotes.smx] The answer to master pon !join en el chat  is: .
L 04/15/2026 - 22:53:59: [l4d2_shop.smx] [Buy]: "[T-T]MoY<24><STEAM_1:0:511491787><>" bought "Revivir (Costo actual: 50)" (price: "50"), remaining points: "9"
L 04/15/2026 - 22:55:40: -------- Mapchange to Glubtastic2_3 --------
L 04/15/2026 - 22:55:44: [basecommands.smx] "Console<0><Console><Console>" changed cvar (cvar "sv_consistency") (value "0")
L 04/15/2026 - 22:55:44: [basecommands.smx] "Console<0><Console><Console>" changed cvar (cvar "sv_allow_lobby_connect_only") (value "0")
L 04/15/2026 - 22:55:44: [basecommands.smx] "Console<0><Console><Console>" changed cvar (cvar "sv_maxplayers") (value "8")
L 04/15/2026 - 22:55:44: [basecommands.smx] "Console<0><Console><Console>" changed cvar (cvar "sv_visiblemaxplayers") (value "-1")
L 04/15/2026 - 22:55:45: [chat-processor.smx] Message formats generated for game 'left4dead2'.
L 04/15/2026 - 22:55:45: [chat-processor.smx] Successfully hooked a SayText2 chat hook.
L 04/15/2026 - 22:56:00: [l4d2_shop.smx] [LOAD]: "[T-T]MoY<24><STEAM_1:0:511491787><>" loaded the record successfully! Points: "23"
L 04/15/2026 - 22:56:02: [l4d2_shop.smx] [LOAD]: "redwolf<103><STEAM_1:0:659064498><>" loaded the record successfully! Points: "5227"
L 04/15/2026 - 22:56:05: [l4d2_shop.smx] [LOAD]: "Dorothy vallens gaming<63><STEAM_1:0:77792460><>" loaded the record successfully! Points: "13"
L 04/15/2026 - 22:56:11: [l4d2_shop.smx] [LOAD]: "hola ke ase<60><STEAM_1:0:448870045><>" loaded the record successfully! Points: "6"
L 04/15/2026 - 22:56:13: [basecommands.smx] "[T-T]MoY<24><STEAM_1:0:511491787><>" changed cvar (cvar "sv_gravity") (value "800")
L 04/15/2026 - 22:56:14: [l4d2_shop.smx] [LOAD]: "-Serge-<90><STEAM_1:1:419701425><>" loaded the record successfully! Points: "0"
L 04/15/2026 - 22:56:16: [l4d2_shop.smx] [LOAD]: "Noir<134><STEAM_1:0:633464105><>" loaded the record successfully! Points: "0"
L 04/15/2026 - 22:56:22: [l4d2_shop.smx] [LOAD]: "Emisfero<129><STEAM_1:0:244360131><>" loaded the record successfully! Points: "0"
L 04/15/2026 - 22:56:29: [l4d2_shop.smx] [LOAD]: "master<111><STEAM_1:1:565936017><>" loaded the record successfully! Points: "0"
L 04/15/2026 - 22:59:02: [l4d2_shop.smx] [INSERT]: "Patata-<216><STEAM_1:0:546859408><>" is a new user!!
L 04/15/2026 - 22:59:54: [basevotes.smx] "[T-T]MoY<24><STEAM_1:0:511491787><>" initiated a kick vote against "master<111><STEAM_1:1:565936017><>"
L 04/15/2026 - 23:00:15: [basevotes.smx] Vote failed. 60% vote required. (Received "33" of 3 votes)
L 04/15/2026 - 23:03:39: [l4d_sm_respawn.smx] "[T-T]MoY<24><STEAM_1:0:511491787><>" teleported "hola ke ase<60><STEAM_1:0:448870045><>" after respawning him
L 04/15/2026 - 23:03:40: [l4d_sm_respawn.smx] "[T-T]MoY<24><STEAM_1:0:511491787><>" teleported "-Serge-<90><STEAM_1:1:419701425><>" after respawning him
L 04/15/2026 - 23:05:53: -------- Mapchange to glubtastic2_4 --------
L 04/15/2026 - 23:05:58: [basecommands.smx] "Console<0><Console><Console>" changed cvar (cvar "sv_consistency") (value "0")
L 04/15/2026 - 23:05:58: [basecommands.smx] "Console<0><Console><Console>" changed cvar (cvar "sv_allow_lobby_connect_only") (value "0")
L 04/15/2026 - 23:05:58: [basecommands.smx] "Console<0><Console><Console>" changed cvar (cvar "sv_maxplayers") (value "8")
L 04/15/2026 - 23:05:58: [basecommands.smx] "Console<0><Console><Console>" changed cvar (cvar "sv_visiblemaxplayers") (value "-1")
L 04/15/2026 - 23:05:58: [chat-processor.smx] Message formats generated for game 'left4dead2'.
L 04/15/2026 - 23:05:58: [chat-processor.smx] Successfully hooked a SayText2 chat hook.
L 04/15/2026 - 23:06:13: [l4d2_shop.smx] [LOAD]: "[T-T]MoY<24><STEAM_1:0:511491787><>" loaded the record successfully! Points: "23"
L 04/15/2026 - 23:06:16: [l4d2_shop.smx] [LOAD]: "Dorothy vallens gaming<63><STEAM_1:0:77792460><>" loaded the record successfully! Points: "13"
L 04/15/2026 - 23:06:16: [l4d2_shop.smx] [LOAD]: "Patata-<216><STEAM_1:0:546859408><>" loaded the record successfully! Points: "0"
L 04/15/2026 - 23:06:24: [l4d2_shop.smx] [LOAD]: "-Serge-<90><STEAM_1:1:419701425><>" loaded the record successfully! Points: "0"
L 04/15/2026 - 23:06:25: [l4d2_shop.smx] [LOAD]: "hola ke ase<60><STEAM_1:0:448870045><>" loaded the record successfully! Points: "6"
L 04/15/2026 - 23:06:28: [basecommands.smx] "[T-T]MoY<24><STEAM_1:0:511491787><>" changed cvar (cvar "sv_gravity") (value "800")
L 04/15/2026 - 23:06:28: [l4d2_shop.smx] [LOAD]: "master<111><STEAM_1:1:565936017><>" loaded the record successfully! Points: "0"
L 04/15/2026 - 23:08:37: [l4d2_shop.smx] [UPDATE]: "[T-T]MoY<24><STEAM_1:0:511491787><>" saved. Points: "29"
L 04/15/2026 - 23:08:37: [l4d2_shop.smx] UPDATE SpecialFunctions SET isEnabled = 1 WHERE steamId = 'STEAM_1:0:511491787' AND (functionNo = 'GRAY_AMMO' OR functionNo = 'BLUE_AMMO' OR functionNo = 'GOLD_AMMO')
L 04/15/2026 - 23:08:37: [l4d2_shop.smx] [UPDATE]: "hola ke ase<60><STEAM_1:0:448870045><>" saved. Points: "12"
L 04/15/2026 - 23:08:37: [l4d2_shop.smx] [UPDATE]: "-Serge-<90><STEAM_1:1:419701425><>" saved. Points: "6"
L 04/15/2026 - 23:08:37: [l4d2_shop.smx] [UPDATE]: "Dorothy vallens gaming<63><STEAM_1:0:77792460><>" saved. Points: "19"
L 04/15/2026 - 23:08:37: [l4d2_shop.smx] [UPDATE]: "master<111><STEAM_1:1:565936017><>" saved. Points: "6"
L 04/15/2026 - 23:08:37: [l4d2_shop.smx] [UPDATE]: "Patata-<216><STEAM_1:0:546859408><>" saved. Points: "6"
L 04/15/2026 - 23:10:26: [l4d2_shop.smx] [UPDATE]: "[T-T]MoY<24><STEAM_1:0:511491787><>" saved. Points: "31"
L 04/15/2026 - 23:10:26: [l4d2_shop.smx] UPDATE SpecialFunctions SET isEnabled = 1 WHERE steamId = 'STEAM_1:0:511491787' AND (functionNo = 'GRAY_AMMO' OR functionNo = 'BLUE_AMMO' OR functionNo = 'GOLD_AMMO')
L 04/15/2026 - 23:10:26: [l4d2_shop.smx] [UPDATE]: "hola ke ase<60><STEAM_1:0:448870045><>" saved. Points: "16"
L 04/15/2026 - 23:10:26: [l4d2_shop.smx] [UPDATE]: "-Serge-<90><STEAM_1:1:419701425><>" saved. Points: "10"
L 04/15/2026 - 23:10:26: [l4d2_shop.smx] [UPDATE]: "Dorothy vallens gaming<63><STEAM_1:0:77792460><>" saved. Points: "21"
L 04/15/2026 - 23:10:26: [l4d2_shop.smx] [UPDATE]: "master<111><STEAM_1:1:565936017><>" saved. Points: "8"
L 04/15/2026 - 23:10:26: [l4d2_shop.smx] [UPDATE]: "Patata-<216><STEAM_1:0:546859408><>" saved. Points: "8"
L 04/15/2026 - 23:15:23: [l4d2_shop.smx] [UPDATE]: "[T-T]MoY<24><STEAM_1:0:511491787><>" saved. Points: "53"
L 04/15/2026 - 23:15:23: [l4d2_shop.smx] UPDATE SpecialFunctions SET isEnabled = 1 WHERE steamId = 'STEAM_1:0:511491787' AND (functionNo = 'GRAY_AMMO' OR functionNo = 'BLUE_AMMO' OR functionNo = 'GOLD_AMMO')
L 04/15/2026 - 23:15:23: [l4d2_shop.smx] [UPDATE]: "hola ke ase<60><STEAM_1:0:448870045><>" saved. Points: "31"
L 04/15/2026 - 23:15:23: [l4d2_shop.smx] [UPDATE]: "-Serge-<90><STEAM_1:1:419701425><>" saved. Points: "24"
L 04/15/2026 - 23:15:23: [l4d2_shop.smx] [UPDATE]: "Dorothy vallens gaming<63><STEAM_1:0:77792460><>" saved. Points: "35"
L 04/15/2026 - 23:15:23: [l4d2_shop.smx] [UPDATE]: "master<111><STEAM_1:1:565936017><>" saved. Points: "22"
L 04/15/2026 - 23:15:23: [l4d2_shop.smx] [UPDATE]: "Patata-<216><STEAM_1:0:546859408><>" saved. Points: "27"
L 04/15/2026 - 23:18:03: [l4d2_shop.smx] [INSERT]: "DiegoKuss<294><STEAM_1:0:499334475><>" is a new user!!
L 04/15/2026 - 23:20:46: [l4d2_shop.smx] [LOAD]: "leonardo_justbe<301><STEAM_1:0:62288194><>" loaded the record successfully! Points: "2"
L 04/15/2026 - 23:21:17: [basecomm.smx] "[T-T]MoY<24><STEAM_1:0:511491787><>" silenced "leonardo_justbe<301><STEAM_1:0:62288194><>"
L 04/15/2026 - 23:22:13: [l4d2_shop.smx] [UPDATE]: "[T-T]MoY<24><STEAM_1:0:511491787><>" saved. Points: "86"
L 04/15/2026 - 23:22:13: [l4d2_shop.smx] UPDATE SpecialFunctions SET isEnabled = 1 WHERE steamId = 'STEAM_1:0:511491787' AND (functionNo = 'GRAY_AMMO' OR functionNo = 'BLUE_AMMO' OR functionNo = 'GOLD_AMMO')
L 04/15/2026 - 23:22:13: [l4d2_shop.smx] [UPDATE]: "hola ke ase<60><STEAM_1:0:448870045><>" saved. Points: "53"
L 04/15/2026 - 23:22:13: [l4d2_shop.smx] [UPDATE]: "-Serge-<90><STEAM_1:1:419701425><>" saved. Points: "47"
L 04/15/2026 - 23:22:13: [l4d2_shop.smx] [UPDATE]: "DiegoKuss<294><STEAM_1:0:499334475><>" saved. Points: "12"
L 04/15/2026 - 23:22:13: [l4d2_shop.smx] [UPDATE]: "Dorothy vallens gaming<63><STEAM_1:0:77792460><>" saved. Points: "58"
L 04/15/2026 - 23:22:13: [l4d2_shop.smx] [UPDATE]: "master<111><STEAM_1:1:565936017><>" saved. Points: "42"
L 04/15/2026 - 23:22:13: [l4d2_shop.smx] [UPDATE]: "Patata-<216><STEAM_1:0:546859408><>" saved. Points: "50"
L 04/15/2026 - 23:22:44: [playercommands.smx] "[T-T]MoY<24><STEAM_1:0:511491787><>" slayed "Tank<308><BOT><>"
L 04/15/2026 - 23:22:45: [playercommands.smx] "[T-T]MoY<24><STEAM_1:0:511491787><>" slayed "(1)Tank<309><BOT><>"
L 04/15/2026 - 23:24:31: [l4d2_shop.smx] [UPDATE]: "[T-T]MoY<24><STEAM_1:0:511491787><>" saved. Points: "598"
L 04/15/2026 - 23:24:31: [l4d2_shop.smx] UPDATE SpecialFunctions SET isEnabled = 1 WHERE steamId = 'STEAM_1:0:511491787' AND (functionNo = 'GRAY_AMMO' OR functionNo = 'BLUE_AMMO' OR functionNo = 'GOLD_AMMO')
L 04/15/2026 - 23:24:31: [l4d2_shop.smx] [Admin]: "[T-T]MoY<24><STEAM_1:0:511491787><>" rewarded "500" points for "[T-T]MoY<24><STEAM_1:0:511491787><>" (current: "598")
L 04/15/2026 - 23:24:32: [l4d2_shop.smx] [UPDATE]: "hola ke ase<60><STEAM_1:0:448870045><>" saved. Points: "565"
L 04/15/2026 - 23:24:32: [l4d2_shop.smx] [Admin]: "[T-T]MoY<24><STEAM_1:0:511491787><>" rewarded "500" points for "hola ke ase<60><STEAM_1:0:448870045><>" (current: "565")
L 04/15/2026 - 23:24:32: [l4d2_shop.smx] [UPDATE]: "-Serge-<90><STEAM_1:1:419701425><>" saved. Points: "559"
L 04/15/2026 - 23:24:32: [l4d2_shop.smx] [Admin]: "[T-T]MoY<24><STEAM_1:0:511491787><>" rewarded "500" points for "-Serge-<90><STEAM_1:1:419701425><>" (current: "559")
L 04/15/2026 - 23:24:33: [l4d2_shop.smx] [UPDATE]: "DiegoKuss<294><STEAM_1:0:499334475><>" saved. Points: "524"
L 04/15/2026 - 23:24:33: [l4d2_shop.smx] [Admin]: "[T-T]MoY<24><STEAM_1:0:511491787><>" rewarded "500" points for "DiegoKuss<294><STEAM_1:0:499334475><>" (current: "524")
L 04/15/2026 - 23:24:33: [l4d2_shop.smx] [UPDATE]: "Dorothy vallens gaming<63><STEAM_1:0:77792460><>" saved. Points: "570"
L 04/15/2026 - 23:24:33: [l4d2_shop.smx] [Admin]: "[T-T]MoY<24><STEAM_1:0:511491787><>" rewarded "500" points for "Dorothy vallens gaming<63><STEAM_1:0:77792460><>" (current: "570")
L 04/15/2026 - 23:24:33: [l4d2_shop.smx] [UPDATE]: "master<111><STEAM_1:1:565936017><>" saved. Points: "554"
L 04/15/2026 - 23:24:33: [l4d2_shop.smx] [Admin]: "[T-T]MoY<24><STEAM_1:0:511491787><>" rewarded "500" points for "master<111><STEAM_1:1:565936017><>" (current: "554")
L 04/15/2026 - 23:24:34: [l4d2_shop.smx] [UPDATE]: "Patata-<216><STEAM_1:0:546859408><>" saved. Points: "562"
L 04/15/2026 - 23:24:34: [l4d2_shop.smx] [Admin]: "[T-T]MoY<24><STEAM_1:0:511491787><>" rewarded "500" points for "Patata-<216><STEAM_1:0:546859408><>" (current: "562")
L 04/15/2026 - 23:26:29: [l4d2_shop.smx] [INSERT]: "Alan García<327><STEAM_1:0:703118408><>" is a new user!!
L 04/15/2026 - 23:28:52: -------- Mapchange to glubtastic2_5 --------
L 04/15/2026 - 23:28:56: [basecommands.smx] "Console<0><Console><Console>" changed cvar (cvar "sv_consistency") (value "0")
L 04/15/2026 - 23:28:56: [basecommands.smx] "Console<0><Console><Console>" changed cvar (cvar "sv_allow_lobby_connect_only") (value "0")
L 04/15/2026 - 23:28:56: [basecommands.smx] "Console<0><Console><Console>" changed cvar (cvar "sv_maxplayers") (value "8")
L 04/15/2026 - 23:28:56: [basecommands.smx] "Console<0><Console><Console>" changed cvar (cvar "sv_visiblemaxplayers") (value "-1")
L 04/15/2026 - 23:28:56: [chat-processor.smx] Message formats generated for game 'left4dead2'.
L 04/15/2026 - 23:28:56: [chat-processor.smx] Successfully hooked a SayText2 chat hook.
L 04/15/2026 - 23:29:10: [l4d2_shop.smx] [LOAD]: "DiegoKuss<294><STEAM_1:0:499334475><>" loaded the record successfully! Points: "524"
L 04/15/2026 - 23:29:11: [l4d2_shop.smx] [LOAD]: "Patata-<216><STEAM_1:0:546859408><>" loaded the record successfully! Points: "562"
L 04/15/2026 - 23:29:11: [l4d2_shop.smx] [LOAD]: "Dorothy vallens gaming<63><STEAM_1:0:77792460><>" loaded the record successfully! Points: "570"
L 04/15/2026 - 23:29:12: [l4d2_shop.smx] [LOAD]: "[T-T]MoY<24><STEAM_1:0:511491787><>" loaded the record successfully! Points: "598"
L 04/15/2026 - 23:29:12: [l4d2_shop.smx] [LOAD]: "hola ke ase<60><STEAM_1:0:448870045><>" loaded the record successfully! Points: "565"
L 04/15/2026 - 23:29:14: [l4d2_shop.smx] [LOAD]: "-Serge-<90><STEAM_1:1:419701425><>" loaded the record successfully! Points: "559"
L 04/15/2026 - 23:29:18: [l4d2_shop.smx] [LOAD]: "Alan García<327><STEAM_1:0:703118408><>" loaded the record successfully! Points: "0"
L 04/15/2026 - 23:29:18: [basecommands.smx] "[T-T]MoY<24><STEAM_1:0:511491787><>" changed cvar (cvar "sv_gravity") (value "800")
L 04/15/2026 - 23:29:46: [l4d2_shop.smx] [LOAD]: "master<111><STEAM_1:1:565936017><>" loaded the record successfully! Points: "554"
L 04/15/2026 - 23:31:23: [l4d2_shop.smx] [UPDATE]: "[T-T]MoY<24><STEAM_1:0:511491787><>" saved. Points: "600"
L 04/15/2026 - 23:31:23: [l4d2_shop.smx] UPDATE SpecialFunctions SET isEnabled = 1 WHERE steamId = 'STEAM_1:0:511491787' AND (functionNo = 'GRAY_AMMO' OR functionNo = 'BLUE_AMMO' OR functionNo = 'GOLD_AMMO')
L 04/15/2026 - 23:31:23: [l4d2_shop.smx] [UPDATE]: "hola ke ase<60><STEAM_1:0:448870045><>" saved. Points: "567"
L 04/15/2026 - 23:31:23: [l4d2_shop.smx] [UPDATE]: "-Serge-<90><STEAM_1:1:419701425><>" saved. Points: "561"
L 04/15/2026 - 23:31:23: [l4d2_shop.smx] [UPDATE]: "DiegoKuss<294><STEAM_1:0:499334475><>" saved. Points: "526"
L 04/15/2026 - 23:31:23: [l4d2_shop.smx] [UPDATE]: "Dorothy vallens gaming<63><STEAM_1:0:77792460><>" saved. Points: "572"
L 04/15/2026 - 23:31:23: [l4d2_shop.smx] [UPDATE]: "master<111><STEAM_1:1:565936017><>" saved. Points: "556"
L 04/15/2026 - 23:31:23: [l4d2_shop.smx] [UPDATE]: "Patata-<216><STEAM_1:0:546859408><>" saved. Points: "565"
L 04/15/2026 - 23:31:23: [l4d2_shop.smx] [UPDATE]: "Alan García<327><STEAM_1:0:703118408><>" saved. Points: "2"
L 04/15/2026 - 23:34:14: [l4d2_shop.smx] [Buy]: "[T-T]MoY<24><STEAM_1:0:511491787><>" bought "extinguisher" (price: "40"), remaining points: "576"
L 04/15/2026 - 23:35:07: -------- Mapchange to glubtastic2_6 --------
L 04/15/2026 - 23:35:12: [basecommands.smx] "Console<0><Console><Console>" changed cvar (cvar "sv_consistency") (value "0")
L 04/15/2026 - 23:35:12: [basecommands.smx] "Console<0><Console><Console>" changed cvar (cvar "sv_allow_lobby_connect_only") (value "0")
L 04/15/2026 - 23:35:12: [basecommands.smx] "Console<0><Console><Console>" changed cvar (cvar "sv_maxplayers") (value "8")
L 04/15/2026 - 23:35:12: [basecommands.smx] "Console<0><Console><Console>" changed cvar (cvar "sv_visiblemaxplayers") (value "-1")
L 04/15/2026 - 23:35:12: [chat-processor.smx] Message formats generated for game 'left4dead2'.
L 04/15/2026 - 23:35:12: [chat-processor.smx] Successfully hooked a SayText2 chat hook.
L 04/15/2026 - 23:35:27: [l4d2_shop.smx] [LOAD]: "Dorothy vallens gaming<63><STEAM_1:0:77792460><>" loaded the record successfully! Points: "572"
L 04/15/2026 - 23:35:27: [l4d2_shop.smx] [LOAD]: "DiegoKuss<294><STEAM_1:0:499334475><>" loaded the record successfully! Points: "526"
L 04/15/2026 - 23:35:27: [l4d2_shop.smx] [LOAD]: "Patata-<216><STEAM_1:0:546859408><>" loaded the record successfully! Points: "565"
L 04/15/2026 - 23:35:28: [l4d2_shop.smx] [LOAD]: "[T-T]MoY<24><STEAM_1:0:511491787><>" loaded the record successfully! Points: "600"
L 04/15/2026 - 23:35:29: [l4d2_shop.smx] [LOAD]: "hola ke ase<60><STEAM_1:0:448870045><>" loaded the record successfully! Points: "567"
L 04/15/2026 - 23:35:33: [l4d2_shop.smx] [LOAD]: "-Serge-<90><STEAM_1:1:419701425><>" loaded the record successfully! Points: "561"
L 04/15/2026 - 23:35:34: [l4d2_shop.smx] [LOAD]: "Alan García<327><STEAM_1:0:703118408><>" loaded the record successfully! Points: "2"
L 04/15/2026 - 23:35:35: [l4d2_shop.smx] [LOAD]: "master<111><STEAM_1:1:565936017><>" loaded the record successfully! Points: "556"
L 04/15/2026 - 23:35:39: [l4d2_shop.smx] [Buy]: "[T-T]MoY<24><STEAM_1:0:511491787><>" bought "extinguisher" (price: "40"), remaining points: "560"
L 04/15/2026 - 23:36:01: [basecommands.smx] "[T-T]MoY<24><STEAM_1:0:511491787><>" changed cvar (cvar "sv_gravity") (value "800")
L 04/15/2026 - 23:36:43: [l4d_sm_respawn.smx] "[T-T]MoY<24><STEAM_1:0:511491787><>" teleported "DiegoKuss<294><STEAM_1:0:499334475><>" after respawning him
L 04/15/2026 - 23:36:50: [l4d2_shop.smx] [Buy]: "[T-T]MoY<24><STEAM_1:0:511491787><>" bought "extinguisher" (price: "40"), remaining points: "522"
L 04/15/2026 - 23:39:06: [l4d_sm_respawn.smx] "[T-T]MoY<24><STEAM_1:0:511491787><>" teleported "hola ke ase<60><STEAM_1:0:448870045><>" after respawning him
L 04/15/2026 - 23:39:06: [l4d_sm_respawn.smx] "[T-T]MoY<24><STEAM_1:0:511491787><>" teleported "Patata-<216><STEAM_1:0:546859408><>" after respawning him
L 04/15/2026 - 23:39:16: [l4d2_shop.smx] [Buy]: "[T-T]MoY<24><STEAM_1:0:511491787><>" bought "extinguisher" (price: "40"), remaining points: "491"
L 04/15/2026 - 23:39:33: [l4d_sm_respawn.smx] "[T-T]MoY<24><STEAM_1:0:511491787><>" teleported "DiegoKuss<294><STEAM_1:0:499334475><>" after respawning him
L 04/15/2026 - 23:40:12: [l4d2_shop.smx] [Buy]: "Dorothy vallens gaming<63><STEAM_1:0:77792460><>" bought "extinguisher" (price: "40"), remaining points: "539"
L 04/15/2026 - 23:42:06: Log file closed.
