L 06/18/2025 - 20:21:30: [Name: Memories | STEAMID: 76561199500750452 | mat_monitorgamma_tv_exp: 3.000000]: Kicked from server, bad cvar value. Min(0): 0.000000 Max(1): 2.500000
L 06/18/2025 - 20:52:00: [Name: Dmoon | STEAMID: 76561198309733561 | mat_monitorgamma_tv_exp: 3.000000]: Kicked from server, bad cvar value. Min(0): 0.000000 Max(1): 2.500000
L 06/18/2025 - 21:54:35: [Name: XDQUEPRO | STEAMID: 76561198161982129 | mat_fullbright: 1.000000]: Kicked from server, bad cvar value. Min(1): 0.000000 Max(1): 0.000000
L 06/20/2025 - 21:21:42: [Name: Fishy_DX | STEAMID: 76561199724505768 | mat_monitorgamma_tv_exp: 3.000000]: Kicked from server, bad cvar value. Min(0): 0.000000 Max(1): 2.500000
L 06/20/2025 - 22:05:01: [Name: Edav | STEAMID: 76561199178797246 | cl_survivor_light_enable: 0.000000]: Kicked from server, bad cvar value. Min(1): 1.000000 Max(1): 1.000000
L 06/20/2025 - 22:23:24: [Name: Edav | STEAMID: 76561199178797246 | cl_survivor_light_enable: 0.000000]: Kicked from server, bad cvar value. Min(1): 1.000000 Max(1): 1.000000
L 06/20/2025 - 23:21:34: [Name: Papaleta | STEAMID: 76561199278457030 | mat_monitorgamma_tv_exp: 3.000000]: Kicked from server, bad cvar value. Min(0): 0.000000 Max(1): 2.500000
L 06/21/2025 - 21:53:37: [Name: Tomatosaurio♡ | STEAMID: 76561198050490843 | mat_disable_bloom: 1.000000]: Kicked from server, bad cvar value. Min(1): 0.000000 Max(1): 0.000000
L 06/21/2025 - 21:55:43: [Name: Andre 🕸 | STEAMID: 76561199635876428 | mat_monitorgamma_tv_exp: 3.000000]: Kicked from server, bad cvar value. Min(0): 0.000000 Max(1): 2.500000
L 06/21/2025 - 21:59:46: [Name: Dabner | STEAMID: 76561199861701818 | mat_monitorgamma_tv_exp: 3.000000]: Kicked from server, bad cvar value. Min(0): 0.000000 Max(1): 2.500000
L 06/22/2025 - 15:48:36: [Name: Mani | STEAMID: 76561198050761918 | r_flashlightfov: 100.000000]: Kicked from server, bad cvar value. Min(1): 53.000000 Max(1): 53.000000
L 06/24/2025 - 23:10:57: [Name: Kabeevoze | STEAMID: 76561199208338270 | mat_fullbright: 1.000000]: Kicked from server, bad cvar value. Min(1): 0.000000 Max(1): 0.000000
L 06/27/2025 - 00:42:32: [Name: Anto_tukchero | STEAMID: 76561199805641728 | mat_hdr_level: 0.000000]: Kicked from server, bad cvar value. Min(1): 2.000000 Max(1): 2.000000
L 06/27/2025 - 21:10:25: [Name: lautysantino178 | STEAMID: 76561199181871365 | mat_monitorgamma_tv_exp: 3.000000]: Kicked from server, bad cvar value. Min(0): 0.000000 Max(1): 2.500000
L 06/27/2025 - 21:24:28: [Name: lautysantino178 | STEAMID: 76561199181871365 | mat_monitorgamma_tv_exp: 3.000000]: Kicked from server, bad cvar value. Min(0): 0.000000 Max(1): 2.500000
L 06/27/2025 - 21:30:56: [Name: H A K E N | STEAMID: 76561199571914161 | mat_fullbright: 1.000000]: Kicked from server, bad cvar value. Min(1): 0.000000 Max(1): 0.000000
L 06/28/2025 - 16:18:38: [Name: Kabeevoze | STEAMID: 76561199208338270 | mat_fullbright: 1.000000]: Kicked from server, bad cvar value. Min(1): 0.000000 Max(1): 0.000000
L 06/28/2025 - 16:24:38: [Name: GøMsc | STEAMID: 76561199768827936 | mat_monitorgamma_tv_exp: 3.000000]: Kicked from server, bad cvar value. Min(0): 0.000000 Max(1): 2.500000
L 06/28/2025 - 17:54:34: [Name: Jeringaa | STEAMID: 76561199236459713 | mat_monitorgamma_tv_exp: 3.000000]: Kicked from server, bad cvar value. Min(0): 0.000000 Max(1): 2.500000
L 06/28/2025 - 21:32:55: [Name: +(MyMonster)+ | STEAMID: 76561199604229114 | mat_monitorgamma_tv_exp: 3.000000]: Kicked from server, bad cvar value. Min(0): 0.000000 Max(1): 2.500000
L 06/29/2025 - 14:26:39: [Name: diegoalonsomario15 | STEAMID: 76561199730087783 | mat_hdr_level: 1.000000]: Kicked from server, bad cvar value. Min(1): 2.000000 Max(1): 2.000000
L 07/03/2025 - 21:59:43: [Name: PapetoLendo | STEAMID: 76561199194184972 | mat_hdr_level: 1.000000]: Kicked from server, bad cvar value. Min(1): 2.000000 Max(1): 2.000000
L 07/03/2025 - 22:18:07: [Name: Mr. Balls | STEAMID: 76561199812404210 | mat_hdr_level: 0.000000]: Kicked from server, bad cvar value. Min(1): 2.000000 Max(1): 2.000000
L 07/05/2025 - 15:01:30: [Name: ElPipita350 | STEAMID: 76561199088437274 | cl_max_shadow_renderable_dist: 0.000000]: Kicked from server, bad cvar value. Min(1): 3000.000000 Max(1): 3000.000000
L 07/05/2025 - 15:46:43: [Name: damn | STEAMID: 76561199832513303 | cl_survivor_light_enable: 0.000000]: Kicked from server, bad cvar value. Min(1): 1.000000 Max(1): 1.000000
L 07/05/2025 - 15:49:01: [Name: ♛☞Ｏｓｈｕｎ☜♛ | STEAMID: 76561199588692260 | mat_fullbright: 1.000000]: Kicked from server, bad cvar value. Min(1): 0.000000 Max(1): 0.000000
L 07/05/2025 - 19:29:08: [Name: Edav | STEAMID: 76561199178797246 | cl_survivor_light_enable: 0.000000]: Kicked from server, bad cvar value. Min(1): 1.000000 Max(1): 1.000000
L 07/05/2025 - 19:39:14: [Name: Niwismen | STEAMID: 76561199799791107 | mat_monitorgamma_tv_exp: 3.000000]: Kicked from server, bad cvar value. Min(0): 0.000000 Max(1): 2.500000
L 07/05/2025 - 19:40:51: [Name: Niwismen | STEAMID: 76561199799791107 | mat_monitorgamma_tv_exp: 3.000000]: Kicked from server, bad cvar value. Min(0): 0.000000 Max(1): 2.500000
L 07/05/2025 - 20:00:36: [Name: Borz | STEAMID: 76561199660386204 | mat_monitorgamma_tv_exp: 3.000000]: Kicked from server, bad cvar value. Min(0): 0.000000 Max(1): 2.500000
L 07/09/2025 - 21:01:09: [Name: LEFTERO ESQUIZOFRENICO | STEAMID: 76561199229221098 | mat_hdr_level: 0.000000]: Kicked from server, bad cvar value. Min(1): 2.000000 Max(1): 2.000000
L 07/09/2025 - 21:20:33: [Name: Capitán Perú | STEAMID: 76561199387452868 | mat_hdr_level: 0.000000]: Kicked from server, bad cvar value. Min(1): 2.000000 Max(1): 2.000000
L 07/09/2025 - 21:21:43: [Name: Capitán Perú | STEAMID: 76561199387452868 | mat_hdr_level: 0.000000]: Kicked from server, bad cvar value. Min(1): 2.000000 Max(1): 2.000000
L 07/11/2025 - 18:19:23: [Name: tu papi | STEAMID: 76561199862531818 | mat_hdr_level: 0.000000]: Kicked from server, bad cvar value. Min(1): 2.000000 Max(1): 2.000000
L 07/11/2025 - 19:14:00: [Name: aunvaselmarino | STEAMID: 76561199514783919 | mat_hdr_level: 0.000000]: Kicked from server, bad cvar value. Min(1): 2.000000 Max(1): 2.000000
L 07/11/2025 - 23:30:48: [Name: unomenosveinte | STEAMID: 76561199076023744 | r_flashlightfov: 70.000000]: Kicked from server, bad cvar value. Min(1): 53.000000 Max(1): 53.000000
L 07/11/2025 - 23:46:06: [Name: Matias_Candia | STEAMID: 76561199215796261 | r_flashlightfov: 100.000000]: Kicked from server, bad cvar value. Min(1): 53.000000 Max(1): 53.000000
L 07/11/2025 - 23:46:55: [Name: Matias_Candia | STEAMID: 76561199215796261 | r_flashlightmuzzleflash: 0.000000]: Kicked from server, bad cvar value. Min(1): 1.000000 Max(1): 1.000000
L 07/11/2025 - 23:48:01: [Name: Matias_Candia | STEAMID: 76561199215796261 | r_flashlightmuzzleflash: 0.000000]: Kicked from server, bad cvar value. Min(1): 1.000000 Max(1): 1.000000
L 07/12/2025 - 22:51:48: [Name: ...... | STEAMID: 76561199554133783 | mat_hdr_level: 0.000000]: Kicked from server, bad cvar value. Min(1): 2.000000 Max(1): 2.000000
L 07/12/2025 - 23:49:39: [Name: Raven | STEAMID: 76561198330674892 | cl_max_shadow_renderable_dist: 0.000000]: Kicked from server, bad cvar value. Min(1): 3000.000000 Max(1): 3000.000000
L 07/12/2025 - 23:57:58: [Name: Raven | STEAMID: 76561198330674892 | cl_max_shadow_renderable_dist: 0.000000]: Kicked from server, bad cvar value. Min(1): 3000.000000 Max(1): 3000.000000
L 07/13/2025 - 00:06:54: [Name: Raven | STEAMID: 76561198330674892 | cl_max_shadow_renderable_dist: 0.000000]: Kicked from server, bad cvar value. Min(1): 3000.000000 Max(1): 3000.000000
L 07/13/2025 - 00:17:19: [Name: Barco Basurero | STEAMID: 76561199342325427 | cl_survivor_light_enable: 0.000000]: Kicked from server, bad cvar value. Min(1): 1.000000 Max(1): 1.000000
L 07/13/2025 - 16:38:33: [Name: [Op]Leto | STEAMID: 76561199068066717 | r_flashlightmuzzleflash: 0.000000]: Kicked from server, bad cvar value. Min(1): 1.000000 Max(1): 1.000000
L 07/14/2025 - 21:53:32: [Name: [Op]Leto | STEAMID: 76561199068066717 | r_flashlightmuzzleflash: 0.000000]: Kicked from server, bad cvar value. Min(1): 1.000000 Max(1): 1.000000
L 07/14/2025 - 22:08:07: [Name: Brahu | STEAMID: 76561199179238605 | mat_fullbright: 1.000000]: Kicked from server, bad cvar value. Min(1): 0.000000 Max(1): 0.000000
L 07/14/2025 - 22:14:52: [Name: SEDAPAL | STEAMID: 76561199806276985 | mat_fullbright: 1.000000]: Kicked from server, bad cvar value. Min(1): 0.000000 Max(1): 0.000000
L 07/15/2025 - 21:43:36: [Name: Mapache_Galactico | STEAMID: 76561199831245095 | mat_fullbright: 1.000000]: Kicked from server, bad cvar value. Min(1): 0.000000 Max(1): 0.000000
L 07/15/2025 - 21:52:12: [Name: "w" | STEAMID: 76561199217441831 | mat_monitorgamma_tv_exp: 3.000000]: Kicked from server, bad cvar value. Min(0): 0.000000 Max(1): 2.500000
L 07/16/2025 - 20:50:06: [Name: RayyMcc | STEAMID: 76561198956999132 | mat_fullbright: 1.000000]: Kicked from server, bad cvar value. Min(1): 0.000000 Max(1): 0.000000
L 07/16/2025 - 20:53:01: [Name: Omxr29 | STEAMID: 76561199150074062 | cl_max_shadow_renderable_dist: 0.000000]: Kicked from server, bad cvar value. Min(1): 3000.000000 Max(1): 3000.000000
L 07/16/2025 - 20:53:52: [Name: H A K E N | STEAMID: 76561199571914161 | mat_fullbright: 1.000000]: Kicked from server, bad cvar value. Min(1): 0.000000 Max(1): 0.000000
L 07/16/2025 - 20:55:55: [Name: H A K E N | STEAMID: 76561199571914161 | mat_fullbright: 1.000000]: Kicked from server, bad cvar value. Min(1): 0.000000 Max(1): 0.000000
L 07/16/2025 - 21:08:30: [Name: [Op]Leto | STEAMID: 76561199068066717 | r_flashlightmuzzleflash: 0.000000]: Kicked from server, bad cvar value. Min(1): 1.000000 Max(1): 1.000000
L 07/16/2025 - 21:10:23: [Name: RayyMcc | STEAMID: 76561198956999132 | mat_fullbright: 1.000000]: Kicked from server, bad cvar value. Min(1): 0.000000 Max(1): 0.000000
L 07/16/2025 - 23:44:51: [Name: Raven | STEAMID: 76561198330674892 | cl_max_shadow_renderable_dist: 0.000000]: Kicked from server, bad cvar value. Min(1): 3000.000000 Max(1): 3000.000000
L 07/16/2025 - 23:52:49: [Name: Raven | STEAMID: 76561198330674892 | cl_max_shadow_renderable_dist: 0.000000]: Kicked from server, bad cvar value. Min(1): 3000.000000 Max(1): 3000.000000
L 07/17/2025 - 22:31:08: [Name: yhonadriano1587 | STEAMID: 76561199699736584 | cl_survivor_light_enable: 0.000000]: Kicked from server, bad cvar value. Min(1): 1.000000 Max(1): 1.000000
L 07/17/2025 - 23:03:16: [Name: Fex | STEAMID: 76561199735619432 | mat_disable_bloom: 1.000000]: Kicked from server, bad cvar value. Min(1): 0.000000 Max(1): 0.000000
L 07/17/2025 - 23:13:14: [Name: emilly | STEAMID: 76561199790889897 | mat_monitorgamma_tv_exp: 3.000000]: Kicked from server, bad cvar value. Min(0): 0.000000 Max(1): 2.500000
L 07/18/2025 - 22:17:39: [Name: Jarvi | STEAMID: 76561199336467903 | mat_monitorgamma_tv_exp: 3.000000]: Kicked from server, bad cvar value. Min(0): 0.000000 Max(1): 2.500000
L 07/18/2025 - 22:21:40: [Name: NEPHAL | STEAMID: 76561198888530123 | mat_fullbright: 1.000000]: Kicked from server, bad cvar value. Min(1): 0.000000 Max(1): 0.000000
L 07/18/2025 - 22:41:38: [Name: "Heinzel_org | STEAMID: 76561199177623483 | cl_survivor_light_enable: 0.000000]: Kicked from server, bad cvar value. Min(1): 1.000000 Max(1): 1.000000
L 07/20/2025 - 21:07:10: [Name: Kafka | STEAMID: 76561199626609640 | cl_max_shadow_renderable_dist: 0.000000]: Kicked from server, bad cvar value. Min(1): 3000.000000 Max(1): 3000.000000
L 07/20/2025 - 22:43:28: [Name: ERMD | STEAMID: 76561199827756659 | mat_fullbright: 1.000000]: Kicked from server, bad cvar value. Min(1): 0.000000 Max(1): 0.000000
L 07/20/2025 - 22:51:10: [Name: Kroono | STEAMID: 76561198146424374 | mat_fullbright: 1.000000]: Kicked from server, bad cvar value. Min(1): 0.000000 Max(1): 0.000000
L 07/22/2025 - 21:54:05: [Name: Oe | STEAMID: 76561198310710071 | mat_monitorgamma_tv_exp: 3.000000]: Kicked from server, bad cvar value. Min(0): 0.000000 Max(1): 2.500000
L 07/22/2025 - 22:54:28: [Name: BOMBARDIRO CROCODRILO | STEAMID: 76561199235001782 | fog_enable: 0.000000]: Kicked from server, bad cvar value. Min(1): 1.000000 Max(1): 1.000000
L 07/23/2025 - 20:05:52: [Name: Chavo Sigma | STEAMID: 76561199799073923 | mat_monitorgamma_tv_exp: 3.000000]: Kicked from server, bad cvar value. Min(0): 0.000000 Max(1): 2.500000
L 07/23/2025 - 20:20:40: [Name: H A D X V I | STEAMID: 76561199700945533 | cl_max_shadow_renderable_dist: 0.000000]: Kicked from server, bad cvar value. Min(1): 3000.000000 Max(1): 3000.000000
L 07/23/2025 - 20:22:01: [Name: ❌Murder | STEAMID: 76561199575497434 | mat_fullbright: 1.000000]: Kicked from server, bad cvar value. Min(1): 0.000000 Max(1): 0.000000
L 07/23/2025 - 20:34:40: [Name: elcrisxd12 | STEAMID: 76561199280312321 | mat_fullbright: 1.000000]: Kicked from server, bad cvar value. Min(1): 0.000000 Max(1): 0.000000
L 07/23/2025 - 21:13:18: [Name: diles que no me maten | STEAMID: 76561199561587628 | r_flashlightmuzzleflash: 0.000000]: Kicked from server, bad cvar value. Min(1): 1.000000 Max(1): 1.000000
L 07/24/2025 - 22:17:56: [Name: Mueble O´ Algo | STEAMID: 76561199160855984 | fog_enableskybox: 0.000000]: Kicked from server, bad cvar value. Min(1): 1.000000 Max(1): 1.000000
L 07/26/2025 - 01:00:07: [Name: percy | STEAMID: 76561199192921734 | mat_fullbright: 1.000000]: Kicked from server, bad cvar value. Min(1): 0.000000 Max(1): 0.000000
L 07/26/2025 - 01:13:13: [Name: SoyFabzz | STEAMID: 76561199443512563 | mat_fullbright: 1.000000]: Kicked from server, bad cvar value. Min(1): 0.000000 Max(1): 0.000000
L 07/26/2025 - 01:14:06: [Name: ZirSlac | STEAMID: 76561199553234977 | mat_fullbright: 1.000000]: Kicked from server, bad cvar value. Min(1): 0.000000 Max(1): 0.000000
L 07/26/2025 - 01:41:20: [Name: ZirSlac | STEAMID: 76561199553234977 | mat_fullbright: 1.000000]: Kicked from server, bad cvar value. Min(1): 0.000000 Max(1): 0.000000
L 07/27/2025 - 20:08:48: [Name: (JA)87 | STEAMID: 76561199465992756 | mat_dof_enabled: 0.000000]: Kicked from server, bad cvar value. Min(1): 1.000000 Max(1): 1.000000
L 08/01/2025 - 21:45:41: [Name: ็Nick | STEAMID: 76561199543745050 | r_flashlightmuzzleflash: 0.000000]: Kicked from server, bad cvar value. Min(1): 1.000000 Max(1): 1.000000
L 08/05/2025 - 22:03:01: [Name: EL_PIJA_LARGA | STEAMID: 76561199835366903 | mat_fullbright: 1.000000]: Kicked from server, bad cvar value. Min(1): 0.000000 Max(1): 0.000000
L 08/05/2025 - 22:09:56: [Name: EL TERROR DE LOS +51 | STEAMID: 76561199238694878 | mat_monitorgamma_tv_exp: 3.000000]: Kicked from server, bad cvar value. Min(0): 0.000000 Max(1): 2.500000
L 08/05/2025 - 22:10:49: [Name: NIGHTMARE | STEAMID: 76561199587206410 | mat_fullbright: 1.000000]: Kicked from server, bad cvar value. Min(1): 0.000000 Max(1): 0.000000
L 08/05/2025 - 22:10:59: [Name: EL TERROR DE LOS +51 | STEAMID: 76561199238694878 | mat_monitorgamma_tv_exp: 3.000000]: Kicked from server, bad cvar value. Min(0): 0.000000 Max(1): 2.500000
L 08/05/2025 - 22:25:50: [Name: ING. EN LLANTAS | STEAMID: 76561199098700323 | mat_fullbright: 1.000000]: Kicked from server, bad cvar value. Min(1): 0.000000 Max(1): 0.000000
L 08/05/2025 - 22:40:55: [Name: Lio | STEAMID: 76561199177683317 | cl_max_shadow_renderable_dist: 0.000000]: Kicked from server, bad cvar value. Min(1): 3000.000000 Max(1): 3000.000000
L 08/05/2025 - 22:48:07: [Name: PrOfAn | STEAMID: 76561199273365746 | cl_survivor_light_enable: 0.000000]: Kicked from server, bad cvar value. Min(1): 1.000000 Max(1): 1.000000
L 08/05/2025 - 22:50:37: [Name: PrOfAn | STEAMID: 76561199273365746 | cl_survivor_light_enable: 0.000000]: Kicked from server, bad cvar value. Min(1): 1.000000 Max(1): 1.000000
L 08/06/2025 - 17:27:26: [Name: 26is csmre | STEAMID: 76561199797896020 | mat_fullbright: 1.000000]: Kicked from server, bad cvar value. Min(1): 0.000000 Max(1): 0.000000
L 08/06/2025 - 18:04:52: [Name: ︻芫 ——— - - ℛ - | STEAMID: 76561198360011804 | mat_fullbright: 1.000000]: Kicked from server, bad cvar value. Min(1): 0.000000 Max(1): 0.000000
L 08/06/2025 - 18:14:19: [Name: TF0X | STEAMID: 76561199121975876 | mat_fullbright: 1.000000]: Kicked from server, bad cvar value. Min(1): 0.000000 Max(1): 0.000000
L 08/06/2025 - 19:49:01: [Name: rondero | STEAMID: 76561199731854195 | r_flashlightfov: 70.000000]: Kicked from server, bad cvar value. Min(1): 53.000000 Max(1): 53.000000
L 08/06/2025 - 19:49:54: [Name: rondero | STEAMID: 76561199731854195 | r_flashlightfov: 70.000000]: Kicked from server, bad cvar value. Min(1): 53.000000 Max(1): 53.000000
L 08/06/2025 - 19:56:09: [Name: H A K E N | STEAMID: 76561199571914161 | mat_hdr_level: 0.000000]: Kicked from server, bad cvar value. Min(1): 2.000000 Max(1): 2.000000
L 08/06/2025 - 20:20:38: [Name: Kafka | STEAMID: 76561199626609640 | cl_max_shadow_renderable_dist: 0.000000]: Kicked from server, bad cvar value. Min(1): 3000.000000 Max(1): 3000.000000
L 08/06/2025 - 23:29:37: [Name: jerau0919 | STEAMID: 76561199417044099 | mat_monitorgamma_tv_exp: 3.000000]: Kicked from server, bad cvar value. Min(0): 0.000000 Max(1): 2.500000
L 08/06/2025 - 23:38:14: [Name: PrOfAn | STEAMID: 76561199273365746 | cl_survivor_light_enable: 0.000000]: Kicked from server, bad cvar value. Min(1): 1.000000 Max(1): 1.000000
L 08/07/2025 - 13:46:05: [Name: ben | STEAMID: 76561199239609869 | mat_hdr_level: 0.000000]: Kicked from server, bad cvar value. Min(1): 2.000000 Max(1): 2.000000
L 08/07/2025 - 14:20:44: [Name: ImLucas23 | STEAMID: 76561198380996843 | mat_monitorgamma_tv_exp: 3.000000]: Kicked from server, bad cvar value. Min(0): 0.000000 Max(1): 2.500000
L 08/07/2025 - 15:42:37: [Name: Lio | STEAMID: 76561199177683317 | cl_max_shadow_renderable_dist: 0.000000]: Kicked from server, bad cvar value. Min(1): 3000.000000 Max(1): 3000.000000
L 08/07/2025 - 22:56:11: [Name: Ernesto | STEAMID: 76561199434781231 | mat_fullbright: 1.000000]: Kicked from server, bad cvar value. Min(1): 0.000000 Max(1): 0.000000
L 08/09/2025 - 20:19:08: [Name: [Op]Leto | STEAMID: 76561199068066717 | r_flashlightmuzzleflash: 0.000000]: Kicked from server, bad cvar value. Min(1): 1.000000 Max(1): 1.000000
L 08/09/2025 - 20:33:24: [Name: TRASTORNADO27 | STEAMID: 76561199548785516 | cl_survivor_light_enable: 0.000000]: Kicked from server, bad cvar value. Min(1): 1.000000 Max(1): 1.000000
L 08/09/2025 - 21:49:55: [Name: El sida | STEAMID: 76561199524348509 | mat_fullbright: 1.000000]: Kicked from server, bad cvar value. Min(1): 0.000000 Max(1): 0.000000
L 08/10/2025 - 21:43:45: [Name: Maestro de la paja | STEAMID: 76561199472390827 | cl_survivor_light_enable: 0.000000]: Kicked from server, bad cvar value. Min(1): 1.000000 Max(1): 1.000000
L 08/15/2025 - 22:41:12: [Name: Mapaxe | STEAMID: 76561199169106339 | mat_monitorgamma_tv_exp: 3.000000]: Kicked from server, bad cvar value. Min(0): 0.000000 Max(1): 2.500000
L 08/16/2025 - 13:54:31: [Name: josealisivila92 | STEAMID: 76561199655053995 | mat_fullbright: 1.000000]: Kicked from server, bad cvar value. Min(1): 0.000000 Max(1): 0.000000
L 08/16/2025 - 14:08:29: [Name: RayyMcc | STEAMID: 76561198956999132 | mat_fullbright: 1.000000]: Kicked from server, bad cvar value. Min(1): 0.000000 Max(1): 0.000000
L 08/16/2025 - 19:35:11: [Name: Cachawitchs3000 | STEAMID: 76561199223591139 | mat_monitorgamma_tv_exp: 3.000000]: Kicked from server, bad cvar value. Min(0): 0.000000 Max(1): 2.500000
L 08/16/2025 - 20:16:46: [Name: Eric_Crespo82 | STEAMID: 76561199825695553 | mat_fullbright: 1.000000]: Kicked from server, bad cvar value. Min(1): 0.000000 Max(1): 0.000000
L 08/16/2025 - 20:28:48: [Name: 爪ㄖ几ㄒ丨 | STEAMID: 76561198811483468 | mat_fullbright: 1.000000]: Kicked from server, bad cvar value. Min(1): 0.000000 Max(1): 0.000000
L 08/16/2025 - 22:14:30: [Name: electro | STEAMID: 76561199554401641 | mat_hdr_level: 0.000000]: Kicked from server, bad cvar value. Min(1): 2.000000 Max(1): 2.000000
L 08/20/2025 - 19:46:26: [Name: MatiiGuii | STEAMID: 76561198828479420 | mat_fullbright: 1.000000]: Kicked from server, bad cvar value. Min(1): 0.000000 Max(1): 0.000000
L 08/22/2025 - 00:23:32: [Name: NIGHTMARE | STEAMID: 76561199587206410 | mat_fullbright: 1.000000]: Kicked from server, bad cvar value. Min(1): 0.000000 Max(1): 0.000000
L 08/22/2025 - 00:24:53: [Name: elphy kolargo | STEAMID: 76561199074935025 | r_flashlightmuzzleflash: 0.000000]: Kicked from server, bad cvar value. Min(1): 1.000000 Max(1): 1.000000
L 08/23/2025 - 00:10:00: [Name: Moize | STEAMID: STEAM_ID_STOP_IGNORING_RETVALS | cl_survivor_light_enable: 0.000000]: Kicked from server, bad cvar value. Min(1): 1.000000 Max(1): 1.000000
L 08/27/2025 - 22:11:26: [Name: BOMBARDIRO CROCODRILO | STEAMID: 76561199235001782 | fog_enable: 0.000000]: Kicked from server, bad cvar value. Min(1): 1.000000 Max(1): 1.000000
L 08/27/2025 - 22:50:40: [Name: HK I Snow メ🥀 | STEAMID: 76561199467860187 | cl_survivor_light_enable: 0.000000]: Kicked from server, bad cvar value. Min(1): 1.000000 Max(1): 1.000000
L 08/28/2025 - 22:44:05: [Name: Papitas | STEAMID: 76561199524348509 | mat_fullbright: 1.000000]: Kicked from server, bad cvar value. Min(1): 0.000000 Max(1): 0.000000
L 08/28/2025 - 22:51:58: [Name: REYPLANTA4178 | STEAMID: 76561199793316169 | mat_monitorgamma_tv_exp: 3.000000]: Kicked from server, bad cvar value. Min(0): 0.000000 Max(1): 2.500000
L 08/31/2025 - 14:24:05: [Name: RayyMcc | STEAMID: 76561198956999132 | mat_fullbright: 1.000000]: Kicked from server, bad cvar value. Min(1): 0.000000 Max(1): 0.000000
L 08/31/2025 - 14:31:21: [Name: MarcaSSJ🦇 | STEAMID: 76561198856519411 | cl_survivor_light_enable: 0.000000]: Kicked from server, bad cvar value. Min(1): 1.000000 Max(1): 1.000000
L 08/31/2025 - 14:49:00: [Name: JC ROMA | STEAMID: 76561199811866358 | mat_fullbright: 1.000000]: Kicked from server, bad cvar value. Min(1): 0.000000 Max(1): 0.000000
L 08/31/2025 - 14:49:32: [Name: MarcaSSJ🦇 | STEAMID: 76561198856519411 | cl_survivor_light_enable: 0.000000]: Kicked from server, bad cvar value. Min(1): 1.000000 Max(1): 1.000000
L 09/11/2025 - 21:45:58: [Name: RayyMcc | STEAMID: 76561198956999132 | mat_fullbright: 1.000000]: Kicked from server, bad cvar value. Min(1): 0.000000 Max(1): 0.000000
L 09/11/2025 - 21:57:24: [Name: Jose_God | STEAMID: 76561199813477576 | mat_monitorgamma_tv_exp: 3.000000]: Kicked from server, bad cvar value. Min(0): 0.000000 Max(1): 2.500000
L 09/11/2025 - 22:13:36: [Name: RayyMcc | STEAMID: 76561198956999132 | mat_fullbright: 1.000000]: Kicked from server, bad cvar value. Min(1): 0.000000 Max(1): 0.000000
L 09/12/2025 - 18:46:27: [Name: Germán | STEAMID: 76561199573698896 | mat_monitorgamma_tv_exp: 3.000000]: Kicked from server, bad cvar value. Min(0): 0.000000 Max(1): 2.500000
L 09/12/2025 - 18:47:27: [Name: Franco23 | STEAMID: 76561199590467263 | mat_monitorgamma_tv_exp: 3.000000]: Kicked from server, bad cvar value. Min(0): 0.000000 Max(1): 2.500000
L 09/12/2025 - 19:50:54: [Name: JOTA | STEAMID: 76561199802681109 | mat_fullbright: 1.000000]: Kicked from server, bad cvar value. Min(1): 0.000000 Max(1): 0.000000
L 09/12/2025 - 20:12:45: [Name: fan del tlacuache | STEAMID: 76561199348216156 | cl_survivor_light_enable: 0.000000]: Kicked from server, bad cvar value. Min(1): 1.000000 Max(1): 1.000000
L 09/18/2025 - 23:35:46: [Name: ernesto | STEAMID: 76561199434781231 | mat_fullbright: 1.000000]: Kicked from server, bad cvar value. Min(1): 0.000000 Max(1): 0.000000
L 09/19/2025 - 13:39:15: [Name: MarcaSSJ🦇 | STEAMID: 76561198856519411 | cl_survivor_light_enable: 0.000000]: Kicked from server, bad cvar value. Min(1): 1.000000 Max(1): 1.000000
L 09/19/2025 - 14:20:46: [Name: SOTARDO | STEAMID: 76561199484514876 | cl_max_shadow_renderable_dist: 0.000000]: Kicked from server, bad cvar value. Min(1): 3000.000000 Max(1): 3000.000000
L 09/19/2025 - 14:22:51: [Name: gato sexo | STEAMID: 76561199861881084 | mat_fullbright: 1.000000]: Kicked from server, bad cvar value. Min(1): 0.000000 Max(1): 0.000000
L 09/19/2025 - 23:31:49: [Name: Dinosaurio Magico | STEAMID: 76561199069637627 | r_flashlightfov: 80.000000]: Kicked from server, bad cvar value. Min(1): 53.000000 Max(1): 53.000000
L 09/19/2025 - 23:44:25: [Name: Maestro de la paja | STEAMID: 76561199472390827 | cl_survivor_light_enable: 0.000000]: Kicked from server, bad cvar value. Min(1): 1.000000 Max(1): 1.000000
L 09/19/2025 - 23:48:10: [Name: MateonSSJ | STEAMID: 76561199850249423 | mat_monitorgamma_tv_exp: 3.000000]: Kicked from server, bad cvar value. Min(0): 0.000000 Max(1): 2.500000
L 09/20/2025 - 00:08:11: [Name: tiagoat' | STEAMID: 76561199239988669 | mat_monitorgamma_tv_exp: 3.000000]: Kicked from server, bad cvar value. Min(0): 0.000000 Max(1): 2.500000
L 09/20/2025 - 20:49:26: [Name: achex147 | STEAMID: 76561199783918329 | mat_fullbright: 1.000000]: Kicked from server, bad cvar value. Min(1): 0.000000 Max(1): 0.000000
L 09/21/2025 - 00:06:28: [Name: Six | STEAMID: 76561199103485048 | mat_fullbright: 1.000000]: Kicked from server, bad cvar value. Min(1): 0.000000 Max(1): 0.000000
L 09/21/2025 - 00:10:26: [Name: Six | STEAMID: 76561199103485048 | mat_fullbright: 1.000000]: Kicked from server, bad cvar value. Min(1): 0.000000 Max(1): 0.000000
L 09/21/2025 - 00:15:07: [Name: Six | STEAMID: 76561199103485048 | mat_fullbright: 1.000000]: Kicked from server, bad cvar value. Min(1): 0.000000 Max(1): 0.000000
L 09/21/2025 - 14:17:16: [Name: papaya | STEAMID: 76561199013940773 | mat_monitorgamma_tv_exp: 3.000000]: Kicked from server, bad cvar value. Min(0): 0.000000 Max(1): 2.500000
L 09/21/2025 - 15:19:56: [Name: Shado1. | STEAMID: 76561199103447728 | mat_fullbright: 1.000000]: Kicked from server, bad cvar value. Min(1): 0.000000 Max(1): 0.000000
L 09/21/2025 - 15:41:37: [Name: 爪ㄖ几ㄒ丨 | STEAMID: 76561198811483468 | mat_fullbright: 1.000000]: Kicked from server, bad cvar value. Min(1): 0.000000 Max(1): 0.000000
L 09/24/2025 - 15:16:04: [Name: CMD | STEAMID: 76561198306326851 | cl_max_shadow_renderable_dist: 0.000000]: Kicked from server, bad cvar value. Min(1): 3000.000000 Max(1): 3000.000000
L 09/24/2025 - 15:46:24: [Name: Cuddy | STEAMID: 76561199049759345 | cl_max_shadow_renderable_dist: 0.000000]: Kicked from server, bad cvar value. Min(1): 3000.000000 Max(1): 3000.000000
L 09/24/2025 - 16:07:03: [Name: Guasón | STEAMID: 76561199226429469 | fog_enable: 0.000000]: Kicked from server, bad cvar value. Min(1): 1.000000 Max(1): 1.000000
L 09/27/2025 - 16:30:37: [Name: Nigler | STEAMID: 76561199073741928 | mat_monitorgamma_tv_exp: 3.000000]: Kicked from server, bad cvar value. Min(0): 0.000000 Max(1): 2.500000
L 09/27/2025 - 16:31:21: [Name: 爪ㄖ几ㄒ丨 | STEAMID: 76561198811483468 | mat_fullbright: 1.000000]: Kicked from server, bad cvar value. Min(1): 0.000000 Max(1): 0.000000
L 09/27/2025 - 16:40:23: [Name: Nigler | STEAMID: 76561199073741928 | mat_monitorgamma_tv_exp: 3.000000]: Kicked from server, bad cvar value. Min(0): 0.000000 Max(1): 2.500000
L 09/27/2025 - 16:43:43: [Name: Nigler | STEAMID: 76561199073741928 | mat_monitorgamma_tv_exp: 3.000000]: Kicked from server, bad cvar value. Min(0): 0.000000 Max(1): 2.500000
L 09/27/2025 - 16:47:02: [Name: Nigler | STEAMID: 76561199073741928 | mat_monitorgamma_tv_exp: 3.000000]: Kicked from server, bad cvar value. Min(0): 0.000000 Max(1): 2.500000
L 09/27/2025 - 16:56:20: [Name: KUSE | STEAMID: 76561199376189558 | mat_monitorgamma_tv_exp: 3.000000]: Kicked from server, bad cvar value. Min(0): 0.000000 Max(1): 2.500000
L 09/27/2025 - 17:07:42: [Name: Ulose  FRANCO | STEAMID: STEAM_ID_STOP_IGNORING_RETVALS | mat_monitorgamma_tv_exp: 3.000000]: Kicked from server, bad cvar value. Min(0): 0.000000 Max(1): 2.500000
L 09/27/2025 - 17:07:46: [Name: SCP-096 | STEAMID: 76561199379095230 | r_flashlightfov: 100.000000]: Kicked from server, bad cvar value. Min(1): 53.000000 Max(1): 53.000000
L 09/27/2025 - 17:09:03: [Name: Ulose  FRANCO | STEAMID: 76561199807311065 | mat_monitorgamma_tv_exp: 3.000000]: Kicked from server, bad cvar value. Min(0): 0.000000 Max(1): 2.500000
L 09/27/2025 - 17:12:10: [Name: Ulose  FRANCO | STEAMID: 76561199807311065 | mat_monitorgamma_tv_exp: 3.000000]: Kicked from server, bad cvar value. Min(0): 0.000000 Max(1): 2.500000
L 09/27/2025 - 17:44:01: [Name: DE UN VERGASO | STEAMID: 76561198872666256 | mat_fullbright: 1.000000]: Kicked from server, bad cvar value. Min(1): 0.000000 Max(1): 0.000000
L 09/27/2025 - 17:58:22: [Name: Nicolas:v | STEAMID: 76561199705630205 | mat_fullbright: 1.000000]: Kicked from server, bad cvar value. Min(1): 0.000000 Max(1): 0.000000
L 09/27/2025 - 18:24:29: [Name: Salchipapa17 | STEAMID: 76561199200644539 | mat_fullbright: 1.000000]: Kicked from server, bad cvar value. Min(1): 0.000000 Max(1): 0.000000
L 09/27/2025 - 23:17:54: [Name: Maestro de la paja | STEAMID: 76561199472390827 | cl_survivor_light_enable: 0.000000]: Kicked from server, bad cvar value. Min(1): 1.000000 Max(1): 1.000000
L 09/28/2025 - 16:36:39: [Name: Braandox | STEAMID: 76561198145915001 | cl_max_shadow_renderable_dist: 0.000000]: Kicked from server, bad cvar value. Min(1): 3000.000000 Max(1): 3000.000000
L 10/04/2025 - 15:19:29: [Name: tiagoat' | STEAMID: 76561199239988669 | mat_monitorgamma_tv_exp: 3.000000]: Kicked from server, bad cvar value. Min(0): 0.000000 Max(1): 2.500000
L 10/04/2025 - 15:36:05: [Name: RayyMcc | STEAMID: 76561198956999132 | mat_fullbright: 1.000000]: Kicked from server, bad cvar value. Min(1): 0.000000 Max(1): 0.000000
L 10/04/2025 - 16:07:27: [Name: tiagoat' | STEAMID: 76561199239988669 | mat_monitorgamma_tv_exp: 3.000000]: Kicked from server, bad cvar value. Min(0): 0.000000 Max(1): 2.500000
L 10/04/2025 - 23:02:35: [Name: Laynox | STEAMID: 76561199225876406 | cl_survivor_light_enable: 0.000000]: Kicked from server, bad cvar value. Min(1): 1.000000 Max(1): 1.000000
L 10/04/2025 - 23:30:50: [Name: NIGHTMARE | STEAMID: 76561199587206410 | mat_fullbright: 1.000000]: Kicked from server, bad cvar value. Min(1): 0.000000 Max(1): 0.000000
L 10/04/2025 - 23:34:38: [Name: Laynox | STEAMID: 76561199225876406 | cl_survivor_light_enable: 0.000000]: Kicked from server, bad cvar value. Min(1): 1.000000 Max(1): 1.000000
L 10/05/2025 - 00:18:40: [Name: UNCP | STEAMID: 76561199292538476 | r_flashlightfov: 70.000000]: Kicked from server, bad cvar value. Min(1): 53.000000 Max(1): 53.000000
L 10/05/2025 - 00:37:20: [Name: ultra - T | STEAMID: 76561199855941467 | mat_monitorgamma_tv_exp: 3.000000]: Kicked from server, bad cvar value. Min(0): 0.000000 Max(1): 2.500000
L 10/05/2025 - 13:33:59: [Name: tiagoat' | STEAMID: 76561199239988669 | mat_monitorgamma_tv_exp: 3.000000]: Kicked from server, bad cvar value. Min(0): 0.000000 Max(1): 2.500000
L 10/05/2025 - 13:51:17: [Name: JontraVolta | STEAMID: 76561199728522290 | mat_monitorgamma_tv_exp: 3.000000]: Kicked from server, bad cvar value. Min(0): 0.000000 Max(1): 2.500000
L 10/05/2025 - 14:10:02: [Name: WAwita de 31 años | STEAMID: STEAM_ID_STOP_IGNORING_RETVALS | mat_fullbright: 1.000000]: Kicked from server, bad cvar value. Min(1): 0.000000 Max(1): 0.000000
L 10/05/2025 - 14:33:29: [Name: ARES53 | STEAMID: 76561198783437297 | mat_fullbright: 1.000000]: Kicked from server, bad cvar value. Min(1): 0.000000 Max(1): 0.000000
L 10/06/2025 - 23:02:10: [Name: NIGHTMARE | STEAMID: STEAM_ID_STOP_IGNORING_RETVALS | mat_fullbright: 1.000000]: Kicked from server, bad cvar value. Min(1): 0.000000 Max(1): 0.000000
L 10/06/2025 - 23:05:47: [Name: NIGHTMARE | STEAMID: STEAM_ID_STOP_IGNORING_RETVALS | mat_fullbright: 1.000000]: Kicked from server, bad cvar value. Min(1): 0.000000 Max(1): 0.000000
L 10/08/2025 - 23:04:58: [Name: miku ctm | STEAMID: 76561199595921742 | mat_monitorgamma_tv_exp: 3.000000]: Kicked from server, bad cvar value. Min(0): 0.000000 Max(1): 2.500000
L 10/09/2025 - 23:38:46: [Name: mateo | STEAMID: 76561198431119933 | mat_disable_bloom: 1.000000]: Kicked from server, bad cvar value. Min(1): 0.000000 Max(1): 0.000000
L 10/09/2025 - 23:42:14: [Name: Cachawitchs3000 | STEAMID: 76561199223591139 | mat_monitorgamma_tv_exp: 3.000000]: Kicked from server, bad cvar value. Min(0): 0.000000 Max(1): 2.500000
L 10/10/2025 - 00:39:28: [Name: Oe | STEAMID: 76561198310710071 | mat_monitorgamma_tv_exp: 3.000000]: Kicked from server, bad cvar value. Min(0): 0.000000 Max(1): 2.500000
L 10/10/2025 - 00:43:55: [Name: Franck Slost | STEAMID: 76561199041053572 | fog_enableskybox: 0.000000]: Kicked from server, bad cvar value. Min(1): 1.000000 Max(1): 1.000000
L 10/10/2025 - 00:54:45: [Name: Oe | STEAMID: 76561198310710071 | mat_monitorgamma_tv_exp: 3.000000]: Kicked from server, bad cvar value. Min(0): 0.000000 Max(1): 2.500000
L 10/10/2025 - 01:01:37: [Name: Snyxz〤• | STEAMID: 76561199104031329 | r_flashlightfov: 70.000000]: Kicked from server, bad cvar value. Min(1): 53.000000 Max(1): 53.000000
L 10/10/2025 - 22:20:01: [Name: Mouse Verbatim | STEAMID: 76561199342325427 | cl_survivor_light_enable: 0.000000]: Kicked from server, bad cvar value. Min(1): 1.000000 Max(1): 1.000000
L 10/14/2025 - 00:12:09: [Name: jossymar60 | STEAMID: 76561199531816951 | mat_monitorgamma_tv_exp: 3.000000]: Kicked from server, bad cvar value. Min(0): 0.000000 Max(1): 2.500000
L 10/16/2025 - 22:52:54: [Name: Trafalgar | STEAMID: 76561199224451016 | mat_hdr_level: 0.000000]: Kicked from server, bad cvar value. Min(1): 2.000000 Max(1): 2.000000
L 10/18/2025 - 23:31:42: [Name: .,- | STEAMID: 76561199535611368 | fog_enable: 0.000000]: Kicked from server, bad cvar value. Min(1): 1.000000 Max(1): 1.000000
L 10/18/2025 - 23:32:58: [Name: ª | STEAMID: 76561199798993230 | cl_max_shadow_renderable_dist: 0.000000]: Kicked from server, bad cvar value. Min(1): 3000.000000 Max(1): 3000.000000
L 10/18/2025 - 23:40:14: [Name: -Slick- | STEAMID: 76561198935706216 | mat_fullbright: 1.000000]: Kicked from server, bad cvar value. Min(1): 0.000000 Max(1): 0.000000
L 10/19/2025 - 15:23:43: [Name: BlackPumpKing | STEAMID: 76561199166327670 | mat_hdr_level: 0.000000]: Kicked from server, bad cvar value. Min(1): 2.000000 Max(1): 2.000000
L 10/25/2025 - 17:06:35: [Name: ㄒҜ尺_卩尺ㄖㄖ千 | STEAMID: 76561199816536652 | mat_fullbright: 1.000000]: Kicked from server, bad cvar value. Min(1): 0.000000 Max(1): 0.000000
L 10/25/2025 - 17:38:42: [Name: Samuel_Hayden | STEAMID: 76561199121354570 | mat_monitorgamma_tv_exp: 3.000000]: Kicked from server, bad cvar value. Min(0): 0.000000 Max(1): 2.500000
L 10/25/2025 - 17:43:32: [Name: SqualidD26 | STEAMID: 76561199784509818 | mat_fullbright: 1.000000]: Kicked from server, bad cvar value. Min(1): 0.000000 Max(1): 0.000000
L 10/25/2025 - 17:44:38: [Name: SqualidD26 | STEAMID: 76561199784509818 | mat_fullbright: 1.000000]: Kicked from server, bad cvar value. Min(1): 0.000000 Max(1): 0.000000
L 10/25/2025 - 17:55:00: [Name: ♛ᴍɪꜱᴇʀɪᴄᴏʀᴅɪ | STEAMID: 76561199588692260 | mat_fullbright: 1.000000]: Kicked from server, bad cvar value. Min(1): 0.000000 Max(1): 0.000000
L 10/25/2025 - 18:02:51: [Name: licenciado SEXO | STEAMID: 76561198879881465 | cl_survivor_light_enable: 0.000000]: Kicked from server, bad cvar value. Min(1): 1.000000 Max(1): 1.000000
L 10/25/2025 - 18:59:24: [Name: SILVERLINX | STEAMID: 76561199416124250 | mat_fullbright: 1.000000]: Kicked from server, bad cvar value. Min(1): 0.000000 Max(1): 0.000000
L 10/30/2025 - 22:14:19: [Name: Valti | STEAMID: 76561199842022056 | cl_max_shadow_renderable_dist: 0.000000]: Kicked from server, bad cvar value. Min(1): 3000.000000 Max(1): 3000.000000
L 10/30/2025 - 22:15:34: [Name: Valti | STEAMID: 76561199842022056 | cl_max_shadow_renderable_dist: 0.000000]: Kicked from server, bad cvar value. Min(1): 3000.000000 Max(1): 3000.000000
L 10/30/2025 - 22:15:39: [Name: fenix | STEAMID: 76561198780469338 | mat_fullbright: 1.000000]: Kicked from server, bad cvar value. Min(1): 0.000000 Max(1): 0.000000
L 10/30/2025 - 22:44:44: [Name: Valti | STEAMID: 76561199842022056 | cl_max_shadow_renderable_dist: 0.000000]: Kicked from server, bad cvar value. Min(1): 3000.000000 Max(1): 3000.000000
L 10/31/2025 - 20:35:48: [Name: 907 570 118 cacha rico | STEAMID: 76561199575319801 | mat_fullbright: 1.000000]: Kicked from server, bad cvar value. Min(1): 0.000000 Max(1): 0.000000
L 10/31/2025 - 20:51:22: [Name: YameruCOA | STEAMID: 76561199587187326 | mat_monitorgamma_tv_exp: 3.000000]: Kicked from server, bad cvar value. Min(0): 0.000000 Max(1): 2.500000
L 11/03/2025 - 16:31:00: [Name: Bryan :3 | STEAMID: 76561199232317183 | mat_fullbright: 1.000000]: Kicked from server, bad cvar value. Min(1): 0.000000 Max(1): 0.000000
L 11/03/2025 - 16:31:54: [Name: Bryan :3 | STEAMID: 76561199232317183 | mat_fullbright: 1.000000]: Kicked from server, bad cvar value. Min(1): 0.000000 Max(1): 0.000000
L 11/03/2025 - 17:08:13: [Name: ᴵᵗˢ࿐ᴀaຮhi | STEAMID: 76561199872778252 | mat_monitorgamma_tv_exp: 3.000000]: Kicked from server, bad cvar value. Min(0): 0.000000 Max(1): 2.500000
L 11/03/2025 - 17:10:37: [Name: zeus | STEAMID: 76561199479920412 | cl_survivor_light_enable: 0.000000]: Kicked from server, bad cvar value. Min(1): 1.000000 Max(1): 1.000000
L 11/03/2025 - 17:14:03: [Name: mauri | STEAMID: 76561199054129253 | mat_fullbright: 1.000000]: Kicked from server, bad cvar value. Min(1): 0.000000 Max(1): 0.000000
L 11/03/2025 - 17:14:05: [Name: Memories | STEAMID: 76561199500750452 | mat_disable_bloom: 1.000000]: Kicked from server, bad cvar value. Min(1): 0.000000 Max(1): 0.000000
L 11/03/2025 - 17:47:55: [Name: jaroljosefandradegutierrez | STEAMID: 76561199070799881 | mat_fullbright: 1.000000]: Kicked from server, bad cvar value. Min(1): 0.000000 Max(1): 0.000000
L 11/04/2025 - 00:37:21: [Name: SOLDADOR DE MADERA | STEAMID: 76561199093923748 | cl_max_shadow_renderable_dist: 0.000000]: Kicked from server, bad cvar value. Min(1): 3000.000000 Max(1): 3000.000000
L 11/07/2025 - 14:56:21: [Name: zeus | STEAMID: 76561199479920412 | cl_survivor_light_enable: 0.000000]: Kicked from server, bad cvar value. Min(1): 1.000000 Max(1): 1.000000
L 11/07/2025 - 18:50:24: [Name: Mr. Balls | STEAMID: 76561199812404210 | mat_fullbright: 1.000000]: Kicked from server, bad cvar value. Min(1): 0.000000 Max(1): 0.000000
L 11/09/2025 - 15:32:59: [Name: MATATE GALLARDO | STEAMID: 76561199244262912 | mat_fullbright: 1.000000]: Kicked from server, bad cvar value. Min(1): 0.000000 Max(1): 0.000000
L 11/09/2025 - 15:33:54: [Name: MATATE GALLARDO | STEAMID: 76561199244262912 | mat_fullbright: 1.000000]: Kicked from server, bad cvar value. Min(1): 0.000000 Max(1): 0.000000
L 11/09/2025 - 15:34:57: [Name: ☆Jack☆ | STEAMID: 76561199010887083 | mat_monitorgamma_tv_exp: 3.000000]: Kicked from server, bad cvar value. Min(0): 0.000000 Max(1): 2.500000
L 11/09/2025 - 15:35:20: [Name: pervy | STEAMID: 76561199226054574 | cl_survivor_light_enable: 0.000000]: Kicked from server, bad cvar value. Min(1): 1.000000 Max(1): 1.000000
L 11/09/2025 - 15:39:09: [Name: The World | STEAMID: 76561199448832503 | mat_monitorgamma_tv_exp: 3.000000]: Kicked from server, bad cvar value. Min(0): 0.000000 Max(1): 2.500000
L 11/09/2025 - 15:41:57: [Name: Wonder_Rze | STEAMID: 76561199129355684 | cl_survivor_light_enable: 0.000000]: Kicked from server, bad cvar value. Min(1): 1.000000 Max(1): 1.000000
L 11/09/2025 - 15:43:15: [Name: Wonder_Rze | STEAMID: 76561199129355684 | cl_survivor_light_enable: 0.000000]: Kicked from server, bad cvar value. Min(1): 1.000000 Max(1): 1.000000
L 11/09/2025 - 15:43:18: [Name: TGDEMON | STEAMID: 76561199252141157 | mat_fullbright: 1.000000]: Kicked from server, bad cvar value. Min(1): 0.000000 Max(1): 0.000000
L 11/09/2025 - 15:44:03: [Name: TGDEMON | STEAMID: 76561199252141157 | mat_fullbright: 1.000000]: Kicked from server, bad cvar value. Min(1): 0.000000 Max(1): 0.000000
L 11/09/2025 - 15:46:14: [Name: TGDEMON | STEAMID: 76561199252141157 | mat_fullbright: 1.000000]: Kicked from server, bad cvar value. Min(1): 0.000000 Max(1): 0.000000
L 11/09/2025 - 15:49:50: [Name: Wonder_Rze | STEAMID: 76561199129355684 | cl_survivor_light_enable: 0.000000]: Kicked from server, bad cvar value. Min(1): 1.000000 Max(1): 1.000000
L 11/09/2025 - 15:54:55: [Name: Wonder_Rze | STEAMID: 76561199129355684 | cl_survivor_light_enable: 0.000000]: Kicked from server, bad cvar value. Min(1): 1.000000 Max(1): 1.000000
L 11/09/2025 - 16:20:50: [Name: Wonder_Rze | STEAMID: 76561199129355684 | cl_survivor_light_enable: 0.000000]: Kicked from server, bad cvar value. Min(1): 1.000000 Max(1): 1.000000
L 11/13/2025 - 17:08:18: [Name: Fernando Belaunde Terry | STEAMID: 76561199525513811 | mat_fullbright: 1.000000]: Kicked from server, bad cvar value. Min(1): 0.000000 Max(1): 0.000000
L 11/13/2025 - 23:20:41: [Name: Papa rellena | STEAMID: 76561199548226064 | mat_fullbright: 1.000000]: Kicked from server, bad cvar value. Min(1): 0.000000 Max(1): 0.000000
L 11/13/2025 - 23:41:00: [Name: CORRE PERRA , CORRE ! | STEAMID: 76561199480149860 | cl_survivor_light_enable: 0.000000]: Kicked from server, bad cvar value. Min(1): 1.000000 Max(1): 1.000000
L 11/13/2025 - 23:42:11: [Name: CORRE PERRA , CORRE ! | STEAMID: 76561199480149860 | cl_survivor_light_enable: 0.000000]: Kicked from server, bad cvar value. Min(1): 1.000000 Max(1): 1.000000
L 11/14/2025 - 16:08:25: [Name: mxim125 | STEAMID: 76561199788188463 | mat_monitorgamma_tv_exp: 3.000000]: Kicked from server, bad cvar value. Min(0): 0.000000 Max(1): 2.500000
L 11/17/2025 - 15:26:28: [Name: .✞【ＴＯＸＩＣＯ LI | STEAMID: 76561199528770490 | mat_monitorgamma_tv_exp: 3.000000]: Kicked from server, bad cvar value. Min(0): 0.000000 Max(1): 2.500000
L 11/17/2025 - 15:27:55: [Name: .✞【ＴＯＸＩＣＯ LI | STEAMID: 76561199528770490 | mat_monitorgamma_tv_exp: 3.000000]: Kicked from server, bad cvar value. Min(0): 0.000000 Max(1): 2.500000
L 11/21/2025 - 12:36:16: [Name: BrandK | STEAMID: 76561198833848500 | mat_monitorgamma_tv_exp: 3.000000]: Kicked from server, bad cvar value. Min(0): 0.000000 Max(1): 2.500000
L 11/21/2025 - 12:37:30: [Name: BrandK | STEAMID: 76561198833848500 | mat_monitorgamma_tv_exp: 3.000000]: Kicked from server, bad cvar value. Min(0): 0.000000 Max(1): 2.500000
L 11/21/2025 - 12:56:43: [Name: 丂ㄖ爪乃尺丨 | STEAMID: 76561199800216071 | mat_monitorgamma_tv_exp: 3.000000]: Kicked from server, bad cvar value. Min(0): 0.000000 Max(1): 2.500000
L 11/21/2025 - 13:07:55: [Name: ARES53 | STEAMID: 76561198783437297 | mat_fullbright: 1.000000]: Kicked from server, bad cvar value. Min(1): 0.000000 Max(1): 0.000000
L 11/21/2025 - 13:11:46: [Name: BrandK | STEAMID: 76561198833848500 | mat_monitorgamma_tv_exp: 3.000000]: Kicked from server, bad cvar value. Min(0): 0.000000 Max(1): 2.500000
L 11/22/2025 - 11:19:33: [Name: Telescopio | STEAMID: 76561199427798617 | mat_monitorgamma_tv_exp: 3.000000]: Kicked from server, bad cvar value. Min(0): 0.000000 Max(1): 2.500000
L 11/22/2025 - 11:40:16: [Name: ๑۩۩๑ | STEAMID: 76561199100135531 | mat_monitorgamma_tv_exp: 3.000000]: Kicked from server, bad cvar value. Min(0): 0.000000 Max(1): 2.500000
L 11/22/2025 - 16:22:28: [Name: Crazy67 | STEAMID: 76561198989253181 | cl_survivor_light_enable: 0.000000]: Kicked from server, bad cvar value. Min(1): 1.000000 Max(1): 1.000000
L 11/23/2025 - 00:45:09: [Name: wbosdetoro | STEAMID: 76561199815844590 | mat_monitorgamma_tv_exp: 3.000000]: Kicked from server, bad cvar value. Min(0): 0.000000 Max(1): 2.500000
L 11/23/2025 - 00:55:24: [Name: Cuy tilin | STEAMID: 76561199863142566 | cl_survivor_light_enable: 0.000000]: Kicked from server, bad cvar value. Min(1): 1.000000 Max(1): 1.000000
L 11/23/2025 - 01:16:04: [Name: pervy | STEAMID: 76561199226054574 | mat_disable_bloom: 1.000000]: Kicked from server, bad cvar value. Min(1): 0.000000 Max(1): 0.000000
L 11/23/2025 - 23:16:30: [Name: Ziele | STEAMID: 76561199211111272 | cl_max_shadow_renderable_dist: 0.000000]: Kicked from server, bad cvar value. Min(1): 3000.000000 Max(1): 3000.000000
L 11/24/2025 - 00:00:52: [Name: Oe | STEAMID: 76561198310710071 | mat_monitorgamma_tv_exp: 3.000000]: Kicked from server, bad cvar value. Min(0): 0.000000 Max(1): 2.500000
L 11/27/2025 - 15:41:19: [Name: DemonVII | STEAMID: 76561199571271372 | cl_max_shadow_renderable_dist: 0.000000]: Kicked from server, bad cvar value. Min(1): 3000.000000 Max(1): 3000.000000
L 11/27/2025 - 15:52:25: [Name: Ziele | STEAMID: 76561199211111272 | cl_max_shadow_renderable_dist: 0.000000]: Kicked from server, bad cvar value. Min(1): 3000.000000 Max(1): 3000.000000
L 11/29/2025 - 17:00:35: [Name: [T-T]MoY | STEAMID: 76561198983249302 | fog_end: 730.000000]: Kicked from server, bad cvar value. Min(1): -1.000000 Max(1): -1.000000
L 11/29/2025 - 18:13:20: [Name: jeikzuniga19 | STEAMID: 76561199768816208 | mat_fullbright: 1.000000]: Kicked from server, bad cvar value. Min(1): 0.000000 Max(1): 0.000000
L 11/29/2025 - 21:53:55: [Name: Cinderella Gray | STEAMID: 76561198886401903 | cl_survivor_light_enable: 0.000000]: Kicked from server, bad cvar value. Min(1): 1.000000 Max(1): 1.000000
L 11/30/2025 - 16:29:57: [Name: [Op]Leto | STEAMID: 76561199068066717 | r_flashlightmuzzleflash: 0.000000]: Kicked from server, bad cvar value. Min(1): 1.000000 Max(1): 1.000000
L 11/30/2025 - 18:07:24: [Name: Fantasma | STEAMID: 76561199571763256 | mat_monitorgamma_tv_exp: 3.000000]: Kicked from server, bad cvar value. Min(0): 0.000000 Max(1): 2.500000
L 12/03/2025 - 21:56:02: [Name: TU CUCHURRUMIN | STEAMID: 76561199742236296 | mat_monitorgamma_tv_exp: 3.000000]: Kicked from server, bad cvar value. Min(0): 0.000000 Max(1): 2.500000
L 12/03/2025 - 22:30:50: [Name: Nicol :> | STEAMID: 76561199520356651 | cl_max_shadow_renderable_dist: 0.000000]: Kicked from server, bad cvar value. Min(1): 3000.000000 Max(1): 3000.000000
L 12/06/2025 - 20:21:07: [Name: POU LUJAN CARRION | STEAMID: 76561199856208564 | mat_fullbright: 1.000000]: Kicked from server, bad cvar value. Min(1): 0.000000 Max(1): 0.000000
L 12/07/2025 - 16:07:35: [Name: Oe | STEAMID: 76561198310710071 | mat_monitorgamma_tv_exp: 3.000000]: Kicked from server, bad cvar value. Min(0): 0.000000 Max(1): 2.500000
L 12/07/2025 - 16:25:18: [Name: i made that mess!!!!!!! | STEAMID: 76561199198320885 | mat_fullbright: 1.000000]: Kicked from server, bad cvar value. Min(1): 0.000000 Max(1): 0.000000
L 12/07/2025 - 16:29:37: [Name: Zero1deas | STEAMID: 76561199442822907 | r_flashlightmuzzleflash: 0.000000]: Kicked from server, bad cvar value. Min(1): 1.000000 Max(1): 1.000000
L 12/11/2025 - 21:49:48: [Name: DKoS | STEAMID: 76561199811098699 | mat_disable_bloom: 1.000000]: Kicked from server, bad cvar value. Min(1): 0.000000 Max(1): 0.000000
L 12/11/2025 - 21:51:55: [Name: Lin Kuei ♞ | STEAMID: 76561199111884173 | cl_max_shadow_renderable_dist: 0.000000]: Kicked from server, bad cvar value. Min(1): 3000.000000 Max(1): 3000.000000
L 12/11/2025 - 21:59:25: [Name: k7kz™A | STEAMID: 76561199505063454 | mat_fullbright: 1.000000]: Kicked from server, bad cvar value. Min(1): 0.000000 Max(1): 0.000000
L 12/11/2025 - 22:00:25: [Name: k7kz™A | STEAMID: 76561199505063454 | mat_fullbright: 1.000000]: Kicked from server, bad cvar value. Min(1): 0.000000 Max(1): 0.000000
L 12/12/2025 - 22:43:50: [Name: Mr. Balls | STEAMID: 76561199812404210 | mat_fullbright: 1.000000]: Kicked from server, bad cvar value. Min(1): 0.000000 Max(1): 0.000000
L 12/12/2025 - 22:46:20: [Name: Mr. Balls | STEAMID: 76561199812404210 | mat_fullbright: 1.000000]: Kicked from server, bad cvar value. Min(1): 0.000000 Max(1): 0.000000
L 12/12/2025 - 23:32:16: [Name: Andyッ | STEAMID: 76561199185410278 | cl_smooth: 0.000000]: Kicked from server, bad cvar value. Min(1): 1.000000 Max(1): 1.000000
L 12/12/2025 - 23:40:12: [Name: Andyッ | STEAMID: 76561199185410278 | cl_smooth: 0.000000]: Kicked from server, bad cvar value. Min(1): 1.000000 Max(1): 1.000000
L 12/12/2025 - 23:55:20: [Name: Ellis | STEAMID: 76561198180525554 | mat_monitorgamma_tv_exp: 3.000000]: Kicked from server, bad cvar value. Min(0): 0.000000 Max(1): 2.500000
L 12/13/2025 - 20:17:44: [Name: La Guerrera del Lapiz | STEAMID: 76561199179238605 | mat_fullbright: 1.000000]: Kicked from server, bad cvar value. Min(1): 0.000000 Max(1): 0.000000
L 12/13/2025 - 20:18:30: [Name: Müller | STEAMID: 76561199809822454 | cl_survivor_light_enable: 0.000000]: Kicked from server, bad cvar value. Min(1): 1.000000 Max(1): 1.000000
L 12/13/2025 - 20:23:47: [Name: clasificado25 | STEAMID: 76561199498418984 | mat_fullbright: 1.000000]: Kicked from server, bad cvar value. Min(1): 0.000000 Max(1): 0.000000
L 12/13/2025 - 20:48:03: [Name: lord_king | STEAMID: 76561199523817548 | mat_fullbright: 1.000000]: Kicked from server, bad cvar value. Min(1): 0.000000 Max(1): 0.000000
L 12/13/2025 - 20:58:31: [Name: daw3A·$ACZZ | STEAMID: 76561199023966535 | mat_fullbright: 1.000000]: Kicked from server, bad cvar value. Min(1): 0.000000 Max(1): 0.000000
L 12/14/2025 - 16:59:11: [Name: hot | STEAMID: 76561199084235099 | mat_disable_bloom: 1.000000]: Kicked from server, bad cvar value. Min(1): 0.000000 Max(1): 0.000000
L 12/14/2025 - 17:15:50: [Name: 驢精液 | STEAMID: 76561199073741928 | mat_monitorgamma_tv_exp: 3.000000]: Kicked from server, bad cvar value. Min(0): 0.000000 Max(1): 2.500000
L 12/14/2025 - 17:22:08: [Name: 驢精液 | STEAMID: 76561199073741928 | mat_monitorgamma_tv_exp: 3.000000]: Kicked from server, bad cvar value. Min(0): 0.000000 Max(1): 2.500000
L 12/14/2025 - 18:36:41: [Name: cleitin | STEAMID: 76561199708088384 | mat_fullbright: 1.000000]: Kicked from server, bad cvar value. Min(1): 0.000000 Max(1): 0.000000
L 12/14/2025 - 18:43:07: [Name: cleitin | STEAMID: 76561199708088384 | mat_fullbright: 1.000000]: Kicked from server, bad cvar value. Min(1): 0.000000 Max(1): 0.000000
L 12/14/2025 - 18:53:14: [Name: cleitin | STEAMID: 76561199708088384 | mat_fullbright: 1.000000]: Kicked from server, bad cvar value. Min(1): 0.000000 Max(1): 0.000000
L 12/14/2025 - 18:58:15: [Name: cleitin | STEAMID: 76561199708088384 | mat_fullbright: 1.000000]: Kicked from server, bad cvar value. Min(1): 0.000000 Max(1): 0.000000
L 12/18/2025 - 21:43:24: [Name: Marce | STEAMID: 76561199833744402 | cl_max_shadow_renderable_dist: 0.000000]: Kicked from server, bad cvar value. Min(1): 3000.000000 Max(1): 3000.000000
L 12/18/2025 - 21:50:45: [Name: ARES53 | STEAMID: 76561198783437297 | mat_fullbright: 1.000000]: Kicked from server, bad cvar value. Min(1): 0.000000 Max(1): 0.000000
L 12/19/2025 - 16:54:23: [Name: CANCERBERO | STEAMID: 76561199763697201 | mat_monitorgamma_tv_exp: 3.000000]: Kicked from server, bad cvar value. Min(0): 0.000000 Max(1): 2.500000
L 12/19/2025 - 18:52:37: [Name: Deja Jugar y Jódete | STEAMID: 76561198004781121 | mat_fullbright: 1.000000]: Kicked from server, bad cvar value. Min(1): 0.000000 Max(1): 0.000000
L 12/19/2025 - 19:34:54: [Name: JHOSNEYBER | STEAMID: 76561199478689420 | mat_fullbright: 1.000000]: Kicked from server, bad cvar value. Min(1): 0.000000 Max(1): 0.000000
L 12/19/2025 - 19:35:36: [Name: araujotoledob | STEAMID: 76561199819729558 | mat_fullbright: 1.000000]: Kicked from server, bad cvar value. Min(1): 0.000000 Max(1): 0.000000
L 12/19/2025 - 20:48:27: [Name: Silver | STEAMID: 76561199883001568 | mat_monitorgamma_tv_exp: 3.000000]: Kicked from server, bad cvar value. Min(0): 0.000000 Max(1): 2.500000
L 12/19/2025 - 21:09:22: [Name: SILVERLINX | STEAMID: 76561199416124250 | mat_fullbright: 1.000000]: Kicked from server, bad cvar value. Min(1): 0.000000 Max(1): 0.000000
L 12/21/2025 - 23:22:35: [Name: ✰ tommy ✰ | STEAMID: 76561199583877894 | mat_monitorgamma_tv_exp: 3.000000]: Kicked from server, bad cvar value. Min(0): 0.000000 Max(1): 2.500000
L 12/21/2025 - 23:29:26: [Name: cleitin | STEAMID: 76561199708088384 | mat_fullbright: 1.000000]: Kicked from server, bad cvar value. Min(1): 0.000000 Max(1): 0.000000
L 12/22/2025 - 00:05:09: [Name: SILVERLINX | STEAMID: 76561199416124250 | mat_fullbright: 1.000000]: Kicked from server, bad cvar value. Min(1): 0.000000 Max(1): 0.000000
L 12/23/2025 - 16:11:40: [Name: JHOSNEYBER | STEAMID: 76561199478689420 | mat_fullbright: 1.000000]: Kicked from server, bad cvar value. Min(1): 0.000000 Max(1): 0.000000
L 12/23/2025 - 16:20:16: [Name: daw3A·$ACZZ | STEAMID: 76561199023966535 | mat_fullbright: 1.000000]: Kicked from server, bad cvar value. Min(1): 0.000000 Max(1): 0.000000
L 12/23/2025 - 16:33:18: [Name: INOCENTE | STEAMID: 76561199587206410 | mat_fullbright: 1.000000]: Kicked from server, bad cvar value. Min(1): 0.000000 Max(1): 0.000000
L 12/23/2025 - 17:03:39: [Name: Mr. Balls | STEAMID: STEAM_ID_STOP_IGNORING_RETVALS | mat_fullbright: 1.000000]: Kicked from server, bad cvar value. Min(1): 0.000000 Max(1): 0.000000
L 12/24/2025 - 10:35:04: [Name: deyvidperedo169 | STEAMID: 76561199376483937 | mat_fullbright: 1.000000]: Kicked from server, bad cvar value. Min(1): 0.000000 Max(1): 0.000000
L 12/24/2025 - 10:43:41: [Name: Mr. Balls | STEAMID: 76561199812404210 | mat_fullbright: 1.000000]: Kicked from server, bad cvar value. Min(1): 0.000000 Max(1): 0.000000
L 12/24/2025 - 17:57:46: [Name: Partyni Martinini | STEAMID: 76561199044034519 | mat_monitorgamma_tv_exp: 3.000000]: Kicked from server, bad cvar value. Min(0): 0.000000 Max(1): 2.500000
L 12/24/2025 - 17:58:03: [Name: Ω|YdenBy|Ω | STEAMID: 76561198863965351 | cl_max_shadow_renderable_dist: 0.000000]: Kicked from server, bad cvar value. Min(1): 3000.000000 Max(1): 3000.000000
L 12/24/2025 - 18:04:11: [Name: Dreqmer™ | STEAMID: 76561199212532910 | mat_disable_bloom: 1.000000]: Kicked from server, bad cvar value. Min(1): 0.000000 Max(1): 0.000000
L 12/24/2025 - 18:04:58: [Name: Dreqmer™ | STEAMID: 76561199212532910 | mat_disable_bloom: 1.000000]: Kicked from server, bad cvar value. Min(1): 0.000000 Max(1): 0.000000
L 12/24/2025 - 22:13:09: [Name: INOCENTE | STEAMID: 76561199587206410 | mat_fullbright: 1.000000]: Kicked from server, bad cvar value. Min(1): 0.000000 Max(1): 0.000000
L 12/24/2025 - 23:08:59: [Name: INOCENTE | STEAMID: 76561199587206410 | mat_fullbright: 1.000000]: Kicked from server, bad cvar value. Min(1): 0.000000 Max(1): 0.000000
L 12/24/2025 - 23:18:21: [Name: yascero22 | STEAMID: 76561199179677120 | cl_max_shadow_renderable_dist: 0.000000]: Kicked from server, bad cvar value. Min(1): 3000.000000 Max(1): 3000.000000
L 12/27/2025 - 18:07:00: [Name: cleitin | STEAMID: 76561199708088384 | mat_fullbright: 1.000000]: Kicked from server, bad cvar value. Min(1): 0.000000 Max(1): 0.000000
L 12/27/2025 - 18:07:21: [Name: Wonder_Rze | STEAMID: 76561199129355684 | fog_enableskybox: 0.000000]: Kicked from server, bad cvar value. Min(1): 1.000000 Max(1): 1.000000
L 12/27/2025 - 18:14:51: [Name: COLORAO | STEAMID: 76561199093191045 | mat_fullbright: 1.000000]: Kicked from server, bad cvar value. Min(1): 0.000000 Max(1): 0.000000
L 12/27/2025 - 18:14:52: [Name: 亗☆Hector⚡Helio☆亗 | STEAMID: 76561199728368075 | mat_fullbright: 1.000000]: Kicked from server, bad cvar value. Min(1): 0.000000 Max(1): 0.000000
L 12/27/2025 - 18:15:48: [Name: COLORAO | STEAMID: 76561199093191045 | mat_fullbright: 1.000000]: Kicked from server, bad cvar value. Min(1): 0.000000 Max(1): 0.000000
L 12/27/2025 - 18:59:45: [Name: RANN | STEAMID: 76561199764531605 | mat_monitorgamma_tv_exp: 3.000000]: Kicked from server, bad cvar value. Min(0): 0.000000 Max(1): 2.500000
L 12/27/2025 - 19:40:02: [Name: cleitin | STEAMID: 76561199708088384 | mat_fullbright: 1.000000]: Kicked from server, bad cvar value. Min(1): 0.000000 Max(1): 0.000000
L 12/27/2025 - 20:07:00: [Name: xddd | STEAMID: 76561198773880111 | mat_fullbright: 1.000000]: Kicked from server, bad cvar value. Min(1): 0.000000 Max(1): 0.000000
L 12/29/2025 - 18:52:28: [Name: alastor | STEAMID: 76561198877858869 | mat_fullbright: 1.000000]: Kicked from server, bad cvar value. Min(1): 0.000000 Max(1): 0.000000
L 12/29/2025 - 19:51:43: [Name: YodeCx | STEAMID: 76561199386151756 | mat_monitorgamma_tv_exp: 3.000000]: Kicked from server, bad cvar value. Min(0): 0.000000 Max(1): 2.500000
L 12/29/2025 - 19:53:08: [Name: YodeCx | STEAMID: 76561199386151756 | mat_monitorgamma_tv_exp: 3.000000]: Kicked from server, bad cvar value. Min(0): 0.000000 Max(1): 2.500000
L 01/01/2026 - 16:43:26: [Name: naldiuh | STEAMID: 76561199031578590 | mat_monitorgamma_tv_exp: 3.000000]: Kicked from server, bad cvar value. Min(0): 0.000000 Max(1): 2.500000
L 01/01/2026 - 16:48:34: [Name: PY Jheremy | STEAMID: 76561198756565891 | mat_fullbright: 1.000000]: Kicked from server, bad cvar value. Min(1): 0.000000 Max(1): 0.000000
L 01/01/2026 - 17:04:31: [Name: drogoz2019 | STEAMID: 76561199076680005 | mat_monitorgamma_tv_exp: 3.000000]: Kicked from server, bad cvar value. Min(0): 0.000000 Max(1): 2.500000
L 01/01/2026 - 17:09:10: [Name: CUERVO | STEAMID: 76561199249518109 | mat_fullbright: 1.000000]: Kicked from server, bad cvar value. Min(1): 0.000000 Max(1): 0.000000
L 01/02/2026 - 19:42:01: [Name: chriss | STEAMID: 76561199875387723 | mat_monitorgamma_tv_exp: 3.000000]: Kicked from server, bad cvar value. Min(0): 0.000000 Max(1): 2.500000
L 01/02/2026 - 19:43:46: [Name: chriss | STEAMID: 76561199875387723 | mat_monitorgamma_tv_exp: 3.000000]: Kicked from server, bad cvar value. Min(0): 0.000000 Max(1): 2.500000
L 01/02/2026 - 19:47:08: [Name: chriss | STEAMID: 76561199875387723 | mat_monitorgamma_tv_exp: 3.000000]: Kicked from server, bad cvar value. Min(0): 0.000000 Max(1): 2.500000
L 01/02/2026 - 19:49:33: [Name: Antoine11111 | STEAMID: 76561199547426534 | mat_fullbright: 1.000000]: Kicked from server, bad cvar value. Min(1): 0.000000 Max(1): 0.000000
L 01/02/2026 - 19:52:06: [Name: Strawberry ^w^ UwU | STEAMID: 76561199548860852 | mat_fullbright: 1.000000]: Kicked from server, bad cvar value. Min(1): 0.000000 Max(1): 0.000000
L 01/02/2026 - 20:03:48: [Name: Antoine11111 | STEAMID: 76561199547426534 | mat_fullbright: 1.000000]: Kicked from server, bad cvar value. Min(1): 0.000000 Max(1): 0.000000
L 01/02/2026 - 20:30:59: [Name: chriss | STEAMID: 76561199875387723 | mat_monitorgamma_tv_exp: 3.000000]: Kicked from server, bad cvar value. Min(0): 0.000000 Max(1): 2.500000
L 01/07/2026 - 15:18:19: [Name: jonathn123 | STEAMID: 76561198415810884 | mat_fullbright: 1.000000]: Kicked from server, bad cvar value. Min(1): 0.000000 Max(1): 0.000000
L 01/07/2026 - 15:18:21: [Name: M de Motomami | STEAMID: 76561199651881504 | cl_survivor_light_enable: 0.000000]: Kicked from server, bad cvar value. Min(1): 1.000000 Max(1): 1.000000
L 01/07/2026 - 15:20:32: [Name: ᴀʟʜᴀᴍᴅᴜʟɪʟʟᴀ | STEAMID: 76561199293821806 | mat_monitorgamma_tv_exp: 3.000000]: Kicked from server, bad cvar value. Min(0): 0.000000 Max(1): 2.500000
L 01/07/2026 - 15:20:40: [Name: POCOYO | STEAMID: 76561199636565478 | mat_monitorgamma_tv_exp: 3.000000]: Kicked from server, bad cvar value. Min(0): 0.000000 Max(1): 2.500000
L 01/07/2026 - 15:24:53: [Name: POCOYO | STEAMID: 76561199636565478 | mat_monitorgamma_tv_exp: 3.000000]: Kicked from server, bad cvar value. Min(0): 0.000000 Max(1): 2.500000
L 01/07/2026 - 15:27:07: [Name: Hero | STEAMID: 76561198760074613 | cl_max_shadow_renderable_dist: 0.000000]: Kicked from server, bad cvar value. Min(1): 3000.000000 Max(1): 3000.000000
L 01/07/2026 - 15:27:20: [Name: Wally14kl | STEAMID: 76561199164678037 | mat_monitorgamma_tv_exp: 3.000000]: Kicked from server, bad cvar value. Min(0): 0.000000 Max(1): 2.500000
L 01/07/2026 - 15:28:05: [Name: POCOYO | STEAMID: 76561199636565478 | mat_monitorgamma_tv_exp: 3.000000]: Kicked from server, bad cvar value. Min(0): 0.000000 Max(1): 2.500000
L 01/09/2026 - 21:17:53: [Name: Nicol :> | STEAMID: 76561199520356651 | cl_max_shadow_renderable_dist: 0.000000]: Kicked from server, bad cvar value. Min(1): 3000.000000 Max(1): 3000.000000
L 01/09/2026 - 21:25:14: [Name: Peter mackey | STEAMID: 76561198752377631 | cl_survivor_light_enable: 0.000000]: Kicked from server, bad cvar value. Min(1): 1.000000 Max(1): 1.000000
L 01/09/2026 - 21:29:59: [Name: Micho_titaXx | STEAMID: STEAM_ID_STOP_IGNORING_RETVALS | mat_fullbright: 1.000000]: Kicked from server, bad cvar value. Min(1): 0.000000 Max(1): 0.000000
L 01/09/2026 - 22:14:54: [Name: Peter mackey | STEAMID: 76561198752377631 | cl_survivor_light_enable: 0.000000]: Kicked from server, bad cvar value. Min(1): 1.000000 Max(1): 1.000000
L 01/09/2026 - 22:20:16: [Name: SILVERLINX | STEAMID: 76561199416124250 | mat_fullbright: 1.000000]: Kicked from server, bad cvar value. Min(1): 0.000000 Max(1): 0.000000
L 01/10/2026 - 13:32:22: [Name: deidadmiky | STEAMID: 76561199389359218 | mat_fullbright: 1.000000]: Kicked from server, bad cvar value. Min(1): 0.000000 Max(1): 0.000000
L 01/10/2026 - 13:35:04: [Name: ꧁_Kahaku_☆ | STEAMID: 76561199194396053 | mat_monitorgamma_tv_exp: 3.000000]: Kicked from server, bad cvar value. Min(0): 0.000000 Max(1): 2.500000
L 01/10/2026 - 13:35:49: [Name: xd | STEAMID: 76561199827756659 | mat_fullbright: 1.000000]: Kicked from server, bad cvar value. Min(1): 0.000000 Max(1): 0.000000
L 01/10/2026 - 13:48:24: [Name: Agente Uniqua | STEAMID: 76561199468479515 | mat_monitorgamma_tv_exp: 3.000000]: Kicked from server, bad cvar value. Min(0): 0.000000 Max(1): 2.500000
L 01/10/2026 - 14:04:58: [Name: kanekivalles | STEAMID: 76561198791967982 | mat_monitorgamma_tv_exp: 3.000000]: Kicked from server, bad cvar value. Min(0): 0.000000 Max(1): 2.500000
L 01/10/2026 - 14:20:28: [Name: miclovinsinsos42 | STEAMID: 76561198755880226 | cl_max_shadow_renderable_dist: 0.000000]: Kicked from server, bad cvar value. Min(1): 3000.000000 Max(1): 3000.000000
L 01/13/2026 - 21:55:18: [Name: fenix | STEAMID: 76561198780469338 | mat_fullbright: 1.000000]: Kicked from server, bad cvar value. Min(1): 0.000000 Max(1): 0.000000
L 01/13/2026 - 21:57:34: [Name: COLORAO | STEAMID: 76561199093191045 | mat_fullbright: 1.000000]: Kicked from server, bad cvar value. Min(1): 0.000000 Max(1): 0.000000
L 01/13/2026 - 22:15:50: [Name: Manu' | STEAMID: 76561199224567098 | mat_disable_bloom: 1.000000]: Kicked from server, bad cvar value. Min(1): 0.000000 Max(1): 0.000000
L 01/13/2026 - 22:39:55: [Name: Manu' | STEAMID: 76561199224567098 | mat_disable_bloom: 1.000000]: Kicked from server, bad cvar value. Min(1): 0.000000 Max(1): 0.000000
L 01/24/2026 - 22:11:27: [Name: Cazamasistas2012 | STEAMID: 76561198751189554 | cl_survivor_light_enable: 0.000000]: Kicked from server, bad cvar value. Min(1): 1.000000 Max(1): 1.000000
L 01/24/2026 - 22:35:54: [Name: Cazamasistas2012 | STEAMID: 76561198751189554 | cl_survivor_light_enable: 0.000000]: Kicked from server, bad cvar value. Min(1): 1.000000 Max(1): 1.000000
L 01/24/2026 - 22:48:06: [Name: Noe kkdute | STEAMID: 76561199073741928 | mat_monitorgamma_tv_exp: 3.000000]: Kicked from server, bad cvar value. Min(0): 0.000000 Max(1): 2.500000
L 01/24/2026 - 22:53:47: [Name: El jugador ESFn00b ha abandonad | STEAMID: STEAM_ID_STOP_IGNORING_RETVALS | mat_monitorgamma_tv_exp: 3.000000]: Kicked from server, bad cvar value. Min(0): 0.000000 Max(1): 2.500000
L 01/24/2026 - 22:54:54: [Name: di3g0xxx--- | STEAMID: 76561198884008326 | mat_monitorgamma_tv_exp: 3.000000]: Kicked from server, bad cvar value. Min(0): 0.000000 Max(1): 2.500000
L 01/24/2026 - 23:17:20: [Name: LOS PIXIES | STEAMID: 76561199105280726 | mat_monitorgamma_tv_exp: 3.000000]: Kicked from server, bad cvar value. Min(0): 0.000000 Max(1): 2.500000
L 01/24/2026 - 23:19:11: [Name: Rick | STEAMID: 76561198771796009 | mat_fullbright: 1.000000]: Kicked from server, bad cvar value. Min(1): 0.000000 Max(1): 0.000000
L 01/24/2026 - 23:25:55: [Name: Cazamasistas2012 | STEAMID: 76561198751189554 | cl_survivor_light_enable: 0.000000]: Kicked from server, bad cvar value. Min(1): 1.000000 Max(1): 1.000000
L 01/24/2026 - 23:34:28: [Name: Cazamasistas2012 | STEAMID: 76561198751189554 | cl_survivor_light_enable: 0.000000]: Kicked from server, bad cvar value. Min(1): 1.000000 Max(1): 1.000000
L 01/24/2026 - 23:51:16: [Name: Poiio V | STEAMID: 76561199834249164 | mat_monitorgamma_tv_exp: 3.000000]: Kicked from server, bad cvar value. Min(0): 0.000000 Max(1): 2.500000
L 01/25/2026 - 16:17:56: [Name: cleitin | STEAMID: 76561199708088384 | mat_fullbright: 1.000000]: Kicked from server, bad cvar value. Min(1): 0.000000 Max(1): 0.000000
L 01/25/2026 - 17:07:41: [Name: tomas | STEAMID: 76561199118165499 | mat_monitorgamma_tv_exp: 3.000000]: Kicked from server, bad cvar value. Min(0): 0.000000 Max(1): 2.500000
L 01/25/2026 - 17:09:50: [Name: THE BABAYAGA | STEAMID: 76561199654387381 | cl_max_shadow_renderable_dist: 0.000000]: Kicked from server, bad cvar value. Min(1): 3000.000000 Max(1): 3000.000000
L 01/25/2026 - 17:39:17: [Name: SiempreCachondo🔥 | STEAMID: 76561199062422023 | mat_fullbright: 1.000000]: Kicked from server, bad cvar value. Min(1): 0.000000 Max(1): 0.000000
L 01/25/2026 - 17:42:36: [Name: zac2q23a 2ZZ | STEAMID: 76561199023966535 | mat_fullbright: 1.000000]: Kicked from server, bad cvar value. Min(1): 0.000000 Max(1): 0.000000
L 01/25/2026 - 18:11:31: [Name: ็็ ็็Hyo | STEAMID: 76561199130893470 | mat_monitorgamma_tv_exp: 3.000000]: Kicked from server, bad cvar value. Min(0): 0.000000 Max(1): 2.500000
L 01/25/2026 - 18:20:01: [Name: jordi el niño pollon | STEAMID: 76561199563635804 | mat_fullbright: 1.000000]: Kicked from server, bad cvar value. Min(1): 0.000000 Max(1): 0.000000
L 01/26/2026 - 22:36:53: [Name: zac2q23a 2ZZ | STEAMID: 76561199023966535 | mat_fullbright: 1.000000]: Kicked from server, bad cvar value. Min(1): 0.000000 Max(1): 0.000000
L 01/26/2026 - 22:51:19: [Name: zac2q23a 2ZZ | STEAMID: 76561199023966535 | mat_fullbright: 1.000000]: Kicked from server, bad cvar value. Min(1): 0.000000 Max(1): 0.000000
L 01/27/2026 - 00:16:58: [Name: Cazamasistas2012 | STEAMID: 76561198751189554 | cl_survivor_light_enable: 0.000000]: Kicked from server, bad cvar value. Min(1): 1.000000 Max(1): 1.000000
L 01/30/2026 - 21:16:26: [Name: Serggiohk | STEAMID: 76561198765298441 | mat_fullbright: 1.000000]: Kicked from server, bad cvar value. Min(1): 0.000000 Max(1): 0.000000
L 01/30/2026 - 21:44:50: [Name: el cuy | STEAMID: 76561199273997624 | mat_monitorgamma_tv_exp: 3.000000]: Kicked from server, bad cvar value. Min(0): 0.000000 Max(1): 2.500000
L 01/31/2026 - 15:29:06: [Name: cleitin | STEAMID: 76561199708088384 | mat_fullbright: 1.000000]: Kicked from server, bad cvar value. Min(1): 0.000000 Max(1): 0.000000
L 01/31/2026 - 15:32:19: [Name: cleitin | STEAMID: 76561199708088384 | mat_fullbright: 1.000000]: Kicked from server, bad cvar value. Min(1): 0.000000 Max(1): 0.000000
L 01/31/2026 - 15:56:38: [Name: fenix | STEAMID: 76561198780469338 | mat_fullbright: 1.000000]: Kicked from server, bad cvar value. Min(1): 0.000000 Max(1): 0.000000
L 01/31/2026 - 23:54:35: [Name: Alexis | STEAMID: 76561199817440736 | mat_monitorgamma_tv_exp: 3.000000]: Kicked from server, bad cvar value. Min(0): 0.000000 Max(1): 2.500000
L 01/31/2026 - 23:56:06: [Name: Alexis | STEAMID: 76561199817440736 | mat_monitorgamma_tv_exp: 3.000000]: Kicked from server, bad cvar value. Min(0): 0.000000 Max(1): 2.500000
L 02/02/2026 - 19:42:04: [Name: vicens2250 | STEAMID: 76561198763646396 | cl_max_shadow_renderable_dist: 0.000000]: Kicked from server, bad cvar value. Min(1): 3000.000000 Max(1): 3000.000000
L 02/08/2026 - 20:38:31: [Name: KentDeLaRosa | STEAMID: 76561199480408260 | cl_max_shadow_renderable_dist: 0.000000]: Kicked from server, bad cvar value. Min(1): 3000.000000 Max(1): 3000.000000
L 02/08/2026 - 20:46:15: [Name: Dulcenv | STEAMID: 76561199063472379 | mat_disable_bloom: 1.000000]: Kicked from server, bad cvar value. Min(1): 0.000000 Max(1): 0.000000
L 02/08/2026 - 20:52:27: [Name: inswjiq | STEAMID: 76561199801755414 | mat_monitorgamma_tv_exp: 3.000000]: Kicked from server, bad cvar value. Min(0): 0.000000 Max(1): 2.500000
L 02/08/2026 - 21:02:30: [Name: H A K E N | STEAMID: 76561199571914161 | mat_fullbright: 1.000000]: Kicked from server, bad cvar value. Min(1): 0.000000 Max(1): 0.000000
L 02/08/2026 - 21:25:56: [Name: pedritoelmascapito | STEAMID: 76561199239369853 | cl_max_shadow_renderable_dist: 0.000000]: Kicked from server, bad cvar value. Min(1): 3000.000000 Max(1): 3000.000000
L 02/08/2026 - 21:26:48: [Name: pedritoelmascapito | STEAMID: 76561199239369853 | cl_max_shadow_renderable_dist: 0.000000]: Kicked from server, bad cvar value. Min(1): 3000.000000 Max(1): 3000.000000
L 02/08/2026 - 21:27:44: [Name: pedritoelmascapito | STEAMID: 76561199239369853 | cl_max_shadow_renderable_dist: 0.000000]: Kicked from server, bad cvar value. Min(1): 3000.000000 Max(1): 3000.000000
L 02/08/2026 - 21:29:25: [Name: CORRE PERRA , CORRE ! | STEAMID: 76561199480149860 | mat_fullbright: 1.000000]: Kicked from server, bad cvar value. Min(1): 0.000000 Max(1): 0.000000
L 02/08/2026 - 21:37:11: [Name: brazino 777 | STEAMID: 76561199202551968 | mat_fullbright: 1.000000]: Kicked from server, bad cvar value. Min(1): 0.000000 Max(1): 0.000000
L 02/09/2026 - 22:01:39: [Name: epiderman narizon | STEAMID: 76561199522565140 | mat_monitorgamma_tv_exp: 3.000000]: Kicked from server, bad cvar value. Min(0): 0.000000 Max(1): 2.500000
L 02/09/2026 - 23:26:17: [Name: Rompeqks21 | STEAMID: 76561199246108185 | cl_survivor_light_enable: 0.000000]: Kicked from server, bad cvar value. Min(1): 1.000000 Max(1): 1.000000
L 02/10/2026 - 20:40:34: [Name: KING | STEAMID: 76561198755374299 | cl_max_shadow_renderable_dist: 0.000000]: Kicked from server, bad cvar value. Min(1): 3000.000000 Max(1): 3000.000000
L 02/10/2026 - 21:18:21: [Name: Charger | STEAMID: 76561198751189554 | cl_survivor_light_enable: 0.000000]: Kicked from server, bad cvar value. Min(1): 1.000000 Max(1): 1.000000
L 02/10/2026 - 21:34:45: [Name: Charger | STEAMID: 76561198751189554 | cl_survivor_light_enable: 0.000000]: Kicked from server, bad cvar value. Min(1): 1.000000 Max(1): 1.000000
L 02/10/2026 - 21:45:31: [Name: cleitin | STEAMID: 76561199708088384 | mat_fullbright: 1.000000]: Kicked from server, bad cvar value. Min(1): 0.000000 Max(1): 0.000000
L 02/10/2026 - 21:57:54: [Name: Charger | STEAMID: 76561198751189554 | cl_survivor_light_enable: 0.000000]: Kicked from server, bad cvar value. Min(1): 1.000000 Max(1): 1.000000
L 02/13/2026 - 22:11:06: [Name: Memories | STEAMID: 76561199500750452 | mat_disable_bloom: 1.000000]: Kicked from server, bad cvar value. Min(1): 0.000000 Max(1): 0.000000
L 02/13/2026 - 22:14:28: [Name: rondero | STEAMID: 76561199731854195 | r_flashlightfov: 70.000000]: Kicked from server, bad cvar value. Min(1): 53.000000 Max(1): 53.000000
L 02/13/2026 - 22:16:04: [Name: rondero | STEAMID: 76561199731854195 | r_flashlightfov: 70.000000]: Kicked from server, bad cvar value. Min(1): 53.000000 Max(1): 53.000000
L 02/13/2026 - 22:33:01: [Name: doraemon kchero | STEAMID: 76561199860133332 | mat_monitorgamma_tv_exp: 3.000000]: Kicked from server, bad cvar value. Min(0): 0.000000 Max(1): 2.500000
L 02/14/2026 - 15:49:55: [Name: MCmaniaco | STEAMID: 76561199023966535 | mat_fullbright: 1.000000]: Kicked from server, bad cvar value. Min(1): 0.000000 Max(1): 0.000000
L 02/14/2026 - 23:45:53: [Name: do8 | STEAMID: 76561199071044518 | r_flashlightfov: 115.000000]: Kicked from server, bad cvar value. Min(1): 53.000000 Max(1): 53.000000
L 02/15/2026 - 00:00:49: [Name: Charger | STEAMID: 76561198751189554 | cl_survivor_light_enable: 0.000000]: Kicked from server, bad cvar value. Min(1): 1.000000 Max(1): 1.000000
L 02/15/2026 - 00:02:28: [Name: ABUSA MADRES 3000 | STEAMID: 76561199586996124 | cl_max_shadow_renderable_dist: 0.000000]: Kicked from server, bad cvar value. Min(1): 3000.000000 Max(1): 3000.000000
L 02/15/2026 - 16:05:28: [Name: ADICTO A LAS ROSADITAS | STEAMID: 76561199697991999 | mat_monitorgamma_tv_exp: 3.000000]: Kicked from server, bad cvar value. Min(0): 0.000000 Max(1): 2.500000
L 02/15/2026 - 16:06:40: [Name: Frqns | STEAMID: 76561199524447188 | mat_fullbright: 1.000000]: Kicked from server, bad cvar value. Min(1): 0.000000 Max(1): 0.000000
L 02/15/2026 - 16:31:29: [Name: cristrc1610 | STEAMID: 76561199810426123 | mat_fullbright: 1.000000]: Kicked from server, bad cvar value. Min(1): 0.000000 Max(1): 0.000000
L 02/16/2026 - 23:59:19: [Name: pelusa | STEAMID: 76561198792788243 | r_flashlightmuzzleflash: 0.000000]: Kicked from server, bad cvar value. Min(1): 1.000000 Max(1): 1.000000
L 02/17/2026 - 00:10:13: [Name: ็็snk� | STEAMID: 76561199675419440 | mat_fullbright: 1.000000]: Kicked from server, bad cvar value. Min(1): 0.000000 Max(1): 0.000000
L 02/17/2026 - 16:03:07: [Name: VENDEDOR DE CHUÑO | STEAMID: 76561199543879938 | mat_monitorgamma_tv_exp: 3.000000]: Kicked from server, bad cvar value. Min(0): 0.000000 Max(1): 2.500000
L 02/17/2026 - 16:15:08: [Name: cristrc1610 | STEAMID: 76561199810426123 | mat_hdr_level: 0.000000]: Kicked from server, bad cvar value. Min(1): 2.000000 Max(1): 2.000000
L 02/17/2026 - 16:15:47: [Name: cristrc1610 | STEAMID: 76561199810426123 | mat_hdr_level: 0.000000]: Kicked from server, bad cvar value. Min(1): 2.000000 Max(1): 2.000000
L 02/17/2026 - 16:41:39: [Name: LOS PAPIZ GAMES EL REGRESO | STEAMID: 76561199802196846 | cl_survivor_light_enable: 0.000000]: Kicked from server, bad cvar value. Min(1): 1.000000 Max(1): 1.000000
L 02/17/2026 - 23:18:32: [Name: Criss | STEAMID: 76561199697274626 | r_flashlightmuzzleflash: 0.000000]: Kicked from server, bad cvar value. Min(1): 1.000000 Max(1): 1.000000
L 02/18/2026 - 00:01:33: [Name: andres06gb | STEAMID: 76561199786156783 | mat_hdr_level: 0.000000]: Kicked from server, bad cvar value. Min(1): 2.000000 Max(1): 2.000000
L 02/18/2026 - 00:03:07: [Name: andres06gb | STEAMID: 76561199786156783 | mat_hdr_level: 0.000000]: Kicked from server, bad cvar value. Min(1): 2.000000 Max(1): 2.000000
L 02/18/2026 - 00:04:22: [Name: andres06gb | STEAMID: 76561199786156783 | mat_hdr_level: 0.000000]: Kicked from server, bad cvar value. Min(1): 2.000000 Max(1): 2.000000
L 02/18/2026 - 22:13:08: [Name: blabla | STEAMID: 76561199708088384 | mat_fullbright: 1.000000]: Kicked from server, bad cvar value. Min(1): 0.000000 Max(1): 0.000000
L 02/18/2026 - 22:15:15: [Name: JHM | STEAMID: 76561199140707038 | cl_survivor_light_enable: 0.000000]: Kicked from server, bad cvar value. Min(1): 1.000000 Max(1): 1.000000
L 02/18/2026 - 22:17:06: [Name: blabla | STEAMID: 76561199708088384 | mat_fullbright: 1.000000]: Kicked from server, bad cvar value. Min(1): 0.000000 Max(1): 0.000000
L 02/18/2026 - 22:18:46: [Name: Lic. Cachetes | STEAMID: 76561199505203272 | cl_survivor_light_enable: 0.000000]: Kicked from server, bad cvar value. Min(1): 1.000000 Max(1): 1.000000
L 02/18/2026 - 22:18:46: [Name: ☬ʜᴇ✗ † | STEAMID: 76561199243040104 | mat_monitorgamma_tv_exp: 3.000000]: Kicked from server, bad cvar value. Min(0): 0.000000 Max(1): 2.500000
L 02/18/2026 - 22:21:08: [Name: Don gilberto | STEAMID: 76561198845775846 | mat_fullbright: 1.000000]: Kicked from server, bad cvar value. Min(1): 0.000000 Max(1): 0.000000
L 02/18/2026 - 22:24:18: [Name: adriancolop2202 | STEAMID: 76561198774675124 | r_flashlightmuzzleflash: 0.000000]: Kicked from server, bad cvar value. Min(1): 1.000000 Max(1): 1.000000
L 02/19/2026 - 22:37:32: [Name: doraemon kchero | STEAMID: 76561199860133332 | mat_monitorgamma_tv_exp: 3.000000]: Kicked from server, bad cvar value. Min(0): 0.000000 Max(1): 2.500000
L 02/19/2026 - 23:04:12: [Name: SILVERLINX | STEAMID: 76561199416124250 | mat_hdr_level: 1.000000]: Kicked from server, bad cvar value. Min(1): 2.000000 Max(1): 2.000000
L 02/19/2026 - 23:15:18: [Name: CORRE PERRA , CORRE ! | STEAMID: 76561199480149860 | cl_survivor_light_enable: 0.000000]: Kicked from server, bad cvar value. Min(1): 1.000000 Max(1): 1.000000
L 02/19/2026 - 23:16:24: [Name: Lisaa :') | STEAMID: 76561198844259208 | mat_fullbright: 1.000000]: Kicked from server, bad cvar value. Min(1): 0.000000 Max(1): 0.000000
L 02/19/2026 - 23:31:52: [Name: Cazatherians2012 | STEAMID: 76561198751189554 | cl_survivor_light_enable: 0.000000]: Kicked from server, bad cvar value. Min(1): 1.000000 Max(1): 1.000000
L 02/19/2026 - 23:49:53: [Name: Gianluca Prestianni | STEAMID: 76561199799149653 | cl_survivor_light_enable: 0.000000]: Kicked from server, bad cvar value. Min(1): 1.000000 Max(1): 1.000000
L 02/20/2026 - 23:44:41: [Name: Cazatherians2012 | STEAMID: 76561198751189554 | cl_survivor_light_enable: 0.000000]: Kicked from server, bad cvar value. Min(1): 1.000000 Max(1): 1.000000
L 02/20/2026 - 23:49:13: [Name: MCmaniaco | STEAMID: 76561199023966535 | mat_fullbright: 1.000000]: Kicked from server, bad cvar value. Min(1): 0.000000 Max(1): 0.000000
L 02/20/2026 - 23:51:09: [Name: EL F1 ME CAMBIO LA VIDA | STEAMID: 76561199791984794 | cl_max_shadow_renderable_dist: 0.000000]: Kicked from server, bad cvar value. Min(1): 3000.000000 Max(1): 3000.000000
L 02/25/2026 - 23:43:00: [Name: Nicol :> | STEAMID: 76561199520356651 | cl_max_shadow_renderable_dist: 0.000000]: Kicked from server, bad cvar value. Min(1): 3000.000000 Max(1): 3000.000000
L 02/26/2026 - 00:23:17: [Name: No Name | STEAMID: 76561199506334296 | cl_survivor_light_enable: 0.000000]: Kicked from server, bad cvar value. Min(1): 1.000000 Max(1): 1.000000
L 02/26/2026 - 18:55:05: [Name: carlos | STEAMID: 76561199708088384 | mat_fullbright: 1.000000]: Kicked from server, bad cvar value. Min(1): 0.000000 Max(1): 0.000000
L 02/26/2026 - 19:04:50: [Name: Dylannn   ? | STEAMID: 76561198331701596 | mat_fullbright: 1.000000]: Kicked from server, bad cvar value. Min(1): 0.000000 Max(1): 0.000000
L 02/26/2026 - 19:19:58: [Name: aris200814 | STEAMID: 76561199572973206 | mat_fullbright: 1.000000]: Kicked from server, bad cvar value. Min(1): 0.000000 Max(1): 0.000000
L 02/26/2026 - 19:33:40: [Name: verto311 | STEAMID: 76561199852229742 | cl_survivor_light_enable: 0.000000]: Kicked from server, bad cvar value. Min(1): 1.000000 Max(1): 1.000000
L 02/26/2026 - 19:34:05: [Name: Jhonny3039V | STEAMID: 76561199243288656 | r_flashlightfov: 70.000000]: Kicked from server, bad cvar value. Min(1): 53.000000 Max(1): 53.000000
L 02/26/2026 - 19:34:26: [Name: verto311 | STEAMID: 76561199852229742 | cl_survivor_light_enable: 0.000000]: Kicked from server, bad cvar value. Min(1): 1.000000 Max(1): 1.000000
L 02/26/2026 - 19:37:43: [Name: Jhonny3039V | STEAMID: 76561199243288656 | r_flashlightfov: 70.000000]: Kicked from server, bad cvar value. Min(1): 53.000000 Max(1): 53.000000
L 02/26/2026 - 19:40:58: [Name: Jhonny3039V | STEAMID: 76561199243288656 | r_flashlightfov: 70.000000]: Kicked from server, bad cvar value. Min(1): 53.000000 Max(1): 53.000000
L 02/26/2026 - 19:46:58: [Name: Jhonny3039V | STEAMID: 76561199243288656 | r_flashlightfov: 70.000000]: Kicked from server, bad cvar value. Min(1): 53.000000 Max(1): 53.000000
L 02/26/2026 - 19:54:35: [Name: Zero0nae | STEAMID: 76561199654808563 | mat_monitorgamma_tv_exp: 3.000000]: Kicked from server, bad cvar value. Min(0): 0.000000 Max(1): 2.500000
L 02/26/2026 - 19:55:00: [Name: Nicol :> | STEAMID: 76561199520356651 | cl_max_shadow_renderable_dist: 0.000000]: Kicked from server, bad cvar value. Min(1): 3000.000000 Max(1): 3000.000000
L 02/26/2026 - 19:56:07: [Name: Zero0nae | STEAMID: 76561199654808563 | mat_monitorgamma_tv_exp: 3.000000]: Kicked from server, bad cvar value. Min(0): 0.000000 Max(1): 2.500000
L 02/26/2026 - 22:43:53: [Name: carlos | STEAMID: 76561199708088384 | mat_fullbright: 1.000000]: Kicked from server, bad cvar value. Min(1): 0.000000 Max(1): 0.000000
