L 08/26/2024 - 20:11:09: [Name: 2.5次元的誘惑 [TW] | STEAMID: 76561198026784913 | r_drawothermodels: 2.000000]: Kicked from server, bad cvar value. Min(1): 1.000000 Max(1): 1.000000
L 08/08/2026 - 23:30:31: [Name: el principe encantador | STEAMID: 76561198215175980]: MARKED with Aura for illegal cvar: mat_hdr_level (0.000000)
L 08/21/2026 - 22:50:48: [Name: Byron_HT | STEAMID: 76561199188375325]: MARKED with Aura for illegal cvar: mat_monitorgamma_tv_exp (3.000000)
L 08/21/2026 - 22:53:44: [Name: Byron_HT | STEAMID: 76561199188375325]: MARKED with Aura for illegal cvar: mat_monitorgamma_tv_exp (3.000000)
L 08/21/2026 - 22:59:35: [Name: Byron_HT | STEAMID: 76561199188375325]: MARKED with Aura for illegal cvar: mat_monitorgamma_tv_exp (3.000000)
L 08/21/2026 - 23:02:48: [Name: Byron_HT | STEAMID: 76561199188375325]: MARKED with Aura for illegal cvar: mat_monitorgamma_tv_exp (3.000000)
L 08/21/2026 - 23:07:42: [Name: Byron_HT | STEAMID: 76561199188375325]: MARKED with Aura for illegal cvar: mat_monitorgamma_tv_exp (3.000000)
L 08/21/2026 - 23:11:32: [Name: Byron_HT | STEAMID: 76561199188375325]: MARKED with Aura for illegal cvar: mat_monitorgamma_tv_exp (3.000000)
L 08/21/2026 - 23:13:21: [Name: Byron_HT | STEAMID: 76561199188375325]: MARKED with Aura for illegal cvar: mat_monitorgamma_tv_exp (3.000000)
L 08/21/2026 - 23:15:55: [Name: Byron_HT | STEAMID: 76561199188375325]: MARKED with Aura for illegal cvar: mat_monitorgamma_tv_exp (3.000000)
L 08/21/2026 - 23:20:01: [Name: Byron_HT | STEAMID: 76561199188375325]: MARKED with Aura for illegal cvar: mat_monitorgamma_tv_exp (3.000000)
L 08/21/2026 - 23:22:54: [Name: Byron_HT | STEAMID: 76561199188375325]: MARKED with Aura for illegal cvar: mat_monitorgamma_tv_exp (3.000000)
L 08/21/2026 - 23:25:52: [Name: Byron_HT | STEAMID: 76561199188375325]: MARKED with Aura for illegal cvar: mat_monitorgamma_tv_exp (3.000000)
L 08/21/2026 - 23:30:05: [Name: Byron_HT | STEAMID: 76561199188375325]: MARKED with Aura for illegal cvar: mat_monitorgamma_tv_exp (3.000000)
L 08/21/2026 - 23:39:28: [Name: Byron_HT | STEAMID: 76561199188375325]: MARKED with Aura for illegal cvar: mat_monitorgamma_tv_exp (3.000000)
L 08/21/2026 - 23:41:51: [Name: Byron_HT | STEAMID: 76561199188375325]: MARKED with Aura for illegal cvar: mat_monitorgamma_tv_exp (3.000000)
L 08/21/2026 - 23:46:19: [Name: Byron_HT | STEAMID: 76561199188375325]: MARKED with Aura for illegal cvar: mat_monitorgamma_tv_exp (3.000000)
L 08/21/2026 - 23:48:36: [Name: Byron_HT | STEAMID: 76561199188375325]: MARKED with Aura for illegal cvar: mat_monitorgamma_tv_exp (3.000000)
L 08/21/2026 - 23:51:02: [Name: Byron_HT | STEAMID: 76561199188375325]: MARKED with Aura for illegal cvar: mat_monitorgamma_tv_exp (3.000000)
L 08/21/2026 - 23:55:39: [Name: Byron_HT | STEAMID: 76561199188375325]: MARKED with Aura for illegal cvar: mat_monitorgamma_tv_exp (3.000000)
L 08/21/2026 - 23:58:38: [Name: Byron_HT | STEAMID: 76561199188375325]: MARKED with Aura for illegal cvar: mat_monitorgamma_tv_exp (3.000000)
L 08/22/2026 - 00:01:53: [Name: Byron_HT | STEAMID: 76561199188375325]: MARKED with Aura for illegal cvar: mat_monitorgamma_tv_exp (3.000000)
L 08/22/2026 - 00:08:20: [Name: Byron_HT | STEAMID: 76561199188375325]: MARKED with Aura for illegal cvar: mat_monitorgamma_tv_exp (3.000000)
L 08/22/2026 - 00:10:26: [Name: Byron_HT | STEAMID: 76561199188375325]: MARKED with Aura for illegal cvar: mat_monitorgamma_tv_exp (3.000000)
L 08/22/2026 - 00:14:42: [Name: Byron_HT | STEAMID: 76561199188375325]: MARKED with Aura for illegal cvar: mat_monitorgamma_tv_exp (3.000000)
L 08/22/2026 - 00:17:10: [Name: Byron_HT | STEAMID: 76561199188375325]: MARKED with Aura for illegal cvar: mat_monitorgamma_tv_exp (3.000000)
L 08/22/2026 - 00:18:25: [Name: Byron_HT | STEAMID: 76561199188375325]: MARKED with Aura for illegal cvar: mat_monitorgamma_tv_exp (3.000000)
L 08/22/2026 - 00:21:47: [Name: Byron_HT | STEAMID: 76561199188375325]: MARKED with Aura for illegal cvar: mat_monitorgamma_tv_exp (3.000000)
L 08/30/2026 - 18:06:28: [Name: sixseve | STEAMID: 76561198792887337]: MARKED with Aura for illegal cvar: cl_survivor_light_enable (0.000000)
L 08/30/2026 - 18:14:10: [Name: 亗D么VϟDツ→⁴⁴⁰☂ | STEAMID: 76561199481362444]: MARKED with Aura for illegal cvar: mat_hdr_level (0.000000)
L 08/30/2026 - 19:36:21: [Name: Jugar x Jugar | STEAMID: 76561198262067507]: MARKED with Aura for illegal cvar: mat_hdr_level (0.000000)
L 08/30/2026 - 19:37:22: [Name: Jugar x Jugar | STEAMID: 76561198262067507]: MARKED with Aura for illegal cvar: mat_hdr_level (0.000000)
L 08/30/2026 - 19:39:29: [Name: Jugar x Jugar | STEAMID: 76561198262067507]: MARKED with Aura for illegal cvar: mat_hdr_level (0.000000)
L 08/30/2026 - 19:40:46: [Name: Jugar x Jugar | STEAMID: 76561198262067507]: MARKED with Aura for illegal cvar: mat_hdr_level (0.000000)
L 09/02/2026 - 22:11:35: [Name: homofobico | STEAMID: 76561199125990873]: MARKED with Aura for illegal cvar: cl_survivor_light_enable (0.000000)
L 09/02/2026 - 22:12:27: [Name: homofobico | STEAMID: 76561199125990873]: MARKED with Aura for illegal cvar: cl_survivor_light_enable (0.000000)
L 09/02/2026 - 22:12:45: [Name: MikeAdriano | STEAMID: 76561199002669672]: MARKED with Aura for illegal cvar: r_flashlightfov (70.000000)
L 09/03/2026 - 23:59:27: [Name: Darkzzz | STEAMID: 76561199221008561]: MARKED with Aura for illegal cvar: mat_monitorgamma_tv_exp (3.000000)
L 09/04/2026 - 00:00:23: [Name: Darkzzz | STEAMID: 76561199221008561]: MARKED with Aura for illegal cvar: mat_monitorgamma_tv_exp (3.000000)
L 09/04/2026 - 00:02:46: [Name: Darkzzz | STEAMID: 76561199221008561]: MARKED with Aura for illegal cvar: mat_monitorgamma_tv_exp (3.000000)
L 09/04/2026 - 00:35:33: [Name: Topson | STEAMID: 76561198999609918]: MARKED with Aura for illegal cvar: mat_hdr_level (0.000000)
L 09/26/2026 - 19:55:19: [Name: Nicole :> | STEAMID: 76561199520356651]: MARKED with Aura for illegal cvar: cl_max_shadow_renderable_dist (0.000000)
L 09/26/2026 - 20:25:47: [Name: Denji_PL | STEAMID: 76561199387342548]: MARKED with Aura for illegal cvar: mat_hdr_level (0.000000)
L 09/26/2026 - 20:29:23: [Name: Denji_PL | STEAMID: 76561199387342548]: MARKED with Aura for illegal cvar: mat_hdr_level (0.000000)
L 09/26/2026 - 20:34:20: [Name: Denji_PL | STEAMID: 76561199387342548]: MARKED with Aura for illegal cvar: mat_hdr_level (0.000000)
L 09/26/2026 - 20:39:57: [Name: Denji_PL | STEAMID: 76561199387342548]: MARKED with Aura for illegal cvar: mat_hdr_level (0.000000)
L 09/26/2026 - 20:45:41: [Name: Denji_PL | STEAMID: 76561199387342548]: MARKED with Aura for illegal cvar: mat_hdr_level (0.000000)
L 09/26/2026 - 20:49:34: [Name: Denji_PL | STEAMID: 76561199387342548]: MARKED with Aura for illegal cvar: mat_hdr_level (0.000000)
L 09/27/2026 - 16:05:57: [Name: Chetos | STEAMID: 76561199737314542]: MARKED with Aura for illegal cvar: cl_max_shadow_renderable_dist (0.000000)
L 09/27/2026 - 16:08:14: [Name: Chetos | STEAMID: 76561199737314542]: MARKED with Aura for illegal cvar: cl_max_shadow_renderable_dist (0.000000)
L 09/27/2026 - 16:24:18: [Name: fede p | STEAMID: 76561199149837357]: MARKED with Aura for illegal cvar: cl_survivor_light_enable (0.000000)
L 09/27/2026 - 16:24:43: [Name: Capibarini cocosini | STEAMID: 76561199759574903]: MARKED with Aura for illegal cvar: mat_hdr_level (0.000000)
L 09/27/2026 - 16:29:19: [Name: zzzzzzzzz | STEAMID: 76561198268953932]: MARKED with Aura for illegal cvar: mat_monitorgamma_tv_exp (3.000000)
